
> teacher-tracking@0.1.0 build
> next build

⚠ Warning: Next.js inferred your workspace root, but it may not be correct.
 We detected multiple lockfiles and selected the directory of /Users/ahmadtubaishat/package-lock.json as the root directory.
 To silence this warning, set `turbopack.root` in your Next.js config, or consider removing one of the lockfiles if it's not needed.
   See https://nextjs.org/docs/app/api-reference/config/next-config-js/turbopack#root-directory for more information.
 Detected additional lockfiles: 
   * /Users/ahmadtubaishat/.gemini/antigravity/scratch/teacher-tracking/package-lock.json

▲ Next.js 16.2.4 (Turbopack)

  Creating an optimized production build ...

> Build error occurred
Error: Turbopack build failed with 1146 errors:
./.gemini/antigravity/scratch/teacher-tracking/node_modules/lucide-react/dist/esm/lucide-react.mjs:1195:1
Module not found: Can't resolve './icons/package-minus.mjs'
  [90m1193 |[0m ...[33meCheck[0m, [36mdefault[0m [36mas[0m [33mPackageCheck[0m, [36mdefault[0m [36mas[0m [33mPackageCheckIcon[0m } [36mfr..[0m.
  [90m1194 |[0m ...[33me2[0m, [36mdefault[0m [36mas[0m [33mPackage2[0m, [36mdefault[0m [36mas[0m [33mPackage2Icon[0m } [36mfrom[0m [32m'./icons/...[0m
[31m[1m>[0m [90m1195 |[0m ...[33meMinus[0m, [36mdefault[0m [36mas[0m [33mPackageMinus[0m, [36mdefault[0m [36mas[0m [33mPackageMinusIcon[0m } [36mfr..[0m.
  [90m     |[0m    [31m[1m^^^^^^^^^^^^^^^^^^^^^^^^^^^^^^^^^^^^^^^^^^^^^^^^^^^^^^^^^^^^^^^^^^^^[0m
  [90m1196 |[0m ...[33meOpen[0m, [36mdefault[0m [36mas[0m [33mPackageOpen[0m, [36mdefault[0m [36mas[0m [33mPackageOpenIcon[0m } [36mfrom[0m [32m...[0m
  [90m1197 |[0m ...[33mePlus[0m, [36mdefault[0m [36mas[0m [33mPackagePlus[0m, [36mdefault[0m [36mas[0m [33mPackagePlusIcon[0m } [36mfrom[0m [32m...[0m
  [90m1198 |[0m ...[33meSearch[0m, [36mdefault[0m [36mas[0m [33mPackageSearch[0m, [36mdefault[0m [36mas[0m [33mPackageSearchIcon[0m }.[36m..[0m



Import traces:
  Client Component Browser:
    ./.gemini/antigravity/scratch/teacher-tracking/node_modules/lucide-react/dist/esm/lucide-react.mjs [Client Component Browser]
    ./.gemini/antigravity/scratch/teacher-tracking/src/components/pages/DailyTasksPage.tsx [Client Component Browser]
    ./.gemini/antigravity/scratch/teacher-tracking/src/components/AppShell.tsx [Client Component Browser]
    ./.gemini/antigravity/scratch/teacher-tracking/src/app/page.tsx [Client Component Browser]
    ./.gemini/antigravity/scratch/teacher-tracking/src/app/page.tsx [Server Component]

  Client Component SSR:
    ./.gemini/antigravity/scratch/teacher-tracking/node_modules/lucide-react/dist/esm/lucide-react.mjs [Client Component SSR]
    ./.gemini/antigravity/scratch/teacher-tracking/src/components/pages/DailyTasksPage.tsx [Client Component SSR]
    ./.gemini/antigravity/scratch/teacher-tracking/src/components/AppShell.tsx [Client Component SSR]
    ./.gemini/antigravity/scratch/teacher-tracking/src/app/page.tsx [Client Component SSR]
    ./.gemini/antigravity/scratch/teacher-tracking/src/app/page.tsx [Server Component]

https://nextjs.org/docs/messages/module-not-found


./.gemini/antigravity/scratch/teacher-tracking/node_modules/lucide-react/dist/esm/lucide-react.mjs:1215:1
Module not found: Can't resolve './icons/panel-top-open.mjs'
  [90m1213 |[0m ...[33mopBottomDashed[0m, [36mdefault[0m [36mas[0m [33mPanelTopBottomDashed[0m, [36mdefault[0m [36mas[0m [33mPanel...[0m
  [90m1214 |[0m ...[33mopClose[0m, [36mdefault[0m [36mas[0m [33mPanelTopClose[0m, [36mdefault[0m [36mas[0m [33mPanelTopCloseIcon[0m }.[36m..[0m
[31m[1m>[0m [90m1215 |[0m ...[33mopOpen[0m, [36mdefault[0m [36mas[0m [33mPanelTopOpen[0m, [36mdefault[0m [36mas[0m [33mPanelTopOpenIcon[0m } [36mfr..[0m.
  [90m     |[0m    [31m[1m^^^^^^^^^^^^^^^^^^^^^^^^^^^^^^^^^^^^^^^^^^^^^^^^^^^^^^^^^^^^^^^^^^^^[0m
  [90m1216 |[0m ...[33mop[0m, [36mdefault[0m [36mas[0m [33mPanelTop[0m, [36mdefault[0m [36mas[0m [33mPanelTopIcon[0m } [36mfrom[0m [32m'./icons/...[0m
  [90m1217 |[0m ...[33mLeftBottom[0m, [36mdefault[0m [36mas[0m [33mPanelsLeftBottom[0m, [36mdefault[0m [36mas[0m [33mPanelsLeftBot...[0m
  [90m1218 |[0m ...[33mRightBottom[0m, [36mdefault[0m [36mas[0m [33mPanelsRightBottom[0m, [36mdefault[0m [36mas[0m [33mPanelsRight...[0m



Import traces:
  Client Component Browser:
    ./.gemini/antigravity/scratch/teacher-tracking/node_modules/lucide-react/dist/esm/lucide-react.mjs [Client Component Browser]
    ./.gemini/antigravity/scratch/teacher-tracking/src/components/pages/DailyTasksPage.tsx [Client Component Browser]
    ./.gemini/antigravity/scratch/teacher-tracking/src/components/AppShell.tsx [Client Component Browser]
    ./.gemini/antigravity/scratch/teacher-tracking/src/app/page.tsx [Client Component Browser]
    ./.gemini/antigravity/scratch/teacher-tracking/src/app/page.tsx [Server Component]

  Client Component SSR:
    ./.gemini/antigravity/scratch/teacher-tracking/node_modules/lucide-react/dist/esm/lucide-react.mjs [Client Component SSR]
    ./.gemini/antigravity/scratch/teacher-tracking/src/components/pages/DailyTasksPage.tsx [Client Component SSR]
    ./.gemini/antigravity/scratch/teacher-tracking/src/components/AppShell.tsx [Client Component SSR]
    ./.gemini/antigravity/scratch/teacher-tracking/src/app/page.tsx [Client Component SSR]
    ./.gemini/antigravity/scratch/teacher-tracking/src/app/page.tsx [Server Component]

https://nextjs.org/docs/messages/module-not-found


./.gemini/antigravity/scratch/teacher-tracking/node_modules/lucide-react/dist/esm/lucide-react.mjs:1216:1
Module not found: Can't resolve './icons/panel-top.mjs'
  [90m1214 |[0m ...[33mdePanelTopClose[0m, [36mdefault[0m [36mas[0m [33mPanelTopClose[0m, [36mdefault[0m [36mas[0m [33mPanelTopClo...[0m
  [90m1215 |[0m ...[33mdePanelTopOpen[0m, [36mdefault[0m [36mas[0m [33mPanelTopOpen[0m, [36mdefault[0m [36mas[0m [33mPanelTopOpenI...[0m
[31m[1m>[0m [90m1216 |[0m ...[33mdePanelTop[0m, [36mdefault[0m [36mas[0m [33mPanelTop[0m, [36mdefault[0m [36mas[0m [33mPanelTopIcon[0m } [36mfrom[0m [32m'...[0m
  [90m     |[0m    [31m[1m^^^^^^^^^^^^^^^^^^^^^^^^^^^^^^^^^^^^^^^^^^^^^^^^^^^^^^^^^^^^^^^^^^^^[0m
  [90m1217 |[0m ...[33mdePanelsLeftBottom[0m, [36mdefault[0m [36mas[0m [33mPanelsLeftBottom[0m, [36mdefault[0m [36mas[0m [33mPanel...[0m
  [90m1218 |[0m ...[33mdePanelsRightBottom[0m, [36mdefault[0m [36mas[0m [33mPanelsRightBottom[0m, [36mdefault[0m [36mas[0m [33mPan...[0m
  [90m1219 |[0m ...[33mdeParentheses[0m, [36mdefault[0m [36mas[0m [33mParentheses[0m, [36mdefault[0m [36mas[0m [33mParenthesesIcon[0m...



Import traces:
  Client Component Browser:
    ./.gemini/antigravity/scratch/teacher-tracking/node_modules/lucide-react/dist/esm/lucide-react.mjs [Client Component Browser]
    ./.gemini/antigravity/scratch/teacher-tracking/src/components/pages/DailyTasksPage.tsx [Client Component Browser]
    ./.gemini/antigravity/scratch/teacher-tracking/src/components/AppShell.tsx [Client Component Browser]
    ./.gemini/antigravity/scratch/teacher-tracking/src/app/page.tsx [Client Component Browser]
    ./.gemini/antigravity/scratch/teacher-tracking/src/app/page.tsx [Server Component]

  Client Component SSR:
    ./.gemini/antigravity/scratch/teacher-tracking/node_modules/lucide-react/dist/esm/lucide-react.mjs [Client Component SSR]
    ./.gemini/antigravity/scratch/teacher-tracking/src/components/pages/DailyTasksPage.tsx [Client Component SSR]
    ./.gemini/antigravity/scratch/teacher-tracking/src/components/AppShell.tsx [Client Component SSR]
    ./.gemini/antigravity/scratch/teacher-tracking/src/app/page.tsx [Client Component SSR]
    ./.gemini/antigravity/scratch/teacher-tracking/src/app/page.tsx [Server Component]

https://nextjs.org/docs/messages/module-not-found


./.gemini/antigravity/scratch/teacher-tracking/node_modules/lucide-react/dist/esm/lucide-react.mjs:1217:1
Module not found: Can't resolve './icons/panels-left-bottom.mjs'
  [90m1215 |[0m ...[36mdefault[0m [36mas[0m [33mPanelTopOpen[0m, [36mdefault[0m [36mas[0m [33mPanelTopOpenIcon[0m } [36mfrom[0m [32m'./ic...[0m
  [90m1216 |[0m ...[36mult[0m [36mas[0m [33mPanelTop[0m, [36mdefault[0m [36mas[0m [33mPanelTopIcon[0m } [36mfrom[0m [32m'./icons/panel-to...[0m
[31m[1m>[0m [90m1217 |[0m ...[33mom[0m, [36mdefault[0m [36mas[0m [33mPanelsLeftBottom[0m, [36mdefault[0m [36mas[0m [33mPanelsLeftBottomIcon[0m ..[36m.[0m
  [90m     |[0m    [31m[1m^^^^^^^^^^^^^^^^^^^^^^^^^^^^^^^^^^^^^^^^^^^^^^^^^^^^^^^^^^^^^^^^^^^^[0m
  [90m1218 |[0m ...[33mtom[0m, [36mdefault[0m [36mas[0m [33mPanelsRightBottom[0m, [36mdefault[0m [36mas[0m [33mPanelsRightBottomIc..[0m.
  [90m1219 |[0m ...[36mefault[0m [36mas[0m [33mParentheses[0m, [36mdefault[0m [36mas[0m [33mParenthesesIcon[0m } [36mfrom[0m [32m'./icons...[0m
  [90m1220 |[0m ...[36mault[0m [36mas[0m [33mPaperclip[0m, [36mdefault[0m [36mas[0m [33mPaperclipIcon[0m } [36mfrom[0m [32m'./icons/paper...[0m



Import traces:
  Client Component Browser:
    ./.gemini/antigravity/scratch/teacher-tracking/node_modules/lucide-react/dist/esm/lucide-react.mjs [Client Component Browser]
    ./.gemini/antigravity/scratch/teacher-tracking/src/components/pages/DailyTasksPage.tsx [Client Component Browser]
    ./.gemini/antigravity/scratch/teacher-tracking/src/components/AppShell.tsx [Client Component Browser]
    ./.gemini/antigravity/scratch/teacher-tracking/src/app/page.tsx [Client Component Browser]
    ./.gemini/antigravity/scratch/teacher-tracking/src/app/page.tsx [Server Component]

  Client Component SSR:
    ./.gemini/antigravity/scratch/teacher-tracking/node_modules/lucide-react/dist/esm/lucide-react.mjs [Client Component SSR]
    ./.gemini/antigravity/scratch/teacher-tracking/src/components/pages/DailyTasksPage.tsx [Client Component SSR]
    ./.gemini/antigravity/scratch/teacher-tracking/src/components/AppShell.tsx [Client Component SSR]
    ./.gemini/antigravity/scratch/teacher-tracking/src/app/page.tsx [Client Component SSR]
    ./.gemini/antigravity/scratch/teacher-tracking/src/app/page.tsx [Server Component]

https://nextjs.org/docs/messages/module-not-found


./.gemini/antigravity/scratch/teacher-tracking/node_modules/lucide-react/dist/esm/lucide-react.mjs:151:1
Module not found: Can't resolve './icons/pen-line.mjs'
  [90m149 |[0m ...[33mLucidePanelTopInactive[0m, [36mdefault[0m [36mas[0m [33mPanelTopDashed[0m, [36mdefault[0m [36mas[0m [33mPane...[0m
  [90m150 |[0m ...[36mfault[0m [36mas[0m [33mLucideLayout[0m, [36mdefault[0m [36mas[0m [33mLucidePanelsTopLeft[0m, [36mdefault[0m [36mas[0m [33m...[0m
[31m[1m>[0m [90m151 |[0m ...[36mult[0m [36mas[0m [33mLucideEdit3[0m, [36mdefault[0m [36mas[0m [33mLucidePenLine[0m, [36mdefault[0m [36mas[0m [33mPenLine[0m, [36m...[0m
  [90m    |[0m    [31m[1m^^^^^^^^^^^^^^^^^^^^^^^^^^^^^^^^^^^^^^^^^^^^^^^^^^^^^^^^^^^^^^^^^^^^^[0m
  [90m152 |[0m ...[36mult[0m [36mas[0m [33mLucideEdit2[0m, [36mdefault[0m [36mas[0m [33mLucidePen[0m, [36mdefault[0m [36mas[0m [33mPen[0m, [36mdefault[0m [36m..[0m.
  [90m153 |[0m ...[33mlugZap2[0m, [36mdefault[0m [36mas[0m [33mPlugZap[0m, [36mdefault[0m [36mas[0m [33mPlugZap2[0m, [36mdefault[0m [36mas[0m [33mPlugZ...[0m
  [90m154 |[0m ...[33mon[0m, [36mdefault[0m [36mas[0m [33mLucideFormInput[0m, [36mdefault[0m [36mas[0m [33mLucideRectangleEllipsis[0m...



Import traces:
  Client Component Browser:
    ./.gemini/antigravity/scratch/teacher-tracking/node_modules/lucide-react/dist/esm/lucide-react.mjs [Client Component Browser]
    ./.gemini/antigravity/scratch/teacher-tracking/src/components/pages/DailyTasksPage.tsx [Client Component Browser]
    ./.gemini/antigravity/scratch/teacher-tracking/src/components/AppShell.tsx [Client Component Browser]
    ./.gemini/antigravity/scratch/teacher-tracking/src/app/page.tsx [Client Component Browser]
    ./.gemini/antigravity/scratch/teacher-tracking/src/app/page.tsx [Server Component]

  Client Component SSR:
    ./.gemini/antigravity/scratch/teacher-tracking/node_modules/lucide-react/dist/esm/lucide-react.mjs [Client Component SSR]
    ./.gemini/antigravity/scratch/teacher-tracking/src/components/pages/DailyTasksPage.tsx [Client Component SSR]
    ./.gemini/antigravity/scratch/teacher-tracking/src/components/AppShell.tsx [Client Component SSR]
    ./.gemini/antigravity/scratch/teacher-tracking/src/app/page.tsx [Client Component SSR]
    ./.gemini/antigravity/scratch/teacher-tracking/src/app/page.tsx [Server Component]

https://nextjs.org/docs/messages/module-not-found


./.gemini/antigravity/scratch/teacher-tracking/node_modules/lucide-react/dist/esm/lucide-react.mjs:1226:1
Module not found: Can't resolve './icons/pen-off.mjs'
  [90m1224 |[0m ...[33mLucidePawPrint[0m, [36mdefault[0m [36mas[0m [33mPawPrint[0m, [36mdefault[0m [36mas[0m [33mPawPrintIcon[0m } [36mfr..[0m.
  [90m1225 |[0m ...[33mLucidePcCase[0m, [36mdefault[0m [36mas[0m [33mPcCase[0m, [36mdefault[0m [36mas[0m [33mPcCaseIcon[0m } [36mfrom[0m [32m'./...[0m
[31m[1m>[0m [90m1226 |[0m ...[33mLucidePenOff[0m, [36mdefault[0m [36mas[0m [33mPenOff[0m, [36mdefault[0m [36mas[0m [33mPenOffIcon[0m } [36mfrom[0m [32m'./...[0m
  [90m     |[0m    [31m[1m^^^^^^^^^^^^^^^^^^^^^^^^^^^^^^^^^^^^^^^^^^^^^^^^^^^^^^^^^^^^^^^^^^^^[0m
  [90m1227 |[0m ...[33mLucidePenTool[0m, [36mdefault[0m [36mas[0m [33mPenTool[0m, [36mdefault[0m [36mas[0m [33mPenToolIcon[0m } [36mfrom[0m [32m...[0m
  [90m1228 |[0m ...[33mLucidePencilLine[0m, [36mdefault[0m [36mas[0m [33mPencilLine[0m, [36mdefault[0m [36mas[0m [33mPencilLineIco.[0m..
  [90m1229 |[0m ...[33mLucidePencilOff[0m, [36mdefault[0m [36mas[0m [33mPencilOff[0m, [36mdefault[0m [36mas[0m [33mPencilOffIcon[0m }.[36m..[0m



Import traces:
  Client Component Browser:
    ./.gemini/antigravity/scratch/teacher-tracking/node_modules/lucide-react/dist/esm/lucide-react.mjs [Client Component Browser]
    ./.gemini/antigravity/scratch/teacher-tracking/src/components/pages/DailyTasksPage.tsx [Client Component Browser]
    ./.gemini/antigravity/scratch/teacher-tracking/src/components/AppShell.tsx [Client Component Browser]
    ./.gemini/antigravity/scratch/teacher-tracking/src/app/page.tsx [Client Component Browser]
    ./.gemini/antigravity/scratch/teacher-tracking/src/app/page.tsx [Server Component]

  Client Component SSR:
    ./.gemini/antigravity/scratch/teacher-tracking/node_modules/lucide-react/dist/esm/lucide-react.mjs [Client Component SSR]
    ./.gemini/antigravity/scratch/teacher-tracking/src/components/pages/DailyTasksPage.tsx [Client Component SSR]
    ./.gemini/antigravity/scratch/teacher-tracking/src/components/AppShell.tsx [Client Component SSR]
    ./.gemini/antigravity/scratch/teacher-tracking/src/app/page.tsx [Client Component SSR]
    ./.gemini/antigravity/scratch/teacher-tracking/src/app/page.tsx [Server Component]

https://nextjs.org/docs/messages/module-not-found


./.gemini/antigravity/scratch/teacher-tracking/node_modules/lucide-react/dist/esm/lucide-react.mjs:1233:1
Module not found: Can't resolve './icons/percent.mjs'
  [90m1231 |[0m ...[33mucidePencil[0m, [36mdefault[0m [36mas[0m [33mPencil[0m, [36mdefault[0m [36mas[0m [33mPencilIcon[0m } [36mfrom[0m [32m'./i...[0m
  [90m1232 |[0m ...[33mucidePentagon[0m, [36mdefault[0m [36mas[0m [33mPentagon[0m, [36mdefault[0m [36mas[0m [33mPentagonIcon[0m } [36mfro.[0m.[32m.[0m
[31m[1m>[0m [90m1233 |[0m ...[33mucidePercent[0m, [36mdefault[0m [36mas[0m [33mPercent[0m, [36mdefault[0m [36mas[0m [33mPercentIcon[0m } [36mfrom[0m [32m'...[0m
  [90m     |[0m    [31m[1m^^^^^^^^^^^^^^^^^^^^^^^^^^^^^^^^^^^^^^^^^^^^^^^^^^^^^^^^^^^^^^^^^^^^[0m
  [90m1234 |[0m ...[33mucidePersonStanding[0m, [36mdefault[0m [36mas[0m [33mPersonStanding[0m, [36mdefault[0m [36mas[0m [33mPerson...[0m
  [90m1235 |[0m ...[33mucidePhilippinePeso[0m, [36mdefault[0m [36mas[0m [33mPhilippinePeso[0m, [36mdefault[0m [36mas[0m [33mPhilip...[0m
  [90m1236 |[0m ...[33mucidePhoneCall[0m, [36mdefault[0m [36mas[0m [33mPhoneCall[0m, [36mdefault[0m [36mas[0m [33mPhoneCallIcon[0m } [36m...[0m



Import traces:
  Client Component Browser:
    ./.gemini/antigravity/scratch/teacher-tracking/node_modules/lucide-react/dist/esm/lucide-react.mjs [Client Component Browser]
    ./.gemini/antigravity/scratch/teacher-tracking/src/components/pages/DailyTasksPage.tsx [Client Component Browser]
    ./.gemini/antigravity/scratch/teacher-tracking/src/components/AppShell.tsx [Client Component Browser]
    ./.gemini/antigravity/scratch/teacher-tracking/src/app/page.tsx [Client Component Browser]
    ./.gemini/antigravity/scratch/teacher-tracking/src/app/page.tsx [Server Component]

  Client Component SSR:
    ./.gemini/antigravity/scratch/teacher-tracking/node_modules/lucide-react/dist/esm/lucide-react.mjs [Client Component SSR]
    ./.gemini/antigravity/scratch/teacher-tracking/src/components/pages/DailyTasksPage.tsx [Client Component SSR]
    ./.gemini/antigravity/scratch/teacher-tracking/src/components/AppShell.tsx [Client Component SSR]
    ./.gemini/antigravity/scratch/teacher-tracking/src/app/page.tsx [Client Component SSR]
    ./.gemini/antigravity/scratch/teacher-tracking/src/app/page.tsx [Server Component]

https://nextjs.org/docs/messages/module-not-found


./.gemini/antigravity/scratch/teacher-tracking/node_modules/lucide-react/dist/esm/lucide-react.mjs:1234:1
Module not found: Can't resolve './icons/person-standing.mjs'
  [90m1232 |[0m ...[36mdefault[0m [36mas[0m [33mPentagon[0m, [36mdefault[0m [36mas[0m [33mPentagonIcon[0m } [36mfrom[0m [32m'./icons/pent...[0m
  [90m1233 |[0m ...[36mefault[0m [36mas[0m [33mPercent[0m, [36mdefault[0m [36mas[0m [33mPercentIcon[0m } [36mfrom[0m [32m'./icons/percent...[0m
[31m[1m>[0m [90m1234 |[0m ...[33mding[0m, [36mdefault[0m [36mas[0m [33mPersonStanding[0m, [36mdefault[0m [36mas[0m [33mPersonStandingIcon[0m } [36m...[0m
  [90m     |[0m    [31m[1m^^^^^^^^^^^^^^^^^^^^^^^^^^^^^^^^^^^^^^^^^^^^^^^^^^^^^^^^^^^^^^^^^^^^[0m
  [90m1235 |[0m ...[33mPeso[0m, [36mdefault[0m [36mas[0m [33mPhilippinePeso[0m, [36mdefault[0m [36mas[0m [33mPhilippinePesoIcon[0m } [36m...[0m
  [90m1236 |[0m ... [36mdefault[0m [36mas[0m [33mPhoneCall[0m, [36mdefault[0m [36mas[0m [33mPhoneCallIcon[0m } [36mfrom[0m [32m'./icons/p...[0m
  [90m1237 |[0m ...[33mrded[0m, [36mdefault[0m [36mas[0m [33mPhoneForwarded[0m, [36mdefault[0m [36mas[0m [33mPhoneForwardedIcon[0m } [36m...[0m



Import traces:
  Client Component Browser:
    ./.gemini/antigravity/scratch/teacher-tracking/node_modules/lucide-react/dist/esm/lucide-react.mjs [Client Component Browser]
    ./.gemini/antigravity/scratch/teacher-tracking/src/components/pages/DailyTasksPage.tsx [Client Component Browser]
    ./.gemini/antigravity/scratch/teacher-tracking/src/components/AppShell.tsx [Client Component Browser]
    ./.gemini/antigravity/scratch/teacher-tracking/src/app/page.tsx [Client Component Browser]
    ./.gemini/antigravity/scratch/teacher-tracking/src/app/page.tsx [Server Component]

  Client Component SSR:
    ./.gemini/antigravity/scratch/teacher-tracking/node_modules/lucide-react/dist/esm/lucide-react.mjs [Client Component SSR]
    ./.gemini/antigravity/scratch/teacher-tracking/src/components/pages/DailyTasksPage.tsx [Client Component SSR]
    ./.gemini/antigravity/scratch/teacher-tracking/src/components/AppShell.tsx [Client Component SSR]
    ./.gemini/antigravity/scratch/teacher-tracking/src/app/page.tsx [Client Component SSR]
    ./.gemini/antigravity/scratch/teacher-tracking/src/app/page.tsx [Server Component]

https://nextjs.org/docs/messages/module-not-found


./.gemini/antigravity/scratch/teacher-tracking/node_modules/lucide-react/dist/esm/lucide-react.mjs:1239:1
Module not found: Can't resolve './icons/phone-missed.mjs'
  [90m1237 |[0m ...[33meForwarded[0m, [36mdefault[0m [36mas[0m [33mPhoneForwarded[0m, [36mdefault[0m [36mas[0m [33mPhoneForwardedI...[0m
  [90m1238 |[0m ...[33meIncoming[0m, [36mdefault[0m [36mas[0m [33mPhoneIncoming[0m, [36mdefault[0m [36mas[0m [33mPhoneIncomingIcon[0m...
[31m[1m>[0m [90m1239 |[0m ...[33meMissed[0m, [36mdefault[0m [36mas[0m [33mPhoneMissed[0m, [36mdefault[0m [36mas[0m [33mPhoneMissedIcon[0m } [36mfro.[0m.[32m.[0m
  [90m     |[0m    [31m[1m^^^^^^^^^^^^^^^^^^^^^^^^^^^^^^^^^^^^^^^^^^^^^^^^^^^^^^^^^^^^^^^^^^^^[0m
  [90m1240 |[0m ...[33meOff[0m, [36mdefault[0m [36mas[0m [33mPhoneOff[0m, [36mdefault[0m [36mas[0m [33mPhoneOffIcon[0m } [36mfrom[0m [32m'./icon...[0m
  [90m1241 |[0m ...[33meOutgoing[0m, [36mdefault[0m [36mas[0m [33mPhoneOutgoing[0m, [36mdefault[0m [36mas[0m [33mPhoneOutgoingIcon[0m...
  [90m1242 |[0m ...[33me[0m, [36mdefault[0m [36mas[0m [33mPhone[0m, [36mdefault[0m [36mas[0m [33mPhoneIcon[0m } [36mfrom[0m [32m'./icons/phone.m...[0m



Import traces:
  Client Component Browser:
    ./.gemini/antigravity/scratch/teacher-tracking/node_modules/lucide-react/dist/esm/lucide-react.mjs [Client Component Browser]
    ./.gemini/antigravity/scratch/teacher-tracking/src/components/pages/DailyTasksPage.tsx [Client Component Browser]
    ./.gemini/antigravity/scratch/teacher-tracking/src/components/AppShell.tsx [Client Component Browser]
    ./.gemini/antigravity/scratch/teacher-tracking/src/app/page.tsx [Client Component Browser]
    ./.gemini/antigravity/scratch/teacher-tracking/src/app/page.tsx [Server Component]

  Client Component SSR:
    ./.gemini/antigravity/scratch/teacher-tracking/node_modules/lucide-react/dist/esm/lucide-react.mjs [Client Component SSR]
    ./.gemini/antigravity/scratch/teacher-tracking/src/components/pages/DailyTasksPage.tsx [Client Component SSR]
    ./.gemini/antigravity/scratch/teacher-tracking/src/components/AppShell.tsx [Client Component SSR]
    ./.gemini/antigravity/scratch/teacher-tracking/src/app/page.tsx [Client Component SSR]
    ./.gemini/antigravity/scratch/teacher-tracking/src/app/page.tsx [Server Component]

https://nextjs.org/docs/messages/module-not-found


./.gemini/antigravity/scratch/teacher-tracking/node_modules/lucide-react/dist/esm/lucide-react.mjs:1240:1
Module not found: Can't resolve './icons/phone-off.mjs'
  [90m1238 |[0m ...[33mdePhoneIncoming[0m, [36mdefault[0m [36mas[0m [33mPhoneIncoming[0m, [36mdefault[0m [36mas[0m [33mPhoneIncomi...[0m
  [90m1239 |[0m ...[33mdePhoneMissed[0m, [36mdefault[0m [36mas[0m [33mPhoneMissed[0m, [36mdefault[0m [36mas[0m [33mPhoneMissedIcon[0m...
[31m[1m>[0m [90m1240 |[0m ...[33mdePhoneOff[0m, [36mdefault[0m [36mas[0m [33mPhoneOff[0m, [36mdefault[0m [36mas[0m [33mPhoneOffIcon[0m } [36mfrom[0m [32m'...[0m
  [90m     |[0m    [31m[1m^^^^^^^^^^^^^^^^^^^^^^^^^^^^^^^^^^^^^^^^^^^^^^^^^^^^^^^^^^^^^^^^^^^^[0m
  [90m1241 |[0m ...[33mdePhoneOutgoing[0m, [36mdefault[0m [36mas[0m [33mPhoneOutgoing[0m, [36mdefault[0m [36mas[0m [33mPhoneOutgoi...[0m
  [90m1242 |[0m ...[33mdePhone[0m, [36mdefault[0m [36mas[0m [33mPhone[0m, [36mdefault[0m [36mas[0m [33mPhoneIcon[0m } [36mfrom[0m [32m'./icons/p...[0m
  [90m1243 |[0m ...[33mdePiano[0m, [36mdefault[0m [36mas[0m [33mPiano[0m, [36mdefault[0m [36mas[0m [33mPianoIcon[0m } [36mfrom[0m [32m'./icons/p...[0m



Import traces:
  Client Component Browser:
    ./.gemini/antigravity/scratch/teacher-tracking/node_modules/lucide-react/dist/esm/lucide-react.mjs [Client Component Browser]
    ./.gemini/antigravity/scratch/teacher-tracking/src/components/pages/DailyTasksPage.tsx [Client Component Browser]
    ./.gemini/antigravity/scratch/teacher-tracking/src/components/AppShell.tsx [Client Component Browser]
    ./.gemini/antigravity/scratch/teacher-tracking/src/app/page.tsx [Client Component Browser]
    ./.gemini/antigravity/scratch/teacher-tracking/src/app/page.tsx [Server Component]

  Client Component SSR:
    ./.gemini/antigravity/scratch/teacher-tracking/node_modules/lucide-react/dist/esm/lucide-react.mjs [Client Component SSR]
    ./.gemini/antigravity/scratch/teacher-tracking/src/components/pages/DailyTasksPage.tsx [Client Component SSR]
    ./.gemini/antigravity/scratch/teacher-tracking/src/components/AppShell.tsx [Client Component SSR]
    ./.gemini/antigravity/scratch/teacher-tracking/src/app/page.tsx [Client Component SSR]
    ./.gemini/antigravity/scratch/teacher-tracking/src/app/page.tsx [Server Component]

https://nextjs.org/docs/messages/module-not-found


./.gemini/antigravity/scratch/teacher-tracking/node_modules/lucide-react/dist/esm/lucide-react.mjs:1241:1
Module not found: Can't resolve './icons/phone-outgoing.mjs'
  [90m1239 |[0m ...[33msed[0m, [36mdefault[0m [36mas[0m [33mPhoneMissed[0m, [36mdefault[0m [36mas[0m [33mPhoneMissedIcon[0m } [36mfrom[0m [32m'....[0m
  [90m1240 |[0m ..., [36mdefault[0m [36mas[0m [33mPhoneOff[0m, [36mdefault[0m [36mas[0m [33mPhoneOffIcon[0m } [36mfrom[0m [32m'./icons/ph...[0m
[31m[1m>[0m [90m1241 |[0m ...[33mgoing[0m, [36mdefault[0m [36mas[0m [33mPhoneOutgoing[0m, [36mdefault[0m [36mas[0m [33mPhoneOutgoingIcon[0m } [36mf...[0m
  [90m     |[0m    [31m[1m^^^^^^^^^^^^^^^^^^^^^^^^^^^^^^^^^^^^^^^^^^^^^^^^^^^^^^^^^^^^^^^^^^^^[0m
  [90m1242 |[0m ...[36mefault[0m [36mas[0m [33mPhone[0m, [36mdefault[0m [36mas[0m [33mPhoneIcon[0m } [36mfrom[0m [32m'./icons/phone.mjs'[0m;
  [90m1243 |[0m ...[36mefault[0m [36mas[0m [33mPiano[0m, [36mdefault[0m [36mas[0m [33mPianoIcon[0m } [36mfrom[0m [32m'./icons/piano.mjs'[0m;
  [90m1244 |[0m ...[36mult[0m [36mas[0m [33mPi[0m, [36mdefault[0m [36mas[0m [33mPiIcon[0m } [36mfrom[0m [32m'./icons/pi.mjs'[0m;



Import traces:
  Client Component Browser:
    ./.gemini/antigravity/scratch/teacher-tracking/node_modules/lucide-react/dist/esm/lucide-react.mjs [Client Component Browser]
    ./.gemini/antigravity/scratch/teacher-tracking/src/components/pages/DailyTasksPage.tsx [Client Component Browser]
    ./.gemini/antigravity/scratch/teacher-tracking/src/components/AppShell.tsx [Client Component Browser]
    ./.gemini/antigravity/scratch/teacher-tracking/src/app/page.tsx [Client Component Browser]
    ./.gemini/antigravity/scratch/teacher-tracking/src/app/page.tsx [Server Component]

  Client Component SSR:
    ./.gemini/antigravity/scratch/teacher-tracking/node_modules/lucide-react/dist/esm/lucide-react.mjs [Client Component SSR]
    ./.gemini/antigravity/scratch/teacher-tracking/src/components/pages/DailyTasksPage.tsx [Client Component SSR]
    ./.gemini/antigravity/scratch/teacher-tracking/src/components/AppShell.tsx [Client Component SSR]
    ./.gemini/antigravity/scratch/teacher-tracking/src/app/page.tsx [Client Component SSR]
    ./.gemini/antigravity/scratch/teacher-tracking/src/app/page.tsx [Server Component]

https://nextjs.org/docs/messages/module-not-found


./.gemini/antigravity/scratch/teacher-tracking/node_modules/lucide-react/dist/esm/lucide-react.mjs:1244:1
Module not found: Can't resolve './icons/pi.mjs'
  [90m1242 |[0m ...[36mfault[0m [36mas[0m [33mLucidePhone[0m, [36mdefault[0m [36mas[0m [33mPhone[0m, [36mdefault[0m [36mas[0m [33mPhoneIcon[0m } [36mfr..[0m.
  [90m1243 |[0m ...[36mfault[0m [36mas[0m [33mLucidePiano[0m, [36mdefault[0m [36mas[0m [33mPiano[0m, [36mdefault[0m [36mas[0m [33mPianoIcon[0m } [36mfr..[0m.
[31m[1m>[0m [90m1244 |[0m ...[36mfault[0m [36mas[0m [33mLucidePi[0m, [36mdefault[0m [36mas[0m [33mPi[0m, [36mdefault[0m [36mas[0m [33mPiIcon[0m } [36mfrom[0m [32m'./ico...[0m
  [90m     |[0m    [31m[1m^^^^^^^^^^^^^^^^^^^^^^^^^^^^^^^^^^^^^^^^^^^^^^^^^^^^^^^^^^^^^^^^^^^^[0m
  [90m1245 |[0m ...[36mfault[0m [36mas[0m [33mLucidePickaxe[0m, [36mdefault[0m [36mas[0m [33mPickaxe[0m, [36mdefault[0m [36mas[0m [33mPickaxeIco.[0m..
  [90m1246 |[0m ...[36mfault[0m [36mas[0m [33mLucidePictureInPicture2[0m, [36mdefault[0m [36mas[0m [33mPictureInPicture2[0m, [36md...[0m
  [90m1247 |[0m ...[36mfault[0m [36mas[0m [33mLucidePictureInPicture[0m, [36mdefault[0m [36mas[0m [33mPictureInPicture[0m, [36mdef...[0m



Import traces:
  Client Component Browser:
    ./.gemini/antigravity/scratch/teacher-tracking/node_modules/lucide-react/dist/esm/lucide-react.mjs [Client Component Browser]
    ./.gemini/antigravity/scratch/teacher-tracking/src/components/pages/DailyTasksPage.tsx [Client Component Browser]
    ./.gemini/antigravity/scratch/teacher-tracking/src/components/AppShell.tsx [Client Component Browser]
    ./.gemini/antigravity/scratch/teacher-tracking/src/app/page.tsx [Client Component Browser]
    ./.gemini/antigravity/scratch/teacher-tracking/src/app/page.tsx [Server Component]

  Client Component SSR:
    ./.gemini/antigravity/scratch/teacher-tracking/node_modules/lucide-react/dist/esm/lucide-react.mjs [Client Component SSR]
    ./.gemini/antigravity/scratch/teacher-tracking/src/components/pages/DailyTasksPage.tsx [Client Component SSR]
    ./.gemini/antigravity/scratch/teacher-tracking/src/components/AppShell.tsx [Client Component SSR]
    ./.gemini/antigravity/scratch/teacher-tracking/src/app/page.tsx [Client Component SSR]
    ./.gemini/antigravity/scratch/teacher-tracking/src/app/page.tsx [Server Component]

https://nextjs.org/docs/messages/module-not-found


./.gemini/antigravity/scratch/teacher-tracking/node_modules/lucide-react/dist/esm/lucide-react.mjs:1243:1
Module not found: Can't resolve './icons/piano.mjs'
  [90m1241 |[0m ...[36mas[0m [33mLucidePhoneOutgoing[0m, [36mdefault[0m [36mas[0m [33mPhoneOutgoing[0m, [36mdefault[0m [36mas[0m [33mPhon...[0m
  [90m1242 |[0m ...[36mas[0m [33mLucidePhone[0m, [36mdefault[0m [36mas[0m [33mPhone[0m, [36mdefault[0m [36mas[0m [33mPhoneIcon[0m } [36mfrom[0m [32m'./...[0m
[31m[1m>[0m [90m1243 |[0m ...[36mas[0m [33mLucidePiano[0m, [36mdefault[0m [36mas[0m [33mPiano[0m, [36mdefault[0m [36mas[0m [33mPianoIcon[0m } [36mfrom[0m [32m'./...[0m
  [90m     |[0m    [31m[1m^^^^^^^^^^^^^^^^^^^^^^^^^^^^^^^^^^^^^^^^^^^^^^^^^^^^^^^^^^^^^^^^^^^^[0m
  [90m1244 |[0m ...[36mas[0m [33mLucidePi[0m, [36mdefault[0m [36mas[0m [33mPi[0m, [36mdefault[0m [36mas[0m [33mPiIcon[0m } [36mfrom[0m [32m'./icons/pi....[0m
  [90m1245 |[0m ...[36mas[0m [33mLucidePickaxe[0m, [36mdefault[0m [36mas[0m [33mPickaxe[0m, [36mdefault[0m [36mas[0m [33mPickaxeIcon[0m } [36mfr..[0m.
  [90m1246 |[0m ...[36mas[0m [33mLucidePictureInPicture2[0m, [36mdefault[0m [36mas[0m [33mPictureInPicture2[0m, [36mdefault[0m.[36m..[0m



Import traces:
  Client Component Browser:
    ./.gemini/antigravity/scratch/teacher-tracking/node_modules/lucide-react/dist/esm/lucide-react.mjs [Client Component Browser]
    ./.gemini/antigravity/scratch/teacher-tracking/src/components/pages/DailyTasksPage.tsx [Client Component Browser]
    ./.gemini/antigravity/scratch/teacher-tracking/src/components/AppShell.tsx [Client Component Browser]
    ./.gemini/antigravity/scratch/teacher-tracking/src/app/page.tsx [Client Component Browser]
    ./.gemini/antigravity/scratch/teacher-tracking/src/app/page.tsx [Server Component]

  Client Component SSR:
    ./.gemini/antigravity/scratch/teacher-tracking/node_modules/lucide-react/dist/esm/lucide-react.mjs [Client Component SSR]
    ./.gemini/antigravity/scratch/teacher-tracking/src/components/pages/DailyTasksPage.tsx [Client Component SSR]
    ./.gemini/antigravity/scratch/teacher-tracking/src/components/AppShell.tsx [Client Component SSR]
    ./.gemini/antigravity/scratch/teacher-tracking/src/app/page.tsx [Client Component SSR]
    ./.gemini/antigravity/scratch/teacher-tracking/src/app/page.tsx [Server Component]

https://nextjs.org/docs/messages/module-not-found


./.gemini/antigravity/scratch/teacher-tracking/node_modules/lucide-react/dist/esm/lucide-react.mjs:1245:1
Module not found: Can't resolve './icons/pickaxe.mjs'
  [90m1243 |[0m ...[33mucidePiano[0m, [36mdefault[0m [36mas[0m [33mPiano[0m, [36mdefault[0m [36mas[0m [33mPianoIcon[0m } [36mfrom[0m [32m'./icon...[0m
  [90m1244 |[0m ...[33mucidePi[0m, [36mdefault[0m [36mas[0m [33mPi[0m, [36mdefault[0m [36mas[0m [33mPiIcon[0m } [36mfrom[0m [32m'./icons/pi.mjs'[0m;
[31m[1m>[0m [90m1245 |[0m ...[33mucidePickaxe[0m, [36mdefault[0m [36mas[0m [33mPickaxe[0m, [36mdefault[0m [36mas[0m [33mPickaxeIcon[0m } [36mfrom[0m [32m'...[0m
  [90m     |[0m    [31m[1m^^^^^^^^^^^^^^^^^^^^^^^^^^^^^^^^^^^^^^^^^^^^^^^^^^^^^^^^^^^^^^^^^^^^[0m
  [90m1246 |[0m ...[33mucidePictureInPicture2[0m, [36mdefault[0m [36mas[0m [33mPictureInPicture2[0m, [36mdefault[0m [36mas[0m [33m...[0m
  [90m1247 |[0m ...[33mucidePictureInPicture[0m, [36mdefault[0m [36mas[0m [33mPictureInPicture[0m, [36mdefault[0m [36mas[0m [33mPi...[0m
  [90m1248 |[0m ...[33mucidePiggyBank[0m, [36mdefault[0m [36mas[0m [33mPiggyBank[0m, [36mdefault[0m [36mas[0m [33mPiggyBankIcon[0m } [36m...[0m



Import traces:
  Client Component Browser:
    ./.gemini/antigravity/scratch/teacher-tracking/node_modules/lucide-react/dist/esm/lucide-react.mjs [Client Component Browser]
    ./.gemini/antigravity/scratch/teacher-tracking/src/components/pages/DailyTasksPage.tsx [Client Component Browser]
    ./.gemini/antigravity/scratch/teacher-tracking/src/components/AppShell.tsx [Client Component Browser]
    ./.gemini/antigravity/scratch/teacher-tracking/src/app/page.tsx [Client Component Browser]
    ./.gemini/antigravity/scratch/teacher-tracking/src/app/page.tsx [Server Component]

  Client Component SSR:
    ./.gemini/antigravity/scratch/teacher-tracking/node_modules/lucide-react/dist/esm/lucide-react.mjs [Client Component SSR]
    ./.gemini/antigravity/scratch/teacher-tracking/src/components/pages/DailyTasksPage.tsx [Client Component SSR]
    ./.gemini/antigravity/scratch/teacher-tracking/src/components/AppShell.tsx [Client Component SSR]
    ./.gemini/antigravity/scratch/teacher-tracking/src/app/page.tsx [Client Component SSR]
    ./.gemini/antigravity/scratch/teacher-tracking/src/app/page.tsx [Server Component]

https://nextjs.org/docs/messages/module-not-found


./.gemini/antigravity/scratch/teacher-tracking/node_modules/lucide-react/dist/esm/lucide-react.mjs:1246:1
Module not found: Can't resolve './icons/picture-in-picture-2.mjs'
  [90m1244 |[0m ..., [36mdefault[0m [36mas[0m [33mPiIcon[0m } [36mfrom[0m [32m'./icons/pi.mjs'[0m;
  [90m1245 |[0m ...[36mas[0m [33mPickaxe[0m, [36mdefault[0m [36mas[0m [33mPickaxeIcon[0m } [36mfrom[0m [32m'./icons/pickaxe.mjs'[0m;
[31m[1m>[0m [90m1246 |[0m ..., [36mdefault[0m [36mas[0m [33mPictureInPicture2[0m, [36mdefault[0m [36mas[0m [33mPictureInPicture2Icon[0m ..[36m.[0m
  [90m     |[0m    [31m[1m^^^^^^^^^^^^^^^^^^^^^^^^^^^^^^^^^^^^^^^^^^^^^^^^^^^^^^^^^^^^^^^^^^^^[0m
  [90m1247 |[0m ... [36mdefault[0m [36mas[0m [33mPictureInPicture[0m, [36mdefault[0m [36mas[0m [33mPictureInPictureIcon[0m } [36mf...[0m
  [90m1248 |[0m ...[36mt[0m [36mas[0m [33mPiggyBank[0m, [36mdefault[0m [36mas[0m [33mPiggyBankIcon[0m } [36mfrom[0m [32m'./icons/piggy-ba...[0m
  [90m1249 |[0m ...[36mult[0m [36mas[0m [33mPilcrowLeft[0m, [36mdefault[0m [36mas[0m [33mPilcrowLeftIcon[0m } [36mfrom[0m [32m'./icons/pi...[0m



Import traces:
  Client Component Browser:
    ./.gemini/antigravity/scratch/teacher-tracking/node_modules/lucide-react/dist/esm/lucide-react.mjs [Client Component Browser]
    ./.gemini/antigravity/scratch/teacher-tracking/src/components/pages/DailyTasksPage.tsx [Client Component Browser]
    ./.gemini/antigravity/scratch/teacher-tracking/src/components/AppShell.tsx [Client Component Browser]
    ./.gemini/antigravity/scratch/teacher-tracking/src/app/page.tsx [Client Component Browser]
    ./.gemini/antigravity/scratch/teacher-tracking/src/app/page.tsx [Server Component]

  Client Component SSR:
    ./.gemini/antigravity/scratch/teacher-tracking/node_modules/lucide-react/dist/esm/lucide-react.mjs [Client Component SSR]
    ./.gemini/antigravity/scratch/teacher-tracking/src/components/pages/DailyTasksPage.tsx [Client Component SSR]
    ./.gemini/antigravity/scratch/teacher-tracking/src/components/AppShell.tsx [Client Component SSR]
    ./.gemini/antigravity/scratch/teacher-tracking/src/app/page.tsx [Client Component SSR]
    ./.gemini/antigravity/scratch/teacher-tracking/src/app/page.tsx [Server Component]

https://nextjs.org/docs/messages/module-not-found


./.gemini/antigravity/scratch/teacher-tracking/node_modules/lucide-react/dist/esm/lucide-react.mjs:1247:1
Module not found: Can't resolve './icons/picture-in-picture.mjs'
  [90m1245 |[0m ...[36mlt[0m [36mas[0m [33mPickaxe[0m, [36mdefault[0m [36mas[0m [33mPickaxeIcon[0m } [36mfrom[0m [32m'./icons/pickaxe.mjs'[0m;
  [90m1246 |[0m ...[33mre2[0m, [36mdefault[0m [36mas[0m [33mPictureInPicture2[0m, [36mdefault[0m [36mas[0m [33mPictureInPicture2Ic..[0m.
[31m[1m>[0m [90m1247 |[0m ...[33mre[0m, [36mdefault[0m [36mas[0m [33mPictureInPicture[0m, [36mdefault[0m [36mas[0m [33mPictureInPictureIcon[0m ..[36m.[0m
  [90m     |[0m    [31m[1m^^^^^^^^^^^^^^^^^^^^^^^^^^^^^^^^^^^^^^^^^^^^^^^^^^^^^^^^^^^^^^^^^^^^[0m
  [90m1248 |[0m ...[36mault[0m [36mas[0m [33mPiggyBank[0m, [36mdefault[0m [36mas[0m [33mPiggyBankIcon[0m } [36mfrom[0m [32m'./icons/piggy...[0m
  [90m1249 |[0m ...[36mefault[0m [36mas[0m [33mPilcrowLeft[0m, [36mdefault[0m [36mas[0m [33mPilcrowLeftIcon[0m } [36mfrom[0m [32m'./icons...[0m
  [90m1250 |[0m ...[36mdefault[0m [36mas[0m [33mPilcrowRight[0m, [36mdefault[0m [36mas[0m [33mPilcrowRightIcon[0m } [36mfrom[0m [32m'./ic...[0m



Import traces:
  Client Component Browser:
    ./.gemini/antigravity/scratch/teacher-tracking/node_modules/lucide-react/dist/esm/lucide-react.mjs [Client Component Browser]
    ./.gemini/antigravity/scratch/teacher-tracking/src/components/pages/DailyTasksPage.tsx [Client Component Browser]
    ./.gemini/antigravity/scratch/teacher-tracking/src/components/AppShell.tsx [Client Component Browser]
    ./.gemini/antigravity/scratch/teacher-tracking/src/app/page.tsx [Client Component Browser]
    ./.gemini/antigravity/scratch/teacher-tracking/src/app/page.tsx [Server Component]

  Client Component SSR:
    ./.gemini/antigravity/scratch/teacher-tracking/node_modules/lucide-react/dist/esm/lucide-react.mjs [Client Component SSR]
    ./.gemini/antigravity/scratch/teacher-tracking/src/components/pages/DailyTasksPage.tsx [Client Component SSR]
    ./.gemini/antigravity/scratch/teacher-tracking/src/components/AppShell.tsx [Client Component SSR]
    ./.gemini/antigravity/scratch/teacher-tracking/src/app/page.tsx [Client Component SSR]
    ./.gemini/antigravity/scratch/teacher-tracking/src/app/page.tsx [Server Component]

https://nextjs.org/docs/messages/module-not-found


./.gemini/antigravity/scratch/teacher-tracking/node_modules/lucide-react/dist/esm/lucide-react.mjs:1248:1
Module not found: Can't resolve './icons/piggy-bank.mjs'
  [90m1246 |[0m ...[33mPictureInPicture2[0m, [36mdefault[0m [36mas[0m [33mPictureInPicture2[0m, [36mdefault[0m [36mas[0m [33mPictu...[0m
  [90m1247 |[0m ...[33mPictureInPicture[0m, [36mdefault[0m [36mas[0m [33mPictureInPicture[0m, [36mdefault[0m [36mas[0m [33mPicture...[0m
[31m[1m>[0m [90m1248 |[0m ...[33mPiggyBank[0m, [36mdefault[0m [36mas[0m [33mPiggyBank[0m, [36mdefault[0m [36mas[0m [33mPiggyBankIcon[0m } [36mfrom[0m [32m...[0m
  [90m     |[0m    [31m[1m^^^^^^^^^^^^^^^^^^^^^^^^^^^^^^^^^^^^^^^^^^^^^^^^^^^^^^^^^^^^^^^^^^^^[0m
  [90m1249 |[0m ...[33mPilcrowLeft[0m, [36mdefault[0m [36mas[0m [33mPilcrowLeft[0m, [36mdefault[0m [36mas[0m [33mPilcrowLeftIcon[0m }.[36m..[0m
  [90m1250 |[0m ...[33mPilcrowRight[0m, [36mdefault[0m [36mas[0m [33mPilcrowRight[0m, [36mdefault[0m [36mas[0m [33mPilcrowRightIco.[0m..
  [90m1251 |[0m ...[33mPilcrow[0m, [36mdefault[0m [36mas[0m [33mPilcrow[0m, [36mdefault[0m [36mas[0m [33mPilcrowIcon[0m } [36mfrom[0m [32m'./ico...[0m



Import traces:
  Client Component Browser:
    ./.gemini/antigravity/scratch/teacher-tracking/node_modules/lucide-react/dist/esm/lucide-react.mjs [Client Component Browser]
    ./.gemini/antigravity/scratch/teacher-tracking/src/components/pages/DailyTasksPage.tsx [Client Component Browser]
    ./.gemini/antigravity/scratch/teacher-tracking/src/components/AppShell.tsx [Client Component Browser]
    ./.gemini/antigravity/scratch/teacher-tracking/src/app/page.tsx [Client Component Browser]
    ./.gemini/antigravity/scratch/teacher-tracking/src/app/page.tsx [Server Component]

  Client Component SSR:
    ./.gemini/antigravity/scratch/teacher-tracking/node_modules/lucide-react/dist/esm/lucide-react.mjs [Client Component SSR]
    ./.gemini/antigravity/scratch/teacher-tracking/src/components/pages/DailyTasksPage.tsx [Client Component SSR]
    ./.gemini/antigravity/scratch/teacher-tracking/src/components/AppShell.tsx [Client Component SSR]
    ./.gemini/antigravity/scratch/teacher-tracking/src/app/page.tsx [Client Component SSR]
    ./.gemini/antigravity/scratch/teacher-tracking/src/app/page.tsx [Server Component]

https://nextjs.org/docs/messages/module-not-found


./.gemini/antigravity/scratch/teacher-tracking/node_modules/lucide-react/dist/esm/lucide-react.mjs:1249:1
Module not found: Can't resolve './icons/pilcrow-left.mjs'
  [90m1247 |[0m ...[33mureInPicture[0m, [36mdefault[0m [36mas[0m [33mPictureInPicture[0m, [36mdefault[0m [36mas[0m [33mPictureInPi...[0m
  [90m1248 |[0m ...[33myBank[0m, [36mdefault[0m [36mas[0m [33mPiggyBank[0m, [36mdefault[0m [36mas[0m [33mPiggyBankIcon[0m } [36mfrom[0m [32m'./i...[0m
[31m[1m>[0m [90m1249 |[0m ...[33mrowLeft[0m, [36mdefault[0m [36mas[0m [33mPilcrowLeft[0m, [36mdefault[0m [36mas[0m [33mPilcrowLeftIcon[0m } [36mfro.[0m.[32m.[0m
  [90m     |[0m    [31m[1m^^^^^^^^^^^^^^^^^^^^^^^^^^^^^^^^^^^^^^^^^^^^^^^^^^^^^^^^^^^^^^^^^^^^[0m
  [90m1250 |[0m ...[33mrowRight[0m, [36mdefault[0m [36mas[0m [33mPilcrowRight[0m, [36mdefault[0m [36mas[0m [33mPilcrowRightIcon[0m } [36m...[0m
  [90m1251 |[0m ...[33mrow[0m, [36mdefault[0m [36mas[0m [33mPilcrow[0m, [36mdefault[0m [36mas[0m [33mPilcrowIcon[0m } [36mfrom[0m [32m'./icons/p...[0m
  [90m1252 |[0m ...[33mBottle[0m, [36mdefault[0m [36mas[0m [33mPillBottle[0m, [36mdefault[0m [36mas[0m [33mPillBottleIcon[0m } [36mfrom[0m [32m'...[0m



Import traces:
  Client Component Browser:
    ./.gemini/antigravity/scratch/teacher-tracking/node_modules/lucide-react/dist/esm/lucide-react.mjs [Client Component Browser]
    ./.gemini/antigravity/scratch/teacher-tracking/src/components/pages/DailyTasksPage.tsx [Client Component Browser]
    ./.gemini/antigravity/scratch/teacher-tracking/src/components/AppShell.tsx [Client Component Browser]
    ./.gemini/antigravity/scratch/teacher-tracking/src/app/page.tsx [Client Component Browser]
    ./.gemini/antigravity/scratch/teacher-tracking/src/app/page.tsx [Server Component]

  Client Component SSR:
    ./.gemini/antigravity/scratch/teacher-tracking/node_modules/lucide-react/dist/esm/lucide-react.mjs [Client Component SSR]
    ./.gemini/antigravity/scratch/teacher-tracking/src/components/pages/DailyTasksPage.tsx [Client Component SSR]
    ./.gemini/antigravity/scratch/teacher-tracking/src/components/AppShell.tsx [Client Component SSR]
    ./.gemini/antigravity/scratch/teacher-tracking/src/app/page.tsx [Client Component SSR]
    ./.gemini/antigravity/scratch/teacher-tracking/src/app/page.tsx [Server Component]

https://nextjs.org/docs/messages/module-not-found


./.gemini/antigravity/scratch/teacher-tracking/node_modules/lucide-react/dist/esm/lucide-react.mjs:1250:1
Module not found: Can't resolve './icons/pilcrow-right.mjs'
  [90m1248 |[0m ...[33mank[0m, [36mdefault[0m [36mas[0m [33mPiggyBank[0m, [36mdefault[0m [36mas[0m [33mPiggyBankIcon[0m } [36mfrom[0m [32m'./ico...[0m
  [90m1249 |[0m ...[33mwLeft[0m, [36mdefault[0m [36mas[0m [33mPilcrowLeft[0m, [36mdefault[0m [36mas[0m [33mPilcrowLeftIcon[0m } [36mfrom[0m [32m...[0m
[31m[1m>[0m [90m1250 |[0m ...[33mwRight[0m, [36mdefault[0m [36mas[0m [33mPilcrowRight[0m, [36mdefault[0m [36mas[0m [33mPilcrowRightIcon[0m } [36mfr..[0m.
  [90m     |[0m    [31m[1m^^^^^^^^^^^^^^^^^^^^^^^^^^^^^^^^^^^^^^^^^^^^^^^^^^^^^^^^^^^^^^^^^^^^[0m
  [90m1251 |[0m ...[33mw[0m, [36mdefault[0m [36mas[0m [33mPilcrow[0m, [36mdefault[0m [36mas[0m [33mPilcrowIcon[0m } [36mfrom[0m [32m'./icons/pil...[0m
  [90m1252 |[0m ...[33mttle[0m, [36mdefault[0m [36mas[0m [33mPillBottle[0m, [36mdefault[0m [36mas[0m [33mPillBottleIcon[0m } [36mfrom[0m [32m'./...[0m
  [90m1253 |[0m ...[36mdefault[0m [36mas[0m [33mPill[0m, [36mdefault[0m [36mas[0m [33mPillIcon[0m } [36mfrom[0m [32m'./icons/pill.mjs'[0m;



Import traces:
  Client Component Browser:
    ./.gemini/antigravity/scratch/teacher-tracking/node_modules/lucide-react/dist/esm/lucide-react.mjs [Client Component Browser]
    ./.gemini/antigravity/scratch/teacher-tracking/src/components/pages/DailyTasksPage.tsx [Client Component Browser]
    ./.gemini/antigravity/scratch/teacher-tracking/src/components/AppShell.tsx [Client Component Browser]
    ./.gemini/antigravity/scratch/teacher-tracking/src/app/page.tsx [Client Component Browser]
    ./.gemini/antigravity/scratch/teacher-tracking/src/app/page.tsx [Server Component]

  Client Component SSR:
    ./.gemini/antigravity/scratch/teacher-tracking/node_modules/lucide-react/dist/esm/lucide-react.mjs [Client Component SSR]
    ./.gemini/antigravity/scratch/teacher-tracking/src/components/pages/DailyTasksPage.tsx [Client Component SSR]
    ./.gemini/antigravity/scratch/teacher-tracking/src/components/AppShell.tsx [Client Component SSR]
    ./.gemini/antigravity/scratch/teacher-tracking/src/app/page.tsx [Client Component SSR]
    ./.gemini/antigravity/scratch/teacher-tracking/src/app/page.tsx [Server Component]

https://nextjs.org/docs/messages/module-not-found


./.gemini/antigravity/scratch/teacher-tracking/node_modules/lucide-react/dist/esm/lucide-react.mjs:1251:1
Module not found: Can't resolve './icons/pilcrow.mjs'
  [90m1249 |[0m ...[33mucidePilcrowLeft[0m, [36mdefault[0m [36mas[0m [33mPilcrowLeft[0m, [36mdefault[0m [36mas[0m [33mPilcrowLeftI...[0m
  [90m1250 |[0m ...[33mucidePilcrowRight[0m, [36mdefault[0m [36mas[0m [33mPilcrowRight[0m, [36mdefault[0m [36mas[0m [33mPilcrowRig...[0m
[31m[1m>[0m [90m1251 |[0m ...[33mucidePilcrow[0m, [36mdefault[0m [36mas[0m [33mPilcrow[0m, [36mdefault[0m [36mas[0m [33mPilcrowIcon[0m } [36mfrom[0m [32m'...[0m
  [90m     |[0m    [31m[1m^^^^^^^^^^^^^^^^^^^^^^^^^^^^^^^^^^^^^^^^^^^^^^^^^^^^^^^^^^^^^^^^^^^^[0m
  [90m1252 |[0m ...[33mucidePillBottle[0m, [36mdefault[0m [36mas[0m [33mPillBottle[0m, [36mdefault[0m [36mas[0m [33mPillBottleIcon[0m...
  [90m1253 |[0m ...[33mucidePill[0m, [36mdefault[0m [36mas[0m [33mPill[0m, [36mdefault[0m [36mas[0m [33mPillIcon[0m } [36mfrom[0m [32m'./icons/p...[0m
  [90m1254 |[0m ...[33mucidePinOff[0m, [36mdefault[0m [36mas[0m [33mPinOff[0m, [36mdefault[0m [36mas[0m [33mPinOffIcon[0m } [36mfrom[0m [32m'./i...[0m



Import traces:
  Client Component Browser:
    ./.gemini/antigravity/scratch/teacher-tracking/node_modules/lucide-react/dist/esm/lucide-react.mjs [Client Component Browser]
    ./.gemini/antigravity/scratch/teacher-tracking/src/components/pages/DailyTasksPage.tsx [Client Component Browser]
    ./.gemini/antigravity/scratch/teacher-tracking/src/components/AppShell.tsx [Client Component Browser]
    ./.gemini/antigravity/scratch/teacher-tracking/src/app/page.tsx [Client Component Browser]
    ./.gemini/antigravity/scratch/teacher-tracking/src/app/page.tsx [Server Component]

  Client Component SSR:
    ./.gemini/antigravity/scratch/teacher-tracking/node_modules/lucide-react/dist/esm/lucide-react.mjs [Client Component SSR]
    ./.gemini/antigravity/scratch/teacher-tracking/src/components/pages/DailyTasksPage.tsx [Client Component SSR]
    ./.gemini/antigravity/scratch/teacher-tracking/src/components/AppShell.tsx [Client Component SSR]
    ./.gemini/antigravity/scratch/teacher-tracking/src/app/page.tsx [Client Component SSR]
    ./.gemini/antigravity/scratch/teacher-tracking/src/app/page.tsx [Server Component]

https://nextjs.org/docs/messages/module-not-found


./.gemini/antigravity/scratch/teacher-tracking/node_modules/lucide-react/dist/esm/lucide-react.mjs:1252:1
Module not found: Can't resolve './icons/pill-bottle.mjs'
  [90m1250 |[0m ...[33mlcrowRight[0m, [36mdefault[0m [36mas[0m [33mPilcrowRight[0m, [36mdefault[0m [36mas[0m [33mPilcrowRightIcon[0m ..[36m.[0m
  [90m1251 |[0m ...[33mlcrow[0m, [36mdefault[0m [36mas[0m [33mPilcrow[0m, [36mdefault[0m [36mas[0m [33mPilcrowIcon[0m } [36mfrom[0m [32m'./icons...[0m
[31m[1m>[0m [90m1252 |[0m ...[33mllBottle[0m, [36mdefault[0m [36mas[0m [33mPillBottle[0m, [36mdefault[0m [36mas[0m [33mPillBottleIcon[0m } [36mfrom[0m.[32m..[0m
  [90m     |[0m    [31m[1m^^^^^^^^^^^^^^^^^^^^^^^^^^^^^^^^^^^^^^^^^^^^^^^^^^^^^^^^^^^^^^^^^^^^[0m
  [90m1253 |[0m ...[33mll[0m, [36mdefault[0m [36mas[0m [33mPill[0m, [36mdefault[0m [36mas[0m [33mPillIcon[0m } [36mfrom[0m [32m'./icons/pill.mjs'[0m;
  [90m1254 |[0m ...[33mnOff[0m, [36mdefault[0m [36mas[0m [33mPinOff[0m, [36mdefault[0m [36mas[0m [33mPinOffIcon[0m } [36mfrom[0m [32m'./icons/pi...[0m
  [90m1255 |[0m ...[33mn[0m, [36mdefault[0m [36mas[0m [33mPin[0m, [36mdefault[0m [36mas[0m [33mPinIcon[0m } [36mfrom[0m [32m'./icons/pin.mjs'[0m;



Import traces:
  Client Component Browser:
    ./.gemini/antigravity/scratch/teacher-tracking/node_modules/lucide-react/dist/esm/lucide-react.mjs [Client Component Browser]
    ./.gemini/antigravity/scratch/teacher-tracking/src/components/pages/DailyTasksPage.tsx [Client Component Browser]
    ./.gemini/antigravity/scratch/teacher-tracking/src/components/AppShell.tsx [Client Component Browser]
    ./.gemini/antigravity/scratch/teacher-tracking/src/app/page.tsx [Client Component Browser]
    ./.gemini/antigravity/scratch/teacher-tracking/src/app/page.tsx [Server Component]

  Client Component SSR:
    ./.gemini/antigravity/scratch/teacher-tracking/node_modules/lucide-react/dist/esm/lucide-react.mjs [Client Component SSR]
    ./.gemini/antigravity/scratch/teacher-tracking/src/components/pages/DailyTasksPage.tsx [Client Component SSR]
    ./.gemini/antigravity/scratch/teacher-tracking/src/components/AppShell.tsx [Client Component SSR]
    ./.gemini/antigravity/scratch/teacher-tracking/src/app/page.tsx [Client Component SSR]
    ./.gemini/antigravity/scratch/teacher-tracking/src/app/page.tsx [Server Component]

https://nextjs.org/docs/messages/module-not-found


./.gemini/antigravity/scratch/teacher-tracking/node_modules/lucide-react/dist/esm/lucide-react.mjs:1253:1
Module not found: Can't resolve './icons/pill.mjs'
  [90m1251 |[0m ...[36mt[0m [36mas[0m [33mLucidePilcrow[0m, [36mdefault[0m [36mas[0m [33mPilcrow[0m, [36mdefault[0m [36mas[0m [33mPilcrowIcon[0m } [36m...[0m
  [90m1252 |[0m ...[36mt[0m [36mas[0m [33mLucidePillBottle[0m, [36mdefault[0m [36mas[0m [33mPillBottle[0m, [36mdefault[0m [36mas[0m [33mPillBott...[0m
[31m[1m>[0m [90m1253 |[0m ...[36mt[0m [36mas[0m [33mLucidePill[0m, [36mdefault[0m [36mas[0m [33mPill[0m, [36mdefault[0m [36mas[0m [33mPillIcon[0m } [36mfrom[0m [32m'./i...[0m
  [90m     |[0m    [31m[1m^^^^^^^^^^^^^^^^^^^^^^^^^^^^^^^^^^^^^^^^^^^^^^^^^^^^^^^^^^^^^^^^^^^^[0m
  [90m1254 |[0m ...[36mt[0m [36mas[0m [33mLucidePinOff[0m, [36mdefault[0m [36mas[0m [33mPinOff[0m, [36mdefault[0m [36mas[0m [33mPinOffIcon[0m } [36mfro.[0m.[32m.[0m
  [90m1255 |[0m ...[36mt[0m [36mas[0m [33mLucidePin[0m, [36mdefault[0m [36mas[0m [33mPin[0m, [36mdefault[0m [36mas[0m [33mPinIcon[0m } [36mfrom[0m [32m'./icon...[0m
  [90m1256 |[0m ...[36mt[0m [36mas[0m [33mLucidePipette[0m, [36mdefault[0m [36mas[0m [33mPipette[0m, [36mdefault[0m [36mas[0m [33mPipetteIcon[0m } [36m...[0m



Import traces:
  Client Component Browser:
    ./.gemini/antigravity/scratch/teacher-tracking/node_modules/lucide-react/dist/esm/lucide-react.mjs [Client Component Browser]
    ./.gemini/antigravity/scratch/teacher-tracking/src/components/pages/DailyTasksPage.tsx [Client Component Browser]
    ./.gemini/antigravity/scratch/teacher-tracking/src/components/AppShell.tsx [Client Component Browser]
    ./.gemini/antigravity/scratch/teacher-tracking/src/app/page.tsx [Client Component Browser]
    ./.gemini/antigravity/scratch/teacher-tracking/src/app/page.tsx [Server Component]

  Client Component SSR:
    ./.gemini/antigravity/scratch/teacher-tracking/node_modules/lucide-react/dist/esm/lucide-react.mjs [Client Component SSR]
    ./.gemini/antigravity/scratch/teacher-tracking/src/components/pages/DailyTasksPage.tsx [Client Component SSR]
    ./.gemini/antigravity/scratch/teacher-tracking/src/components/AppShell.tsx [Client Component SSR]
    ./.gemini/antigravity/scratch/teacher-tracking/src/app/page.tsx [Client Component SSR]
    ./.gemini/antigravity/scratch/teacher-tracking/src/app/page.tsx [Server Component]

https://nextjs.org/docs/messages/module-not-found


./.gemini/antigravity/scratch/teacher-tracking/node_modules/lucide-react/dist/esm/lucide-react.mjs:1254:1
Module not found: Can't resolve './icons/pin-off.mjs'
  [90m1252 |[0m ...[33mLucidePillBottle[0m, [36mdefault[0m [36mas[0m [33mPillBottle[0m, [36mdefault[0m [36mas[0m [33mPillBottleIco.[0m..
  [90m1253 |[0m ...[33mLucidePill[0m, [36mdefault[0m [36mas[0m [33mPill[0m, [36mdefault[0m [36mas[0m [33mPillIcon[0m } [36mfrom[0m [32m'./icons/...[0m
[31m[1m>[0m [90m1254 |[0m ...[33mLucidePinOff[0m, [36mdefault[0m [36mas[0m [33mPinOff[0m, [36mdefault[0m [36mas[0m [33mPinOffIcon[0m } [36mfrom[0m [32m'./...[0m
  [90m     |[0m    [31m[1m^^^^^^^^^^^^^^^^^^^^^^^^^^^^^^^^^^^^^^^^^^^^^^^^^^^^^^^^^^^^^^^^^^^^[0m
  [90m1255 |[0m ...[33mLucidePin[0m, [36mdefault[0m [36mas[0m [33mPin[0m, [36mdefault[0m [36mas[0m [33mPinIcon[0m } [36mfrom[0m [32m'./icons/pin...[0m
  [90m1256 |[0m ...[33mLucidePipette[0m, [36mdefault[0m [36mas[0m [33mPipette[0m, [36mdefault[0m [36mas[0m [33mPipetteIcon[0m } [36mfrom[0m [32m...[0m
  [90m1257 |[0m ...[33mLucidePizza[0m, [36mdefault[0m [36mas[0m [33mPizza[0m, [36mdefault[0m [36mas[0m [33mPizzaIcon[0m } [36mfrom[0m [32m'./ico...[0m



Import traces:
  Client Component Browser:
    ./.gemini/antigravity/scratch/teacher-tracking/node_modules/lucide-react/dist/esm/lucide-react.mjs [Client Component Browser]
    ./.gemini/antigravity/scratch/teacher-tracking/src/components/pages/DailyTasksPage.tsx [Client Component Browser]
    ./.gemini/antigravity/scratch/teacher-tracking/src/components/AppShell.tsx [Client Component Browser]
    ./.gemini/antigravity/scratch/teacher-tracking/src/app/page.tsx [Client Component Browser]
    ./.gemini/antigravity/scratch/teacher-tracking/src/app/page.tsx [Server Component]

  Client Component SSR:
    ./.gemini/antigravity/scratch/teacher-tracking/node_modules/lucide-react/dist/esm/lucide-react.mjs [Client Component SSR]
    ./.gemini/antigravity/scratch/teacher-tracking/src/components/pages/DailyTasksPage.tsx [Client Component SSR]
    ./.gemini/antigravity/scratch/teacher-tracking/src/components/AppShell.tsx [Client Component SSR]
    ./.gemini/antigravity/scratch/teacher-tracking/src/app/page.tsx [Client Component SSR]
    ./.gemini/antigravity/scratch/teacher-tracking/src/app/page.tsx [Server Component]

https://nextjs.org/docs/messages/module-not-found


./.gemini/antigravity/scratch/teacher-tracking/node_modules/lucide-react/dist/esm/lucide-react.mjs:1255:1
Module not found: Can't resolve './icons/pin.mjs'
  [90m1253 |[0m ...[36mult[0m [36mas[0m [33mLucidePill[0m, [36mdefault[0m [36mas[0m [33mPill[0m, [36mdefault[0m [36mas[0m [33mPillIcon[0m } [36mfrom[0m [32m'....[0m
  [90m1254 |[0m ...[36mult[0m [36mas[0m [33mLucidePinOff[0m, [36mdefault[0m [36mas[0m [33mPinOff[0m, [36mdefault[0m [36mas[0m [33mPinOffIcon[0m } [36mf...[0m
[31m[1m>[0m [90m1255 |[0m ...[36mult[0m [36mas[0m [33mLucidePin[0m, [36mdefault[0m [36mas[0m [33mPin[0m, [36mdefault[0m [36mas[0m [33mPinIcon[0m } [36mfrom[0m [32m'./ic...[0m
  [90m     |[0m    [31m[1m^^^^^^^^^^^^^^^^^^^^^^^^^^^^^^^^^^^^^^^^^^^^^^^^^^^^^^^^^^^^^^^^^^^^[0m
  [90m1256 |[0m ...[36mult[0m [36mas[0m [33mLucidePipette[0m, [36mdefault[0m [36mas[0m [33mPipette[0m, [36mdefault[0m [36mas[0m [33mPipetteIcon[0m ..[36m.[0m
  [90m1257 |[0m ...[36mult[0m [36mas[0m [33mLucidePizza[0m, [36mdefault[0m [36mas[0m [33mPizza[0m, [36mdefault[0m [36mas[0m [33mPizzaIcon[0m } [36mfrom[0m.[32m..[0m
  [90m1258 |[0m ...[36mult[0m [36mas[0m [33mLucidePlaneTakeoff[0m, [36mdefault[0m [36mas[0m [33mPlaneTakeoff[0m, [36mdefault[0m [36mas[0m [33mPl...[0m



Import traces:
  Client Component Browser:
    ./.gemini/antigravity/scratch/teacher-tracking/node_modules/lucide-react/dist/esm/lucide-react.mjs [Client Component Browser]
    ./.gemini/antigravity/scratch/teacher-tracking/src/components/pages/DailyTasksPage.tsx [Client Component Browser]
    ./.gemini/antigravity/scratch/teacher-tracking/src/components/AppShell.tsx [Client Component Browser]
    ./.gemini/antigravity/scratch/teacher-tracking/src/app/page.tsx [Client Component Browser]
    ./.gemini/antigravity/scratch/teacher-tracking/src/app/page.tsx [Server Component]

  Client Component SSR:
    ./.gemini/antigravity/scratch/teacher-tracking/node_modules/lucide-react/dist/esm/lucide-react.mjs [Client Component SSR]
    ./.gemini/antigravity/scratch/teacher-tracking/src/components/pages/DailyTasksPage.tsx [Client Component SSR]
    ./.gemini/antigravity/scratch/teacher-tracking/src/components/AppShell.tsx [Client Component SSR]
    ./.gemini/antigravity/scratch/teacher-tracking/src/app/page.tsx [Client Component SSR]
    ./.gemini/antigravity/scratch/teacher-tracking/src/app/page.tsx [Server Component]

https://nextjs.org/docs/messages/module-not-found


./.gemini/antigravity/scratch/teacher-tracking/node_modules/lucide-react/dist/esm/lucide-react.mjs:1256:1
Module not found: Can't resolve './icons/pipette.mjs'
  [90m1254 |[0m ...[33mucidePinOff[0m, [36mdefault[0m [36mas[0m [33mPinOff[0m, [36mdefault[0m [36mas[0m [33mPinOffIcon[0m } [36mfrom[0m [32m'./i...[0m
  [90m1255 |[0m ...[33mucidePin[0m, [36mdefault[0m [36mas[0m [33mPin[0m, [36mdefault[0m [36mas[0m [33mPinIcon[0m } [36mfrom[0m [32m'./icons/pin....[0m
[31m[1m>[0m [90m1256 |[0m ...[33mucidePipette[0m, [36mdefault[0m [36mas[0m [33mPipette[0m, [36mdefault[0m [36mas[0m [33mPipetteIcon[0m } [36mfrom[0m [32m'...[0m
  [90m     |[0m    [31m[1m^^^^^^^^^^^^^^^^^^^^^^^^^^^^^^^^^^^^^^^^^^^^^^^^^^^^^^^^^^^^^^^^^^^^[0m
  [90m1257 |[0m ...[33mucidePizza[0m, [36mdefault[0m [36mas[0m [33mPizza[0m, [36mdefault[0m [36mas[0m [33mPizzaIcon[0m } [36mfrom[0m [32m'./icon...[0m
  [90m1258 |[0m ...[33mucidePlaneTakeoff[0m, [36mdefault[0m [36mas[0m [33mPlaneTakeoff[0m, [36mdefault[0m [36mas[0m [33mPlaneTakeo...[0m
  [90m1259 |[0m ...[33mucidePlaneLanding[0m, [36mdefault[0m [36mas[0m [33mPlaneLanding[0m, [36mdefault[0m [36mas[0m [33mPlaneLandi...[0m



Import traces:
  Client Component Browser:
    ./.gemini/antigravity/scratch/teacher-tracking/node_modules/lucide-react/dist/esm/lucide-react.mjs [Client Component Browser]
    ./.gemini/antigravity/scratch/teacher-tracking/src/components/pages/DailyTasksPage.tsx [Client Component Browser]
    ./.gemini/antigravity/scratch/teacher-tracking/src/components/AppShell.tsx [Client Component Browser]
    ./.gemini/antigravity/scratch/teacher-tracking/src/app/page.tsx [Client Component Browser]
    ./.gemini/antigravity/scratch/teacher-tracking/src/app/page.tsx [Server Component]

  Client Component SSR:
    ./.gemini/antigravity/scratch/teacher-tracking/node_modules/lucide-react/dist/esm/lucide-react.mjs [Client Component SSR]
    ./.gemini/antigravity/scratch/teacher-tracking/src/components/pages/DailyTasksPage.tsx [Client Component SSR]
    ./.gemini/antigravity/scratch/teacher-tracking/src/components/AppShell.tsx [Client Component SSR]
    ./.gemini/antigravity/scratch/teacher-tracking/src/app/page.tsx [Client Component SSR]
    ./.gemini/antigravity/scratch/teacher-tracking/src/app/page.tsx [Server Component]

https://nextjs.org/docs/messages/module-not-found


./.gemini/antigravity/scratch/teacher-tracking/node_modules/lucide-react/dist/esm/lucide-react.mjs:1257:1
Module not found: Can't resolve './icons/pizza.mjs'
  [90m1255 |[0m ...[36mas[0m [33mLucidePin[0m, [36mdefault[0m [36mas[0m [33mPin[0m, [36mdefault[0m [36mas[0m [33mPinIcon[0m } [36mfrom[0m [32m'./icons/...[0m
  [90m1256 |[0m ...[36mas[0m [33mLucidePipette[0m, [36mdefault[0m [36mas[0m [33mPipette[0m, [36mdefault[0m [36mas[0m [33mPipetteIcon[0m } [36mfr..[0m.
[31m[1m>[0m [90m1257 |[0m ...[36mas[0m [33mLucidePizza[0m, [36mdefault[0m [36mas[0m [33mPizza[0m, [36mdefault[0m [36mas[0m [33mPizzaIcon[0m } [36mfrom[0m [32m'./...[0m
  [90m     |[0m    [31m[1m^^^^^^^^^^^^^^^^^^^^^^^^^^^^^^^^^^^^^^^^^^^^^^^^^^^^^^^^^^^^^^^^^^^^[0m
  [90m1258 |[0m ...[36mas[0m [33mLucidePlaneTakeoff[0m, [36mdefault[0m [36mas[0m [33mPlaneTakeoff[0m, [36mdefault[0m [36mas[0m [33mPlaneT...[0m
  [90m1259 |[0m ...[36mas[0m [33mLucidePlaneLanding[0m, [36mdefault[0m [36mas[0m [33mPlaneLanding[0m, [36mdefault[0m [36mas[0m [33mPlaneL...[0m
  [90m1260 |[0m ...[36mas[0m [33mLucidePlane[0m, [36mdefault[0m [36mas[0m [33mPlane[0m, [36mdefault[0m [36mas[0m [33mPlaneIcon[0m } [36mfrom[0m [32m'./...[0m



Import traces:
  Client Component Browser:
    ./.gemini/antigravity/scratch/teacher-tracking/node_modules/lucide-react/dist/esm/lucide-react.mjs [Client Component Browser]
    ./.gemini/antigravity/scratch/teacher-tracking/src/components/pages/DailyTasksPage.tsx [Client Component Browser]
    ./.gemini/antigravity/scratch/teacher-tracking/src/components/AppShell.tsx [Client Component Browser]
    ./.gemini/antigravity/scratch/teacher-tracking/src/app/page.tsx [Client Component Browser]
    ./.gemini/antigravity/scratch/teacher-tracking/src/app/page.tsx [Server Component]

  Client Component SSR:
    ./.gemini/antigravity/scratch/teacher-tracking/node_modules/lucide-react/dist/esm/lucide-react.mjs [Client Component SSR]
    ./.gemini/antigravity/scratch/teacher-tracking/src/components/pages/DailyTasksPage.tsx [Client Component SSR]
    ./.gemini/antigravity/scratch/teacher-tracking/src/components/AppShell.tsx [Client Component SSR]
    ./.gemini/antigravity/scratch/teacher-tracking/src/app/page.tsx [Client Component SSR]
    ./.gemini/antigravity/scratch/teacher-tracking/src/app/page.tsx [Server Component]

https://nextjs.org/docs/messages/module-not-found


./.gemini/antigravity/scratch/teacher-tracking/node_modules/lucide-react/dist/esm/lucide-react.mjs:1259:1
Module not found: Can't resolve './icons/plane-landing.mjs'
  [90m1257 |[0m ... [36mdefault[0m [36mas[0m [33mPizza[0m, [36mdefault[0m [36mas[0m [33mPizzaIcon[0m } [36mfrom[0m [32m'./icons/pizza.mjs'[0m;
  [90m1258 |[0m ...[33makeoff[0m, [36mdefault[0m [36mas[0m [33mPlaneTakeoff[0m, [36mdefault[0m [36mas[0m [33mPlaneTakeoffIcon[0m } [36mfr..[0m.
[31m[1m>[0m [90m1259 |[0m ...[33manding[0m, [36mdefault[0m [36mas[0m [33mPlaneLanding[0m, [36mdefault[0m [36mas[0m [33mPlaneLandingIcon[0m } [36mfr..[0m.
  [90m     |[0m    [31m[1m^^^^^^^^^^^^^^^^^^^^^^^^^^^^^^^^^^^^^^^^^^^^^^^^^^^^^^^^^^^^^^^^^^^^[0m
  [90m1260 |[0m ... [36mdefault[0m [36mas[0m [33mPlane[0m, [36mdefault[0m [36mas[0m [33mPlaneIcon[0m } [36mfrom[0m [32m'./icons/plane.mjs'[0m;
  [90m1261 |[0m ...[36mdefault[0m [36mas[0m [33mPlay[0m, [36mdefault[0m [36mas[0m [33mPlayIcon[0m } [36mfrom[0m [32m'./icons/play.mjs'[0m;
  [90m1262 |[0m ... [36mdefault[0m [36mas[0m [33mPlug2[0m, [36mdefault[0m [36mas[0m [33mPlug2Icon[0m } [36mfrom[0m [32m'./icons/plug-2.mjs'[0m;



Import traces:
  Client Component Browser:
    ./.gemini/antigravity/scratch/teacher-tracking/node_modules/lucide-react/dist/esm/lucide-react.mjs [Client Component Browser]
    ./.gemini/antigravity/scratch/teacher-tracking/src/components/pages/DailyTasksPage.tsx [Client Component Browser]
    ./.gemini/antigravity/scratch/teacher-tracking/src/components/AppShell.tsx [Client Component Browser]
    ./.gemini/antigravity/scratch/teacher-tracking/src/app/page.tsx [Client Component Browser]
    ./.gemini/antigravity/scratch/teacher-tracking/src/app/page.tsx [Server Component]

  Client Component SSR:
    ./.gemini/antigravity/scratch/teacher-tracking/node_modules/lucide-react/dist/esm/lucide-react.mjs [Client Component SSR]
    ./.gemini/antigravity/scratch/teacher-tracking/src/components/pages/DailyTasksPage.tsx [Client Component SSR]
    ./.gemini/antigravity/scratch/teacher-tracking/src/components/AppShell.tsx [Client Component SSR]
    ./.gemini/antigravity/scratch/teacher-tracking/src/app/page.tsx [Client Component SSR]
    ./.gemini/antigravity/scratch/teacher-tracking/src/app/page.tsx [Server Component]

https://nextjs.org/docs/messages/module-not-found


./.gemini/antigravity/scratch/teacher-tracking/node_modules/lucide-react/dist/esm/lucide-react.mjs:1258:1
Module not found: Can't resolve './icons/plane-takeoff.mjs'
  [90m1256 |[0m ...[33me[0m, [36mdefault[0m [36mas[0m [33mPipette[0m, [36mdefault[0m [36mas[0m [33mPipetteIcon[0m } [36mfrom[0m [32m'./icons/pip...[0m
  [90m1257 |[0m ... [36mdefault[0m [36mas[0m [33mPizza[0m, [36mdefault[0m [36mas[0m [33mPizzaIcon[0m } [36mfrom[0m [32m'./icons/pizza.mjs'[0m;
[31m[1m>[0m [90m1258 |[0m ...[33makeoff[0m, [36mdefault[0m [36mas[0m [33mPlaneTakeoff[0m, [36mdefault[0m [36mas[0m [33mPlaneTakeoffIcon[0m } [36mfr..[0m.
  [90m     |[0m    [31m[1m^^^^^^^^^^^^^^^^^^^^^^^^^^^^^^^^^^^^^^^^^^^^^^^^^^^^^^^^^^^^^^^^^^^^[0m
  [90m1259 |[0m ...[33manding[0m, [36mdefault[0m [36mas[0m [33mPlaneLanding[0m, [36mdefault[0m [36mas[0m [33mPlaneLandingIcon[0m } [36mfr..[0m.
  [90m1260 |[0m ... [36mdefault[0m [36mas[0m [33mPlane[0m, [36mdefault[0m [36mas[0m [33mPlaneIcon[0m } [36mfrom[0m [32m'./icons/plane.mjs'[0m;
  [90m1261 |[0m ...[36mdefault[0m [36mas[0m [33mPlay[0m, [36mdefault[0m [36mas[0m [33mPlayIcon[0m } [36mfrom[0m [32m'./icons/play.mjs'[0m;



Import traces:
  Client Component Browser:
    ./.gemini/antigravity/scratch/teacher-tracking/node_modules/lucide-react/dist/esm/lucide-react.mjs [Client Component Browser]
    ./.gemini/antigravity/scratch/teacher-tracking/src/components/pages/DailyTasksPage.tsx [Client Component Browser]
    ./.gemini/antigravity/scratch/teacher-tracking/src/components/AppShell.tsx [Client Component Browser]
    ./.gemini/antigravity/scratch/teacher-tracking/src/app/page.tsx [Client Component Browser]
    ./.gemini/antigravity/scratch/teacher-tracking/src/app/page.tsx [Server Component]

  Client Component SSR:
    ./.gemini/antigravity/scratch/teacher-tracking/node_modules/lucide-react/dist/esm/lucide-react.mjs [Client Component SSR]
    ./.gemini/antigravity/scratch/teacher-tracking/src/components/pages/DailyTasksPage.tsx [Client Component SSR]
    ./.gemini/antigravity/scratch/teacher-tracking/src/components/AppShell.tsx [Client Component SSR]
    ./.gemini/antigravity/scratch/teacher-tracking/src/app/page.tsx [Client Component SSR]
    ./.gemini/antigravity/scratch/teacher-tracking/src/app/page.tsx [Server Component]

https://nextjs.org/docs/messages/module-not-found


./.gemini/antigravity/scratch/teacher-tracking/node_modules/lucide-react/dist/esm/lucide-react.mjs:1260:1
Module not found: Can't resolve './icons/plane.mjs'
  [90m1258 |[0m ...[36mas[0m [33mLucidePlaneTakeoff[0m, [36mdefault[0m [36mas[0m [33mPlaneTakeoff[0m, [36mdefault[0m [36mas[0m [33mPlaneT...[0m
  [90m1259 |[0m ...[36mas[0m [33mLucidePlaneLanding[0m, [36mdefault[0m [36mas[0m [33mPlaneLanding[0m, [36mdefault[0m [36mas[0m [33mPlaneL...[0m
[31m[1m>[0m [90m1260 |[0m ...[36mas[0m [33mLucidePlane[0m, [36mdefault[0m [36mas[0m [33mPlane[0m, [36mdefault[0m [36mas[0m [33mPlaneIcon[0m } [36mfrom[0m [32m'./...[0m
  [90m     |[0m    [31m[1m^^^^^^^^^^^^^^^^^^^^^^^^^^^^^^^^^^^^^^^^^^^^^^^^^^^^^^^^^^^^^^^^^^^^[0m
  [90m1261 |[0m ...[36mas[0m [33mLucidePlay[0m, [36mdefault[0m [36mas[0m [33mPlay[0m, [36mdefault[0m [36mas[0m [33mPlayIcon[0m } [36mfrom[0m [32m'./ico...[0m
  [90m1262 |[0m ...[36mas[0m [33mLucidePlug2[0m, [36mdefault[0m [36mas[0m [33mPlug2[0m, [36mdefault[0m [36mas[0m [33mPlug2Icon[0m } [36mfrom[0m [32m'./...[0m
  [90m1263 |[0m ...[36mas[0m [33mLucidePlug[0m, [36mdefault[0m [36mas[0m [33mPlug[0m, [36mdefault[0m [36mas[0m [33mPlugIcon[0m } [36mfrom[0m [32m'./ico...[0m



Import traces:
  Client Component Browser:
    ./.gemini/antigravity/scratch/teacher-tracking/node_modules/lucide-react/dist/esm/lucide-react.mjs [Client Component Browser]
    ./.gemini/antigravity/scratch/teacher-tracking/src/components/pages/DailyTasksPage.tsx [Client Component Browser]
    ./.gemini/antigravity/scratch/teacher-tracking/src/components/AppShell.tsx [Client Component Browser]
    ./.gemini/antigravity/scratch/teacher-tracking/src/app/page.tsx [Client Component Browser]
    ./.gemini/antigravity/scratch/teacher-tracking/src/app/page.tsx [Server Component]

  Client Component SSR:
    ./.gemini/antigravity/scratch/teacher-tracking/node_modules/lucide-react/dist/esm/lucide-react.mjs [Client Component SSR]
    ./.gemini/antigravity/scratch/teacher-tracking/src/components/pages/DailyTasksPage.tsx [Client Component SSR]
    ./.gemini/antigravity/scratch/teacher-tracking/src/components/AppShell.tsx [Client Component SSR]
    ./.gemini/antigravity/scratch/teacher-tracking/src/app/page.tsx [Client Component SSR]
    ./.gemini/antigravity/scratch/teacher-tracking/src/app/page.tsx [Server Component]

https://nextjs.org/docs/messages/module-not-found


./.gemini/antigravity/scratch/teacher-tracking/node_modules/lucide-react/dist/esm/lucide-react.mjs:1261:1
Module not found: Can't resolve './icons/play.mjs'
  [90m1259 |[0m ...[36mt[0m [36mas[0m [33mLucidePlaneLanding[0m, [36mdefault[0m [36mas[0m [33mPlaneLanding[0m, [36mdefault[0m [36mas[0m [33mPlan...[0m
  [90m1260 |[0m ...[36mt[0m [36mas[0m [33mLucidePlane[0m, [36mdefault[0m [36mas[0m [33mPlane[0m, [36mdefault[0m [36mas[0m [33mPlaneIcon[0m } [36mfrom[0m [32m'...[0m
[31m[1m>[0m [90m1261 |[0m ...[36mt[0m [36mas[0m [33mLucidePlay[0m, [36mdefault[0m [36mas[0m [33mPlay[0m, [36mdefault[0m [36mas[0m [33mPlayIcon[0m } [36mfrom[0m [32m'./i...[0m
  [90m     |[0m    [31m[1m^^^^^^^^^^^^^^^^^^^^^^^^^^^^^^^^^^^^^^^^^^^^^^^^^^^^^^^^^^^^^^^^^^^^[0m
  [90m1262 |[0m ...[36mt[0m [36mas[0m [33mLucidePlug2[0m, [36mdefault[0m [36mas[0m [33mPlug2[0m, [36mdefault[0m [36mas[0m [33mPlug2Icon[0m } [36mfrom[0m [32m'...[0m
  [90m1263 |[0m ...[36mt[0m [36mas[0m [33mLucidePlug[0m, [36mdefault[0m [36mas[0m [33mPlug[0m, [36mdefault[0m [36mas[0m [33mPlugIcon[0m } [36mfrom[0m [32m'./i...[0m
  [90m1264 |[0m ...[36mt[0m [36mas[0m [33mLucidePlus[0m, [36mdefault[0m [36mas[0m [33mPlus[0m, [36mdefault[0m [36mas[0m [33mPlusIcon[0m } [36mfrom[0m [32m'./i...[0m



Import traces:
  Client Component Browser:
    ./.gemini/antigravity/scratch/teacher-tracking/node_modules/lucide-react/dist/esm/lucide-react.mjs [Client Component Browser]
    ./.gemini/antigravity/scratch/teacher-tracking/src/components/pages/DailyTasksPage.tsx [Client Component Browser]
    ./.gemini/antigravity/scratch/teacher-tracking/src/components/AppShell.tsx [Client Component Browser]
    ./.gemini/antigravity/scratch/teacher-tracking/src/app/page.tsx [Client Component Browser]
    ./.gemini/antigravity/scratch/teacher-tracking/src/app/page.tsx [Server Component]

  Client Component SSR:
    ./.gemini/antigravity/scratch/teacher-tracking/node_modules/lucide-react/dist/esm/lucide-react.mjs [Client Component SSR]
    ./.gemini/antigravity/scratch/teacher-tracking/src/components/pages/DailyTasksPage.tsx [Client Component SSR]
    ./.gemini/antigravity/scratch/teacher-tracking/src/components/AppShell.tsx [Client Component SSR]
    ./.gemini/antigravity/scratch/teacher-tracking/src/app/page.tsx [Client Component SSR]
    ./.gemini/antigravity/scratch/teacher-tracking/src/app/page.tsx [Server Component]

https://nextjs.org/docs/messages/module-not-found


./.gemini/antigravity/scratch/teacher-tracking/node_modules/lucide-react/dist/esm/lucide-react.mjs:1262:1
Module not found: Can't resolve './icons/plug-2.mjs'
  [90m1260 |[0m ...[36ms[0m [33mLucidePlane[0m, [36mdefault[0m [36mas[0m [33mPlane[0m, [36mdefault[0m [36mas[0m [33mPlaneIcon[0m } [36mfrom[0m [32m'./i...[0m
  [90m1261 |[0m ...[36ms[0m [33mLucidePlay[0m, [36mdefault[0m [36mas[0m [33mPlay[0m, [36mdefault[0m [36mas[0m [33mPlayIcon[0m } [36mfrom[0m [32m'./icon...[0m
[31m[1m>[0m [90m1262 |[0m ...[36ms[0m [33mLucidePlug2[0m, [36mdefault[0m [36mas[0m [33mPlug2[0m, [36mdefault[0m [36mas[0m [33mPlug2Icon[0m } [36mfrom[0m [32m'./i...[0m
  [90m     |[0m    [31m[1m^^^^^^^^^^^^^^^^^^^^^^^^^^^^^^^^^^^^^^^^^^^^^^^^^^^^^^^^^^^^^^^^^^^^[0m
  [90m1263 |[0m ...[36ms[0m [33mLucidePlug[0m, [36mdefault[0m [36mas[0m [33mPlug[0m, [36mdefault[0m [36mas[0m [33mPlugIcon[0m } [36mfrom[0m [32m'./icon...[0m
  [90m1264 |[0m ...[36ms[0m [33mLucidePlus[0m, [36mdefault[0m [36mas[0m [33mPlus[0m, [36mdefault[0m [36mas[0m [33mPlusIcon[0m } [36mfrom[0m [32m'./icon...[0m
  [90m1265 |[0m ...[36ms[0m [33mLucidePocketKnife[0m, [36mdefault[0m [36mas[0m [33mPocketKnife[0m, [36mdefault[0m [36mas[0m [33mPocketKni...[0m



Import traces:
  Client Component Browser:
    ./.gemini/antigravity/scratch/teacher-tracking/node_modules/lucide-react/dist/esm/lucide-react.mjs [Client Component Browser]
    ./.gemini/antigravity/scratch/teacher-tracking/src/components/pages/DailyTasksPage.tsx [Client Component Browser]
    ./.gemini/antigravity/scratch/teacher-tracking/src/components/AppShell.tsx [Client Component Browser]
    ./.gemini/antigravity/scratch/teacher-tracking/src/app/page.tsx [Client Component Browser]
    ./.gemini/antigravity/scratch/teacher-tracking/src/app/page.tsx [Server Component]

  Client Component SSR:
    ./.gemini/antigravity/scratch/teacher-tracking/node_modules/lucide-react/dist/esm/lucide-react.mjs [Client Component SSR]
    ./.gemini/antigravity/scratch/teacher-tracking/src/components/pages/DailyTasksPage.tsx [Client Component SSR]
    ./.gemini/antigravity/scratch/teacher-tracking/src/components/AppShell.tsx [Client Component SSR]
    ./.gemini/antigravity/scratch/teacher-tracking/src/app/page.tsx [Client Component SSR]
    ./.gemini/antigravity/scratch/teacher-tracking/src/app/page.tsx [Server Component]

https://nextjs.org/docs/messages/module-not-found


./.gemini/antigravity/scratch/teacher-tracking/node_modules/lucide-react/dist/esm/lucide-react.mjs:153:1
Module not found: Can't resolve './icons/plug-zap.mjs'
  [90m151 |[0m ...[36mas[0m [33mLucideEdit3[0m, [36mdefault[0m [36mas[0m [33mLucidePenLine[0m, [36mdefault[0m [36mas[0m [33mPenLine[0m, [36mdefa...[0m
  [90m152 |[0m ...[36mas[0m [33mLucideEdit2[0m, [36mdefault[0m [36mas[0m [33mLucidePen[0m, [36mdefault[0m [36mas[0m [33mPen[0m, [36mdefault[0m [36mas[0m [33mP...[0m
[31m[1m>[0m [90m153 |[0m ...[33map2[0m, [36mdefault[0m [36mas[0m [33mPlugZap[0m, [36mdefault[0m [36mas[0m [33mPlugZap2[0m, [36mdefault[0m [36mas[0m [33mPlugZap2I...[0m
  [90m    |[0m    [31m[1m^^^^^^^^^^^^^^^^^^^^^^^^^^^^^^^^^^^^^^^^^^^^^^^^^^^^^^^^^^^^^^^^^^^^^[0m
  [90m154 |[0m ...[36mdefault[0m [36mas[0m [33mLucideFormInput[0m, [36mdefault[0m [36mas[0m [33mLucideRectangleEllipsis[0m, [36mde...[0m
  [90m155 |[0m ...[33mte3d[0m, [36mdefault[0m [36mas[0m [33mRotate3D[0m, [36mdefault[0m [36mas[0m [33mRotate3DIcon[0m, [36mdefault[0m [36mas[0m [33mRot...[0m
  [90m156 |[0m ...[36mefault[0m [36mas[0m [33mRows[0m, [36mdefault[0m [36mas[0m [33mRows2[0m, [36mdefault[0m [36mas[0m [33mRows2Icon[0m, [36mdefault[0m [36mas[0m.[33m..[0m



Import traces:
  Client Component Browser:
    ./.gemini/antigravity/scratch/teacher-tracking/node_modules/lucide-react/dist/esm/lucide-react.mjs [Client Component Browser]
    ./.gemini/antigravity/scratch/teacher-tracking/src/components/pages/DailyTasksPage.tsx [Client Component Browser]
    ./.gemini/antigravity/scratch/teacher-tracking/src/components/AppShell.tsx [Client Component Browser]
    ./.gemini/antigravity/scratch/teacher-tracking/src/app/page.tsx [Client Component Browser]
    ./.gemini/antigravity/scratch/teacher-tracking/src/app/page.tsx [Server Component]

  Client Component SSR:
    ./.gemini/antigravity/scratch/teacher-tracking/node_modules/lucide-react/dist/esm/lucide-react.mjs [Client Component SSR]
    ./.gemini/antigravity/scratch/teacher-tracking/src/components/pages/DailyTasksPage.tsx [Client Component SSR]
    ./.gemini/antigravity/scratch/teacher-tracking/src/components/AppShell.tsx [Client Component SSR]
    ./.gemini/antigravity/scratch/teacher-tracking/src/app/page.tsx [Client Component SSR]
    ./.gemini/antigravity/scratch/teacher-tracking/src/app/page.tsx [Server Component]

https://nextjs.org/docs/messages/module-not-found


./.gemini/antigravity/scratch/teacher-tracking/node_modules/lucide-react/dist/esm/lucide-react.mjs:1263:1
Module not found: Can't resolve './icons/plug.mjs'
  [90m1261 |[0m ...[36mt[0m [36mas[0m [33mLucidePlay[0m, [36mdefault[0m [36mas[0m [33mPlay[0m, [36mdefault[0m [36mas[0m [33mPlayIcon[0m } [36mfrom[0m [32m'./i...[0m
  [90m1262 |[0m ...[36mt[0m [36mas[0m [33mLucidePlug2[0m, [36mdefault[0m [36mas[0m [33mPlug2[0m, [36mdefault[0m [36mas[0m [33mPlug2Icon[0m } [36mfrom[0m [32m'...[0m
[31m[1m>[0m [90m1263 |[0m ...[36mt[0m [36mas[0m [33mLucidePlug[0m, [36mdefault[0m [36mas[0m [33mPlug[0m, [36mdefault[0m [36mas[0m [33mPlugIcon[0m } [36mfrom[0m [32m'./i...[0m
  [90m     |[0m    [31m[1m^^^^^^^^^^^^^^^^^^^^^^^^^^^^^^^^^^^^^^^^^^^^^^^^^^^^^^^^^^^^^^^^^^^^[0m
  [90m1264 |[0m ...[36mt[0m [36mas[0m [33mLucidePlus[0m, [36mdefault[0m [36mas[0m [33mPlus[0m, [36mdefault[0m [36mas[0m [33mPlusIcon[0m } [36mfrom[0m [32m'./i...[0m
  [90m1265 |[0m ...[36mt[0m [36mas[0m [33mLucidePocketKnife[0m, [36mdefault[0m [36mas[0m [33mPocketKnife[0m, [36mdefault[0m [36mas[0m [33mPocket...[0m
  [90m1266 |[0m ...[36mt[0m [36mas[0m [33mLucidePodcast[0m, [36mdefault[0m [36mas[0m [33mPodcast[0m, [36mdefault[0m [36mas[0m [33mPodcastIcon[0m } [36m...[0m



Import traces:
  Client Component Browser:
    ./.gemini/antigravity/scratch/teacher-tracking/node_modules/lucide-react/dist/esm/lucide-react.mjs [Client Component Browser]
    ./.gemini/antigravity/scratch/teacher-tracking/src/components/pages/DailyTasksPage.tsx [Client Component Browser]
    ./.gemini/antigravity/scratch/teacher-tracking/src/components/AppShell.tsx [Client Component Browser]
    ./.gemini/antigravity/scratch/teacher-tracking/src/app/page.tsx [Client Component Browser]
    ./.gemini/antigravity/scratch/teacher-tracking/src/app/page.tsx [Server Component]

  Client Component SSR:
    ./.gemini/antigravity/scratch/teacher-tracking/node_modules/lucide-react/dist/esm/lucide-react.mjs [Client Component SSR]
    ./.gemini/antigravity/scratch/teacher-tracking/src/components/pages/DailyTasksPage.tsx [Client Component SSR]
    ./.gemini/antigravity/scratch/teacher-tracking/src/components/AppShell.tsx [Client Component SSR]
    ./.gemini/antigravity/scratch/teacher-tracking/src/app/page.tsx [Client Component SSR]
    ./.gemini/antigravity/scratch/teacher-tracking/src/app/page.tsx [Server Component]

https://nextjs.org/docs/messages/module-not-found


./.gemini/antigravity/scratch/teacher-tracking/node_modules/lucide-react/dist/esm/lucide-react.mjs:1264:1
Module not found: Can't resolve './icons/plus.mjs'
  [90m1262 |[0m ...[36mt[0m [36mas[0m [33mLucidePlug2[0m, [36mdefault[0m [36mas[0m [33mPlug2[0m, [36mdefault[0m [36mas[0m [33mPlug2Icon[0m } [36mfrom[0m [32m'...[0m
  [90m1263 |[0m ...[36mt[0m [36mas[0m [33mLucidePlug[0m, [36mdefault[0m [36mas[0m [33mPlug[0m, [36mdefault[0m [36mas[0m [33mPlugIcon[0m } [36mfrom[0m [32m'./i...[0m
[31m[1m>[0m [90m1264 |[0m ...[36mt[0m [36mas[0m [33mLucidePlus[0m, [36mdefault[0m [36mas[0m [33mPlus[0m, [36mdefault[0m [36mas[0m [33mPlusIcon[0m } [36mfrom[0m [32m'./i...[0m
  [90m     |[0m    [31m[1m^^^^^^^^^^^^^^^^^^^^^^^^^^^^^^^^^^^^^^^^^^^^^^^^^^^^^^^^^^^^^^^^^^^^[0m
  [90m1265 |[0m ...[36mt[0m [36mas[0m [33mLucidePocketKnife[0m, [36mdefault[0m [36mas[0m [33mPocketKnife[0m, [36mdefault[0m [36mas[0m [33mPocket...[0m
  [90m1266 |[0m ...[36mt[0m [36mas[0m [33mLucidePodcast[0m, [36mdefault[0m [36mas[0m [33mPodcast[0m, [36mdefault[0m [36mas[0m [33mPodcastIcon[0m } [36m...[0m
  [90m1267 |[0m ...[36mt[0m [36mas[0m [33mLucidePointerOff[0m, [36mdefault[0m [36mas[0m [33mPointerOff[0m, [36mdefault[0m [36mas[0m [33mPointerO...[0m



Import traces:
  Client Component Browser:
    ./.gemini/antigravity/scratch/teacher-tracking/node_modules/lucide-react/dist/esm/lucide-react.mjs [Client Component Browser]
    ./.gemini/antigravity/scratch/teacher-tracking/src/components/pages/DailyTasksPage.tsx [Client Component Browser]
    ./.gemini/antigravity/scratch/teacher-tracking/src/components/AppShell.tsx [Client Component Browser]
    ./.gemini/antigravity/scratch/teacher-tracking/src/app/page.tsx [Client Component Browser]
    ./.gemini/antigravity/scratch/teacher-tracking/src/app/page.tsx [Server Component]

  Client Component SSR:
    ./.gemini/antigravity/scratch/teacher-tracking/node_modules/lucide-react/dist/esm/lucide-react.mjs [Client Component SSR]
    ./.gemini/antigravity/scratch/teacher-tracking/src/components/pages/DailyTasksPage.tsx [Client Component SSR]
    ./.gemini/antigravity/scratch/teacher-tracking/src/components/AppShell.tsx [Client Component SSR]
    ./.gemini/antigravity/scratch/teacher-tracking/src/app/page.tsx [Client Component SSR]
    ./.gemini/antigravity/scratch/teacher-tracking/src/app/page.tsx [Server Component]

https://nextjs.org/docs/messages/module-not-found


./.gemini/antigravity/scratch/teacher-tracking/node_modules/lucide-react/dist/esm/lucide-react.mjs:1265:1
Module not found: Can't resolve './icons/pocket-knife.mjs'
  [90m1263 |[0m ..., [36mdefault[0m [36mas[0m [33mPlug[0m, [36mdefault[0m [36mas[0m [33mPlugIcon[0m } [36mfrom[0m [32m'./icons/plug.mjs'[0m;
  [90m1264 |[0m ..., [36mdefault[0m [36mas[0m [33mPlus[0m, [36mdefault[0m [36mas[0m [33mPlusIcon[0m } [36mfrom[0m [32m'./icons/plus.mjs'[0m;
[31m[1m>[0m [90m1265 |[0m ...[33metKnife[0m, [36mdefault[0m [36mas[0m [33mPocketKnife[0m, [36mdefault[0m [36mas[0m [33mPocketKnifeIcon[0m } [36mfro.[0m.[32m.[0m
  [90m     |[0m    [31m[1m^^^^^^^^^^^^^^^^^^^^^^^^^^^^^^^^^^^^^^^^^^^^^^^^^^^^^^^^^^^^^^^^^^^^[0m
  [90m1266 |[0m ...[33mast[0m, [36mdefault[0m [36mas[0m [33mPodcast[0m, [36mdefault[0m [36mas[0m [33mPodcastIcon[0m } [36mfrom[0m [32m'./icons/p...[0m
  [90m1267 |[0m ...[33mterOff[0m, [36mdefault[0m [36mas[0m [33mPointerOff[0m, [36mdefault[0m [36mas[0m [33mPointerOffIcon[0m } [36mfrom[0m [32m'...[0m
  [90m1268 |[0m ...[33mter[0m, [36mdefault[0m [36mas[0m [33mPointer[0m, [36mdefault[0m [36mas[0m [33mPointerIcon[0m } [36mfrom[0m [32m'./icons/p...[0m



Import traces:
  Client Component Browser:
    ./.gemini/antigravity/scratch/teacher-tracking/node_modules/lucide-react/dist/esm/lucide-react.mjs [Client Component Browser]
    ./.gemini/antigravity/scratch/teacher-tracking/src/components/pages/DailyTasksPage.tsx [Client Component Browser]
    ./.gemini/antigravity/scratch/teacher-tracking/src/components/AppShell.tsx [Client Component Browser]
    ./.gemini/antigravity/scratch/teacher-tracking/src/app/page.tsx [Client Component Browser]
    ./.gemini/antigravity/scratch/teacher-tracking/src/app/page.tsx [Server Component]

  Client Component SSR:
    ./.gemini/antigravity/scratch/teacher-tracking/node_modules/lucide-react/dist/esm/lucide-react.mjs [Client Component SSR]
    ./.gemini/antigravity/scratch/teacher-tracking/src/components/pages/DailyTasksPage.tsx [Client Component SSR]
    ./.gemini/antigravity/scratch/teacher-tracking/src/components/AppShell.tsx [Client Component SSR]
    ./.gemini/antigravity/scratch/teacher-tracking/src/app/page.tsx [Client Component SSR]
    ./.gemini/antigravity/scratch/teacher-tracking/src/app/page.tsx [Server Component]

https://nextjs.org/docs/messages/module-not-found


./.gemini/antigravity/scratch/teacher-tracking/node_modules/lucide-react/dist/esm/lucide-react.mjs:1266:1
Module not found: Can't resolve './icons/podcast.mjs'
  [90m1264 |[0m ...[33mucidePlus[0m, [36mdefault[0m [36mas[0m [33mPlus[0m, [36mdefault[0m [36mas[0m [33mPlusIcon[0m } [36mfrom[0m [32m'./icons/p...[0m
  [90m1265 |[0m ...[33mucidePocketKnife[0m, [36mdefault[0m [36mas[0m [33mPocketKnife[0m, [36mdefault[0m [36mas[0m [33mPocketKnifeI...[0m
[31m[1m>[0m [90m1266 |[0m ...[33mucidePodcast[0m, [36mdefault[0m [36mas[0m [33mPodcast[0m, [36mdefault[0m [36mas[0m [33mPodcastIcon[0m } [36mfrom[0m [32m'...[0m
  [90m     |[0m    [31m[1m^^^^^^^^^^^^^^^^^^^^^^^^^^^^^^^^^^^^^^^^^^^^^^^^^^^^^^^^^^^^^^^^^^^^[0m
  [90m1267 |[0m ...[33mucidePointerOff[0m, [36mdefault[0m [36mas[0m [33mPointerOff[0m, [36mdefault[0m [36mas[0m [33mPointerOffIcon[0m...
  [90m1268 |[0m ...[33mucidePointer[0m, [36mdefault[0m [36mas[0m [33mPointer[0m, [36mdefault[0m [36mas[0m [33mPointerIcon[0m } [36mfrom[0m [32m'...[0m
  [90m1269 |[0m ...[33mucidePopcorn[0m, [36mdefault[0m [36mas[0m [33mPopcorn[0m, [36mdefault[0m [36mas[0m [33mPopcornIcon[0m } [36mfrom[0m [32m'...[0m



Import traces:
  Client Component Browser:
    ./.gemini/antigravity/scratch/teacher-tracking/node_modules/lucide-react/dist/esm/lucide-react.mjs [Client Component Browser]
    ./.gemini/antigravity/scratch/teacher-tracking/src/components/pages/DailyTasksPage.tsx [Client Component Browser]
    ./.gemini/antigravity/scratch/teacher-tracking/src/components/AppShell.tsx [Client Component Browser]
    ./.gemini/antigravity/scratch/teacher-tracking/src/app/page.tsx [Client Component Browser]
    ./.gemini/antigravity/scratch/teacher-tracking/src/app/page.tsx [Server Component]

  Client Component SSR:
    ./.gemini/antigravity/scratch/teacher-tracking/node_modules/lucide-react/dist/esm/lucide-react.mjs [Client Component SSR]
    ./.gemini/antigravity/scratch/teacher-tracking/src/components/pages/DailyTasksPage.tsx [Client Component SSR]
    ./.gemini/antigravity/scratch/teacher-tracking/src/components/AppShell.tsx [Client Component SSR]
    ./.gemini/antigravity/scratch/teacher-tracking/src/app/page.tsx [Client Component SSR]
    ./.gemini/antigravity/scratch/teacher-tracking/src/app/page.tsx [Server Component]

https://nextjs.org/docs/messages/module-not-found


./.gemini/antigravity/scratch/teacher-tracking/node_modules/lucide-react/dist/esm/lucide-react.mjs:1267:1
Module not found: Can't resolve './icons/pointer-off.mjs'
  [90m1265 |[0m ...[33mcketKnife[0m, [36mdefault[0m [36mas[0m [33mPocketKnife[0m, [36mdefault[0m [36mas[0m [33mPocketKnifeIcon[0m } [36mf...[0m
  [90m1266 |[0m ...[33mdcast[0m, [36mdefault[0m [36mas[0m [33mPodcast[0m, [36mdefault[0m [36mas[0m [33mPodcastIcon[0m } [36mfrom[0m [32m'./icons...[0m
[31m[1m>[0m [90m1267 |[0m ...[33minterOff[0m, [36mdefault[0m [36mas[0m [33mPointerOff[0m, [36mdefault[0m [36mas[0m [33mPointerOffIcon[0m } [36mfrom[0m.[32m..[0m
  [90m     |[0m    [31m[1m^^^^^^^^^^^^^^^^^^^^^^^^^^^^^^^^^^^^^^^^^^^^^^^^^^^^^^^^^^^^^^^^^^^^[0m
  [90m1268 |[0m ...[33minter[0m, [36mdefault[0m [36mas[0m [33mPointer[0m, [36mdefault[0m [36mas[0m [33mPointerIcon[0m } [36mfrom[0m [32m'./icons...[0m
  [90m1269 |[0m ...[33mpcorn[0m, [36mdefault[0m [36mas[0m [33mPopcorn[0m, [36mdefault[0m [36mas[0m [33mPopcornIcon[0m } [36mfrom[0m [32m'./icons...[0m
  [90m1270 |[0m ...[33mpsicle[0m, [36mdefault[0m [36mas[0m [33mPopsicle[0m, [36mdefault[0m [36mas[0m [33mPopsicleIcon[0m } [36mfrom[0m [32m'./ic...[0m



Import traces:
  Client Component Browser:
    ./.gemini/antigravity/scratch/teacher-tracking/node_modules/lucide-react/dist/esm/lucide-react.mjs [Client Component Browser]
    ./.gemini/antigravity/scratch/teacher-tracking/src/components/pages/DailyTasksPage.tsx [Client Component Browser]
    ./.gemini/antigravity/scratch/teacher-tracking/src/components/AppShell.tsx [Client Component Browser]
    ./.gemini/antigravity/scratch/teacher-tracking/src/app/page.tsx [Client Component Browser]
    ./.gemini/antigravity/scratch/teacher-tracking/src/app/page.tsx [Server Component]

  Client Component SSR:
    ./.gemini/antigravity/scratch/teacher-tracking/node_modules/lucide-react/dist/esm/lucide-react.mjs [Client Component SSR]
    ./.gemini/antigravity/scratch/teacher-tracking/src/components/pages/DailyTasksPage.tsx [Client Component SSR]
    ./.gemini/antigravity/scratch/teacher-tracking/src/components/AppShell.tsx [Client Component SSR]
    ./.gemini/antigravity/scratch/teacher-tracking/src/app/page.tsx [Client Component SSR]
    ./.gemini/antigravity/scratch/teacher-tracking/src/app/page.tsx [Server Component]

https://nextjs.org/docs/messages/module-not-found


./.gemini/antigravity/scratch/teacher-tracking/node_modules/lucide-react/dist/esm/lucide-react.mjs:1268:1
Module not found: Can't resolve './icons/pointer.mjs'
  [90m1266 |[0m ...[33mucidePodcast[0m, [36mdefault[0m [36mas[0m [33mPodcast[0m, [36mdefault[0m [36mas[0m [33mPodcastIcon[0m } [36mfrom[0m [32m'...[0m
  [90m1267 |[0m ...[33mucidePointerOff[0m, [36mdefault[0m [36mas[0m [33mPointerOff[0m, [36mdefault[0m [36mas[0m [33mPointerOffIcon[0m...
[31m[1m>[0m [90m1268 |[0m ...[33mucidePointer[0m, [36mdefault[0m [36mas[0m [33mPointer[0m, [36mdefault[0m [36mas[0m [33mPointerIcon[0m } [36mfrom[0m [32m'...[0m
  [90m     |[0m    [31m[1m^^^^^^^^^^^^^^^^^^^^^^^^^^^^^^^^^^^^^^^^^^^^^^^^^^^^^^^^^^^^^^^^^^^^[0m
  [90m1269 |[0m ...[33mucidePopcorn[0m, [36mdefault[0m [36mas[0m [33mPopcorn[0m, [36mdefault[0m [36mas[0m [33mPopcornIcon[0m } [36mfrom[0m [32m'...[0m
  [90m1270 |[0m ...[33mucidePopsicle[0m, [36mdefault[0m [36mas[0m [33mPopsicle[0m, [36mdefault[0m [36mas[0m [33mPopsicleIcon[0m } [36mfro.[0m.[32m.[0m
  [90m1271 |[0m ...[33mucidePoundSterling[0m, [36mdefault[0m [36mas[0m [33mPoundSterling[0m, [36mdefault[0m [36mas[0m [33mPoundSte...[0m



Import traces:
  Client Component Browser:
    ./.gemini/antigravity/scratch/teacher-tracking/node_modules/lucide-react/dist/esm/lucide-react.mjs [Client Component Browser]
    ./.gemini/antigravity/scratch/teacher-tracking/src/components/pages/DailyTasksPage.tsx [Client Component Browser]
    ./.gemini/antigravity/scratch/teacher-tracking/src/components/AppShell.tsx [Client Component Browser]
    ./.gemini/antigravity/scratch/teacher-tracking/src/app/page.tsx [Client Component Browser]
    ./.gemini/antigravity/scratch/teacher-tracking/src/app/page.tsx [Server Component]

  Client Component SSR:
    ./.gemini/antigravity/scratch/teacher-tracking/node_modules/lucide-react/dist/esm/lucide-react.mjs [Client Component SSR]
    ./.gemini/antigravity/scratch/teacher-tracking/src/components/pages/DailyTasksPage.tsx [Client Component SSR]
    ./.gemini/antigravity/scratch/teacher-tracking/src/components/AppShell.tsx [Client Component SSR]
    ./.gemini/antigravity/scratch/teacher-tracking/src/app/page.tsx [Client Component SSR]
    ./.gemini/antigravity/scratch/teacher-tracking/src/app/page.tsx [Server Component]

https://nextjs.org/docs/messages/module-not-found


./.gemini/antigravity/scratch/teacher-tracking/node_modules/lucide-react/dist/esm/lucide-react.mjs:1269:1
Module not found: Can't resolve './icons/popcorn.mjs'
  [90m1267 |[0m ...[33mucidePointerOff[0m, [36mdefault[0m [36mas[0m [33mPointerOff[0m, [36mdefault[0m [36mas[0m [33mPointerOffIcon[0m...
  [90m1268 |[0m ...[33mucidePointer[0m, [36mdefault[0m [36mas[0m [33mPointer[0m, [36mdefault[0m [36mas[0m [33mPointerIcon[0m } [36mfrom[0m [32m'...[0m
[31m[1m>[0m [90m1269 |[0m ...[33mucidePopcorn[0m, [36mdefault[0m [36mas[0m [33mPopcorn[0m, [36mdefault[0m [36mas[0m [33mPopcornIcon[0m } [36mfrom[0m [32m'...[0m
  [90m     |[0m    [31m[1m^^^^^^^^^^^^^^^^^^^^^^^^^^^^^^^^^^^^^^^^^^^^^^^^^^^^^^^^^^^^^^^^^^^^[0m
  [90m1270 |[0m ...[33mucidePopsicle[0m, [36mdefault[0m [36mas[0m [33mPopsicle[0m, [36mdefault[0m [36mas[0m [33mPopsicleIcon[0m } [36mfro.[0m.[32m.[0m
  [90m1271 |[0m ...[33mucidePoundSterling[0m, [36mdefault[0m [36mas[0m [33mPoundSterling[0m, [36mdefault[0m [36mas[0m [33mPoundSte...[0m
  [90m1272 |[0m ...[33mucidePowerOff[0m, [36mdefault[0m [36mas[0m [33mPowerOff[0m, [36mdefault[0m [36mas[0m [33mPowerOffIcon[0m } [36mfro.[0m.[32m.[0m



Import traces:
  Client Component Browser:
    ./.gemini/antigravity/scratch/teacher-tracking/node_modules/lucide-react/dist/esm/lucide-react.mjs [Client Component Browser]
    ./.gemini/antigravity/scratch/teacher-tracking/src/components/pages/DailyTasksPage.tsx [Client Component Browser]
    ./.gemini/antigravity/scratch/teacher-tracking/src/components/AppShell.tsx [Client Component Browser]
    ./.gemini/antigravity/scratch/teacher-tracking/src/app/page.tsx [Client Component Browser]
    ./.gemini/antigravity/scratch/teacher-tracking/src/app/page.tsx [Server Component]

  Client Component SSR:
    ./.gemini/antigravity/scratch/teacher-tracking/node_modules/lucide-react/dist/esm/lucide-react.mjs [Client Component SSR]
    ./.gemini/antigravity/scratch/teacher-tracking/src/components/pages/DailyTasksPage.tsx [Client Component SSR]
    ./.gemini/antigravity/scratch/teacher-tracking/src/components/AppShell.tsx [Client Component SSR]
    ./.gemini/antigravity/scratch/teacher-tracking/src/app/page.tsx [Client Component SSR]
    ./.gemini/antigravity/scratch/teacher-tracking/src/app/page.tsx [Server Component]

https://nextjs.org/docs/messages/module-not-found


./.gemini/antigravity/scratch/teacher-tracking/node_modules/lucide-react/dist/esm/lucide-react.mjs:1270:1
Module not found: Can't resolve './icons/popsicle.mjs'
  [90m1268 |[0m ...[33midePointer[0m, [36mdefault[0m [36mas[0m [33mPointer[0m, [36mdefault[0m [36mas[0m [33mPointerIcon[0m } [36mfrom[0m [32m'./...[0m
  [90m1269 |[0m ...[33midePopcorn[0m, [36mdefault[0m [36mas[0m [33mPopcorn[0m, [36mdefault[0m [36mas[0m [33mPopcornIcon[0m } [36mfrom[0m [32m'./...[0m
[31m[1m>[0m [90m1270 |[0m ...[33midePopsicle[0m, [36mdefault[0m [36mas[0m [33mPopsicle[0m, [36mdefault[0m [36mas[0m [33mPopsicleIcon[0m } [36mfrom[0m [32m...[0m
  [90m     |[0m    [31m[1m^^^^^^^^^^^^^^^^^^^^^^^^^^^^^^^^^^^^^^^^^^^^^^^^^^^^^^^^^^^^^^^^^^^^[0m
  [90m1271 |[0m ...[33midePoundSterling[0m, [36mdefault[0m [36mas[0m [33mPoundSterling[0m, [36mdefault[0m [36mas[0m [33mPoundSterl...[0m
  [90m1272 |[0m ...[33midePowerOff[0m, [36mdefault[0m [36mas[0m [33mPowerOff[0m, [36mdefault[0m [36mas[0m [33mPowerOffIcon[0m } [36mfrom[0m [32m...[0m
  [90m1273 |[0m ...[33midePower[0m, [36mdefault[0m [36mas[0m [33mPower[0m, [36mdefault[0m [36mas[0m [33mPowerIcon[0m } [36mfrom[0m [32m'./icons/...[0m



Import traces:
  Client Component Browser:
    ./.gemini/antigravity/scratch/teacher-tracking/node_modules/lucide-react/dist/esm/lucide-react.mjs [Client Component Browser]
    ./.gemini/antigravity/scratch/teacher-tracking/src/components/pages/DailyTasksPage.tsx [Client Component Browser]
    ./.gemini/antigravity/scratch/teacher-tracking/src/components/AppShell.tsx [Client Component Browser]
    ./.gemini/antigravity/scratch/teacher-tracking/src/app/page.tsx [Client Component Browser]
    ./.gemini/antigravity/scratch/teacher-tracking/src/app/page.tsx [Server Component]

  Client Component SSR:
    ./.gemini/antigravity/scratch/teacher-tracking/node_modules/lucide-react/dist/esm/lucide-react.mjs [Client Component SSR]
    ./.gemini/antigravity/scratch/teacher-tracking/src/components/pages/DailyTasksPage.tsx [Client Component SSR]
    ./.gemini/antigravity/scratch/teacher-tracking/src/components/AppShell.tsx [Client Component SSR]
    ./.gemini/antigravity/scratch/teacher-tracking/src/app/page.tsx [Client Component SSR]
    ./.gemini/antigravity/scratch/teacher-tracking/src/app/page.tsx [Server Component]

https://nextjs.org/docs/messages/module-not-found


./.gemini/antigravity/scratch/teacher-tracking/node_modules/lucide-react/dist/esm/lucide-react.mjs:1271:1
Module not found: Can't resolve './icons/pound-sterling.mjs'
  [90m1269 |[0m ... [36mdefault[0m [36mas[0m [33mPopcorn[0m, [36mdefault[0m [36mas[0m [33mPopcornIcon[0m } [36mfrom[0m [32m'./icons/popco...[0m
  [90m1270 |[0m ..., [36mdefault[0m [36mas[0m [33mPopsicle[0m, [36mdefault[0m [36mas[0m [33mPopsicleIcon[0m } [36mfrom[0m [32m'./icons/po...[0m
[31m[1m>[0m [90m1271 |[0m ...[33mrling[0m, [36mdefault[0m [36mas[0m [33mPoundSterling[0m, [36mdefault[0m [36mas[0m [33mPoundSterlingIcon[0m } [36mf...[0m
  [90m     |[0m    [31m[1m^^^^^^^^^^^^^^^^^^^^^^^^^^^^^^^^^^^^^^^^^^^^^^^^^^^^^^^^^^^^^^^^^^^^[0m
  [90m1272 |[0m ..., [36mdefault[0m [36mas[0m [33mPowerOff[0m, [36mdefault[0m [36mas[0m [33mPowerOffIcon[0m } [36mfrom[0m [32m'./icons/po...[0m
  [90m1273 |[0m ...[36mefault[0m [36mas[0m [33mPower[0m, [36mdefault[0m [36mas[0m [33mPowerIcon[0m } [36mfrom[0m [32m'./icons/power.mjs'[0m;
  [90m1274 |[0m ...[33mtion[0m, [36mdefault[0m [36mas[0m [33mPresentation[0m, [36mdefault[0m [36mas[0m [33mPresentationIcon[0m } [36mfrom[0m.[32m..[0m



Import traces:
  Client Component Browser:
    ./.gemini/antigravity/scratch/teacher-tracking/node_modules/lucide-react/dist/esm/lucide-react.mjs [Client Component Browser]
    ./.gemini/antigravity/scratch/teacher-tracking/src/components/pages/DailyTasksPage.tsx [Client Component Browser]
    ./.gemini/antigravity/scratch/teacher-tracking/src/components/AppShell.tsx [Client Component Browser]
    ./.gemini/antigravity/scratch/teacher-tracking/src/app/page.tsx [Client Component Browser]
    ./.gemini/antigravity/scratch/teacher-tracking/src/app/page.tsx [Server Component]

  Client Component SSR:
    ./.gemini/antigravity/scratch/teacher-tracking/node_modules/lucide-react/dist/esm/lucide-react.mjs [Client Component SSR]
    ./.gemini/antigravity/scratch/teacher-tracking/src/components/pages/DailyTasksPage.tsx [Client Component SSR]
    ./.gemini/antigravity/scratch/teacher-tracking/src/components/AppShell.tsx [Client Component SSR]
    ./.gemini/antigravity/scratch/teacher-tracking/src/app/page.tsx [Client Component SSR]
    ./.gemini/antigravity/scratch/teacher-tracking/src/app/page.tsx [Server Component]

https://nextjs.org/docs/messages/module-not-found


./.gemini/antigravity/scratch/teacher-tracking/node_modules/lucide-react/dist/esm/lucide-react.mjs:1272:1
Module not found: Can't resolve './icons/power-off.mjs'
  [90m1270 |[0m ...[33mdePopsicle[0m, [36mdefault[0m [36mas[0m [33mPopsicle[0m, [36mdefault[0m [36mas[0m [33mPopsicleIcon[0m } [36mfrom[0m [32m'...[0m
  [90m1271 |[0m ...[33mdePoundSterling[0m, [36mdefault[0m [36mas[0m [33mPoundSterling[0m, [36mdefault[0m [36mas[0m [33mPoundSterli...[0m
[31m[1m>[0m [90m1272 |[0m ...[33mdePowerOff[0m, [36mdefault[0m [36mas[0m [33mPowerOff[0m, [36mdefault[0m [36mas[0m [33mPowerOffIcon[0m } [36mfrom[0m [32m'...[0m
  [90m     |[0m    [31m[1m^^^^^^^^^^^^^^^^^^^^^^^^^^^^^^^^^^^^^^^^^^^^^^^^^^^^^^^^^^^^^^^^^^^^[0m
  [90m1273 |[0m ...[33mdePower[0m, [36mdefault[0m [36mas[0m [33mPower[0m, [36mdefault[0m [36mas[0m [33mPowerIcon[0m } [36mfrom[0m [32m'./icons/p...[0m
  [90m1274 |[0m ...[33mdePresentation[0m, [36mdefault[0m [36mas[0m [33mPresentation[0m, [36mdefault[0m [36mas[0m [33mPresentationI...[0m
  [90m1275 |[0m ...[33mdePrinterCheck[0m, [36mdefault[0m [36mas[0m [33mPrinterCheck[0m, [36mdefault[0m [36mas[0m [33mPrinterCheckI...[0m



Import traces:
  Client Component Browser:
    ./.gemini/antigravity/scratch/teacher-tracking/node_modules/lucide-react/dist/esm/lucide-react.mjs [Client Component Browser]
    ./.gemini/antigravity/scratch/teacher-tracking/src/components/pages/DailyTasksPage.tsx [Client Component Browser]
    ./.gemini/antigravity/scratch/teacher-tracking/src/components/AppShell.tsx [Client Component Browser]
    ./.gemini/antigravity/scratch/teacher-tracking/src/app/page.tsx [Client Component Browser]
    ./.gemini/antigravity/scratch/teacher-tracking/src/app/page.tsx [Server Component]

  Client Component SSR:
    ./.gemini/antigravity/scratch/teacher-tracking/node_modules/lucide-react/dist/esm/lucide-react.mjs [Client Component SSR]
    ./.gemini/antigravity/scratch/teacher-tracking/src/components/pages/DailyTasksPage.tsx [Client Component SSR]
    ./.gemini/antigravity/scratch/teacher-tracking/src/components/AppShell.tsx [Client Component SSR]
    ./.gemini/antigravity/scratch/teacher-tracking/src/app/page.tsx [Client Component SSR]
    ./.gemini/antigravity/scratch/teacher-tracking/src/app/page.tsx [Server Component]

https://nextjs.org/docs/messages/module-not-found


./.gemini/antigravity/scratch/teacher-tracking/node_modules/lucide-react/dist/esm/lucide-react.mjs:1273:1
Module not found: Can't resolve './icons/power.mjs'
  [90m1271 |[0m ...[36mas[0m [33mLucidePoundSterling[0m, [36mdefault[0m [36mas[0m [33mPoundSterling[0m, [36mdefault[0m [36mas[0m [33mPoun...[0m
  [90m1272 |[0m ...[36mas[0m [33mLucidePowerOff[0m, [36mdefault[0m [36mas[0m [33mPowerOff[0m, [36mdefault[0m [36mas[0m [33mPowerOffIcon[0m }.[36m..[0m
[31m[1m>[0m [90m1273 |[0m ...[36mas[0m [33mLucidePower[0m, [36mdefault[0m [36mas[0m [33mPower[0m, [36mdefault[0m [36mas[0m [33mPowerIcon[0m } [36mfrom[0m [32m'./...[0m
  [90m     |[0m    [31m[1m^^^^^^^^^^^^^^^^^^^^^^^^^^^^^^^^^^^^^^^^^^^^^^^^^^^^^^^^^^^^^^^^^^^^[0m
  [90m1274 |[0m ...[36mas[0m [33mLucidePresentation[0m, [36mdefault[0m [36mas[0m [33mPresentation[0m, [36mdefault[0m [36mas[0m [33mPresen...[0m
  [90m1275 |[0m ...[36mas[0m [33mLucidePrinterCheck[0m, [36mdefault[0m [36mas[0m [33mPrinterCheck[0m, [36mdefault[0m [36mas[0m [33mPrinte...[0m
  [90m1276 |[0m ...[36mas[0m [33mLucideProjector[0m, [36mdefault[0m [36mas[0m [33mProjector[0m, [36mdefault[0m [36mas[0m [33mProjectorIco.[0m..



Import traces:
  Client Component Browser:
    ./.gemini/antigravity/scratch/teacher-tracking/node_modules/lucide-react/dist/esm/lucide-react.mjs [Client Component Browser]
    ./.gemini/antigravity/scratch/teacher-tracking/src/components/pages/DailyTasksPage.tsx [Client Component Browser]
    ./.gemini/antigravity/scratch/teacher-tracking/src/components/AppShell.tsx [Client Component Browser]
    ./.gemini/antigravity/scratch/teacher-tracking/src/app/page.tsx [Client Component Browser]
    ./.gemini/antigravity/scratch/teacher-tracking/src/app/page.tsx [Server Component]

  Client Component SSR:
    ./.gemini/antigravity/scratch/teacher-tracking/node_modules/lucide-react/dist/esm/lucide-react.mjs [Client Component SSR]
    ./.gemini/antigravity/scratch/teacher-tracking/src/components/pages/DailyTasksPage.tsx [Client Component SSR]
    ./.gemini/antigravity/scratch/teacher-tracking/src/components/AppShell.tsx [Client Component SSR]
    ./.gemini/antigravity/scratch/teacher-tracking/src/app/page.tsx [Client Component SSR]
    ./.gemini/antigravity/scratch/teacher-tracking/src/app/page.tsx [Server Component]

https://nextjs.org/docs/messages/module-not-found


./.gemini/antigravity/scratch/teacher-tracking/node_modules/lucide-react/dist/esm/lucide-react.mjs:1274:1
Module not found: Can't resolve './icons/presentation.mjs'
  [90m1272 |[0m ...[33mOff[0m, [36mdefault[0m [36mas[0m [33mPowerOff[0m, [36mdefault[0m [36mas[0m [33mPowerOffIcon[0m } [36mfrom[0m [32m'./icons...[0m
  [90m1273 |[0m ..., [36mdefault[0m [36mas[0m [33mPower[0m, [36mdefault[0m [36mas[0m [33mPowerIcon[0m } [36mfrom[0m [32m'./icons/power.mjs'[0m;
[31m[1m>[0m [90m1274 |[0m ...[33mntation[0m, [36mdefault[0m [36mas[0m [33mPresentation[0m, [36mdefault[0m [36mas[0m [33mPresentationIcon[0m } [36mf...[0m
  [90m     |[0m    [31m[1m^^^^^^^^^^^^^^^^^^^^^^^^^^^^^^^^^^^^^^^^^^^^^^^^^^^^^^^^^^^^^^^^^^^^[0m
  [90m1275 |[0m ...[33merCheck[0m, [36mdefault[0m [36mas[0m [33mPrinterCheck[0m, [36mdefault[0m [36mas[0m [33mPrinterCheckIcon[0m } [36mf...[0m
  [90m1276 |[0m ...[33mctor[0m, [36mdefault[0m [36mas[0m [33mProjector[0m, [36mdefault[0m [36mas[0m [33mProjectorIcon[0m } [36mfrom[0m [32m'./ic...[0m
  [90m1277 |[0m ...[33merX[0m, [36mdefault[0m [36mas[0m [33mPrinterX[0m, [36mdefault[0m [36mas[0m [33mPrinterXIcon[0m } [36mfrom[0m [32m'./icons...[0m



Import traces:
  Client Component Browser:
    ./.gemini/antigravity/scratch/teacher-tracking/node_modules/lucide-react/dist/esm/lucide-react.mjs [Client Component Browser]
    ./.gemini/antigravity/scratch/teacher-tracking/src/components/pages/DailyTasksPage.tsx [Client Component Browser]
    ./.gemini/antigravity/scratch/teacher-tracking/src/components/AppShell.tsx [Client Component Browser]
    ./.gemini/antigravity/scratch/teacher-tracking/src/app/page.tsx [Client Component Browser]
    ./.gemini/antigravity/scratch/teacher-tracking/src/app/page.tsx [Server Component]

  Client Component SSR:
    ./.gemini/antigravity/scratch/teacher-tracking/node_modules/lucide-react/dist/esm/lucide-react.mjs [Client Component SSR]
    ./.gemini/antigravity/scratch/teacher-tracking/src/components/pages/DailyTasksPage.tsx [Client Component SSR]
    ./.gemini/antigravity/scratch/teacher-tracking/src/components/AppShell.tsx [Client Component SSR]
    ./.gemini/antigravity/scratch/teacher-tracking/src/app/page.tsx [Client Component SSR]
    ./.gemini/antigravity/scratch/teacher-tracking/src/app/page.tsx [Server Component]

https://nextjs.org/docs/messages/module-not-found


./.gemini/antigravity/scratch/teacher-tracking/node_modules/lucide-react/dist/esm/lucide-react.mjs:1275:1
Module not found: Can't resolve './icons/printer-check.mjs'
  [90m1273 |[0m ... [36mdefault[0m [36mas[0m [33mPower[0m, [36mdefault[0m [36mas[0m [33mPowerIcon[0m } [36mfrom[0m [32m'./icons/power.mjs'[0m;
  [90m1274 |[0m ...[33mtation[0m, [36mdefault[0m [36mas[0m [33mPresentation[0m, [36mdefault[0m [36mas[0m [33mPresentationIcon[0m } [36mfr..[0m.
[31m[1m>[0m [90m1275 |[0m ...[33mrCheck[0m, [36mdefault[0m [36mas[0m [33mPrinterCheck[0m, [36mdefault[0m [36mas[0m [33mPrinterCheckIcon[0m } [36mfr..[0m.
  [90m     |[0m    [31m[1m^^^^^^^^^^^^^^^^^^^^^^^^^^^^^^^^^^^^^^^^^^^^^^^^^^^^^^^^^^^^^^^^^^^^[0m
  [90m1276 |[0m ...[33mtor[0m, [36mdefault[0m [36mas[0m [33mProjector[0m, [36mdefault[0m [36mas[0m [33mProjectorIcon[0m } [36mfrom[0m [32m'./ico...[0m
  [90m1277 |[0m ...[33mrX[0m, [36mdefault[0m [36mas[0m [33mPrinterX[0m, [36mdefault[0m [36mas[0m [33mPrinterXIcon[0m } [36mfrom[0m [32m'./icons/...[0m
  [90m1278 |[0m ...[33mtions[0m, [36mdefault[0m [36mas[0m [33mProportions[0m, [36mdefault[0m [36mas[0m [33mProportionsIcon[0m } [36mfrom[0m [32m...[0m



Import traces:
  Client Component Browser:
    ./.gemini/antigravity/scratch/teacher-tracking/node_modules/lucide-react/dist/esm/lucide-react.mjs [Client Component Browser]
    ./.gemini/antigravity/scratch/teacher-tracking/src/components/pages/DailyTasksPage.tsx [Client Component Browser]
    ./.gemini/antigravity/scratch/teacher-tracking/src/components/AppShell.tsx [Client Component Browser]
    ./.gemini/antigravity/scratch/teacher-tracking/src/app/page.tsx [Client Component Browser]
    ./.gemini/antigravity/scratch/teacher-tracking/src/app/page.tsx [Server Component]

  Client Component SSR:
    ./.gemini/antigravity/scratch/teacher-tracking/node_modules/lucide-react/dist/esm/lucide-react.mjs [Client Component SSR]
    ./.gemini/antigravity/scratch/teacher-tracking/src/components/pages/DailyTasksPage.tsx [Client Component SSR]
    ./.gemini/antigravity/scratch/teacher-tracking/src/components/AppShell.tsx [Client Component SSR]
    ./.gemini/antigravity/scratch/teacher-tracking/src/app/page.tsx [Client Component SSR]
    ./.gemini/antigravity/scratch/teacher-tracking/src/app/page.tsx [Server Component]

https://nextjs.org/docs/messages/module-not-found


./.gemini/antigravity/scratch/teacher-tracking/node_modules/lucide-react/dist/esm/lucide-react.mjs:1277:1
Module not found: Can't resolve './icons/printer-x.mjs'
  [90m1275 |[0m ...[33mdePrinterCheck[0m, [36mdefault[0m [36mas[0m [33mPrinterCheck[0m, [36mdefault[0m [36mas[0m [33mPrinterCheckI...[0m
  [90m1276 |[0m ...[33mdeProjector[0m, [36mdefault[0m [36mas[0m [33mProjector[0m, [36mdefault[0m [36mas[0m [33mProjectorIcon[0m } [36mfro.[0m.[32m.[0m
[31m[1m>[0m [90m1277 |[0m ...[33mdePrinterX[0m, [36mdefault[0m [36mas[0m [33mPrinterX[0m, [36mdefault[0m [36mas[0m [33mPrinterXIcon[0m } [36mfrom[0m [32m'...[0m
  [90m     |[0m    [31m[1m^^^^^^^^^^^^^^^^^^^^^^^^^^^^^^^^^^^^^^^^^^^^^^^^^^^^^^^^^^^^^^^^^^^^[0m
  [90m1278 |[0m ...[33mdeProportions[0m, [36mdefault[0m [36mas[0m [33mProportions[0m, [36mdefault[0m [36mas[0m [33mProportionsIcon[0m...
  [90m1279 |[0m ...[33mdePrinter[0m, [36mdefault[0m [36mas[0m [33mPrinter[0m, [36mdefault[0m [36mas[0m [33mPrinterIcon[0m } [36mfrom[0m [32m'./i...[0m
  [90m1280 |[0m ...[33mdePuzzle[0m, [36mdefault[0m [36mas[0m [33mPuzzle[0m, [36mdefault[0m [36mas[0m [33mPuzzleIcon[0m } [36mfrom[0m [32m'./icon...[0m



Import traces:
  Client Component Browser:
    ./.gemini/antigravity/scratch/teacher-tracking/node_modules/lucide-react/dist/esm/lucide-react.mjs [Client Component Browser]
    ./.gemini/antigravity/scratch/teacher-tracking/src/components/pages/DailyTasksPage.tsx [Client Component Browser]
    ./.gemini/antigravity/scratch/teacher-tracking/src/components/AppShell.tsx [Client Component Browser]
    ./.gemini/antigravity/scratch/teacher-tracking/src/app/page.tsx [Client Component Browser]
    ./.gemini/antigravity/scratch/teacher-tracking/src/app/page.tsx [Server Component]

  Client Component SSR:
    ./.gemini/antigravity/scratch/teacher-tracking/node_modules/lucide-react/dist/esm/lucide-react.mjs [Client Component SSR]
    ./.gemini/antigravity/scratch/teacher-tracking/src/components/pages/DailyTasksPage.tsx [Client Component SSR]
    ./.gemini/antigravity/scratch/teacher-tracking/src/components/AppShell.tsx [Client Component SSR]
    ./.gemini/antigravity/scratch/teacher-tracking/src/app/page.tsx [Client Component SSR]
    ./.gemini/antigravity/scratch/teacher-tracking/src/app/page.tsx [Server Component]

https://nextjs.org/docs/messages/module-not-found


./.gemini/antigravity/scratch/teacher-tracking/node_modules/lucide-react/dist/esm/lucide-react.mjs:1279:1
Module not found: Can't resolve './icons/printer.mjs'
  [90m1277 |[0m ...[33mucidePrinterX[0m, [36mdefault[0m [36mas[0m [33mPrinterX[0m, [36mdefault[0m [36mas[0m [33mPrinterXIcon[0m } [36mfro.[0m.[32m.[0m
  [90m1278 |[0m ...[33mucideProportions[0m, [36mdefault[0m [36mas[0m [33mProportions[0m, [36mdefault[0m [36mas[0m [33mProportionsI...[0m
[31m[1m>[0m [90m1279 |[0m ...[33mucidePrinter[0m, [36mdefault[0m [36mas[0m [33mPrinter[0m, [36mdefault[0m [36mas[0m [33mPrinterIcon[0m } [36mfrom[0m [32m'...[0m
  [90m     |[0m    [31m[1m^^^^^^^^^^^^^^^^^^^^^^^^^^^^^^^^^^^^^^^^^^^^^^^^^^^^^^^^^^^^^^^^^^^^[0m
  [90m1280 |[0m ...[33mucidePuzzle[0m, [36mdefault[0m [36mas[0m [33mPuzzle[0m, [36mdefault[0m [36mas[0m [33mPuzzleIcon[0m } [36mfrom[0m [32m'./i...[0m
  [90m1281 |[0m ...[33mucidePyramid[0m, [36mdefault[0m [36mas[0m [33mPyramid[0m, [36mdefault[0m [36mas[0m [33mPyramidIcon[0m } [36mfrom[0m [32m'...[0m
  [90m1282 |[0m ...[33mucideQrCode[0m, [36mdefault[0m [36mas[0m [33mQrCode[0m, [36mdefault[0m [36mas[0m [33mQrCodeIcon[0m } [36mfrom[0m [32m'./i...[0m



Import traces:
  Client Component Browser:
    ./.gemini/antigravity/scratch/teacher-tracking/node_modules/lucide-react/dist/esm/lucide-react.mjs [Client Component Browser]
    ./.gemini/antigravity/scratch/teacher-tracking/src/components/pages/DailyTasksPage.tsx [Client Component Browser]
    ./.gemini/antigravity/scratch/teacher-tracking/src/components/AppShell.tsx [Client Component Browser]
    ./.gemini/antigravity/scratch/teacher-tracking/src/app/page.tsx [Client Component Browser]
    ./.gemini/antigravity/scratch/teacher-tracking/src/app/page.tsx [Server Component]

  Client Component SSR:
    ./.gemini/antigravity/scratch/teacher-tracking/node_modules/lucide-react/dist/esm/lucide-react.mjs [Client Component SSR]
    ./.gemini/antigravity/scratch/teacher-tracking/src/components/pages/DailyTasksPage.tsx [Client Component SSR]
    ./.gemini/antigravity/scratch/teacher-tracking/src/components/AppShell.tsx [Client Component SSR]
    ./.gemini/antigravity/scratch/teacher-tracking/src/app/page.tsx [Client Component SSR]
    ./.gemini/antigravity/scratch/teacher-tracking/src/app/page.tsx [Server Component]

https://nextjs.org/docs/messages/module-not-found


./.gemini/antigravity/scratch/teacher-tracking/node_modules/lucide-react/dist/esm/lucide-react.mjs:1276:1
Module not found: Can't resolve './icons/projector.mjs'
  [90m1274 |[0m ...[33mePresentation[0m, [36mdefault[0m [36mas[0m [33mPresentation[0m, [36mdefault[0m [36mas[0m [33mPresentationIc..[0m.
  [90m1275 |[0m ...[33mePrinterCheck[0m, [36mdefault[0m [36mas[0m [33mPrinterCheck[0m, [36mdefault[0m [36mas[0m [33mPrinterCheckIc..[0m.
[31m[1m>[0m [90m1276 |[0m ...[33meProjector[0m, [36mdefault[0m [36mas[0m [33mProjector[0m, [36mdefault[0m [36mas[0m [33mProjectorIcon[0m } [36mfrom[0m.[32m..[0m
  [90m     |[0m    [31m[1m^^^^^^^^^^^^^^^^^^^^^^^^^^^^^^^^^^^^^^^^^^^^^^^^^^^^^^^^^^^^^^^^^^^^[0m
  [90m1277 |[0m ...[33mePrinterX[0m, [36mdefault[0m [36mas[0m [33mPrinterX[0m, [36mdefault[0m [36mas[0m [33mPrinterXIcon[0m } [36mfrom[0m [32m'....[0m
  [90m1278 |[0m ...[33meProportions[0m, [36mdefault[0m [36mas[0m [33mProportions[0m, [36mdefault[0m [36mas[0m [33mProportionsIcon[0m ..[36m.[0m
  [90m1279 |[0m ...[33mePrinter[0m, [36mdefault[0m [36mas[0m [33mPrinter[0m, [36mdefault[0m [36mas[0m [33mPrinterIcon[0m } [36mfrom[0m [32m'./ic...[0m



Import traces:
  Client Component Browser:
    ./.gemini/antigravity/scratch/teacher-tracking/node_modules/lucide-react/dist/esm/lucide-react.mjs [Client Component Browser]
    ./.gemini/antigravity/scratch/teacher-tracking/src/components/pages/DailyTasksPage.tsx [Client Component Browser]
    ./.gemini/antigravity/scratch/teacher-tracking/src/components/AppShell.tsx [Client Component Browser]
    ./.gemini/antigravity/scratch/teacher-tracking/src/app/page.tsx [Client Component Browser]
    ./.gemini/antigravity/scratch/teacher-tracking/src/app/page.tsx [Server Component]

  Client Component SSR:
    ./.gemini/antigravity/scratch/teacher-tracking/node_modules/lucide-react/dist/esm/lucide-react.mjs [Client Component SSR]
    ./.gemini/antigravity/scratch/teacher-tracking/src/components/pages/DailyTasksPage.tsx [Client Component SSR]
    ./.gemini/antigravity/scratch/teacher-tracking/src/components/AppShell.tsx [Client Component SSR]
    ./.gemini/antigravity/scratch/teacher-tracking/src/app/page.tsx [Client Component SSR]
    ./.gemini/antigravity/scratch/teacher-tracking/src/app/page.tsx [Server Component]

https://nextjs.org/docs/messages/module-not-found


./.gemini/antigravity/scratch/teacher-tracking/node_modules/lucide-react/dist/esm/lucide-react.mjs:1278:1
Module not found: Can't resolve './icons/proportions.mjs'
  [90m1276 |[0m ...[33mjector[0m, [36mdefault[0m [36mas[0m [33mProjector[0m, [36mdefault[0m [36mas[0m [33mProjectorIcon[0m } [36mfrom[0m [32m'./...[0m
  [90m1277 |[0m ...[33mnterX[0m, [36mdefault[0m [36mas[0m [33mPrinterX[0m, [36mdefault[0m [36mas[0m [33mPrinterXIcon[0m } [36mfrom[0m [32m'./ico...[0m
[31m[1m>[0m [90m1278 |[0m ...[33mportions[0m, [36mdefault[0m [36mas[0m [33mProportions[0m, [36mdefault[0m [36mas[0m [33mProportionsIcon[0m } [36mfr..[0m.
  [90m     |[0m    [31m[1m^^^^^^^^^^^^^^^^^^^^^^^^^^^^^^^^^^^^^^^^^^^^^^^^^^^^^^^^^^^^^^^^^^^^[0m
  [90m1279 |[0m ...[33mnter[0m, [36mdefault[0m [36mas[0m [33mPrinter[0m, [36mdefault[0m [36mas[0m [33mPrinterIcon[0m } [36mfrom[0m [32m'./icons/...[0m
  [90m1280 |[0m ...[33mzle[0m, [36mdefault[0m [36mas[0m [33mPuzzle[0m, [36mdefault[0m [36mas[0m [33mPuzzleIcon[0m } [36mfrom[0m [32m'./icons/puz...[0m
  [90m1281 |[0m ...[33mamid[0m, [36mdefault[0m [36mas[0m [33mPyramid[0m, [36mdefault[0m [36mas[0m [33mPyramidIcon[0m } [36mfrom[0m [32m'./icons/...[0m



Import traces:
  Client Component Browser:
    ./.gemini/antigravity/scratch/teacher-tracking/node_modules/lucide-react/dist/esm/lucide-react.mjs [Client Component Browser]
    ./.gemini/antigravity/scratch/teacher-tracking/src/components/pages/DailyTasksPage.tsx [Client Component Browser]
    ./.gemini/antigravity/scratch/teacher-tracking/src/components/AppShell.tsx [Client Component Browser]
    ./.gemini/antigravity/scratch/teacher-tracking/src/app/page.tsx [Client Component Browser]
    ./.gemini/antigravity/scratch/teacher-tracking/src/app/page.tsx [Server Component]

  Client Component SSR:
    ./.gemini/antigravity/scratch/teacher-tracking/node_modules/lucide-react/dist/esm/lucide-react.mjs [Client Component SSR]
    ./.gemini/antigravity/scratch/teacher-tracking/src/components/pages/DailyTasksPage.tsx [Client Component SSR]
    ./.gemini/antigravity/scratch/teacher-tracking/src/components/AppShell.tsx [Client Component SSR]
    ./.gemini/antigravity/scratch/teacher-tracking/src/app/page.tsx [Client Component SSR]
    ./.gemini/antigravity/scratch/teacher-tracking/src/app/page.tsx [Server Component]

https://nextjs.org/docs/messages/module-not-found


./.gemini/antigravity/scratch/teacher-tracking/node_modules/lucide-react/dist/esm/lucide-react.mjs:1280:1
Module not found: Can't resolve './icons/puzzle.mjs'
  [90m1278 |[0m ... [33mLucideProportions[0m, [36mdefault[0m [36mas[0m [33mProportions[0m, [36mdefault[0m [36mas[0m [33mProportion...[0m
  [90m1279 |[0m ... [33mLucidePrinter[0m, [36mdefault[0m [36mas[0m [33mPrinter[0m, [36mdefault[0m [36mas[0m [33mPrinterIcon[0m } [36mfrom[0m.[32m..[0m
[31m[1m>[0m [90m1280 |[0m ... [33mLucidePuzzle[0m, [36mdefault[0m [36mas[0m [33mPuzzle[0m, [36mdefault[0m [36mas[0m [33mPuzzleIcon[0m } [36mfrom[0m [32m'....[0m
  [90m     |[0m    [31m[1m^^^^^^^^^^^^^^^^^^^^^^^^^^^^^^^^^^^^^^^^^^^^^^^^^^^^^^^^^^^^^^^^^^^^[0m
  [90m1281 |[0m ... [33mLucidePyramid[0m, [36mdefault[0m [36mas[0m [33mPyramid[0m, [36mdefault[0m [36mas[0m [33mPyramidIcon[0m } [36mfrom[0m.[32m..[0m
  [90m1282 |[0m ... [33mLucideQrCode[0m, [36mdefault[0m [36mas[0m [33mQrCode[0m, [36mdefault[0m [36mas[0m [33mQrCodeIcon[0m } [36mfrom[0m [32m'....[0m
  [90m1283 |[0m ... [33mLucideQuote[0m, [36mdefault[0m [36mas[0m [33mQuote[0m, [36mdefault[0m [36mas[0m [33mQuoteIcon[0m } [36mfrom[0m [32m'./ic...[0m



Import traces:
  Client Component Browser:
    ./.gemini/antigravity/scratch/teacher-tracking/node_modules/lucide-react/dist/esm/lucide-react.mjs [Client Component Browser]
    ./.gemini/antigravity/scratch/teacher-tracking/src/components/pages/DailyTasksPage.tsx [Client Component Browser]
    ./.gemini/antigravity/scratch/teacher-tracking/src/components/AppShell.tsx [Client Component Browser]
    ./.gemini/antigravity/scratch/teacher-tracking/src/app/page.tsx [Client Component Browser]
    ./.gemini/antigravity/scratch/teacher-tracking/src/app/page.tsx [Server Component]

  Client Component SSR:
    ./.gemini/antigravity/scratch/teacher-tracking/node_modules/lucide-react/dist/esm/lucide-react.mjs [Client Component SSR]
    ./.gemini/antigravity/scratch/teacher-tracking/src/components/pages/DailyTasksPage.tsx [Client Component SSR]
    ./.gemini/antigravity/scratch/teacher-tracking/src/components/AppShell.tsx [Client Component SSR]
    ./.gemini/antigravity/scratch/teacher-tracking/src/app/page.tsx [Client Component SSR]
    ./.gemini/antigravity/scratch/teacher-tracking/src/app/page.tsx [Server Component]

https://nextjs.org/docs/messages/module-not-found


./.gemini/antigravity/scratch/teacher-tracking/node_modules/lucide-react/dist/esm/lucide-react.mjs:1281:1
Module not found: Can't resolve './icons/pyramid.mjs'
  [90m1279 |[0m ...[33mucidePrinter[0m, [36mdefault[0m [36mas[0m [33mPrinter[0m, [36mdefault[0m [36mas[0m [33mPrinterIcon[0m } [36mfrom[0m [32m'...[0m
  [90m1280 |[0m ...[33mucidePuzzle[0m, [36mdefault[0m [36mas[0m [33mPuzzle[0m, [36mdefault[0m [36mas[0m [33mPuzzleIcon[0m } [36mfrom[0m [32m'./i...[0m
[31m[1m>[0m [90m1281 |[0m ...[33mucidePyramid[0m, [36mdefault[0m [36mas[0m [33mPyramid[0m, [36mdefault[0m [36mas[0m [33mPyramidIcon[0m } [36mfrom[0m [32m'...[0m
  [90m     |[0m    [31m[1m^^^^^^^^^^^^^^^^^^^^^^^^^^^^^^^^^^^^^^^^^^^^^^^^^^^^^^^^^^^^^^^^^^^^[0m
  [90m1282 |[0m ...[33mucideQrCode[0m, [36mdefault[0m [36mas[0m [33mQrCode[0m, [36mdefault[0m [36mas[0m [33mQrCodeIcon[0m } [36mfrom[0m [32m'./i...[0m
  [90m1283 |[0m ...[33mucideQuote[0m, [36mdefault[0m [36mas[0m [33mQuote[0m, [36mdefault[0m [36mas[0m [33mQuoteIcon[0m } [36mfrom[0m [32m'./icon...[0m
  [90m1284 |[0m ...[33mucideRabbit[0m, [36mdefault[0m [36mas[0m [33mRabbit[0m, [36mdefault[0m [36mas[0m [33mRabbitIcon[0m } [36mfrom[0m [32m'./i...[0m



Import traces:
  Client Component Browser:
    ./.gemini/antigravity/scratch/teacher-tracking/node_modules/lucide-react/dist/esm/lucide-react.mjs [Client Component Browser]
    ./.gemini/antigravity/scratch/teacher-tracking/src/components/pages/DailyTasksPage.tsx [Client Component Browser]
    ./.gemini/antigravity/scratch/teacher-tracking/src/components/AppShell.tsx [Client Component Browser]
    ./.gemini/antigravity/scratch/teacher-tracking/src/app/page.tsx [Client Component Browser]
    ./.gemini/antigravity/scratch/teacher-tracking/src/app/page.tsx [Server Component]

  Client Component SSR:
    ./.gemini/antigravity/scratch/teacher-tracking/node_modules/lucide-react/dist/esm/lucide-react.mjs [Client Component SSR]
    ./.gemini/antigravity/scratch/teacher-tracking/src/components/pages/DailyTasksPage.tsx [Client Component SSR]
    ./.gemini/antigravity/scratch/teacher-tracking/src/components/AppShell.tsx [Client Component SSR]
    ./.gemini/antigravity/scratch/teacher-tracking/src/app/page.tsx [Client Component SSR]
    ./.gemini/antigravity/scratch/teacher-tracking/src/app/page.tsx [Server Component]

https://nextjs.org/docs/messages/module-not-found


./.gemini/antigravity/scratch/teacher-tracking/node_modules/lucide-react/dist/esm/lucide-react.mjs:1282:1
Module not found: Can't resolve './icons/qr-code.mjs'
  [90m1280 |[0m ...[33mLucidePuzzle[0m, [36mdefault[0m [36mas[0m [33mPuzzle[0m, [36mdefault[0m [36mas[0m [33mPuzzleIcon[0m } [36mfrom[0m [32m'./...[0m
  [90m1281 |[0m ...[33mLucidePyramid[0m, [36mdefault[0m [36mas[0m [33mPyramid[0m, [36mdefault[0m [36mas[0m [33mPyramidIcon[0m } [36mfrom[0m [32m...[0m
[31m[1m>[0m [90m1282 |[0m ...[33mLucideQrCode[0m, [36mdefault[0m [36mas[0m [33mQrCode[0m, [36mdefault[0m [36mas[0m [33mQrCodeIcon[0m } [36mfrom[0m [32m'./...[0m
  [90m     |[0m    [31m[1m^^^^^^^^^^^^^^^^^^^^^^^^^^^^^^^^^^^^^^^^^^^^^^^^^^^^^^^^^^^^^^^^^^^^[0m
  [90m1283 |[0m ...[33mLucideQuote[0m, [36mdefault[0m [36mas[0m [33mQuote[0m, [36mdefault[0m [36mas[0m [33mQuoteIcon[0m } [36mfrom[0m [32m'./ico...[0m
  [90m1284 |[0m ...[33mLucideRabbit[0m, [36mdefault[0m [36mas[0m [33mRabbit[0m, [36mdefault[0m [36mas[0m [33mRabbitIcon[0m } [36mfrom[0m [32m'./...[0m
  [90m1285 |[0m ...[33mLucideRadar[0m, [36mdefault[0m [36mas[0m [33mRadar[0m, [36mdefault[0m [36mas[0m [33mRadarIcon[0m } [36mfrom[0m [32m'./ico...[0m



Import traces:
  Client Component Browser:
    ./.gemini/antigravity/scratch/teacher-tracking/node_modules/lucide-react/dist/esm/lucide-react.mjs [Client Component Browser]
    ./.gemini/antigravity/scratch/teacher-tracking/src/components/pages/DailyTasksPage.tsx [Client Component Browser]
    ./.gemini/antigravity/scratch/teacher-tracking/src/components/AppShell.tsx [Client Component Browser]
    ./.gemini/antigravity/scratch/teacher-tracking/src/app/page.tsx [Client Component Browser]
    ./.gemini/antigravity/scratch/teacher-tracking/src/app/page.tsx [Server Component]

  Client Component SSR:
    ./.gemini/antigravity/scratch/teacher-tracking/node_modules/lucide-react/dist/esm/lucide-react.mjs [Client Component SSR]
    ./.gemini/antigravity/scratch/teacher-tracking/src/components/pages/DailyTasksPage.tsx [Client Component SSR]
    ./.gemini/antigravity/scratch/teacher-tracking/src/components/AppShell.tsx [Client Component SSR]
    ./.gemini/antigravity/scratch/teacher-tracking/src/app/page.tsx [Client Component SSR]
    ./.gemini/antigravity/scratch/teacher-tracking/src/app/page.tsx [Server Component]

https://nextjs.org/docs/messages/module-not-found


./.gemini/antigravity/scratch/teacher-tracking/node_modules/lucide-react/dist/esm/lucide-react.mjs:1283:1
Module not found: Can't resolve './icons/quote.mjs'
  [90m1281 |[0m ...[36mas[0m [33mLucidePyramid[0m, [36mdefault[0m [36mas[0m [33mPyramid[0m, [36mdefault[0m [36mas[0m [33mPyramidIcon[0m } [36mfr..[0m.
  [90m1282 |[0m ...[36mas[0m [33mLucideQrCode[0m, [36mdefault[0m [36mas[0m [33mQrCode[0m, [36mdefault[0m [36mas[0m [33mQrCodeIcon[0m } [36mfrom[0m [32m...[0m
[31m[1m>[0m [90m1283 |[0m ...[36mas[0m [33mLucideQuote[0m, [36mdefault[0m [36mas[0m [33mQuote[0m, [36mdefault[0m [36mas[0m [33mQuoteIcon[0m } [36mfrom[0m [32m'./...[0m
  [90m     |[0m    [31m[1m^^^^^^^^^^^^^^^^^^^^^^^^^^^^^^^^^^^^^^^^^^^^^^^^^^^^^^^^^^^^^^^^^^^^[0m
  [90m1284 |[0m ...[36mas[0m [33mLucideRabbit[0m, [36mdefault[0m [36mas[0m [33mRabbit[0m, [36mdefault[0m [36mas[0m [33mRabbitIcon[0m } [36mfrom[0m [32m...[0m
  [90m1285 |[0m ...[36mas[0m [33mLucideRadar[0m, [36mdefault[0m [36mas[0m [33mRadar[0m, [36mdefault[0m [36mas[0m [33mRadarIcon[0m } [36mfrom[0m [32m'./...[0m
  [90m1286 |[0m ...[36mas[0m [33mLucideRadiation[0m, [36mdefault[0m [36mas[0m [33mRadiation[0m, [36mdefault[0m [36mas[0m [33mRadiationIco.[0m..



Import traces:
  Client Component Browser:
    ./.gemini/antigravity/scratch/teacher-tracking/node_modules/lucide-react/dist/esm/lucide-react.mjs [Client Component Browser]
    ./.gemini/antigravity/scratch/teacher-tracking/src/components/pages/DailyTasksPage.tsx [Client Component Browser]
    ./.gemini/antigravity/scratch/teacher-tracking/src/components/AppShell.tsx [Client Component Browser]
    ./.gemini/antigravity/scratch/teacher-tracking/src/app/page.tsx [Client Component Browser]
    ./.gemini/antigravity/scratch/teacher-tracking/src/app/page.tsx [Server Component]

  Client Component SSR:
    ./.gemini/antigravity/scratch/teacher-tracking/node_modules/lucide-react/dist/esm/lucide-react.mjs [Client Component SSR]
    ./.gemini/antigravity/scratch/teacher-tracking/src/components/pages/DailyTasksPage.tsx [Client Component SSR]
    ./.gemini/antigravity/scratch/teacher-tracking/src/components/AppShell.tsx [Client Component SSR]
    ./.gemini/antigravity/scratch/teacher-tracking/src/app/page.tsx [Client Component SSR]
    ./.gemini/antigravity/scratch/teacher-tracking/src/app/page.tsx [Server Component]

https://nextjs.org/docs/messages/module-not-found


./.gemini/antigravity/scratch/teacher-tracking/node_modules/lucide-react/dist/esm/lucide-react.mjs:1284:1
Module not found: Can't resolve './icons/rabbit.mjs'
  [90m1282 |[0m ... [33mLucideQrCode[0m, [36mdefault[0m [36mas[0m [33mQrCode[0m, [36mdefault[0m [36mas[0m [33mQrCodeIcon[0m } [36mfrom[0m [32m'....[0m
  [90m1283 |[0m ... [33mLucideQuote[0m, [36mdefault[0m [36mas[0m [33mQuote[0m, [36mdefault[0m [36mas[0m [33mQuoteIcon[0m } [36mfrom[0m [32m'./ic...[0m
[31m[1m>[0m [90m1284 |[0m ... [33mLucideRabbit[0m, [36mdefault[0m [36mas[0m [33mRabbit[0m, [36mdefault[0m [36mas[0m [33mRabbitIcon[0m } [36mfrom[0m [32m'....[0m
  [90m     |[0m    [31m[1m^^^^^^^^^^^^^^^^^^^^^^^^^^^^^^^^^^^^^^^^^^^^^^^^^^^^^^^^^^^^^^^^^^^^[0m
  [90m1285 |[0m ... [33mLucideRadar[0m, [36mdefault[0m [36mas[0m [33mRadar[0m, [36mdefault[0m [36mas[0m [33mRadarIcon[0m } [36mfrom[0m [32m'./ic...[0m
  [90m1286 |[0m ... [33mLucideRadiation[0m, [36mdefault[0m [36mas[0m [33mRadiation[0m, [36mdefault[0m [36mas[0m [33mRadiationIcon[0m ..[36m.[0m
  [90m1287 |[0m ... [33mLucideRadical[0m, [36mdefault[0m [36mas[0m [33mRadical[0m, [36mdefault[0m [36mas[0m [33mRadicalIcon[0m } [36mfrom[0m.[32m..[0m



Import traces:
  Client Component Browser:
    ./.gemini/antigravity/scratch/teacher-tracking/node_modules/lucide-react/dist/esm/lucide-react.mjs [Client Component Browser]
    ./.gemini/antigravity/scratch/teacher-tracking/src/components/pages/DailyTasksPage.tsx [Client Component Browser]
    ./.gemini/antigravity/scratch/teacher-tracking/src/components/AppShell.tsx [Client Component Browser]
    ./.gemini/antigravity/scratch/teacher-tracking/src/app/page.tsx [Client Component Browser]
    ./.gemini/antigravity/scratch/teacher-tracking/src/app/page.tsx [Server Component]

  Client Component SSR:
    ./.gemini/antigravity/scratch/teacher-tracking/node_modules/lucide-react/dist/esm/lucide-react.mjs [Client Component SSR]
    ./.gemini/antigravity/scratch/teacher-tracking/src/components/pages/DailyTasksPage.tsx [Client Component SSR]
    ./.gemini/antigravity/scratch/teacher-tracking/src/components/AppShell.tsx [Client Component SSR]
    ./.gemini/antigravity/scratch/teacher-tracking/src/app/page.tsx [Client Component SSR]
    ./.gemini/antigravity/scratch/teacher-tracking/src/app/page.tsx [Server Component]

https://nextjs.org/docs/messages/module-not-found


./.gemini/antigravity/scratch/teacher-tracking/node_modules/lucide-react/dist/esm/lucide-react.mjs:1285:1
Module not found: Can't resolve './icons/radar.mjs'
  [90m1283 |[0m ...[36mas[0m [33mLucideQuote[0m, [36mdefault[0m [36mas[0m [33mQuote[0m, [36mdefault[0m [36mas[0m [33mQuoteIcon[0m } [36mfrom[0m [32m'./...[0m
  [90m1284 |[0m ...[36mas[0m [33mLucideRabbit[0m, [36mdefault[0m [36mas[0m [33mRabbit[0m, [36mdefault[0m [36mas[0m [33mRabbitIcon[0m } [36mfrom[0m [32m...[0m
[31m[1m>[0m [90m1285 |[0m ...[36mas[0m [33mLucideRadar[0m, [36mdefault[0m [36mas[0m [33mRadar[0m, [36mdefault[0m [36mas[0m [33mRadarIcon[0m } [36mfrom[0m [32m'./...[0m
  [90m     |[0m    [31m[1m^^^^^^^^^^^^^^^^^^^^^^^^^^^^^^^^^^^^^^^^^^^^^^^^^^^^^^^^^^^^^^^^^^^^[0m
  [90m1286 |[0m ...[36mas[0m [33mLucideRadiation[0m, [36mdefault[0m [36mas[0m [33mRadiation[0m, [36mdefault[0m [36mas[0m [33mRadiationIco.[0m..
  [90m1287 |[0m ...[36mas[0m [33mLucideRadical[0m, [36mdefault[0m [36mas[0m [33mRadical[0m, [36mdefault[0m [36mas[0m [33mRadicalIcon[0m } [36mfr..[0m.
  [90m1288 |[0m ...[36mas[0m [33mLucideRadioOff[0m, [36mdefault[0m [36mas[0m [33mRadioOff[0m, [36mdefault[0m [36mas[0m [33mRadioOffIcon[0m }.[36m..[0m



Import traces:
  Client Component Browser:
    ./.gemini/antigravity/scratch/teacher-tracking/node_modules/lucide-react/dist/esm/lucide-react.mjs [Client Component Browser]
    ./.gemini/antigravity/scratch/teacher-tracking/src/components/pages/DailyTasksPage.tsx [Client Component Browser]
    ./.gemini/antigravity/scratch/teacher-tracking/src/components/AppShell.tsx [Client Component Browser]
    ./.gemini/antigravity/scratch/teacher-tracking/src/app/page.tsx [Client Component Browser]
    ./.gemini/antigravity/scratch/teacher-tracking/src/app/page.tsx [Server Component]

  Client Component SSR:
    ./.gemini/antigravity/scratch/teacher-tracking/node_modules/lucide-react/dist/esm/lucide-react.mjs [Client Component SSR]
    ./.gemini/antigravity/scratch/teacher-tracking/src/components/pages/DailyTasksPage.tsx [Client Component SSR]
    ./.gemini/antigravity/scratch/teacher-tracking/src/components/AppShell.tsx [Client Component SSR]
    ./.gemini/antigravity/scratch/teacher-tracking/src/app/page.tsx [Client Component SSR]
    ./.gemini/antigravity/scratch/teacher-tracking/src/app/page.tsx [Server Component]

https://nextjs.org/docs/messages/module-not-found


./.gemini/antigravity/scratch/teacher-tracking/node_modules/lucide-react/dist/esm/lucide-react.mjs:1286:1
Module not found: Can't resolve './icons/radiation.mjs'
  [90m1284 |[0m ...[33meRabbit[0m, [36mdefault[0m [36mas[0m [33mRabbit[0m, [36mdefault[0m [36mas[0m [33mRabbitIcon[0m } [36mfrom[0m [32m'./icons...[0m
  [90m1285 |[0m ...[33meRadar[0m, [36mdefault[0m [36mas[0m [33mRadar[0m, [36mdefault[0m [36mas[0m [33mRadarIcon[0m } [36mfrom[0m [32m'./icons/ra...[0m
[31m[1m>[0m [90m1286 |[0m ...[33meRadiation[0m, [36mdefault[0m [36mas[0m [33mRadiation[0m, [36mdefault[0m [36mas[0m [33mRadiationIcon[0m } [36mfrom[0m.[32m..[0m
  [90m     |[0m    [31m[1m^^^^^^^^^^^^^^^^^^^^^^^^^^^^^^^^^^^^^^^^^^^^^^^^^^^^^^^^^^^^^^^^^^^^[0m
  [90m1287 |[0m ...[33meRadical[0m, [36mdefault[0m [36mas[0m [33mRadical[0m, [36mdefault[0m [36mas[0m [33mRadicalIcon[0m } [36mfrom[0m [32m'./ic...[0m
  [90m1288 |[0m ...[33meRadioOff[0m, [36mdefault[0m [36mas[0m [33mRadioOff[0m, [36mdefault[0m [36mas[0m [33mRadioOffIcon[0m } [36mfrom[0m [32m'....[0m
  [90m1289 |[0m ...[33meRadioTower[0m, [36mdefault[0m [36mas[0m [33mRadioTower[0m, [36mdefault[0m [36mas[0m [33mRadioTowerIcon[0m } [36mf...[0m



Import traces:
  Client Component Browser:
    ./.gemini/antigravity/scratch/teacher-tracking/node_modules/lucide-react/dist/esm/lucide-react.mjs [Client Component Browser]
    ./.gemini/antigravity/scratch/teacher-tracking/src/components/pages/DailyTasksPage.tsx [Client Component Browser]
    ./.gemini/antigravity/scratch/teacher-tracking/src/components/AppShell.tsx [Client Component Browser]
    ./.gemini/antigravity/scratch/teacher-tracking/src/app/page.tsx [Client Component Browser]
    ./.gemini/antigravity/scratch/teacher-tracking/src/app/page.tsx [Server Component]

  Client Component SSR:
    ./.gemini/antigravity/scratch/teacher-tracking/node_modules/lucide-react/dist/esm/lucide-react.mjs [Client Component SSR]
    ./.gemini/antigravity/scratch/teacher-tracking/src/components/pages/DailyTasksPage.tsx [Client Component SSR]
    ./.gemini/antigravity/scratch/teacher-tracking/src/components/AppShell.tsx [Client Component SSR]
    ./.gemini/antigravity/scratch/teacher-tracking/src/app/page.tsx [Client Component SSR]
    ./.gemini/antigravity/scratch/teacher-tracking/src/app/page.tsx [Server Component]

https://nextjs.org/docs/messages/module-not-found


./.gemini/antigravity/scratch/teacher-tracking/node_modules/lucide-react/dist/esm/lucide-react.mjs:1287:1
Module not found: Can't resolve './icons/radical.mjs'
  [90m1285 |[0m ...[33mucideRadar[0m, [36mdefault[0m [36mas[0m [33mRadar[0m, [36mdefault[0m [36mas[0m [33mRadarIcon[0m } [36mfrom[0m [32m'./icon...[0m
  [90m1286 |[0m ...[33mucideRadiation[0m, [36mdefault[0m [36mas[0m [33mRadiation[0m, [36mdefault[0m [36mas[0m [33mRadiationIcon[0m } [36m...[0m
[31m[1m>[0m [90m1287 |[0m ...[33mucideRadical[0m, [36mdefault[0m [36mas[0m [33mRadical[0m, [36mdefault[0m [36mas[0m [33mRadicalIcon[0m } [36mfrom[0m [32m'...[0m
  [90m     |[0m    [31m[1m^^^^^^^^^^^^^^^^^^^^^^^^^^^^^^^^^^^^^^^^^^^^^^^^^^^^^^^^^^^^^^^^^^^^[0m
  [90m1288 |[0m ...[33mucideRadioOff[0m, [36mdefault[0m [36mas[0m [33mRadioOff[0m, [36mdefault[0m [36mas[0m [33mRadioOffIcon[0m } [36mfro.[0m.[32m.[0m
  [90m1289 |[0m ...[33mucideRadioTower[0m, [36mdefault[0m [36mas[0m [33mRadioTower[0m, [36mdefault[0m [36mas[0m [33mRadioTowerIcon[0m...
  [90m1290 |[0m ...[33mucideRadioReceiver[0m, [36mdefault[0m [36mas[0m [33mRadioReceiver[0m, [36mdefault[0m [36mas[0m [33mRadioRec...[0m



Import traces:
  Client Component Browser:
    ./.gemini/antigravity/scratch/teacher-tracking/node_modules/lucide-react/dist/esm/lucide-react.mjs [Client Component Browser]
    ./.gemini/antigravity/scratch/teacher-tracking/src/components/pages/DailyTasksPage.tsx [Client Component Browser]
    ./.gemini/antigravity/scratch/teacher-tracking/src/components/AppShell.tsx [Client Component Browser]
    ./.gemini/antigravity/scratch/teacher-tracking/src/app/page.tsx [Client Component Browser]
    ./.gemini/antigravity/scratch/teacher-tracking/src/app/page.tsx [Server Component]

  Client Component SSR:
    ./.gemini/antigravity/scratch/teacher-tracking/node_modules/lucide-react/dist/esm/lucide-react.mjs [Client Component SSR]
    ./.gemini/antigravity/scratch/teacher-tracking/src/components/pages/DailyTasksPage.tsx [Client Component SSR]
    ./.gemini/antigravity/scratch/teacher-tracking/src/components/AppShell.tsx [Client Component SSR]
    ./.gemini/antigravity/scratch/teacher-tracking/src/app/page.tsx [Client Component SSR]
    ./.gemini/antigravity/scratch/teacher-tracking/src/app/page.tsx [Server Component]

https://nextjs.org/docs/messages/module-not-found


./.gemini/antigravity/scratch/teacher-tracking/node_modules/lucide-react/dist/esm/lucide-react.mjs:1288:1
Module not found: Can't resolve './icons/radio-off.mjs'
  [90m1286 |[0m ...[33mdeRadiation[0m, [36mdefault[0m [36mas[0m [33mRadiation[0m, [36mdefault[0m [36mas[0m [33mRadiationIcon[0m } [36mfro.[0m.[32m.[0m
  [90m1287 |[0m ...[33mdeRadical[0m, [36mdefault[0m [36mas[0m [33mRadical[0m, [36mdefault[0m [36mas[0m [33mRadicalIcon[0m } [36mfrom[0m [32m'./i...[0m
[31m[1m>[0m [90m1288 |[0m ...[33mdeRadioOff[0m, [36mdefault[0m [36mas[0m [33mRadioOff[0m, [36mdefault[0m [36mas[0m [33mRadioOffIcon[0m } [36mfrom[0m [32m'...[0m
  [90m     |[0m    [31m[1m^^^^^^^^^^^^^^^^^^^^^^^^^^^^^^^^^^^^^^^^^^^^^^^^^^^^^^^^^^^^^^^^^^^^[0m
  [90m1289 |[0m ...[33mdeRadioTower[0m, [36mdefault[0m [36mas[0m [33mRadioTower[0m, [36mdefault[0m [36mas[0m [33mRadioTowerIcon[0m } [36m...[0m
  [90m1290 |[0m ...[33mdeRadioReceiver[0m, [36mdefault[0m [36mas[0m [33mRadioReceiver[0m, [36mdefault[0m [36mas[0m [33mRadioReceiv...[0m
  [90m1291 |[0m ...[33mdeRadio[0m, [36mdefault[0m [36mas[0m [33mRadio[0m, [36mdefault[0m [36mas[0m [33mRadioIcon[0m } [36mfrom[0m [32m'./icons/r...[0m



Import traces:
  Client Component Browser:
    ./.gemini/antigravity/scratch/teacher-tracking/node_modules/lucide-react/dist/esm/lucide-react.mjs [Client Component Browser]
    ./.gemini/antigravity/scratch/teacher-tracking/src/components/pages/DailyTasksPage.tsx [Client Component Browser]
    ./.gemini/antigravity/scratch/teacher-tracking/src/components/AppShell.tsx [Client Component Browser]
    ./.gemini/antigravity/scratch/teacher-tracking/src/app/page.tsx [Client Component Browser]
    ./.gemini/antigravity/scratch/teacher-tracking/src/app/page.tsx [Server Component]

  Client Component SSR:
    ./.gemini/antigravity/scratch/teacher-tracking/node_modules/lucide-react/dist/esm/lucide-react.mjs [Client Component SSR]
    ./.gemini/antigravity/scratch/teacher-tracking/src/components/pages/DailyTasksPage.tsx [Client Component SSR]
    ./.gemini/antigravity/scratch/teacher-tracking/src/components/AppShell.tsx [Client Component SSR]
    ./.gemini/antigravity/scratch/teacher-tracking/src/app/page.tsx [Client Component SSR]
    ./.gemini/antigravity/scratch/teacher-tracking/src/app/page.tsx [Server Component]

https://nextjs.org/docs/messages/module-not-found


./.gemini/antigravity/scratch/teacher-tracking/node_modules/lucide-react/dist/esm/lucide-react.mjs:1290:1
Module not found: Can't resolve './icons/radio-receiver.mjs'
  [90m1288 |[0m ..., [36mdefault[0m [36mas[0m [33mRadioOff[0m, [36mdefault[0m [36mas[0m [33mRadioOffIcon[0m } [36mfrom[0m [32m'./icons/ra...[0m
  [90m1289 |[0m ...[33mer[0m, [36mdefault[0m [36mas[0m [33mRadioTower[0m, [36mdefault[0m [36mas[0m [33mRadioTowerIcon[0m } [36mfrom[0m [32m'./ic...[0m
[31m[1m>[0m [90m1290 |[0m ...[33meiver[0m, [36mdefault[0m [36mas[0m [33mRadioReceiver[0m, [36mdefault[0m [36mas[0m [33mRadioReceiverIcon[0m } [36mf...[0m
  [90m     |[0m    [31m[1m^^^^^^^^^^^^^^^^^^^^^^^^^^^^^^^^^^^^^^^^^^^^^^^^^^^^^^^^^^^^^^^^^^^^[0m
  [90m1291 |[0m ...[36mefault[0m [36mas[0m [33mRadio[0m, [36mdefault[0m [36mas[0m [33mRadioIcon[0m } [36mfrom[0m [32m'./icons/radio.mjs'[0m;
  [90m1292 |[0m ... [36mdefault[0m [36mas[0m [33mRainbow[0m, [36mdefault[0m [36mas[0m [33mRainbowIcon[0m } [36mfrom[0m [32m'./icons/rainb...[0m
  [90m1293 |[0m ...[36mefault[0m [36mas[0m [33mRatio[0m, [36mdefault[0m [36mas[0m [33mRatioIcon[0m } [36mfrom[0m [32m'./icons/ratio.mjs'[0m;



Import traces:
  Client Component Browser:
    ./.gemini/antigravity/scratch/teacher-tracking/node_modules/lucide-react/dist/esm/lucide-react.mjs [Client Component Browser]
    ./.gemini/antigravity/scratch/teacher-tracking/src/components/pages/DailyTasksPage.tsx [Client Component Browser]
    ./.gemini/antigravity/scratch/teacher-tracking/src/components/AppShell.tsx [Client Component Browser]
    ./.gemini/antigravity/scratch/teacher-tracking/src/app/page.tsx [Client Component Browser]
    ./.gemini/antigravity/scratch/teacher-tracking/src/app/page.tsx [Server Component]

  Client Component SSR:
    ./.gemini/antigravity/scratch/teacher-tracking/node_modules/lucide-react/dist/esm/lucide-react.mjs [Client Component SSR]
    ./.gemini/antigravity/scratch/teacher-tracking/src/components/pages/DailyTasksPage.tsx [Client Component SSR]
    ./.gemini/antigravity/scratch/teacher-tracking/src/components/AppShell.tsx [Client Component SSR]
    ./.gemini/antigravity/scratch/teacher-tracking/src/app/page.tsx [Client Component SSR]
    ./.gemini/antigravity/scratch/teacher-tracking/src/app/page.tsx [Server Component]

https://nextjs.org/docs/messages/module-not-found


./.gemini/antigravity/scratch/teacher-tracking/node_modules/lucide-react/dist/esm/lucide-react.mjs:1289:1
Module not found: Can't resolve './icons/radio-tower.mjs'
  [90m1287 |[0m ...[33mdical[0m, [36mdefault[0m [36mas[0m [33mRadical[0m, [36mdefault[0m [36mas[0m [33mRadicalIcon[0m } [36mfrom[0m [32m'./icons...[0m
  [90m1288 |[0m ...[33mdioOff[0m, [36mdefault[0m [36mas[0m [33mRadioOff[0m, [36mdefault[0m [36mas[0m [33mRadioOffIcon[0m } [36mfrom[0m [32m'./ic...[0m
[31m[1m>[0m [90m1289 |[0m ...[33mdioTower[0m, [36mdefault[0m [36mas[0m [33mRadioTower[0m, [36mdefault[0m [36mas[0m [33mRadioTowerIcon[0m } [36mfrom[0m.[32m..[0m
  [90m     |[0m    [31m[1m^^^^^^^^^^^^^^^^^^^^^^^^^^^^^^^^^^^^^^^^^^^^^^^^^^^^^^^^^^^^^^^^^^^^[0m
  [90m1290 |[0m ...[33mdioReceiver[0m, [36mdefault[0m [36mas[0m [33mRadioReceiver[0m, [36mdefault[0m [36mas[0m [33mRadioReceiverIc..[0m.
  [90m1291 |[0m ...[33mdio[0m, [36mdefault[0m [36mas[0m [33mRadio[0m, [36mdefault[0m [36mas[0m [33mRadioIcon[0m } [36mfrom[0m [32m'./icons/radio...[0m
  [90m1292 |[0m ...[33minbow[0m, [36mdefault[0m [36mas[0m [33mRainbow[0m, [36mdefault[0m [36mas[0m [33mRainbowIcon[0m } [36mfrom[0m [32m'./icons...[0m



Import traces:
  Client Component Browser:
    ./.gemini/antigravity/scratch/teacher-tracking/node_modules/lucide-react/dist/esm/lucide-react.mjs [Client Component Browser]
    ./.gemini/antigravity/scratch/teacher-tracking/src/components/pages/DailyTasksPage.tsx [Client Component Browser]
    ./.gemini/antigravity/scratch/teacher-tracking/src/components/AppShell.tsx [Client Component Browser]
    ./.gemini/antigravity/scratch/teacher-tracking/src/app/page.tsx [Client Component Browser]
    ./.gemini/antigravity/scratch/teacher-tracking/src/app/page.tsx [Server Component]

  Client Component SSR:
    ./.gemini/antigravity/scratch/teacher-tracking/node_modules/lucide-react/dist/esm/lucide-react.mjs [Client Component SSR]
    ./.gemini/antigravity/scratch/teacher-tracking/src/components/pages/DailyTasksPage.tsx [Client Component SSR]
    ./.gemini/antigravity/scratch/teacher-tracking/src/components/AppShell.tsx [Client Component SSR]
    ./.gemini/antigravity/scratch/teacher-tracking/src/app/page.tsx [Client Component SSR]
    ./.gemini/antigravity/scratch/teacher-tracking/src/app/page.tsx [Server Component]

https://nextjs.org/docs/messages/module-not-found


./.gemini/antigravity/scratch/teacher-tracking/node_modules/lucide-react/dist/esm/lucide-react.mjs:1291:1
Module not found: Can't resolve './icons/radio.mjs'
  [90m1289 |[0m ...[36mas[0m [33mLucideRadioTower[0m, [36mdefault[0m [36mas[0m [33mRadioTower[0m, [36mdefault[0m [36mas[0m [33mRadioTower...[0m
  [90m1290 |[0m ...[36mas[0m [33mLucideRadioReceiver[0m, [36mdefault[0m [36mas[0m [33mRadioReceiver[0m, [36mdefault[0m [36mas[0m [33mRadi...[0m
[31m[1m>[0m [90m1291 |[0m ...[36mas[0m [33mLucideRadio[0m, [36mdefault[0m [36mas[0m [33mRadio[0m, [36mdefault[0m [36mas[0m [33mRadioIcon[0m } [36mfrom[0m [32m'./...[0m
  [90m     |[0m    [31m[1m^^^^^^^^^^^^^^^^^^^^^^^^^^^^^^^^^^^^^^^^^^^^^^^^^^^^^^^^^^^^^^^^^^^^[0m
  [90m1292 |[0m ...[36mas[0m [33mLucideRainbow[0m, [36mdefault[0m [36mas[0m [33mRainbow[0m, [36mdefault[0m [36mas[0m [33mRainbowIcon[0m } [36mfr..[0m.
  [90m1293 |[0m ...[36mas[0m [33mLucideRatio[0m, [36mdefault[0m [36mas[0m [33mRatio[0m, [36mdefault[0m [36mas[0m [33mRatioIcon[0m } [36mfrom[0m [32m'./...[0m
  [90m1294 |[0m ...[36mas[0m [33mLucideRadius[0m, [36mdefault[0m [36mas[0m [33mRadius[0m, [36mdefault[0m [36mas[0m [33mRadiusIcon[0m } [36mfrom[0m [32m...[0m



Import traces:
  Client Component Browser:
    ./.gemini/antigravity/scratch/teacher-tracking/node_modules/lucide-react/dist/esm/lucide-react.mjs [Client Component Browser]
    ./.gemini/antigravity/scratch/teacher-tracking/src/components/pages/DailyTasksPage.tsx [Client Component Browser]
    ./.gemini/antigravity/scratch/teacher-tracking/src/components/AppShell.tsx [Client Component Browser]
    ./.gemini/antigravity/scratch/teacher-tracking/src/app/page.tsx [Client Component Browser]
    ./.gemini/antigravity/scratch/teacher-tracking/src/app/page.tsx [Server Component]

  Client Component SSR:
    ./.gemini/antigravity/scratch/teacher-tracking/node_modules/lucide-react/dist/esm/lucide-react.mjs [Client Component SSR]
    ./.gemini/antigravity/scratch/teacher-tracking/src/components/pages/DailyTasksPage.tsx [Client Component SSR]
    ./.gemini/antigravity/scratch/teacher-tracking/src/components/AppShell.tsx [Client Component SSR]
    ./.gemini/antigravity/scratch/teacher-tracking/src/app/page.tsx [Client Component SSR]
    ./.gemini/antigravity/scratch/teacher-tracking/src/app/page.tsx [Server Component]

https://nextjs.org/docs/messages/module-not-found


./.gemini/antigravity/scratch/teacher-tracking/node_modules/lucide-react/dist/esm/lucide-react.mjs:1294:1
Module not found: Can't resolve './icons/radius.mjs'
  [90m1292 |[0m ... [33mLucideRainbow[0m, [36mdefault[0m [36mas[0m [33mRainbow[0m, [36mdefault[0m [36mas[0m [33mRainbowIcon[0m } [36mfrom[0m.[32m..[0m
  [90m1293 |[0m ... [33mLucideRatio[0m, [36mdefault[0m [36mas[0m [33mRatio[0m, [36mdefault[0m [36mas[0m [33mRatioIcon[0m } [36mfrom[0m [32m'./ic...[0m
[31m[1m>[0m [90m1294 |[0m ... [33mLucideRadius[0m, [36mdefault[0m [36mas[0m [33mRadius[0m, [36mdefault[0m [36mas[0m [33mRadiusIcon[0m } [36mfrom[0m [32m'....[0m
  [90m     |[0m    [31m[1m^^^^^^^^^^^^^^^^^^^^^^^^^^^^^^^^^^^^^^^^^^^^^^^^^^^^^^^^^^^^^^^^^^^^[0m
  [90m1295 |[0m ... [33mLucideReceiptCent[0m, [36mdefault[0m [36mas[0m [33mReceiptCent[0m, [36mdefault[0m [36mas[0m [33mReceiptCen...[0m
  [90m1296 |[0m ... [33mLucideRat[0m, [36mdefault[0m [36mas[0m [33mRat[0m, [36mdefault[0m [36mas[0m [33mRatIcon[0m } [36mfrom[0m [32m'./icons/ra...[0m
  [90m1297 |[0m ... [33mLucideReceiptEuro[0m, [36mdefault[0m [36mas[0m [33mReceiptEuro[0m, [36mdefault[0m [36mas[0m [33mReceiptEur...[0m



Import traces:
  Client Component Browser:
    ./.gemini/antigravity/scratch/teacher-tracking/node_modules/lucide-react/dist/esm/lucide-react.mjs [Client Component Browser]
    ./.gemini/antigravity/scratch/teacher-tracking/src/components/pages/DailyTasksPage.tsx [Client Component Browser]
    ./.gemini/antigravity/scratch/teacher-tracking/src/components/AppShell.tsx [Client Component Browser]
    ./.gemini/antigravity/scratch/teacher-tracking/src/app/page.tsx [Client Component Browser]
    ./.gemini/antigravity/scratch/teacher-tracking/src/app/page.tsx [Server Component]

  Client Component SSR:
    ./.gemini/antigravity/scratch/teacher-tracking/node_modules/lucide-react/dist/esm/lucide-react.mjs [Client Component SSR]
    ./.gemini/antigravity/scratch/teacher-tracking/src/components/pages/DailyTasksPage.tsx [Client Component SSR]
    ./.gemini/antigravity/scratch/teacher-tracking/src/components/AppShell.tsx [Client Component SSR]
    ./.gemini/antigravity/scratch/teacher-tracking/src/app/page.tsx [Client Component SSR]
    ./.gemini/antigravity/scratch/teacher-tracking/src/app/page.tsx [Server Component]

https://nextjs.org/docs/messages/module-not-found


./.gemini/antigravity/scratch/teacher-tracking/node_modules/lucide-react/dist/esm/lucide-react.mjs:1292:1
Module not found: Can't resolve './icons/rainbow.mjs'
  [90m1290 |[0m ...[33mucideRadioReceiver[0m, [36mdefault[0m [36mas[0m [33mRadioReceiver[0m, [36mdefault[0m [36mas[0m [33mRadioRec...[0m
  [90m1291 |[0m ...[33mucideRadio[0m, [36mdefault[0m [36mas[0m [33mRadio[0m, [36mdefault[0m [36mas[0m [33mRadioIcon[0m } [36mfrom[0m [32m'./icon...[0m
[31m[1m>[0m [90m1292 |[0m ...[33mucideRainbow[0m, [36mdefault[0m [36mas[0m [33mRainbow[0m, [36mdefault[0m [36mas[0m [33mRainbowIcon[0m } [36mfrom[0m [32m'...[0m
  [90m     |[0m    [31m[1m^^^^^^^^^^^^^^^^^^^^^^^^^^^^^^^^^^^^^^^^^^^^^^^^^^^^^^^^^^^^^^^^^^^^[0m
  [90m1293 |[0m ...[33mucideRatio[0m, [36mdefault[0m [36mas[0m [33mRatio[0m, [36mdefault[0m [36mas[0m [33mRatioIcon[0m } [36mfrom[0m [32m'./icon...[0m
  [90m1294 |[0m ...[33mucideRadius[0m, [36mdefault[0m [36mas[0m [33mRadius[0m, [36mdefault[0m [36mas[0m [33mRadiusIcon[0m } [36mfrom[0m [32m'./i...[0m
  [90m1295 |[0m ...[33mucideReceiptCent[0m, [36mdefault[0m [36mas[0m [33mReceiptCent[0m, [36mdefault[0m [36mas[0m [33mReceiptCentI...[0m



Import traces:
  Client Component Browser:
    ./.gemini/antigravity/scratch/teacher-tracking/node_modules/lucide-react/dist/esm/lucide-react.mjs [Client Component Browser]
    ./.gemini/antigravity/scratch/teacher-tracking/src/components/pages/DailyTasksPage.tsx [Client Component Browser]
    ./.gemini/antigravity/scratch/teacher-tracking/src/components/AppShell.tsx [Client Component Browser]
    ./.gemini/antigravity/scratch/teacher-tracking/src/app/page.tsx [Client Component Browser]
    ./.gemini/antigravity/scratch/teacher-tracking/src/app/page.tsx [Server Component]

  Client Component SSR:
    ./.gemini/antigravity/scratch/teacher-tracking/node_modules/lucide-react/dist/esm/lucide-react.mjs [Client Component SSR]
    ./.gemini/antigravity/scratch/teacher-tracking/src/components/pages/DailyTasksPage.tsx [Client Component SSR]
    ./.gemini/antigravity/scratch/teacher-tracking/src/components/AppShell.tsx [Client Component SSR]
    ./.gemini/antigravity/scratch/teacher-tracking/src/app/page.tsx [Client Component SSR]
    ./.gemini/antigravity/scratch/teacher-tracking/src/app/page.tsx [Server Component]

https://nextjs.org/docs/messages/module-not-found


./.gemini/antigravity/scratch/teacher-tracking/node_modules/lucide-react/dist/esm/lucide-react.mjs:1296:1
Module not found: Can't resolve './icons/rat.mjs'
  [90m1294 |[0m ...[36mult[0m [36mas[0m [33mLucideRadius[0m, [36mdefault[0m [36mas[0m [33mRadius[0m, [36mdefault[0m [36mas[0m [33mRadiusIcon[0m } [36mf...[0m
  [90m1295 |[0m ...[36mult[0m [36mas[0m [33mLucideReceiptCent[0m, [36mdefault[0m [36mas[0m [33mReceiptCent[0m, [36mdefault[0m [36mas[0m [33mRece...[0m
[31m[1m>[0m [90m1296 |[0m ...[36mult[0m [36mas[0m [33mLucideRat[0m, [36mdefault[0m [36mas[0m [33mRat[0m, [36mdefault[0m [36mas[0m [33mRatIcon[0m } [36mfrom[0m [32m'./ic...[0m
  [90m     |[0m    [31m[1m^^^^^^^^^^^^^^^^^^^^^^^^^^^^^^^^^^^^^^^^^^^^^^^^^^^^^^^^^^^^^^^^^^^^[0m
  [90m1297 |[0m ...[36mult[0m [36mas[0m [33mLucideReceiptEuro[0m, [36mdefault[0m [36mas[0m [33mReceiptEuro[0m, [36mdefault[0m [36mas[0m [33mRece...[0m
  [90m1298 |[0m ...[36mult[0m [36mas[0m [33mLucideReceiptJapaneseYen[0m, [36mdefault[0m [36mas[0m [33mReceiptJapaneseYen[0m, [36md...[0m
  [90m1299 |[0m ...[36mult[0m [36mas[0m [33mLucideReceiptIndianRupee[0m, [36mdefault[0m [36mas[0m [33mReceiptIndianRupee[0m, [36md...[0m



Import traces:
  Client Component Browser:
    ./.gemini/antigravity/scratch/teacher-tracking/node_modules/lucide-react/dist/esm/lucide-react.mjs [Client Component Browser]
    ./.gemini/antigravity/scratch/teacher-tracking/src/components/pages/DailyTasksPage.tsx [Client Component Browser]
    ./.gemini/antigravity/scratch/teacher-tracking/src/components/AppShell.tsx [Client Component Browser]
    ./.gemini/antigravity/scratch/teacher-tracking/src/app/page.tsx [Client Component Browser]
    ./.gemini/antigravity/scratch/teacher-tracking/src/app/page.tsx [Server Component]

  Client Component SSR:
    ./.gemini/antigravity/scratch/teacher-tracking/node_modules/lucide-react/dist/esm/lucide-react.mjs [Client Component SSR]
    ./.gemini/antigravity/scratch/teacher-tracking/src/components/pages/DailyTasksPage.tsx [Client Component SSR]
    ./.gemini/antigravity/scratch/teacher-tracking/src/components/AppShell.tsx [Client Component SSR]
    ./.gemini/antigravity/scratch/teacher-tracking/src/app/page.tsx [Client Component SSR]
    ./.gemini/antigravity/scratch/teacher-tracking/src/app/page.tsx [Server Component]

https://nextjs.org/docs/messages/module-not-found


./.gemini/antigravity/scratch/teacher-tracking/node_modules/lucide-react/dist/esm/lucide-react.mjs:1293:1
Module not found: Can't resolve './icons/ratio.mjs'
  [90m1291 |[0m ...[36mas[0m [33mLucideRadio[0m, [36mdefault[0m [36mas[0m [33mRadio[0m, [36mdefault[0m [36mas[0m [33mRadioIcon[0m } [36mfrom[0m [32m'./...[0m
  [90m1292 |[0m ...[36mas[0m [33mLucideRainbow[0m, [36mdefault[0m [36mas[0m [33mRainbow[0m, [36mdefault[0m [36mas[0m [33mRainbowIcon[0m } [36mfr..[0m.
[31m[1m>[0m [90m1293 |[0m ...[36mas[0m [33mLucideRatio[0m, [36mdefault[0m [36mas[0m [33mRatio[0m, [36mdefault[0m [36mas[0m [33mRatioIcon[0m } [36mfrom[0m [32m'./...[0m
  [90m     |[0m    [31m[1m^^^^^^^^^^^^^^^^^^^^^^^^^^^^^^^^^^^^^^^^^^^^^^^^^^^^^^^^^^^^^^^^^^^^[0m
  [90m1294 |[0m ...[36mas[0m [33mLucideRadius[0m, [36mdefault[0m [36mas[0m [33mRadius[0m, [36mdefault[0m [36mas[0m [33mRadiusIcon[0m } [36mfrom[0m [32m...[0m
  [90m1295 |[0m ...[36mas[0m [33mLucideReceiptCent[0m, [36mdefault[0m [36mas[0m [33mReceiptCent[0m, [36mdefault[0m [36mas[0m [33mReceiptC...[0m
  [90m1296 |[0m ...[36mas[0m [33mLucideRat[0m, [36mdefault[0m [36mas[0m [33mRat[0m, [36mdefault[0m [36mas[0m [33mRatIcon[0m } [36mfrom[0m [32m'./icons/...[0m



Import traces:
  Client Component Browser:
    ./.gemini/antigravity/scratch/teacher-tracking/node_modules/lucide-react/dist/esm/lucide-react.mjs [Client Component Browser]
    ./.gemini/antigravity/scratch/teacher-tracking/src/components/pages/DailyTasksPage.tsx [Client Component Browser]
    ./.gemini/antigravity/scratch/teacher-tracking/src/components/AppShell.tsx [Client Component Browser]
    ./.gemini/antigravity/scratch/teacher-tracking/src/app/page.tsx [Client Component Browser]
    ./.gemini/antigravity/scratch/teacher-tracking/src/app/page.tsx [Server Component]

  Client Component SSR:
    ./.gemini/antigravity/scratch/teacher-tracking/node_modules/lucide-react/dist/esm/lucide-react.mjs [Client Component SSR]
    ./.gemini/antigravity/scratch/teacher-tracking/src/components/pages/DailyTasksPage.tsx [Client Component SSR]
    ./.gemini/antigravity/scratch/teacher-tracking/src/components/AppShell.tsx [Client Component SSR]
    ./.gemini/antigravity/scratch/teacher-tracking/src/app/page.tsx [Client Component SSR]
    ./.gemini/antigravity/scratch/teacher-tracking/src/app/page.tsx [Server Component]

https://nextjs.org/docs/messages/module-not-found


./.gemini/antigravity/scratch/teacher-tracking/node_modules/lucide-react/dist/esm/lucide-react.mjs:1295:1
Module not found: Can't resolve './icons/receipt-cent.mjs'
  [90m1293 |[0m ...[33mo[0m, [36mdefault[0m [36mas[0m [33mRatio[0m, [36mdefault[0m [36mas[0m [33mRatioIcon[0m } [36mfrom[0m [32m'./icons/ratio.m...[0m
  [90m1294 |[0m ...[33mus[0m, [36mdefault[0m [36mas[0m [33mRadius[0m, [36mdefault[0m [36mas[0m [33mRadiusIcon[0m } [36mfrom[0m [32m'./icons/radi...[0m
[31m[1m>[0m [90m1295 |[0m ...[33miptCent[0m, [36mdefault[0m [36mas[0m [33mReceiptCent[0m, [36mdefault[0m [36mas[0m [33mReceiptCentIcon[0m } [36mfro.[0m.[32m.[0m
  [90m     |[0m    [31m[1m^^^^^^^^^^^^^^^^^^^^^^^^^^^^^^^^^^^^^^^^^^^^^^^^^^^^^^^^^^^^^^^^^^^^[0m
  [90m1296 |[0m ... [36mdefault[0m [36mas[0m [33mRat[0m, [36mdefault[0m [36mas[0m [33mRatIcon[0m } [36mfrom[0m [32m'./icons/rat.mjs'[0m;
  [90m1297 |[0m ...[33miptEuro[0m, [36mdefault[0m [36mas[0m [33mReceiptEuro[0m, [36mdefault[0m [36mas[0m [33mReceiptEuroIcon[0m } [36mfro.[0m.[32m.[0m
  [90m1298 |[0m ...[33miptJapaneseYen[0m, [36mdefault[0m [36mas[0m [33mReceiptJapaneseYen[0m, [36mdefault[0m [36mas[0m [33mReceipt...[0m



Import traces:
  Client Component Browser:
    ./.gemini/antigravity/scratch/teacher-tracking/node_modules/lucide-react/dist/esm/lucide-react.mjs [Client Component Browser]
    ./.gemini/antigravity/scratch/teacher-tracking/src/components/pages/DailyTasksPage.tsx [Client Component Browser]
    ./.gemini/antigravity/scratch/teacher-tracking/src/components/AppShell.tsx [Client Component Browser]
    ./.gemini/antigravity/scratch/teacher-tracking/src/app/page.tsx [Client Component Browser]
    ./.gemini/antigravity/scratch/teacher-tracking/src/app/page.tsx [Server Component]

  Client Component SSR:
    ./.gemini/antigravity/scratch/teacher-tracking/node_modules/lucide-react/dist/esm/lucide-react.mjs [Client Component SSR]
    ./.gemini/antigravity/scratch/teacher-tracking/src/components/pages/DailyTasksPage.tsx [Client Component SSR]
    ./.gemini/antigravity/scratch/teacher-tracking/src/components/AppShell.tsx [Client Component SSR]
    ./.gemini/antigravity/scratch/teacher-tracking/src/app/page.tsx [Client Component SSR]
    ./.gemini/antigravity/scratch/teacher-tracking/src/app/page.tsx [Server Component]

https://nextjs.org/docs/messages/module-not-found


./.gemini/antigravity/scratch/teacher-tracking/node_modules/lucide-react/dist/esm/lucide-react.mjs:1297:1
Module not found: Can't resolve './icons/receipt-euro.mjs'
  [90m1295 |[0m ...[33miptCent[0m, [36mdefault[0m [36mas[0m [33mReceiptCent[0m, [36mdefault[0m [36mas[0m [33mReceiptCentIcon[0m } [36mfro.[0m.[32m.[0m
  [90m1296 |[0m ... [36mdefault[0m [36mas[0m [33mRat[0m, [36mdefault[0m [36mas[0m [33mRatIcon[0m } [36mfrom[0m [32m'./icons/rat.mjs'[0m;
[31m[1m>[0m [90m1297 |[0m ...[33miptEuro[0m, [36mdefault[0m [36mas[0m [33mReceiptEuro[0m, [36mdefault[0m [36mas[0m [33mReceiptEuroIcon[0m } [36mfro.[0m.[32m.[0m
  [90m     |[0m    [31m[1m^^^^^^^^^^^^^^^^^^^^^^^^^^^^^^^^^^^^^^^^^^^^^^^^^^^^^^^^^^^^^^^^^^^^[0m
  [90m1298 |[0m ...[33miptJapaneseYen[0m, [36mdefault[0m [36mas[0m [33mReceiptJapaneseYen[0m, [36mdefault[0m [36mas[0m [33mReceipt...[0m
  [90m1299 |[0m ...[33miptIndianRupee[0m, [36mdefault[0m [36mas[0m [33mReceiptIndianRupee[0m, [36mdefault[0m [36mas[0m [33mReceipt...[0m
  [90m1300 |[0m ...[33miptRussianRuble[0m, [36mdefault[0m [36mas[0m [33mReceiptRussianRuble[0m, [36mdefault[0m [36mas[0m [33mRecei...[0m



Import traces:
  Client Component Browser:
    ./.gemini/antigravity/scratch/teacher-tracking/node_modules/lucide-react/dist/esm/lucide-react.mjs [Client Component Browser]
    ./.gemini/antigravity/scratch/teacher-tracking/src/components/pages/DailyTasksPage.tsx [Client Component Browser]
    ./.gemini/antigravity/scratch/teacher-tracking/src/components/AppShell.tsx [Client Component Browser]
    ./.gemini/antigravity/scratch/teacher-tracking/src/app/page.tsx [Client Component Browser]
    ./.gemini/antigravity/scratch/teacher-tracking/src/app/page.tsx [Server Component]

  Client Component SSR:
    ./.gemini/antigravity/scratch/teacher-tracking/node_modules/lucide-react/dist/esm/lucide-react.mjs [Client Component SSR]
    ./.gemini/antigravity/scratch/teacher-tracking/src/components/pages/DailyTasksPage.tsx [Client Component SSR]
    ./.gemini/antigravity/scratch/teacher-tracking/src/components/AppShell.tsx [Client Component SSR]
    ./.gemini/antigravity/scratch/teacher-tracking/src/app/page.tsx [Client Component SSR]
    ./.gemini/antigravity/scratch/teacher-tracking/src/app/page.tsx [Server Component]

https://nextjs.org/docs/messages/module-not-found


./.gemini/antigravity/scratch/teacher-tracking/node_modules/lucide-react/dist/esm/lucide-react.mjs:1299:1
Module not found: Can't resolve './icons/receipt-indian-rupee.mjs'
  [90m1297 |[0m ...[36mlt[0m [36mas[0m [33mReceiptEuro[0m, [36mdefault[0m [36mas[0m [33mReceiptEuroIcon[0m } [36mfrom[0m [32m'./icons/rec...[0m
  [90m1298 |[0m ..., [36mdefault[0m [36mas[0m [33mReceiptJapaneseYen[0m, [36mdefault[0m [36mas[0m [33mReceiptJapaneseYenIco.[0m..
[31m[1m>[0m [90m1299 |[0m ..., [36mdefault[0m [36mas[0m [33mReceiptIndianRupee[0m, [36mdefault[0m [36mas[0m [33mReceiptIndianRupeeIco.[0m..
  [90m     |[0m    [31m[1m^^^^^^^^^^^^^^^^^^^^^^^^^^^^^^^^^^^^^^^^^^^^^^^^^^^^^^^^^^^^^^^^^^^^[0m
  [90m1300 |[0m ...[33me[0m, [36mdefault[0m [36mas[0m [33mReceiptRussianRuble[0m, [36mdefault[0m [36mas[0m [33mReceiptRussianRuble...[0m
  [90m1301 |[0m ...[33mng[0m, [36mdefault[0m [36mas[0m [33mReceiptPoundSterling[0m, [36mdefault[0m [36mas[0m [33mReceiptPoundSterl...[0m
  [90m1302 |[0m ... [36mdefault[0m [36mas[0m [33mReceiptSwissFranc[0m, [36mdefault[0m [36mas[0m [33mReceiptSwissFrancIcon[0m }.[36m..[0m



Import traces:
  Client Component Browser:
    ./.gemini/antigravity/scratch/teacher-tracking/node_modules/lucide-react/dist/esm/lucide-react.mjs [Client Component Browser]
    ./.gemini/antigravity/scratch/teacher-tracking/src/components/pages/DailyTasksPage.tsx [Client Component Browser]
    ./.gemini/antigravity/scratch/teacher-tracking/src/components/AppShell.tsx [Client Component Browser]
    ./.gemini/antigravity/scratch/teacher-tracking/src/app/page.tsx [Client Component Browser]
    ./.gemini/antigravity/scratch/teacher-tracking/src/app/page.tsx [Server Component]

  Client Component SSR:
    ./.gemini/antigravity/scratch/teacher-tracking/node_modules/lucide-react/dist/esm/lucide-react.mjs [Client Component SSR]
    ./.gemini/antigravity/scratch/teacher-tracking/src/components/pages/DailyTasksPage.tsx [Client Component SSR]
    ./.gemini/antigravity/scratch/teacher-tracking/src/components/AppShell.tsx [Client Component SSR]
    ./.gemini/antigravity/scratch/teacher-tracking/src/app/page.tsx [Client Component SSR]
    ./.gemini/antigravity/scratch/teacher-tracking/src/app/page.tsx [Server Component]

https://nextjs.org/docs/messages/module-not-found


./.gemini/antigravity/scratch/teacher-tracking/node_modules/lucide-react/dist/esm/lucide-react.mjs:1298:1
Module not found: Can't resolve './icons/receipt-japanese-yen.mjs'
  [90m1296 |[0m ...[33mt[0m, [36mdefault[0m [36mas[0m [33mRatIcon[0m } [36mfrom[0m [32m'./icons/rat.mjs'[0m;
  [90m1297 |[0m ...[36mlt[0m [36mas[0m [33mReceiptEuro[0m, [36mdefault[0m [36mas[0m [33mReceiptEuroIcon[0m } [36mfrom[0m [32m'./icons/rec...[0m
[31m[1m>[0m [90m1298 |[0m ..., [36mdefault[0m [36mas[0m [33mReceiptJapaneseYen[0m, [36mdefault[0m [36mas[0m [33mReceiptJapaneseYenIco.[0m..
  [90m     |[0m    [31m[1m^^^^^^^^^^^^^^^^^^^^^^^^^^^^^^^^^^^^^^^^^^^^^^^^^^^^^^^^^^^^^^^^^^^^[0m
  [90m1299 |[0m ..., [36mdefault[0m [36mas[0m [33mReceiptIndianRupee[0m, [36mdefault[0m [36mas[0m [33mReceiptIndianRupeeIco.[0m..
  [90m1300 |[0m ...[33me[0m, [36mdefault[0m [36mas[0m [33mReceiptRussianRuble[0m, [36mdefault[0m [36mas[0m [33mReceiptRussianRuble...[0m
  [90m1301 |[0m ...[33mng[0m, [36mdefault[0m [36mas[0m [33mReceiptPoundSterling[0m, [36mdefault[0m [36mas[0m [33mReceiptPoundSterl...[0m



Import traces:
  Client Component Browser:
    ./.gemini/antigravity/scratch/teacher-tracking/node_modules/lucide-react/dist/esm/lucide-react.mjs [Client Component Browser]
    ./.gemini/antigravity/scratch/teacher-tracking/src/components/pages/DailyTasksPage.tsx [Client Component Browser]
    ./.gemini/antigravity/scratch/teacher-tracking/src/components/AppShell.tsx [Client Component Browser]
    ./.gemini/antigravity/scratch/teacher-tracking/src/app/page.tsx [Client Component Browser]
    ./.gemini/antigravity/scratch/teacher-tracking/src/app/page.tsx [Server Component]

  Client Component SSR:
    ./.gemini/antigravity/scratch/teacher-tracking/node_modules/lucide-react/dist/esm/lucide-react.mjs [Client Component SSR]
    ./.gemini/antigravity/scratch/teacher-tracking/src/components/pages/DailyTasksPage.tsx [Client Component SSR]
    ./.gemini/antigravity/scratch/teacher-tracking/src/components/AppShell.tsx [Client Component SSR]
    ./.gemini/antigravity/scratch/teacher-tracking/src/app/page.tsx [Client Component SSR]
    ./.gemini/antigravity/scratch/teacher-tracking/src/app/page.tsx [Server Component]

https://nextjs.org/docs/messages/module-not-found


./.gemini/antigravity/scratch/teacher-tracking/node_modules/lucide-react/dist/esm/lucide-react.mjs:1301:1
Module not found: Can't resolve './icons/receipt-pound-sterling.mjs'
  [90m1299 |[0m ...[36mfault[0m [36mas[0m [33mReceiptIndianRupee[0m, [36mdefault[0m [36mas[0m [33mReceiptIndianRupeeIcon[0m } [36m...[0m
  [90m1300 |[0m ...[36mefault[0m [36mas[0m [33mReceiptRussianRuble[0m, [36mdefault[0m [36mas[0m [33mReceiptRussianRubleIcon[0m...
[31m[1m>[0m [90m1301 |[0m ...[36mdefault[0m [36mas[0m [33mReceiptPoundSterling[0m, [36mdefault[0m [36mas[0m [33mReceiptPoundSterlingI...[0m
  [90m     |[0m    [31m[1m^^^^^^^^^^^^^^^^^^^^^^^^^^^^^^^^^^^^^^^^^^^^^^^^^^^^^^^^^^^^^^^^^^^^[0m
  [90m1302 |[0m ...[36mault[0m [36mas[0m [33mReceiptSwissFranc[0m, [36mdefault[0m [36mas[0m [33mReceiptSwissFrancIcon[0m } [36mfro.[0m.[32m.[0m
  [90m1303 |[0m ...[36ms[0m [33mReceiptText[0m, [36mdefault[0m [36mas[0m [33mReceiptTextIcon[0m } [36mfrom[0m [32m'./icons/receipt...[0m
  [90m1304 |[0m ...[33mceipt[0m, [36mdefault[0m [36mas[0m [33mReceiptIcon[0m } [36mfrom[0m [32m'./icons/receipt.mjs'[0m;



Import traces:
  Client Component Browser:
    ./.gemini/antigravity/scratch/teacher-tracking/node_modules/lucide-react/dist/esm/lucide-react.mjs [Client Component Browser]
    ./.gemini/antigravity/scratch/teacher-tracking/src/components/pages/DailyTasksPage.tsx [Client Component Browser]
    ./.gemini/antigravity/scratch/teacher-tracking/src/components/AppShell.tsx [Client Component Browser]
    ./.gemini/antigravity/scratch/teacher-tracking/src/app/page.tsx [Client Component Browser]
    ./.gemini/antigravity/scratch/teacher-tracking/src/app/page.tsx [Server Component]

  Client Component SSR:
    ./.gemini/antigravity/scratch/teacher-tracking/node_modules/lucide-react/dist/esm/lucide-react.mjs [Client Component SSR]
    ./.gemini/antigravity/scratch/teacher-tracking/src/components/pages/DailyTasksPage.tsx [Client Component SSR]
    ./.gemini/antigravity/scratch/teacher-tracking/src/components/AppShell.tsx [Client Component SSR]
    ./.gemini/antigravity/scratch/teacher-tracking/src/app/page.tsx [Client Component SSR]
    ./.gemini/antigravity/scratch/teacher-tracking/src/app/page.tsx [Server Component]

https://nextjs.org/docs/messages/module-not-found


./.gemini/antigravity/scratch/teacher-tracking/node_modules/lucide-react/dist/esm/lucide-react.mjs:1300:1
Module not found: Can't resolve './icons/receipt-russian-ruble.mjs'
  [90m1298 |[0m ...[36mdefault[0m [36mas[0m [33mReceiptJapaneseYen[0m, [36mdefault[0m [36mas[0m [33mReceiptJapaneseYenIcon[0m ..[36m.[0m
  [90m1299 |[0m ...[36mdefault[0m [36mas[0m [33mReceiptIndianRupee[0m, [36mdefault[0m [36mas[0m [33mReceiptIndianRupeeIcon[0m ..[36m.[0m
[31m[1m>[0m [90m1300 |[0m ... [36mdefault[0m [36mas[0m [33mReceiptRussianRuble[0m, [36mdefault[0m [36mas[0m [33mReceiptRussianRubleIc..[0m.
  [90m     |[0m    [31m[1m^^^^^^^^^^^^^^^^^^^^^^^^^^^^^^^^^^^^^^^^^^^^^^^^^^^^^^^^^^^^^^^^^^^^[0m
  [90m1301 |[0m ..., [36mdefault[0m [36mas[0m [33mReceiptPoundSterling[0m, [36mdefault[0m [36mas[0m [33mReceiptPoundSterlin...[0m
  [90m1302 |[0m ...[36mefault[0m [36mas[0m [33mReceiptSwissFranc[0m, [36mdefault[0m [36mas[0m [33mReceiptSwissFrancIcon[0m } [36mf...[0m
  [90m1303 |[0m ... [36mas[0m [33mReceiptText[0m, [36mdefault[0m [36mas[0m [33mReceiptTextIcon[0m } [36mfrom[0m [32m'./icons/recei...[0m



Import traces:
  Client Component Browser:
    ./.gemini/antigravity/scratch/teacher-tracking/node_modules/lucide-react/dist/esm/lucide-react.mjs [Client Component Browser]
    ./.gemini/antigravity/scratch/teacher-tracking/src/components/pages/DailyTasksPage.tsx [Client Component Browser]
    ./.gemini/antigravity/scratch/teacher-tracking/src/components/AppShell.tsx [Client Component Browser]
    ./.gemini/antigravity/scratch/teacher-tracking/src/app/page.tsx [Client Component Browser]
    ./.gemini/antigravity/scratch/teacher-tracking/src/app/page.tsx [Server Component]

  Client Component SSR:
    ./.gemini/antigravity/scratch/teacher-tracking/node_modules/lucide-react/dist/esm/lucide-react.mjs [Client Component SSR]
    ./.gemini/antigravity/scratch/teacher-tracking/src/components/pages/DailyTasksPage.tsx [Client Component SSR]
    ./.gemini/antigravity/scratch/teacher-tracking/src/components/AppShell.tsx [Client Component SSR]
    ./.gemini/antigravity/scratch/teacher-tracking/src/app/page.tsx [Client Component SSR]
    ./.gemini/antigravity/scratch/teacher-tracking/src/app/page.tsx [Server Component]

https://nextjs.org/docs/messages/module-not-found


./.gemini/antigravity/scratch/teacher-tracking/node_modules/lucide-react/dist/esm/lucide-react.mjs:1302:1
Module not found: Can't resolve './icons/receipt-swiss-franc.mjs'
  [90m1300 |[0m ...[33mble[0m, [36mdefault[0m [36mas[0m [33mReceiptRussianRuble[0m, [36mdefault[0m [36mas[0m [33mReceiptRussianRub...[0m
  [90m1301 |[0m ...[33mling[0m, [36mdefault[0m [36mas[0m [33mReceiptPoundSterling[0m, [36mdefault[0m [36mas[0m [33mReceiptPoundSte...[0m
[31m[1m>[0m [90m1302 |[0m ...[33mc[0m, [36mdefault[0m [36mas[0m [33mReceiptSwissFranc[0m, [36mdefault[0m [36mas[0m [33mReceiptSwissFrancIcon[0m...
  [90m     |[0m    [31m[1m^^^^^^^^^^^^^^^^^^^^^^^^^^^^^^^^^^^^^^^^^^^^^^^^^^^^^^^^^^^^^^^^^^^^[0m
  [90m1303 |[0m ...[36mault[0m [36mas[0m [33mReceiptText[0m, [36mdefault[0m [36mas[0m [33mReceiptTextIcon[0m } [36mfrom[0m [32m'./icons/r...[0m
  [90m1304 |[0m ... [36mas[0m [33mReceipt[0m, [36mdefault[0m [36mas[0m [33mReceiptIcon[0m } [36mfrom[0m [32m'./icons/receipt.mjs'[0m;
  [90m1305 |[0m ... [36mdefault[0m [36mas[0m [33mRectangleCircle[0m, [36mdefault[0m [36mas[0m [33mRectangleCircleIcon[0m } [36mfro.[0m.[32m.[0m



Import traces:
  Client Component Browser:
    ./.gemini/antigravity/scratch/teacher-tracking/node_modules/lucide-react/dist/esm/lucide-react.mjs [Client Component Browser]
    ./.gemini/antigravity/scratch/teacher-tracking/src/components/pages/DailyTasksPage.tsx [Client Component Browser]
    ./.gemini/antigravity/scratch/teacher-tracking/src/components/AppShell.tsx [Client Component Browser]
    ./.gemini/antigravity/scratch/teacher-tracking/src/app/page.tsx [Client Component Browser]
    ./.gemini/antigravity/scratch/teacher-tracking/src/app/page.tsx [Server Component]

  Client Component SSR:
    ./.gemini/antigravity/scratch/teacher-tracking/node_modules/lucide-react/dist/esm/lucide-react.mjs [Client Component SSR]
    ./.gemini/antigravity/scratch/teacher-tracking/src/components/pages/DailyTasksPage.tsx [Client Component SSR]
    ./.gemini/antigravity/scratch/teacher-tracking/src/components/AppShell.tsx [Client Component SSR]
    ./.gemini/antigravity/scratch/teacher-tracking/src/app/page.tsx [Client Component SSR]
    ./.gemini/antigravity/scratch/teacher-tracking/src/app/page.tsx [Server Component]

https://nextjs.org/docs/messages/module-not-found


./.gemini/antigravity/scratch/teacher-tracking/node_modules/lucide-react/dist/esm/lucide-react.mjs:1303:1
Module not found: Can't resolve './icons/receipt-text.mjs'
  [90m1301 |[0m ...[33miptPoundSterling[0m, [36mdefault[0m [36mas[0m [33mReceiptPoundSterling[0m, [36mdefault[0m [36mas[0m [33mRec...[0m
  [90m1302 |[0m ...[33miptSwissFranc[0m, [36mdefault[0m [36mas[0m [33mReceiptSwissFranc[0m, [36mdefault[0m [36mas[0m [33mReceiptSw...[0m
[31m[1m>[0m [90m1303 |[0m ...[33miptText[0m, [36mdefault[0m [36mas[0m [33mReceiptText[0m, [36mdefault[0m [36mas[0m [33mReceiptTextIcon[0m } [36mfro.[0m.[32m.[0m
  [90m     |[0m    [31m[1m^^^^^^^^^^^^^^^^^^^^^^^^^^^^^^^^^^^^^^^^^^^^^^^^^^^^^^^^^^^^^^^^^^^^[0m
  [90m1304 |[0m ...[33mipt[0m, [36mdefault[0m [36mas[0m [33mReceipt[0m, [36mdefault[0m [36mas[0m [33mReceiptIcon[0m } [36mfrom[0m [32m'./icons/r...[0m
  [90m1305 |[0m ...[33mangleCircle[0m, [36mdefault[0m [36mas[0m [33mRectangleCircle[0m, [36mdefault[0m [36mas[0m [33mRectangleCirc...[0m
  [90m1306 |[0m ...[33miptTurkishLira[0m, [36mdefault[0m [36mas[0m [33mReceiptTurkishLira[0m, [36mdefault[0m [36mas[0m [33mReceipt...[0m



Import traces:
  Client Component Browser:
    ./.gemini/antigravity/scratch/teacher-tracking/node_modules/lucide-react/dist/esm/lucide-react.mjs [Client Component Browser]
    ./.gemini/antigravity/scratch/teacher-tracking/src/components/pages/DailyTasksPage.tsx [Client Component Browser]
    ./.gemini/antigravity/scratch/teacher-tracking/src/components/AppShell.tsx [Client Component Browser]
    ./.gemini/antigravity/scratch/teacher-tracking/src/app/page.tsx [Client Component Browser]
    ./.gemini/antigravity/scratch/teacher-tracking/src/app/page.tsx [Server Component]

  Client Component SSR:
    ./.gemini/antigravity/scratch/teacher-tracking/node_modules/lucide-react/dist/esm/lucide-react.mjs [Client Component SSR]
    ./.gemini/antigravity/scratch/teacher-tracking/src/components/pages/DailyTasksPage.tsx [Client Component SSR]
    ./.gemini/antigravity/scratch/teacher-tracking/src/components/AppShell.tsx [Client Component SSR]
    ./.gemini/antigravity/scratch/teacher-tracking/src/app/page.tsx [Client Component SSR]
    ./.gemini/antigravity/scratch/teacher-tracking/src/app/page.tsx [Server Component]

https://nextjs.org/docs/messages/module-not-found


./.gemini/antigravity/scratch/teacher-tracking/node_modules/lucide-react/dist/esm/lucide-react.mjs:1306:1
Module not found: Can't resolve './icons/receipt-turkish-lira.mjs'
  [90m1304 |[0m ...[36ms[0m [33mReceipt[0m, [36mdefault[0m [36mas[0m [33mReceiptIcon[0m } [36mfrom[0m [32m'./icons/receipt.mjs'[0m;
  [90m1305 |[0m ...[36mefault[0m [36mas[0m [33mRectangleCircle[0m, [36mdefault[0m [36mas[0m [33mRectangleCircleIcon[0m } [36mfrom[0m [32m...[0m
[31m[1m>[0m [90m1306 |[0m ..., [36mdefault[0m [36mas[0m [33mReceiptTurkishLira[0m, [36mdefault[0m [36mas[0m [33mReceiptTurkishLiraIco.[0m..
  [90m     |[0m    [31m[1m^^^^^^^^^^^^^^^^^^^^^^^^^^^^^^^^^^^^^^^^^^^^^^^^^^^^^^^^^^^^^^^^^^^^[0m
  [90m1307 |[0m ...[36mdefault[0m [36mas[0m [33mRectangleGoggles[0m, [36mdefault[0m [36mas[0m [33mRectangleGogglesIcon[0m } [36mfr..[0m.
  [90m1308 |[0m ...[33ml[0m, [36mdefault[0m [36mas[0m [33mRectangleHorizontal[0m, [36mdefault[0m [36mas[0m [33mRectangleHorizontal...[0m
  [90m1309 |[0m ... [36mdefault[0m [36mas[0m [33mRectangleVertical[0m, [36mdefault[0m [36mas[0m [33mRectangleVerticalIcon[0m }.[36m..[0m



Import traces:
  Client Component Browser:
    ./.gemini/antigravity/scratch/teacher-tracking/node_modules/lucide-react/dist/esm/lucide-react.mjs [Client Component Browser]
    ./.gemini/antigravity/scratch/teacher-tracking/src/components/pages/DailyTasksPage.tsx [Client Component Browser]
    ./.gemini/antigravity/scratch/teacher-tracking/src/components/AppShell.tsx [Client Component Browser]
    ./.gemini/antigravity/scratch/teacher-tracking/src/app/page.tsx [Client Component Browser]
    ./.gemini/antigravity/scratch/teacher-tracking/src/app/page.tsx [Server Component]

  Client Component SSR:
    ./.gemini/antigravity/scratch/teacher-tracking/node_modules/lucide-react/dist/esm/lucide-react.mjs [Client Component SSR]
    ./.gemini/antigravity/scratch/teacher-tracking/src/components/pages/DailyTasksPage.tsx [Client Component SSR]
    ./.gemini/antigravity/scratch/teacher-tracking/src/components/AppShell.tsx [Client Component SSR]
    ./.gemini/antigravity/scratch/teacher-tracking/src/app/page.tsx [Client Component SSR]
    ./.gemini/antigravity/scratch/teacher-tracking/src/app/page.tsx [Server Component]

https://nextjs.org/docs/messages/module-not-found


./.gemini/antigravity/scratch/teacher-tracking/node_modules/lucide-react/dist/esm/lucide-react.mjs:1304:1
Module not found: Can't resolve './icons/receipt.mjs'
  [90m1302 |[0m ...[33mucideReceiptSwissFranc[0m, [36mdefault[0m [36mas[0m [33mReceiptSwissFranc[0m, [36mdefault[0m [36mas[0m [33m...[0m
  [90m1303 |[0m ...[33mucideReceiptText[0m, [36mdefault[0m [36mas[0m [33mReceiptText[0m, [36mdefault[0m [36mas[0m [33mReceiptTextI...[0m
[31m[1m>[0m [90m1304 |[0m ...[33mucideReceipt[0m, [36mdefault[0m [36mas[0m [33mReceipt[0m, [36mdefault[0m [36mas[0m [33mReceiptIcon[0m } [36mfrom[0m [32m'...[0m
  [90m     |[0m    [31m[1m^^^^^^^^^^^^^^^^^^^^^^^^^^^^^^^^^^^^^^^^^^^^^^^^^^^^^^^^^^^^^^^^^^^^[0m
  [90m1305 |[0m ...[33mucideRectangleCircle[0m, [36mdefault[0m [36mas[0m [33mRectangleCircle[0m, [36mdefault[0m [36mas[0m [33mRect...[0m
  [90m1306 |[0m ...[33mucideReceiptTurkishLira[0m, [36mdefault[0m [36mas[0m [33mReceiptTurkishLira[0m, [36mdefault[0m [36ma.[0m.[33m.[0m
  [90m1307 |[0m ...[33mucideRectangleGoggles[0m, [36mdefault[0m [36mas[0m [33mRectangleGoggles[0m, [36mdefault[0m [36mas[0m [33mRe...[0m



Import traces:
  Client Component Browser:
    ./.gemini/antigravity/scratch/teacher-tracking/node_modules/lucide-react/dist/esm/lucide-react.mjs [Client Component Browser]
    ./.gemini/antigravity/scratch/teacher-tracking/src/components/pages/DailyTasksPage.tsx [Client Component Browser]
    ./.gemini/antigravity/scratch/teacher-tracking/src/components/AppShell.tsx [Client Component Browser]
    ./.gemini/antigravity/scratch/teacher-tracking/src/app/page.tsx [Client Component Browser]
    ./.gemini/antigravity/scratch/teacher-tracking/src/app/page.tsx [Server Component]

  Client Component SSR:
    ./.gemini/antigravity/scratch/teacher-tracking/node_modules/lucide-react/dist/esm/lucide-react.mjs [Client Component SSR]
    ./.gemini/antigravity/scratch/teacher-tracking/src/components/pages/DailyTasksPage.tsx [Client Component SSR]
    ./.gemini/antigravity/scratch/teacher-tracking/src/components/AppShell.tsx [Client Component SSR]
    ./.gemini/antigravity/scratch/teacher-tracking/src/app/page.tsx [Client Component SSR]
    ./.gemini/antigravity/scratch/teacher-tracking/src/app/page.tsx [Server Component]

https://nextjs.org/docs/messages/module-not-found


./.gemini/antigravity/scratch/teacher-tracking/node_modules/lucide-react/dist/esm/lucide-react.mjs:1305:1
Module not found: Can't resolve './icons/rectangle-circle.mjs'
  [90m1303 |[0m ... [36mdefault[0m [36mas[0m [33mReceiptText[0m, [36mdefault[0m [36mas[0m [33mReceiptTextIcon[0m } [36mfrom[0m [32m'./ico...[0m
  [90m1304 |[0m ...[36mault[0m [36mas[0m [33mReceipt[0m, [36mdefault[0m [36mas[0m [33mReceiptIcon[0m } [36mfrom[0m [32m'./icons/receipt.m...[0m
[31m[1m>[0m [90m1305 |[0m ...[33mcle[0m, [36mdefault[0m [36mas[0m [33mRectangleCircle[0m, [36mdefault[0m [36mas[0m [33mRectangleCircleIcon[0m }.[36m..[0m
  [90m     |[0m    [31m[1m^^^^^^^^^^^^^^^^^^^^^^^^^^^^^^^^^^^^^^^^^^^^^^^^^^^^^^^^^^^^^^^^^^^^[0m
  [90m1306 |[0m ...[33mshLira[0m, [36mdefault[0m [36mas[0m [33mReceiptTurkishLira[0m, [36mdefault[0m [36mas[0m [33mReceiptTurkishL...[0m
  [90m1307 |[0m ...[33mgles[0m, [36mdefault[0m [36mas[0m [33mRectangleGoggles[0m, [36mdefault[0m [36mas[0m [33mRectangleGogglesIco.[0m..
  [90m1308 |[0m ...[33mizontal[0m, [36mdefault[0m [36mas[0m [33mRectangleHorizontal[0m, [36mdefault[0m [36mas[0m [33mRectangleHori...[0m



Import traces:
  Client Component Browser:
    ./.gemini/antigravity/scratch/teacher-tracking/node_modules/lucide-react/dist/esm/lucide-react.mjs [Client Component Browser]
    ./.gemini/antigravity/scratch/teacher-tracking/src/components/pages/DailyTasksPage.tsx [Client Component Browser]
    ./.gemini/antigravity/scratch/teacher-tracking/src/components/AppShell.tsx [Client Component Browser]
    ./.gemini/antigravity/scratch/teacher-tracking/src/app/page.tsx [Client Component Browser]
    ./.gemini/antigravity/scratch/teacher-tracking/src/app/page.tsx [Server Component]

  Client Component SSR:
    ./.gemini/antigravity/scratch/teacher-tracking/node_modules/lucide-react/dist/esm/lucide-react.mjs [Client Component SSR]
    ./.gemini/antigravity/scratch/teacher-tracking/src/components/pages/DailyTasksPage.tsx [Client Component SSR]
    ./.gemini/antigravity/scratch/teacher-tracking/src/components/AppShell.tsx [Client Component SSR]
    ./.gemini/antigravity/scratch/teacher-tracking/src/app/page.tsx [Client Component SSR]
    ./.gemini/antigravity/scratch/teacher-tracking/src/app/page.tsx [Server Component]

https://nextjs.org/docs/messages/module-not-found


./.gemini/antigravity/scratch/teacher-tracking/node_modules/lucide-react/dist/esm/lucide-react.mjs:154:1
Module not found: Can't resolve './icons/rectangle-ellipsis.mjs'
  [90m152 |[0m ...[36mt[0m [36mas[0m [33mLucidePen[0m, [36mdefault[0m [36mas[0m [33mPen[0m, [36mdefault[0m [36mas[0m [33mPenIcon[0m } [36mfrom[0m [32m'./icons...[0m
  [90m153 |[0m ...[33mp[0m, [36mdefault[0m [36mas[0m [33mPlugZap2[0m, [36mdefault[0m [36mas[0m [33mPlugZap2Icon[0m, [36mdefault[0m [36mas[0m [33mPlugZa...[0m
[31m[1m>[0m [90m154 |[0m ...[33mnput[0m, [36mdefault[0m [36mas[0m [33mLucideRectangleEllipsis[0m, [36mdefault[0m [36mas[0m [33mRectangleElli...[0m
  [90m    |[0m    [31m[1m^^^^^^^^^^^^^^^^^^^^^^^^^^^^^^^^^^^^^^^^^^^^^^^^^^^^^^^^^^^^^^^^^^^^^[0m
  [90m155 |[0m ...[33me3D[0m, [36mdefault[0m [36mas[0m [33mRotate3DIcon[0m, [36mdefault[0m [36mas[0m [33mRotate3d[0m, [36mdefault[0m [36mas[0m [33mRota...[0m
  [90m156 |[0m ...[36mt[0m [36mas[0m [33mRows2[0m, [36mdefault[0m [36mas[0m [33mRows2Icon[0m, [36mdefault[0m [36mas[0m [33mRowsIcon[0m } [36mfrom[0m [32m'./ic...[0m
  [90m157 |[0m ...[33manelsTopBottom[0m, [36mdefault[0m [36mas[0m [33mPanelsTopBottomIcon[0m, [36mdefault[0m [36mas[0m [33mRows3[0m, ...



Import traces:
  Client Component Browser:
    ./.gemini/antigravity/scratch/teacher-tracking/node_modules/lucide-react/dist/esm/lucide-react.mjs [Client Component Browser]
    ./.gemini/antigravity/scratch/teacher-tracking/src/components/pages/DailyTasksPage.tsx [Client Component Browser]
    ./.gemini/antigravity/scratch/teacher-tracking/src/components/AppShell.tsx [Client Component Browser]
    ./.gemini/antigravity/scratch/teacher-tracking/src/app/page.tsx [Client Component Browser]
    ./.gemini/antigravity/scratch/teacher-tracking/src/app/page.tsx [Server Component]

  Client Component SSR:
    ./.gemini/antigravity/scratch/teacher-tracking/node_modules/lucide-react/dist/esm/lucide-react.mjs [Client Component SSR]
    ./.gemini/antigravity/scratch/teacher-tracking/src/components/pages/DailyTasksPage.tsx [Client Component SSR]
    ./.gemini/antigravity/scratch/teacher-tracking/src/components/AppShell.tsx [Client Component SSR]
    ./.gemini/antigravity/scratch/teacher-tracking/src/app/page.tsx [Client Component SSR]
    ./.gemini/antigravity/scratch/teacher-tracking/src/app/page.tsx [Server Component]

https://nextjs.org/docs/messages/module-not-found


./.gemini/antigravity/scratch/teacher-tracking/node_modules/lucide-react/dist/esm/lucide-react.mjs:1307:1
Module not found: Can't resolve './icons/rectangle-goggles.mjs'
  [90m1305 |[0m ...[33me[0m, [36mdefault[0m [36mas[0m [33mRectangleCircle[0m, [36mdefault[0m [36mas[0m [33mRectangleCircleIcon[0m } [36mf...[0m
  [90m1306 |[0m ...[33mLira[0m, [36mdefault[0m [36mas[0m [33mReceiptTurkishLira[0m, [36mdefault[0m [36mas[0m [33mReceiptTurkishLir...[0m
[31m[1m>[0m [90m1307 |[0m ...[33mes[0m, [36mdefault[0m [36mas[0m [33mRectangleGoggles[0m, [36mdefault[0m [36mas[0m [33mRectangleGogglesIcon[0m ..[36m.[0m
  [90m     |[0m    [31m[1m^^^^^^^^^^^^^^^^^^^^^^^^^^^^^^^^^^^^^^^^^^^^^^^^^^^^^^^^^^^^^^^^^^^^[0m
  [90m1308 |[0m ...[33montal[0m, [36mdefault[0m [36mas[0m [33mRectangleHorizontal[0m, [36mdefault[0m [36mas[0m [33mRectangleHorizo...[0m
  [90m1309 |[0m ...[33mcal[0m, [36mdefault[0m [36mas[0m [33mRectangleVertical[0m, [36mdefault[0m [36mas[0m [33mRectangleVerticalIc..[0m.
  [90m1310 |[0m ...[36mlt[0m [36mas[0m [33mRecycle[0m, [36mdefault[0m [36mas[0m [33mRecycleIcon[0m } [36mfrom[0m [32m'./icons/recycle.mjs'[0m;



Import traces:
  Client Component Browser:
    ./.gemini/antigravity/scratch/teacher-tracking/node_modules/lucide-react/dist/esm/lucide-react.mjs [Client Component Browser]
    ./.gemini/antigravity/scratch/teacher-tracking/src/components/pages/DailyTasksPage.tsx [Client Component Browser]
    ./.gemini/antigravity/scratch/teacher-tracking/src/components/AppShell.tsx [Client Component Browser]
    ./.gemini/antigravity/scratch/teacher-tracking/src/app/page.tsx [Client Component Browser]
    ./.gemini/antigravity/scratch/teacher-tracking/src/app/page.tsx [Server Component]

  Client Component SSR:
    ./.gemini/antigravity/scratch/teacher-tracking/node_modules/lucide-react/dist/esm/lucide-react.mjs [Client Component SSR]
    ./.gemini/antigravity/scratch/teacher-tracking/src/components/pages/DailyTasksPage.tsx [Client Component SSR]
    ./.gemini/antigravity/scratch/teacher-tracking/src/components/AppShell.tsx [Client Component SSR]
    ./.gemini/antigravity/scratch/teacher-tracking/src/app/page.tsx [Client Component SSR]
    ./.gemini/antigravity/scratch/teacher-tracking/src/app/page.tsx [Server Component]

https://nextjs.org/docs/messages/module-not-found


./.gemini/antigravity/scratch/teacher-tracking/node_modules/lucide-react/dist/esm/lucide-react.mjs:1308:1
Module not found: Can't resolve './icons/rectangle-horizontal.mjs'
  [90m1306 |[0m ...[36mdefault[0m [36mas[0m [33mReceiptTurkishLira[0m, [36mdefault[0m [36mas[0m [33mReceiptTurkishLiraIcon[0m ..[36m.[0m
  [90m1307 |[0m ...[36mfault[0m [36mas[0m [33mRectangleGoggles[0m, [36mdefault[0m [36mas[0m [33mRectangleGogglesIcon[0m } [36mfrom[0m.[32m..[0m
[31m[1m>[0m [90m1308 |[0m ... [36mdefault[0m [36mas[0m [33mRectangleHorizontal[0m, [36mdefault[0m [36mas[0m [33mRectangleHorizontalIc..[0m.
  [90m     |[0m    [31m[1m^^^^^^^^^^^^^^^^^^^^^^^^^^^^^^^^^^^^^^^^^^^^^^^^^^^^^^^^^^^^^^^^^^^^[0m
  [90m1309 |[0m ...[36mefault[0m [36mas[0m [33mRectangleVertical[0m, [36mdefault[0m [36mas[0m [33mRectangleVerticalIcon[0m } [36mf...[0m
  [90m1310 |[0m ...[33mRecycle[0m, [36mdefault[0m [36mas[0m [33mRecycleIcon[0m } [36mfrom[0m [32m'./icons/recycle.mjs'[0m;
  [90m1311 |[0m ...[33mdo2[0m, [36mdefault[0m [36mas[0m [33mRedo2Icon[0m } [36mfrom[0m [32m'./icons/redo-2.mjs'[0m;



Import traces:
  Client Component Browser:
    ./.gemini/antigravity/scratch/teacher-tracking/node_modules/lucide-react/dist/esm/lucide-react.mjs [Client Component Browser]
    ./.gemini/antigravity/scratch/teacher-tracking/src/components/pages/DailyTasksPage.tsx [Client Component Browser]
    ./.gemini/antigravity/scratch/teacher-tracking/src/components/AppShell.tsx [Client Component Browser]
    ./.gemini/antigravity/scratch/teacher-tracking/src/app/page.tsx [Client Component Browser]
    ./.gemini/antigravity/scratch/teacher-tracking/src/app/page.tsx [Server Component]

  Client Component SSR:
    ./.gemini/antigravity/scratch/teacher-tracking/node_modules/lucide-react/dist/esm/lucide-react.mjs [Client Component SSR]
    ./.gemini/antigravity/scratch/teacher-tracking/src/components/pages/DailyTasksPage.tsx [Client Component SSR]
    ./.gemini/antigravity/scratch/teacher-tracking/src/components/AppShell.tsx [Client Component SSR]
    ./.gemini/antigravity/scratch/teacher-tracking/src/app/page.tsx [Client Component SSR]
    ./.gemini/antigravity/scratch/teacher-tracking/src/app/page.tsx [Server Component]

https://nextjs.org/docs/messages/module-not-found


./.gemini/antigravity/scratch/teacher-tracking/node_modules/lucide-react/dist/esm/lucide-react.mjs:1309:1
Module not found: Can't resolve './icons/rectangle-vertical.mjs'
  [90m1307 |[0m ..., [36mdefault[0m [36mas[0m [33mRectangleGoggles[0m, [36mdefault[0m [36mas[0m [33mRectangleGogglesIcon[0m } [36m...[0m
  [90m1308 |[0m ...[33mtal[0m, [36mdefault[0m [36mas[0m [33mRectangleHorizontal[0m, [36mdefault[0m [36mas[0m [33mRectangleHorizont...[0m
[31m[1m>[0m [90m1309 |[0m ...[33ml[0m, [36mdefault[0m [36mas[0m [33mRectangleVertical[0m, [36mdefault[0m [36mas[0m [33mRectangleVerticalIcon[0m...
  [90m     |[0m    [31m[1m^^^^^^^^^^^^^^^^^^^^^^^^^^^^^^^^^^^^^^^^^^^^^^^^^^^^^^^^^^^^^^^^^^^^[0m
  [90m1310 |[0m ... [36mas[0m [33mRecycle[0m, [36mdefault[0m [36mas[0m [33mRecycleIcon[0m } [36mfrom[0m [32m'./icons/recycle.mjs'[0m;
  [90m1311 |[0m ...[36ms[0m [33mRedo2[0m, [36mdefault[0m [36mas[0m [33mRedo2Icon[0m } [36mfrom[0m [32m'./icons/redo-2.mjs'[0m;
  [90m1312 |[0m ... [33mRedo[0m, [36mdefault[0m [36mas[0m [33mRedoIcon[0m } [36mfrom[0m [32m'./icons/redo.mjs'[0m;



Import traces:
  Client Component Browser:
    ./.gemini/antigravity/scratch/teacher-tracking/node_modules/lucide-react/dist/esm/lucide-react.mjs [Client Component Browser]
    ./.gemini/antigravity/scratch/teacher-tracking/src/components/pages/DailyTasksPage.tsx [Client Component Browser]
    ./.gemini/antigravity/scratch/teacher-tracking/src/components/AppShell.tsx [Client Component Browser]
    ./.gemini/antigravity/scratch/teacher-tracking/src/app/page.tsx [Client Component Browser]
    ./.gemini/antigravity/scratch/teacher-tracking/src/app/page.tsx [Server Component]

  Client Component SSR:
    ./.gemini/antigravity/scratch/teacher-tracking/node_modules/lucide-react/dist/esm/lucide-react.mjs [Client Component SSR]
    ./.gemini/antigravity/scratch/teacher-tracking/src/components/pages/DailyTasksPage.tsx [Client Component SSR]
    ./.gemini/antigravity/scratch/teacher-tracking/src/components/AppShell.tsx [Client Component SSR]
    ./.gemini/antigravity/scratch/teacher-tracking/src/app/page.tsx [Client Component SSR]
    ./.gemini/antigravity/scratch/teacher-tracking/src/app/page.tsx [Server Component]

https://nextjs.org/docs/messages/module-not-found


./.gemini/antigravity/scratch/teacher-tracking/node_modules/lucide-react/dist/esm/lucide-react.mjs:1310:1
Module not found: Can't resolve './icons/recycle.mjs'
  [90m1308 |[0m ...[33mucideRectangleHorizontal[0m, [36mdefault[0m [36mas[0m [33mRectangleHorizontal[0m, [36mdefault[0m.[36m..[0m
  [90m1309 |[0m ...[33mucideRectangleVertical[0m, [36mdefault[0m [36mas[0m [33mRectangleVertical[0m, [36mdefault[0m [36mas[0m [33m...[0m
[31m[1m>[0m [90m1310 |[0m ...[33mucideRecycle[0m, [36mdefault[0m [36mas[0m [33mRecycle[0m, [36mdefault[0m [36mas[0m [33mRecycleIcon[0m } [36mfrom[0m [32m'...[0m
  [90m     |[0m    [31m[1m^^^^^^^^^^^^^^^^^^^^^^^^^^^^^^^^^^^^^^^^^^^^^^^^^^^^^^^^^^^^^^^^^^^^[0m
  [90m1311 |[0m ...[33mucideRedo2[0m, [36mdefault[0m [36mas[0m [33mRedo2[0m, [36mdefault[0m [36mas[0m [33mRedo2Icon[0m } [36mfrom[0m [32m'./icon...[0m
  [90m1312 |[0m ...[33mucideRedo[0m, [36mdefault[0m [36mas[0m [33mRedo[0m, [36mdefault[0m [36mas[0m [33mRedoIcon[0m } [36mfrom[0m [32m'./icons/r...[0m
  [90m1313 |[0m ...[33mucideRedoDot[0m, [36mdefault[0m [36mas[0m [33mRedoDot[0m, [36mdefault[0m [36mas[0m [33mRedoDotIcon[0m } [36mfrom[0m [32m'...[0m



Import traces:
  Client Component Browser:
    ./.gemini/antigravity/scratch/teacher-tracking/node_modules/lucide-react/dist/esm/lucide-react.mjs [Client Component Browser]
    ./.gemini/antigravity/scratch/teacher-tracking/src/components/pages/DailyTasksPage.tsx [Client Component Browser]
    ./.gemini/antigravity/scratch/teacher-tracking/src/components/AppShell.tsx [Client Component Browser]
    ./.gemini/antigravity/scratch/teacher-tracking/src/app/page.tsx [Client Component Browser]
    ./.gemini/antigravity/scratch/teacher-tracking/src/app/page.tsx [Server Component]

  Client Component SSR:
    ./.gemini/antigravity/scratch/teacher-tracking/node_modules/lucide-react/dist/esm/lucide-react.mjs [Client Component SSR]
    ./.gemini/antigravity/scratch/teacher-tracking/src/components/pages/DailyTasksPage.tsx [Client Component SSR]
    ./.gemini/antigravity/scratch/teacher-tracking/src/components/AppShell.tsx [Client Component SSR]
    ./.gemini/antigravity/scratch/teacher-tracking/src/app/page.tsx [Client Component SSR]
    ./.gemini/antigravity/scratch/teacher-tracking/src/app/page.tsx [Server Component]

https://nextjs.org/docs/messages/module-not-found


./.gemini/antigravity/scratch/teacher-tracking/node_modules/lucide-react/dist/esm/lucide-react.mjs:1311:1
Module not found: Can't resolve './icons/redo-2.mjs'
  [90m1309 |[0m ...[36ms[0m [33mLucideRectangleVertical[0m, [36mdefault[0m [36mas[0m [33mRectangleVertical[0m, [36mdefault[0m [36m..[0m.
  [90m1310 |[0m ...[36ms[0m [33mLucideRecycle[0m, [36mdefault[0m [36mas[0m [33mRecycle[0m, [36mdefault[0m [36mas[0m [33mRecycleIcon[0m } [36mfro.[0m.[32m.[0m
[31m[1m>[0m [90m1311 |[0m ...[36ms[0m [33mLucideRedo2[0m, [36mdefault[0m [36mas[0m [33mRedo2[0m, [36mdefault[0m [36mas[0m [33mRedo2Icon[0m } [36mfrom[0m [32m'./i...[0m
  [90m     |[0m    [31m[1m^^^^^^^^^^^^^^^^^^^^^^^^^^^^^^^^^^^^^^^^^^^^^^^^^^^^^^^^^^^^^^^^^^^^[0m
  [90m1312 |[0m ...[36ms[0m [33mLucideRedo[0m, [36mdefault[0m [36mas[0m [33mRedo[0m, [36mdefault[0m [36mas[0m [33mRedoIcon[0m } [36mfrom[0m [32m'./icon...[0m
  [90m1313 |[0m ...[36ms[0m [33mLucideRedoDot[0m, [36mdefault[0m [36mas[0m [33mRedoDot[0m, [36mdefault[0m [36mas[0m [33mRedoDotIcon[0m } [36mfro.[0m.[32m.[0m
  [90m1314 |[0m ...[36ms[0m [33mLucideRefreshCcwDot[0m, [36mdefault[0m [36mas[0m [33mRefreshCcwDot[0m, [36mdefault[0m [36mas[0m [33mRefre...[0m



Import traces:
  Client Component Browser:
    ./.gemini/antigravity/scratch/teacher-tracking/node_modules/lucide-react/dist/esm/lucide-react.mjs [Client Component Browser]
    ./.gemini/antigravity/scratch/teacher-tracking/src/components/pages/DailyTasksPage.tsx [Client Component Browser]
    ./.gemini/antigravity/scratch/teacher-tracking/src/components/AppShell.tsx [Client Component Browser]
    ./.gemini/antigravity/scratch/teacher-tracking/src/app/page.tsx [Client Component Browser]
    ./.gemini/antigravity/scratch/teacher-tracking/src/app/page.tsx [Server Component]

  Client Component SSR:
    ./.gemini/antigravity/scratch/teacher-tracking/node_modules/lucide-react/dist/esm/lucide-react.mjs [Client Component SSR]
    ./.gemini/antigravity/scratch/teacher-tracking/src/components/pages/DailyTasksPage.tsx [Client Component SSR]
    ./.gemini/antigravity/scratch/teacher-tracking/src/components/AppShell.tsx [Client Component SSR]
    ./.gemini/antigravity/scratch/teacher-tracking/src/app/page.tsx [Client Component SSR]
    ./.gemini/antigravity/scratch/teacher-tracking/src/app/page.tsx [Server Component]

https://nextjs.org/docs/messages/module-not-found


./.gemini/antigravity/scratch/teacher-tracking/node_modules/lucide-react/dist/esm/lucide-react.mjs:1313:1
Module not found: Can't resolve './icons/redo-dot.mjs'
  [90m1311 |[0m ...[33mcideRedo2[0m, [36mdefault[0m [36mas[0m [33mRedo2[0m, [36mdefault[0m [36mas[0m [33mRedo2Icon[0m } [36mfrom[0m [32m'./icons...[0m
  [90m1312 |[0m ...[33mcideRedo[0m, [36mdefault[0m [36mas[0m [33mRedo[0m, [36mdefault[0m [36mas[0m [33mRedoIcon[0m } [36mfrom[0m [32m'./icons/re...[0m
[31m[1m>[0m [90m1313 |[0m ...[33mcideRedoDot[0m, [36mdefault[0m [36mas[0m [33mRedoDot[0m, [36mdefault[0m [36mas[0m [33mRedoDotIcon[0m } [36mfrom[0m [32m'....[0m
  [90m     |[0m    [31m[1m^^^^^^^^^^^^^^^^^^^^^^^^^^^^^^^^^^^^^^^^^^^^^^^^^^^^^^^^^^^^^^^^^^^^[0m
  [90m1314 |[0m ...[33mcideRefreshCcwDot[0m, [36mdefault[0m [36mas[0m [33mRefreshCcwDot[0m, [36mdefault[0m [36mas[0m [33mRefreshCc...[0m
  [90m1315 |[0m ...[33mcideRefreshCcw[0m, [36mdefault[0m [36mas[0m [33mRefreshCcw[0m, [36mdefault[0m [36mas[0m [33mRefreshCcwIcon[0m ..[36m.[0m
  [90m1316 |[0m ...[33mcideRefreshCwOff[0m, [36mdefault[0m [36mas[0m [33mRefreshCwOff[0m, [36mdefault[0m [36mas[0m [33mRefreshCwOf...[0m



Import traces:
  Client Component Browser:
    ./.gemini/antigravity/scratch/teacher-tracking/node_modules/lucide-react/dist/esm/lucide-react.mjs [Client Component Browser]
    ./.gemini/antigravity/scratch/teacher-tracking/src/components/pages/DailyTasksPage.tsx [Client Component Browser]
    ./.gemini/antigravity/scratch/teacher-tracking/src/components/AppShell.tsx [Client Component Browser]
    ./.gemini/antigravity/scratch/teacher-tracking/src/app/page.tsx [Client Component Browser]
    ./.gemini/antigravity/scratch/teacher-tracking/src/app/page.tsx [Server Component]

  Client Component SSR:
    ./.gemini/antigravity/scratch/teacher-tracking/node_modules/lucide-react/dist/esm/lucide-react.mjs [Client Component SSR]
    ./.gemini/antigravity/scratch/teacher-tracking/src/components/pages/DailyTasksPage.tsx [Client Component SSR]
    ./.gemini/antigravity/scratch/teacher-tracking/src/components/AppShell.tsx [Client Component SSR]
    ./.gemini/antigravity/scratch/teacher-tracking/src/app/page.tsx [Client Component SSR]
    ./.gemini/antigravity/scratch/teacher-tracking/src/app/page.tsx [Server Component]

https://nextjs.org/docs/messages/module-not-found


./.gemini/antigravity/scratch/teacher-tracking/node_modules/lucide-react/dist/esm/lucide-react.mjs:1312:1
Module not found: Can't resolve './icons/redo.mjs'
  [90m1310 |[0m ...[36mt[0m [36mas[0m [33mLucideRecycle[0m, [36mdefault[0m [36mas[0m [33mRecycle[0m, [36mdefault[0m [36mas[0m [33mRecycleIcon[0m } [36m...[0m
  [90m1311 |[0m ...[36mt[0m [36mas[0m [33mLucideRedo2[0m, [36mdefault[0m [36mas[0m [33mRedo2[0m, [36mdefault[0m [36mas[0m [33mRedo2Icon[0m } [36mfrom[0m [32m'...[0m
[31m[1m>[0m [90m1312 |[0m ...[36mt[0m [36mas[0m [33mLucideRedo[0m, [36mdefault[0m [36mas[0m [33mRedo[0m, [36mdefault[0m [36mas[0m [33mRedoIcon[0m } [36mfrom[0m [32m'./i...[0m
  [90m     |[0m    [31m[1m^^^^^^^^^^^^^^^^^^^^^^^^^^^^^^^^^^^^^^^^^^^^^^^^^^^^^^^^^^^^^^^^^^^^[0m
  [90m1313 |[0m ...[36mt[0m [36mas[0m [33mLucideRedoDot[0m, [36mdefault[0m [36mas[0m [33mRedoDot[0m, [36mdefault[0m [36mas[0m [33mRedoDotIcon[0m } [36m...[0m
  [90m1314 |[0m ...[36mt[0m [36mas[0m [33mLucideRefreshCcwDot[0m, [36mdefault[0m [36mas[0m [33mRefreshCcwDot[0m, [36mdefault[0m [36mas[0m [33mRe...[0m
  [90m1315 |[0m ...[36mt[0m [36mas[0m [33mLucideRefreshCcw[0m, [36mdefault[0m [36mas[0m [33mRefreshCcw[0m, [36mdefault[0m [36mas[0m [33mRefreshC...[0m



Import traces:
  Client Component Browser:
    ./.gemini/antigravity/scratch/teacher-tracking/node_modules/lucide-react/dist/esm/lucide-react.mjs [Client Component Browser]
    ./.gemini/antigravity/scratch/teacher-tracking/src/components/pages/DailyTasksPage.tsx [Client Component Browser]
    ./.gemini/antigravity/scratch/teacher-tracking/src/components/AppShell.tsx [Client Component Browser]
    ./.gemini/antigravity/scratch/teacher-tracking/src/app/page.tsx [Client Component Browser]
    ./.gemini/antigravity/scratch/teacher-tracking/src/app/page.tsx [Server Component]

  Client Component SSR:
    ./.gemini/antigravity/scratch/teacher-tracking/node_modules/lucide-react/dist/esm/lucide-react.mjs [Client Component SSR]
    ./.gemini/antigravity/scratch/teacher-tracking/src/components/pages/DailyTasksPage.tsx [Client Component SSR]
    ./.gemini/antigravity/scratch/teacher-tracking/src/components/AppShell.tsx [Client Component SSR]
    ./.gemini/antigravity/scratch/teacher-tracking/src/app/page.tsx [Client Component SSR]
    ./.gemini/antigravity/scratch/teacher-tracking/src/app/page.tsx [Server Component]

https://nextjs.org/docs/messages/module-not-found


./.gemini/antigravity/scratch/teacher-tracking/node_modules/lucide-react/dist/esm/lucide-react.mjs:1314:1
Module not found: Can't resolve './icons/refresh-ccw-dot.mjs'
  [90m1312 |[0m ...[36mfault[0m [36mas[0m [33mRedo[0m, [36mdefault[0m [36mas[0m [33mRedoIcon[0m } [36mfrom[0m [32m'./icons/redo.mjs'[0m;
  [90m1313 |[0m ... [36mdefault[0m [36mas[0m [33mRedoDot[0m, [36mdefault[0m [36mas[0m [33mRedoDotIcon[0m } [36mfrom[0m [32m'./icons/redo-...[0m
[31m[1m>[0m [90m1314 |[0m ...[33mcwDot[0m, [36mdefault[0m [36mas[0m [33mRefreshCcwDot[0m, [36mdefault[0m [36mas[0m [33mRefreshCcwDotIcon[0m } [36mf...[0m
  [90m     |[0m    [31m[1m^^^^^^^^^^^^^^^^^^^^^^^^^^^^^^^^^^^^^^^^^^^^^^^^^^^^^^^^^^^^^^^^^^^^[0m
  [90m1315 |[0m ...[33mcw[0m, [36mdefault[0m [36mas[0m [33mRefreshCcw[0m, [36mdefault[0m [36mas[0m [33mRefreshCcwIcon[0m } [36mfrom[0m [32m'./ic...[0m
  [90m1316 |[0m ...[33mwOff[0m, [36mdefault[0m [36mas[0m [33mRefreshCwOff[0m, [36mdefault[0m [36mas[0m [33mRefreshCwOffIcon[0m } [36mfrom[0m.[32m..[0m
  [90m1317 |[0m ...[33mw[0m, [36mdefault[0m [36mas[0m [33mRefreshCw[0m, [36mdefault[0m [36mas[0m [33mRefreshCwIcon[0m } [36mfrom[0m [32m'./icons...[0m



Import traces:
  Client Component Browser:
    ./.gemini/antigravity/scratch/teacher-tracking/node_modules/lucide-react/dist/esm/lucide-react.mjs [Client Component Browser]
    ./.gemini/antigravity/scratch/teacher-tracking/src/components/pages/DailyTasksPage.tsx [Client Component Browser]
    ./.gemini/antigravity/scratch/teacher-tracking/src/components/AppShell.tsx [Client Component Browser]
    ./.gemini/antigravity/scratch/teacher-tracking/src/app/page.tsx [Client Component Browser]
    ./.gemini/antigravity/scratch/teacher-tracking/src/app/page.tsx [Server Component]

  Client Component SSR:
    ./.gemini/antigravity/scratch/teacher-tracking/node_modules/lucide-react/dist/esm/lucide-react.mjs [Client Component SSR]
    ./.gemini/antigravity/scratch/teacher-tracking/src/components/pages/DailyTasksPage.tsx [Client Component SSR]
    ./.gemini/antigravity/scratch/teacher-tracking/src/components/AppShell.tsx [Client Component SSR]
    ./.gemini/antigravity/scratch/teacher-tracking/src/app/page.tsx [Client Component SSR]
    ./.gemini/antigravity/scratch/teacher-tracking/src/app/page.tsx [Server Component]

https://nextjs.org/docs/messages/module-not-found


./.gemini/antigravity/scratch/teacher-tracking/node_modules/lucide-react/dist/esm/lucide-react.mjs:1315:1
Module not found: Can't resolve './icons/refresh-ccw.mjs'
  [90m1313 |[0m ...[33mdoDot[0m, [36mdefault[0m [36mas[0m [33mRedoDot[0m, [36mdefault[0m [36mas[0m [33mRedoDotIcon[0m } [36mfrom[0m [32m'./icons...[0m
  [90m1314 |[0m ...[33mfreshCcwDot[0m, [36mdefault[0m [36mas[0m [33mRefreshCcwDot[0m, [36mdefault[0m [36mas[0m [33mRefreshCcwDotIc..[0m.
[31m[1m>[0m [90m1315 |[0m ...[33mfreshCcw[0m, [36mdefault[0m [36mas[0m [33mRefreshCcw[0m, [36mdefault[0m [36mas[0m [33mRefreshCcwIcon[0m } [36mfrom[0m.[32m..[0m
  [90m     |[0m    [31m[1m^^^^^^^^^^^^^^^^^^^^^^^^^^^^^^^^^^^^^^^^^^^^^^^^^^^^^^^^^^^^^^^^^^^^[0m
  [90m1316 |[0m ...[33mfreshCwOff[0m, [36mdefault[0m [36mas[0m [33mRefreshCwOff[0m, [36mdefault[0m [36mas[0m [33mRefreshCwOffIcon[0m ..[36m.[0m
  [90m1317 |[0m ...[33mfreshCw[0m, [36mdefault[0m [36mas[0m [33mRefreshCw[0m, [36mdefault[0m [36mas[0m [33mRefreshCwIcon[0m } [36mfrom[0m [32m'....[0m
  [90m1318 |[0m ...[33mfrigerator[0m, [36mdefault[0m [36mas[0m [33mRefrigerator[0m, [36mdefault[0m [36mas[0m [33mRefrigeratorIcon[0m ..[36m.[0m



Import traces:
  Client Component Browser:
    ./.gemini/antigravity/scratch/teacher-tracking/node_modules/lucide-react/dist/esm/lucide-react.mjs [Client Component Browser]
    ./.gemini/antigravity/scratch/teacher-tracking/src/components/pages/DailyTasksPage.tsx [Client Component Browser]
    ./.gemini/antigravity/scratch/teacher-tracking/src/components/AppShell.tsx [Client Component Browser]
    ./.gemini/antigravity/scratch/teacher-tracking/src/app/page.tsx [Client Component Browser]
    ./.gemini/antigravity/scratch/teacher-tracking/src/app/page.tsx [Server Component]

  Client Component SSR:
    ./.gemini/antigravity/scratch/teacher-tracking/node_modules/lucide-react/dist/esm/lucide-react.mjs [Client Component SSR]
    ./.gemini/antigravity/scratch/teacher-tracking/src/components/pages/DailyTasksPage.tsx [Client Component SSR]
    ./.gemini/antigravity/scratch/teacher-tracking/src/components/AppShell.tsx [Client Component SSR]
    ./.gemini/antigravity/scratch/teacher-tracking/src/app/page.tsx [Client Component SSR]
    ./.gemini/antigravity/scratch/teacher-tracking/src/app/page.tsx [Server Component]

https://nextjs.org/docs/messages/module-not-found


./.gemini/antigravity/scratch/teacher-tracking/node_modules/lucide-react/dist/esm/lucide-react.mjs:1316:1
Module not found: Can't resolve './icons/refresh-cw-off.mjs'
  [90m1314 |[0m ...[33mhCcwDot[0m, [36mdefault[0m [36mas[0m [33mRefreshCcwDot[0m, [36mdefault[0m [36mas[0m [33mRefreshCcwDotIcon[0m }.[36m..[0m
  [90m1315 |[0m ...[33mhCcw[0m, [36mdefault[0m [36mas[0m [33mRefreshCcw[0m, [36mdefault[0m [36mas[0m [33mRefreshCcwIcon[0m } [36mfrom[0m [32m'./...[0m
[31m[1m>[0m [90m1316 |[0m ...[33mhCwOff[0m, [36mdefault[0m [36mas[0m [33mRefreshCwOff[0m, [36mdefault[0m [36mas[0m [33mRefreshCwOffIcon[0m } [36mfr..[0m.
  [90m     |[0m    [31m[1m^^^^^^^^^^^^^^^^^^^^^^^^^^^^^^^^^^^^^^^^^^^^^^^^^^^^^^^^^^^^^^^^^^^^[0m
  [90m1317 |[0m ...[33mhCw[0m, [36mdefault[0m [36mas[0m [33mRefreshCw[0m, [36mdefault[0m [36mas[0m [33mRefreshCwIcon[0m } [36mfrom[0m [32m'./ico...[0m
  [90m1318 |[0m ...[33merator[0m, [36mdefault[0m [36mas[0m [33mRefrigerator[0m, [36mdefault[0m [36mas[0m [33mRefrigeratorIcon[0m } [36mfr..[0m.
  [90m1319 |[0m ... [36mdefault[0m [36mas[0m [33mRegex[0m, [36mdefault[0m [36mas[0m [33mRegexIcon[0m } [36mfrom[0m [32m'./icons/regex.mjs'[0m;



Import traces:
  Client Component Browser:
    ./.gemini/antigravity/scratch/teacher-tracking/node_modules/lucide-react/dist/esm/lucide-react.mjs [Client Component Browser]
    ./.gemini/antigravity/scratch/teacher-tracking/src/components/pages/DailyTasksPage.tsx [Client Component Browser]
    ./.gemini/antigravity/scratch/teacher-tracking/src/components/AppShell.tsx [Client Component Browser]
    ./.gemini/antigravity/scratch/teacher-tracking/src/app/page.tsx [Client Component Browser]
    ./.gemini/antigravity/scratch/teacher-tracking/src/app/page.tsx [Server Component]

  Client Component SSR:
    ./.gemini/antigravity/scratch/teacher-tracking/node_modules/lucide-react/dist/esm/lucide-react.mjs [Client Component SSR]
    ./.gemini/antigravity/scratch/teacher-tracking/src/components/pages/DailyTasksPage.tsx [Client Component SSR]
    ./.gemini/antigravity/scratch/teacher-tracking/src/components/AppShell.tsx [Client Component SSR]
    ./.gemini/antigravity/scratch/teacher-tracking/src/app/page.tsx [Client Component SSR]
    ./.gemini/antigravity/scratch/teacher-tracking/src/app/page.tsx [Server Component]

https://nextjs.org/docs/messages/module-not-found


./.gemini/antigravity/scratch/teacher-tracking/node_modules/lucide-react/dist/esm/lucide-react.mjs:1317:1
Module not found: Can't resolve './icons/refresh-cw.mjs'
  [90m1315 |[0m ...[33mRefreshCcw[0m, [36mdefault[0m [36mas[0m [33mRefreshCcw[0m, [36mdefault[0m [36mas[0m [33mRefreshCcwIcon[0m } [36mfr..[0m.
  [90m1316 |[0m ...[33mRefreshCwOff[0m, [36mdefault[0m [36mas[0m [33mRefreshCwOff[0m, [36mdefault[0m [36mas[0m [33mRefreshCwOffIco.[0m..
[31m[1m>[0m [90m1317 |[0m ...[33mRefreshCw[0m, [36mdefault[0m [36mas[0m [33mRefreshCw[0m, [36mdefault[0m [36mas[0m [33mRefreshCwIcon[0m } [36mfrom[0m [32m...[0m
  [90m     |[0m    [31m[1m^^^^^^^^^^^^^^^^^^^^^^^^^^^^^^^^^^^^^^^^^^^^^^^^^^^^^^^^^^^^^^^^^^^^[0m
  [90m1318 |[0m ...[33mRefrigerator[0m, [36mdefault[0m [36mas[0m [33mRefrigerator[0m, [36mdefault[0m [36mas[0m [33mRefrigeratorIco.[0m..
  [90m1319 |[0m ...[33mRegex[0m, [36mdefault[0m [36mas[0m [33mRegex[0m, [36mdefault[0m [36mas[0m [33mRegexIcon[0m } [36mfrom[0m [32m'./icons/reg...[0m
  [90m1320 |[0m ...[33mRepeat1[0m, [36mdefault[0m [36mas[0m [33mRepeat1[0m, [36mdefault[0m [36mas[0m [33mRepeat1Icon[0m } [36mfrom[0m [32m'./ico...[0m



Import traces:
  Client Component Browser:
    ./.gemini/antigravity/scratch/teacher-tracking/node_modules/lucide-react/dist/esm/lucide-react.mjs [Client Component Browser]
    ./.gemini/antigravity/scratch/teacher-tracking/src/components/pages/DailyTasksPage.tsx [Client Component Browser]
    ./.gemini/antigravity/scratch/teacher-tracking/src/components/AppShell.tsx [Client Component Browser]
    ./.gemini/antigravity/scratch/teacher-tracking/src/app/page.tsx [Client Component Browser]
    ./.gemini/antigravity/scratch/teacher-tracking/src/app/page.tsx [Server Component]

  Client Component SSR:
    ./.gemini/antigravity/scratch/teacher-tracking/node_modules/lucide-react/dist/esm/lucide-react.mjs [Client Component SSR]
    ./.gemini/antigravity/scratch/teacher-tracking/src/components/pages/DailyTasksPage.tsx [Client Component SSR]
    ./.gemini/antigravity/scratch/teacher-tracking/src/components/AppShell.tsx [Client Component SSR]
    ./.gemini/antigravity/scratch/teacher-tracking/src/app/page.tsx [Client Component SSR]
    ./.gemini/antigravity/scratch/teacher-tracking/src/app/page.tsx [Server Component]

https://nextjs.org/docs/messages/module-not-found


./.gemini/antigravity/scratch/teacher-tracking/node_modules/lucide-react/dist/esm/lucide-react.mjs:1318:1
Module not found: Can't resolve './icons/refrigerator.mjs'
  [90m1316 |[0m ...[33mshCwOff[0m, [36mdefault[0m [36mas[0m [33mRefreshCwOff[0m, [36mdefault[0m [36mas[0m [33mRefreshCwOffIcon[0m } [36mf...[0m
  [90m1317 |[0m ...[33mshCw[0m, [36mdefault[0m [36mas[0m [33mRefreshCw[0m, [36mdefault[0m [36mas[0m [33mRefreshCwIcon[0m } [36mfrom[0m [32m'./ic...[0m
[31m[1m>[0m [90m1318 |[0m ...[33mgerator[0m, [36mdefault[0m [36mas[0m [33mRefrigerator[0m, [36mdefault[0m [36mas[0m [33mRefrigeratorIcon[0m } [36mf...[0m
  [90m     |[0m    [31m[1m^^^^^^^^^^^^^^^^^^^^^^^^^^^^^^^^^^^^^^^^^^^^^^^^^^^^^^^^^^^^^^^^^^^^[0m
  [90m1319 |[0m ..., [36mdefault[0m [36mas[0m [33mRegex[0m, [36mdefault[0m [36mas[0m [33mRegexIcon[0m } [36mfrom[0m [32m'./icons/regex.mjs'[0m;
  [90m1320 |[0m ...[33mt1[0m, [36mdefault[0m [36mas[0m [33mRepeat1[0m, [36mdefault[0m [36mas[0m [33mRepeat1Icon[0m } [36mfrom[0m [32m'./icons/re...[0m
  [90m1321 |[0m ...[33meFormatting[0m, [36mdefault[0m [36mas[0m [33mRemoveFormatting[0m, [36mdefault[0m [36mas[0m [33mRemoveFormat...[0m



Import traces:
  Client Component Browser:
    ./.gemini/antigravity/scratch/teacher-tracking/node_modules/lucide-react/dist/esm/lucide-react.mjs [Client Component Browser]
    ./.gemini/antigravity/scratch/teacher-tracking/src/components/pages/DailyTasksPage.tsx [Client Component Browser]
    ./.gemini/antigravity/scratch/teacher-tracking/src/components/AppShell.tsx [Client Component Browser]
    ./.gemini/antigravity/scratch/teacher-tracking/src/app/page.tsx [Client Component Browser]
    ./.gemini/antigravity/scratch/teacher-tracking/src/app/page.tsx [Server Component]

  Client Component SSR:
    ./.gemini/antigravity/scratch/teacher-tracking/node_modules/lucide-react/dist/esm/lucide-react.mjs [Client Component SSR]
    ./.gemini/antigravity/scratch/teacher-tracking/src/components/pages/DailyTasksPage.tsx [Client Component SSR]
    ./.gemini/antigravity/scratch/teacher-tracking/src/components/AppShell.tsx [Client Component SSR]
    ./.gemini/antigravity/scratch/teacher-tracking/src/app/page.tsx [Client Component SSR]
    ./.gemini/antigravity/scratch/teacher-tracking/src/app/page.tsx [Server Component]

https://nextjs.org/docs/messages/module-not-found


./.gemini/antigravity/scratch/teacher-tracking/node_modules/lucide-react/dist/esm/lucide-react.mjs:1319:1
Module not found: Can't resolve './icons/regex.mjs'
  [90m1317 |[0m ...[36mas[0m [33mLucideRefreshCw[0m, [36mdefault[0m [36mas[0m [33mRefreshCw[0m, [36mdefault[0m [36mas[0m [33mRefreshCwIco.[0m..
  [90m1318 |[0m ...[36mas[0m [33mLucideRefrigerator[0m, [36mdefault[0m [36mas[0m [33mRefrigerator[0m, [36mdefault[0m [36mas[0m [33mRefrig...[0m
[31m[1m>[0m [90m1319 |[0m ...[36mas[0m [33mLucideRegex[0m, [36mdefault[0m [36mas[0m [33mRegex[0m, [36mdefault[0m [36mas[0m [33mRegexIcon[0m } [36mfrom[0m [32m'./...[0m
  [90m     |[0m    [31m[1m^^^^^^^^^^^^^^^^^^^^^^^^^^^^^^^^^^^^^^^^^^^^^^^^^^^^^^^^^^^^^^^^^^^^[0m
  [90m1320 |[0m ...[36mas[0m [33mLucideRepeat1[0m, [36mdefault[0m [36mas[0m [33mRepeat1[0m, [36mdefault[0m [36mas[0m [33mRepeat1Icon[0m } [36mfr..[0m.
  [90m1321 |[0m ...[36mas[0m [33mLucideRemoveFormatting[0m, [36mdefault[0m [36mas[0m [33mRemoveFormatting[0m, [36mdefault[0m [36ma.[0m.[33m.[0m
  [90m1322 |[0m ...[36mas[0m [33mLucideRepeat2[0m, [36mdefault[0m [36mas[0m [33mRepeat2[0m, [36mdefault[0m [36mas[0m [33mRepeat2Icon[0m } [36mfr..[0m.



Import traces:
  Client Component Browser:
    ./.gemini/antigravity/scratch/teacher-tracking/node_modules/lucide-react/dist/esm/lucide-react.mjs [Client Component Browser]
    ./.gemini/antigravity/scratch/teacher-tracking/src/components/pages/DailyTasksPage.tsx [Client Component Browser]
    ./.gemini/antigravity/scratch/teacher-tracking/src/components/AppShell.tsx [Client Component Browser]
    ./.gemini/antigravity/scratch/teacher-tracking/src/app/page.tsx [Client Component Browser]
    ./.gemini/antigravity/scratch/teacher-tracking/src/app/page.tsx [Server Component]

  Client Component SSR:
    ./.gemini/antigravity/scratch/teacher-tracking/node_modules/lucide-react/dist/esm/lucide-react.mjs [Client Component SSR]
    ./.gemini/antigravity/scratch/teacher-tracking/src/components/pages/DailyTasksPage.tsx [Client Component SSR]
    ./.gemini/antigravity/scratch/teacher-tracking/src/components/AppShell.tsx [Client Component SSR]
    ./.gemini/antigravity/scratch/teacher-tracking/src/app/page.tsx [Client Component SSR]
    ./.gemini/antigravity/scratch/teacher-tracking/src/app/page.tsx [Server Component]

https://nextjs.org/docs/messages/module-not-found


./.gemini/antigravity/scratch/teacher-tracking/node_modules/lucide-react/dist/esm/lucide-react.mjs:1321:1
Module not found: Can't resolve './icons/remove-formatting.mjs'
  [90m1319 |[0m ... [36mas[0m [33mRegex[0m, [36mdefault[0m [36mas[0m [33mRegexIcon[0m } [36mfrom[0m [32m'./icons/regex.mjs'[0m;
  [90m1320 |[0m ...[36mlt[0m [36mas[0m [33mRepeat1[0m, [36mdefault[0m [36mas[0m [33mRepeat1Icon[0m } [36mfrom[0m [32m'./icons/repeat-1.mjs'[0m;
[31m[1m>[0m [90m1321 |[0m ...[33mng[0m, [36mdefault[0m [36mas[0m [33mRemoveFormatting[0m, [36mdefault[0m [36mas[0m [33mRemoveFormattingIcon[0m ..[36m.[0m
  [90m     |[0m    [31m[1m^^^^^^^^^^^^^^^^^^^^^^^^^^^^^^^^^^^^^^^^^^^^^^^^^^^^^^^^^^^^^^^^^^^^[0m
  [90m1322 |[0m ...[36mlt[0m [36mas[0m [33mRepeat2[0m, [36mdefault[0m [36mas[0m [33mRepeat2Icon[0m } [36mfrom[0m [32m'./icons/repeat-2.mjs'[0m;
  [90m1323 |[0m ...[36mault[0m [36mas[0m [33mRepeatOff[0m, [36mdefault[0m [36mas[0m [33mRepeatOffIcon[0m } [36mfrom[0m [32m'./icons/repea...[0m
  [90m1324 |[0m ...[36mfault[0m [36mas[0m [33mReplaceAll[0m, [36mdefault[0m [36mas[0m [33mReplaceAllIcon[0m } [36mfrom[0m [32m'./icons/re...[0m



Import traces:
  Client Component Browser:
    ./.gemini/antigravity/scratch/teacher-tracking/node_modules/lucide-react/dist/esm/lucide-react.mjs [Client Component Browser]
    ./.gemini/antigravity/scratch/teacher-tracking/src/components/pages/DailyTasksPage.tsx [Client Component Browser]
    ./.gemini/antigravity/scratch/teacher-tracking/src/components/AppShell.tsx [Client Component Browser]
    ./.gemini/antigravity/scratch/teacher-tracking/src/app/page.tsx [Client Component Browser]
    ./.gemini/antigravity/scratch/teacher-tracking/src/app/page.tsx [Server Component]

  Client Component SSR:
    ./.gemini/antigravity/scratch/teacher-tracking/node_modules/lucide-react/dist/esm/lucide-react.mjs [Client Component SSR]
    ./.gemini/antigravity/scratch/teacher-tracking/src/components/pages/DailyTasksPage.tsx [Client Component SSR]
    ./.gemini/antigravity/scratch/teacher-tracking/src/components/AppShell.tsx [Client Component SSR]
    ./.gemini/antigravity/scratch/teacher-tracking/src/app/page.tsx [Client Component SSR]
    ./.gemini/antigravity/scratch/teacher-tracking/src/app/page.tsx [Server Component]

https://nextjs.org/docs/messages/module-not-found


./.gemini/antigravity/scratch/teacher-tracking/node_modules/lucide-react/dist/esm/lucide-react.mjs:1320:1
Module not found: Can't resolve './icons/repeat-1.mjs'
  [90m1318 |[0m ...[33mcideRefrigerator[0m, [36mdefault[0m [36mas[0m [33mRefrigerator[0m, [36mdefault[0m [36mas[0m [33mRefrigerato...[0m
  [90m1319 |[0m ...[33mcideRegex[0m, [36mdefault[0m [36mas[0m [33mRegex[0m, [36mdefault[0m [36mas[0m [33mRegexIcon[0m } [36mfrom[0m [32m'./icons...[0m
[31m[1m>[0m [90m1320 |[0m ...[33mcideRepeat1[0m, [36mdefault[0m [36mas[0m [33mRepeat1[0m, [36mdefault[0m [36mas[0m [33mRepeat1Icon[0m } [36mfrom[0m [32m'....[0m
  [90m     |[0m    [31m[1m^^^^^^^^^^^^^^^^^^^^^^^^^^^^^^^^^^^^^^^^^^^^^^^^^^^^^^^^^^^^^^^^^^^^[0m
  [90m1321 |[0m ...[33mcideRemoveFormatting[0m, [36mdefault[0m [36mas[0m [33mRemoveFormatting[0m, [36mdefault[0m [36mas[0m [33mRem...[0m
  [90m1322 |[0m ...[33mcideRepeat2[0m, [36mdefault[0m [36mas[0m [33mRepeat2[0m, [36mdefault[0m [36mas[0m [33mRepeat2Icon[0m } [36mfrom[0m [32m'....[0m
  [90m1323 |[0m ...[33mcideRepeatOff[0m, [36mdefault[0m [36mas[0m [33mRepeatOff[0m, [36mdefault[0m [36mas[0m [33mRepeatOffIcon[0m } [36mf...[0m



Import traces:
  Client Component Browser:
    ./.gemini/antigravity/scratch/teacher-tracking/node_modules/lucide-react/dist/esm/lucide-react.mjs [Client Component Browser]
    ./.gemini/antigravity/scratch/teacher-tracking/src/components/pages/DailyTasksPage.tsx [Client Component Browser]
    ./.gemini/antigravity/scratch/teacher-tracking/src/components/AppShell.tsx [Client Component Browser]
    ./.gemini/antigravity/scratch/teacher-tracking/src/app/page.tsx [Client Component Browser]
    ./.gemini/antigravity/scratch/teacher-tracking/src/app/page.tsx [Server Component]

  Client Component SSR:
    ./.gemini/antigravity/scratch/teacher-tracking/node_modules/lucide-react/dist/esm/lucide-react.mjs [Client Component SSR]
    ./.gemini/antigravity/scratch/teacher-tracking/src/components/pages/DailyTasksPage.tsx [Client Component SSR]
    ./.gemini/antigravity/scratch/teacher-tracking/src/components/AppShell.tsx [Client Component SSR]
    ./.gemini/antigravity/scratch/teacher-tracking/src/app/page.tsx [Client Component SSR]
    ./.gemini/antigravity/scratch/teacher-tracking/src/app/page.tsx [Server Component]

https://nextjs.org/docs/messages/module-not-found


./.gemini/antigravity/scratch/teacher-tracking/node_modules/lucide-react/dist/esm/lucide-react.mjs:1322:1
Module not found: Can't resolve './icons/repeat-2.mjs'
  [90m1320 |[0m ...[33mcideRepeat1[0m, [36mdefault[0m [36mas[0m [33mRepeat1[0m, [36mdefault[0m [36mas[0m [33mRepeat1Icon[0m } [36mfrom[0m [32m'....[0m
  [90m1321 |[0m ...[33mcideRemoveFormatting[0m, [36mdefault[0m [36mas[0m [33mRemoveFormatting[0m, [36mdefault[0m [36mas[0m [33mRem...[0m
[31m[1m>[0m [90m1322 |[0m ...[33mcideRepeat2[0m, [36mdefault[0m [36mas[0m [33mRepeat2[0m, [36mdefault[0m [36mas[0m [33mRepeat2Icon[0m } [36mfrom[0m [32m'....[0m
  [90m     |[0m    [31m[1m^^^^^^^^^^^^^^^^^^^^^^^^^^^^^^^^^^^^^^^^^^^^^^^^^^^^^^^^^^^^^^^^^^^^[0m
  [90m1323 |[0m ...[33mcideRepeatOff[0m, [36mdefault[0m [36mas[0m [33mRepeatOff[0m, [36mdefault[0m [36mas[0m [33mRepeatOffIcon[0m } [36mf...[0m
  [90m1324 |[0m ...[33mcideReplaceAll[0m, [36mdefault[0m [36mas[0m [33mReplaceAll[0m, [36mdefault[0m [36mas[0m [33mReplaceAllIcon[0m ..[36m.[0m
  [90m1325 |[0m ...[33mcideRepeat[0m, [36mdefault[0m [36mas[0m [33mRepeat[0m, [36mdefault[0m [36mas[0m [33mRepeatIcon[0m } [36mfrom[0m [32m'./ic...[0m



Import traces:
  Client Component Browser:
    ./.gemini/antigravity/scratch/teacher-tracking/node_modules/lucide-react/dist/esm/lucide-react.mjs [Client Component Browser]
    ./.gemini/antigravity/scratch/teacher-tracking/src/components/pages/DailyTasksPage.tsx [Client Component Browser]
    ./.gemini/antigravity/scratch/teacher-tracking/src/components/AppShell.tsx [Client Component Browser]
    ./.gemini/antigravity/scratch/teacher-tracking/src/app/page.tsx [Client Component Browser]
    ./.gemini/antigravity/scratch/teacher-tracking/src/app/page.tsx [Server Component]

  Client Component SSR:
    ./.gemini/antigravity/scratch/teacher-tracking/node_modules/lucide-react/dist/esm/lucide-react.mjs [Client Component SSR]
    ./.gemini/antigravity/scratch/teacher-tracking/src/components/pages/DailyTasksPage.tsx [Client Component SSR]
    ./.gemini/antigravity/scratch/teacher-tracking/src/components/AppShell.tsx [Client Component SSR]
    ./.gemini/antigravity/scratch/teacher-tracking/src/app/page.tsx [Client Component SSR]
    ./.gemini/antigravity/scratch/teacher-tracking/src/app/page.tsx [Server Component]

https://nextjs.org/docs/messages/module-not-found


./.gemini/antigravity/scratch/teacher-tracking/node_modules/lucide-react/dist/esm/lucide-react.mjs:1323:1
Module not found: Can't resolve './icons/repeat-off.mjs'
  [90m1321 |[0m ...[33mRemoveFormatting[0m, [36mdefault[0m [36mas[0m [33mRemoveFormatting[0m, [36mdefault[0m [36mas[0m [33mRemoveF...[0m
  [90m1322 |[0m ...[33mRepeat2[0m, [36mdefault[0m [36mas[0m [33mRepeat2[0m, [36mdefault[0m [36mas[0m [33mRepeat2Icon[0m } [36mfrom[0m [32m'./ico...[0m
[31m[1m>[0m [90m1323 |[0m ...[33mRepeatOff[0m, [36mdefault[0m [36mas[0m [33mRepeatOff[0m, [36mdefault[0m [36mas[0m [33mRepeatOffIcon[0m } [36mfrom[0m [32m...[0m
  [90m     |[0m    [31m[1m^^^^^^^^^^^^^^^^^^^^^^^^^^^^^^^^^^^^^^^^^^^^^^^^^^^^^^^^^^^^^^^^^^^^[0m
  [90m1324 |[0m ...[33mReplaceAll[0m, [36mdefault[0m [36mas[0m [33mReplaceAll[0m, [36mdefault[0m [36mas[0m [33mReplaceAllIcon[0m } [36mfr..[0m.
  [90m1325 |[0m ...[33mRepeat[0m, [36mdefault[0m [36mas[0m [33mRepeat[0m, [36mdefault[0m [36mas[0m [33mRepeatIcon[0m } [36mfrom[0m [32m'./icons/...[0m
  [90m1326 |[0m ...[33mReplace[0m, [36mdefault[0m [36mas[0m [33mReplace[0m, [36mdefault[0m [36mas[0m [33mReplaceIcon[0m } [36mfrom[0m [32m'./ico...[0m



Import traces:
  Client Component Browser:
    ./.gemini/antigravity/scratch/teacher-tracking/node_modules/lucide-react/dist/esm/lucide-react.mjs [Client Component Browser]
    ./.gemini/antigravity/scratch/teacher-tracking/src/components/pages/DailyTasksPage.tsx [Client Component Browser]
    ./.gemini/antigravity/scratch/teacher-tracking/src/components/AppShell.tsx [Client Component Browser]
    ./.gemini/antigravity/scratch/teacher-tracking/src/app/page.tsx [Client Component Browser]
    ./.gemini/antigravity/scratch/teacher-tracking/src/app/page.tsx [Server Component]

  Client Component SSR:
    ./.gemini/antigravity/scratch/teacher-tracking/node_modules/lucide-react/dist/esm/lucide-react.mjs [Client Component SSR]
    ./.gemini/antigravity/scratch/teacher-tracking/src/components/pages/DailyTasksPage.tsx [Client Component SSR]
    ./.gemini/antigravity/scratch/teacher-tracking/src/components/AppShell.tsx [Client Component SSR]
    ./.gemini/antigravity/scratch/teacher-tracking/src/app/page.tsx [Client Component SSR]
    ./.gemini/antigravity/scratch/teacher-tracking/src/app/page.tsx [Server Component]

https://nextjs.org/docs/messages/module-not-found


./.gemini/antigravity/scratch/teacher-tracking/node_modules/lucide-react/dist/esm/lucide-react.mjs:1325:1
Module not found: Can't resolve './icons/repeat.mjs'
  [90m1323 |[0m ... [33mLucideRepeatOff[0m, [36mdefault[0m [36mas[0m [33mRepeatOff[0m, [36mdefault[0m [36mas[0m [33mRepeatOffIcon[0m ..[36m.[0m
  [90m1324 |[0m ... [33mLucideReplaceAll[0m, [36mdefault[0m [36mas[0m [33mReplaceAll[0m, [36mdefault[0m [36mas[0m [33mReplaceAllIc..[0m.
[31m[1m>[0m [90m1325 |[0m ... [33mLucideRepeat[0m, [36mdefault[0m [36mas[0m [33mRepeat[0m, [36mdefault[0m [36mas[0m [33mRepeatIcon[0m } [36mfrom[0m [32m'....[0m
  [90m     |[0m    [31m[1m^^^^^^^^^^^^^^^^^^^^^^^^^^^^^^^^^^^^^^^^^^^^^^^^^^^^^^^^^^^^^^^^^^^^[0m
  [90m1326 |[0m ... [33mLucideReplace[0m, [36mdefault[0m [36mas[0m [33mReplace[0m, [36mdefault[0m [36mas[0m [33mReplaceIcon[0m } [36mfrom[0m.[32m..[0m
  [90m1327 |[0m ... [33mLucideReplyAll[0m, [36mdefault[0m [36mas[0m [33mReplyAll[0m, [36mdefault[0m [36mas[0m [33mReplyAllIcon[0m } [36mf...[0m
  [90m1328 |[0m ... [33mLucideRewind[0m, [36mdefault[0m [36mas[0m [33mRewind[0m, [36mdefault[0m [36mas[0m [33mRewindIcon[0m } [36mfrom[0m [32m'....[0m



Import traces:
  Client Component Browser:
    ./.gemini/antigravity/scratch/teacher-tracking/node_modules/lucide-react/dist/esm/lucide-react.mjs [Client Component Browser]
    ./.gemini/antigravity/scratch/teacher-tracking/src/components/pages/DailyTasksPage.tsx [Client Component Browser]
    ./.gemini/antigravity/scratch/teacher-tracking/src/components/AppShell.tsx [Client Component Browser]
    ./.gemini/antigravity/scratch/teacher-tracking/src/app/page.tsx [Client Component Browser]
    ./.gemini/antigravity/scratch/teacher-tracking/src/app/page.tsx [Server Component]

  Client Component SSR:
    ./.gemini/antigravity/scratch/teacher-tracking/node_modules/lucide-react/dist/esm/lucide-react.mjs [Client Component SSR]
    ./.gemini/antigravity/scratch/teacher-tracking/src/components/pages/DailyTasksPage.tsx [Client Component SSR]
    ./.gemini/antigravity/scratch/teacher-tracking/src/components/AppShell.tsx [Client Component SSR]
    ./.gemini/antigravity/scratch/teacher-tracking/src/app/page.tsx [Client Component SSR]
    ./.gemini/antigravity/scratch/teacher-tracking/src/app/page.tsx [Server Component]

https://nextjs.org/docs/messages/module-not-found


./.gemini/antigravity/scratch/teacher-tracking/node_modules/lucide-react/dist/esm/lucide-react.mjs:1324:1
Module not found: Can't resolve './icons/replace-all.mjs'
  [90m1322 |[0m ...[33mpeat2[0m, [36mdefault[0m [36mas[0m [33mRepeat2[0m, [36mdefault[0m [36mas[0m [33mRepeat2Icon[0m } [36mfrom[0m [32m'./icons...[0m
  [90m1323 |[0m ...[33mpeatOff[0m, [36mdefault[0m [36mas[0m [33mRepeatOff[0m, [36mdefault[0m [36mas[0m [33mRepeatOffIcon[0m } [36mfrom[0m [32m'....[0m
[31m[1m>[0m [90m1324 |[0m ...[33mplaceAll[0m, [36mdefault[0m [36mas[0m [33mReplaceAll[0m, [36mdefault[0m [36mas[0m [33mReplaceAllIcon[0m } [36mfrom[0m.[32m..[0m
  [90m     |[0m    [31m[1m^^^^^^^^^^^^^^^^^^^^^^^^^^^^^^^^^^^^^^^^^^^^^^^^^^^^^^^^^^^^^^^^^^^^[0m
  [90m1325 |[0m ...[33mpeat[0m, [36mdefault[0m [36mas[0m [33mRepeat[0m, [36mdefault[0m [36mas[0m [33mRepeatIcon[0m } [36mfrom[0m [32m'./icons/re...[0m
  [90m1326 |[0m ...[33mplace[0m, [36mdefault[0m [36mas[0m [33mReplace[0m, [36mdefault[0m [36mas[0m [33mReplaceIcon[0m } [36mfrom[0m [32m'./icons...[0m
  [90m1327 |[0m ...[33mplyAll[0m, [36mdefault[0m [36mas[0m [33mReplyAll[0m, [36mdefault[0m [36mas[0m [33mReplyAllIcon[0m } [36mfrom[0m [32m'./ic...[0m



Import traces:
  Client Component Browser:
    ./.gemini/antigravity/scratch/teacher-tracking/node_modules/lucide-react/dist/esm/lucide-react.mjs [Client Component Browser]
    ./.gemini/antigravity/scratch/teacher-tracking/src/components/pages/DailyTasksPage.tsx [Client Component Browser]
    ./.gemini/antigravity/scratch/teacher-tracking/src/components/AppShell.tsx [Client Component Browser]
    ./.gemini/antigravity/scratch/teacher-tracking/src/app/page.tsx [Client Component Browser]
    ./.gemini/antigravity/scratch/teacher-tracking/src/app/page.tsx [Server Component]

  Client Component SSR:
    ./.gemini/antigravity/scratch/teacher-tracking/node_modules/lucide-react/dist/esm/lucide-react.mjs [Client Component SSR]
    ./.gemini/antigravity/scratch/teacher-tracking/src/components/pages/DailyTasksPage.tsx [Client Component SSR]
    ./.gemini/antigravity/scratch/teacher-tracking/src/components/AppShell.tsx [Client Component SSR]
    ./.gemini/antigravity/scratch/teacher-tracking/src/app/page.tsx [Client Component SSR]
    ./.gemini/antigravity/scratch/teacher-tracking/src/app/page.tsx [Server Component]

https://nextjs.org/docs/messages/module-not-found


./.gemini/antigravity/scratch/teacher-tracking/node_modules/lucide-react/dist/esm/lucide-react.mjs:1326:1
Module not found: Can't resolve './icons/replace.mjs'
  [90m1324 |[0m ...[33mucideReplaceAll[0m, [36mdefault[0m [36mas[0m [33mReplaceAll[0m, [36mdefault[0m [36mas[0m [33mReplaceAllIcon[0m...
  [90m1325 |[0m ...[33mucideRepeat[0m, [36mdefault[0m [36mas[0m [33mRepeat[0m, [36mdefault[0m [36mas[0m [33mRepeatIcon[0m } [36mfrom[0m [32m'./i...[0m
[31m[1m>[0m [90m1326 |[0m ...[33mucideReplace[0m, [36mdefault[0m [36mas[0m [33mReplace[0m, [36mdefault[0m [36mas[0m [33mReplaceIcon[0m } [36mfrom[0m [32m'...[0m
  [90m     |[0m    [31m[1m^^^^^^^^^^^^^^^^^^^^^^^^^^^^^^^^^^^^^^^^^^^^^^^^^^^^^^^^^^^^^^^^^^^^[0m
  [90m1327 |[0m ...[33mucideReplyAll[0m, [36mdefault[0m [36mas[0m [33mReplyAll[0m, [36mdefault[0m [36mas[0m [33mReplyAllIcon[0m } [36mfro.[0m.[32m.[0m
  [90m1328 |[0m ...[33mucideRewind[0m, [36mdefault[0m [36mas[0m [33mRewind[0m, [36mdefault[0m [36mas[0m [33mRewindIcon[0m } [36mfrom[0m [32m'./i...[0m
  [90m1329 |[0m ...[33mucideReply[0m, [36mdefault[0m [36mas[0m [33mReply[0m, [36mdefault[0m [36mas[0m [33mReplyIcon[0m } [36mfrom[0m [32m'./icon...[0m



Import traces:
  Client Component Browser:
    ./.gemini/antigravity/scratch/teacher-tracking/node_modules/lucide-react/dist/esm/lucide-react.mjs [Client Component Browser]
    ./.gemini/antigravity/scratch/teacher-tracking/src/components/pages/DailyTasksPage.tsx [Client Component Browser]
    ./.gemini/antigravity/scratch/teacher-tracking/src/components/AppShell.tsx [Client Component Browser]
    ./.gemini/antigravity/scratch/teacher-tracking/src/app/page.tsx [Client Component Browser]
    ./.gemini/antigravity/scratch/teacher-tracking/src/app/page.tsx [Server Component]

  Client Component SSR:
    ./.gemini/antigravity/scratch/teacher-tracking/node_modules/lucide-react/dist/esm/lucide-react.mjs [Client Component SSR]
    ./.gemini/antigravity/scratch/teacher-tracking/src/components/pages/DailyTasksPage.tsx [Client Component SSR]
    ./.gemini/antigravity/scratch/teacher-tracking/src/components/AppShell.tsx [Client Component SSR]
    ./.gemini/antigravity/scratch/teacher-tracking/src/app/page.tsx [Client Component SSR]
    ./.gemini/antigravity/scratch/teacher-tracking/src/app/page.tsx [Server Component]

https://nextjs.org/docs/messages/module-not-found


./.gemini/antigravity/scratch/teacher-tracking/node_modules/lucide-react/dist/esm/lucide-react.mjs:1327:1
Module not found: Can't resolve './icons/reply-all.mjs'
  [90m1325 |[0m ...[33mdeRepeat[0m, [36mdefault[0m [36mas[0m [33mRepeat[0m, [36mdefault[0m [36mas[0m [33mRepeatIcon[0m } [36mfrom[0m [32m'./icon...[0m
  [90m1326 |[0m ...[33mdeReplace[0m, [36mdefault[0m [36mas[0m [33mReplace[0m, [36mdefault[0m [36mas[0m [33mReplaceIcon[0m } [36mfrom[0m [32m'./i...[0m
[31m[1m>[0m [90m1327 |[0m ...[33mdeReplyAll[0m, [36mdefault[0m [36mas[0m [33mReplyAll[0m, [36mdefault[0m [36mas[0m [33mReplyAllIcon[0m } [36mfrom[0m [32m'...[0m
  [90m     |[0m    [31m[1m^^^^^^^^^^^^^^^^^^^^^^^^^^^^^^^^^^^^^^^^^^^^^^^^^^^^^^^^^^^^^^^^^^^^[0m
  [90m1328 |[0m ...[33mdeRewind[0m, [36mdefault[0m [36mas[0m [33mRewind[0m, [36mdefault[0m [36mas[0m [33mRewindIcon[0m } [36mfrom[0m [32m'./icon...[0m
  [90m1329 |[0m ...[33mdeReply[0m, [36mdefault[0m [36mas[0m [33mReply[0m, [36mdefault[0m [36mas[0m [33mReplyIcon[0m } [36mfrom[0m [32m'./icons/r...[0m
  [90m1330 |[0m ...[33mdeRoad[0m, [36mdefault[0m [36mas[0m [33mRoad[0m, [36mdefault[0m [36mas[0m [33mRoadIcon[0m } [36mfrom[0m [32m'./icons/road...[0m



Import traces:
  Client Component Browser:
    ./.gemini/antigravity/scratch/teacher-tracking/node_modules/lucide-react/dist/esm/lucide-react.mjs [Client Component Browser]
    ./.gemini/antigravity/scratch/teacher-tracking/src/components/pages/DailyTasksPage.tsx [Client Component Browser]
    ./.gemini/antigravity/scratch/teacher-tracking/src/components/AppShell.tsx [Client Component Browser]
    ./.gemini/antigravity/scratch/teacher-tracking/src/app/page.tsx [Client Component Browser]
    ./.gemini/antigravity/scratch/teacher-tracking/src/app/page.tsx [Server Component]

  Client Component SSR:
    ./.gemini/antigravity/scratch/teacher-tracking/node_modules/lucide-react/dist/esm/lucide-react.mjs [Client Component SSR]
    ./.gemini/antigravity/scratch/teacher-tracking/src/components/pages/DailyTasksPage.tsx [Client Component SSR]
    ./.gemini/antigravity/scratch/teacher-tracking/src/components/AppShell.tsx [Client Component SSR]
    ./.gemini/antigravity/scratch/teacher-tracking/src/app/page.tsx [Client Component SSR]
    ./.gemini/antigravity/scratch/teacher-tracking/src/app/page.tsx [Server Component]

https://nextjs.org/docs/messages/module-not-found


./.gemini/antigravity/scratch/teacher-tracking/node_modules/lucide-react/dist/esm/lucide-react.mjs:1329:1
Module not found: Can't resolve './icons/reply.mjs'
  [90m1327 |[0m ...[36mas[0m [33mLucideReplyAll[0m, [36mdefault[0m [36mas[0m [33mReplyAll[0m, [36mdefault[0m [36mas[0m [33mReplyAllIcon[0m }.[36m..[0m
  [90m1328 |[0m ...[36mas[0m [33mLucideRewind[0m, [36mdefault[0m [36mas[0m [33mRewind[0m, [36mdefault[0m [36mas[0m [33mRewindIcon[0m } [36mfrom[0m [32m...[0m
[31m[1m>[0m [90m1329 |[0m ...[36mas[0m [33mLucideReply[0m, [36mdefault[0m [36mas[0m [33mReply[0m, [36mdefault[0m [36mas[0m [33mReplyIcon[0m } [36mfrom[0m [32m'./...[0m
  [90m     |[0m    [31m[1m^^^^^^^^^^^^^^^^^^^^^^^^^^^^^^^^^^^^^^^^^^^^^^^^^^^^^^^^^^^^^^^^^^^^[0m
  [90m1330 |[0m ...[36mas[0m [33mLucideRoad[0m, [36mdefault[0m [36mas[0m [33mRoad[0m, [36mdefault[0m [36mas[0m [33mRoadIcon[0m } [36mfrom[0m [32m'./ico...[0m
  [90m1331 |[0m ...[36mas[0m [33mLucideRibbon[0m, [36mdefault[0m [36mas[0m [33mRibbon[0m, [36mdefault[0m [36mas[0m [33mRibbonIcon[0m } [36mfrom[0m [32m...[0m
  [90m1332 |[0m ...[36mas[0m [33mLucideRocket[0m, [36mdefault[0m [36mas[0m [33mRocket[0m, [36mdefault[0m [36mas[0m [33mRocketIcon[0m } [36mfrom[0m [32m...[0m



Import traces:
  Client Component Browser:
    ./.gemini/antigravity/scratch/teacher-tracking/node_modules/lucide-react/dist/esm/lucide-react.mjs [Client Component Browser]
    ./.gemini/antigravity/scratch/teacher-tracking/src/components/pages/DailyTasksPage.tsx [Client Component Browser]
    ./.gemini/antigravity/scratch/teacher-tracking/src/components/AppShell.tsx [Client Component Browser]
    ./.gemini/antigravity/scratch/teacher-tracking/src/app/page.tsx [Client Component Browser]
    ./.gemini/antigravity/scratch/teacher-tracking/src/app/page.tsx [Server Component]

  Client Component SSR:
    ./.gemini/antigravity/scratch/teacher-tracking/node_modules/lucide-react/dist/esm/lucide-react.mjs [Client Component SSR]
    ./.gemini/antigravity/scratch/teacher-tracking/src/components/pages/DailyTasksPage.tsx [Client Component SSR]
    ./.gemini/antigravity/scratch/teacher-tracking/src/components/AppShell.tsx [Client Component SSR]
    ./.gemini/antigravity/scratch/teacher-tracking/src/app/page.tsx [Client Component SSR]
    ./.gemini/antigravity/scratch/teacher-tracking/src/app/page.tsx [Server Component]

https://nextjs.org/docs/messages/module-not-found


./.gemini/antigravity/scratch/teacher-tracking/node_modules/lucide-react/dist/esm/lucide-react.mjs:1328:1
Module not found: Can't resolve './icons/rewind.mjs'
  [90m1326 |[0m ... [33mLucideReplace[0m, [36mdefault[0m [36mas[0m [33mReplace[0m, [36mdefault[0m [36mas[0m [33mReplaceIcon[0m } [36mfrom[0m.[32m..[0m
  [90m1327 |[0m ... [33mLucideReplyAll[0m, [36mdefault[0m [36mas[0m [33mReplyAll[0m, [36mdefault[0m [36mas[0m [33mReplyAllIcon[0m } [36mf...[0m
[31m[1m>[0m [90m1328 |[0m ... [33mLucideRewind[0m, [36mdefault[0m [36mas[0m [33mRewind[0m, [36mdefault[0m [36mas[0m [33mRewindIcon[0m } [36mfrom[0m [32m'....[0m
  [90m     |[0m    [31m[1m^^^^^^^^^^^^^^^^^^^^^^^^^^^^^^^^^^^^^^^^^^^^^^^^^^^^^^^^^^^^^^^^^^^^[0m
  [90m1329 |[0m ... [33mLucideReply[0m, [36mdefault[0m [36mas[0m [33mReply[0m, [36mdefault[0m [36mas[0m [33mReplyIcon[0m } [36mfrom[0m [32m'./ic...[0m
  [90m1330 |[0m ... [33mLucideRoad[0m, [36mdefault[0m [36mas[0m [33mRoad[0m, [36mdefault[0m [36mas[0m [33mRoadIcon[0m } [36mfrom[0m [32m'./icons...[0m
  [90m1331 |[0m ... [33mLucideRibbon[0m, [36mdefault[0m [36mas[0m [33mRibbon[0m, [36mdefault[0m [36mas[0m [33mRibbonIcon[0m } [36mfrom[0m [32m'....[0m



Import traces:
  Client Component Browser:
    ./.gemini/antigravity/scratch/teacher-tracking/node_modules/lucide-react/dist/esm/lucide-react.mjs [Client Component Browser]
    ./.gemini/antigravity/scratch/teacher-tracking/src/components/pages/DailyTasksPage.tsx [Client Component Browser]
    ./.gemini/antigravity/scratch/teacher-tracking/src/components/AppShell.tsx [Client Component Browser]
    ./.gemini/antigravity/scratch/teacher-tracking/src/app/page.tsx [Client Component Browser]
    ./.gemini/antigravity/scratch/teacher-tracking/src/app/page.tsx [Server Component]

  Client Component SSR:
    ./.gemini/antigravity/scratch/teacher-tracking/node_modules/lucide-react/dist/esm/lucide-react.mjs [Client Component SSR]
    ./.gemini/antigravity/scratch/teacher-tracking/src/components/pages/DailyTasksPage.tsx [Client Component SSR]
    ./.gemini/antigravity/scratch/teacher-tracking/src/components/AppShell.tsx [Client Component SSR]
    ./.gemini/antigravity/scratch/teacher-tracking/src/app/page.tsx [Client Component SSR]
    ./.gemini/antigravity/scratch/teacher-tracking/src/app/page.tsx [Server Component]

https://nextjs.org/docs/messages/module-not-found


./.gemini/antigravity/scratch/teacher-tracking/node_modules/lucide-react/dist/esm/lucide-react.mjs:1331:1
Module not found: Can't resolve './icons/ribbon.mjs'
  [90m1329 |[0m ... [33mLucideReply[0m, [36mdefault[0m [36mas[0m [33mReply[0m, [36mdefault[0m [36mas[0m [33mReplyIcon[0m } [36mfrom[0m [32m'./ic...[0m
  [90m1330 |[0m ... [33mLucideRoad[0m, [36mdefault[0m [36mas[0m [33mRoad[0m, [36mdefault[0m [36mas[0m [33mRoadIcon[0m } [36mfrom[0m [32m'./icons...[0m
[31m[1m>[0m [90m1331 |[0m ... [33mLucideRibbon[0m, [36mdefault[0m [36mas[0m [33mRibbon[0m, [36mdefault[0m [36mas[0m [33mRibbonIcon[0m } [36mfrom[0m [32m'....[0m
  [90m     |[0m    [31m[1m^^^^^^^^^^^^^^^^^^^^^^^^^^^^^^^^^^^^^^^^^^^^^^^^^^^^^^^^^^^^^^^^^^^^[0m
  [90m1332 |[0m ... [33mLucideRocket[0m, [36mdefault[0m [36mas[0m [33mRocket[0m, [36mdefault[0m [36mas[0m [33mRocketIcon[0m } [36mfrom[0m [32m'....[0m
  [90m1333 |[0m ... [33mLucideRockingChair[0m, [36mdefault[0m [36mas[0m [33mRockingChair[0m, [36mdefault[0m [36mas[0m [33mRockingC...[0m
  [90m1334 |[0m ... [33mLucideRollerCoaster[0m, [36mdefault[0m [36mas[0m [33mRollerCoaster[0m, [36mdefault[0m [36mas[0m [33mRoller...[0m



Import traces:
  Client Component Browser:
    ./.gemini/antigravity/scratch/teacher-tracking/node_modules/lucide-react/dist/esm/lucide-react.mjs [Client Component Browser]
    ./.gemini/antigravity/scratch/teacher-tracking/src/components/pages/DailyTasksPage.tsx [Client Component Browser]
    ./.gemini/antigravity/scratch/teacher-tracking/src/components/AppShell.tsx [Client Component Browser]
    ./.gemini/antigravity/scratch/teacher-tracking/src/app/page.tsx [Client Component Browser]
    ./.gemini/antigravity/scratch/teacher-tracking/src/app/page.tsx [Server Component]

  Client Component SSR:
    ./.gemini/antigravity/scratch/teacher-tracking/node_modules/lucide-react/dist/esm/lucide-react.mjs [Client Component SSR]
    ./.gemini/antigravity/scratch/teacher-tracking/src/components/pages/DailyTasksPage.tsx [Client Component SSR]
    ./.gemini/antigravity/scratch/teacher-tracking/src/components/AppShell.tsx [Client Component SSR]
    ./.gemini/antigravity/scratch/teacher-tracking/src/app/page.tsx [Client Component SSR]
    ./.gemini/antigravity/scratch/teacher-tracking/src/app/page.tsx [Server Component]

https://nextjs.org/docs/messages/module-not-found


./.gemini/antigravity/scratch/teacher-tracking/node_modules/lucide-react/dist/esm/lucide-react.mjs:1330:1
Module not found: Can't resolve './icons/road.mjs'
  [90m1328 |[0m ...[36mt[0m [36mas[0m [33mLucideRewind[0m, [36mdefault[0m [36mas[0m [33mRewind[0m, [36mdefault[0m [36mas[0m [33mRewindIcon[0m } [36mfro.[0m.[32m.[0m
  [90m1329 |[0m ...[36mt[0m [36mas[0m [33mLucideReply[0m, [36mdefault[0m [36mas[0m [33mReply[0m, [36mdefault[0m [36mas[0m [33mReplyIcon[0m } [36mfrom[0m [32m'...[0m
[31m[1m>[0m [90m1330 |[0m ...[36mt[0m [36mas[0m [33mLucideRoad[0m, [36mdefault[0m [36mas[0m [33mRoad[0m, [36mdefault[0m [36mas[0m [33mRoadIcon[0m } [36mfrom[0m [32m'./i...[0m
  [90m     |[0m    [31m[1m^^^^^^^^^^^^^^^^^^^^^^^^^^^^^^^^^^^^^^^^^^^^^^^^^^^^^^^^^^^^^^^^^^^^[0m
  [90m1331 |[0m ...[36mt[0m [36mas[0m [33mLucideRibbon[0m, [36mdefault[0m [36mas[0m [33mRibbon[0m, [36mdefault[0m [36mas[0m [33mRibbonIcon[0m } [36mfro.[0m.[32m.[0m
  [90m1332 |[0m ...[36mt[0m [36mas[0m [33mLucideRocket[0m, [36mdefault[0m [36mas[0m [33mRocket[0m, [36mdefault[0m [36mas[0m [33mRocketIcon[0m } [36mfro.[0m.[32m.[0m
  [90m1333 |[0m ...[36mt[0m [36mas[0m [33mLucideRockingChair[0m, [36mdefault[0m [36mas[0m [33mRockingChair[0m, [36mdefault[0m [36mas[0m [33mRock...[0m



Import traces:
  Client Component Browser:
    ./.gemini/antigravity/scratch/teacher-tracking/node_modules/lucide-react/dist/esm/lucide-react.mjs [Client Component Browser]
    ./.gemini/antigravity/scratch/teacher-tracking/src/components/pages/DailyTasksPage.tsx [Client Component Browser]
    ./.gemini/antigravity/scratch/teacher-tracking/src/components/AppShell.tsx [Client Component Browser]
    ./.gemini/antigravity/scratch/teacher-tracking/src/app/page.tsx [Client Component Browser]
    ./.gemini/antigravity/scratch/teacher-tracking/src/app/page.tsx [Server Component]

  Client Component SSR:
    ./.gemini/antigravity/scratch/teacher-tracking/node_modules/lucide-react/dist/esm/lucide-react.mjs [Client Component SSR]
    ./.gemini/antigravity/scratch/teacher-tracking/src/components/pages/DailyTasksPage.tsx [Client Component SSR]
    ./.gemini/antigravity/scratch/teacher-tracking/src/components/AppShell.tsx [Client Component SSR]
    ./.gemini/antigravity/scratch/teacher-tracking/src/app/page.tsx [Client Component SSR]
    ./.gemini/antigravity/scratch/teacher-tracking/src/app/page.tsx [Server Component]

https://nextjs.org/docs/messages/module-not-found


./.gemini/antigravity/scratch/teacher-tracking/node_modules/lucide-react/dist/esm/lucide-react.mjs:1332:1
Module not found: Can't resolve './icons/rocket.mjs'
  [90m1330 |[0m ... [33mLucideRoad[0m, [36mdefault[0m [36mas[0m [33mRoad[0m, [36mdefault[0m [36mas[0m [33mRoadIcon[0m } [36mfrom[0m [32m'./icons...[0m
  [90m1331 |[0m ... [33mLucideRibbon[0m, [36mdefault[0m [36mas[0m [33mRibbon[0m, [36mdefault[0m [36mas[0m [33mRibbonIcon[0m } [36mfrom[0m [32m'....[0m
[31m[1m>[0m [90m1332 |[0m ... [33mLucideRocket[0m, [36mdefault[0m [36mas[0m [33mRocket[0m, [36mdefault[0m [36mas[0m [33mRocketIcon[0m } [36mfrom[0m [32m'....[0m
  [90m     |[0m    [31m[1m^^^^^^^^^^^^^^^^^^^^^^^^^^^^^^^^^^^^^^^^^^^^^^^^^^^^^^^^^^^^^^^^^^^^[0m
  [90m1333 |[0m ... [33mLucideRockingChair[0m, [36mdefault[0m [36mas[0m [33mRockingChair[0m, [36mdefault[0m [36mas[0m [33mRockingC...[0m
  [90m1334 |[0m ... [33mLucideRollerCoaster[0m, [36mdefault[0m [36mas[0m [33mRollerCoaster[0m, [36mdefault[0m [36mas[0m [33mRoller...[0m
  [90m1335 |[0m ... [33mLucideRotateCcwKey[0m, [36mdefault[0m [36mas[0m [33mRotateCcwKey[0m, [36mdefault[0m [36mas[0m [33mRotateCc...[0m



Import traces:
  Client Component Browser:
    ./.gemini/antigravity/scratch/teacher-tracking/node_modules/lucide-react/dist/esm/lucide-react.mjs [Client Component Browser]
    ./.gemini/antigravity/scratch/teacher-tracking/src/components/pages/DailyTasksPage.tsx [Client Component Browser]
    ./.gemini/antigravity/scratch/teacher-tracking/src/components/AppShell.tsx [Client Component Browser]
    ./.gemini/antigravity/scratch/teacher-tracking/src/app/page.tsx [Client Component Browser]
    ./.gemini/antigravity/scratch/teacher-tracking/src/app/page.tsx [Server Component]

  Client Component SSR:
    ./.gemini/antigravity/scratch/teacher-tracking/node_modules/lucide-react/dist/esm/lucide-react.mjs [Client Component SSR]
    ./.gemini/antigravity/scratch/teacher-tracking/src/components/pages/DailyTasksPage.tsx [Client Component SSR]
    ./.gemini/antigravity/scratch/teacher-tracking/src/components/AppShell.tsx [Client Component SSR]
    ./.gemini/antigravity/scratch/teacher-tracking/src/app/page.tsx [Client Component SSR]
    ./.gemini/antigravity/scratch/teacher-tracking/src/app/page.tsx [Server Component]

https://nextjs.org/docs/messages/module-not-found


./.gemini/antigravity/scratch/teacher-tracking/node_modules/lucide-react/dist/esm/lucide-react.mjs:1333:1
Module not found: Can't resolve './icons/rocking-chair.mjs'
  [90m1331 |[0m ..., [36mdefault[0m [36mas[0m [33mRibbon[0m, [36mdefault[0m [36mas[0m [33mRibbonIcon[0m } [36mfrom[0m [32m'./icons/ribbon...[0m
  [90m1332 |[0m ..., [36mdefault[0m [36mas[0m [33mRocket[0m, [36mdefault[0m [36mas[0m [33mRocketIcon[0m } [36mfrom[0m [32m'./icons/rocket...[0m
[31m[1m>[0m [90m1333 |[0m ...[33mgChair[0m, [36mdefault[0m [36mas[0m [33mRockingChair[0m, [36mdefault[0m [36mas[0m [33mRockingChairIcon[0m } [36mfr..[0m.
  [90m     |[0m    [31m[1m^^^^^^^^^^^^^^^^^^^^^^^^^^^^^^^^^^^^^^^^^^^^^^^^^^^^^^^^^^^^^^^^^^^^[0m
  [90m1334 |[0m ...[33mCoaster[0m, [36mdefault[0m [36mas[0m [33mRollerCoaster[0m, [36mdefault[0m [36mas[0m [33mRollerCoasterIcon[0m }.[36m..[0m
  [90m1335 |[0m ...[33mCcwKey[0m, [36mdefault[0m [36mas[0m [33mRotateCcwKey[0m, [36mdefault[0m [36mas[0m [33mRotateCcwKeyIcon[0m } [36mfr..[0m.
  [90m1336 |[0m ...[33mCcwSquare[0m, [36mdefault[0m [36mas[0m [33mRotateCcwSquare[0m, [36mdefault[0m [36mas[0m [33mRotateCcwSquare...[0m



Import traces:
  Client Component Browser:
    ./.gemini/antigravity/scratch/teacher-tracking/node_modules/lucide-react/dist/esm/lucide-react.mjs [Client Component Browser]
    ./.gemini/antigravity/scratch/teacher-tracking/src/components/pages/DailyTasksPage.tsx [Client Component Browser]
    ./.gemini/antigravity/scratch/teacher-tracking/src/components/AppShell.tsx [Client Component Browser]
    ./.gemini/antigravity/scratch/teacher-tracking/src/app/page.tsx [Client Component Browser]
    ./.gemini/antigravity/scratch/teacher-tracking/src/app/page.tsx [Server Component]

  Client Component SSR:
    ./.gemini/antigravity/scratch/teacher-tracking/node_modules/lucide-react/dist/esm/lucide-react.mjs [Client Component SSR]
    ./.gemini/antigravity/scratch/teacher-tracking/src/components/pages/DailyTasksPage.tsx [Client Component SSR]
    ./.gemini/antigravity/scratch/teacher-tracking/src/components/AppShell.tsx [Client Component SSR]
    ./.gemini/antigravity/scratch/teacher-tracking/src/app/page.tsx [Client Component SSR]
    ./.gemini/antigravity/scratch/teacher-tracking/src/app/page.tsx [Server Component]

https://nextjs.org/docs/messages/module-not-found


./.gemini/antigravity/scratch/teacher-tracking/node_modules/lucide-react/dist/esm/lucide-react.mjs:1334:1
Module not found: Can't resolve './icons/roller-coaster.mjs'
  [90m1332 |[0m ...[36mdefault[0m [36mas[0m [33mRocket[0m, [36mdefault[0m [36mas[0m [33mRocketIcon[0m } [36mfrom[0m [32m'./icons/rocket.m...[0m
  [90m1333 |[0m ...[33mhair[0m, [36mdefault[0m [36mas[0m [33mRockingChair[0m, [36mdefault[0m [36mas[0m [33mRockingChairIcon[0m } [36mfrom[0m.[32m..[0m
[31m[1m>[0m [90m1334 |[0m ...[33master[0m, [36mdefault[0m [36mas[0m [33mRollerCoaster[0m, [36mdefault[0m [36mas[0m [33mRollerCoasterIcon[0m } [36mf...[0m
  [90m     |[0m    [31m[1m^^^^^^^^^^^^^^^^^^^^^^^^^^^^^^^^^^^^^^^^^^^^^^^^^^^^^^^^^^^^^^^^^^^^[0m
  [90m1335 |[0m ...[33mwKey[0m, [36mdefault[0m [36mas[0m [33mRotateCcwKey[0m, [36mdefault[0m [36mas[0m [33mRotateCcwKeyIcon[0m } [36mfrom[0m.[32m..[0m
  [90m1336 |[0m ...[33mwSquare[0m, [36mdefault[0m [36mas[0m [33mRotateCcwSquare[0m, [36mdefault[0m [36mas[0m [33mRotateCcwSquareIc..[0m.
  [90m1337 |[0m ...[36mfault[0m [36mas[0m [33mRose[0m, [36mdefault[0m [36mas[0m [33mRoseIcon[0m } [36mfrom[0m [32m'./icons/rose.mjs'[0m;



Import traces:
  Client Component Browser:
    ./.gemini/antigravity/scratch/teacher-tracking/node_modules/lucide-react/dist/esm/lucide-react.mjs [Client Component Browser]
    ./.gemini/antigravity/scratch/teacher-tracking/src/components/pages/DailyTasksPage.tsx [Client Component Browser]
    ./.gemini/antigravity/scratch/teacher-tracking/src/components/AppShell.tsx [Client Component Browser]
    ./.gemini/antigravity/scratch/teacher-tracking/src/app/page.tsx [Client Component Browser]
    ./.gemini/antigravity/scratch/teacher-tracking/src/app/page.tsx [Server Component]

  Client Component SSR:
    ./.gemini/antigravity/scratch/teacher-tracking/node_modules/lucide-react/dist/esm/lucide-react.mjs [Client Component SSR]
    ./.gemini/antigravity/scratch/teacher-tracking/src/components/pages/DailyTasksPage.tsx [Client Component SSR]
    ./.gemini/antigravity/scratch/teacher-tracking/src/components/AppShell.tsx [Client Component SSR]
    ./.gemini/antigravity/scratch/teacher-tracking/src/app/page.tsx [Client Component SSR]
    ./.gemini/antigravity/scratch/teacher-tracking/src/app/page.tsx [Server Component]

https://nextjs.org/docs/messages/module-not-found


./.gemini/antigravity/scratch/teacher-tracking/node_modules/lucide-react/dist/esm/lucide-react.mjs:1337:1
Module not found: Can't resolve './icons/rose.mjs'
  [90m1335 |[0m ...[36mt[0m [36mas[0m [33mLucideRotateCcwKey[0m, [36mdefault[0m [36mas[0m [33mRotateCcwKey[0m, [36mdefault[0m [36mas[0m [33mRota...[0m
  [90m1336 |[0m ...[36mt[0m [36mas[0m [33mLucideRotateCcwSquare[0m, [36mdefault[0m [36mas[0m [33mRotateCcwSquare[0m, [36mdefault[0m [36ma.[0m.[33m.[0m
[31m[1m>[0m [90m1337 |[0m ...[36mt[0m [36mas[0m [33mLucideRose[0m, [36mdefault[0m [36mas[0m [33mRose[0m, [36mdefault[0m [36mas[0m [33mRoseIcon[0m } [36mfrom[0m [32m'./i...[0m
  [90m     |[0m    [31m[1m^^^^^^^^^^^^^^^^^^^^^^^^^^^^^^^^^^^^^^^^^^^^^^^^^^^^^^^^^^^^^^^^^^^^[0m
  [90m1338 |[0m ...[36mt[0m [36mas[0m [33mLucideRotateCcw[0m, [36mdefault[0m [36mas[0m [33mRotateCcw[0m, [36mdefault[0m [36mas[0m [33mRotateCcwI...[0m
  [90m1339 |[0m ...[36mt[0m [36mas[0m [33mLucideRotateCw[0m, [36mdefault[0m [36mas[0m [33mRotateCw[0m, [36mdefault[0m [36mas[0m [33mRotateCwIcon[0m...
  [90m1340 |[0m ...[36mt[0m [36mas[0m [33mLucideRouteOff[0m, [36mdefault[0m [36mas[0m [33mRouteOff[0m, [36mdefault[0m [36mas[0m [33mRouteOffIcon[0m...



Import traces:
  Client Component Browser:
    ./.gemini/antigravity/scratch/teacher-tracking/node_modules/lucide-react/dist/esm/lucide-react.mjs [Client Component Browser]
    ./.gemini/antigravity/scratch/teacher-tracking/src/components/pages/DailyTasksPage.tsx [Client Component Browser]
    ./.gemini/antigravity/scratch/teacher-tracking/src/components/AppShell.tsx [Client Component Browser]
    ./.gemini/antigravity/scratch/teacher-tracking/src/app/page.tsx [Client Component Browser]
    ./.gemini/antigravity/scratch/teacher-tracking/src/app/page.tsx [Server Component]

  Client Component SSR:
    ./.gemini/antigravity/scratch/teacher-tracking/node_modules/lucide-react/dist/esm/lucide-react.mjs [Client Component SSR]
    ./.gemini/antigravity/scratch/teacher-tracking/src/components/pages/DailyTasksPage.tsx [Client Component SSR]
    ./.gemini/antigravity/scratch/teacher-tracking/src/components/AppShell.tsx [Client Component SSR]
    ./.gemini/antigravity/scratch/teacher-tracking/src/app/page.tsx [Client Component SSR]
    ./.gemini/antigravity/scratch/teacher-tracking/src/app/page.tsx [Server Component]

https://nextjs.org/docs/messages/module-not-found


./.gemini/antigravity/scratch/teacher-tracking/node_modules/lucide-react/dist/esm/lucide-react.mjs:155:1
Module not found: Can't resolve './icons/rotate-3d.mjs'
  [90m153 |[0m ...[33m2[0m, [36mdefault[0m [36mas[0m [33mPlugZap[0m, [36mdefault[0m [36mas[0m [33mPlugZap2[0m, [36mdefault[0m [36mas[0m [33mPlugZap2Ico.[0m..
  [90m154 |[0m ...[36mfault[0m [36mas[0m [33mLucideFormInput[0m, [36mdefault[0m [36mas[0m [33mLucideRectangleEllipsis[0m, [36mdefa...[0m
[31m[1m>[0m [90m155 |[0m ...[33m3d[0m, [36mdefault[0m [36mas[0m [33mRotate3D[0m, [36mdefault[0m [36mas[0m [33mRotate3DIcon[0m, [36mdefault[0m [36mas[0m [33mRotat...[0m
  [90m    |[0m    [31m[1m^^^^^^^^^^^^^^^^^^^^^^^^^^^^^^^^^^^^^^^^^^^^^^^^^^^^^^^^^^^^^^^^^^^^^[0m
  [90m156 |[0m ...[36mault[0m [36mas[0m [33mRows[0m, [36mdefault[0m [36mas[0m [33mRows2[0m, [36mdefault[0m [36mas[0m [33mRows2Icon[0m, [36mdefault[0m [36mas[0m [33mR...[0m
  [90m157 |[0m ...[33meRows3[0m, [36mdefault[0m [36mas[0m [33mPanelsTopBottom[0m, [36mdefault[0m [36mas[0m [33mPanelsTopBottomIcon[0m..[36m.[0m
  [90m158 |[0m ..., [36mdefault[0m [36mas[0m [33mScale3D[0m, [36mdefault[0m [36mas[0m [33mScale3DIcon[0m, [36mdefault[0m [36mas[0m [33mScale3d[0m, ...



Import traces:
  Client Component Browser:
    ./.gemini/antigravity/scratch/teacher-tracking/node_modules/lucide-react/dist/esm/lucide-react.mjs [Client Component Browser]
    ./.gemini/antigravity/scratch/teacher-tracking/src/components/pages/DailyTasksPage.tsx [Client Component Browser]
    ./.gemini/antigravity/scratch/teacher-tracking/src/components/AppShell.tsx [Client Component Browser]
    ./.gemini/antigravity/scratch/teacher-tracking/src/app/page.tsx [Client Component Browser]
    ./.gemini/antigravity/scratch/teacher-tracking/src/app/page.tsx [Server Component]

  Client Component SSR:
    ./.gemini/antigravity/scratch/teacher-tracking/node_modules/lucide-react/dist/esm/lucide-react.mjs [Client Component SSR]
    ./.gemini/antigravity/scratch/teacher-tracking/src/components/pages/DailyTasksPage.tsx [Client Component SSR]
    ./.gemini/antigravity/scratch/teacher-tracking/src/components/AppShell.tsx [Client Component SSR]
    ./.gemini/antigravity/scratch/teacher-tracking/src/app/page.tsx [Client Component SSR]
    ./.gemini/antigravity/scratch/teacher-tracking/src/app/page.tsx [Server Component]

https://nextjs.org/docs/messages/module-not-found


./.gemini/antigravity/scratch/teacher-tracking/node_modules/lucide-react/dist/esm/lucide-react.mjs:1335:1
Module not found: Can't resolve './icons/rotate-ccw-key.mjs'
  [90m1333 |[0m ...[33mgChair[0m, [36mdefault[0m [36mas[0m [33mRockingChair[0m, [36mdefault[0m [36mas[0m [33mRockingChairIcon[0m } [36mfr..[0m.
  [90m1334 |[0m ...[33mCoaster[0m, [36mdefault[0m [36mas[0m [33mRollerCoaster[0m, [36mdefault[0m [36mas[0m [33mRollerCoasterIcon[0m }.[36m..[0m
[31m[1m>[0m [90m1335 |[0m ...[33mCcwKey[0m, [36mdefault[0m [36mas[0m [33mRotateCcwKey[0m, [36mdefault[0m [36mas[0m [33mRotateCcwKeyIcon[0m } [36mfr..[0m.
  [90m     |[0m    [31m[1m^^^^^^^^^^^^^^^^^^^^^^^^^^^^^^^^^^^^^^^^^^^^^^^^^^^^^^^^^^^^^^^^^^^^[0m
  [90m1336 |[0m ...[33mCcwSquare[0m, [36mdefault[0m [36mas[0m [33mRotateCcwSquare[0m, [36mdefault[0m [36mas[0m [33mRotateCcwSquare...[0m
  [90m1337 |[0m ...[36mdefault[0m [36mas[0m [33mRose[0m, [36mdefault[0m [36mas[0m [33mRoseIcon[0m } [36mfrom[0m [32m'./icons/rose.mjs'[0m;
  [90m1338 |[0m ...[33mCcw[0m, [36mdefault[0m [36mas[0m [33mRotateCcw[0m, [36mdefault[0m [36mas[0m [33mRotateCcwIcon[0m } [36mfrom[0m [32m'./ico...[0m



Import traces:
  Client Component Browser:
    ./.gemini/antigravity/scratch/teacher-tracking/node_modules/lucide-react/dist/esm/lucide-react.mjs [Client Component Browser]
    ./.gemini/antigravity/scratch/teacher-tracking/src/components/pages/DailyTasksPage.tsx [Client Component Browser]
    ./.gemini/antigravity/scratch/teacher-tracking/src/components/AppShell.tsx [Client Component Browser]
    ./.gemini/antigravity/scratch/teacher-tracking/src/app/page.tsx [Client Component Browser]
    ./.gemini/antigravity/scratch/teacher-tracking/src/app/page.tsx [Server Component]

  Client Component SSR:
    ./.gemini/antigravity/scratch/teacher-tracking/node_modules/lucide-react/dist/esm/lucide-react.mjs [Client Component SSR]
    ./.gemini/antigravity/scratch/teacher-tracking/src/components/pages/DailyTasksPage.tsx [Client Component SSR]
    ./.gemini/antigravity/scratch/teacher-tracking/src/components/AppShell.tsx [Client Component SSR]
    ./.gemini/antigravity/scratch/teacher-tracking/src/app/page.tsx [Client Component SSR]
    ./.gemini/antigravity/scratch/teacher-tracking/src/app/page.tsx [Server Component]

https://nextjs.org/docs/messages/module-not-found


./.gemini/antigravity/scratch/teacher-tracking/node_modules/lucide-react/dist/esm/lucide-react.mjs:1336:1
Module not found: Can't resolve './icons/rotate-ccw-square.mjs'
  [90m1334 |[0m ...[33mr[0m, [36mdefault[0m [36mas[0m [33mRollerCoaster[0m, [36mdefault[0m [36mas[0m [33mRollerCoasterIcon[0m } [36mfrom[0m [32m...[0m
  [90m1335 |[0m ..., [36mdefault[0m [36mas[0m [33mRotateCcwKey[0m, [36mdefault[0m [36mas[0m [33mRotateCcwKeyIcon[0m } [36mfrom[0m [32m'./...[0m
[31m[1m>[0m [90m1336 |[0m ...[33mare[0m, [36mdefault[0m [36mas[0m [33mRotateCcwSquare[0m, [36mdefault[0m [36mas[0m [33mRotateCcwSquareIcon[0m }.[36m..[0m
  [90m     |[0m    [31m[1m^^^^^^^^^^^^^^^^^^^^^^^^^^^^^^^^^^^^^^^^^^^^^^^^^^^^^^^^^^^^^^^^^^^^[0m
  [90m1337 |[0m ...[36mt[0m [36mas[0m [33mRose[0m, [36mdefault[0m [36mas[0m [33mRoseIcon[0m } [36mfrom[0m [32m'./icons/rose.mjs'[0m;
  [90m1338 |[0m ...[36mefault[0m [36mas[0m [33mRotateCcw[0m, [36mdefault[0m [36mas[0m [33mRotateCcwIcon[0m } [36mfrom[0m [32m'./icons/rot...[0m
  [90m1339 |[0m ...[36mfault[0m [36mas[0m [33mRotateCw[0m, [36mdefault[0m [36mas[0m [33mRotateCwIcon[0m } [36mfrom[0m [32m'./icons/rotate...[0m



Import traces:
  Client Component Browser:
    ./.gemini/antigravity/scratch/teacher-tracking/node_modules/lucide-react/dist/esm/lucide-react.mjs [Client Component Browser]
    ./.gemini/antigravity/scratch/teacher-tracking/src/components/pages/DailyTasksPage.tsx [Client Component Browser]
    ./.gemini/antigravity/scratch/teacher-tracking/src/components/AppShell.tsx [Client Component Browser]
    ./.gemini/antigravity/scratch/teacher-tracking/src/app/page.tsx [Client Component Browser]
    ./.gemini/antigravity/scratch/teacher-tracking/src/app/page.tsx [Server Component]

  Client Component SSR:
    ./.gemini/antigravity/scratch/teacher-tracking/node_modules/lucide-react/dist/esm/lucide-react.mjs [Client Component SSR]
    ./.gemini/antigravity/scratch/teacher-tracking/src/components/pages/DailyTasksPage.tsx [Client Component SSR]
    ./.gemini/antigravity/scratch/teacher-tracking/src/components/AppShell.tsx [Client Component SSR]
    ./.gemini/antigravity/scratch/teacher-tracking/src/app/page.tsx [Client Component SSR]
    ./.gemini/antigravity/scratch/teacher-tracking/src/app/page.tsx [Server Component]

https://nextjs.org/docs/messages/module-not-found


./.gemini/antigravity/scratch/teacher-tracking/node_modules/lucide-react/dist/esm/lucide-react.mjs:1338:1
Module not found: Can't resolve './icons/rotate-ccw.mjs'
  [90m1336 |[0m ...[33mRotateCcwSquare[0m, [36mdefault[0m [36mas[0m [33mRotateCcwSquare[0m, [36mdefault[0m [36mas[0m [33mRotateCcw...[0m
  [90m1337 |[0m ...[33mRose[0m, [36mdefault[0m [36mas[0m [33mRose[0m, [36mdefault[0m [36mas[0m [33mRoseIcon[0m } [36mfrom[0m [32m'./icons/rose.m...[0m
[31m[1m>[0m [90m1338 |[0m ...[33mRotateCcw[0m, [36mdefault[0m [36mas[0m [33mRotateCcw[0m, [36mdefault[0m [36mas[0m [33mRotateCcwIcon[0m } [36mfrom[0m [32m...[0m
  [90m     |[0m    [31m[1m^^^^^^^^^^^^^^^^^^^^^^^^^^^^^^^^^^^^^^^^^^^^^^^^^^^^^^^^^^^^^^^^^^^^[0m
  [90m1339 |[0m ...[33mRotateCw[0m, [36mdefault[0m [36mas[0m [33mRotateCw[0m, [36mdefault[0m [36mas[0m [33mRotateCwIcon[0m } [36mfrom[0m [32m'./...[0m
  [90m1340 |[0m ...[33mRouteOff[0m, [36mdefault[0m [36mas[0m [33mRouteOff[0m, [36mdefault[0m [36mas[0m [33mRouteOffIcon[0m } [36mfrom[0m [32m'./...[0m
  [90m1341 |[0m ...[33mRotateCwSquare[0m, [36mdefault[0m [36mas[0m [33mRotateCwSquare[0m, [36mdefault[0m [36mas[0m [33mRotateCwSqu...[0m



Import traces:
  Client Component Browser:
    ./.gemini/antigravity/scratch/teacher-tracking/node_modules/lucide-react/dist/esm/lucide-react.mjs [Client Component Browser]
    ./.gemini/antigravity/scratch/teacher-tracking/src/components/pages/DailyTasksPage.tsx [Client Component Browser]
    ./.gemini/antigravity/scratch/teacher-tracking/src/components/AppShell.tsx [Client Component Browser]
    ./.gemini/antigravity/scratch/teacher-tracking/src/app/page.tsx [Client Component Browser]
    ./.gemini/antigravity/scratch/teacher-tracking/src/app/page.tsx [Server Component]

  Client Component SSR:
    ./.gemini/antigravity/scratch/teacher-tracking/node_modules/lucide-react/dist/esm/lucide-react.mjs [Client Component SSR]
    ./.gemini/antigravity/scratch/teacher-tracking/src/components/pages/DailyTasksPage.tsx [Client Component SSR]
    ./.gemini/antigravity/scratch/teacher-tracking/src/components/AppShell.tsx [Client Component SSR]
    ./.gemini/antigravity/scratch/teacher-tracking/src/app/page.tsx [Client Component SSR]
    ./.gemini/antigravity/scratch/teacher-tracking/src/app/page.tsx [Server Component]

https://nextjs.org/docs/messages/module-not-found


./.gemini/antigravity/scratch/teacher-tracking/node_modules/lucide-react/dist/esm/lucide-react.mjs:1341:1
Module not found: Can't resolve './icons/rotate-cw-square.mjs'
  [90m1339 |[0m ...[36mdefault[0m [36mas[0m [33mRotateCw[0m, [36mdefault[0m [36mas[0m [33mRotateCwIcon[0m } [36mfrom[0m [32m'./icons/rota...[0m
  [90m1340 |[0m ...[36mdefault[0m [36mas[0m [33mRouteOff[0m, [36mdefault[0m [36mas[0m [33mRouteOffIcon[0m } [36mfrom[0m [32m'./icons/rout...[0m
[31m[1m>[0m [90m1341 |[0m ...[33muare[0m, [36mdefault[0m [36mas[0m [33mRotateCwSquare[0m, [36mdefault[0m [36mas[0m [33mRotateCwSquareIcon[0m } [36m...[0m
  [90m     |[0m    [31m[1m^^^^^^^^^^^^^^^^^^^^^^^^^^^^^^^^^^^^^^^^^^^^^^^^^^^^^^^^^^^^^^^^^^^^[0m
  [90m1342 |[0m ...[36mault[0m [36mas[0m [33mRoute[0m, [36mdefault[0m [36mas[0m [33mRouteIcon[0m } [36mfrom[0m [32m'./icons/route.mjs'[0m;
  [90m1343 |[0m ...[36mfault[0m [36mas[0m [33mRouter[0m, [36mdefault[0m [36mas[0m [33mRouterIcon[0m } [36mfrom[0m [32m'./icons/router.mjs'[0m;
  [90m1344 |[0m ...[36mault[0m [36mas[0m [33mRows4[0m, [36mdefault[0m [36mas[0m [33mRows4Icon[0m } [36mfrom[0m [32m'./icons/rows-4.mjs'[0m;



Import traces:
  Client Component Browser:
    ./.gemini/antigravity/scratch/teacher-tracking/node_modules/lucide-react/dist/esm/lucide-react.mjs [Client Component Browser]
    ./.gemini/antigravity/scratch/teacher-tracking/src/components/pages/DailyTasksPage.tsx [Client Component Browser]
    ./.gemini/antigravity/scratch/teacher-tracking/src/components/AppShell.tsx [Client Component Browser]
    ./.gemini/antigravity/scratch/teacher-tracking/src/app/page.tsx [Client Component Browser]
    ./.gemini/antigravity/scratch/teacher-tracking/src/app/page.tsx [Server Component]

  Client Component SSR:
    ./.gemini/antigravity/scratch/teacher-tracking/node_modules/lucide-react/dist/esm/lucide-react.mjs [Client Component SSR]
    ./.gemini/antigravity/scratch/teacher-tracking/src/components/pages/DailyTasksPage.tsx [Client Component SSR]
    ./.gemini/antigravity/scratch/teacher-tracking/src/components/AppShell.tsx [Client Component SSR]
    ./.gemini/antigravity/scratch/teacher-tracking/src/app/page.tsx [Client Component SSR]
    ./.gemini/antigravity/scratch/teacher-tracking/src/app/page.tsx [Server Component]

https://nextjs.org/docs/messages/module-not-found


./.gemini/antigravity/scratch/teacher-tracking/node_modules/lucide-react/dist/esm/lucide-react.mjs:1339:1
Module not found: Can't resolve './icons/rotate-cw.mjs'
  [90m1337 |[0m ...[33mdeRose[0m, [36mdefault[0m [36mas[0m [33mRose[0m, [36mdefault[0m [36mas[0m [33mRoseIcon[0m } [36mfrom[0m [32m'./icons/rose...[0m
  [90m1338 |[0m ...[33mdeRotateCcw[0m, [36mdefault[0m [36mas[0m [33mRotateCcw[0m, [36mdefault[0m [36mas[0m [33mRotateCcwIcon[0m } [36mfro.[0m.[32m.[0m
[31m[1m>[0m [90m1339 |[0m ...[33mdeRotateCw[0m, [36mdefault[0m [36mas[0m [33mRotateCw[0m, [36mdefault[0m [36mas[0m [33mRotateCwIcon[0m } [36mfrom[0m [32m'...[0m
  [90m     |[0m    [31m[1m^^^^^^^^^^^^^^^^^^^^^^^^^^^^^^^^^^^^^^^^^^^^^^^^^^^^^^^^^^^^^^^^^^^^[0m
  [90m1340 |[0m ...[33mdeRouteOff[0m, [36mdefault[0m [36mas[0m [33mRouteOff[0m, [36mdefault[0m [36mas[0m [33mRouteOffIcon[0m } [36mfrom[0m [32m'...[0m
  [90m1341 |[0m ...[33mdeRotateCwSquare[0m, [36mdefault[0m [36mas[0m [33mRotateCwSquare[0m, [36mdefault[0m [36mas[0m [33mRotateCwS...[0m
  [90m1342 |[0m ...[33mdeRoute[0m, [36mdefault[0m [36mas[0m [33mRoute[0m, [36mdefault[0m [36mas[0m [33mRouteIcon[0m } [36mfrom[0m [32m'./icons/r...[0m



Import traces:
  Client Component Browser:
    ./.gemini/antigravity/scratch/teacher-tracking/node_modules/lucide-react/dist/esm/lucide-react.mjs [Client Component Browser]
    ./.gemini/antigravity/scratch/teacher-tracking/src/components/pages/DailyTasksPage.tsx [Client Component Browser]
    ./.gemini/antigravity/scratch/teacher-tracking/src/components/AppShell.tsx [Client Component Browser]
    ./.gemini/antigravity/scratch/teacher-tracking/src/app/page.tsx [Client Component Browser]
    ./.gemini/antigravity/scratch/teacher-tracking/src/app/page.tsx [Server Component]

  Client Component SSR:
    ./.gemini/antigravity/scratch/teacher-tracking/node_modules/lucide-react/dist/esm/lucide-react.mjs [Client Component SSR]
    ./.gemini/antigravity/scratch/teacher-tracking/src/components/pages/DailyTasksPage.tsx [Client Component SSR]
    ./.gemini/antigravity/scratch/teacher-tracking/src/components/AppShell.tsx [Client Component SSR]
    ./.gemini/antigravity/scratch/teacher-tracking/src/app/page.tsx [Client Component SSR]
    ./.gemini/antigravity/scratch/teacher-tracking/src/app/page.tsx [Server Component]

https://nextjs.org/docs/messages/module-not-found


./.gemini/antigravity/scratch/teacher-tracking/node_modules/lucide-react/dist/esm/lucide-react.mjs:1340:1
Module not found: Can't resolve './icons/route-off.mjs'
  [90m1338 |[0m ...[33mdeRotateCcw[0m, [36mdefault[0m [36mas[0m [33mRotateCcw[0m, [36mdefault[0m [36mas[0m [33mRotateCcwIcon[0m } [36mfro.[0m.[32m.[0m
  [90m1339 |[0m ...[33mdeRotateCw[0m, [36mdefault[0m [36mas[0m [33mRotateCw[0m, [36mdefault[0m [36mas[0m [33mRotateCwIcon[0m } [36mfrom[0m [32m'...[0m
[31m[1m>[0m [90m1340 |[0m ...[33mdeRouteOff[0m, [36mdefault[0m [36mas[0m [33mRouteOff[0m, [36mdefault[0m [36mas[0m [33mRouteOffIcon[0m } [36mfrom[0m [32m'...[0m
  [90m     |[0m    [31m[1m^^^^^^^^^^^^^^^^^^^^^^^^^^^^^^^^^^^^^^^^^^^^^^^^^^^^^^^^^^^^^^^^^^^^[0m
  [90m1341 |[0m ...[33mdeRotateCwSquare[0m, [36mdefault[0m [36mas[0m [33mRotateCwSquare[0m, [36mdefault[0m [36mas[0m [33mRotateCwS...[0m
  [90m1342 |[0m ...[33mdeRoute[0m, [36mdefault[0m [36mas[0m [33mRoute[0m, [36mdefault[0m [36mas[0m [33mRouteIcon[0m } [36mfrom[0m [32m'./icons/r...[0m
  [90m1343 |[0m ...[33mdeRouter[0m, [36mdefault[0m [36mas[0m [33mRouter[0m, [36mdefault[0m [36mas[0m [33mRouterIcon[0m } [36mfrom[0m [32m'./icon...[0m



Import traces:
  Client Component Browser:
    ./.gemini/antigravity/scratch/teacher-tracking/node_modules/lucide-react/dist/esm/lucide-react.mjs [Client Component Browser]
    ./.gemini/antigravity/scratch/teacher-tracking/src/components/pages/DailyTasksPage.tsx [Client Component Browser]
    ./.gemini/antigravity/scratch/teacher-tracking/src/components/AppShell.tsx [Client Component Browser]
    ./.gemini/antigravity/scratch/teacher-tracking/src/app/page.tsx [Client Component Browser]
    ./.gemini/antigravity/scratch/teacher-tracking/src/app/page.tsx [Server Component]

  Client Component SSR:
    ./.gemini/antigravity/scratch/teacher-tracking/node_modules/lucide-react/dist/esm/lucide-react.mjs [Client Component SSR]
    ./.gemini/antigravity/scratch/teacher-tracking/src/components/pages/DailyTasksPage.tsx [Client Component SSR]
    ./.gemini/antigravity/scratch/teacher-tracking/src/components/AppShell.tsx [Client Component SSR]
    ./.gemini/antigravity/scratch/teacher-tracking/src/app/page.tsx [Client Component SSR]
    ./.gemini/antigravity/scratch/teacher-tracking/src/app/page.tsx [Server Component]

https://nextjs.org/docs/messages/module-not-found


./.gemini/antigravity/scratch/teacher-tracking/node_modules/lucide-react/dist/esm/lucide-react.mjs:1342:1
Module not found: Can't resolve './icons/route.mjs'
  [90m1340 |[0m ...[36mas[0m [33mLucideRouteOff[0m, [36mdefault[0m [36mas[0m [33mRouteOff[0m, [36mdefault[0m [36mas[0m [33mRouteOffIcon[0m }.[36m..[0m
  [90m1341 |[0m ...[36mas[0m [33mLucideRotateCwSquare[0m, [36mdefault[0m [36mas[0m [33mRotateCwSquare[0m, [36mdefault[0m [36mas[0m [33mRo...[0m
[31m[1m>[0m [90m1342 |[0m ...[36mas[0m [33mLucideRoute[0m, [36mdefault[0m [36mas[0m [33mRoute[0m, [36mdefault[0m [36mas[0m [33mRouteIcon[0m } [36mfrom[0m [32m'./...[0m
  [90m     |[0m    [31m[1m^^^^^^^^^^^^^^^^^^^^^^^^^^^^^^^^^^^^^^^^^^^^^^^^^^^^^^^^^^^^^^^^^^^^[0m
  [90m1343 |[0m ...[36mas[0m [33mLucideRouter[0m, [36mdefault[0m [36mas[0m [33mRouter[0m, [36mdefault[0m [36mas[0m [33mRouterIcon[0m } [36mfrom[0m [32m...[0m
  [90m1344 |[0m ...[36mas[0m [33mLucideRows4[0m, [36mdefault[0m [36mas[0m [33mRows4[0m, [36mdefault[0m [36mas[0m [33mRows4Icon[0m } [36mfrom[0m [32m'./...[0m
  [90m1345 |[0m ...[36mas[0m [33mLucideRss[0m, [36mdefault[0m [36mas[0m [33mRss[0m, [36mdefault[0m [36mas[0m [33mRssIcon[0m } [36mfrom[0m [32m'./icons/...[0m



Import traces:
  Client Component Browser:
    ./.gemini/antigravity/scratch/teacher-tracking/node_modules/lucide-react/dist/esm/lucide-react.mjs [Client Component Browser]
    ./.gemini/antigravity/scratch/teacher-tracking/src/components/pages/DailyTasksPage.tsx [Client Component Browser]
    ./.gemini/antigravity/scratch/teacher-tracking/src/components/AppShell.tsx [Client Component Browser]
    ./.gemini/antigravity/scratch/teacher-tracking/src/app/page.tsx [Client Component Browser]
    ./.gemini/antigravity/scratch/teacher-tracking/src/app/page.tsx [Server Component]

  Client Component SSR:
    ./.gemini/antigravity/scratch/teacher-tracking/node_modules/lucide-react/dist/esm/lucide-react.mjs [Client Component SSR]
    ./.gemini/antigravity/scratch/teacher-tracking/src/components/pages/DailyTasksPage.tsx [Client Component SSR]
    ./.gemini/antigravity/scratch/teacher-tracking/src/components/AppShell.tsx [Client Component SSR]
    ./.gemini/antigravity/scratch/teacher-tracking/src/app/page.tsx [Client Component SSR]
    ./.gemini/antigravity/scratch/teacher-tracking/src/app/page.tsx [Server Component]

https://nextjs.org/docs/messages/module-not-found


./.gemini/antigravity/scratch/teacher-tracking/node_modules/lucide-react/dist/esm/lucide-react.mjs:1343:1
Module not found: Can't resolve './icons/router.mjs'
  [90m1341 |[0m ... [33mLucideRotateCwSquare[0m, [36mdefault[0m [36mas[0m [33mRotateCwSquare[0m, [36mdefault[0m [36mas[0m [33mRota...[0m
  [90m1342 |[0m ... [33mLucideRoute[0m, [36mdefault[0m [36mas[0m [33mRoute[0m, [36mdefault[0m [36mas[0m [33mRouteIcon[0m } [36mfrom[0m [32m'./ic...[0m
[31m[1m>[0m [90m1343 |[0m ... [33mLucideRouter[0m, [36mdefault[0m [36mas[0m [33mRouter[0m, [36mdefault[0m [36mas[0m [33mRouterIcon[0m } [36mfrom[0m [32m'....[0m
  [90m     |[0m    [31m[1m^^^^^^^^^^^^^^^^^^^^^^^^^^^^^^^^^^^^^^^^^^^^^^^^^^^^^^^^^^^^^^^^^^^^[0m
  [90m1344 |[0m ... [33mLucideRows4[0m, [36mdefault[0m [36mas[0m [33mRows4[0m, [36mdefault[0m [36mas[0m [33mRows4Icon[0m } [36mfrom[0m [32m'./ic...[0m
  [90m1345 |[0m ... [33mLucideRss[0m, [36mdefault[0m [36mas[0m [33mRss[0m, [36mdefault[0m [36mas[0m [33mRssIcon[0m } [36mfrom[0m [32m'./icons/rs...[0m
  [90m1346 |[0m ... [33mLucideRulerDimensionLine[0m, [36mdefault[0m [36mas[0m [33mRulerDimensionLine[0m, [36mdefault[0m.[36m..[0m



Import traces:
  Client Component Browser:
    ./.gemini/antigravity/scratch/teacher-tracking/node_modules/lucide-react/dist/esm/lucide-react.mjs [Client Component Browser]
    ./.gemini/antigravity/scratch/teacher-tracking/src/components/pages/DailyTasksPage.tsx [Client Component Browser]
    ./.gemini/antigravity/scratch/teacher-tracking/src/components/AppShell.tsx [Client Component Browser]
    ./.gemini/antigravity/scratch/teacher-tracking/src/app/page.tsx [Client Component Browser]
    ./.gemini/antigravity/scratch/teacher-tracking/src/app/page.tsx [Server Component]

  Client Component SSR:
    ./.gemini/antigravity/scratch/teacher-tracking/node_modules/lucide-react/dist/esm/lucide-react.mjs [Client Component SSR]
    ./.gemini/antigravity/scratch/teacher-tracking/src/components/pages/DailyTasksPage.tsx [Client Component SSR]
    ./.gemini/antigravity/scratch/teacher-tracking/src/components/AppShell.tsx [Client Component SSR]
    ./.gemini/antigravity/scratch/teacher-tracking/src/app/page.tsx [Client Component SSR]
    ./.gemini/antigravity/scratch/teacher-tracking/src/app/page.tsx [Server Component]

https://nextjs.org/docs/messages/module-not-found


./.gemini/antigravity/scratch/teacher-tracking/node_modules/lucide-react/dist/esm/lucide-react.mjs:156:1
Module not found: Can't resolve './icons/rows-2.mjs'
  [90m154 |[0m ...[33mnputIcon[0m, [36mdefault[0m [36mas[0m [33mLucideFormInput[0m, [36mdefault[0m [36mas[0m [33mLucideRectangleEl...[0m
  [90m155 |[0m ...[33mLucideRotate3d[0m, [36mdefault[0m [36mas[0m [33mRotate3D[0m, [36mdefault[0m [36mas[0m [33mRotate3DIcon[0m, [36mdefa...[0m
[31m[1m>[0m [90m156 |[0m ...[33mdeRows2[0m, [36mdefault[0m [36mas[0m [33mRows[0m, [36mdefault[0m [36mas[0m [33mRows2[0m, [36mdefault[0m [36mas[0m [33mRows2Icon[0m, [36m...[0m
  [90m    |[0m    [31m[1m^^^^^^^^^^^^^^^^^^^^^^^^^^^^^^^^^^^^^^^^^^^^^^^^^^^^^^^^^^^^^^^^^^^^^[0m
  [90m157 |[0m ...[36mult[0m [36mas[0m [33mLucideRows3[0m, [36mdefault[0m [36mas[0m [33mPanelsTopBottom[0m, [36mdefault[0m [36mas[0m [33mPanelsT...[0m
  [90m158 |[0m ...[33mucideScale3d[0m, [36mdefault[0m [36mas[0m [33mScale3D[0m, [36mdefault[0m [36mas[0m [33mScale3DIcon[0m, [36mdefault[0m [36m..[0m.
  [90m159 |[0m ...[36mt[0m [36mas[0m [33mLucideSendHorizontal[0m, [36mdefault[0m [36mas[0m [33mSendHorizonal[0m, [36mdefault[0m [36mas[0m [33mSe...[0m



Import traces:
  Client Component Browser:
    ./.gemini/antigravity/scratch/teacher-tracking/node_modules/lucide-react/dist/esm/lucide-react.mjs [Client Component Browser]
    ./.gemini/antigravity/scratch/teacher-tracking/src/components/pages/DailyTasksPage.tsx [Client Component Browser]
    ./.gemini/antigravity/scratch/teacher-tracking/src/components/AppShell.tsx [Client Component Browser]
    ./.gemini/antigravity/scratch/teacher-tracking/src/app/page.tsx [Client Component Browser]
    ./.gemini/antigravity/scratch/teacher-tracking/src/app/page.tsx [Server Component]

  Client Component SSR:
    ./.gemini/antigravity/scratch/teacher-tracking/node_modules/lucide-react/dist/esm/lucide-react.mjs [Client Component SSR]
    ./.gemini/antigravity/scratch/teacher-tracking/src/components/pages/DailyTasksPage.tsx [Client Component SSR]
    ./.gemini/antigravity/scratch/teacher-tracking/src/components/AppShell.tsx [Client Component SSR]
    ./.gemini/antigravity/scratch/teacher-tracking/src/app/page.tsx [Client Component SSR]
    ./.gemini/antigravity/scratch/teacher-tracking/src/app/page.tsx [Server Component]

https://nextjs.org/docs/messages/module-not-found


./.gemini/antigravity/scratch/teacher-tracking/node_modules/lucide-react/dist/esm/lucide-react.mjs:157:1
Module not found: Can't resolve './icons/rows-3.mjs'
  [90m155 |[0m ...[36mefault[0m [36mas[0m [33mRotate3D[0m, [36mdefault[0m [36mas[0m [33mRotate3DIcon[0m, [36mdefault[0m [36mas[0m [33mRotate3d[0m, [36m...[0m
  [90m156 |[0m ...[36mas[0m [33mRows[0m, [36mdefault[0m [36mas[0m [33mRows2[0m, [36mdefault[0m [36mas[0m [33mRows2Icon[0m, [36mdefault[0m [36mas[0m [33mRowsIc..[0m.
[31m[1m>[0m [90m157 |[0m ...[33m3[0m, [36mdefault[0m [36mas[0m [33mPanelsTopBottom[0m, [36mdefault[0m [36mas[0m [33mPanelsTopBottomIcon[0m, [36mdef...[0m
  [90m    |[0m    [31m[1m^^^^^^^^^^^^^^^^^^^^^^^^^^^^^^^^^^^^^^^^^^^^^^^^^^^^^^^^^^^^^^^^^^^^^[0m
  [90m158 |[0m ...[36mault[0m [36mas[0m [33mScale3D[0m, [36mdefault[0m [36mas[0m [33mScale3DIcon[0m, [36mdefault[0m [36mas[0m [33mScale3d[0m, [36mdefau..[0m.
  [90m159 |[0m ...[33mrizontal[0m, [36mdefault[0m [36mas[0m [33mSendHorizonal[0m, [36mdefault[0m [36mas[0m [33mSendHorizonalIcon[0m, [36m...[0m
  [90m160 |[0m ...[33mdQuestionMark[0m, [36mdefault[0m [36mas[0m [33mShieldQuestion[0m, [36mdefault[0m [36mas[0m [33mShieldQuestio...[0m



Import traces:
  Client Component Browser:
    ./.gemini/antigravity/scratch/teacher-tracking/node_modules/lucide-react/dist/esm/lucide-react.mjs [Client Component Browser]
    ./.gemini/antigravity/scratch/teacher-tracking/src/components/pages/DailyTasksPage.tsx [Client Component Browser]
    ./.gemini/antigravity/scratch/teacher-tracking/src/components/AppShell.tsx [Client Component Browser]
    ./.gemini/antigravity/scratch/teacher-tracking/src/app/page.tsx [Client Component Browser]
    ./.gemini/antigravity/scratch/teacher-tracking/src/app/page.tsx [Server Component]

  Client Component SSR:
    ./.gemini/antigravity/scratch/teacher-tracking/node_modules/lucide-react/dist/esm/lucide-react.mjs [Client Component SSR]
    ./.gemini/antigravity/scratch/teacher-tracking/src/components/pages/DailyTasksPage.tsx [Client Component SSR]
    ./.gemini/antigravity/scratch/teacher-tracking/src/components/AppShell.tsx [Client Component SSR]
    ./.gemini/antigravity/scratch/teacher-tracking/src/app/page.tsx [Client Component SSR]
    ./.gemini/antigravity/scratch/teacher-tracking/src/app/page.tsx [Server Component]

https://nextjs.org/docs/messages/module-not-found


./.gemini/antigravity/scratch/teacher-tracking/node_modules/lucide-react/dist/esm/lucide-react.mjs:1344:1
Module not found: Can't resolve './icons/rows-4.mjs'
  [90m1342 |[0m ...[36ms[0m [33mLucideRoute[0m, [36mdefault[0m [36mas[0m [33mRoute[0m, [36mdefault[0m [36mas[0m [33mRouteIcon[0m } [36mfrom[0m [32m'./i...[0m
  [90m1343 |[0m ...[36ms[0m [33mLucideRouter[0m, [36mdefault[0m [36mas[0m [33mRouter[0m, [36mdefault[0m [36mas[0m [33mRouterIcon[0m } [36mfrom[0m [32m'...[0m
[31m[1m>[0m [90m1344 |[0m ...[36ms[0m [33mLucideRows4[0m, [36mdefault[0m [36mas[0m [33mRows4[0m, [36mdefault[0m [36mas[0m [33mRows4Icon[0m } [36mfrom[0m [32m'./i...[0m
  [90m     |[0m    [31m[1m^^^^^^^^^^^^^^^^^^^^^^^^^^^^^^^^^^^^^^^^^^^^^^^^^^^^^^^^^^^^^^^^^^^^[0m
  [90m1345 |[0m ...[36ms[0m [33mLucideRss[0m, [36mdefault[0m [36mas[0m [33mRss[0m, [36mdefault[0m [36mas[0m [33mRssIcon[0m } [36mfrom[0m [32m'./icons/r...[0m
  [90m1346 |[0m ...[36ms[0m [33mLucideRulerDimensionLine[0m, [36mdefault[0m [36mas[0m [33mRulerDimensionLine[0m, [36mdefaul.[0m.[36m.[0m
  [90m1347 |[0m ...[36ms[0m [33mLucideRuler[0m, [36mdefault[0m [36mas[0m [33mRuler[0m, [36mdefault[0m [36mas[0m [33mRulerIcon[0m } [36mfrom[0m [32m'./i...[0m



Import traces:
  Client Component Browser:
    ./.gemini/antigravity/scratch/teacher-tracking/node_modules/lucide-react/dist/esm/lucide-react.mjs [Client Component Browser]
    ./.gemini/antigravity/scratch/teacher-tracking/src/components/pages/DailyTasksPage.tsx [Client Component Browser]
    ./.gemini/antigravity/scratch/teacher-tracking/src/components/AppShell.tsx [Client Component Browser]
    ./.gemini/antigravity/scratch/teacher-tracking/src/app/page.tsx [Client Component Browser]
    ./.gemini/antigravity/scratch/teacher-tracking/src/app/page.tsx [Server Component]

  Client Component SSR:
    ./.gemini/antigravity/scratch/teacher-tracking/node_modules/lucide-react/dist/esm/lucide-react.mjs [Client Component SSR]
    ./.gemini/antigravity/scratch/teacher-tracking/src/components/pages/DailyTasksPage.tsx [Client Component SSR]
    ./.gemini/antigravity/scratch/teacher-tracking/src/components/AppShell.tsx [Client Component SSR]
    ./.gemini/antigravity/scratch/teacher-tracking/src/app/page.tsx [Client Component SSR]
    ./.gemini/antigravity/scratch/teacher-tracking/src/app/page.tsx [Server Component]

https://nextjs.org/docs/messages/module-not-found


./.gemini/antigravity/scratch/teacher-tracking/node_modules/lucide-react/dist/esm/lucide-react.mjs:1345:1
Module not found: Can't resolve './icons/rss.mjs'
  [90m1343 |[0m ...[36mult[0m [36mas[0m [33mLucideRouter[0m, [36mdefault[0m [36mas[0m [33mRouter[0m, [36mdefault[0m [36mas[0m [33mRouterIcon[0m } [36mf...[0m
  [90m1344 |[0m ...[36mult[0m [36mas[0m [33mLucideRows4[0m, [36mdefault[0m [36mas[0m [33mRows4[0m, [36mdefault[0m [36mas[0m [33mRows4Icon[0m } [36mfrom[0m.[32m..[0m
[31m[1m>[0m [90m1345 |[0m ...[36mult[0m [36mas[0m [33mLucideRss[0m, [36mdefault[0m [36mas[0m [33mRss[0m, [36mdefault[0m [36mas[0m [33mRssIcon[0m } [36mfrom[0m [32m'./ic...[0m
  [90m     |[0m    [31m[1m^^^^^^^^^^^^^^^^^^^^^^^^^^^^^^^^^^^^^^^^^^^^^^^^^^^^^^^^^^^^^^^^^^^^[0m
  [90m1346 |[0m ...[36mult[0m [36mas[0m [33mLucideRulerDimensionLine[0m, [36mdefault[0m [36mas[0m [33mRulerDimensionLine[0m, [36md...[0m
  [90m1347 |[0m ...[36mult[0m [36mas[0m [33mLucideRuler[0m, [36mdefault[0m [36mas[0m [33mRuler[0m, [36mdefault[0m [36mas[0m [33mRulerIcon[0m } [36mfrom[0m.[32m..[0m
  [90m1348 |[0m ...[36mult[0m [36mas[0m [33mLucideRussianRuble[0m, [36mdefault[0m [36mas[0m [33mRussianRuble[0m, [36mdefault[0m [36mas[0m [33mRu...[0m



Import traces:
  Client Component Browser:
    ./.gemini/antigravity/scratch/teacher-tracking/node_modules/lucide-react/dist/esm/lucide-react.mjs [Client Component Browser]
    ./.gemini/antigravity/scratch/teacher-tracking/src/components/pages/DailyTasksPage.tsx [Client Component Browser]
    ./.gemini/antigravity/scratch/teacher-tracking/src/components/AppShell.tsx [Client Component Browser]
    ./.gemini/antigravity/scratch/teacher-tracking/src/app/page.tsx [Client Component Browser]
    ./.gemini/antigravity/scratch/teacher-tracking/src/app/page.tsx [Server Component]

  Client Component SSR:
    ./.gemini/antigravity/scratch/teacher-tracking/node_modules/lucide-react/dist/esm/lucide-react.mjs [Client Component SSR]
    ./.gemini/antigravity/scratch/teacher-tracking/src/components/pages/DailyTasksPage.tsx [Client Component SSR]
    ./.gemini/antigravity/scratch/teacher-tracking/src/components/AppShell.tsx [Client Component SSR]
    ./.gemini/antigravity/scratch/teacher-tracking/src/app/page.tsx [Client Component SSR]
    ./.gemini/antigravity/scratch/teacher-tracking/src/app/page.tsx [Server Component]

https://nextjs.org/docs/messages/module-not-found


./.gemini/antigravity/scratch/teacher-tracking/node_modules/lucide-react/dist/esm/lucide-react.mjs:1346:1
Module not found: Can't resolve './icons/ruler-dimension-line.mjs'
  [90m1344 |[0m ...[33mRows4[0m, [36mdefault[0m [36mas[0m [33mRows4Icon[0m } [36mfrom[0m [32m'./icons/rows-4.mjs'[0m;
  [90m1345 |[0m ...[33ms[0m, [36mdefault[0m [36mas[0m [33mRssIcon[0m } [36mfrom[0m [32m'./icons/rss.mjs'[0m;
[31m[1m>[0m [90m1346 |[0m ..., [36mdefault[0m [36mas[0m [33mRulerDimensionLine[0m, [36mdefault[0m [36mas[0m [33mRulerDimensionLineIco.[0m..
  [90m     |[0m    [31m[1m^^^^^^^^^^^^^^^^^^^^^^^^^^^^^^^^^^^^^^^^^^^^^^^^^^^^^^^^^^^^^^^^^^^^[0m
  [90m1347 |[0m ...[33mRuler[0m, [36mdefault[0m [36mas[0m [33mRulerIcon[0m } [36mfrom[0m [32m'./icons/ruler.mjs'[0m;
  [90m1348 |[0m ...[36mult[0m [36mas[0m [33mRussianRuble[0m, [36mdefault[0m [36mas[0m [33mRussianRubleIcon[0m } [36mfrom[0m [32m'./icons/...[0m
  [90m1349 |[0m ...[33mSalad[0m, [36mdefault[0m [36mas[0m [33mSaladIcon[0m } [36mfrom[0m [32m'./icons/salad.mjs'[0m;



Import traces:
  Client Component Browser:
    ./.gemini/antigravity/scratch/teacher-tracking/node_modules/lucide-react/dist/esm/lucide-react.mjs [Client Component Browser]
    ./.gemini/antigravity/scratch/teacher-tracking/src/components/pages/DailyTasksPage.tsx [Client Component Browser]
    ./.gemini/antigravity/scratch/teacher-tracking/src/components/AppShell.tsx [Client Component Browser]
    ./.gemini/antigravity/scratch/teacher-tracking/src/app/page.tsx [Client Component Browser]
    ./.gemini/antigravity/scratch/teacher-tracking/src/app/page.tsx [Server Component]

  Client Component SSR:
    ./.gemini/antigravity/scratch/teacher-tracking/node_modules/lucide-react/dist/esm/lucide-react.mjs [Client Component SSR]
    ./.gemini/antigravity/scratch/teacher-tracking/src/components/pages/DailyTasksPage.tsx [Client Component SSR]
    ./.gemini/antigravity/scratch/teacher-tracking/src/components/AppShell.tsx [Client Component SSR]
    ./.gemini/antigravity/scratch/teacher-tracking/src/app/page.tsx [Client Component SSR]
    ./.gemini/antigravity/scratch/teacher-tracking/src/app/page.tsx [Server Component]

https://nextjs.org/docs/messages/module-not-found


./.gemini/antigravity/scratch/teacher-tracking/node_modules/lucide-react/dist/esm/lucide-react.mjs:1347:1
Module not found: Can't resolve './icons/ruler.mjs'
  [90m1345 |[0m ...[36mas[0m [33mLucideRss[0m, [36mdefault[0m [36mas[0m [33mRss[0m, [36mdefault[0m [36mas[0m [33mRssIcon[0m } [36mfrom[0m [32m'./icons/...[0m
  [90m1346 |[0m ...[36mas[0m [33mLucideRulerDimensionLine[0m, [36mdefault[0m [36mas[0m [33mRulerDimensionLine[0m, [36mdefau..[0m.
[31m[1m>[0m [90m1347 |[0m ...[36mas[0m [33mLucideRuler[0m, [36mdefault[0m [36mas[0m [33mRuler[0m, [36mdefault[0m [36mas[0m [33mRulerIcon[0m } [36mfrom[0m [32m'./...[0m
  [90m     |[0m    [31m[1m^^^^^^^^^^^^^^^^^^^^^^^^^^^^^^^^^^^^^^^^^^^^^^^^^^^^^^^^^^^^^^^^^^^^[0m
  [90m1348 |[0m ...[36mas[0m [33mLucideRussianRuble[0m, [36mdefault[0m [36mas[0m [33mRussianRuble[0m, [36mdefault[0m [36mas[0m [33mRussia...[0m
  [90m1349 |[0m ...[36mas[0m [33mLucideSalad[0m, [36mdefault[0m [36mas[0m [33mSalad[0m, [36mdefault[0m [36mas[0m [33mSaladIcon[0m } [36mfrom[0m [32m'./...[0m
  [90m1350 |[0m ...[36mas[0m [33mLucideSandwich[0m, [36mdefault[0m [36mas[0m [33mSandwich[0m, [36mdefault[0m [36mas[0m [33mSandwichIcon[0m }.[36m..[0m



Import traces:
  Client Component Browser:
    ./.gemini/antigravity/scratch/teacher-tracking/node_modules/lucide-react/dist/esm/lucide-react.mjs [Client Component Browser]
    ./.gemini/antigravity/scratch/teacher-tracking/src/components/pages/DailyTasksPage.tsx [Client Component Browser]
    ./.gemini/antigravity/scratch/teacher-tracking/src/components/AppShell.tsx [Client Component Browser]
    ./.gemini/antigravity/scratch/teacher-tracking/src/app/page.tsx [Client Component Browser]
    ./.gemini/antigravity/scratch/teacher-tracking/src/app/page.tsx [Server Component]

  Client Component SSR:
    ./.gemini/antigravity/scratch/teacher-tracking/node_modules/lucide-react/dist/esm/lucide-react.mjs [Client Component SSR]
    ./.gemini/antigravity/scratch/teacher-tracking/src/components/pages/DailyTasksPage.tsx [Client Component SSR]
    ./.gemini/antigravity/scratch/teacher-tracking/src/components/AppShell.tsx [Client Component SSR]
    ./.gemini/antigravity/scratch/teacher-tracking/src/app/page.tsx [Client Component SSR]
    ./.gemini/antigravity/scratch/teacher-tracking/src/app/page.tsx [Server Component]

https://nextjs.org/docs/messages/module-not-found


./.gemini/antigravity/scratch/teacher-tracking/node_modules/lucide-react/dist/esm/lucide-react.mjs:1348:1
Module not found: Can't resolve './icons/russian-ruble.mjs'
  [90m1346 |[0m ...[33mimensionLine[0m, [36mdefault[0m [36mas[0m [33mRulerDimensionLine[0m, [36mdefault[0m [36mas[0m [33mRulerDime...[0m
  [90m1347 |[0m ... [36mdefault[0m [36mas[0m [33mRuler[0m, [36mdefault[0m [36mas[0m [33mRulerIcon[0m } [36mfrom[0m [32m'./icons/ruler.mjs'[0m;
[31m[1m>[0m [90m1348 |[0m ...[33mnRuble[0m, [36mdefault[0m [36mas[0m [33mRussianRuble[0m, [36mdefault[0m [36mas[0m [33mRussianRubleIcon[0m } [36mfr..[0m.
  [90m     |[0m    [31m[1m^^^^^^^^^^^^^^^^^^^^^^^^^^^^^^^^^^^^^^^^^^^^^^^^^^^^^^^^^^^^^^^^^^^^[0m
  [90m1349 |[0m ... [36mdefault[0m [36mas[0m [33mSalad[0m, [36mdefault[0m [36mas[0m [33mSaladIcon[0m } [36mfrom[0m [32m'./icons/salad.mjs'[0m;
  [90m1350 |[0m ...[33mch[0m, [36mdefault[0m [36mas[0m [33mSandwich[0m, [36mdefault[0m [36mas[0m [33mSandwichIcon[0m } [36mfrom[0m [32m'./icons/...[0m
  [90m1351 |[0m ...[33mat[0m, [36mdefault[0m [36mas[0m [33mSailboat[0m, [36mdefault[0m [36mas[0m [33mSailboatIcon[0m } [36mfrom[0m [32m'./icons/...[0m



Import traces:
  Client Component Browser:
    ./.gemini/antigravity/scratch/teacher-tracking/node_modules/lucide-react/dist/esm/lucide-react.mjs [Client Component Browser]
    ./.gemini/antigravity/scratch/teacher-tracking/src/components/pages/DailyTasksPage.tsx [Client Component Browser]
    ./.gemini/antigravity/scratch/teacher-tracking/src/components/AppShell.tsx [Client Component Browser]
    ./.gemini/antigravity/scratch/teacher-tracking/src/app/page.tsx [Client Component Browser]
    ./.gemini/antigravity/scratch/teacher-tracking/src/app/page.tsx [Server Component]

  Client Component SSR:
    ./.gemini/antigravity/scratch/teacher-tracking/node_modules/lucide-react/dist/esm/lucide-react.mjs [Client Component SSR]
    ./.gemini/antigravity/scratch/teacher-tracking/src/components/pages/DailyTasksPage.tsx [Client Component SSR]
    ./.gemini/antigravity/scratch/teacher-tracking/src/components/AppShell.tsx [Client Component SSR]
    ./.gemini/antigravity/scratch/teacher-tracking/src/app/page.tsx [Client Component SSR]
    ./.gemini/antigravity/scratch/teacher-tracking/src/app/page.tsx [Server Component]

https://nextjs.org/docs/messages/module-not-found


./.gemini/antigravity/scratch/teacher-tracking/node_modules/lucide-react/dist/esm/lucide-react.mjs:1351:1
Module not found: Can't resolve './icons/sailboat.mjs'
  [90m1349 |[0m ...[33mideSalad[0m, [36mdefault[0m [36mas[0m [33mSalad[0m, [36mdefault[0m [36mas[0m [33mSaladIcon[0m } [36mfrom[0m [32m'./icons/...[0m
  [90m1350 |[0m ...[33mideSandwich[0m, [36mdefault[0m [36mas[0m [33mSandwich[0m, [36mdefault[0m [36mas[0m [33mSandwichIcon[0m } [36mfrom[0m [32m...[0m
[31m[1m>[0m [90m1351 |[0m ...[33mideSailboat[0m, [36mdefault[0m [36mas[0m [33mSailboat[0m, [36mdefault[0m [36mas[0m [33mSailboatIcon[0m } [36mfrom[0m [32m...[0m
  [90m     |[0m    [31m[1m^^^^^^^^^^^^^^^^^^^^^^^^^^^^^^^^^^^^^^^^^^^^^^^^^^^^^^^^^^^^^^^^^^^^[0m
  [90m1352 |[0m ...[33mideSatelliteDish[0m, [36mdefault[0m [36mas[0m [33mSatelliteDish[0m, [36mdefault[0m [36mas[0m [33mSatelliteD...[0m
  [90m1353 |[0m ...[33mideSaudiRiyal[0m, [36mdefault[0m [36mas[0m [33mSaudiRiyal[0m, [36mdefault[0m [36mas[0m [33mSaudiRiyalIcon[0m }.[36m..[0m
  [90m1354 |[0m ...[33mideSatellite[0m, [36mdefault[0m [36mas[0m [33mSatellite[0m, [36mdefault[0m [36mas[0m [33mSatelliteIcon[0m } [36mfr..[0m.



Import traces:
  Client Component Browser:
    ./.gemini/antigravity/scratch/teacher-tracking/node_modules/lucide-react/dist/esm/lucide-react.mjs [Client Component Browser]
    ./.gemini/antigravity/scratch/teacher-tracking/src/components/pages/DailyTasksPage.tsx [Client Component Browser]
    ./.gemini/antigravity/scratch/teacher-tracking/src/components/AppShell.tsx [Client Component Browser]
    ./.gemini/antigravity/scratch/teacher-tracking/src/app/page.tsx [Client Component Browser]
    ./.gemini/antigravity/scratch/teacher-tracking/src/app/page.tsx [Server Component]

  Client Component SSR:
    ./.gemini/antigravity/scratch/teacher-tracking/node_modules/lucide-react/dist/esm/lucide-react.mjs [Client Component SSR]
    ./.gemini/antigravity/scratch/teacher-tracking/src/components/pages/DailyTasksPage.tsx [Client Component SSR]
    ./.gemini/antigravity/scratch/teacher-tracking/src/components/AppShell.tsx [Client Component SSR]
    ./.gemini/antigravity/scratch/teacher-tracking/src/app/page.tsx [Client Component SSR]
    ./.gemini/antigravity/scratch/teacher-tracking/src/app/page.tsx [Server Component]

https://nextjs.org/docs/messages/module-not-found


./.gemini/antigravity/scratch/teacher-tracking/node_modules/lucide-react/dist/esm/lucide-react.mjs:1349:1
Module not found: Can't resolve './icons/salad.mjs'
  [90m1347 |[0m ...[36mas[0m [33mLucideRuler[0m, [36mdefault[0m [36mas[0m [33mRuler[0m, [36mdefault[0m [36mas[0m [33mRulerIcon[0m } [36mfrom[0m [32m'./...[0m
  [90m1348 |[0m ...[36mas[0m [33mLucideRussianRuble[0m, [36mdefault[0m [36mas[0m [33mRussianRuble[0m, [36mdefault[0m [36mas[0m [33mRussia...[0m
[31m[1m>[0m [90m1349 |[0m ...[36mas[0m [33mLucideSalad[0m, [36mdefault[0m [36mas[0m [33mSalad[0m, [36mdefault[0m [36mas[0m [33mSaladIcon[0m } [36mfrom[0m [32m'./...[0m
  [90m     |[0m    [31m[1m^^^^^^^^^^^^^^^^^^^^^^^^^^^^^^^^^^^^^^^^^^^^^^^^^^^^^^^^^^^^^^^^^^^^[0m
  [90m1350 |[0m ...[36mas[0m [33mLucideSandwich[0m, [36mdefault[0m [36mas[0m [33mSandwich[0m, [36mdefault[0m [36mas[0m [33mSandwichIcon[0m }.[36m..[0m
  [90m1351 |[0m ...[36mas[0m [33mLucideSailboat[0m, [36mdefault[0m [36mas[0m [33mSailboat[0m, [36mdefault[0m [36mas[0m [33mSailboatIcon[0m }.[36m..[0m
  [90m1352 |[0m ...[36mas[0m [33mLucideSatelliteDish[0m, [36mdefault[0m [36mas[0m [33mSatelliteDish[0m, [36mdefault[0m [36mas[0m [33mSate...[0m



Import traces:
  Client Component Browser:
    ./.gemini/antigravity/scratch/teacher-tracking/node_modules/lucide-react/dist/esm/lucide-react.mjs [Client Component Browser]
    ./.gemini/antigravity/scratch/teacher-tracking/src/components/pages/DailyTasksPage.tsx [Client Component Browser]
    ./.gemini/antigravity/scratch/teacher-tracking/src/components/AppShell.tsx [Client Component Browser]
    ./.gemini/antigravity/scratch/teacher-tracking/src/app/page.tsx [Client Component Browser]
    ./.gemini/antigravity/scratch/teacher-tracking/src/app/page.tsx [Server Component]

  Client Component SSR:
    ./.gemini/antigravity/scratch/teacher-tracking/node_modules/lucide-react/dist/esm/lucide-react.mjs [Client Component SSR]
    ./.gemini/antigravity/scratch/teacher-tracking/src/components/pages/DailyTasksPage.tsx [Client Component SSR]
    ./.gemini/antigravity/scratch/teacher-tracking/src/components/AppShell.tsx [Client Component SSR]
    ./.gemini/antigravity/scratch/teacher-tracking/src/app/page.tsx [Client Component SSR]
    ./.gemini/antigravity/scratch/teacher-tracking/src/app/page.tsx [Server Component]

https://nextjs.org/docs/messages/module-not-found


./.gemini/antigravity/scratch/teacher-tracking/node_modules/lucide-react/dist/esm/lucide-react.mjs:1350:1
Module not found: Can't resolve './icons/sandwich.mjs'
  [90m1348 |[0m ...[33mideRussianRuble[0m, [36mdefault[0m [36mas[0m [33mRussianRuble[0m, [36mdefault[0m [36mas[0m [33mRussianRuble...[0m
  [90m1349 |[0m ...[33mideSalad[0m, [36mdefault[0m [36mas[0m [33mSalad[0m, [36mdefault[0m [36mas[0m [33mSaladIcon[0m } [36mfrom[0m [32m'./icons/...[0m
[31m[1m>[0m [90m1350 |[0m ...[33mideSandwich[0m, [36mdefault[0m [36mas[0m [33mSandwich[0m, [36mdefault[0m [36mas[0m [33mSandwichIcon[0m } [36mfrom[0m [32m...[0m
  [90m     |[0m    [31m[1m^^^^^^^^^^^^^^^^^^^^^^^^^^^^^^^^^^^^^^^^^^^^^^^^^^^^^^^^^^^^^^^^^^^^[0m
  [90m1351 |[0m ...[33mideSailboat[0m, [36mdefault[0m [36mas[0m [33mSailboat[0m, [36mdefault[0m [36mas[0m [33mSailboatIcon[0m } [36mfrom[0m [32m...[0m
  [90m1352 |[0m ...[33mideSatelliteDish[0m, [36mdefault[0m [36mas[0m [33mSatelliteDish[0m, [36mdefault[0m [36mas[0m [33mSatelliteD...[0m
  [90m1353 |[0m ...[33mideSaudiRiyal[0m, [36mdefault[0m [36mas[0m [33mSaudiRiyal[0m, [36mdefault[0m [36mas[0m [33mSaudiRiyalIcon[0m }.[36m..[0m



Import traces:
  Client Component Browser:
    ./.gemini/antigravity/scratch/teacher-tracking/node_modules/lucide-react/dist/esm/lucide-react.mjs [Client Component Browser]
    ./.gemini/antigravity/scratch/teacher-tracking/src/components/pages/DailyTasksPage.tsx [Client Component Browser]
    ./.gemini/antigravity/scratch/teacher-tracking/src/components/AppShell.tsx [Client Component Browser]
    ./.gemini/antigravity/scratch/teacher-tracking/src/app/page.tsx [Client Component Browser]
    ./.gemini/antigravity/scratch/teacher-tracking/src/app/page.tsx [Server Component]

  Client Component SSR:
    ./.gemini/antigravity/scratch/teacher-tracking/node_modules/lucide-react/dist/esm/lucide-react.mjs [Client Component SSR]
    ./.gemini/antigravity/scratch/teacher-tracking/src/components/pages/DailyTasksPage.tsx [Client Component SSR]
    ./.gemini/antigravity/scratch/teacher-tracking/src/components/AppShell.tsx [Client Component SSR]
    ./.gemini/antigravity/scratch/teacher-tracking/src/app/page.tsx [Client Component SSR]
    ./.gemini/antigravity/scratch/teacher-tracking/src/app/page.tsx [Server Component]

https://nextjs.org/docs/messages/module-not-found


./.gemini/antigravity/scratch/teacher-tracking/node_modules/lucide-react/dist/esm/lucide-react.mjs:1352:1
Module not found: Can't resolve './icons/satellite-dish.mjs'
  [90m1350 |[0m ..., [36mdefault[0m [36mas[0m [33mSandwich[0m, [36mdefault[0m [36mas[0m [33mSandwichIcon[0m } [36mfrom[0m [32m'./icons/sa...[0m
  [90m1351 |[0m ..., [36mdefault[0m [36mas[0m [33mSailboat[0m, [36mdefault[0m [36mas[0m [33mSailboatIcon[0m } [36mfrom[0m [32m'./icons/sa...[0m
[31m[1m>[0m [90m1352 |[0m ...[33meDish[0m, [36mdefault[0m [36mas[0m [33mSatelliteDish[0m, [36mdefault[0m [36mas[0m [33mSatelliteDishIcon[0m } [36mf...[0m
  [90m     |[0m    [31m[1m^^^^^^^^^^^^^^^^^^^^^^^^^^^^^^^^^^^^^^^^^^^^^^^^^^^^^^^^^^^^^^^^^^^^[0m
  [90m1353 |[0m ...[33mal[0m, [36mdefault[0m [36mas[0m [33mSaudiRiyal[0m, [36mdefault[0m [36mas[0m [33mSaudiRiyalIcon[0m } [36mfrom[0m [32m'./ic...[0m
  [90m1354 |[0m ...[33me[0m, [36mdefault[0m [36mas[0m [33mSatellite[0m, [36mdefault[0m [36mas[0m [33mSatelliteIcon[0m } [36mfrom[0m [32m'./icons...[0m
  [90m1355 |[0m ... [36mdefault[0m [36mas[0m [33mSaveAll[0m, [36mdefault[0m [36mas[0m [33mSaveAllIcon[0m } [36mfrom[0m [32m'./icons/save-...[0m



Import traces:
  Client Component Browser:
    ./.gemini/antigravity/scratch/teacher-tracking/node_modules/lucide-react/dist/esm/lucide-react.mjs [Client Component Browser]
    ./.gemini/antigravity/scratch/teacher-tracking/src/components/pages/DailyTasksPage.tsx [Client Component Browser]
    ./.gemini/antigravity/scratch/teacher-tracking/src/components/AppShell.tsx [Client Component Browser]
    ./.gemini/antigravity/scratch/teacher-tracking/src/app/page.tsx [Client Component Browser]
    ./.gemini/antigravity/scratch/teacher-tracking/src/app/page.tsx [Server Component]

  Client Component SSR:
    ./.gemini/antigravity/scratch/teacher-tracking/node_modules/lucide-react/dist/esm/lucide-react.mjs [Client Component SSR]
    ./.gemini/antigravity/scratch/teacher-tracking/src/components/pages/DailyTasksPage.tsx [Client Component SSR]
    ./.gemini/antigravity/scratch/teacher-tracking/src/components/AppShell.tsx [Client Component SSR]
    ./.gemini/antigravity/scratch/teacher-tracking/src/app/page.tsx [Client Component SSR]
    ./.gemini/antigravity/scratch/teacher-tracking/src/app/page.tsx [Server Component]

https://nextjs.org/docs/messages/module-not-found


./.gemini/antigravity/scratch/teacher-tracking/node_modules/lucide-react/dist/esm/lucide-react.mjs:1354:1
Module not found: Can't resolve './icons/satellite.mjs'
  [90m1352 |[0m ...[33meSatelliteDish[0m, [36mdefault[0m [36mas[0m [33mSatelliteDish[0m, [36mdefault[0m [36mas[0m [33mSatelliteDis...[0m
  [90m1353 |[0m ...[33meSaudiRiyal[0m, [36mdefault[0m [36mas[0m [33mSaudiRiyal[0m, [36mdefault[0m [36mas[0m [33mSaudiRiyalIcon[0m } [36mf...[0m
[31m[1m>[0m [90m1354 |[0m ...[33meSatellite[0m, [36mdefault[0m [36mas[0m [33mSatellite[0m, [36mdefault[0m [36mas[0m [33mSatelliteIcon[0m } [36mfrom[0m.[32m..[0m
  [90m     |[0m    [31m[1m^^^^^^^^^^^^^^^^^^^^^^^^^^^^^^^^^^^^^^^^^^^^^^^^^^^^^^^^^^^^^^^^^^^^[0m
  [90m1355 |[0m ...[33meSaveAll[0m, [36mdefault[0m [36mas[0m [33mSaveAll[0m, [36mdefault[0m [36mas[0m [33mSaveAllIcon[0m } [36mfrom[0m [32m'./ic...[0m
  [90m1356 |[0m ...[33meSaveOff[0m, [36mdefault[0m [36mas[0m [33mSaveOff[0m, [36mdefault[0m [36mas[0m [33mSaveOffIcon[0m } [36mfrom[0m [32m'./ic...[0m
  [90m1357 |[0m ...[33meSave[0m, [36mdefault[0m [36mas[0m [33mSave[0m, [36mdefault[0m [36mas[0m [33mSaveIcon[0m } [36mfrom[0m [32m'./icons/save....[0m



Import traces:
  Client Component Browser:
    ./.gemini/antigravity/scratch/teacher-tracking/node_modules/lucide-react/dist/esm/lucide-react.mjs [Client Component Browser]
    ./.gemini/antigravity/scratch/teacher-tracking/src/components/pages/DailyTasksPage.tsx [Client Component Browser]
    ./.gemini/antigravity/scratch/teacher-tracking/src/components/AppShell.tsx [Client Component Browser]
    ./.gemini/antigravity/scratch/teacher-tracking/src/app/page.tsx [Client Component Browser]
    ./.gemini/antigravity/scratch/teacher-tracking/src/app/page.tsx [Server Component]

  Client Component SSR:
    ./.gemini/antigravity/scratch/teacher-tracking/node_modules/lucide-react/dist/esm/lucide-react.mjs [Client Component SSR]
    ./.gemini/antigravity/scratch/teacher-tracking/src/components/pages/DailyTasksPage.tsx [Client Component SSR]
    ./.gemini/antigravity/scratch/teacher-tracking/src/components/AppShell.tsx [Client Component SSR]
    ./.gemini/antigravity/scratch/teacher-tracking/src/app/page.tsx [Client Component SSR]
    ./.gemini/antigravity/scratch/teacher-tracking/src/app/page.tsx [Server Component]

https://nextjs.org/docs/messages/module-not-found


./.gemini/antigravity/scratch/teacher-tracking/node_modules/lucide-react/dist/esm/lucide-react.mjs:1353:1
Module not found: Can't resolve './icons/saudi-riyal.mjs'
  [90m1351 |[0m ...[33milboat[0m, [36mdefault[0m [36mas[0m [33mSailboat[0m, [36mdefault[0m [36mas[0m [33mSailboatIcon[0m } [36mfrom[0m [32m'./ic...[0m
  [90m1352 |[0m ...[33mtelliteDish[0m, [36mdefault[0m [36mas[0m [33mSatelliteDish[0m, [36mdefault[0m [36mas[0m [33mSatelliteDishIc..[0m.
[31m[1m>[0m [90m1353 |[0m ...[33mudiRiyal[0m, [36mdefault[0m [36mas[0m [33mSaudiRiyal[0m, [36mdefault[0m [36mas[0m [33mSaudiRiyalIcon[0m } [36mfrom[0m.[32m..[0m
  [90m     |[0m    [31m[1m^^^^^^^^^^^^^^^^^^^^^^^^^^^^^^^^^^^^^^^^^^^^^^^^^^^^^^^^^^^^^^^^^^^^[0m
  [90m1354 |[0m ...[33mtellite[0m, [36mdefault[0m [36mas[0m [33mSatellite[0m, [36mdefault[0m [36mas[0m [33mSatelliteIcon[0m } [36mfrom[0m [32m'....[0m
  [90m1355 |[0m ...[33mveAll[0m, [36mdefault[0m [36mas[0m [33mSaveAll[0m, [36mdefault[0m [36mas[0m [33mSaveAllIcon[0m } [36mfrom[0m [32m'./icons...[0m
  [90m1356 |[0m ...[33mveOff[0m, [36mdefault[0m [36mas[0m [33mSaveOff[0m, [36mdefault[0m [36mas[0m [33mSaveOffIcon[0m } [36mfrom[0m [32m'./icons...[0m



Import traces:
  Client Component Browser:
    ./.gemini/antigravity/scratch/teacher-tracking/node_modules/lucide-react/dist/esm/lucide-react.mjs [Client Component Browser]
    ./.gemini/antigravity/scratch/teacher-tracking/src/components/pages/DailyTasksPage.tsx [Client Component Browser]
    ./.gemini/antigravity/scratch/teacher-tracking/src/components/AppShell.tsx [Client Component Browser]
    ./.gemini/antigravity/scratch/teacher-tracking/src/app/page.tsx [Client Component Browser]
    ./.gemini/antigravity/scratch/teacher-tracking/src/app/page.tsx [Server Component]

  Client Component SSR:
    ./.gemini/antigravity/scratch/teacher-tracking/node_modules/lucide-react/dist/esm/lucide-react.mjs [Client Component SSR]
    ./.gemini/antigravity/scratch/teacher-tracking/src/components/pages/DailyTasksPage.tsx [Client Component SSR]
    ./.gemini/antigravity/scratch/teacher-tracking/src/components/AppShell.tsx [Client Component SSR]
    ./.gemini/antigravity/scratch/teacher-tracking/src/app/page.tsx [Client Component SSR]
    ./.gemini/antigravity/scratch/teacher-tracking/src/app/page.tsx [Server Component]

https://nextjs.org/docs/messages/module-not-found


./.gemini/antigravity/scratch/teacher-tracking/node_modules/lucide-react/dist/esm/lucide-react.mjs:1355:1
Module not found: Can't resolve './icons/save-all.mjs'
  [90m1353 |[0m ...[33mcideSaudiRiyal[0m, [36mdefault[0m [36mas[0m [33mSaudiRiyal[0m, [36mdefault[0m [36mas[0m [33mSaudiRiyalIcon[0m ..[36m.[0m
  [90m1354 |[0m ...[33mcideSatellite[0m, [36mdefault[0m [36mas[0m [33mSatellite[0m, [36mdefault[0m [36mas[0m [33mSatelliteIcon[0m } [36mf...[0m
[31m[1m>[0m [90m1355 |[0m ...[33mcideSaveAll[0m, [36mdefault[0m [36mas[0m [33mSaveAll[0m, [36mdefault[0m [36mas[0m [33mSaveAllIcon[0m } [36mfrom[0m [32m'....[0m
  [90m     |[0m    [31m[1m^^^^^^^^^^^^^^^^^^^^^^^^^^^^^^^^^^^^^^^^^^^^^^^^^^^^^^^^^^^^^^^^^^^^[0m
  [90m1356 |[0m ...[33mcideSaveOff[0m, [36mdefault[0m [36mas[0m [33mSaveOff[0m, [36mdefault[0m [36mas[0m [33mSaveOffIcon[0m } [36mfrom[0m [32m'....[0m
  [90m1357 |[0m ...[33mcideSave[0m, [36mdefault[0m [36mas[0m [33mSave[0m, [36mdefault[0m [36mas[0m [33mSaveIcon[0m } [36mfrom[0m [32m'./icons/sa...[0m
  [90m1358 |[0m ...[33mcideScale[0m, [36mdefault[0m [36mas[0m [33mScale[0m, [36mdefault[0m [36mas[0m [33mScaleIcon[0m } [36mfrom[0m [32m'./icons...[0m



Import traces:
  Client Component Browser:
    ./.gemini/antigravity/scratch/teacher-tracking/node_modules/lucide-react/dist/esm/lucide-react.mjs [Client Component Browser]
    ./.gemini/antigravity/scratch/teacher-tracking/src/components/pages/DailyTasksPage.tsx [Client Component Browser]
    ./.gemini/antigravity/scratch/teacher-tracking/src/components/AppShell.tsx [Client Component Browser]
    ./.gemini/antigravity/scratch/teacher-tracking/src/app/page.tsx [Client Component Browser]
    ./.gemini/antigravity/scratch/teacher-tracking/src/app/page.tsx [Server Component]

  Client Component SSR:
    ./.gemini/antigravity/scratch/teacher-tracking/node_modules/lucide-react/dist/esm/lucide-react.mjs [Client Component SSR]
    ./.gemini/antigravity/scratch/teacher-tracking/src/components/pages/DailyTasksPage.tsx [Client Component SSR]
    ./.gemini/antigravity/scratch/teacher-tracking/src/components/AppShell.tsx [Client Component SSR]
    ./.gemini/antigravity/scratch/teacher-tracking/src/app/page.tsx [Client Component SSR]
    ./.gemini/antigravity/scratch/teacher-tracking/src/app/page.tsx [Server Component]

https://nextjs.org/docs/messages/module-not-found


./.gemini/antigravity/scratch/teacher-tracking/node_modules/lucide-react/dist/esm/lucide-react.mjs:1356:1
Module not found: Can't resolve './icons/save-off.mjs'
  [90m1354 |[0m ...[33mcideSatellite[0m, [36mdefault[0m [36mas[0m [33mSatellite[0m, [36mdefault[0m [36mas[0m [33mSatelliteIcon[0m } [36mf...[0m
  [90m1355 |[0m ...[33mcideSaveAll[0m, [36mdefault[0m [36mas[0m [33mSaveAll[0m, [36mdefault[0m [36mas[0m [33mSaveAllIcon[0m } [36mfrom[0m [32m'....[0m
[31m[1m>[0m [90m1356 |[0m ...[33mcideSaveOff[0m, [36mdefault[0m [36mas[0m [33mSaveOff[0m, [36mdefault[0m [36mas[0m [33mSaveOffIcon[0m } [36mfrom[0m [32m'....[0m
  [90m     |[0m    [31m[1m^^^^^^^^^^^^^^^^^^^^^^^^^^^^^^^^^^^^^^^^^^^^^^^^^^^^^^^^^^^^^^^^^^^^[0m
  [90m1357 |[0m ...[33mcideSave[0m, [36mdefault[0m [36mas[0m [33mSave[0m, [36mdefault[0m [36mas[0m [33mSaveIcon[0m } [36mfrom[0m [32m'./icons/sa...[0m
  [90m1358 |[0m ...[33mcideScale[0m, [36mdefault[0m [36mas[0m [33mScale[0m, [36mdefault[0m [36mas[0m [33mScaleIcon[0m } [36mfrom[0m [32m'./icons...[0m
  [90m1359 |[0m ...[33mcideScaling[0m, [36mdefault[0m [36mas[0m [33mScaling[0m, [36mdefault[0m [36mas[0m [33mScalingIcon[0m } [36mfrom[0m [32m'....[0m



Import traces:
  Client Component Browser:
    ./.gemini/antigravity/scratch/teacher-tracking/node_modules/lucide-react/dist/esm/lucide-react.mjs [Client Component Browser]
    ./.gemini/antigravity/scratch/teacher-tracking/src/components/pages/DailyTasksPage.tsx [Client Component Browser]
    ./.gemini/antigravity/scratch/teacher-tracking/src/components/AppShell.tsx [Client Component Browser]
    ./.gemini/antigravity/scratch/teacher-tracking/src/app/page.tsx [Client Component Browser]
    ./.gemini/antigravity/scratch/teacher-tracking/src/app/page.tsx [Server Component]

  Client Component SSR:
    ./.gemini/antigravity/scratch/teacher-tracking/node_modules/lucide-react/dist/esm/lucide-react.mjs [Client Component SSR]
    ./.gemini/antigravity/scratch/teacher-tracking/src/components/pages/DailyTasksPage.tsx [Client Component SSR]
    ./.gemini/antigravity/scratch/teacher-tracking/src/components/AppShell.tsx [Client Component SSR]
    ./.gemini/antigravity/scratch/teacher-tracking/src/app/page.tsx [Client Component SSR]
    ./.gemini/antigravity/scratch/teacher-tracking/src/app/page.tsx [Server Component]

https://nextjs.org/docs/messages/module-not-found


./.gemini/antigravity/scratch/teacher-tracking/node_modules/lucide-react/dist/esm/lucide-react.mjs:1357:1
Module not found: Can't resolve './icons/save.mjs'
  [90m1355 |[0m ...[36mt[0m [36mas[0m [33mLucideSaveAll[0m, [36mdefault[0m [36mas[0m [33mSaveAll[0m, [36mdefault[0m [36mas[0m [33mSaveAllIcon[0m } [36m...[0m
  [90m1356 |[0m ...[36mt[0m [36mas[0m [33mLucideSaveOff[0m, [36mdefault[0m [36mas[0m [33mSaveOff[0m, [36mdefault[0m [36mas[0m [33mSaveOffIcon[0m } [36m...[0m
[31m[1m>[0m [90m1357 |[0m ...[36mt[0m [36mas[0m [33mLucideSave[0m, [36mdefault[0m [36mas[0m [33mSave[0m, [36mdefault[0m [36mas[0m [33mSaveIcon[0m } [36mfrom[0m [32m'./i...[0m
  [90m     |[0m    [31m[1m^^^^^^^^^^^^^^^^^^^^^^^^^^^^^^^^^^^^^^^^^^^^^^^^^^^^^^^^^^^^^^^^^^^^[0m
  [90m1358 |[0m ...[36mt[0m [36mas[0m [33mLucideScale[0m, [36mdefault[0m [36mas[0m [33mScale[0m, [36mdefault[0m [36mas[0m [33mScaleIcon[0m } [36mfrom[0m [32m'...[0m
  [90m1359 |[0m ...[36mt[0m [36mas[0m [33mLucideScaling[0m, [36mdefault[0m [36mas[0m [33mScaling[0m, [36mdefault[0m [36mas[0m [33mScalingIcon[0m } [36m...[0m
  [90m1360 |[0m ...[36mt[0m [36mas[0m [33mLucideScanBarcode[0m, [36mdefault[0m [36mas[0m [33mScanBarcode[0m, [36mdefault[0m [36mas[0m [33mScanBa...[0m



Import traces:
  Client Component Browser:
    ./.gemini/antigravity/scratch/teacher-tracking/node_modules/lucide-react/dist/esm/lucide-react.mjs [Client Component Browser]
    ./.gemini/antigravity/scratch/teacher-tracking/src/components/pages/DailyTasksPage.tsx [Client Component Browser]
    ./.gemini/antigravity/scratch/teacher-tracking/src/components/AppShell.tsx [Client Component Browser]
    ./.gemini/antigravity/scratch/teacher-tracking/src/app/page.tsx [Client Component Browser]
    ./.gemini/antigravity/scratch/teacher-tracking/src/app/page.tsx [Server Component]

  Client Component SSR:
    ./.gemini/antigravity/scratch/teacher-tracking/node_modules/lucide-react/dist/esm/lucide-react.mjs [Client Component SSR]
    ./.gemini/antigravity/scratch/teacher-tracking/src/components/pages/DailyTasksPage.tsx [Client Component SSR]
    ./.gemini/antigravity/scratch/teacher-tracking/src/components/AppShell.tsx [Client Component SSR]
    ./.gemini/antigravity/scratch/teacher-tracking/src/app/page.tsx [Client Component SSR]
    ./.gemini/antigravity/scratch/teacher-tracking/src/app/page.tsx [Server Component]

https://nextjs.org/docs/messages/module-not-found


./.gemini/antigravity/scratch/teacher-tracking/node_modules/lucide-react/dist/esm/lucide-react.mjs:158:1
Module not found: Can't resolve './icons/scale-3d.mjs'
  [90m156 |[0m ...[36mdefault[0m [36mas[0m [33mRows[0m, [36mdefault[0m [36mas[0m [33mRows2[0m, [36mdefault[0m [36mas[0m [33mRows2Icon[0m, [36mdefault[0m [36ma.[0m.[33m.[0m
  [90m157 |[0m ...[33mcideRows3[0m, [36mdefault[0m [36mas[0m [33mPanelsTopBottom[0m, [36mdefault[0m [36mas[0m [33mPanelsTopBottomI...[0m
[31m[1m>[0m [90m158 |[0m ...[33me3d[0m, [36mdefault[0m [36mas[0m [33mScale3D[0m, [36mdefault[0m [36mas[0m [33mScale3DIcon[0m, [36mdefault[0m [36mas[0m [33mScale3.[0m..
  [90m    |[0m    [31m[1m^^^^^^^^^^^^^^^^^^^^^^^^^^^^^^^^^^^^^^^^^^^^^^^^^^^^^^^^^^^^^^^^^^^^^[0m
  [90m159 |[0m ...[33mdeSendHorizontal[0m, [36mdefault[0m [36mas[0m [33mSendHorizonal[0m, [36mdefault[0m [36mas[0m [33mSendHorizon...[0m
  [90m160 |[0m ...[33mideShieldQuestionMark[0m, [36mdefault[0m [36mas[0m [33mShieldQuestion[0m, [36mdefault[0m [36mas[0m [33mShiel...[0m
  [90m161 |[0m ...[33mShieldX[0m, [36mdefault[0m [36mas[0m [33mShieldClose[0m, [36mdefault[0m [36mas[0m [33mShieldCloseIcon[0m, [36mdefau..[0m.



Import traces:
  Client Component Browser:
    ./.gemini/antigravity/scratch/teacher-tracking/node_modules/lucide-react/dist/esm/lucide-react.mjs [Client Component Browser]
    ./.gemini/antigravity/scratch/teacher-tracking/src/components/pages/DailyTasksPage.tsx [Client Component Browser]
    ./.gemini/antigravity/scratch/teacher-tracking/src/components/AppShell.tsx [Client Component Browser]
    ./.gemini/antigravity/scratch/teacher-tracking/src/app/page.tsx [Client Component Browser]
    ./.gemini/antigravity/scratch/teacher-tracking/src/app/page.tsx [Server Component]

  Client Component SSR:
    ./.gemini/antigravity/scratch/teacher-tracking/node_modules/lucide-react/dist/esm/lucide-react.mjs [Client Component SSR]
    ./.gemini/antigravity/scratch/teacher-tracking/src/components/pages/DailyTasksPage.tsx [Client Component SSR]
    ./.gemini/antigravity/scratch/teacher-tracking/src/components/AppShell.tsx [Client Component SSR]
    ./.gemini/antigravity/scratch/teacher-tracking/src/app/page.tsx [Client Component SSR]
    ./.gemini/antigravity/scratch/teacher-tracking/src/app/page.tsx [Server Component]

https://nextjs.org/docs/messages/module-not-found


./.gemini/antigravity/scratch/teacher-tracking/node_modules/lucide-react/dist/esm/lucide-react.mjs:1358:1
Module not found: Can't resolve './icons/scale.mjs'
  [90m1356 |[0m ...[36mas[0m [33mLucideSaveOff[0m, [36mdefault[0m [36mas[0m [33mSaveOff[0m, [36mdefault[0m [36mas[0m [33mSaveOffIcon[0m } [36mfr..[0m.
  [90m1357 |[0m ...[36mas[0m [33mLucideSave[0m, [36mdefault[0m [36mas[0m [33mSave[0m, [36mdefault[0m [36mas[0m [33mSaveIcon[0m } [36mfrom[0m [32m'./ico...[0m
[31m[1m>[0m [90m1358 |[0m ...[36mas[0m [33mLucideScale[0m, [36mdefault[0m [36mas[0m [33mScale[0m, [36mdefault[0m [36mas[0m [33mScaleIcon[0m } [36mfrom[0m [32m'./...[0m
  [90m     |[0m    [31m[1m^^^^^^^^^^^^^^^^^^^^^^^^^^^^^^^^^^^^^^^^^^^^^^^^^^^^^^^^^^^^^^^^^^^^[0m
  [90m1359 |[0m ...[36mas[0m [33mLucideScaling[0m, [36mdefault[0m [36mas[0m [33mScaling[0m, [36mdefault[0m [36mas[0m [33mScalingIcon[0m } [36mfr..[0m.
  [90m1360 |[0m ...[36mas[0m [33mLucideScanBarcode[0m, [36mdefault[0m [36mas[0m [33mScanBarcode[0m, [36mdefault[0m [36mas[0m [33mScanBarc...[0m
  [90m1361 |[0m ...[36mas[0m [33mLucideScanEye[0m, [36mdefault[0m [36mas[0m [33mScanEye[0m, [36mdefault[0m [36mas[0m [33mScanEyeIcon[0m } [36mfr..[0m.



Import traces:
  Client Component Browser:
    ./.gemini/antigravity/scratch/teacher-tracking/node_modules/lucide-react/dist/esm/lucide-react.mjs [Client Component Browser]
    ./.gemini/antigravity/scratch/teacher-tracking/src/components/pages/DailyTasksPage.tsx [Client Component Browser]
    ./.gemini/antigravity/scratch/teacher-tracking/src/components/AppShell.tsx [Client Component Browser]
    ./.gemini/antigravity/scratch/teacher-tracking/src/app/page.tsx [Client Component Browser]
    ./.gemini/antigravity/scratch/teacher-tracking/src/app/page.tsx [Server Component]

  Client Component SSR:
    ./.gemini/antigravity/scratch/teacher-tracking/node_modules/lucide-react/dist/esm/lucide-react.mjs [Client Component SSR]
    ./.gemini/antigravity/scratch/teacher-tracking/src/components/pages/DailyTasksPage.tsx [Client Component SSR]
    ./.gemini/antigravity/scratch/teacher-tracking/src/components/AppShell.tsx [Client Component SSR]
    ./.gemini/antigravity/scratch/teacher-tracking/src/app/page.tsx [Client Component SSR]
    ./.gemini/antigravity/scratch/teacher-tracking/src/app/page.tsx [Server Component]

https://nextjs.org/docs/messages/module-not-found


./.gemini/antigravity/scratch/teacher-tracking/node_modules/lucide-react/dist/esm/lucide-react.mjs:1359:1
Module not found: Can't resolve './icons/scaling.mjs'
  [90m1357 |[0m ...[33mucideSave[0m, [36mdefault[0m [36mas[0m [33mSave[0m, [36mdefault[0m [36mas[0m [33mSaveIcon[0m } [36mfrom[0m [32m'./icons/s...[0m
  [90m1358 |[0m ...[33mucideScale[0m, [36mdefault[0m [36mas[0m [33mScale[0m, [36mdefault[0m [36mas[0m [33mScaleIcon[0m } [36mfrom[0m [32m'./icon...[0m
[31m[1m>[0m [90m1359 |[0m ...[33mucideScaling[0m, [36mdefault[0m [36mas[0m [33mScaling[0m, [36mdefault[0m [36mas[0m [33mScalingIcon[0m } [36mfrom[0m [32m'...[0m
  [90m     |[0m    [31m[1m^^^^^^^^^^^^^^^^^^^^^^^^^^^^^^^^^^^^^^^^^^^^^^^^^^^^^^^^^^^^^^^^^^^^[0m
  [90m1360 |[0m ...[33mucideScanBarcode[0m, [36mdefault[0m [36mas[0m [33mScanBarcode[0m, [36mdefault[0m [36mas[0m [33mScanBarcodeI...[0m
  [90m1361 |[0m ...[33mucideScanEye[0m, [36mdefault[0m [36mas[0m [33mScanEye[0m, [36mdefault[0m [36mas[0m [33mScanEyeIcon[0m } [36mfrom[0m [32m'...[0m
  [90m1362 |[0m ...[33mucideScanFace[0m, [36mdefault[0m [36mas[0m [33mScanFace[0m, [36mdefault[0m [36mas[0m [33mScanFaceIcon[0m } [36mfro.[0m.[32m.[0m



Import traces:
  Client Component Browser:
    ./.gemini/antigravity/scratch/teacher-tracking/node_modules/lucide-react/dist/esm/lucide-react.mjs [Client Component Browser]
    ./.gemini/antigravity/scratch/teacher-tracking/src/components/pages/DailyTasksPage.tsx [Client Component Browser]
    ./.gemini/antigravity/scratch/teacher-tracking/src/components/AppShell.tsx [Client Component Browser]
    ./.gemini/antigravity/scratch/teacher-tracking/src/app/page.tsx [Client Component Browser]
    ./.gemini/antigravity/scratch/teacher-tracking/src/app/page.tsx [Server Component]

  Client Component SSR:
    ./.gemini/antigravity/scratch/teacher-tracking/node_modules/lucide-react/dist/esm/lucide-react.mjs [Client Component SSR]
    ./.gemini/antigravity/scratch/teacher-tracking/src/components/pages/DailyTasksPage.tsx [Client Component SSR]
    ./.gemini/antigravity/scratch/teacher-tracking/src/components/AppShell.tsx [Client Component SSR]
    ./.gemini/antigravity/scratch/teacher-tracking/src/app/page.tsx [Client Component SSR]
    ./.gemini/antigravity/scratch/teacher-tracking/src/app/page.tsx [Server Component]

https://nextjs.org/docs/messages/module-not-found


./.gemini/antigravity/scratch/teacher-tracking/node_modules/lucide-react/dist/esm/lucide-react.mjs:1360:1
Module not found: Can't resolve './icons/scan-barcode.mjs'
  [90m1358 |[0m ...[33me[0m, [36mdefault[0m [36mas[0m [33mScale[0m, [36mdefault[0m [36mas[0m [33mScaleIcon[0m } [36mfrom[0m [32m'./icons/scale.m...[0m
  [90m1359 |[0m ...[33ming[0m, [36mdefault[0m [36mas[0m [33mScaling[0m, [36mdefault[0m [36mas[0m [33mScalingIcon[0m } [36mfrom[0m [32m'./icons/s...[0m
[31m[1m>[0m [90m1360 |[0m ...[33mBarcode[0m, [36mdefault[0m [36mas[0m [33mScanBarcode[0m, [36mdefault[0m [36mas[0m [33mScanBarcodeIcon[0m } [36mfro.[0m.[32m.[0m
  [90m     |[0m    [31m[1m^^^^^^^^^^^^^^^^^^^^^^^^^^^^^^^^^^^^^^^^^^^^^^^^^^^^^^^^^^^^^^^^^^^^[0m
  [90m1361 |[0m ...[33mEye[0m, [36mdefault[0m [36mas[0m [33mScanEye[0m, [36mdefault[0m [36mas[0m [33mScanEyeIcon[0m } [36mfrom[0m [32m'./icons/s...[0m
  [90m1362 |[0m ...[33mFace[0m, [36mdefault[0m [36mas[0m [33mScanFace[0m, [36mdefault[0m [36mas[0m [33mScanFaceIcon[0m } [36mfrom[0m [32m'./icon...[0m
  [90m1363 |[0m ...[33mHeart[0m, [36mdefault[0m [36mas[0m [33mScanHeart[0m, [36mdefault[0m [36mas[0m [33mScanHeartIcon[0m } [36mfrom[0m [32m'./i...[0m



Import traces:
  Client Component Browser:
    ./.gemini/antigravity/scratch/teacher-tracking/node_modules/lucide-react/dist/esm/lucide-react.mjs [Client Component Browser]
    ./.gemini/antigravity/scratch/teacher-tracking/src/components/pages/DailyTasksPage.tsx [Client Component Browser]
    ./.gemini/antigravity/scratch/teacher-tracking/src/components/AppShell.tsx [Client Component Browser]
    ./.gemini/antigravity/scratch/teacher-tracking/src/app/page.tsx [Client Component Browser]
    ./.gemini/antigravity/scratch/teacher-tracking/src/app/page.tsx [Server Component]

  Client Component SSR:
    ./.gemini/antigravity/scratch/teacher-tracking/node_modules/lucide-react/dist/esm/lucide-react.mjs [Client Component SSR]
    ./.gemini/antigravity/scratch/teacher-tracking/src/components/pages/DailyTasksPage.tsx [Client Component SSR]
    ./.gemini/antigravity/scratch/teacher-tracking/src/components/AppShell.tsx [Client Component SSR]
    ./.gemini/antigravity/scratch/teacher-tracking/src/app/page.tsx [Client Component SSR]
    ./.gemini/antigravity/scratch/teacher-tracking/src/app/page.tsx [Server Component]

https://nextjs.org/docs/messages/module-not-found


./.gemini/antigravity/scratch/teacher-tracking/node_modules/lucide-react/dist/esm/lucide-react.mjs:1361:1
Module not found: Can't resolve './icons/scan-eye.mjs'
  [90m1359 |[0m ...[33mcideScaling[0m, [36mdefault[0m [36mas[0m [33mScaling[0m, [36mdefault[0m [36mas[0m [33mScalingIcon[0m } [36mfrom[0m [32m'....[0m
  [90m1360 |[0m ...[33mcideScanBarcode[0m, [36mdefault[0m [36mas[0m [33mScanBarcode[0m, [36mdefault[0m [36mas[0m [33mScanBarcodeIc..[0m.
[31m[1m>[0m [90m1361 |[0m ...[33mcideScanEye[0m, [36mdefault[0m [36mas[0m [33mScanEye[0m, [36mdefault[0m [36mas[0m [33mScanEyeIcon[0m } [36mfrom[0m [32m'....[0m
  [90m     |[0m    [31m[1m^^^^^^^^^^^^^^^^^^^^^^^^^^^^^^^^^^^^^^^^^^^^^^^^^^^^^^^^^^^^^^^^^^^^[0m
  [90m1362 |[0m ...[33mcideScanFace[0m, [36mdefault[0m [36mas[0m [33mScanFace[0m, [36mdefault[0m [36mas[0m [33mScanFaceIcon[0m } [36mfrom[0m.[32m..[0m
  [90m1363 |[0m ...[33mcideScanHeart[0m, [36mdefault[0m [36mas[0m [33mScanHeart[0m, [36mdefault[0m [36mas[0m [33mScanHeartIcon[0m } [36mf...[0m
  [90m1364 |[0m ...[33mcideScanLine[0m, [36mdefault[0m [36mas[0m [33mScanLine[0m, [36mdefault[0m [36mas[0m [33mScanLineIcon[0m } [36mfrom[0m.[32m..[0m



Import traces:
  Client Component Browser:
    ./.gemini/antigravity/scratch/teacher-tracking/node_modules/lucide-react/dist/esm/lucide-react.mjs [Client Component Browser]
    ./.gemini/antigravity/scratch/teacher-tracking/src/components/pages/DailyTasksPage.tsx [Client Component Browser]
    ./.gemini/antigravity/scratch/teacher-tracking/src/components/AppShell.tsx [Client Component Browser]
    ./.gemini/antigravity/scratch/teacher-tracking/src/app/page.tsx [Client Component Browser]
    ./.gemini/antigravity/scratch/teacher-tracking/src/app/page.tsx [Server Component]

  Client Component SSR:
    ./.gemini/antigravity/scratch/teacher-tracking/node_modules/lucide-react/dist/esm/lucide-react.mjs [Client Component SSR]
    ./.gemini/antigravity/scratch/teacher-tracking/src/components/pages/DailyTasksPage.tsx [Client Component SSR]
    ./.gemini/antigravity/scratch/teacher-tracking/src/components/AppShell.tsx [Client Component SSR]
    ./.gemini/antigravity/scratch/teacher-tracking/src/app/page.tsx [Client Component SSR]
    ./.gemini/antigravity/scratch/teacher-tracking/src/app/page.tsx [Server Component]

https://nextjs.org/docs/messages/module-not-found


./.gemini/antigravity/scratch/teacher-tracking/node_modules/lucide-react/dist/esm/lucide-react.mjs:1362:1
Module not found: Can't resolve './icons/scan-face.mjs'
  [90m1360 |[0m ...[33mdeScanBarcode[0m, [36mdefault[0m [36mas[0m [33mScanBarcode[0m, [36mdefault[0m [36mas[0m [33mScanBarcodeIcon[0m...
  [90m1361 |[0m ...[33mdeScanEye[0m, [36mdefault[0m [36mas[0m [33mScanEye[0m, [36mdefault[0m [36mas[0m [33mScanEyeIcon[0m } [36mfrom[0m [32m'./i...[0m
[31m[1m>[0m [90m1362 |[0m ...[33mdeScanFace[0m, [36mdefault[0m [36mas[0m [33mScanFace[0m, [36mdefault[0m [36mas[0m [33mScanFaceIcon[0m } [36mfrom[0m [32m'...[0m
  [90m     |[0m    [31m[1m^^^^^^^^^^^^^^^^^^^^^^^^^^^^^^^^^^^^^^^^^^^^^^^^^^^^^^^^^^^^^^^^^^^^[0m
  [90m1363 |[0m ...[33mdeScanHeart[0m, [36mdefault[0m [36mas[0m [33mScanHeart[0m, [36mdefault[0m [36mas[0m [33mScanHeartIcon[0m } [36mfro.[0m.[32m.[0m
  [90m1364 |[0m ...[33mdeScanLine[0m, [36mdefault[0m [36mas[0m [33mScanLine[0m, [36mdefault[0m [36mas[0m [33mScanLineIcon[0m } [36mfrom[0m [32m'...[0m
  [90m1365 |[0m ...[33mdeScanQrCode[0m, [36mdefault[0m [36mas[0m [33mScanQrCode[0m, [36mdefault[0m [36mas[0m [33mScanQrCodeIcon[0m } [36m...[0m



Import traces:
  Client Component Browser:
    ./.gemini/antigravity/scratch/teacher-tracking/node_modules/lucide-react/dist/esm/lucide-react.mjs [Client Component Browser]
    ./.gemini/antigravity/scratch/teacher-tracking/src/components/pages/DailyTasksPage.tsx [Client Component Browser]
    ./.gemini/antigravity/scratch/teacher-tracking/src/components/AppShell.tsx [Client Component Browser]
    ./.gemini/antigravity/scratch/teacher-tracking/src/app/page.tsx [Client Component Browser]
    ./.gemini/antigravity/scratch/teacher-tracking/src/app/page.tsx [Server Component]

  Client Component SSR:
    ./.gemini/antigravity/scratch/teacher-tracking/node_modules/lucide-react/dist/esm/lucide-react.mjs [Client Component SSR]
    ./.gemini/antigravity/scratch/teacher-tracking/src/components/pages/DailyTasksPage.tsx [Client Component SSR]
    ./.gemini/antigravity/scratch/teacher-tracking/src/components/AppShell.tsx [Client Component SSR]
    ./.gemini/antigravity/scratch/teacher-tracking/src/app/page.tsx [Client Component SSR]
    ./.gemini/antigravity/scratch/teacher-tracking/src/app/page.tsx [Server Component]

https://nextjs.org/docs/messages/module-not-found


./.gemini/antigravity/scratch/teacher-tracking/node_modules/lucide-react/dist/esm/lucide-react.mjs:1363:1
Module not found: Can't resolve './icons/scan-heart.mjs'
  [90m1361 |[0m ...[33mScanEye[0m, [36mdefault[0m [36mas[0m [33mScanEye[0m, [36mdefault[0m [36mas[0m [33mScanEyeIcon[0m } [36mfrom[0m [32m'./ico...[0m
  [90m1362 |[0m ...[33mScanFace[0m, [36mdefault[0m [36mas[0m [33mScanFace[0m, [36mdefault[0m [36mas[0m [33mScanFaceIcon[0m } [36mfrom[0m [32m'./...[0m
[31m[1m>[0m [90m1363 |[0m ...[33mScanHeart[0m, [36mdefault[0m [36mas[0m [33mScanHeart[0m, [36mdefault[0m [36mas[0m [33mScanHeartIcon[0m } [36mfrom[0m [32m...[0m
  [90m     |[0m    [31m[1m^^^^^^^^^^^^^^^^^^^^^^^^^^^^^^^^^^^^^^^^^^^^^^^^^^^^^^^^^^^^^^^^^^^^[0m
  [90m1364 |[0m ...[33mScanLine[0m, [36mdefault[0m [36mas[0m [33mScanLine[0m, [36mdefault[0m [36mas[0m [33mScanLineIcon[0m } [36mfrom[0m [32m'./...[0m
  [90m1365 |[0m ...[33mScanQrCode[0m, [36mdefault[0m [36mas[0m [33mScanQrCode[0m, [36mdefault[0m [36mas[0m [33mScanQrCodeIcon[0m } [36mfr..[0m.
  [90m1366 |[0m ...[33mScanSearch[0m, [36mdefault[0m [36mas[0m [33mScanSearch[0m, [36mdefault[0m [36mas[0m [33mScanSearchIcon[0m } [36mfr..[0m.



Import traces:
  Client Component Browser:
    ./.gemini/antigravity/scratch/teacher-tracking/node_modules/lucide-react/dist/esm/lucide-react.mjs [Client Component Browser]
    ./.gemini/antigravity/scratch/teacher-tracking/src/components/pages/DailyTasksPage.tsx [Client Component Browser]
    ./.gemini/antigravity/scratch/teacher-tracking/src/components/AppShell.tsx [Client Component Browser]
    ./.gemini/antigravity/scratch/teacher-tracking/src/app/page.tsx [Client Component Browser]
    ./.gemini/antigravity/scratch/teacher-tracking/src/app/page.tsx [Server Component]

  Client Component SSR:
    ./.gemini/antigravity/scratch/teacher-tracking/node_modules/lucide-react/dist/esm/lucide-react.mjs [Client Component SSR]
    ./.gemini/antigravity/scratch/teacher-tracking/src/components/pages/DailyTasksPage.tsx [Client Component SSR]
    ./.gemini/antigravity/scratch/teacher-tracking/src/components/AppShell.tsx [Client Component SSR]
    ./.gemini/antigravity/scratch/teacher-tracking/src/app/page.tsx [Client Component SSR]
    ./.gemini/antigravity/scratch/teacher-tracking/src/app/page.tsx [Server Component]

https://nextjs.org/docs/messages/module-not-found


./.gemini/antigravity/scratch/teacher-tracking/node_modules/lucide-react/dist/esm/lucide-react.mjs:1364:1
Module not found: Can't resolve './icons/scan-line.mjs'
  [90m1362 |[0m ...[33mdeScanFace[0m, [36mdefault[0m [36mas[0m [33mScanFace[0m, [36mdefault[0m [36mas[0m [33mScanFaceIcon[0m } [36mfrom[0m [32m'...[0m
  [90m1363 |[0m ...[33mdeScanHeart[0m, [36mdefault[0m [36mas[0m [33mScanHeart[0m, [36mdefault[0m [36mas[0m [33mScanHeartIcon[0m } [36mfro.[0m.[32m.[0m
[31m[1m>[0m [90m1364 |[0m ...[33mdeScanLine[0m, [36mdefault[0m [36mas[0m [33mScanLine[0m, [36mdefault[0m [36mas[0m [33mScanLineIcon[0m } [36mfrom[0m [32m'...[0m
  [90m     |[0m    [31m[1m^^^^^^^^^^^^^^^^^^^^^^^^^^^^^^^^^^^^^^^^^^^^^^^^^^^^^^^^^^^^^^^^^^^^[0m
  [90m1365 |[0m ...[33mdeScanQrCode[0m, [36mdefault[0m [36mas[0m [33mScanQrCode[0m, [36mdefault[0m [36mas[0m [33mScanQrCodeIcon[0m } [36m...[0m
  [90m1366 |[0m ...[33mdeScanSearch[0m, [36mdefault[0m [36mas[0m [33mScanSearch[0m, [36mdefault[0m [36mas[0m [33mScanSearchIcon[0m } [36m...[0m
  [90m1367 |[0m ...[33mdeScanText[0m, [36mdefault[0m [36mas[0m [33mScanText[0m, [36mdefault[0m [36mas[0m [33mScanTextIcon[0m } [36mfrom[0m [32m'...[0m



Import traces:
  Client Component Browser:
    ./.gemini/antigravity/scratch/teacher-tracking/node_modules/lucide-react/dist/esm/lucide-react.mjs [Client Component Browser]
    ./.gemini/antigravity/scratch/teacher-tracking/src/components/pages/DailyTasksPage.tsx [Client Component Browser]
    ./.gemini/antigravity/scratch/teacher-tracking/src/components/AppShell.tsx [Client Component Browser]
    ./.gemini/antigravity/scratch/teacher-tracking/src/app/page.tsx [Client Component Browser]
    ./.gemini/antigravity/scratch/teacher-tracking/src/app/page.tsx [Server Component]

  Client Component SSR:
    ./.gemini/antigravity/scratch/teacher-tracking/node_modules/lucide-react/dist/esm/lucide-react.mjs [Client Component SSR]
    ./.gemini/antigravity/scratch/teacher-tracking/src/components/pages/DailyTasksPage.tsx [Client Component SSR]
    ./.gemini/antigravity/scratch/teacher-tracking/src/components/AppShell.tsx [Client Component SSR]
    ./.gemini/antigravity/scratch/teacher-tracking/src/app/page.tsx [Client Component SSR]
    ./.gemini/antigravity/scratch/teacher-tracking/src/app/page.tsx [Server Component]

https://nextjs.org/docs/messages/module-not-found


./.gemini/antigravity/scratch/teacher-tracking/node_modules/lucide-react/dist/esm/lucide-react.mjs:1365:1
Module not found: Can't resolve './icons/scan-qr-code.mjs'
  [90m1363 |[0m ...[33manHeart[0m, [36mdefault[0m [36mas[0m [33mScanHeart[0m, [36mdefault[0m [36mas[0m [33mScanHeartIcon[0m } [36mfrom[0m [32m'....[0m
  [90m1364 |[0m ...[33manLine[0m, [36mdefault[0m [36mas[0m [33mScanLine[0m, [36mdefault[0m [36mas[0m [33mScanLineIcon[0m } [36mfrom[0m [32m'./ic...[0m
[31m[1m>[0m [90m1365 |[0m ...[33manQrCode[0m, [36mdefault[0m [36mas[0m [33mScanQrCode[0m, [36mdefault[0m [36mas[0m [33mScanQrCodeIcon[0m } [36mfrom[0m.[32m..[0m
  [90m     |[0m    [31m[1m^^^^^^^^^^^^^^^^^^^^^^^^^^^^^^^^^^^^^^^^^^^^^^^^^^^^^^^^^^^^^^^^^^^^[0m
  [90m1366 |[0m ...[33manSearch[0m, [36mdefault[0m [36mas[0m [33mScanSearch[0m, [36mdefault[0m [36mas[0m [33mScanSearchIcon[0m } [36mfrom[0m.[32m..[0m
  [90m1367 |[0m ...[33manText[0m, [36mdefault[0m [36mas[0m [33mScanText[0m, [36mdefault[0m [36mas[0m [33mScanTextIcon[0m } [36mfrom[0m [32m'./ic...[0m
  [90m1368 |[0m ...[33man[0m, [36mdefault[0m [36mas[0m [33mScan[0m, [36mdefault[0m [36mas[0m [33mScanIcon[0m } [36mfrom[0m [32m'./icons/scan.mjs'[0m;



Import traces:
  Client Component Browser:
    ./.gemini/antigravity/scratch/teacher-tracking/node_modules/lucide-react/dist/esm/lucide-react.mjs [Client Component Browser]
    ./.gemini/antigravity/scratch/teacher-tracking/src/components/pages/DailyTasksPage.tsx [Client Component Browser]
    ./.gemini/antigravity/scratch/teacher-tracking/src/components/AppShell.tsx [Client Component Browser]
    ./.gemini/antigravity/scratch/teacher-tracking/src/app/page.tsx [Client Component Browser]
    ./.gemini/antigravity/scratch/teacher-tracking/src/app/page.tsx [Server Component]

  Client Component SSR:
    ./.gemini/antigravity/scratch/teacher-tracking/node_modules/lucide-react/dist/esm/lucide-react.mjs [Client Component SSR]
    ./.gemini/antigravity/scratch/teacher-tracking/src/components/pages/DailyTasksPage.tsx [Client Component SSR]
    ./.gemini/antigravity/scratch/teacher-tracking/src/components/AppShell.tsx [Client Component SSR]
    ./.gemini/antigravity/scratch/teacher-tracking/src/app/page.tsx [Client Component SSR]
    ./.gemini/antigravity/scratch/teacher-tracking/src/app/page.tsx [Server Component]

https://nextjs.org/docs/messages/module-not-found


./.gemini/antigravity/scratch/teacher-tracking/node_modules/lucide-react/dist/esm/lucide-react.mjs:1366:1
Module not found: Can't resolve './icons/scan-search.mjs'
  [90m1364 |[0m ...[33manLine[0m, [36mdefault[0m [36mas[0m [33mScanLine[0m, [36mdefault[0m [36mas[0m [33mScanLineIcon[0m } [36mfrom[0m [32m'./ic...[0m
  [90m1365 |[0m ...[33manQrCode[0m, [36mdefault[0m [36mas[0m [33mScanQrCode[0m, [36mdefault[0m [36mas[0m [33mScanQrCodeIcon[0m } [36mfrom[0m.[32m..[0m
[31m[1m>[0m [90m1366 |[0m ...[33manSearch[0m, [36mdefault[0m [36mas[0m [33mScanSearch[0m, [36mdefault[0m [36mas[0m [33mScanSearchIcon[0m } [36mfrom[0m.[32m..[0m
  [90m     |[0m    [31m[1m^^^^^^^^^^^^^^^^^^^^^^^^^^^^^^^^^^^^^^^^^^^^^^^^^^^^^^^^^^^^^^^^^^^^[0m
  [90m1367 |[0m ...[33manText[0m, [36mdefault[0m [36mas[0m [33mScanText[0m, [36mdefault[0m [36mas[0m [33mScanTextIcon[0m } [36mfrom[0m [32m'./ic...[0m
  [90m1368 |[0m ...[33man[0m, [36mdefault[0m [36mas[0m [33mScan[0m, [36mdefault[0m [36mas[0m [33mScanIcon[0m } [36mfrom[0m [32m'./icons/scan.mjs'[0m;
  [90m1369 |[0m ...[33mhool[0m, [36mdefault[0m [36mas[0m [33mSchool[0m, [36mdefault[0m [36mas[0m [33mSchoolIcon[0m } [36mfrom[0m [32m'./icons/sc...[0m



Import traces:
  Client Component Browser:
    ./.gemini/antigravity/scratch/teacher-tracking/node_modules/lucide-react/dist/esm/lucide-react.mjs [Client Component Browser]
    ./.gemini/antigravity/scratch/teacher-tracking/src/components/pages/DailyTasksPage.tsx [Client Component Browser]
    ./.gemini/antigravity/scratch/teacher-tracking/src/components/AppShell.tsx [Client Component Browser]
    ./.gemini/antigravity/scratch/teacher-tracking/src/app/page.tsx [Client Component Browser]
    ./.gemini/antigravity/scratch/teacher-tracking/src/app/page.tsx [Server Component]

  Client Component SSR:
    ./.gemini/antigravity/scratch/teacher-tracking/node_modules/lucide-react/dist/esm/lucide-react.mjs [Client Component SSR]
    ./.gemini/antigravity/scratch/teacher-tracking/src/components/pages/DailyTasksPage.tsx [Client Component SSR]
    ./.gemini/antigravity/scratch/teacher-tracking/src/components/AppShell.tsx [Client Component SSR]
    ./.gemini/antigravity/scratch/teacher-tracking/src/app/page.tsx [Client Component SSR]
    ./.gemini/antigravity/scratch/teacher-tracking/src/app/page.tsx [Server Component]

https://nextjs.org/docs/messages/module-not-found


./.gemini/antigravity/scratch/teacher-tracking/node_modules/lucide-react/dist/esm/lucide-react.mjs:1367:1
Module not found: Can't resolve './icons/scan-text.mjs'
  [90m1365 |[0m ...[33mdeScanQrCode[0m, [36mdefault[0m [36mas[0m [33mScanQrCode[0m, [36mdefault[0m [36mas[0m [33mScanQrCodeIcon[0m } [36m...[0m
  [90m1366 |[0m ...[33mdeScanSearch[0m, [36mdefault[0m [36mas[0m [33mScanSearch[0m, [36mdefault[0m [36mas[0m [33mScanSearchIcon[0m } [36m...[0m
[31m[1m>[0m [90m1367 |[0m ...[33mdeScanText[0m, [36mdefault[0m [36mas[0m [33mScanText[0m, [36mdefault[0m [36mas[0m [33mScanTextIcon[0m } [36mfrom[0m [32m'...[0m
  [90m     |[0m    [31m[1m^^^^^^^^^^^^^^^^^^^^^^^^^^^^^^^^^^^^^^^^^^^^^^^^^^^^^^^^^^^^^^^^^^^^[0m
  [90m1368 |[0m ...[33mdeScan[0m, [36mdefault[0m [36mas[0m [33mScan[0m, [36mdefault[0m [36mas[0m [33mScanIcon[0m } [36mfrom[0m [32m'./icons/scan...[0m
  [90m1369 |[0m ...[33mdeSchool[0m, [36mdefault[0m [36mas[0m [33mSchool[0m, [36mdefault[0m [36mas[0m [33mSchoolIcon[0m } [36mfrom[0m [32m'./icon...[0m
  [90m1370 |[0m ...[33mdeScissors[0m, [36mdefault[0m [36mas[0m [33mScissors[0m, [36mdefault[0m [36mas[0m [33mScissorsIcon[0m } [36mfrom[0m [32m'...[0m



Import traces:
  Client Component Browser:
    ./.gemini/antigravity/scratch/teacher-tracking/node_modules/lucide-react/dist/esm/lucide-react.mjs [Client Component Browser]
    ./.gemini/antigravity/scratch/teacher-tracking/src/components/pages/DailyTasksPage.tsx [Client Component Browser]
    ./.gemini/antigravity/scratch/teacher-tracking/src/components/AppShell.tsx [Client Component Browser]
    ./.gemini/antigravity/scratch/teacher-tracking/src/app/page.tsx [Client Component Browser]
    ./.gemini/antigravity/scratch/teacher-tracking/src/app/page.tsx [Server Component]

  Client Component SSR:
    ./.gemini/antigravity/scratch/teacher-tracking/node_modules/lucide-react/dist/esm/lucide-react.mjs [Client Component SSR]
    ./.gemini/antigravity/scratch/teacher-tracking/src/components/pages/DailyTasksPage.tsx [Client Component SSR]
    ./.gemini/antigravity/scratch/teacher-tracking/src/components/AppShell.tsx [Client Component SSR]
    ./.gemini/antigravity/scratch/teacher-tracking/src/app/page.tsx [Client Component SSR]
    ./.gemini/antigravity/scratch/teacher-tracking/src/app/page.tsx [Server Component]

https://nextjs.org/docs/messages/module-not-found


./.gemini/antigravity/scratch/teacher-tracking/node_modules/lucide-react/dist/esm/lucide-react.mjs:1368:1
Module not found: Can't resolve './icons/scan.mjs'
  [90m1366 |[0m ...[36mt[0m [36mas[0m [33mLucideScanSearch[0m, [36mdefault[0m [36mas[0m [33mScanSearch[0m, [36mdefault[0m [36mas[0m [33mScanSear...[0m
  [90m1367 |[0m ...[36mt[0m [36mas[0m [33mLucideScanText[0m, [36mdefault[0m [36mas[0m [33mScanText[0m, [36mdefault[0m [36mas[0m [33mScanTextIcon[0m...
[31m[1m>[0m [90m1368 |[0m ...[36mt[0m [36mas[0m [33mLucideScan[0m, [36mdefault[0m [36mas[0m [33mScan[0m, [36mdefault[0m [36mas[0m [33mScanIcon[0m } [36mfrom[0m [32m'./i...[0m
  [90m     |[0m    [31m[1m^^^^^^^^^^^^^^^^^^^^^^^^^^^^^^^^^^^^^^^^^^^^^^^^^^^^^^^^^^^^^^^^^^^^[0m
  [90m1369 |[0m ...[36mt[0m [36mas[0m [33mLucideSchool[0m, [36mdefault[0m [36mas[0m [33mSchool[0m, [36mdefault[0m [36mas[0m [33mSchoolIcon[0m } [36mfro.[0m.[32m.[0m
  [90m1370 |[0m ...[36mt[0m [36mas[0m [33mLucideScissors[0m, [36mdefault[0m [36mas[0m [33mScissors[0m, [36mdefault[0m [36mas[0m [33mScissorsIcon[0m...
  [90m1371 |[0m ...[36mt[0m [36mas[0m [33mLucideScissorsLineDashed[0m, [36mdefault[0m [36mas[0m [33mScissorsLineDashed[0m, [36mdef...[0m



Import traces:
  Client Component Browser:
    ./.gemini/antigravity/scratch/teacher-tracking/node_modules/lucide-react/dist/esm/lucide-react.mjs [Client Component Browser]
    ./.gemini/antigravity/scratch/teacher-tracking/src/components/pages/DailyTasksPage.tsx [Client Component Browser]
    ./.gemini/antigravity/scratch/teacher-tracking/src/components/AppShell.tsx [Client Component Browser]
    ./.gemini/antigravity/scratch/teacher-tracking/src/app/page.tsx [Client Component Browser]
    ./.gemini/antigravity/scratch/teacher-tracking/src/app/page.tsx [Server Component]

  Client Component SSR:
    ./.gemini/antigravity/scratch/teacher-tracking/node_modules/lucide-react/dist/esm/lucide-react.mjs [Client Component SSR]
    ./.gemini/antigravity/scratch/teacher-tracking/src/components/pages/DailyTasksPage.tsx [Client Component SSR]
    ./.gemini/antigravity/scratch/teacher-tracking/src/components/AppShell.tsx [Client Component SSR]
    ./.gemini/antigravity/scratch/teacher-tracking/src/app/page.tsx [Client Component SSR]
    ./.gemini/antigravity/scratch/teacher-tracking/src/app/page.tsx [Server Component]

https://nextjs.org/docs/messages/module-not-found


./.gemini/antigravity/scratch/teacher-tracking/node_modules/lucide-react/dist/esm/lucide-react.mjs:1369:1
Module not found: Can't resolve './icons/school.mjs'
  [90m1367 |[0m ... [33mLucideScanText[0m, [36mdefault[0m [36mas[0m [33mScanText[0m, [36mdefault[0m [36mas[0m [33mScanTextIcon[0m } [36mf...[0m
  [90m1368 |[0m ... [33mLucideScan[0m, [36mdefault[0m [36mas[0m [33mScan[0m, [36mdefault[0m [36mas[0m [33mScanIcon[0m } [36mfrom[0m [32m'./icons...[0m
[31m[1m>[0m [90m1369 |[0m ... [33mLucideSchool[0m, [36mdefault[0m [36mas[0m [33mSchool[0m, [36mdefault[0m [36mas[0m [33mSchoolIcon[0m } [36mfrom[0m [32m'....[0m
  [90m     |[0m    [31m[1m^^^^^^^^^^^^^^^^^^^^^^^^^^^^^^^^^^^^^^^^^^^^^^^^^^^^^^^^^^^^^^^^^^^^[0m
  [90m1370 |[0m ... [33mLucideScissors[0m, [36mdefault[0m [36mas[0m [33mScissors[0m, [36mdefault[0m [36mas[0m [33mScissorsIcon[0m } [36mf...[0m
  [90m1371 |[0m ... [33mLucideScissorsLineDashed[0m, [36mdefault[0m [36mas[0m [33mScissorsLineDashed[0m, [36mdefault[0m.[36m..[0m
  [90m1372 |[0m ... [33mLucideScooter[0m, [36mdefault[0m [36mas[0m [33mScooter[0m, [36mdefault[0m [36mas[0m [33mScooterIcon[0m } [36mfrom[0m.[32m..[0m



Import traces:
  Client Component Browser:
    ./.gemini/antigravity/scratch/teacher-tracking/node_modules/lucide-react/dist/esm/lucide-react.mjs [Client Component Browser]
    ./.gemini/antigravity/scratch/teacher-tracking/src/components/pages/DailyTasksPage.tsx [Client Component Browser]
    ./.gemini/antigravity/scratch/teacher-tracking/src/components/AppShell.tsx [Client Component Browser]
    ./.gemini/antigravity/scratch/teacher-tracking/src/app/page.tsx [Client Component Browser]
    ./.gemini/antigravity/scratch/teacher-tracking/src/app/page.tsx [Server Component]

  Client Component SSR:
    ./.gemini/antigravity/scratch/teacher-tracking/node_modules/lucide-react/dist/esm/lucide-react.mjs [Client Component SSR]
    ./.gemini/antigravity/scratch/teacher-tracking/src/components/pages/DailyTasksPage.tsx [Client Component SSR]
    ./.gemini/antigravity/scratch/teacher-tracking/src/components/AppShell.tsx [Client Component SSR]
    ./.gemini/antigravity/scratch/teacher-tracking/src/app/page.tsx [Client Component SSR]
    ./.gemini/antigravity/scratch/teacher-tracking/src/app/page.tsx [Server Component]

https://nextjs.org/docs/messages/module-not-found


./.gemini/antigravity/scratch/teacher-tracking/node_modules/lucide-react/dist/esm/lucide-react.mjs:1371:1
Module not found: Can't resolve './icons/scissors-line-dashed.mjs'
  [90m1369 |[0m ... [33mSchool[0m, [36mdefault[0m [36mas[0m [33mSchoolIcon[0m } [36mfrom[0m [32m'./icons/school.mjs'[0m;
  [90m1370 |[0m ...[36mas[0m [33mScissors[0m, [36mdefault[0m [36mas[0m [33mScissorsIcon[0m } [36mfrom[0m [32m'./icons/scissors.mjs'[0m;
[31m[1m>[0m [90m1371 |[0m ..., [36mdefault[0m [36mas[0m [33mScissorsLineDashed[0m, [36mdefault[0m [36mas[0m [33mScissorsLineDashedIco.[0m..
  [90m     |[0m    [31m[1m^^^^^^^^^^^^^^^^^^^^^^^^^^^^^^^^^^^^^^^^^^^^^^^^^^^^^^^^^^^^^^^^^^^^[0m
  [90m1372 |[0m ...[36ms[0m [33mScooter[0m, [36mdefault[0m [36mas[0m [33mScooterIcon[0m } [36mfrom[0m [32m'./icons/scooter.mjs'[0m;
  [90m1373 |[0m ...[36mfault[0m [36mas[0m [33mScreenShareOff[0m, [36mdefault[0m [36mas[0m [33mScreenShareOffIcon[0m } [36mfrom[0m [32m'./...[0m
  [90m1374 |[0m ...[36mlt[0m [36mas[0m [33mScreenShare[0m, [36mdefault[0m [36mas[0m [33mScreenShareIcon[0m } [36mfrom[0m [32m'./icons/scr...[0m



Import traces:
  Client Component Browser:
    ./.gemini/antigravity/scratch/teacher-tracking/node_modules/lucide-react/dist/esm/lucide-react.mjs [Client Component Browser]
    ./.gemini/antigravity/scratch/teacher-tracking/src/components/pages/DailyTasksPage.tsx [Client Component Browser]
    ./.gemini/antigravity/scratch/teacher-tracking/src/components/AppShell.tsx [Client Component Browser]
    ./.gemini/antigravity/scratch/teacher-tracking/src/app/page.tsx [Client Component Browser]
    ./.gemini/antigravity/scratch/teacher-tracking/src/app/page.tsx [Server Component]

  Client Component SSR:
    ./.gemini/antigravity/scratch/teacher-tracking/node_modules/lucide-react/dist/esm/lucide-react.mjs [Client Component SSR]
    ./.gemini/antigravity/scratch/teacher-tracking/src/components/pages/DailyTasksPage.tsx [Client Component SSR]
    ./.gemini/antigravity/scratch/teacher-tracking/src/components/AppShell.tsx [Client Component SSR]
    ./.gemini/antigravity/scratch/teacher-tracking/src/app/page.tsx [Client Component SSR]
    ./.gemini/antigravity/scratch/teacher-tracking/src/app/page.tsx [Server Component]

https://nextjs.org/docs/messages/module-not-found


./.gemini/antigravity/scratch/teacher-tracking/node_modules/lucide-react/dist/esm/lucide-react.mjs:1370:1
Module not found: Can't resolve './icons/scissors.mjs'
  [90m1368 |[0m ...[33mideScan[0m, [36mdefault[0m [36mas[0m [33mScan[0m, [36mdefault[0m [36mas[0m [33mScanIcon[0m } [36mfrom[0m [32m'./icons/sca...[0m
  [90m1369 |[0m ...[33mideSchool[0m, [36mdefault[0m [36mas[0m [33mSchool[0m, [36mdefault[0m [36mas[0m [33mSchoolIcon[0m } [36mfrom[0m [32m'./ico...[0m
[31m[1m>[0m [90m1370 |[0m ...[33mideScissors[0m, [36mdefault[0m [36mas[0m [33mScissors[0m, [36mdefault[0m [36mas[0m [33mScissorsIcon[0m } [36mfrom[0m [32m...[0m
  [90m     |[0m    [31m[1m^^^^^^^^^^^^^^^^^^^^^^^^^^^^^^^^^^^^^^^^^^^^^^^^^^^^^^^^^^^^^^^^^^^^[0m
  [90m1371 |[0m ...[33mideScissorsLineDashed[0m, [36mdefault[0m [36mas[0m [33mScissorsLineDashed[0m, [36mdefault[0m [36mas[0m [33m...[0m
  [90m1372 |[0m ...[33mideScooter[0m, [36mdefault[0m [36mas[0m [33mScooter[0m, [36mdefault[0m [36mas[0m [33mScooterIcon[0m } [36mfrom[0m [32m'./...[0m
  [90m1373 |[0m ...[33mideScreenShareOff[0m, [36mdefault[0m [36mas[0m [33mScreenShareOff[0m, [36mdefault[0m [36mas[0m [33mScreenSh...[0m



Import traces:
  Client Component Browser:
    ./.gemini/antigravity/scratch/teacher-tracking/node_modules/lucide-react/dist/esm/lucide-react.mjs [Client Component Browser]
    ./.gemini/antigravity/scratch/teacher-tracking/src/components/pages/DailyTasksPage.tsx [Client Component Browser]
    ./.gemini/antigravity/scratch/teacher-tracking/src/components/AppShell.tsx [Client Component Browser]
    ./.gemini/antigravity/scratch/teacher-tracking/src/app/page.tsx [Client Component Browser]
    ./.gemini/antigravity/scratch/teacher-tracking/src/app/page.tsx [Server Component]

  Client Component SSR:
    ./.gemini/antigravity/scratch/teacher-tracking/node_modules/lucide-react/dist/esm/lucide-react.mjs [Client Component SSR]
    ./.gemini/antigravity/scratch/teacher-tracking/src/components/pages/DailyTasksPage.tsx [Client Component SSR]
    ./.gemini/antigravity/scratch/teacher-tracking/src/components/AppShell.tsx [Client Component SSR]
    ./.gemini/antigravity/scratch/teacher-tracking/src/app/page.tsx [Client Component SSR]
    ./.gemini/antigravity/scratch/teacher-tracking/src/app/page.tsx [Server Component]

https://nextjs.org/docs/messages/module-not-found


./.gemini/antigravity/scratch/teacher-tracking/node_modules/lucide-react/dist/esm/lucide-react.mjs:1372:1
Module not found: Can't resolve './icons/scooter.mjs'
  [90m1370 |[0m ...[33mucideScissors[0m, [36mdefault[0m [36mas[0m [33mScissors[0m, [36mdefault[0m [36mas[0m [33mScissorsIcon[0m } [36mfro.[0m.[32m.[0m
  [90m1371 |[0m ...[33mucideScissorsLineDashed[0m, [36mdefault[0m [36mas[0m [33mScissorsLineDashed[0m, [36mdefault[0m [36ma.[0m.[33m.[0m
[31m[1m>[0m [90m1372 |[0m ...[33mucideScooter[0m, [36mdefault[0m [36mas[0m [33mScooter[0m, [36mdefault[0m [36mas[0m [33mScooterIcon[0m } [36mfrom[0m [32m'...[0m
  [90m     |[0m    [31m[1m^^^^^^^^^^^^^^^^^^^^^^^^^^^^^^^^^^^^^^^^^^^^^^^^^^^^^^^^^^^^^^^^^^^^[0m
  [90m1373 |[0m ...[33mucideScreenShareOff[0m, [36mdefault[0m [36mas[0m [33mScreenShareOff[0m, [36mdefault[0m [36mas[0m [33mScreen...[0m
  [90m1374 |[0m ...[33mucideScreenShare[0m, [36mdefault[0m [36mas[0m [33mScreenShare[0m, [36mdefault[0m [36mas[0m [33mScreenShareI...[0m
  [90m1375 |[0m ...[33mucideScrollText[0m, [36mdefault[0m [36mas[0m [33mScrollText[0m, [36mdefault[0m [36mas[0m [33mScrollTextIcon[0m...



Import traces:
  Client Component Browser:
    ./.gemini/antigravity/scratch/teacher-tracking/node_modules/lucide-react/dist/esm/lucide-react.mjs [Client Component Browser]
    ./.gemini/antigravity/scratch/teacher-tracking/src/components/pages/DailyTasksPage.tsx [Client Component Browser]
    ./.gemini/antigravity/scratch/teacher-tracking/src/components/AppShell.tsx [Client Component Browser]
    ./.gemini/antigravity/scratch/teacher-tracking/src/app/page.tsx [Client Component Browser]
    ./.gemini/antigravity/scratch/teacher-tracking/src/app/page.tsx [Server Component]

  Client Component SSR:
    ./.gemini/antigravity/scratch/teacher-tracking/node_modules/lucide-react/dist/esm/lucide-react.mjs [Client Component SSR]
    ./.gemini/antigravity/scratch/teacher-tracking/src/components/pages/DailyTasksPage.tsx [Client Component SSR]
    ./.gemini/antigravity/scratch/teacher-tracking/src/components/AppShell.tsx [Client Component SSR]
    ./.gemini/antigravity/scratch/teacher-tracking/src/app/page.tsx [Client Component SSR]
    ./.gemini/antigravity/scratch/teacher-tracking/src/app/page.tsx [Server Component]

https://nextjs.org/docs/messages/module-not-found


./.gemini/antigravity/scratch/teacher-tracking/node_modules/lucide-react/dist/esm/lucide-react.mjs:1373:1
Module not found: Can't resolve './icons/screen-share-off.mjs'
  [90m1371 |[0m ...[33mneDashed[0m, [36mdefault[0m [36mas[0m [33mScissorsLineDashed[0m, [36mdefault[0m [36mas[0m [33mScissorsLineD...[0m
  [90m1372 |[0m ...[36mefault[0m [36mas[0m [33mScooter[0m, [36mdefault[0m [36mas[0m [33mScooterIcon[0m } [36mfrom[0m [32m'./icons/scooter...[0m
[31m[1m>[0m [90m1373 |[0m ...[33meOff[0m, [36mdefault[0m [36mas[0m [33mScreenShareOff[0m, [36mdefault[0m [36mas[0m [33mScreenShareOffIcon[0m } [36m...[0m
  [90m     |[0m    [31m[1m^^^^^^^^^^^^^^^^^^^^^^^^^^^^^^^^^^^^^^^^^^^^^^^^^^^^^^^^^^^^^^^^^^^^[0m
  [90m1374 |[0m ...[33me[0m, [36mdefault[0m [36mas[0m [33mScreenShare[0m, [36mdefault[0m [36mas[0m [33mScreenShareIcon[0m } [36mfrom[0m [32m'./i...[0m
  [90m1375 |[0m ..., [36mdefault[0m [36mas[0m [33mScrollText[0m, [36mdefault[0m [36mas[0m [33mScrollTextIcon[0m } [36mfrom[0m [32m'./icon...[0m
  [90m1376 |[0m ...[36mfault[0m [36mas[0m [33mScroll[0m, [36mdefault[0m [36mas[0m [33mScrollIcon[0m } [36mfrom[0m [32m'./icons/scroll.mjs'[0m;



Import traces:
  Client Component Browser:
    ./.gemini/antigravity/scratch/teacher-tracking/node_modules/lucide-react/dist/esm/lucide-react.mjs [Client Component Browser]
    ./.gemini/antigravity/scratch/teacher-tracking/src/components/pages/DailyTasksPage.tsx [Client Component Browser]
    ./.gemini/antigravity/scratch/teacher-tracking/src/components/AppShell.tsx [Client Component Browser]
    ./.gemini/antigravity/scratch/teacher-tracking/src/app/page.tsx [Client Component Browser]
    ./.gemini/antigravity/scratch/teacher-tracking/src/app/page.tsx [Server Component]

  Client Component SSR:
    ./.gemini/antigravity/scratch/teacher-tracking/node_modules/lucide-react/dist/esm/lucide-react.mjs [Client Component SSR]
    ./.gemini/antigravity/scratch/teacher-tracking/src/components/pages/DailyTasksPage.tsx [Client Component SSR]
    ./.gemini/antigravity/scratch/teacher-tracking/src/components/AppShell.tsx [Client Component SSR]
    ./.gemini/antigravity/scratch/teacher-tracking/src/app/page.tsx [Client Component SSR]
    ./.gemini/antigravity/scratch/teacher-tracking/src/app/page.tsx [Server Component]

https://nextjs.org/docs/messages/module-not-found


./.gemini/antigravity/scratch/teacher-tracking/node_modules/lucide-react/dist/esm/lucide-react.mjs:1374:1
Module not found: Can't resolve './icons/screen-share.mjs'
  [90m1372 |[0m ...[33mter[0m, [36mdefault[0m [36mas[0m [33mScooter[0m, [36mdefault[0m [36mas[0m [33mScooterIcon[0m } [36mfrom[0m [32m'./icons/s...[0m
  [90m1373 |[0m ...[33menShareOff[0m, [36mdefault[0m [36mas[0m [33mScreenShareOff[0m, [36mdefault[0m [36mas[0m [33mScreenShareOffI...[0m
[31m[1m>[0m [90m1374 |[0m ...[33menShare[0m, [36mdefault[0m [36mas[0m [33mScreenShare[0m, [36mdefault[0m [36mas[0m [33mScreenShareIcon[0m } [36mfro.[0m.[32m.[0m
  [90m     |[0m    [31m[1m^^^^^^^^^^^^^^^^^^^^^^^^^^^^^^^^^^^^^^^^^^^^^^^^^^^^^^^^^^^^^^^^^^^^[0m
  [90m1375 |[0m ...[33mllText[0m, [36mdefault[0m [36mas[0m [33mScrollText[0m, [36mdefault[0m [36mas[0m [33mScrollTextIcon[0m } [36mfrom[0m [32m'...[0m
  [90m1376 |[0m ...[33mll[0m, [36mdefault[0m [36mas[0m [33mScroll[0m, [36mdefault[0m [36mas[0m [33mScrollIcon[0m } [36mfrom[0m [32m'./icons/scro...[0m
  [90m1377 |[0m ...[33mchCheck[0m, [36mdefault[0m [36mas[0m [33mSearchCheck[0m, [36mdefault[0m [36mas[0m [33mSearchCheckIcon[0m } [36mfro.[0m.[32m.[0m



Import traces:
  Client Component Browser:
    ./.gemini/antigravity/scratch/teacher-tracking/node_modules/lucide-react/dist/esm/lucide-react.mjs [Client Component Browser]
    ./.gemini/antigravity/scratch/teacher-tracking/src/components/pages/DailyTasksPage.tsx [Client Component Browser]
    ./.gemini/antigravity/scratch/teacher-tracking/src/components/AppShell.tsx [Client Component Browser]
    ./.gemini/antigravity/scratch/teacher-tracking/src/app/page.tsx [Client Component Browser]
    ./.gemini/antigravity/scratch/teacher-tracking/src/app/page.tsx [Server Component]

  Client Component SSR:
    ./.gemini/antigravity/scratch/teacher-tracking/node_modules/lucide-react/dist/esm/lucide-react.mjs [Client Component SSR]
    ./.gemini/antigravity/scratch/teacher-tracking/src/components/pages/DailyTasksPage.tsx [Client Component SSR]
    ./.gemini/antigravity/scratch/teacher-tracking/src/components/AppShell.tsx [Client Component SSR]
    ./.gemini/antigravity/scratch/teacher-tracking/src/app/page.tsx [Client Component SSR]
    ./.gemini/antigravity/scratch/teacher-tracking/src/app/page.tsx [Server Component]

https://nextjs.org/docs/messages/module-not-found


./.gemini/antigravity/scratch/teacher-tracking/node_modules/lucide-react/dist/esm/lucide-react.mjs:1375:1
Module not found: Can't resolve './icons/scroll-text.mjs'
  [90m1373 |[0m ...[33mreenShareOff[0m, [36mdefault[0m [36mas[0m [33mScreenShareOff[0m, [36mdefault[0m [36mas[0m [33mScreenShareOf...[0m
  [90m1374 |[0m ...[33mreenShare[0m, [36mdefault[0m [36mas[0m [33mScreenShare[0m, [36mdefault[0m [36mas[0m [33mScreenShareIcon[0m } [36mf...[0m
[31m[1m>[0m [90m1375 |[0m ...[33mrollText[0m, [36mdefault[0m [36mas[0m [33mScrollText[0m, [36mdefault[0m [36mas[0m [33mScrollTextIcon[0m } [36mfrom[0m.[32m..[0m
  [90m     |[0m    [31m[1m^^^^^^^^^^^^^^^^^^^^^^^^^^^^^^^^^^^^^^^^^^^^^^^^^^^^^^^^^^^^^^^^^^^^[0m
  [90m1376 |[0m ...[33mroll[0m, [36mdefault[0m [36mas[0m [33mScroll[0m, [36mdefault[0m [36mas[0m [33mScrollIcon[0m } [36mfrom[0m [32m'./icons/sc...[0m
  [90m1377 |[0m ...[33marchCheck[0m, [36mdefault[0m [36mas[0m [33mSearchCheck[0m, [36mdefault[0m [36mas[0m [33mSearchCheckIcon[0m } [36mf...[0m
  [90m1378 |[0m ...[33marchAlert[0m, [36mdefault[0m [36mas[0m [33mSearchAlert[0m, [36mdefault[0m [36mas[0m [33mSearchAlertIcon[0m } [36mf...[0m



Import traces:
  Client Component Browser:
    ./.gemini/antigravity/scratch/teacher-tracking/node_modules/lucide-react/dist/esm/lucide-react.mjs [Client Component Browser]
    ./.gemini/antigravity/scratch/teacher-tracking/src/components/pages/DailyTasksPage.tsx [Client Component Browser]
    ./.gemini/antigravity/scratch/teacher-tracking/src/components/AppShell.tsx [Client Component Browser]
    ./.gemini/antigravity/scratch/teacher-tracking/src/app/page.tsx [Client Component Browser]
    ./.gemini/antigravity/scratch/teacher-tracking/src/app/page.tsx [Server Component]

  Client Component SSR:
    ./.gemini/antigravity/scratch/teacher-tracking/node_modules/lucide-react/dist/esm/lucide-react.mjs [Client Component SSR]
    ./.gemini/antigravity/scratch/teacher-tracking/src/components/pages/DailyTasksPage.tsx [Client Component SSR]
    ./.gemini/antigravity/scratch/teacher-tracking/src/components/AppShell.tsx [Client Component SSR]
    ./.gemini/antigravity/scratch/teacher-tracking/src/app/page.tsx [Client Component SSR]
    ./.gemini/antigravity/scratch/teacher-tracking/src/app/page.tsx [Server Component]

https://nextjs.org/docs/messages/module-not-found


./.gemini/antigravity/scratch/teacher-tracking/node_modules/lucide-react/dist/esm/lucide-react.mjs:1376:1
Module not found: Can't resolve './icons/scroll.mjs'
  [90m1374 |[0m ... [33mLucideScreenShare[0m, [36mdefault[0m [36mas[0m [33mScreenShare[0m, [36mdefault[0m [36mas[0m [33mScreenShar...[0m
  [90m1375 |[0m ... [33mLucideScrollText[0m, [36mdefault[0m [36mas[0m [33mScrollText[0m, [36mdefault[0m [36mas[0m [33mScrollTextIc..[0m.
[31m[1m>[0m [90m1376 |[0m ... [33mLucideScroll[0m, [36mdefault[0m [36mas[0m [33mScroll[0m, [36mdefault[0m [36mas[0m [33mScrollIcon[0m } [36mfrom[0m [32m'....[0m
  [90m     |[0m    [31m[1m^^^^^^^^^^^^^^^^^^^^^^^^^^^^^^^^^^^^^^^^^^^^^^^^^^^^^^^^^^^^^^^^^^^^[0m
  [90m1377 |[0m ... [33mLucideSearchCheck[0m, [36mdefault[0m [36mas[0m [33mSearchCheck[0m, [36mdefault[0m [36mas[0m [33mSearchChec...[0m
  [90m1378 |[0m ... [33mLucideSearchAlert[0m, [36mdefault[0m [36mas[0m [33mSearchAlert[0m, [36mdefault[0m [36mas[0m [33mSearchAler...[0m
  [90m1379 |[0m ... [33mLucideSearchCode[0m, [36mdefault[0m [36mas[0m [33mSearchCode[0m, [36mdefault[0m [36mas[0m [33mSearchCodeIc..[0m.



Import traces:
  Client Component Browser:
    ./.gemini/antigravity/scratch/teacher-tracking/node_modules/lucide-react/dist/esm/lucide-react.mjs [Client Component Browser]
    ./.gemini/antigravity/scratch/teacher-tracking/src/components/pages/DailyTasksPage.tsx [Client Component Browser]
    ./.gemini/antigravity/scratch/teacher-tracking/src/components/AppShell.tsx [Client Component Browser]
    ./.gemini/antigravity/scratch/teacher-tracking/src/app/page.tsx [Client Component Browser]
    ./.gemini/antigravity/scratch/teacher-tracking/src/app/page.tsx [Server Component]

  Client Component SSR:
    ./.gemini/antigravity/scratch/teacher-tracking/node_modules/lucide-react/dist/esm/lucide-react.mjs [Client Component SSR]
    ./.gemini/antigravity/scratch/teacher-tracking/src/components/pages/DailyTasksPage.tsx [Client Component SSR]
    ./.gemini/antigravity/scratch/teacher-tracking/src/components/AppShell.tsx [Client Component SSR]
    ./.gemini/antigravity/scratch/teacher-tracking/src/app/page.tsx [Client Component SSR]
    ./.gemini/antigravity/scratch/teacher-tracking/src/app/page.tsx [Server Component]

https://nextjs.org/docs/messages/module-not-found


./.gemini/antigravity/scratch/teacher-tracking/node_modules/lucide-react/dist/esm/lucide-react.mjs:1378:1
Module not found: Can't resolve './icons/search-alert.mjs'
  [90m1376 |[0m ...[33mll[0m, [36mdefault[0m [36mas[0m [33mScroll[0m, [36mdefault[0m [36mas[0m [33mScrollIcon[0m } [36mfrom[0m [32m'./icons/scro...[0m
  [90m1377 |[0m ...[33mchCheck[0m, [36mdefault[0m [36mas[0m [33mSearchCheck[0m, [36mdefault[0m [36mas[0m [33mSearchCheckIcon[0m } [36mfro.[0m.[32m.[0m
[31m[1m>[0m [90m1378 |[0m ...[33mchAlert[0m, [36mdefault[0m [36mas[0m [33mSearchAlert[0m, [36mdefault[0m [36mas[0m [33mSearchAlertIcon[0m } [36mfro.[0m.[32m.[0m
  [90m     |[0m    [31m[1m^^^^^^^^^^^^^^^^^^^^^^^^^^^^^^^^^^^^^^^^^^^^^^^^^^^^^^^^^^^^^^^^^^^^[0m
  [90m1379 |[0m ...[33mchCode[0m, [36mdefault[0m [36mas[0m [33mSearchCode[0m, [36mdefault[0m [36mas[0m [33mSearchCodeIcon[0m } [36mfrom[0m [32m'...[0m
  [90m1380 |[0m ...[33mchSlash[0m, [36mdefault[0m [36mas[0m [33mSearchSlash[0m, [36mdefault[0m [36mas[0m [33mSearchSlashIcon[0m } [36mfro.[0m.[32m.[0m
  [90m1381 |[0m ...[33mchX[0m, [36mdefault[0m [36mas[0m [33mSearchX[0m, [36mdefault[0m [36mas[0m [33mSearchXIcon[0m } [36mfrom[0m [32m'./icons/s...[0m



Import traces:
  Client Component Browser:
    ./.gemini/antigravity/scratch/teacher-tracking/node_modules/lucide-react/dist/esm/lucide-react.mjs [Client Component Browser]
    ./.gemini/antigravity/scratch/teacher-tracking/src/components/pages/DailyTasksPage.tsx [Client Component Browser]
    ./.gemini/antigravity/scratch/teacher-tracking/src/components/AppShell.tsx [Client Component Browser]
    ./.gemini/antigravity/scratch/teacher-tracking/src/app/page.tsx [Client Component Browser]
    ./.gemini/antigravity/scratch/teacher-tracking/src/app/page.tsx [Server Component]

  Client Component SSR:
    ./.gemini/antigravity/scratch/teacher-tracking/node_modules/lucide-react/dist/esm/lucide-react.mjs [Client Component SSR]
    ./.gemini/antigravity/scratch/teacher-tracking/src/components/pages/DailyTasksPage.tsx [Client Component SSR]
    ./.gemini/antigravity/scratch/teacher-tracking/src/components/AppShell.tsx [Client Component SSR]
    ./.gemini/antigravity/scratch/teacher-tracking/src/app/page.tsx [Client Component SSR]
    ./.gemini/antigravity/scratch/teacher-tracking/src/app/page.tsx [Server Component]

https://nextjs.org/docs/messages/module-not-found


./.gemini/antigravity/scratch/teacher-tracking/node_modules/lucide-react/dist/esm/lucide-react.mjs:1377:1
Module not found: Can't resolve './icons/search-check.mjs'
  [90m1375 |[0m ...[33mllText[0m, [36mdefault[0m [36mas[0m [33mScrollText[0m, [36mdefault[0m [36mas[0m [33mScrollTextIcon[0m } [36mfrom[0m [32m'...[0m
  [90m1376 |[0m ...[33mll[0m, [36mdefault[0m [36mas[0m [33mScroll[0m, [36mdefault[0m [36mas[0m [33mScrollIcon[0m } [36mfrom[0m [32m'./icons/scro...[0m
[31m[1m>[0m [90m1377 |[0m ...[33mchCheck[0m, [36mdefault[0m [36mas[0m [33mSearchCheck[0m, [36mdefault[0m [36mas[0m [33mSearchCheckIcon[0m } [36mfro.[0m.[32m.[0m
  [90m     |[0m    [31m[1m^^^^^^^^^^^^^^^^^^^^^^^^^^^^^^^^^^^^^^^^^^^^^^^^^^^^^^^^^^^^^^^^^^^^[0m
  [90m1378 |[0m ...[33mchAlert[0m, [36mdefault[0m [36mas[0m [33mSearchAlert[0m, [36mdefault[0m [36mas[0m [33mSearchAlertIcon[0m } [36mfro.[0m.[32m.[0m
  [90m1379 |[0m ...[33mchCode[0m, [36mdefault[0m [36mas[0m [33mSearchCode[0m, [36mdefault[0m [36mas[0m [33mSearchCodeIcon[0m } [36mfrom[0m [32m'...[0m
  [90m1380 |[0m ...[33mchSlash[0m, [36mdefault[0m [36mas[0m [33mSearchSlash[0m, [36mdefault[0m [36mas[0m [33mSearchSlashIcon[0m } [36mfro.[0m.[32m.[0m



Import traces:
  Client Component Browser:
    ./.gemini/antigravity/scratch/teacher-tracking/node_modules/lucide-react/dist/esm/lucide-react.mjs [Client Component Browser]
    ./.gemini/antigravity/scratch/teacher-tracking/src/components/pages/DailyTasksPage.tsx [Client Component Browser]
    ./.gemini/antigravity/scratch/teacher-tracking/src/components/AppShell.tsx [Client Component Browser]
    ./.gemini/antigravity/scratch/teacher-tracking/src/app/page.tsx [Client Component Browser]
    ./.gemini/antigravity/scratch/teacher-tracking/src/app/page.tsx [Server Component]

  Client Component SSR:
    ./.gemini/antigravity/scratch/teacher-tracking/node_modules/lucide-react/dist/esm/lucide-react.mjs [Client Component SSR]
    ./.gemini/antigravity/scratch/teacher-tracking/src/components/pages/DailyTasksPage.tsx [Client Component SSR]
    ./.gemini/antigravity/scratch/teacher-tracking/src/components/AppShell.tsx [Client Component SSR]
    ./.gemini/antigravity/scratch/teacher-tracking/src/app/page.tsx [Client Component SSR]
    ./.gemini/antigravity/scratch/teacher-tracking/src/app/page.tsx [Server Component]

https://nextjs.org/docs/messages/module-not-found


./.gemini/antigravity/scratch/teacher-tracking/node_modules/lucide-react/dist/esm/lucide-react.mjs:1379:1
Module not found: Can't resolve './icons/search-code.mjs'
  [90m1377 |[0m ...[33marchCheck[0m, [36mdefault[0m [36mas[0m [33mSearchCheck[0m, [36mdefault[0m [36mas[0m [33mSearchCheckIcon[0m } [36mf...[0m
  [90m1378 |[0m ...[33marchAlert[0m, [36mdefault[0m [36mas[0m [33mSearchAlert[0m, [36mdefault[0m [36mas[0m [33mSearchAlertIcon[0m } [36mf...[0m
[31m[1m>[0m [90m1379 |[0m ...[33marchCode[0m, [36mdefault[0m [36mas[0m [33mSearchCode[0m, [36mdefault[0m [36mas[0m [33mSearchCodeIcon[0m } [36mfrom[0m.[32m..[0m
  [90m     |[0m    [31m[1m^^^^^^^^^^^^^^^^^^^^^^^^^^^^^^^^^^^^^^^^^^^^^^^^^^^^^^^^^^^^^^^^^^^^[0m
  [90m1380 |[0m ...[33marchSlash[0m, [36mdefault[0m [36mas[0m [33mSearchSlash[0m, [36mdefault[0m [36mas[0m [33mSearchSlashIcon[0m } [36mf...[0m
  [90m1381 |[0m ...[33marchX[0m, [36mdefault[0m [36mas[0m [33mSearchX[0m, [36mdefault[0m [36mas[0m [33mSearchXIcon[0m } [36mfrom[0m [32m'./icons...[0m
  [90m1382 |[0m ...[33mction[0m, [36mdefault[0m [36mas[0m [33mSection[0m, [36mdefault[0m [36mas[0m [33mSectionIcon[0m } [36mfrom[0m [32m'./icons...[0m



Import traces:
  Client Component Browser:
    ./.gemini/antigravity/scratch/teacher-tracking/node_modules/lucide-react/dist/esm/lucide-react.mjs [Client Component Browser]
    ./.gemini/antigravity/scratch/teacher-tracking/src/components/pages/DailyTasksPage.tsx [Client Component Browser]
    ./.gemini/antigravity/scratch/teacher-tracking/src/components/AppShell.tsx [Client Component Browser]
    ./.gemini/antigravity/scratch/teacher-tracking/src/app/page.tsx [Client Component Browser]
    ./.gemini/antigravity/scratch/teacher-tracking/src/app/page.tsx [Server Component]

  Client Component SSR:
    ./.gemini/antigravity/scratch/teacher-tracking/node_modules/lucide-react/dist/esm/lucide-react.mjs [Client Component SSR]
    ./.gemini/antigravity/scratch/teacher-tracking/src/components/pages/DailyTasksPage.tsx [Client Component SSR]
    ./.gemini/antigravity/scratch/teacher-tracking/src/components/AppShell.tsx [Client Component SSR]
    ./.gemini/antigravity/scratch/teacher-tracking/src/app/page.tsx [Client Component SSR]
    ./.gemini/antigravity/scratch/teacher-tracking/src/app/page.tsx [Server Component]

https://nextjs.org/docs/messages/module-not-found


./.gemini/antigravity/scratch/teacher-tracking/node_modules/lucide-react/dist/esm/lucide-react.mjs:1380:1
Module not found: Can't resolve './icons/search-slash.mjs'
  [90m1378 |[0m ...[33mchAlert[0m, [36mdefault[0m [36mas[0m [33mSearchAlert[0m, [36mdefault[0m [36mas[0m [33mSearchAlertIcon[0m } [36mfro.[0m.[32m.[0m
  [90m1379 |[0m ...[33mchCode[0m, [36mdefault[0m [36mas[0m [33mSearchCode[0m, [36mdefault[0m [36mas[0m [33mSearchCodeIcon[0m } [36mfrom[0m [32m'...[0m
[31m[1m>[0m [90m1380 |[0m ...[33mchSlash[0m, [36mdefault[0m [36mas[0m [33mSearchSlash[0m, [36mdefault[0m [36mas[0m [33mSearchSlashIcon[0m } [36mfro.[0m.[32m.[0m
  [90m     |[0m    [31m[1m^^^^^^^^^^^^^^^^^^^^^^^^^^^^^^^^^^^^^^^^^^^^^^^^^^^^^^^^^^^^^^^^^^^^[0m
  [90m1381 |[0m ...[33mchX[0m, [36mdefault[0m [36mas[0m [33mSearchX[0m, [36mdefault[0m [36mas[0m [33mSearchXIcon[0m } [36mfrom[0m [32m'./icons/s...[0m
  [90m1382 |[0m ...[33mion[0m, [36mdefault[0m [36mas[0m [33mSection[0m, [36mdefault[0m [36mas[0m [33mSectionIcon[0m } [36mfrom[0m [32m'./icons/s...[0m
  [90m1383 |[0m ...[33mch[0m, [36mdefault[0m [36mas[0m [33mSearch[0m, [36mdefault[0m [36mas[0m [33mSearchIcon[0m } [36mfrom[0m [32m'./icons/sear...[0m



Import traces:
  Client Component Browser:
    ./.gemini/antigravity/scratch/teacher-tracking/node_modules/lucide-react/dist/esm/lucide-react.mjs [Client Component Browser]
    ./.gemini/antigravity/scratch/teacher-tracking/src/components/pages/DailyTasksPage.tsx [Client Component Browser]
    ./.gemini/antigravity/scratch/teacher-tracking/src/components/AppShell.tsx [Client Component Browser]
    ./.gemini/antigravity/scratch/teacher-tracking/src/app/page.tsx [Client Component Browser]
    ./.gemini/antigravity/scratch/teacher-tracking/src/app/page.tsx [Server Component]

  Client Component SSR:
    ./.gemini/antigravity/scratch/teacher-tracking/node_modules/lucide-react/dist/esm/lucide-react.mjs [Client Component SSR]
    ./.gemini/antigravity/scratch/teacher-tracking/src/components/pages/DailyTasksPage.tsx [Client Component SSR]
    ./.gemini/antigravity/scratch/teacher-tracking/src/components/AppShell.tsx [Client Component SSR]
    ./.gemini/antigravity/scratch/teacher-tracking/src/app/page.tsx [Client Component SSR]
    ./.gemini/antigravity/scratch/teacher-tracking/src/app/page.tsx [Server Component]

https://nextjs.org/docs/messages/module-not-found


./.gemini/antigravity/scratch/teacher-tracking/node_modules/lucide-react/dist/esm/lucide-react.mjs:1381:1
Module not found: Can't resolve './icons/search-x.mjs'
  [90m1379 |[0m ...[33mcideSearchCode[0m, [36mdefault[0m [36mas[0m [33mSearchCode[0m, [36mdefault[0m [36mas[0m [33mSearchCodeIcon[0m ..[36m.[0m
  [90m1380 |[0m ...[33mcideSearchSlash[0m, [36mdefault[0m [36mas[0m [33mSearchSlash[0m, [36mdefault[0m [36mas[0m [33mSearchSlashIc..[0m.
[31m[1m>[0m [90m1381 |[0m ...[33mcideSearchX[0m, [36mdefault[0m [36mas[0m [33mSearchX[0m, [36mdefault[0m [36mas[0m [33mSearchXIcon[0m } [36mfrom[0m [32m'....[0m
  [90m     |[0m    [31m[1m^^^^^^^^^^^^^^^^^^^^^^^^^^^^^^^^^^^^^^^^^^^^^^^^^^^^^^^^^^^^^^^^^^^^[0m
  [90m1382 |[0m ...[33mcideSection[0m, [36mdefault[0m [36mas[0m [33mSection[0m, [36mdefault[0m [36mas[0m [33mSectionIcon[0m } [36mfrom[0m [32m'....[0m
  [90m1383 |[0m ...[33mcideSearch[0m, [36mdefault[0m [36mas[0m [33mSearch[0m, [36mdefault[0m [36mas[0m [33mSearchIcon[0m } [36mfrom[0m [32m'./ic...[0m
  [90m1384 |[0m ...[33mcideSendToBack[0m, [36mdefault[0m [36mas[0m [33mSendToBack[0m, [36mdefault[0m [36mas[0m [33mSendToBackIcon[0m ..[36m.[0m



Import traces:
  Client Component Browser:
    ./.gemini/antigravity/scratch/teacher-tracking/node_modules/lucide-react/dist/esm/lucide-react.mjs [Client Component Browser]
    ./.gemini/antigravity/scratch/teacher-tracking/src/components/pages/DailyTasksPage.tsx [Client Component Browser]
    ./.gemini/antigravity/scratch/teacher-tracking/src/components/AppShell.tsx [Client Component Browser]
    ./.gemini/antigravity/scratch/teacher-tracking/src/app/page.tsx [Client Component Browser]
    ./.gemini/antigravity/scratch/teacher-tracking/src/app/page.tsx [Server Component]

  Client Component SSR:
    ./.gemini/antigravity/scratch/teacher-tracking/node_modules/lucide-react/dist/esm/lucide-react.mjs [Client Component SSR]
    ./.gemini/antigravity/scratch/teacher-tracking/src/components/pages/DailyTasksPage.tsx [Client Component SSR]
    ./.gemini/antigravity/scratch/teacher-tracking/src/components/AppShell.tsx [Client Component SSR]
    ./.gemini/antigravity/scratch/teacher-tracking/src/app/page.tsx [Client Component SSR]
    ./.gemini/antigravity/scratch/teacher-tracking/src/app/page.tsx [Server Component]

https://nextjs.org/docs/messages/module-not-found


./.gemini/antigravity/scratch/teacher-tracking/node_modules/lucide-react/dist/esm/lucide-react.mjs:1383:1
Module not found: Can't resolve './icons/search.mjs'
  [90m1381 |[0m ... [33mLucideSearchX[0m, [36mdefault[0m [36mas[0m [33mSearchX[0m, [36mdefault[0m [36mas[0m [33mSearchXIcon[0m } [36mfrom[0m.[32m..[0m
  [90m1382 |[0m ... [33mLucideSection[0m, [36mdefault[0m [36mas[0m [33mSection[0m, [36mdefault[0m [36mas[0m [33mSectionIcon[0m } [36mfrom[0m.[32m..[0m
[31m[1m>[0m [90m1383 |[0m ... [33mLucideSearch[0m, [36mdefault[0m [36mas[0m [33mSearch[0m, [36mdefault[0m [36mas[0m [33mSearchIcon[0m } [36mfrom[0m [32m'....[0m
  [90m     |[0m    [31m[1m^^^^^^^^^^^^^^^^^^^^^^^^^^^^^^^^^^^^^^^^^^^^^^^^^^^^^^^^^^^^^^^^^^^^[0m
  [90m1384 |[0m ... [33mLucideSendToBack[0m, [36mdefault[0m [36mas[0m [33mSendToBack[0m, [36mdefault[0m [36mas[0m [33mSendToBackIc..[0m.
  [90m1385 |[0m ... [33mLucideSend[0m, [36mdefault[0m [36mas[0m [33mSend[0m, [36mdefault[0m [36mas[0m [33mSendIcon[0m } [36mfrom[0m [32m'./icons...[0m
  [90m1386 |[0m ... [33mLucideSeparatorHorizontal[0m, [36mdefault[0m [36mas[0m [33mSeparatorHorizontal[0m, [36mdefau..[0m.



Import traces:
  Client Component Browser:
    ./.gemini/antigravity/scratch/teacher-tracking/node_modules/lucide-react/dist/esm/lucide-react.mjs [Client Component Browser]
    ./.gemini/antigravity/scratch/teacher-tracking/src/components/pages/DailyTasksPage.tsx [Client Component Browser]
    ./.gemini/antigravity/scratch/teacher-tracking/src/components/AppShell.tsx [Client Component Browser]
    ./.gemini/antigravity/scratch/teacher-tracking/src/app/page.tsx [Client Component Browser]
    ./.gemini/antigravity/scratch/teacher-tracking/src/app/page.tsx [Server Component]

  Client Component SSR:
    ./.gemini/antigravity/scratch/teacher-tracking/node_modules/lucide-react/dist/esm/lucide-react.mjs [Client Component SSR]
    ./.gemini/antigravity/scratch/teacher-tracking/src/components/pages/DailyTasksPage.tsx [Client Component SSR]
    ./.gemini/antigravity/scratch/teacher-tracking/src/components/AppShell.tsx [Client Component SSR]
    ./.gemini/antigravity/scratch/teacher-tracking/src/app/page.tsx [Client Component SSR]
    ./.gemini/antigravity/scratch/teacher-tracking/src/app/page.tsx [Server Component]

https://nextjs.org/docs/messages/module-not-found


./.gemini/antigravity/scratch/teacher-tracking/node_modules/lucide-react/dist/esm/lucide-react.mjs:1382:1
Module not found: Can't resolve './icons/section.mjs'
  [90m1380 |[0m ...[33mucideSearchSlash[0m, [36mdefault[0m [36mas[0m [33mSearchSlash[0m, [36mdefault[0m [36mas[0m [33mSearchSlashI...[0m
  [90m1381 |[0m ...[33mucideSearchX[0m, [36mdefault[0m [36mas[0m [33mSearchX[0m, [36mdefault[0m [36mas[0m [33mSearchXIcon[0m } [36mfrom[0m [32m'...[0m
[31m[1m>[0m [90m1382 |[0m ...[33mucideSection[0m, [36mdefault[0m [36mas[0m [33mSection[0m, [36mdefault[0m [36mas[0m [33mSectionIcon[0m } [36mfrom[0m [32m'...[0m
  [90m     |[0m    [31m[1m^^^^^^^^^^^^^^^^^^^^^^^^^^^^^^^^^^^^^^^^^^^^^^^^^^^^^^^^^^^^^^^^^^^^[0m
  [90m1383 |[0m ...[33mucideSearch[0m, [36mdefault[0m [36mas[0m [33mSearch[0m, [36mdefault[0m [36mas[0m [33mSearchIcon[0m } [36mfrom[0m [32m'./i...[0m
  [90m1384 |[0m ...[33mucideSendToBack[0m, [36mdefault[0m [36mas[0m [33mSendToBack[0m, [36mdefault[0m [36mas[0m [33mSendToBackIcon[0m...
  [90m1385 |[0m ...[33mucideSend[0m, [36mdefault[0m [36mas[0m [33mSend[0m, [36mdefault[0m [36mas[0m [33mSendIcon[0m } [36mfrom[0m [32m'./icons/s...[0m



Import traces:
  Client Component Browser:
    ./.gemini/antigravity/scratch/teacher-tracking/node_modules/lucide-react/dist/esm/lucide-react.mjs [Client Component Browser]
    ./.gemini/antigravity/scratch/teacher-tracking/src/components/pages/DailyTasksPage.tsx [Client Component Browser]
    ./.gemini/antigravity/scratch/teacher-tracking/src/components/AppShell.tsx [Client Component Browser]
    ./.gemini/antigravity/scratch/teacher-tracking/src/app/page.tsx [Client Component Browser]
    ./.gemini/antigravity/scratch/teacher-tracking/src/app/page.tsx [Server Component]

  Client Component SSR:
    ./.gemini/antigravity/scratch/teacher-tracking/node_modules/lucide-react/dist/esm/lucide-react.mjs [Client Component SSR]
    ./.gemini/antigravity/scratch/teacher-tracking/src/components/pages/DailyTasksPage.tsx [Client Component SSR]
    ./.gemini/antigravity/scratch/teacher-tracking/src/components/AppShell.tsx [Client Component SSR]
    ./.gemini/antigravity/scratch/teacher-tracking/src/app/page.tsx [Client Component SSR]
    ./.gemini/antigravity/scratch/teacher-tracking/src/app/page.tsx [Server Component]

https://nextjs.org/docs/messages/module-not-found


./.gemini/antigravity/scratch/teacher-tracking/node_modules/lucide-react/dist/esm/lucide-react.mjs:159:1
Module not found: Can't resolve './icons/send-horizontal.mjs'
  [90m157 |[0m ...[33manelsTopBottom[0m, [36mdefault[0m [36mas[0m [33mPanelsTopBottomIcon[0m, [36mdefault[0m [36mas[0m [33mRows3[0m, [36m...[0m
  [90m158 |[0m ..., [36mdefault[0m [36mas[0m [33mScale3DIcon[0m, [36mdefault[0m [36mas[0m [33mScale3d[0m, [36mdefault[0m [36mas[0m [33mScale3dIc..[0m.
[31m[1m>[0m [90m159 |[0m ...[36mlt[0m [36mas[0m [33mSendHorizonal[0m, [36mdefault[0m [36mas[0m [33mSendHorizonalIcon[0m, [36mdefault[0m [36mas[0m [33mSend...[0m
  [90m    |[0m    [31m[1m^^^^^^^^^^^^^^^^^^^^^^^^^^^^^^^^^^^^^^^^^^^^^^^^^^^^^^^^^^^^^^^^^^^^^[0m
  [90m160 |[0m ...[36mdefault[0m [36mas[0m [33mShieldQuestion[0m, [36mdefault[0m [36mas[0m [33mShieldQuestionIcon[0m, [36mdefault[0m [36m..[0m.
  [90m161 |[0m ...[33meldClose[0m, [36mdefault[0m [36mas[0m [33mShieldCloseIcon[0m, [36mdefault[0m [36mas[0m [33mShieldX[0m, [36mdefault[0m [36m..[0m.
  [90m162 |[0m ... [33mSliders[0m, [36mdefault[0m [36mas[0m [33mSlidersIcon[0m, [36mdefault[0m [36mas[0m [33mSlidersVertical[0m, [36mdefa...[0m



Import traces:
  Client Component Browser:
    ./.gemini/antigravity/scratch/teacher-tracking/node_modules/lucide-react/dist/esm/lucide-react.mjs [Client Component Browser]
    ./.gemini/antigravity/scratch/teacher-tracking/src/components/pages/DailyTasksPage.tsx [Client Component Browser]
    ./.gemini/antigravity/scratch/teacher-tracking/src/components/AppShell.tsx [Client Component Browser]
    ./.gemini/antigravity/scratch/teacher-tracking/src/app/page.tsx [Client Component Browser]
    ./.gemini/antigravity/scratch/teacher-tracking/src/app/page.tsx [Server Component]

  Client Component SSR:
    ./.gemini/antigravity/scratch/teacher-tracking/node_modules/lucide-react/dist/esm/lucide-react.mjs [Client Component SSR]
    ./.gemini/antigravity/scratch/teacher-tracking/src/components/pages/DailyTasksPage.tsx [Client Component SSR]
    ./.gemini/antigravity/scratch/teacher-tracking/src/components/AppShell.tsx [Client Component SSR]
    ./.gemini/antigravity/scratch/teacher-tracking/src/app/page.tsx [Client Component SSR]
    ./.gemini/antigravity/scratch/teacher-tracking/src/app/page.tsx [Server Component]

https://nextjs.org/docs/messages/module-not-found


./.gemini/antigravity/scratch/teacher-tracking/node_modules/lucide-react/dist/esm/lucide-react.mjs:1384:1
Module not found: Can't resolve './icons/send-to-back.mjs'
  [90m1382 |[0m ...[33mction[0m, [36mdefault[0m [36mas[0m [33mSection[0m, [36mdefault[0m [36mas[0m [33mSectionIcon[0m } [36mfrom[0m [32m'./icons...[0m
  [90m1383 |[0m ...[33march[0m, [36mdefault[0m [36mas[0m [33mSearch[0m, [36mdefault[0m [36mas[0m [33mSearchIcon[0m } [36mfrom[0m [32m'./icons/se...[0m
[31m[1m>[0m [90m1384 |[0m ...[33mndToBack[0m, [36mdefault[0m [36mas[0m [33mSendToBack[0m, [36mdefault[0m [36mas[0m [33mSendToBackIcon[0m } [36mfrom[0m.[32m..[0m
  [90m     |[0m    [31m[1m^^^^^^^^^^^^^^^^^^^^^^^^^^^^^^^^^^^^^^^^^^^^^^^^^^^^^^^^^^^^^^^^^^^^[0m
  [90m1385 |[0m ...[33mnd[0m, [36mdefault[0m [36mas[0m [33mSend[0m, [36mdefault[0m [36mas[0m [33mSendIcon[0m } [36mfrom[0m [32m'./icons/send.mjs'[0m;
  [90m1386 |[0m ...[33mparatorHorizontal[0m, [36mdefault[0m [36mas[0m [33mSeparatorHorizontal[0m, [36mdefault[0m [36mas[0m [33mSep...[0m
  [90m1387 |[0m ...[33mparatorVertical[0m, [36mdefault[0m [36mas[0m [33mSeparatorVertical[0m, [36mdefault[0m [36mas[0m [33mSeparat...[0m



Import traces:
  Client Component Browser:
    ./.gemini/antigravity/scratch/teacher-tracking/node_modules/lucide-react/dist/esm/lucide-react.mjs [Client Component Browser]
    ./.gemini/antigravity/scratch/teacher-tracking/src/components/pages/DailyTasksPage.tsx [Client Component Browser]
    ./.gemini/antigravity/scratch/teacher-tracking/src/components/AppShell.tsx [Client Component Browser]
    ./.gemini/antigravity/scratch/teacher-tracking/src/app/page.tsx [Client Component Browser]
    ./.gemini/antigravity/scratch/teacher-tracking/src/app/page.tsx [Server Component]

  Client Component SSR:
    ./.gemini/antigravity/scratch/teacher-tracking/node_modules/lucide-react/dist/esm/lucide-react.mjs [Client Component SSR]
    ./.gemini/antigravity/scratch/teacher-tracking/src/components/pages/DailyTasksPage.tsx [Client Component SSR]
    ./.gemini/antigravity/scratch/teacher-tracking/src/components/AppShell.tsx [Client Component SSR]
    ./.gemini/antigravity/scratch/teacher-tracking/src/app/page.tsx [Client Component SSR]
    ./.gemini/antigravity/scratch/teacher-tracking/src/app/page.tsx [Server Component]

https://nextjs.org/docs/messages/module-not-found


./.gemini/antigravity/scratch/teacher-tracking/node_modules/lucide-react/dist/esm/lucide-react.mjs:1385:1
Module not found: Can't resolve './icons/send.mjs'
  [90m1383 |[0m ...[36mt[0m [36mas[0m [33mLucideSearch[0m, [36mdefault[0m [36mas[0m [33mSearch[0m, [36mdefault[0m [36mas[0m [33mSearchIcon[0m } [36mfro.[0m.[32m.[0m
  [90m1384 |[0m ...[36mt[0m [36mas[0m [33mLucideSendToBack[0m, [36mdefault[0m [36mas[0m [33mSendToBack[0m, [36mdefault[0m [36mas[0m [33mSendToBa...[0m
[31m[1m>[0m [90m1385 |[0m ...[36mt[0m [36mas[0m [33mLucideSend[0m, [36mdefault[0m [36mas[0m [33mSend[0m, [36mdefault[0m [36mas[0m [33mSendIcon[0m } [36mfrom[0m [32m'./i...[0m
  [90m     |[0m    [31m[1m^^^^^^^^^^^^^^^^^^^^^^^^^^^^^^^^^^^^^^^^^^^^^^^^^^^^^^^^^^^^^^^^^^^^[0m
  [90m1386 |[0m ...[36mt[0m [36mas[0m [33mLucideSeparatorHorizontal[0m, [36mdefault[0m [36mas[0m [33mSeparatorHorizontal[0m, [36md...[0m
  [90m1387 |[0m ...[36mt[0m [36mas[0m [33mLucideSeparatorVertical[0m, [36mdefault[0m [36mas[0m [33mSeparatorVertical[0m, [36mdefau..[0m.
  [90m1388 |[0m ...[36mt[0m [36mas[0m [33mLucideServerOff[0m, [36mdefault[0m [36mas[0m [33mServerOff[0m, [36mdefault[0m [36mas[0m [33mServerOffI...[0m



Import traces:
  Client Component Browser:
    ./.gemini/antigravity/scratch/teacher-tracking/node_modules/lucide-react/dist/esm/lucide-react.mjs [Client Component Browser]
    ./.gemini/antigravity/scratch/teacher-tracking/src/components/pages/DailyTasksPage.tsx [Client Component Browser]
    ./.gemini/antigravity/scratch/teacher-tracking/src/components/AppShell.tsx [Client Component Browser]
    ./.gemini/antigravity/scratch/teacher-tracking/src/app/page.tsx [Client Component Browser]
    ./.gemini/antigravity/scratch/teacher-tracking/src/app/page.tsx [Server Component]

  Client Component SSR:
    ./.gemini/antigravity/scratch/teacher-tracking/node_modules/lucide-react/dist/esm/lucide-react.mjs [Client Component SSR]
    ./.gemini/antigravity/scratch/teacher-tracking/src/components/pages/DailyTasksPage.tsx [Client Component SSR]
    ./.gemini/antigravity/scratch/teacher-tracking/src/components/AppShell.tsx [Client Component SSR]
    ./.gemini/antigravity/scratch/teacher-tracking/src/app/page.tsx [Client Component SSR]
    ./.gemini/antigravity/scratch/teacher-tracking/src/app/page.tsx [Server Component]

https://nextjs.org/docs/messages/module-not-found


./.gemini/antigravity/scratch/teacher-tracking/node_modules/lucide-react/dist/esm/lucide-react.mjs:1386:1
Module not found: Can't resolve './icons/separator-horizontal.mjs'
  [90m1384 |[0m ...[36mas[0m [33mSendToBack[0m, [36mdefault[0m [36mas[0m [33mSendToBackIcon[0m } [36mfrom[0m [32m'./icons/send-to-...[0m
  [90m1385 |[0m ...[33md[0m, [36mdefault[0m [36mas[0m [33mSendIcon[0m } [36mfrom[0m [32m'./icons/send.mjs'[0m;
[31m[1m>[0m [90m1386 |[0m ... [36mdefault[0m [36mas[0m [33mSeparatorHorizontal[0m, [36mdefault[0m [36mas[0m [33mSeparatorHorizontalIc..[0m.
  [90m     |[0m    [31m[1m^^^^^^^^^^^^^^^^^^^^^^^^^^^^^^^^^^^^^^^^^^^^^^^^^^^^^^^^^^^^^^^^^^^^[0m
  [90m1387 |[0m ...[36mefault[0m [36mas[0m [33mSeparatorVertical[0m, [36mdefault[0m [36mas[0m [33mSeparatorVerticalIcon[0m } [36mf...[0m
  [90m1388 |[0m ...[36ms[0m [33mServerOff[0m, [36mdefault[0m [36mas[0m [33mServerOffIcon[0m } [36mfrom[0m [32m'./icons/server-off....[0m
  [90m1389 |[0m ...[36ms[0m [33mServerCog[0m, [36mdefault[0m [36mas[0m [33mServerCogIcon[0m } [36mfrom[0m [32m'./icons/server-cog....[0m



Import traces:
  Client Component Browser:
    ./.gemini/antigravity/scratch/teacher-tracking/node_modules/lucide-react/dist/esm/lucide-react.mjs [Client Component Browser]
    ./.gemini/antigravity/scratch/teacher-tracking/src/components/pages/DailyTasksPage.tsx [Client Component Browser]
    ./.gemini/antigravity/scratch/teacher-tracking/src/components/AppShell.tsx [Client Component Browser]
    ./.gemini/antigravity/scratch/teacher-tracking/src/app/page.tsx [Client Component Browser]
    ./.gemini/antigravity/scratch/teacher-tracking/src/app/page.tsx [Server Component]

  Client Component SSR:
    ./.gemini/antigravity/scratch/teacher-tracking/node_modules/lucide-react/dist/esm/lucide-react.mjs [Client Component SSR]
    ./.gemini/antigravity/scratch/teacher-tracking/src/components/pages/DailyTasksPage.tsx [Client Component SSR]
    ./.gemini/antigravity/scratch/teacher-tracking/src/components/AppShell.tsx [Client Component SSR]
    ./.gemini/antigravity/scratch/teacher-tracking/src/app/page.tsx [Client Component SSR]
    ./.gemini/antigravity/scratch/teacher-tracking/src/app/page.tsx [Server Component]

https://nextjs.org/docs/messages/module-not-found


./.gemini/antigravity/scratch/teacher-tracking/node_modules/lucide-react/dist/esm/lucide-react.mjs:1387:1
Module not found: Can't resolve './icons/separator-vertical.mjs'
  [90m1385 |[0m ... [33mSend[0m, [36mdefault[0m [36mas[0m [33mSendIcon[0m } [36mfrom[0m [32m'./icons/send.mjs'[0m;
  [90m1386 |[0m ...[33mtal[0m, [36mdefault[0m [36mas[0m [33mSeparatorHorizontal[0m, [36mdefault[0m [36mas[0m [33mSeparatorHorizont...[0m
[31m[1m>[0m [90m1387 |[0m ...[33ml[0m, [36mdefault[0m [36mas[0m [33mSeparatorVertical[0m, [36mdefault[0m [36mas[0m [33mSeparatorVerticalIcon[0m...
  [90m     |[0m    [31m[1m^^^^^^^^^^^^^^^^^^^^^^^^^^^^^^^^^^^^^^^^^^^^^^^^^^^^^^^^^^^^^^^^^^^^[0m
  [90m1388 |[0m ...[36mlt[0m [36mas[0m [33mServerOff[0m, [36mdefault[0m [36mas[0m [33mServerOffIcon[0m } [36mfrom[0m [32m'./icons/server-...[0m
  [90m1389 |[0m ...[36mlt[0m [36mas[0m [33mServerCog[0m, [36mdefault[0m [36mas[0m [33mServerCogIcon[0m } [36mfrom[0m [32m'./icons/server-...[0m
  [90m1390 |[0m ...[36mault[0m [36mas[0m [33mServerCrash[0m, [36mdefault[0m [36mas[0m [33mServerCrashIcon[0m } [36mfrom[0m [32m'./icons/s...[0m



Import traces:
  Client Component Browser:
    ./.gemini/antigravity/scratch/teacher-tracking/node_modules/lucide-react/dist/esm/lucide-react.mjs [Client Component Browser]
    ./.gemini/antigravity/scratch/teacher-tracking/src/components/pages/DailyTasksPage.tsx [Client Component Browser]
    ./.gemini/antigravity/scratch/teacher-tracking/src/components/AppShell.tsx [Client Component Browser]
    ./.gemini/antigravity/scratch/teacher-tracking/src/app/page.tsx [Client Component Browser]
    ./.gemini/antigravity/scratch/teacher-tracking/src/app/page.tsx [Server Component]

  Client Component SSR:
    ./.gemini/antigravity/scratch/teacher-tracking/node_modules/lucide-react/dist/esm/lucide-react.mjs [Client Component SSR]
    ./.gemini/antigravity/scratch/teacher-tracking/src/components/pages/DailyTasksPage.tsx [Client Component SSR]
    ./.gemini/antigravity/scratch/teacher-tracking/src/components/AppShell.tsx [Client Component SSR]
    ./.gemini/antigravity/scratch/teacher-tracking/src/app/page.tsx [Client Component SSR]
    ./.gemini/antigravity/scratch/teacher-tracking/src/app/page.tsx [Server Component]

https://nextjs.org/docs/messages/module-not-found


./.gemini/antigravity/scratch/teacher-tracking/node_modules/lucide-react/dist/esm/lucide-react.mjs:1389:1
Module not found: Can't resolve './icons/server-cog.mjs'
  [90m1387 |[0m ...[33mSeparatorVertical[0m, [36mdefault[0m [36mas[0m [33mSeparatorVertical[0m, [36mdefault[0m [36mas[0m [33mSepar...[0m
  [90m1388 |[0m ...[33mServerOff[0m, [36mdefault[0m [36mas[0m [33mServerOff[0m, [36mdefault[0m [36mas[0m [33mServerOffIcon[0m } [36mfrom[0m [32m...[0m
[31m[1m>[0m [90m1389 |[0m ...[33mServerCog[0m, [36mdefault[0m [36mas[0m [33mServerCog[0m, [36mdefault[0m [36mas[0m [33mServerCogIcon[0m } [36mfrom[0m [32m...[0m
  [90m     |[0m    [31m[1m^^^^^^^^^^^^^^^^^^^^^^^^^^^^^^^^^^^^^^^^^^^^^^^^^^^^^^^^^^^^^^^^^^^^[0m
  [90m1390 |[0m ...[33mServerCrash[0m, [36mdefault[0m [36mas[0m [33mServerCrash[0m, [36mdefault[0m [36mas[0m [33mServerCrashIcon[0m }.[36m..[0m
  [90m1391 |[0m ...[33mServer[0m, [36mdefault[0m [36mas[0m [33mServer[0m, [36mdefault[0m [36mas[0m [33mServerIcon[0m } [36mfrom[0m [32m'./icons/...[0m
  [90m1392 |[0m ...[33mSettings2[0m, [36mdefault[0m [36mas[0m [33mSettings2[0m, [36mdefault[0m [36mas[0m [33mSettings2Icon[0m } [36mfrom[0m [32m...[0m



Import traces:
  Client Component Browser:
    ./.gemini/antigravity/scratch/teacher-tracking/node_modules/lucide-react/dist/esm/lucide-react.mjs [Client Component Browser]
    ./.gemini/antigravity/scratch/teacher-tracking/src/components/pages/DailyTasksPage.tsx [Client Component Browser]
    ./.gemini/antigravity/scratch/teacher-tracking/src/components/AppShell.tsx [Client Component Browser]
    ./.gemini/antigravity/scratch/teacher-tracking/src/app/page.tsx [Client Component Browser]
    ./.gemini/antigravity/scratch/teacher-tracking/src/app/page.tsx [Server Component]

  Client Component SSR:
    ./.gemini/antigravity/scratch/teacher-tracking/node_modules/lucide-react/dist/esm/lucide-react.mjs [Client Component SSR]
    ./.gemini/antigravity/scratch/teacher-tracking/src/components/pages/DailyTasksPage.tsx [Client Component SSR]
    ./.gemini/antigravity/scratch/teacher-tracking/src/components/AppShell.tsx [Client Component SSR]
    ./.gemini/antigravity/scratch/teacher-tracking/src/app/page.tsx [Client Component SSR]
    ./.gemini/antigravity/scratch/teacher-tracking/src/app/page.tsx [Server Component]

https://nextjs.org/docs/messages/module-not-found


./.gemini/antigravity/scratch/teacher-tracking/node_modules/lucide-react/dist/esm/lucide-react.mjs:1390:1
Module not found: Can't resolve './icons/server-crash.mjs'
  [90m1388 |[0m ...[33merOff[0m, [36mdefault[0m [36mas[0m [33mServerOff[0m, [36mdefault[0m [36mas[0m [33mServerOffIcon[0m } [36mfrom[0m [32m'./i...[0m
  [90m1389 |[0m ...[33merCog[0m, [36mdefault[0m [36mas[0m [33mServerCog[0m, [36mdefault[0m [36mas[0m [33mServerCogIcon[0m } [36mfrom[0m [32m'./i...[0m
[31m[1m>[0m [90m1390 |[0m ...[33merCrash[0m, [36mdefault[0m [36mas[0m [33mServerCrash[0m, [36mdefault[0m [36mas[0m [33mServerCrashIcon[0m } [36mfro.[0m.[32m.[0m
  [90m     |[0m    [31m[1m^^^^^^^^^^^^^^^^^^^^^^^^^^^^^^^^^^^^^^^^^^^^^^^^^^^^^^^^^^^^^^^^^^^^[0m
  [90m1391 |[0m ...[33mer[0m, [36mdefault[0m [36mas[0m [33mServer[0m, [36mdefault[0m [36mas[0m [33mServerIcon[0m } [36mfrom[0m [32m'./icons/serv...[0m
  [90m1392 |[0m ...[33mings2[0m, [36mdefault[0m [36mas[0m [33mSettings2[0m, [36mdefault[0m [36mas[0m [33mSettings2Icon[0m } [36mfrom[0m [32m'./i...[0m
  [90m1393 |[0m ...[33mings[0m, [36mdefault[0m [36mas[0m [33mSettings[0m, [36mdefault[0m [36mas[0m [33mSettingsIcon[0m } [36mfrom[0m [32m'./icon...[0m



Import traces:
  Client Component Browser:
    ./.gemini/antigravity/scratch/teacher-tracking/node_modules/lucide-react/dist/esm/lucide-react.mjs [Client Component Browser]
    ./.gemini/antigravity/scratch/teacher-tracking/src/components/pages/DailyTasksPage.tsx [Client Component Browser]
    ./.gemini/antigravity/scratch/teacher-tracking/src/components/AppShell.tsx [Client Component Browser]
    ./.gemini/antigravity/scratch/teacher-tracking/src/app/page.tsx [Client Component Browser]
    ./.gemini/antigravity/scratch/teacher-tracking/src/app/page.tsx [Server Component]

  Client Component SSR:
    ./.gemini/antigravity/scratch/teacher-tracking/node_modules/lucide-react/dist/esm/lucide-react.mjs [Client Component SSR]
    ./.gemini/antigravity/scratch/teacher-tracking/src/components/pages/DailyTasksPage.tsx [Client Component SSR]
    ./.gemini/antigravity/scratch/teacher-tracking/src/components/AppShell.tsx [Client Component SSR]
    ./.gemini/antigravity/scratch/teacher-tracking/src/app/page.tsx [Client Component SSR]
    ./.gemini/antigravity/scratch/teacher-tracking/src/app/page.tsx [Server Component]

https://nextjs.org/docs/messages/module-not-found


./.gemini/antigravity/scratch/teacher-tracking/node_modules/lucide-react/dist/esm/lucide-react.mjs:1388:1
Module not found: Can't resolve './icons/server-off.mjs'
  [90m1386 |[0m ...[33mSeparatorHorizontal[0m, [36mdefault[0m [36mas[0m [33mSeparatorHorizontal[0m, [36mdefault[0m [36mas[0m [33mS...[0m
  [90m1387 |[0m ...[33mSeparatorVertical[0m, [36mdefault[0m [36mas[0m [33mSeparatorVertical[0m, [36mdefault[0m [36mas[0m [33mSepar...[0m
[31m[1m>[0m [90m1388 |[0m ...[33mServerOff[0m, [36mdefault[0m [36mas[0m [33mServerOff[0m, [36mdefault[0m [36mas[0m [33mServerOffIcon[0m } [36mfrom[0m [32m...[0m
  [90m     |[0m    [31m[1m^^^^^^^^^^^^^^^^^^^^^^^^^^^^^^^^^^^^^^^^^^^^^^^^^^^^^^^^^^^^^^^^^^^^[0m
  [90m1389 |[0m ...[33mServerCog[0m, [36mdefault[0m [36mas[0m [33mServerCog[0m, [36mdefault[0m [36mas[0m [33mServerCogIcon[0m } [36mfrom[0m [32m...[0m
  [90m1390 |[0m ...[33mServerCrash[0m, [36mdefault[0m [36mas[0m [33mServerCrash[0m, [36mdefault[0m [36mas[0m [33mServerCrashIcon[0m }.[36m..[0m
  [90m1391 |[0m ...[33mServer[0m, [36mdefault[0m [36mas[0m [33mServer[0m, [36mdefault[0m [36mas[0m [33mServerIcon[0m } [36mfrom[0m [32m'./icons/...[0m



Import traces:
  Client Component Browser:
    ./.gemini/antigravity/scratch/teacher-tracking/node_modules/lucide-react/dist/esm/lucide-react.mjs [Client Component Browser]
    ./.gemini/antigravity/scratch/teacher-tracking/src/components/pages/DailyTasksPage.tsx [Client Component Browser]
    ./.gemini/antigravity/scratch/teacher-tracking/src/components/AppShell.tsx [Client Component Browser]
    ./.gemini/antigravity/scratch/teacher-tracking/src/app/page.tsx [Client Component Browser]
    ./.gemini/antigravity/scratch/teacher-tracking/src/app/page.tsx [Server Component]

  Client Component SSR:
    ./.gemini/antigravity/scratch/teacher-tracking/node_modules/lucide-react/dist/esm/lucide-react.mjs [Client Component SSR]
    ./.gemini/antigravity/scratch/teacher-tracking/src/components/pages/DailyTasksPage.tsx [Client Component SSR]
    ./.gemini/antigravity/scratch/teacher-tracking/src/components/AppShell.tsx [Client Component SSR]
    ./.gemini/antigravity/scratch/teacher-tracking/src/app/page.tsx [Client Component SSR]
    ./.gemini/antigravity/scratch/teacher-tracking/src/app/page.tsx [Server Component]

https://nextjs.org/docs/messages/module-not-found


./.gemini/antigravity/scratch/teacher-tracking/node_modules/lucide-react/dist/esm/lucide-react.mjs:1391:1
Module not found: Can't resolve './icons/server.mjs'
  [90m1389 |[0m ... [33mLucideServerCog[0m, [36mdefault[0m [36mas[0m [33mServerCog[0m, [36mdefault[0m [36mas[0m [33mServerCogIcon[0m ..[36m.[0m
  [90m1390 |[0m ... [33mLucideServerCrash[0m, [36mdefault[0m [36mas[0m [33mServerCrash[0m, [36mdefault[0m [36mas[0m [33mServerCras...[0m
[31m[1m>[0m [90m1391 |[0m ... [33mLucideServer[0m, [36mdefault[0m [36mas[0m [33mServer[0m, [36mdefault[0m [36mas[0m [33mServerIcon[0m } [36mfrom[0m [32m'....[0m
  [90m     |[0m    [31m[1m^^^^^^^^^^^^^^^^^^^^^^^^^^^^^^^^^^^^^^^^^^^^^^^^^^^^^^^^^^^^^^^^^^^^[0m
  [90m1392 |[0m ... [33mLucideSettings2[0m, [36mdefault[0m [36mas[0m [33mSettings2[0m, [36mdefault[0m [36mas[0m [33mSettings2Icon[0m ..[36m.[0m
  [90m1393 |[0m ... [33mLucideSettings[0m, [36mdefault[0m [36mas[0m [33mSettings[0m, [36mdefault[0m [36mas[0m [33mSettingsIcon[0m } [36mf...[0m
  [90m1394 |[0m ... [33mLucideShapes[0m, [36mdefault[0m [36mas[0m [33mShapes[0m, [36mdefault[0m [36mas[0m [33mShapesIcon[0m } [36mfrom[0m [32m'....[0m



Import traces:
  Client Component Browser:
    ./.gemini/antigravity/scratch/teacher-tracking/node_modules/lucide-react/dist/esm/lucide-react.mjs [Client Component Browser]
    ./.gemini/antigravity/scratch/teacher-tracking/src/components/pages/DailyTasksPage.tsx [Client Component Browser]
    ./.gemini/antigravity/scratch/teacher-tracking/src/components/AppShell.tsx [Client Component Browser]
    ./.gemini/antigravity/scratch/teacher-tracking/src/app/page.tsx [Client Component Browser]
    ./.gemini/antigravity/scratch/teacher-tracking/src/app/page.tsx [Server Component]

  Client Component SSR:
    ./.gemini/antigravity/scratch/teacher-tracking/node_modules/lucide-react/dist/esm/lucide-react.mjs [Client Component SSR]
    ./.gemini/antigravity/scratch/teacher-tracking/src/components/pages/DailyTasksPage.tsx [Client Component SSR]
    ./.gemini/antigravity/scratch/teacher-tracking/src/components/AppShell.tsx [Client Component SSR]
    ./.gemini/antigravity/scratch/teacher-tracking/src/app/page.tsx [Client Component SSR]
    ./.gemini/antigravity/scratch/teacher-tracking/src/app/page.tsx [Server Component]

https://nextjs.org/docs/messages/module-not-found


./.gemini/antigravity/scratch/teacher-tracking/node_modules/lucide-react/dist/esm/lucide-react.mjs:1392:1
Module not found: Can't resolve './icons/settings-2.mjs'
  [90m1390 |[0m ...[33mServerCrash[0m, [36mdefault[0m [36mas[0m [33mServerCrash[0m, [36mdefault[0m [36mas[0m [33mServerCrashIcon[0m }.[36m..[0m
  [90m1391 |[0m ...[33mServer[0m, [36mdefault[0m [36mas[0m [33mServer[0m, [36mdefault[0m [36mas[0m [33mServerIcon[0m } [36mfrom[0m [32m'./icons/...[0m
[31m[1m>[0m [90m1392 |[0m ...[33mSettings2[0m, [36mdefault[0m [36mas[0m [33mSettings2[0m, [36mdefault[0m [36mas[0m [33mSettings2Icon[0m } [36mfrom[0m [32m...[0m
  [90m     |[0m    [31m[1m^^^^^^^^^^^^^^^^^^^^^^^^^^^^^^^^^^^^^^^^^^^^^^^^^^^^^^^^^^^^^^^^^^^^[0m
  [90m1393 |[0m ...[33mSettings[0m, [36mdefault[0m [36mas[0m [33mSettings[0m, [36mdefault[0m [36mas[0m [33mSettingsIcon[0m } [36mfrom[0m [32m'./...[0m
  [90m1394 |[0m ...[33mShapes[0m, [36mdefault[0m [36mas[0m [33mShapes[0m, [36mdefault[0m [36mas[0m [33mShapesIcon[0m } [36mfrom[0m [32m'./icons/...[0m
  [90m1395 |[0m ...[33mShare2[0m, [36mdefault[0m [36mas[0m [33mShare2[0m, [36mdefault[0m [36mas[0m [33mShare2Icon[0m } [36mfrom[0m [32m'./icons/...[0m



Import traces:
  Client Component Browser:
    ./.gemini/antigravity/scratch/teacher-tracking/node_modules/lucide-react/dist/esm/lucide-react.mjs [Client Component Browser]
    ./.gemini/antigravity/scratch/teacher-tracking/src/components/pages/DailyTasksPage.tsx [Client Component Browser]
    ./.gemini/antigravity/scratch/teacher-tracking/src/components/AppShell.tsx [Client Component Browser]
    ./.gemini/antigravity/scratch/teacher-tracking/src/app/page.tsx [Client Component Browser]
    ./.gemini/antigravity/scratch/teacher-tracking/src/app/page.tsx [Server Component]

  Client Component SSR:
    ./.gemini/antigravity/scratch/teacher-tracking/node_modules/lucide-react/dist/esm/lucide-react.mjs [Client Component SSR]
    ./.gemini/antigravity/scratch/teacher-tracking/src/components/pages/DailyTasksPage.tsx [Client Component SSR]
    ./.gemini/antigravity/scratch/teacher-tracking/src/components/AppShell.tsx [Client Component SSR]
    ./.gemini/antigravity/scratch/teacher-tracking/src/app/page.tsx [Client Component SSR]
    ./.gemini/antigravity/scratch/teacher-tracking/src/app/page.tsx [Server Component]

https://nextjs.org/docs/messages/module-not-found


./.gemini/antigravity/scratch/teacher-tracking/node_modules/lucide-react/dist/esm/lucide-react.mjs:1393:1
Module not found: Can't resolve './icons/settings.mjs'
  [90m1391 |[0m ...[33mideServer[0m, [36mdefault[0m [36mas[0m [33mServer[0m, [36mdefault[0m [36mas[0m [33mServerIcon[0m } [36mfrom[0m [32m'./ico...[0m
  [90m1392 |[0m ...[33mideSettings2[0m, [36mdefault[0m [36mas[0m [33mSettings2[0m, [36mdefault[0m [36mas[0m [33mSettings2Icon[0m } [36mfr..[0m.
[31m[1m>[0m [90m1393 |[0m ...[33mideSettings[0m, [36mdefault[0m [36mas[0m [33mSettings[0m, [36mdefault[0m [36mas[0m [33mSettingsIcon[0m } [36mfrom[0m [32m...[0m
  [90m     |[0m    [31m[1m^^^^^^^^^^^^^^^^^^^^^^^^^^^^^^^^^^^^^^^^^^^^^^^^^^^^^^^^^^^^^^^^^^^^[0m
  [90m1394 |[0m ...[33mideShapes[0m, [36mdefault[0m [36mas[0m [33mShapes[0m, [36mdefault[0m [36mas[0m [33mShapesIcon[0m } [36mfrom[0m [32m'./ico...[0m
  [90m1395 |[0m ...[33mideShare2[0m, [36mdefault[0m [36mas[0m [33mShare2[0m, [36mdefault[0m [36mas[0m [33mShare2Icon[0m } [36mfrom[0m [32m'./ico...[0m
  [90m1396 |[0m ...[33mideShare[0m, [36mdefault[0m [36mas[0m [33mShare[0m, [36mdefault[0m [36mas[0m [33mShareIcon[0m } [36mfrom[0m [32m'./icons/...[0m



Import traces:
  Client Component Browser:
    ./.gemini/antigravity/scratch/teacher-tracking/node_modules/lucide-react/dist/esm/lucide-react.mjs [Client Component Browser]
    ./.gemini/antigravity/scratch/teacher-tracking/src/components/pages/DailyTasksPage.tsx [Client Component Browser]
    ./.gemini/antigravity/scratch/teacher-tracking/src/components/AppShell.tsx [Client Component Browser]
    ./.gemini/antigravity/scratch/teacher-tracking/src/app/page.tsx [Client Component Browser]
    ./.gemini/antigravity/scratch/teacher-tracking/src/app/page.tsx [Server Component]

  Client Component SSR:
    ./.gemini/antigravity/scratch/teacher-tracking/node_modules/lucide-react/dist/esm/lucide-react.mjs [Client Component SSR]
    ./.gemini/antigravity/scratch/teacher-tracking/src/components/pages/DailyTasksPage.tsx [Client Component SSR]
    ./.gemini/antigravity/scratch/teacher-tracking/src/components/AppShell.tsx [Client Component SSR]
    ./.gemini/antigravity/scratch/teacher-tracking/src/app/page.tsx [Client Component SSR]
    ./.gemini/antigravity/scratch/teacher-tracking/src/app/page.tsx [Server Component]

https://nextjs.org/docs/messages/module-not-found


./.gemini/antigravity/scratch/teacher-tracking/node_modules/lucide-react/dist/esm/lucide-react.mjs:1394:1
Module not found: Can't resolve './icons/shapes.mjs'
  [90m1392 |[0m ... [33mLucideSettings2[0m, [36mdefault[0m [36mas[0m [33mSettings2[0m, [36mdefault[0m [36mas[0m [33mSettings2Icon[0m ..[36m.[0m
  [90m1393 |[0m ... [33mLucideSettings[0m, [36mdefault[0m [36mas[0m [33mSettings[0m, [36mdefault[0m [36mas[0m [33mSettingsIcon[0m } [36mf...[0m
[31m[1m>[0m [90m1394 |[0m ... [33mLucideShapes[0m, [36mdefault[0m [36mas[0m [33mShapes[0m, [36mdefault[0m [36mas[0m [33mShapesIcon[0m } [36mfrom[0m [32m'....[0m
  [90m     |[0m    [31m[1m^^^^^^^^^^^^^^^^^^^^^^^^^^^^^^^^^^^^^^^^^^^^^^^^^^^^^^^^^^^^^^^^^^^^[0m
  [90m1395 |[0m ... [33mLucideShare2[0m, [36mdefault[0m [36mas[0m [33mShare2[0m, [36mdefault[0m [36mas[0m [33mShare2Icon[0m } [36mfrom[0m [32m'....[0m
  [90m1396 |[0m ... [33mLucideShare[0m, [36mdefault[0m [36mas[0m [33mShare[0m, [36mdefault[0m [36mas[0m [33mShareIcon[0m } [36mfrom[0m [32m'./ic...[0m
  [90m1397 |[0m ... [33mLucideSheet[0m, [36mdefault[0m [36mas[0m [33mSheet[0m, [36mdefault[0m [36mas[0m [33mSheetIcon[0m } [36mfrom[0m [32m'./ic...[0m



Import traces:
  Client Component Browser:
    ./.gemini/antigravity/scratch/teacher-tracking/node_modules/lucide-react/dist/esm/lucide-react.mjs [Client Component Browser]
    ./.gemini/antigravity/scratch/teacher-tracking/src/components/pages/DailyTasksPage.tsx [Client Component Browser]
    ./.gemini/antigravity/scratch/teacher-tracking/src/components/AppShell.tsx [Client Component Browser]
    ./.gemini/antigravity/scratch/teacher-tracking/src/app/page.tsx [Client Component Browser]
    ./.gemini/antigravity/scratch/teacher-tracking/src/app/page.tsx [Server Component]

  Client Component SSR:
    ./.gemini/antigravity/scratch/teacher-tracking/node_modules/lucide-react/dist/esm/lucide-react.mjs [Client Component SSR]
    ./.gemini/antigravity/scratch/teacher-tracking/src/components/pages/DailyTasksPage.tsx [Client Component SSR]
    ./.gemini/antigravity/scratch/teacher-tracking/src/components/AppShell.tsx [Client Component SSR]
    ./.gemini/antigravity/scratch/teacher-tracking/src/app/page.tsx [Client Component SSR]
    ./.gemini/antigravity/scratch/teacher-tracking/src/app/page.tsx [Server Component]

https://nextjs.org/docs/messages/module-not-found


./.gemini/antigravity/scratch/teacher-tracking/node_modules/lucide-react/dist/esm/lucide-react.mjs:1395:1
Module not found: Can't resolve './icons/share-2.mjs'
  [90m1393 |[0m ...[33mLucideSettings[0m, [36mdefault[0m [36mas[0m [33mSettings[0m, [36mdefault[0m [36mas[0m [33mSettingsIcon[0m } [36mfr..[0m.
  [90m1394 |[0m ...[33mLucideShapes[0m, [36mdefault[0m [36mas[0m [33mShapes[0m, [36mdefault[0m [36mas[0m [33mShapesIcon[0m } [36mfrom[0m [32m'./...[0m
[31m[1m>[0m [90m1395 |[0m ...[33mLucideShare2[0m, [36mdefault[0m [36mas[0m [33mShare2[0m, [36mdefault[0m [36mas[0m [33mShare2Icon[0m } [36mfrom[0m [32m'./...[0m
  [90m     |[0m    [31m[1m^^^^^^^^^^^^^^^^^^^^^^^^^^^^^^^^^^^^^^^^^^^^^^^^^^^^^^^^^^^^^^^^^^^^[0m
  [90m1396 |[0m ...[33mLucideShare[0m, [36mdefault[0m [36mas[0m [33mShare[0m, [36mdefault[0m [36mas[0m [33mShareIcon[0m } [36mfrom[0m [32m'./ico...[0m
  [90m1397 |[0m ...[33mLucideSheet[0m, [36mdefault[0m [36mas[0m [33mSheet[0m, [36mdefault[0m [36mas[0m [33mSheetIcon[0m } [36mfrom[0m [32m'./ico...[0m
  [90m1398 |[0m ...[33mLucideShell[0m, [36mdefault[0m [36mas[0m [33mShell[0m, [36mdefault[0m [36mas[0m [33mShellIcon[0m } [36mfrom[0m [32m'./ico...[0m



Import traces:
  Client Component Browser:
    ./.gemini/antigravity/scratch/teacher-tracking/node_modules/lucide-react/dist/esm/lucide-react.mjs [Client Component Browser]
    ./.gemini/antigravity/scratch/teacher-tracking/src/components/pages/DailyTasksPage.tsx [Client Component Browser]
    ./.gemini/antigravity/scratch/teacher-tracking/src/components/AppShell.tsx [Client Component Browser]
    ./.gemini/antigravity/scratch/teacher-tracking/src/app/page.tsx [Client Component Browser]
    ./.gemini/antigravity/scratch/teacher-tracking/src/app/page.tsx [Server Component]

  Client Component SSR:
    ./.gemini/antigravity/scratch/teacher-tracking/node_modules/lucide-react/dist/esm/lucide-react.mjs [Client Component SSR]
    ./.gemini/antigravity/scratch/teacher-tracking/src/components/pages/DailyTasksPage.tsx [Client Component SSR]
    ./.gemini/antigravity/scratch/teacher-tracking/src/components/AppShell.tsx [Client Component SSR]
    ./.gemini/antigravity/scratch/teacher-tracking/src/app/page.tsx [Client Component SSR]
    ./.gemini/antigravity/scratch/teacher-tracking/src/app/page.tsx [Server Component]

https://nextjs.org/docs/messages/module-not-found


./.gemini/antigravity/scratch/teacher-tracking/node_modules/lucide-react/dist/esm/lucide-react.mjs:1396:1
Module not found: Can't resolve './icons/share.mjs'
  [90m1394 |[0m ...[36mas[0m [33mLucideShapes[0m, [36mdefault[0m [36mas[0m [33mShapes[0m, [36mdefault[0m [36mas[0m [33mShapesIcon[0m } [36mfrom[0m [32m...[0m
  [90m1395 |[0m ...[36mas[0m [33mLucideShare2[0m, [36mdefault[0m [36mas[0m [33mShare2[0m, [36mdefault[0m [36mas[0m [33mShare2Icon[0m } [36mfrom[0m [32m...[0m
[31m[1m>[0m [90m1396 |[0m ...[36mas[0m [33mLucideShare[0m, [36mdefault[0m [36mas[0m [33mShare[0m, [36mdefault[0m [36mas[0m [33mShareIcon[0m } [36mfrom[0m [32m'./...[0m
  [90m     |[0m    [31m[1m^^^^^^^^^^^^^^^^^^^^^^^^^^^^^^^^^^^^^^^^^^^^^^^^^^^^^^^^^^^^^^^^^^^^[0m
  [90m1397 |[0m ...[36mas[0m [33mLucideSheet[0m, [36mdefault[0m [36mas[0m [33mSheet[0m, [36mdefault[0m [36mas[0m [33mSheetIcon[0m } [36mfrom[0m [32m'./...[0m
  [90m1398 |[0m ...[36mas[0m [33mLucideShell[0m, [36mdefault[0m [36mas[0m [33mShell[0m, [36mdefault[0m [36mas[0m [33mShellIcon[0m } [36mfrom[0m [32m'./...[0m
  [90m1399 |[0m ...[36mas[0m [33mLucideShelvingUnit[0m, [36mdefault[0m [36mas[0m [33mShelvingUnit[0m, [36mdefault[0m [36mas[0m [33mShelvi...[0m



Import traces:
  Client Component Browser:
    ./.gemini/antigravity/scratch/teacher-tracking/node_modules/lucide-react/dist/esm/lucide-react.mjs [Client Component Browser]
    ./.gemini/antigravity/scratch/teacher-tracking/src/components/pages/DailyTasksPage.tsx [Client Component Browser]
    ./.gemini/antigravity/scratch/teacher-tracking/src/components/AppShell.tsx [Client Component Browser]
    ./.gemini/antigravity/scratch/teacher-tracking/src/app/page.tsx [Client Component Browser]
    ./.gemini/antigravity/scratch/teacher-tracking/src/app/page.tsx [Server Component]

  Client Component SSR:
    ./.gemini/antigravity/scratch/teacher-tracking/node_modules/lucide-react/dist/esm/lucide-react.mjs [Client Component SSR]
    ./.gemini/antigravity/scratch/teacher-tracking/src/components/pages/DailyTasksPage.tsx [Client Component SSR]
    ./.gemini/antigravity/scratch/teacher-tracking/src/components/AppShell.tsx [Client Component SSR]
    ./.gemini/antigravity/scratch/teacher-tracking/src/app/page.tsx [Client Component SSR]
    ./.gemini/antigravity/scratch/teacher-tracking/src/app/page.tsx [Server Component]

https://nextjs.org/docs/messages/module-not-found


./.gemini/antigravity/scratch/teacher-tracking/node_modules/lucide-react/dist/esm/lucide-react.mjs:1397:1
Module not found: Can't resolve './icons/sheet.mjs'
  [90m1395 |[0m ...[36mas[0m [33mLucideShare2[0m, [36mdefault[0m [36mas[0m [33mShare2[0m, [36mdefault[0m [36mas[0m [33mShare2Icon[0m } [36mfrom[0m [32m...[0m
  [90m1396 |[0m ...[36mas[0m [33mLucideShare[0m, [36mdefault[0m [36mas[0m [33mShare[0m, [36mdefault[0m [36mas[0m [33mShareIcon[0m } [36mfrom[0m [32m'./...[0m
[31m[1m>[0m [90m1397 |[0m ...[36mas[0m [33mLucideSheet[0m, [36mdefault[0m [36mas[0m [33mSheet[0m, [36mdefault[0m [36mas[0m [33mSheetIcon[0m } [36mfrom[0m [32m'./...[0m
  [90m     |[0m    [31m[1m^^^^^^^^^^^^^^^^^^^^^^^^^^^^^^^^^^^^^^^^^^^^^^^^^^^^^^^^^^^^^^^^^^^^[0m
  [90m1398 |[0m ...[36mas[0m [33mLucideShell[0m, [36mdefault[0m [36mas[0m [33mShell[0m, [36mdefault[0m [36mas[0m [33mShellIcon[0m } [36mfrom[0m [32m'./...[0m
  [90m1399 |[0m ...[36mas[0m [33mLucideShelvingUnit[0m, [36mdefault[0m [36mas[0m [33mShelvingUnit[0m, [36mdefault[0m [36mas[0m [33mShelvi...[0m
  [90m1400 |[0m ...[36mas[0m [33mLucideShieldAlert[0m, [36mdefault[0m [36mas[0m [33mShieldAlert[0m, [36mdefault[0m [36mas[0m [33mShieldAl...[0m



Import traces:
  Client Component Browser:
    ./.gemini/antigravity/scratch/teacher-tracking/node_modules/lucide-react/dist/esm/lucide-react.mjs [Client Component Browser]
    ./.gemini/antigravity/scratch/teacher-tracking/src/components/pages/DailyTasksPage.tsx [Client Component Browser]
    ./.gemini/antigravity/scratch/teacher-tracking/src/components/AppShell.tsx [Client Component Browser]
    ./.gemini/antigravity/scratch/teacher-tracking/src/app/page.tsx [Client Component Browser]
    ./.gemini/antigravity/scratch/teacher-tracking/src/app/page.tsx [Server Component]

  Client Component SSR:
    ./.gemini/antigravity/scratch/teacher-tracking/node_modules/lucide-react/dist/esm/lucide-react.mjs [Client Component SSR]
    ./.gemini/antigravity/scratch/teacher-tracking/src/components/pages/DailyTasksPage.tsx [Client Component SSR]
    ./.gemini/antigravity/scratch/teacher-tracking/src/components/AppShell.tsx [Client Component SSR]
    ./.gemini/antigravity/scratch/teacher-tracking/src/app/page.tsx [Client Component SSR]
    ./.gemini/antigravity/scratch/teacher-tracking/src/app/page.tsx [Server Component]

https://nextjs.org/docs/messages/module-not-found


./.gemini/antigravity/scratch/teacher-tracking/node_modules/lucide-react/dist/esm/lucide-react.mjs:1398:1
Module not found: Can't resolve './icons/shell.mjs'
  [90m1396 |[0m ...[36mas[0m [33mLucideShare[0m, [36mdefault[0m [36mas[0m [33mShare[0m, [36mdefault[0m [36mas[0m [33mShareIcon[0m } [36mfrom[0m [32m'./...[0m
  [90m1397 |[0m ...[36mas[0m [33mLucideSheet[0m, [36mdefault[0m [36mas[0m [33mSheet[0m, [36mdefault[0m [36mas[0m [33mSheetIcon[0m } [36mfrom[0m [32m'./...[0m
[31m[1m>[0m [90m1398 |[0m ...[36mas[0m [33mLucideShell[0m, [36mdefault[0m [36mas[0m [33mShell[0m, [36mdefault[0m [36mas[0m [33mShellIcon[0m } [36mfrom[0m [32m'./...[0m
  [90m     |[0m    [31m[1m^^^^^^^^^^^^^^^^^^^^^^^^^^^^^^^^^^^^^^^^^^^^^^^^^^^^^^^^^^^^^^^^^^^^[0m
  [90m1399 |[0m ...[36mas[0m [33mLucideShelvingUnit[0m, [36mdefault[0m [36mas[0m [33mShelvingUnit[0m, [36mdefault[0m [36mas[0m [33mShelvi...[0m
  [90m1400 |[0m ...[36mas[0m [33mLucideShieldAlert[0m, [36mdefault[0m [36mas[0m [33mShieldAlert[0m, [36mdefault[0m [36mas[0m [33mShieldAl...[0m
  [90m1401 |[0m ...[36mas[0m [33mLucideShieldBan[0m, [36mdefault[0m [36mas[0m [33mShieldBan[0m, [36mdefault[0m [36mas[0m [33mShieldBanIco.[0m..



Import traces:
  Client Component Browser:
    ./.gemini/antigravity/scratch/teacher-tracking/node_modules/lucide-react/dist/esm/lucide-react.mjs [Client Component Browser]
    ./.gemini/antigravity/scratch/teacher-tracking/src/components/pages/DailyTasksPage.tsx [Client Component Browser]
    ./.gemini/antigravity/scratch/teacher-tracking/src/components/AppShell.tsx [Client Component Browser]
    ./.gemini/antigravity/scratch/teacher-tracking/src/app/page.tsx [Client Component Browser]
    ./.gemini/antigravity/scratch/teacher-tracking/src/app/page.tsx [Server Component]

  Client Component SSR:
    ./.gemini/antigravity/scratch/teacher-tracking/node_modules/lucide-react/dist/esm/lucide-react.mjs [Client Component SSR]
    ./.gemini/antigravity/scratch/teacher-tracking/src/components/pages/DailyTasksPage.tsx [Client Component SSR]
    ./.gemini/antigravity/scratch/teacher-tracking/src/components/AppShell.tsx [Client Component SSR]
    ./.gemini/antigravity/scratch/teacher-tracking/src/app/page.tsx [Client Component SSR]
    ./.gemini/antigravity/scratch/teacher-tracking/src/app/page.tsx [Server Component]

https://nextjs.org/docs/messages/module-not-found


./.gemini/antigravity/scratch/teacher-tracking/node_modules/lucide-react/dist/esm/lucide-react.mjs:1399:1
Module not found: Can't resolve './icons/shelving-unit.mjs'
  [90m1397 |[0m ... [36mdefault[0m [36mas[0m [33mSheet[0m, [36mdefault[0m [36mas[0m [33mSheetIcon[0m } [36mfrom[0m [32m'./icons/sheet.mjs'[0m;
  [90m1398 |[0m ... [36mdefault[0m [36mas[0m [33mShell[0m, [36mdefault[0m [36mas[0m [33mShellIcon[0m } [36mfrom[0m [32m'./icons/shell.mjs'[0m;
[31m[1m>[0m [90m1399 |[0m ...[33mngUnit[0m, [36mdefault[0m [36mas[0m [33mShelvingUnit[0m, [36mdefault[0m [36mas[0m [33mShelvingUnitIcon[0m } [36mfr..[0m.
  [90m     |[0m    [31m[1m^^^^^^^^^^^^^^^^^^^^^^^^^^^^^^^^^^^^^^^^^^^^^^^^^^^^^^^^^^^^^^^^^^^^[0m
  [90m1400 |[0m ...[33mAlert[0m, [36mdefault[0m [36mas[0m [33mShieldAlert[0m, [36mdefault[0m [36mas[0m [33mShieldAlertIcon[0m } [36mfrom[0m [32m...[0m
  [90m1401 |[0m ...[33mBan[0m, [36mdefault[0m [36mas[0m [33mShieldBan[0m, [36mdefault[0m [36mas[0m [33mShieldBanIcon[0m } [36mfrom[0m [32m'./ico...[0m
  [90m1402 |[0m ...[33mCheck[0m, [36mdefault[0m [36mas[0m [33mShieldCheck[0m, [36mdefault[0m [36mas[0m [33mShieldCheckIcon[0m } [36mfrom[0m [32m...[0m



Import traces:
  Client Component Browser:
    ./.gemini/antigravity/scratch/teacher-tracking/node_modules/lucide-react/dist/esm/lucide-react.mjs [Client Component Browser]
    ./.gemini/antigravity/scratch/teacher-tracking/src/components/pages/DailyTasksPage.tsx [Client Component Browser]
    ./.gemini/antigravity/scratch/teacher-tracking/src/components/AppShell.tsx [Client Component Browser]
    ./.gemini/antigravity/scratch/teacher-tracking/src/app/page.tsx [Client Component Browser]
    ./.gemini/antigravity/scratch/teacher-tracking/src/app/page.tsx [Server Component]

  Client Component SSR:
    ./.gemini/antigravity/scratch/teacher-tracking/node_modules/lucide-react/dist/esm/lucide-react.mjs [Client Component SSR]
    ./.gemini/antigravity/scratch/teacher-tracking/src/components/pages/DailyTasksPage.tsx [Client Component SSR]
    ./.gemini/antigravity/scratch/teacher-tracking/src/components/AppShell.tsx [Client Component SSR]
    ./.gemini/antigravity/scratch/teacher-tracking/src/app/page.tsx [Client Component SSR]
    ./.gemini/antigravity/scratch/teacher-tracking/src/app/page.tsx [Server Component]

https://nextjs.org/docs/messages/module-not-found


./.gemini/antigravity/scratch/teacher-tracking/node_modules/lucide-react/dist/esm/lucide-react.mjs:1400:1
Module not found: Can't resolve './icons/shield-alert.mjs'
  [90m1398 |[0m ...[33ml[0m, [36mdefault[0m [36mas[0m [33mShell[0m, [36mdefault[0m [36mas[0m [33mShellIcon[0m } [36mfrom[0m [32m'./icons/shell.m...[0m
  [90m1399 |[0m ...[33mvingUnit[0m, [36mdefault[0m [36mas[0m [33mShelvingUnit[0m, [36mdefault[0m [36mas[0m [33mShelvingUnitIcon[0m } [36m...[0m
[31m[1m>[0m [90m1400 |[0m ...[33mldAlert[0m, [36mdefault[0m [36mas[0m [33mShieldAlert[0m, [36mdefault[0m [36mas[0m [33mShieldAlertIcon[0m } [36mfro.[0m.[32m.[0m
  [90m     |[0m    [31m[1m^^^^^^^^^^^^^^^^^^^^^^^^^^^^^^^^^^^^^^^^^^^^^^^^^^^^^^^^^^^^^^^^^^^^[0m
  [90m1401 |[0m ...[33mldBan[0m, [36mdefault[0m [36mas[0m [33mShieldBan[0m, [36mdefault[0m [36mas[0m [33mShieldBanIcon[0m } [36mfrom[0m [32m'./i...[0m
  [90m1402 |[0m ...[33mldCheck[0m, [36mdefault[0m [36mas[0m [33mShieldCheck[0m, [36mdefault[0m [36mas[0m [33mShieldCheckIcon[0m } [36mfro.[0m.[32m.[0m
  [90m1403 |[0m ...[33mldCogCorner[0m, [36mdefault[0m [36mas[0m [33mShieldCogCorner[0m, [36mdefault[0m [36mas[0m [33mShieldCogCorn...[0m



Import traces:
  Client Component Browser:
    ./.gemini/antigravity/scratch/teacher-tracking/node_modules/lucide-react/dist/esm/lucide-react.mjs [Client Component Browser]
    ./.gemini/antigravity/scratch/teacher-tracking/src/components/pages/DailyTasksPage.tsx [Client Component Browser]
    ./.gemini/antigravity/scratch/teacher-tracking/src/components/AppShell.tsx [Client Component Browser]
    ./.gemini/antigravity/scratch/teacher-tracking/src/app/page.tsx [Client Component Browser]
    ./.gemini/antigravity/scratch/teacher-tracking/src/app/page.tsx [Server Component]

  Client Component SSR:
    ./.gemini/antigravity/scratch/teacher-tracking/node_modules/lucide-react/dist/esm/lucide-react.mjs [Client Component SSR]
    ./.gemini/antigravity/scratch/teacher-tracking/src/components/pages/DailyTasksPage.tsx [Client Component SSR]
    ./.gemini/antigravity/scratch/teacher-tracking/src/components/AppShell.tsx [Client Component SSR]
    ./.gemini/antigravity/scratch/teacher-tracking/src/app/page.tsx [Client Component SSR]
    ./.gemini/antigravity/scratch/teacher-tracking/src/app/page.tsx [Server Component]

https://nextjs.org/docs/messages/module-not-found


./.gemini/antigravity/scratch/teacher-tracking/node_modules/lucide-react/dist/esm/lucide-react.mjs:1401:1
Module not found: Can't resolve './icons/shield-ban.mjs'
  [90m1399 |[0m ...[33mShelvingUnit[0m, [36mdefault[0m [36mas[0m [33mShelvingUnit[0m, [36mdefault[0m [36mas[0m [33mShelvingUnitIco.[0m..
  [90m1400 |[0m ...[33mShieldAlert[0m, [36mdefault[0m [36mas[0m [33mShieldAlert[0m, [36mdefault[0m [36mas[0m [33mShieldAlertIcon[0m }.[36m..[0m
[31m[1m>[0m [90m1401 |[0m ...[33mShieldBan[0m, [36mdefault[0m [36mas[0m [33mShieldBan[0m, [36mdefault[0m [36mas[0m [33mShieldBanIcon[0m } [36mfrom[0m [32m...[0m
  [90m     |[0m    [31m[1m^^^^^^^^^^^^^^^^^^^^^^^^^^^^^^^^^^^^^^^^^^^^^^^^^^^^^^^^^^^^^^^^^^^^[0m
  [90m1402 |[0m ...[33mShieldCheck[0m, [36mdefault[0m [36mas[0m [33mShieldCheck[0m, [36mdefault[0m [36mas[0m [33mShieldCheckIcon[0m }.[36m..[0m
  [90m1403 |[0m ...[33mShieldCogCorner[0m, [36mdefault[0m [36mas[0m [33mShieldCogCorner[0m, [36mdefault[0m [36mas[0m [33mShieldCog...[0m
  [90m1404 |[0m ...[33mShieldCog[0m, [36mdefault[0m [36mas[0m [33mShieldCog[0m, [36mdefault[0m [36mas[0m [33mShieldCogIcon[0m } [36mfrom[0m [32m...[0m



Import traces:
  Client Component Browser:
    ./.gemini/antigravity/scratch/teacher-tracking/node_modules/lucide-react/dist/esm/lucide-react.mjs [Client Component Browser]
    ./.gemini/antigravity/scratch/teacher-tracking/src/components/pages/DailyTasksPage.tsx [Client Component Browser]
    ./.gemini/antigravity/scratch/teacher-tracking/src/components/AppShell.tsx [Client Component Browser]
    ./.gemini/antigravity/scratch/teacher-tracking/src/app/page.tsx [Client Component Browser]
    ./.gemini/antigravity/scratch/teacher-tracking/src/app/page.tsx [Server Component]

  Client Component SSR:
    ./.gemini/antigravity/scratch/teacher-tracking/node_modules/lucide-react/dist/esm/lucide-react.mjs [Client Component SSR]
    ./.gemini/antigravity/scratch/teacher-tracking/src/components/pages/DailyTasksPage.tsx [Client Component SSR]
    ./.gemini/antigravity/scratch/teacher-tracking/src/components/AppShell.tsx [Client Component SSR]
    ./.gemini/antigravity/scratch/teacher-tracking/src/app/page.tsx [Client Component SSR]
    ./.gemini/antigravity/scratch/teacher-tracking/src/app/page.tsx [Server Component]

https://nextjs.org/docs/messages/module-not-found


./.gemini/antigravity/scratch/teacher-tracking/node_modules/lucide-react/dist/esm/lucide-react.mjs:1402:1
Module not found: Can't resolve './icons/shield-check.mjs'
  [90m1400 |[0m ...[33mldAlert[0m, [36mdefault[0m [36mas[0m [33mShieldAlert[0m, [36mdefault[0m [36mas[0m [33mShieldAlertIcon[0m } [36mfro.[0m.[32m.[0m
  [90m1401 |[0m ...[33mldBan[0m, [36mdefault[0m [36mas[0m [33mShieldBan[0m, [36mdefault[0m [36mas[0m [33mShieldBanIcon[0m } [36mfrom[0m [32m'./i...[0m
[31m[1m>[0m [90m1402 |[0m ...[33mldCheck[0m, [36mdefault[0m [36mas[0m [33mShieldCheck[0m, [36mdefault[0m [36mas[0m [33mShieldCheckIcon[0m } [36mfro.[0m.[32m.[0m
  [90m     |[0m    [31m[1m^^^^^^^^^^^^^^^^^^^^^^^^^^^^^^^^^^^^^^^^^^^^^^^^^^^^^^^^^^^^^^^^^^^^[0m
  [90m1403 |[0m ...[33mldCogCorner[0m, [36mdefault[0m [36mas[0m [33mShieldCogCorner[0m, [36mdefault[0m [36mas[0m [33mShieldCogCorn...[0m
  [90m1404 |[0m ...[33mldCog[0m, [36mdefault[0m [36mas[0m [33mShieldCog[0m, [36mdefault[0m [36mas[0m [33mShieldCogIcon[0m } [36mfrom[0m [32m'./i...[0m
  [90m1405 |[0m ...[33mldEllipsis[0m, [36mdefault[0m [36mas[0m [33mShieldEllipsis[0m, [36mdefault[0m [36mas[0m [33mShieldEllipsisI...[0m



Import traces:
  Client Component Browser:
    ./.gemini/antigravity/scratch/teacher-tracking/node_modules/lucide-react/dist/esm/lucide-react.mjs [Client Component Browser]
    ./.gemini/antigravity/scratch/teacher-tracking/src/components/pages/DailyTasksPage.tsx [Client Component Browser]
    ./.gemini/antigravity/scratch/teacher-tracking/src/components/AppShell.tsx [Client Component Browser]
    ./.gemini/antigravity/scratch/teacher-tracking/src/app/page.tsx [Client Component Browser]
    ./.gemini/antigravity/scratch/teacher-tracking/src/app/page.tsx [Server Component]

  Client Component SSR:
    ./.gemini/antigravity/scratch/teacher-tracking/node_modules/lucide-react/dist/esm/lucide-react.mjs [Client Component SSR]
    ./.gemini/antigravity/scratch/teacher-tracking/src/components/pages/DailyTasksPage.tsx [Client Component SSR]
    ./.gemini/antigravity/scratch/teacher-tracking/src/components/AppShell.tsx [Client Component SSR]
    ./.gemini/antigravity/scratch/teacher-tracking/src/app/page.tsx [Client Component SSR]
    ./.gemini/antigravity/scratch/teacher-tracking/src/app/page.tsx [Server Component]

https://nextjs.org/docs/messages/module-not-found


./.gemini/antigravity/scratch/teacher-tracking/node_modules/lucide-react/dist/esm/lucide-react.mjs:1403:1
Module not found: Can't resolve './icons/shield-cog-corner.mjs'
  [90m1401 |[0m ...[36mefault[0m [36mas[0m [33mShieldBan[0m, [36mdefault[0m [36mas[0m [33mShieldBanIcon[0m } [36mfrom[0m [32m'./icons/shi...[0m
  [90m1402 |[0m ... [36mdefault[0m [36mas[0m [33mShieldCheck[0m, [36mdefault[0m [36mas[0m [33mShieldCheckIcon[0m } [36mfrom[0m [32m'./ico...[0m
[31m[1m>[0m [90m1403 |[0m ...[33mner[0m, [36mdefault[0m [36mas[0m [33mShieldCogCorner[0m, [36mdefault[0m [36mas[0m [33mShieldCogCornerIcon[0m }.[36m..[0m
  [90m     |[0m    [31m[1m^^^^^^^^^^^^^^^^^^^^^^^^^^^^^^^^^^^^^^^^^^^^^^^^^^^^^^^^^^^^^^^^^^^^[0m
  [90m1404 |[0m ...[36mefault[0m [36mas[0m [33mShieldCog[0m, [36mdefault[0m [36mas[0m [33mShieldCogIcon[0m } [36mfrom[0m [32m'./icons/shi...[0m
  [90m1405 |[0m ...[33mis[0m, [36mdefault[0m [36mas[0m [33mShieldEllipsis[0m, [36mdefault[0m [36mas[0m [33mShieldEllipsisIcon[0m } [36mfr..[0m.
  [90m1406 |[0m ... [36mdefault[0m [36mas[0m [33mShieldMinus[0m, [36mdefault[0m [36mas[0m [33mShieldMinusIcon[0m } [36mfrom[0m [32m'./ico...[0m



Import traces:
  Client Component Browser:
    ./.gemini/antigravity/scratch/teacher-tracking/node_modules/lucide-react/dist/esm/lucide-react.mjs [Client Component Browser]
    ./.gemini/antigravity/scratch/teacher-tracking/src/components/pages/DailyTasksPage.tsx [Client Component Browser]
    ./.gemini/antigravity/scratch/teacher-tracking/src/components/AppShell.tsx [Client Component Browser]
    ./.gemini/antigravity/scratch/teacher-tracking/src/app/page.tsx [Client Component Browser]
    ./.gemini/antigravity/scratch/teacher-tracking/src/app/page.tsx [Server Component]

  Client Component SSR:
    ./.gemini/antigravity/scratch/teacher-tracking/node_modules/lucide-react/dist/esm/lucide-react.mjs [Client Component SSR]
    ./.gemini/antigravity/scratch/teacher-tracking/src/components/pages/DailyTasksPage.tsx [Client Component SSR]
    ./.gemini/antigravity/scratch/teacher-tracking/src/components/AppShell.tsx [Client Component SSR]
    ./.gemini/antigravity/scratch/teacher-tracking/src/app/page.tsx [Client Component SSR]
    ./.gemini/antigravity/scratch/teacher-tracking/src/app/page.tsx [Server Component]

https://nextjs.org/docs/messages/module-not-found


./.gemini/antigravity/scratch/teacher-tracking/node_modules/lucide-react/dist/esm/lucide-react.mjs:1404:1
Module not found: Can't resolve './icons/shield-cog.mjs'
  [90m1402 |[0m ...[33mShieldCheck[0m, [36mdefault[0m [36mas[0m [33mShieldCheck[0m, [36mdefault[0m [36mas[0m [33mShieldCheckIcon[0m }.[36m..[0m
  [90m1403 |[0m ...[33mShieldCogCorner[0m, [36mdefault[0m [36mas[0m [33mShieldCogCorner[0m, [36mdefault[0m [36mas[0m [33mShieldCog...[0m
[31m[1m>[0m [90m1404 |[0m ...[33mShieldCog[0m, [36mdefault[0m [36mas[0m [33mShieldCog[0m, [36mdefault[0m [36mas[0m [33mShieldCogIcon[0m } [36mfrom[0m [32m...[0m
  [90m     |[0m    [31m[1m^^^^^^^^^^^^^^^^^^^^^^^^^^^^^^^^^^^^^^^^^^^^^^^^^^^^^^^^^^^^^^^^^^^^[0m
  [90m1405 |[0m ...[33mShieldEllipsis[0m, [36mdefault[0m [36mas[0m [33mShieldEllipsis[0m, [36mdefault[0m [36mas[0m [33mShieldEllip...[0m
  [90m1406 |[0m ...[33mShieldMinus[0m, [36mdefault[0m [36mas[0m [33mShieldMinus[0m, [36mdefault[0m [36mas[0m [33mShieldMinusIcon[0m }.[36m..[0m
  [90m1407 |[0m ...[33mShieldHalf[0m, [36mdefault[0m [36mas[0m [33mShieldHalf[0m, [36mdefault[0m [36mas[0m [33mShieldHalfIcon[0m } [36mfr..[0m.



Import traces:
  Client Component Browser:
    ./.gemini/antigravity/scratch/teacher-tracking/node_modules/lucide-react/dist/esm/lucide-react.mjs [Client Component Browser]
    ./.gemini/antigravity/scratch/teacher-tracking/src/components/pages/DailyTasksPage.tsx [Client Component Browser]
    ./.gemini/antigravity/scratch/teacher-tracking/src/components/AppShell.tsx [Client Component Browser]
    ./.gemini/antigravity/scratch/teacher-tracking/src/app/page.tsx [Client Component Browser]
    ./.gemini/antigravity/scratch/teacher-tracking/src/app/page.tsx [Server Component]

  Client Component SSR:
    ./.gemini/antigravity/scratch/teacher-tracking/node_modules/lucide-react/dist/esm/lucide-react.mjs [Client Component SSR]
    ./.gemini/antigravity/scratch/teacher-tracking/src/components/pages/DailyTasksPage.tsx [Client Component SSR]
    ./.gemini/antigravity/scratch/teacher-tracking/src/components/AppShell.tsx [Client Component SSR]
    ./.gemini/antigravity/scratch/teacher-tracking/src/app/page.tsx [Client Component SSR]
    ./.gemini/antigravity/scratch/teacher-tracking/src/app/page.tsx [Server Component]

https://nextjs.org/docs/messages/module-not-found


./.gemini/antigravity/scratch/teacher-tracking/node_modules/lucide-react/dist/esm/lucide-react.mjs:1405:1
Module not found: Can't resolve './icons/shield-ellipsis.mjs'
  [90m1403 |[0m ...[33morner[0m, [36mdefault[0m [36mas[0m [33mShieldCogCorner[0m, [36mdefault[0m [36mas[0m [33mShieldCogCornerIcon[0m...
  [90m1404 |[0m ... [36mdefault[0m [36mas[0m [33mShieldCog[0m, [36mdefault[0m [36mas[0m [33mShieldCogIcon[0m } [36mfrom[0m [32m'./icons/s...[0m
[31m[1m>[0m [90m1405 |[0m ...[33mpsis[0m, [36mdefault[0m [36mas[0m [33mShieldEllipsis[0m, [36mdefault[0m [36mas[0m [33mShieldEllipsisIcon[0m } [36m...[0m
  [90m     |[0m    [31m[1m^^^^^^^^^^^^^^^^^^^^^^^^^^^^^^^^^^^^^^^^^^^^^^^^^^^^^^^^^^^^^^^^^^^^[0m
  [90m1406 |[0m ...[33ms[0m, [36mdefault[0m [36mas[0m [33mShieldMinus[0m, [36mdefault[0m [36mas[0m [33mShieldMinusIcon[0m } [36mfrom[0m [32m'./i...[0m
  [90m1407 |[0m ..., [36mdefault[0m [36mas[0m [33mShieldHalf[0m, [36mdefault[0m [36mas[0m [33mShieldHalfIcon[0m } [36mfrom[0m [32m'./icon...[0m
  [90m1408 |[0m ... [36mdefault[0m [36mas[0m [33mShieldOff[0m, [36mdefault[0m [36mas[0m [33mShieldOffIcon[0m } [36mfrom[0m [32m'./icons/s...[0m



Import traces:
  Client Component Browser:
    ./.gemini/antigravity/scratch/teacher-tracking/node_modules/lucide-react/dist/esm/lucide-react.mjs [Client Component Browser]
    ./.gemini/antigravity/scratch/teacher-tracking/src/components/pages/DailyTasksPage.tsx [Client Component Browser]
    ./.gemini/antigravity/scratch/teacher-tracking/src/components/AppShell.tsx [Client Component Browser]
    ./.gemini/antigravity/scratch/teacher-tracking/src/app/page.tsx [Client Component Browser]
    ./.gemini/antigravity/scratch/teacher-tracking/src/app/page.tsx [Server Component]

  Client Component SSR:
    ./.gemini/antigravity/scratch/teacher-tracking/node_modules/lucide-react/dist/esm/lucide-react.mjs [Client Component SSR]
    ./.gemini/antigravity/scratch/teacher-tracking/src/components/pages/DailyTasksPage.tsx [Client Component SSR]
    ./.gemini/antigravity/scratch/teacher-tracking/src/components/AppShell.tsx [Client Component SSR]
    ./.gemini/antigravity/scratch/teacher-tracking/src/app/page.tsx [Client Component SSR]
    ./.gemini/antigravity/scratch/teacher-tracking/src/app/page.tsx [Server Component]

https://nextjs.org/docs/messages/module-not-found


./.gemini/antigravity/scratch/teacher-tracking/node_modules/lucide-react/dist/esm/lucide-react.mjs:1407:1
Module not found: Can't resolve './icons/shield-half.mjs'
  [90m1405 |[0m ...[33mieldEllipsis[0m, [36mdefault[0m [36mas[0m [33mShieldEllipsis[0m, [36mdefault[0m [36mas[0m [33mShieldEllipsi...[0m
  [90m1406 |[0m ...[33mieldMinus[0m, [36mdefault[0m [36mas[0m [33mShieldMinus[0m, [36mdefault[0m [36mas[0m [33mShieldMinusIcon[0m } [36mf...[0m
[31m[1m>[0m [90m1407 |[0m ...[33mieldHalf[0m, [36mdefault[0m [36mas[0m [33mShieldHalf[0m, [36mdefault[0m [36mas[0m [33mShieldHalfIcon[0m } [36mfrom[0m.[32m..[0m
  [90m     |[0m    [31m[1m^^^^^^^^^^^^^^^^^^^^^^^^^^^^^^^^^^^^^^^^^^^^^^^^^^^^^^^^^^^^^^^^^^^^[0m
  [90m1408 |[0m ...[33mieldOff[0m, [36mdefault[0m [36mas[0m [33mShieldOff[0m, [36mdefault[0m [36mas[0m [33mShieldOffIcon[0m } [36mfrom[0m [32m'....[0m
  [90m1409 |[0m ...[33mieldPlus[0m, [36mdefault[0m [36mas[0m [33mShieldPlus[0m, [36mdefault[0m [36mas[0m [33mShieldPlusIcon[0m } [36mfrom[0m.[32m..[0m
  [90m1410 |[0m ...[33mieldUser[0m, [36mdefault[0m [36mas[0m [33mShieldUser[0m, [36mdefault[0m [36mas[0m [33mShieldUserIcon[0m } [36mfrom[0m.[32m..[0m



Import traces:
  Client Component Browser:
    ./.gemini/antigravity/scratch/teacher-tracking/node_modules/lucide-react/dist/esm/lucide-react.mjs [Client Component Browser]
    ./.gemini/antigravity/scratch/teacher-tracking/src/components/pages/DailyTasksPage.tsx [Client Component Browser]
    ./.gemini/antigravity/scratch/teacher-tracking/src/components/AppShell.tsx [Client Component Browser]
    ./.gemini/antigravity/scratch/teacher-tracking/src/app/page.tsx [Client Component Browser]
    ./.gemini/antigravity/scratch/teacher-tracking/src/app/page.tsx [Server Component]

  Client Component SSR:
    ./.gemini/antigravity/scratch/teacher-tracking/node_modules/lucide-react/dist/esm/lucide-react.mjs [Client Component SSR]
    ./.gemini/antigravity/scratch/teacher-tracking/src/components/pages/DailyTasksPage.tsx [Client Component SSR]
    ./.gemini/antigravity/scratch/teacher-tracking/src/components/AppShell.tsx [Client Component SSR]
    ./.gemini/antigravity/scratch/teacher-tracking/src/app/page.tsx [Client Component SSR]
    ./.gemini/antigravity/scratch/teacher-tracking/src/app/page.tsx [Server Component]

https://nextjs.org/docs/messages/module-not-found


./.gemini/antigravity/scratch/teacher-tracking/node_modules/lucide-react/dist/esm/lucide-react.mjs:1406:1
Module not found: Can't resolve './icons/shield-minus.mjs'
  [90m1404 |[0m ...[33mldCog[0m, [36mdefault[0m [36mas[0m [33mShieldCog[0m, [36mdefault[0m [36mas[0m [33mShieldCogIcon[0m } [36mfrom[0m [32m'./i...[0m
  [90m1405 |[0m ...[33mldEllipsis[0m, [36mdefault[0m [36mas[0m [33mShieldEllipsis[0m, [36mdefault[0m [36mas[0m [33mShieldEllipsisI...[0m
[31m[1m>[0m [90m1406 |[0m ...[33mldMinus[0m, [36mdefault[0m [36mas[0m [33mShieldMinus[0m, [36mdefault[0m [36mas[0m [33mShieldMinusIcon[0m } [36mfro.[0m.[32m.[0m
  [90m     |[0m    [31m[1m^^^^^^^^^^^^^^^^^^^^^^^^^^^^^^^^^^^^^^^^^^^^^^^^^^^^^^^^^^^^^^^^^^^^[0m
  [90m1407 |[0m ...[33mldHalf[0m, [36mdefault[0m [36mas[0m [33mShieldHalf[0m, [36mdefault[0m [36mas[0m [33mShieldHalfIcon[0m } [36mfrom[0m [32m'...[0m
  [90m1408 |[0m ...[33mldOff[0m, [36mdefault[0m [36mas[0m [33mShieldOff[0m, [36mdefault[0m [36mas[0m [33mShieldOffIcon[0m } [36mfrom[0m [32m'./i...[0m
  [90m1409 |[0m ...[33mldPlus[0m, [36mdefault[0m [36mas[0m [33mShieldPlus[0m, [36mdefault[0m [36mas[0m [33mShieldPlusIcon[0m } [36mfrom[0m [32m'...[0m



Import traces:
  Client Component Browser:
    ./.gemini/antigravity/scratch/teacher-tracking/node_modules/lucide-react/dist/esm/lucide-react.mjs [Client Component Browser]
    ./.gemini/antigravity/scratch/teacher-tracking/src/components/pages/DailyTasksPage.tsx [Client Component Browser]
    ./.gemini/antigravity/scratch/teacher-tracking/src/components/AppShell.tsx [Client Component Browser]
    ./.gemini/antigravity/scratch/teacher-tracking/src/app/page.tsx [Client Component Browser]
    ./.gemini/antigravity/scratch/teacher-tracking/src/app/page.tsx [Server Component]

  Client Component SSR:
    ./.gemini/antigravity/scratch/teacher-tracking/node_modules/lucide-react/dist/esm/lucide-react.mjs [Client Component SSR]
    ./.gemini/antigravity/scratch/teacher-tracking/src/components/pages/DailyTasksPage.tsx [Client Component SSR]
    ./.gemini/antigravity/scratch/teacher-tracking/src/components/AppShell.tsx [Client Component SSR]
    ./.gemini/antigravity/scratch/teacher-tracking/src/app/page.tsx [Client Component SSR]
    ./.gemini/antigravity/scratch/teacher-tracking/src/app/page.tsx [Server Component]

https://nextjs.org/docs/messages/module-not-found


./.gemini/antigravity/scratch/teacher-tracking/node_modules/lucide-react/dist/esm/lucide-react.mjs:1408:1
Module not found: Can't resolve './icons/shield-off.mjs'
  [90m1406 |[0m ...[33mShieldMinus[0m, [36mdefault[0m [36mas[0m [33mShieldMinus[0m, [36mdefault[0m [36mas[0m [33mShieldMinusIcon[0m }.[36m..[0m
  [90m1407 |[0m ...[33mShieldHalf[0m, [36mdefault[0m [36mas[0m [33mShieldHalf[0m, [36mdefault[0m [36mas[0m [33mShieldHalfIcon[0m } [36mfr..[0m.
[31m[1m>[0m [90m1408 |[0m ...[33mShieldOff[0m, [36mdefault[0m [36mas[0m [33mShieldOff[0m, [36mdefault[0m [36mas[0m [33mShieldOffIcon[0m } [36mfrom[0m [32m...[0m
  [90m     |[0m    [31m[1m^^^^^^^^^^^^^^^^^^^^^^^^^^^^^^^^^^^^^^^^^^^^^^^^^^^^^^^^^^^^^^^^^^^^[0m
  [90m1409 |[0m ...[33mShieldPlus[0m, [36mdefault[0m [36mas[0m [33mShieldPlus[0m, [36mdefault[0m [36mas[0m [33mShieldPlusIcon[0m } [36mfr..[0m.
  [90m1410 |[0m ...[33mShieldUser[0m, [36mdefault[0m [36mas[0m [33mShieldUser[0m, [36mdefault[0m [36mas[0m [33mShieldUserIcon[0m } [36mfr..[0m.
  [90m1411 |[0m ...[33mShield[0m, [36mdefault[0m [36mas[0m [33mShield[0m, [36mdefault[0m [36mas[0m [33mShieldIcon[0m } [36mfrom[0m [32m'./icons/...[0m



Import traces:
  Client Component Browser:
    ./.gemini/antigravity/scratch/teacher-tracking/node_modules/lucide-react/dist/esm/lucide-react.mjs [Client Component Browser]
    ./.gemini/antigravity/scratch/teacher-tracking/src/components/pages/DailyTasksPage.tsx [Client Component Browser]
    ./.gemini/antigravity/scratch/teacher-tracking/src/components/AppShell.tsx [Client Component Browser]
    ./.gemini/antigravity/scratch/teacher-tracking/src/app/page.tsx [Client Component Browser]
    ./.gemini/antigravity/scratch/teacher-tracking/src/app/page.tsx [Server Component]

  Client Component SSR:
    ./.gemini/antigravity/scratch/teacher-tracking/node_modules/lucide-react/dist/esm/lucide-react.mjs [Client Component SSR]
    ./.gemini/antigravity/scratch/teacher-tracking/src/components/pages/DailyTasksPage.tsx [Client Component SSR]
    ./.gemini/antigravity/scratch/teacher-tracking/src/components/AppShell.tsx [Client Component SSR]
    ./.gemini/antigravity/scratch/teacher-tracking/src/app/page.tsx [Client Component SSR]
    ./.gemini/antigravity/scratch/teacher-tracking/src/app/page.tsx [Server Component]

https://nextjs.org/docs/messages/module-not-found


./.gemini/antigravity/scratch/teacher-tracking/node_modules/lucide-react/dist/esm/lucide-react.mjs:1409:1
Module not found: Can't resolve './icons/shield-plus.mjs'
  [90m1407 |[0m ...[33mieldHalf[0m, [36mdefault[0m [36mas[0m [33mShieldHalf[0m, [36mdefault[0m [36mas[0m [33mShieldHalfIcon[0m } [36mfrom[0m.[32m..[0m
  [90m1408 |[0m ...[33mieldOff[0m, [36mdefault[0m [36mas[0m [33mShieldOff[0m, [36mdefault[0m [36mas[0m [33mShieldOffIcon[0m } [36mfrom[0m [32m'....[0m
[31m[1m>[0m [90m1409 |[0m ...[33mieldPlus[0m, [36mdefault[0m [36mas[0m [33mShieldPlus[0m, [36mdefault[0m [36mas[0m [33mShieldPlusIcon[0m } [36mfrom[0m.[32m..[0m
  [90m     |[0m    [31m[1m^^^^^^^^^^^^^^^^^^^^^^^^^^^^^^^^^^^^^^^^^^^^^^^^^^^^^^^^^^^^^^^^^^^^[0m
  [90m1410 |[0m ...[33mieldUser[0m, [36mdefault[0m [36mas[0m [33mShieldUser[0m, [36mdefault[0m [36mas[0m [33mShieldUserIcon[0m } [36mfrom[0m.[32m..[0m
  [90m1411 |[0m ...[33mield[0m, [36mdefault[0m [36mas[0m [33mShield[0m, [36mdefault[0m [36mas[0m [33mShieldIcon[0m } [36mfrom[0m [32m'./icons/sh...[0m
  [90m1412 |[0m ...[33mipWheel[0m, [36mdefault[0m [36mas[0m [33mShipWheel[0m, [36mdefault[0m [36mas[0m [33mShipWheelIcon[0m } [36mfrom[0m [32m'....[0m



Import traces:
  Client Component Browser:
    ./.gemini/antigravity/scratch/teacher-tracking/node_modules/lucide-react/dist/esm/lucide-react.mjs [Client Component Browser]
    ./.gemini/antigravity/scratch/teacher-tracking/src/components/pages/DailyTasksPage.tsx [Client Component Browser]
    ./.gemini/antigravity/scratch/teacher-tracking/src/components/AppShell.tsx [Client Component Browser]
    ./.gemini/antigravity/scratch/teacher-tracking/src/app/page.tsx [Client Component Browser]
    ./.gemini/antigravity/scratch/teacher-tracking/src/app/page.tsx [Server Component]

  Client Component SSR:
    ./.gemini/antigravity/scratch/teacher-tracking/node_modules/lucide-react/dist/esm/lucide-react.mjs [Client Component SSR]
    ./.gemini/antigravity/scratch/teacher-tracking/src/components/pages/DailyTasksPage.tsx [Client Component SSR]
    ./.gemini/antigravity/scratch/teacher-tracking/src/components/AppShell.tsx [Client Component SSR]
    ./.gemini/antigravity/scratch/teacher-tracking/src/app/page.tsx [Client Component SSR]
    ./.gemini/antigravity/scratch/teacher-tracking/src/app/page.tsx [Server Component]

https://nextjs.org/docs/messages/module-not-found


./.gemini/antigravity/scratch/teacher-tracking/node_modules/lucide-react/dist/esm/lucide-react.mjs:160:1
Module not found: Can't resolve './icons/shield-question-mark.mjs'
  [90m158 |[0m ...[36mas[0m [33mScale3DIcon[0m, [36mdefault[0m [36mas[0m [33mScale3d[0m, [36mdefault[0m [36mas[0m [33mScale3dIcon[0m } [36mfrom[0m [32m...[0m
  [90m159 |[0m ...[33mHorizonal[0m, [36mdefault[0m [36mas[0m [33mSendHorizonalIcon[0m, [36mdefault[0m [36mas[0m [33mSendHorizontal[0m..[36m.[0m
[31m[1m>[0m [90m160 |[0m ... [33mShieldQuestion[0m, [36mdefault[0m [36mas[0m [33mShieldQuestionIcon[0m, [36mdefault[0m [36mas[0m [33mShieldQ...[0m
  [90m    |[0m    [31m[1m^^^^^^^^^^^^^^^^^^^^^^^^^^^^^^^^^^^^^^^^^^^^^^^^^^^^^^^^^^^^^^^^^^^^^[0m
  [90m161 |[0m ...[36mdefault[0m [36mas[0m [33mShieldCloseIcon[0m, [36mdefault[0m [36mas[0m [33mShieldX[0m, [36mdefault[0m [36mas[0m [33mShieldX...[0m
  [90m162 |[0m ...[36mdefault[0m [36mas[0m [33mSlidersIcon[0m, [36mdefault[0m [36mas[0m [33mSlidersVertical[0m, [36mdefault[0m [36mas[0m [33mSli...[0m
  [90m163 |[0m ...[36mas[0m [33mSparklesIcon[0m, [36mdefault[0m [36mas[0m [33mStars[0m, [36mdefault[0m [36mas[0m [33mStarsIcon[0m } [36mfrom[0m [32m'./...[0m



Import traces:
  Client Component Browser:
    ./.gemini/antigravity/scratch/teacher-tracking/node_modules/lucide-react/dist/esm/lucide-react.mjs [Client Component Browser]
    ./.gemini/antigravity/scratch/teacher-tracking/src/components/pages/DailyTasksPage.tsx [Client Component Browser]
    ./.gemini/antigravity/scratch/teacher-tracking/src/components/AppShell.tsx [Client Component Browser]
    ./.gemini/antigravity/scratch/teacher-tracking/src/app/page.tsx [Client Component Browser]
    ./.gemini/antigravity/scratch/teacher-tracking/src/app/page.tsx [Server Component]

  Client Component SSR:
    ./.gemini/antigravity/scratch/teacher-tracking/node_modules/lucide-react/dist/esm/lucide-react.mjs [Client Component SSR]
    ./.gemini/antigravity/scratch/teacher-tracking/src/components/pages/DailyTasksPage.tsx [Client Component SSR]
    ./.gemini/antigravity/scratch/teacher-tracking/src/components/AppShell.tsx [Client Component SSR]
    ./.gemini/antigravity/scratch/teacher-tracking/src/app/page.tsx [Client Component SSR]
    ./.gemini/antigravity/scratch/teacher-tracking/src/app/page.tsx [Server Component]

https://nextjs.org/docs/messages/module-not-found


./.gemini/antigravity/scratch/teacher-tracking/node_modules/lucide-react/dist/esm/lucide-react.mjs:1410:1
Module not found: Can't resolve './icons/shield-user.mjs'
  [90m1408 |[0m ...[33mieldOff[0m, [36mdefault[0m [36mas[0m [33mShieldOff[0m, [36mdefault[0m [36mas[0m [33mShieldOffIcon[0m } [36mfrom[0m [32m'....[0m
  [90m1409 |[0m ...[33mieldPlus[0m, [36mdefault[0m [36mas[0m [33mShieldPlus[0m, [36mdefault[0m [36mas[0m [33mShieldPlusIcon[0m } [36mfrom[0m.[32m..[0m
[31m[1m>[0m [90m1410 |[0m ...[33mieldUser[0m, [36mdefault[0m [36mas[0m [33mShieldUser[0m, [36mdefault[0m [36mas[0m [33mShieldUserIcon[0m } [36mfrom[0m.[32m..[0m
  [90m     |[0m    [31m[1m^^^^^^^^^^^^^^^^^^^^^^^^^^^^^^^^^^^^^^^^^^^^^^^^^^^^^^^^^^^^^^^^^^^^[0m
  [90m1411 |[0m ...[33mield[0m, [36mdefault[0m [36mas[0m [33mShield[0m, [36mdefault[0m [36mas[0m [33mShieldIcon[0m } [36mfrom[0m [32m'./icons/sh...[0m
  [90m1412 |[0m ...[33mipWheel[0m, [36mdefault[0m [36mas[0m [33mShipWheel[0m, [36mdefault[0m [36mas[0m [33mShipWheelIcon[0m } [36mfrom[0m [32m'....[0m
  [90m1413 |[0m ...[33mip[0m, [36mdefault[0m [36mas[0m [33mShip[0m, [36mdefault[0m [36mas[0m [33mShipIcon[0m } [36mfrom[0m [32m'./icons/ship.mjs'[0m;



Import traces:
  Client Component Browser:
    ./.gemini/antigravity/scratch/teacher-tracking/node_modules/lucide-react/dist/esm/lucide-react.mjs [Client Component Browser]
    ./.gemini/antigravity/scratch/teacher-tracking/src/components/pages/DailyTasksPage.tsx [Client Component Browser]
    ./.gemini/antigravity/scratch/teacher-tracking/src/components/AppShell.tsx [Client Component Browser]
    ./.gemini/antigravity/scratch/teacher-tracking/src/app/page.tsx [Client Component Browser]
    ./.gemini/antigravity/scratch/teacher-tracking/src/app/page.tsx [Server Component]

  Client Component SSR:
    ./.gemini/antigravity/scratch/teacher-tracking/node_modules/lucide-react/dist/esm/lucide-react.mjs [Client Component SSR]
    ./.gemini/antigravity/scratch/teacher-tracking/src/components/pages/DailyTasksPage.tsx [Client Component SSR]
    ./.gemini/antigravity/scratch/teacher-tracking/src/components/AppShell.tsx [Client Component SSR]
    ./.gemini/antigravity/scratch/teacher-tracking/src/app/page.tsx [Client Component SSR]
    ./.gemini/antigravity/scratch/teacher-tracking/src/app/page.tsx [Server Component]

https://nextjs.org/docs/messages/module-not-found


./.gemini/antigravity/scratch/teacher-tracking/node_modules/lucide-react/dist/esm/lucide-react.mjs:161:1
Module not found: Can't resolve './icons/shield-x.mjs'
  [90m159 |[0m ...[33mHorizontal[0m, [36mdefault[0m [36mas[0m [33mSendHorizonal[0m, [36mdefault[0m [36mas[0m [33mSendHorizonalIcon[0m..[36m.[0m
  [90m160 |[0m ...[33meldQuestionMark[0m, [36mdefault[0m [36mas[0m [33mShieldQuestion[0m, [36mdefault[0m [36mas[0m [33mShieldQuest...[0m
[31m[1m>[0m [90m161 |[0m ...[33mX[0m, [36mdefault[0m [36mas[0m [33mShieldClose[0m, [36mdefault[0m [36mas[0m [33mShieldCloseIcon[0m, [36mdefault[0m [36mas[0m [33m...[0m
  [90m    |[0m    [31m[1m^^^^^^^^^^^^^^^^^^^^^^^^^^^^^^^^^^^^^^^^^^^^^^^^^^^^^^^^^^^^^^^^^^^^^[0m
  [90m162 |[0m ...[33mtical[0m, [36mdefault[0m [36mas[0m [33mSliders[0m, [36mdefault[0m [36mas[0m [33mSlidersIcon[0m, [36mdefault[0m [36mas[0m [33mSlid...[0m
  [90m163 |[0m ...[36mfault[0m [36mas[0m [33mSparkles[0m, [36mdefault[0m [36mas[0m [33mSparklesIcon[0m, [36mdefault[0m [36mas[0m [33mStars[0m, [36mdefa...[0m
  [90m164 |[0m ...[33mcon[0m, [36mdefault[0m [36mas[0m [33mLucideActivitySquare[0m, [36mdefault[0m [36mas[0m [33mLucideSquareActiv...[0m



Import traces:
  Client Component Browser:
    ./.gemini/antigravity/scratch/teacher-tracking/node_modules/lucide-react/dist/esm/lucide-react.mjs [Client Component Browser]
    ./.gemini/antigravity/scratch/teacher-tracking/src/components/pages/DailyTasksPage.tsx [Client Component Browser]
    ./.gemini/antigravity/scratch/teacher-tracking/src/components/AppShell.tsx [Client Component Browser]
    ./.gemini/antigravity/scratch/teacher-tracking/src/app/page.tsx [Client Component Browser]
    ./.gemini/antigravity/scratch/teacher-tracking/src/app/page.tsx [Server Component]

  Client Component SSR:
    ./.gemini/antigravity/scratch/teacher-tracking/node_modules/lucide-react/dist/esm/lucide-react.mjs [Client Component SSR]
    ./.gemini/antigravity/scratch/teacher-tracking/src/components/pages/DailyTasksPage.tsx [Client Component SSR]
    ./.gemini/antigravity/scratch/teacher-tracking/src/components/AppShell.tsx [Client Component SSR]
    ./.gemini/antigravity/scratch/teacher-tracking/src/app/page.tsx [Client Component SSR]
    ./.gemini/antigravity/scratch/teacher-tracking/src/app/page.tsx [Server Component]

https://nextjs.org/docs/messages/module-not-found


./.gemini/antigravity/scratch/teacher-tracking/node_modules/lucide-react/dist/esm/lucide-react.mjs:1411:1
Module not found: Can't resolve './icons/shield.mjs'
  [90m1409 |[0m ... [33mLucideShieldPlus[0m, [36mdefault[0m [36mas[0m [33mShieldPlus[0m, [36mdefault[0m [36mas[0m [33mShieldPlusIc..[0m.
  [90m1410 |[0m ... [33mLucideShieldUser[0m, [36mdefault[0m [36mas[0m [33mShieldUser[0m, [36mdefault[0m [36mas[0m [33mShieldUserIc..[0m.
[31m[1m>[0m [90m1411 |[0m ... [33mLucideShield[0m, [36mdefault[0m [36mas[0m [33mShield[0m, [36mdefault[0m [36mas[0m [33mShieldIcon[0m } [36mfrom[0m [32m'....[0m
  [90m     |[0m    [31m[1m^^^^^^^^^^^^^^^^^^^^^^^^^^^^^^^^^^^^^^^^^^^^^^^^^^^^^^^^^^^^^^^^^^^^[0m
  [90m1412 |[0m ... [33mLucideShipWheel[0m, [36mdefault[0m [36mas[0m [33mShipWheel[0m, [36mdefault[0m [36mas[0m [33mShipWheelIcon[0m ..[36m.[0m
  [90m1413 |[0m ... [33mLucideShip[0m, [36mdefault[0m [36mas[0m [33mShip[0m, [36mdefault[0m [36mas[0m [33mShipIcon[0m } [36mfrom[0m [32m'./icons...[0m
  [90m1414 |[0m ... [33mLucideShirt[0m, [36mdefault[0m [36mas[0m [33mShirt[0m, [36mdefault[0m [36mas[0m [33mShirtIcon[0m } [36mfrom[0m [32m'./ic...[0m



Import traces:
  Client Component Browser:
    ./.gemini/antigravity/scratch/teacher-tracking/node_modules/lucide-react/dist/esm/lucide-react.mjs [Client Component Browser]
    ./.gemini/antigravity/scratch/teacher-tracking/src/components/pages/DailyTasksPage.tsx [Client Component Browser]
    ./.gemini/antigravity/scratch/teacher-tracking/src/components/AppShell.tsx [Client Component Browser]
    ./.gemini/antigravity/scratch/teacher-tracking/src/app/page.tsx [Client Component Browser]
    ./.gemini/antigravity/scratch/teacher-tracking/src/app/page.tsx [Server Component]

  Client Component SSR:
    ./.gemini/antigravity/scratch/teacher-tracking/node_modules/lucide-react/dist/esm/lucide-react.mjs [Client Component SSR]
    ./.gemini/antigravity/scratch/teacher-tracking/src/components/pages/DailyTasksPage.tsx [Client Component SSR]
    ./.gemini/antigravity/scratch/teacher-tracking/src/components/AppShell.tsx [Client Component SSR]
    ./.gemini/antigravity/scratch/teacher-tracking/src/app/page.tsx [Client Component SSR]
    ./.gemini/antigravity/scratch/teacher-tracking/src/app/page.tsx [Server Component]

https://nextjs.org/docs/messages/module-not-found


./.gemini/antigravity/scratch/teacher-tracking/node_modules/lucide-react/dist/esm/lucide-react.mjs:1412:1
Module not found: Can't resolve './icons/ship-wheel.mjs'
  [90m1410 |[0m ...[33mShieldUser[0m, [36mdefault[0m [36mas[0m [33mShieldUser[0m, [36mdefault[0m [36mas[0m [33mShieldUserIcon[0m } [36mfr..[0m.
  [90m1411 |[0m ...[33mShield[0m, [36mdefault[0m [36mas[0m [33mShield[0m, [36mdefault[0m [36mas[0m [33mShieldIcon[0m } [36mfrom[0m [32m'./icons/...[0m
[31m[1m>[0m [90m1412 |[0m ...[33mShipWheel[0m, [36mdefault[0m [36mas[0m [33mShipWheel[0m, [36mdefault[0m [36mas[0m [33mShipWheelIcon[0m } [36mfrom[0m [32m...[0m
  [90m     |[0m    [31m[1m^^^^^^^^^^^^^^^^^^^^^^^^^^^^^^^^^^^^^^^^^^^^^^^^^^^^^^^^^^^^^^^^^^^^[0m
  [90m1413 |[0m ...[33mShip[0m, [36mdefault[0m [36mas[0m [33mShip[0m, [36mdefault[0m [36mas[0m [33mShipIcon[0m } [36mfrom[0m [32m'./icons/ship.m...[0m
  [90m1414 |[0m ...[33mShirt[0m, [36mdefault[0m [36mas[0m [33mShirt[0m, [36mdefault[0m [36mas[0m [33mShirtIcon[0m } [36mfrom[0m [32m'./icons/shi...[0m
  [90m1415 |[0m ...[33mShoppingBag[0m, [36mdefault[0m [36mas[0m [33mShoppingBag[0m, [36mdefault[0m [36mas[0m [33mShoppingBagIcon[0m }.[36m..[0m



Import traces:
  Client Component Browser:
    ./.gemini/antigravity/scratch/teacher-tracking/node_modules/lucide-react/dist/esm/lucide-react.mjs [Client Component Browser]
    ./.gemini/antigravity/scratch/teacher-tracking/src/components/pages/DailyTasksPage.tsx [Client Component Browser]
    ./.gemini/antigravity/scratch/teacher-tracking/src/components/AppShell.tsx [Client Component Browser]
    ./.gemini/antigravity/scratch/teacher-tracking/src/app/page.tsx [Client Component Browser]
    ./.gemini/antigravity/scratch/teacher-tracking/src/app/page.tsx [Server Component]

  Client Component SSR:
    ./.gemini/antigravity/scratch/teacher-tracking/node_modules/lucide-react/dist/esm/lucide-react.mjs [Client Component SSR]
    ./.gemini/antigravity/scratch/teacher-tracking/src/components/pages/DailyTasksPage.tsx [Client Component SSR]
    ./.gemini/antigravity/scratch/teacher-tracking/src/components/AppShell.tsx [Client Component SSR]
    ./.gemini/antigravity/scratch/teacher-tracking/src/app/page.tsx [Client Component SSR]
    ./.gemini/antigravity/scratch/teacher-tracking/src/app/page.tsx [Server Component]

https://nextjs.org/docs/messages/module-not-found


./.gemini/antigravity/scratch/teacher-tracking/node_modules/lucide-react/dist/esm/lucide-react.mjs:1413:1
Module not found: Can't resolve './icons/ship.mjs'
  [90m1411 |[0m ...[36mt[0m [36mas[0m [33mLucideShield[0m, [36mdefault[0m [36mas[0m [33mShield[0m, [36mdefault[0m [36mas[0m [33mShieldIcon[0m } [36mfro.[0m.[32m.[0m
  [90m1412 |[0m ...[36mt[0m [36mas[0m [33mLucideShipWheel[0m, [36mdefault[0m [36mas[0m [33mShipWheel[0m, [36mdefault[0m [36mas[0m [33mShipWheelI...[0m
[31m[1m>[0m [90m1413 |[0m ...[36mt[0m [36mas[0m [33mLucideShip[0m, [36mdefault[0m [36mas[0m [33mShip[0m, [36mdefault[0m [36mas[0m [33mShipIcon[0m } [36mfrom[0m [32m'./i...[0m
  [90m     |[0m    [31m[1m^^^^^^^^^^^^^^^^^^^^^^^^^^^^^^^^^^^^^^^^^^^^^^^^^^^^^^^^^^^^^^^^^^^^[0m
  [90m1414 |[0m ...[36mt[0m [36mas[0m [33mLucideShirt[0m, [36mdefault[0m [36mas[0m [33mShirt[0m, [36mdefault[0m [36mas[0m [33mShirtIcon[0m } [36mfrom[0m [32m'...[0m
  [90m1415 |[0m ...[36mt[0m [36mas[0m [33mLucideShoppingBag[0m, [36mdefault[0m [36mas[0m [33mShoppingBag[0m, [36mdefault[0m [36mas[0m [33mShoppi...[0m
  [90m1416 |[0m ...[36mt[0m [36mas[0m [33mLucideShoppingBasket[0m, [36mdefault[0m [36mas[0m [33mShoppingBasket[0m, [36mdefault[0m [36mas[0m [33m...[0m



Import traces:
  Client Component Browser:
    ./.gemini/antigravity/scratch/teacher-tracking/node_modules/lucide-react/dist/esm/lucide-react.mjs [Client Component Browser]
    ./.gemini/antigravity/scratch/teacher-tracking/src/components/pages/DailyTasksPage.tsx [Client Component Browser]
    ./.gemini/antigravity/scratch/teacher-tracking/src/components/AppShell.tsx [Client Component Browser]
    ./.gemini/antigravity/scratch/teacher-tracking/src/app/page.tsx [Client Component Browser]
    ./.gemini/antigravity/scratch/teacher-tracking/src/app/page.tsx [Server Component]

  Client Component SSR:
    ./.gemini/antigravity/scratch/teacher-tracking/node_modules/lucide-react/dist/esm/lucide-react.mjs [Client Component SSR]
    ./.gemini/antigravity/scratch/teacher-tracking/src/components/pages/DailyTasksPage.tsx [Client Component SSR]
    ./.gemini/antigravity/scratch/teacher-tracking/src/components/AppShell.tsx [Client Component SSR]
    ./.gemini/antigravity/scratch/teacher-tracking/src/app/page.tsx [Client Component SSR]
    ./.gemini/antigravity/scratch/teacher-tracking/src/app/page.tsx [Server Component]

https://nextjs.org/docs/messages/module-not-found


./.gemini/antigravity/scratch/teacher-tracking/node_modules/lucide-react/dist/esm/lucide-react.mjs:1414:1
Module not found: Can't resolve './icons/shirt.mjs'
  [90m1412 |[0m ...[36mas[0m [33mLucideShipWheel[0m, [36mdefault[0m [36mas[0m [33mShipWheel[0m, [36mdefault[0m [36mas[0m [33mShipWheelIco.[0m..
  [90m1413 |[0m ...[36mas[0m [33mLucideShip[0m, [36mdefault[0m [36mas[0m [33mShip[0m, [36mdefault[0m [36mas[0m [33mShipIcon[0m } [36mfrom[0m [32m'./ico...[0m
[31m[1m>[0m [90m1414 |[0m ...[36mas[0m [33mLucideShirt[0m, [36mdefault[0m [36mas[0m [33mShirt[0m, [36mdefault[0m [36mas[0m [33mShirtIcon[0m } [36mfrom[0m [32m'./...[0m
  [90m     |[0m    [31m[1m^^^^^^^^^^^^^^^^^^^^^^^^^^^^^^^^^^^^^^^^^^^^^^^^^^^^^^^^^^^^^^^^^^^^[0m
  [90m1415 |[0m ...[36mas[0m [33mLucideShoppingBag[0m, [36mdefault[0m [36mas[0m [33mShoppingBag[0m, [36mdefault[0m [36mas[0m [33mShopping...[0m
  [90m1416 |[0m ...[36mas[0m [33mLucideShoppingBasket[0m, [36mdefault[0m [36mas[0m [33mShoppingBasket[0m, [36mdefault[0m [36mas[0m [33mSh...[0m
  [90m1417 |[0m ...[36mas[0m [33mLucideShoppingCart[0m, [36mdefault[0m [36mas[0m [33mShoppingCart[0m, [36mdefault[0m [36mas[0m [33mShoppi...[0m



Import traces:
  Client Component Browser:
    ./.gemini/antigravity/scratch/teacher-tracking/node_modules/lucide-react/dist/esm/lucide-react.mjs [Client Component Browser]
    ./.gemini/antigravity/scratch/teacher-tracking/src/components/pages/DailyTasksPage.tsx [Client Component Browser]
    ./.gemini/antigravity/scratch/teacher-tracking/src/components/AppShell.tsx [Client Component Browser]
    ./.gemini/antigravity/scratch/teacher-tracking/src/app/page.tsx [Client Component Browser]
    ./.gemini/antigravity/scratch/teacher-tracking/src/app/page.tsx [Server Component]

  Client Component SSR:
    ./.gemini/antigravity/scratch/teacher-tracking/node_modules/lucide-react/dist/esm/lucide-react.mjs [Client Component SSR]
    ./.gemini/antigravity/scratch/teacher-tracking/src/components/pages/DailyTasksPage.tsx [Client Component SSR]
    ./.gemini/antigravity/scratch/teacher-tracking/src/components/AppShell.tsx [Client Component SSR]
    ./.gemini/antigravity/scratch/teacher-tracking/src/app/page.tsx [Client Component SSR]
    ./.gemini/antigravity/scratch/teacher-tracking/src/app/page.tsx [Server Component]

https://nextjs.org/docs/messages/module-not-found


./.gemini/antigravity/scratch/teacher-tracking/node_modules/lucide-react/dist/esm/lucide-react.mjs:1415:1
Module not found: Can't resolve './icons/shopping-bag.mjs'
  [90m1413 |[0m ..., [36mdefault[0m [36mas[0m [33mShip[0m, [36mdefault[0m [36mas[0m [33mShipIcon[0m } [36mfrom[0m [32m'./icons/ship.mjs'[0m;
  [90m1414 |[0m ...[33mt[0m, [36mdefault[0m [36mas[0m [33mShirt[0m, [36mdefault[0m [36mas[0m [33mShirtIcon[0m } [36mfrom[0m [32m'./icons/shirt.m...[0m
[31m[1m>[0m [90m1415 |[0m ...[33mpingBag[0m, [36mdefault[0m [36mas[0m [33mShoppingBag[0m, [36mdefault[0m [36mas[0m [33mShoppingBagIcon[0m } [36mfro.[0m.[32m.[0m
  [90m     |[0m    [31m[1m^^^^^^^^^^^^^^^^^^^^^^^^^^^^^^^^^^^^^^^^^^^^^^^^^^^^^^^^^^^^^^^^^^^^[0m
  [90m1416 |[0m ...[33mpingBasket[0m, [36mdefault[0m [36mas[0m [33mShoppingBasket[0m, [36mdefault[0m [36mas[0m [33mShoppingBasketI...[0m
  [90m1417 |[0m ...[33mpingCart[0m, [36mdefault[0m [36mas[0m [33mShoppingCart[0m, [36mdefault[0m [36mas[0m [33mShoppingCartIcon[0m } [36m...[0m
  [90m1418 |[0m ...[33mel[0m, [36mdefault[0m [36mas[0m [33mShovel[0m, [36mdefault[0m [36mas[0m [33mShovelIcon[0m } [36mfrom[0m [32m'./icons/shov...[0m



Import traces:
  Client Component Browser:
    ./.gemini/antigravity/scratch/teacher-tracking/node_modules/lucide-react/dist/esm/lucide-react.mjs [Client Component Browser]
    ./.gemini/antigravity/scratch/teacher-tracking/src/components/pages/DailyTasksPage.tsx [Client Component Browser]
    ./.gemini/antigravity/scratch/teacher-tracking/src/components/AppShell.tsx [Client Component Browser]
    ./.gemini/antigravity/scratch/teacher-tracking/src/app/page.tsx [Client Component Browser]
    ./.gemini/antigravity/scratch/teacher-tracking/src/app/page.tsx [Server Component]

  Client Component SSR:
    ./.gemini/antigravity/scratch/teacher-tracking/node_modules/lucide-react/dist/esm/lucide-react.mjs [Client Component SSR]
    ./.gemini/antigravity/scratch/teacher-tracking/src/components/pages/DailyTasksPage.tsx [Client Component SSR]
    ./.gemini/antigravity/scratch/teacher-tracking/src/components/AppShell.tsx [Client Component SSR]
    ./.gemini/antigravity/scratch/teacher-tracking/src/app/page.tsx [Client Component SSR]
    ./.gemini/antigravity/scratch/teacher-tracking/src/app/page.tsx [Server Component]

https://nextjs.org/docs/messages/module-not-found


./.gemini/antigravity/scratch/teacher-tracking/node_modules/lucide-react/dist/esm/lucide-react.mjs:1416:1
Module not found: Can't resolve './icons/shopping-basket.mjs'
  [90m1414 |[0m ...[36mault[0m [36mas[0m [33mShirt[0m, [36mdefault[0m [36mas[0m [33mShirtIcon[0m } [36mfrom[0m [32m'./icons/shirt.mjs'[0m;
  [90m1415 |[0m ...[33mg[0m, [36mdefault[0m [36mas[0m [33mShoppingBag[0m, [36mdefault[0m [36mas[0m [33mShoppingBagIcon[0m } [36mfrom[0m [32m'./i...[0m
[31m[1m>[0m [90m1416 |[0m ...[33msket[0m, [36mdefault[0m [36mas[0m [33mShoppingBasket[0m, [36mdefault[0m [36mas[0m [33mShoppingBasketIcon[0m } [36m...[0m
  [90m     |[0m    [31m[1m^^^^^^^^^^^^^^^^^^^^^^^^^^^^^^^^^^^^^^^^^^^^^^^^^^^^^^^^^^^^^^^^^^^^[0m
  [90m1417 |[0m ...[33mrt[0m, [36mdefault[0m [36mas[0m [33mShoppingCart[0m, [36mdefault[0m [36mas[0m [33mShoppingCartIcon[0m } [36mfrom[0m [32m'...[0m
  [90m1418 |[0m ...[36mfault[0m [36mas[0m [33mShovel[0m, [36mdefault[0m [36mas[0m [33mShovelIcon[0m } [36mfrom[0m [32m'./icons/shovel.mjs'[0m;
  [90m1419 |[0m ..., [36mdefault[0m [36mas[0m [33mShowerHead[0m, [36mdefault[0m [36mas[0m [33mShowerHeadIcon[0m } [36mfrom[0m [32m'./icon...[0m



Import traces:
  Client Component Browser:
    ./.gemini/antigravity/scratch/teacher-tracking/node_modules/lucide-react/dist/esm/lucide-react.mjs [Client Component Browser]
    ./.gemini/antigravity/scratch/teacher-tracking/src/components/pages/DailyTasksPage.tsx [Client Component Browser]
    ./.gemini/antigravity/scratch/teacher-tracking/src/components/AppShell.tsx [Client Component Browser]
    ./.gemini/antigravity/scratch/teacher-tracking/src/app/page.tsx [Client Component Browser]
    ./.gemini/antigravity/scratch/teacher-tracking/src/app/page.tsx [Server Component]

  Client Component SSR:
    ./.gemini/antigravity/scratch/teacher-tracking/node_modules/lucide-react/dist/esm/lucide-react.mjs [Client Component SSR]
    ./.gemini/antigravity/scratch/teacher-tracking/src/components/pages/DailyTasksPage.tsx [Client Component SSR]
    ./.gemini/antigravity/scratch/teacher-tracking/src/components/AppShell.tsx [Client Component SSR]
    ./.gemini/antigravity/scratch/teacher-tracking/src/app/page.tsx [Client Component SSR]
    ./.gemini/antigravity/scratch/teacher-tracking/src/app/page.tsx [Server Component]

https://nextjs.org/docs/messages/module-not-found


./.gemini/antigravity/scratch/teacher-tracking/node_modules/lucide-react/dist/esm/lucide-react.mjs:1417:1
Module not found: Can't resolve './icons/shopping-cart.mjs'
  [90m1415 |[0m ...[33mngBag[0m, [36mdefault[0m [36mas[0m [33mShoppingBag[0m, [36mdefault[0m [36mas[0m [33mShoppingBagIcon[0m } [36mfrom[0m [32m...[0m
  [90m1416 |[0m ...[33mngBasket[0m, [36mdefault[0m [36mas[0m [33mShoppingBasket[0m, [36mdefault[0m [36mas[0m [33mShoppingBasketIco.[0m..
[31m[1m>[0m [90m1417 |[0m ...[33mngCart[0m, [36mdefault[0m [36mas[0m [33mShoppingCart[0m, [36mdefault[0m [36mas[0m [33mShoppingCartIcon[0m } [36mfr..[0m.
  [90m     |[0m    [31m[1m^^^^^^^^^^^^^^^^^^^^^^^^^^^^^^^^^^^^^^^^^^^^^^^^^^^^^^^^^^^^^^^^^^^^[0m
  [90m1418 |[0m ..., [36mdefault[0m [36mas[0m [33mShovel[0m, [36mdefault[0m [36mas[0m [33mShovelIcon[0m } [36mfrom[0m [32m'./icons/shovel...[0m
  [90m1419 |[0m ...[33mHead[0m, [36mdefault[0m [36mas[0m [33mShowerHead[0m, [36mdefault[0m [36mas[0m [33mShowerHeadIcon[0m } [36mfrom[0m [32m'./...[0m
  [90m1420 |[0m ..., [36mdefault[0m [36mas[0m [33mShrimp[0m, [36mdefault[0m [36mas[0m [33mShrimpIcon[0m } [36mfrom[0m [32m'./icons/shrimp...[0m



Import traces:
  Client Component Browser:
    ./.gemini/antigravity/scratch/teacher-tracking/node_modules/lucide-react/dist/esm/lucide-react.mjs [Client Component Browser]
    ./.gemini/antigravity/scratch/teacher-tracking/src/components/pages/DailyTasksPage.tsx [Client Component Browser]
    ./.gemini/antigravity/scratch/teacher-tracking/src/components/AppShell.tsx [Client Component Browser]
    ./.gemini/antigravity/scratch/teacher-tracking/src/app/page.tsx [Client Component Browser]
    ./.gemini/antigravity/scratch/teacher-tracking/src/app/page.tsx [Server Component]

  Client Component SSR:
    ./.gemini/antigravity/scratch/teacher-tracking/node_modules/lucide-react/dist/esm/lucide-react.mjs [Client Component SSR]
    ./.gemini/antigravity/scratch/teacher-tracking/src/components/pages/DailyTasksPage.tsx [Client Component SSR]
    ./.gemini/antigravity/scratch/teacher-tracking/src/components/AppShell.tsx [Client Component SSR]
    ./.gemini/antigravity/scratch/teacher-tracking/src/app/page.tsx [Client Component SSR]
    ./.gemini/antigravity/scratch/teacher-tracking/src/app/page.tsx [Server Component]

https://nextjs.org/docs/messages/module-not-found


./.gemini/antigravity/scratch/teacher-tracking/node_modules/lucide-react/dist/esm/lucide-react.mjs:1418:1
Module not found: Can't resolve './icons/shovel.mjs'
  [90m1416 |[0m ... [33mLucideShoppingBasket[0m, [36mdefault[0m [36mas[0m [33mShoppingBasket[0m, [36mdefault[0m [36mas[0m [33mShop...[0m
  [90m1417 |[0m ... [33mLucideShoppingCart[0m, [36mdefault[0m [36mas[0m [33mShoppingCart[0m, [36mdefault[0m [36mas[0m [33mShopping...[0m
[31m[1m>[0m [90m1418 |[0m ... [33mLucideShovel[0m, [36mdefault[0m [36mas[0m [33mShovel[0m, [36mdefault[0m [36mas[0m [33mShovelIcon[0m } [36mfrom[0m [32m'....[0m
  [90m     |[0m    [31m[1m^^^^^^^^^^^^^^^^^^^^^^^^^^^^^^^^^^^^^^^^^^^^^^^^^^^^^^^^^^^^^^^^^^^^[0m
  [90m1419 |[0m ... [33mLucideShowerHead[0m, [36mdefault[0m [36mas[0m [33mShowerHead[0m, [36mdefault[0m [36mas[0m [33mShowerHeadIc..[0m.
  [90m1420 |[0m ... [33mLucideShrimp[0m, [36mdefault[0m [36mas[0m [33mShrimp[0m, [36mdefault[0m [36mas[0m [33mShrimpIcon[0m } [36mfrom[0m [32m'....[0m
  [90m1421 |[0m ... [33mLucideShredder[0m, [36mdefault[0m [36mas[0m [33mShredder[0m, [36mdefault[0m [36mas[0m [33mShredderIcon[0m } [36mf...[0m



Import traces:
  Client Component Browser:
    ./.gemini/antigravity/scratch/teacher-tracking/node_modules/lucide-react/dist/esm/lucide-react.mjs [Client Component Browser]
    ./.gemini/antigravity/scratch/teacher-tracking/src/components/pages/DailyTasksPage.tsx [Client Component Browser]
    ./.gemini/antigravity/scratch/teacher-tracking/src/components/AppShell.tsx [Client Component Browser]
    ./.gemini/antigravity/scratch/teacher-tracking/src/app/page.tsx [Client Component Browser]
    ./.gemini/antigravity/scratch/teacher-tracking/src/app/page.tsx [Server Component]

  Client Component SSR:
    ./.gemini/antigravity/scratch/teacher-tracking/node_modules/lucide-react/dist/esm/lucide-react.mjs [Client Component SSR]
    ./.gemini/antigravity/scratch/teacher-tracking/src/components/pages/DailyTasksPage.tsx [Client Component SSR]
    ./.gemini/antigravity/scratch/teacher-tracking/src/components/AppShell.tsx [Client Component SSR]
    ./.gemini/antigravity/scratch/teacher-tracking/src/app/page.tsx [Client Component SSR]
    ./.gemini/antigravity/scratch/teacher-tracking/src/app/page.tsx [Server Component]

https://nextjs.org/docs/messages/module-not-found


./.gemini/antigravity/scratch/teacher-tracking/node_modules/lucide-react/dist/esm/lucide-react.mjs:1419:1
Module not found: Can't resolve './icons/shower-head.mjs'
  [90m1417 |[0m ...[33moppingCart[0m, [36mdefault[0m [36mas[0m [33mShoppingCart[0m, [36mdefault[0m [36mas[0m [33mShoppingCartIcon[0m ..[36m.[0m
  [90m1418 |[0m ...[33movel[0m, [36mdefault[0m [36mas[0m [33mShovel[0m, [36mdefault[0m [36mas[0m [33mShovelIcon[0m } [36mfrom[0m [32m'./icons/sh...[0m
[31m[1m>[0m [90m1419 |[0m ...[33mowerHead[0m, [36mdefault[0m [36mas[0m [33mShowerHead[0m, [36mdefault[0m [36mas[0m [33mShowerHeadIcon[0m } [36mfrom[0m.[32m..[0m
  [90m     |[0m    [31m[1m^^^^^^^^^^^^^^^^^^^^^^^^^^^^^^^^^^^^^^^^^^^^^^^^^^^^^^^^^^^^^^^^^^^^[0m
  [90m1420 |[0m ...[33mrimp[0m, [36mdefault[0m [36mas[0m [33mShrimp[0m, [36mdefault[0m [36mas[0m [33mShrimpIcon[0m } [36mfrom[0m [32m'./icons/sh...[0m
  [90m1421 |[0m ...[33mredder[0m, [36mdefault[0m [36mas[0m [33mShredder[0m, [36mdefault[0m [36mas[0m [33mShredderIcon[0m } [36mfrom[0m [32m'./ic...[0m
  [90m1422 |[0m ...[33mrink[0m, [36mdefault[0m [36mas[0m [33mShrink[0m, [36mdefault[0m [36mas[0m [33mShrinkIcon[0m } [36mfrom[0m [32m'./icons/sh...[0m



Import traces:
  Client Component Browser:
    ./.gemini/antigravity/scratch/teacher-tracking/node_modules/lucide-react/dist/esm/lucide-react.mjs [Client Component Browser]
    ./.gemini/antigravity/scratch/teacher-tracking/src/components/pages/DailyTasksPage.tsx [Client Component Browser]
    ./.gemini/antigravity/scratch/teacher-tracking/src/components/AppShell.tsx [Client Component Browser]
    ./.gemini/antigravity/scratch/teacher-tracking/src/app/page.tsx [Client Component Browser]
    ./.gemini/antigravity/scratch/teacher-tracking/src/app/page.tsx [Server Component]

  Client Component SSR:
    ./.gemini/antigravity/scratch/teacher-tracking/node_modules/lucide-react/dist/esm/lucide-react.mjs [Client Component SSR]
    ./.gemini/antigravity/scratch/teacher-tracking/src/components/pages/DailyTasksPage.tsx [Client Component SSR]
    ./.gemini/antigravity/scratch/teacher-tracking/src/components/AppShell.tsx [Client Component SSR]
    ./.gemini/antigravity/scratch/teacher-tracking/src/app/page.tsx [Client Component SSR]
    ./.gemini/antigravity/scratch/teacher-tracking/src/app/page.tsx [Server Component]

https://nextjs.org/docs/messages/module-not-found


./.gemini/antigravity/scratch/teacher-tracking/node_modules/lucide-react/dist/esm/lucide-react.mjs:1421:1
Module not found: Can't resolve './icons/shredder.mjs'
  [90m1419 |[0m ...[33mideShowerHead[0m, [36mdefault[0m [36mas[0m [33mShowerHead[0m, [36mdefault[0m [36mas[0m [33mShowerHeadIcon[0m }.[36m..[0m
  [90m1420 |[0m ...[33mideShrimp[0m, [36mdefault[0m [36mas[0m [33mShrimp[0m, [36mdefault[0m [36mas[0m [33mShrimpIcon[0m } [36mfrom[0m [32m'./ico...[0m
[31m[1m>[0m [90m1421 |[0m ...[33mideShredder[0m, [36mdefault[0m [36mas[0m [33mShredder[0m, [36mdefault[0m [36mas[0m [33mShredderIcon[0m } [36mfrom[0m [32m...[0m
  [90m     |[0m    [31m[1m^^^^^^^^^^^^^^^^^^^^^^^^^^^^^^^^^^^^^^^^^^^^^^^^^^^^^^^^^^^^^^^^^^^^[0m
  [90m1422 |[0m ...[33mideShrink[0m, [36mdefault[0m [36mas[0m [33mShrink[0m, [36mdefault[0m [36mas[0m [33mShrinkIcon[0m } [36mfrom[0m [32m'./ico...[0m
  [90m1423 |[0m ...[33mideShrub[0m, [36mdefault[0m [36mas[0m [33mShrub[0m, [36mdefault[0m [36mas[0m [33mShrubIcon[0m } [36mfrom[0m [32m'./icons/...[0m
  [90m1424 |[0m ...[33mideShuffle[0m, [36mdefault[0m [36mas[0m [33mShuffle[0m, [36mdefault[0m [36mas[0m [33mShuffleIcon[0m } [36mfrom[0m [32m'./...[0m



Import traces:
  Client Component Browser:
    ./.gemini/antigravity/scratch/teacher-tracking/node_modules/lucide-react/dist/esm/lucide-react.mjs [Client Component Browser]
    ./.gemini/antigravity/scratch/teacher-tracking/src/components/pages/DailyTasksPage.tsx [Client Component Browser]
    ./.gemini/antigravity/scratch/teacher-tracking/src/components/AppShell.tsx [Client Component Browser]
    ./.gemini/antigravity/scratch/teacher-tracking/src/app/page.tsx [Client Component Browser]
    ./.gemini/antigravity/scratch/teacher-tracking/src/app/page.tsx [Server Component]

  Client Component SSR:
    ./.gemini/antigravity/scratch/teacher-tracking/node_modules/lucide-react/dist/esm/lucide-react.mjs [Client Component SSR]
    ./.gemini/antigravity/scratch/teacher-tracking/src/components/pages/DailyTasksPage.tsx [Client Component SSR]
    ./.gemini/antigravity/scratch/teacher-tracking/src/components/AppShell.tsx [Client Component SSR]
    ./.gemini/antigravity/scratch/teacher-tracking/src/app/page.tsx [Client Component SSR]
    ./.gemini/antigravity/scratch/teacher-tracking/src/app/page.tsx [Server Component]

https://nextjs.org/docs/messages/module-not-found


./.gemini/antigravity/scratch/teacher-tracking/node_modules/lucide-react/dist/esm/lucide-react.mjs:1420:1
Module not found: Can't resolve './icons/shrimp.mjs'
  [90m1418 |[0m ... [33mLucideShovel[0m, [36mdefault[0m [36mas[0m [33mShovel[0m, [36mdefault[0m [36mas[0m [33mShovelIcon[0m } [36mfrom[0m [32m'....[0m
  [90m1419 |[0m ... [33mLucideShowerHead[0m, [36mdefault[0m [36mas[0m [33mShowerHead[0m, [36mdefault[0m [36mas[0m [33mShowerHeadIc..[0m.
[31m[1m>[0m [90m1420 |[0m ... [33mLucideShrimp[0m, [36mdefault[0m [36mas[0m [33mShrimp[0m, [36mdefault[0m [36mas[0m [33mShrimpIcon[0m } [36mfrom[0m [32m'....[0m
  [90m     |[0m    [31m[1m^^^^^^^^^^^^^^^^^^^^^^^^^^^^^^^^^^^^^^^^^^^^^^^^^^^^^^^^^^^^^^^^^^^^[0m
  [90m1421 |[0m ... [33mLucideShredder[0m, [36mdefault[0m [36mas[0m [33mShredder[0m, [36mdefault[0m [36mas[0m [33mShredderIcon[0m } [36mf...[0m
  [90m1422 |[0m ... [33mLucideShrink[0m, [36mdefault[0m [36mas[0m [33mShrink[0m, [36mdefault[0m [36mas[0m [33mShrinkIcon[0m } [36mfrom[0m [32m'....[0m
  [90m1423 |[0m ... [33mLucideShrub[0m, [36mdefault[0m [36mas[0m [33mShrub[0m, [36mdefault[0m [36mas[0m [33mShrubIcon[0m } [36mfrom[0m [32m'./ic...[0m



Import traces:
  Client Component Browser:
    ./.gemini/antigravity/scratch/teacher-tracking/node_modules/lucide-react/dist/esm/lucide-react.mjs [Client Component Browser]
    ./.gemini/antigravity/scratch/teacher-tracking/src/components/pages/DailyTasksPage.tsx [Client Component Browser]
    ./.gemini/antigravity/scratch/teacher-tracking/src/components/AppShell.tsx [Client Component Browser]
    ./.gemini/antigravity/scratch/teacher-tracking/src/app/page.tsx [Client Component Browser]
    ./.gemini/antigravity/scratch/teacher-tracking/src/app/page.tsx [Server Component]

  Client Component SSR:
    ./.gemini/antigravity/scratch/teacher-tracking/node_modules/lucide-react/dist/esm/lucide-react.mjs [Client Component SSR]
    ./.gemini/antigravity/scratch/teacher-tracking/src/components/pages/DailyTasksPage.tsx [Client Component SSR]
    ./.gemini/antigravity/scratch/teacher-tracking/src/components/AppShell.tsx [Client Component SSR]
    ./.gemini/antigravity/scratch/teacher-tracking/src/app/page.tsx [Client Component SSR]
    ./.gemini/antigravity/scratch/teacher-tracking/src/app/page.tsx [Server Component]

https://nextjs.org/docs/messages/module-not-found


./.gemini/antigravity/scratch/teacher-tracking/node_modules/lucide-react/dist/esm/lucide-react.mjs:1422:1
Module not found: Can't resolve './icons/shrink.mjs'
  [90m1420 |[0m ... [33mLucideShrimp[0m, [36mdefault[0m [36mas[0m [33mShrimp[0m, [36mdefault[0m [36mas[0m [33mShrimpIcon[0m } [36mfrom[0m [32m'....[0m
  [90m1421 |[0m ... [33mLucideShredder[0m, [36mdefault[0m [36mas[0m [33mShredder[0m, [36mdefault[0m [36mas[0m [33mShredderIcon[0m } [36mf...[0m
[31m[1m>[0m [90m1422 |[0m ... [33mLucideShrink[0m, [36mdefault[0m [36mas[0m [33mShrink[0m, [36mdefault[0m [36mas[0m [33mShrinkIcon[0m } [36mfrom[0m [32m'....[0m
  [90m     |[0m    [31m[1m^^^^^^^^^^^^^^^^^^^^^^^^^^^^^^^^^^^^^^^^^^^^^^^^^^^^^^^^^^^^^^^^^^^^[0m
  [90m1423 |[0m ... [33mLucideShrub[0m, [36mdefault[0m [36mas[0m [33mShrub[0m, [36mdefault[0m [36mas[0m [33mShrubIcon[0m } [36mfrom[0m [32m'./ic...[0m
  [90m1424 |[0m ... [33mLucideShuffle[0m, [36mdefault[0m [36mas[0m [33mShuffle[0m, [36mdefault[0m [36mas[0m [33mShuffleIcon[0m } [36mfrom[0m.[32m..[0m
  [90m1425 |[0m ... [33mLucideSigma[0m, [36mdefault[0m [36mas[0m [33mSigma[0m, [36mdefault[0m [36mas[0m [33mSigmaIcon[0m } [36mfrom[0m [32m'./ic...[0m



Import traces:
  Client Component Browser:
    ./.gemini/antigravity/scratch/teacher-tracking/node_modules/lucide-react/dist/esm/lucide-react.mjs [Client Component Browser]
    ./.gemini/antigravity/scratch/teacher-tracking/src/components/pages/DailyTasksPage.tsx [Client Component Browser]
    ./.gemini/antigravity/scratch/teacher-tracking/src/components/AppShell.tsx [Client Component Browser]
    ./.gemini/antigravity/scratch/teacher-tracking/src/app/page.tsx [Client Component Browser]
    ./.gemini/antigravity/scratch/teacher-tracking/src/app/page.tsx [Server Component]

  Client Component SSR:
    ./.gemini/antigravity/scratch/teacher-tracking/node_modules/lucide-react/dist/esm/lucide-react.mjs [Client Component SSR]
    ./.gemini/antigravity/scratch/teacher-tracking/src/components/pages/DailyTasksPage.tsx [Client Component SSR]
    ./.gemini/antigravity/scratch/teacher-tracking/src/components/AppShell.tsx [Client Component SSR]
    ./.gemini/antigravity/scratch/teacher-tracking/src/app/page.tsx [Client Component SSR]
    ./.gemini/antigravity/scratch/teacher-tracking/src/app/page.tsx [Server Component]

https://nextjs.org/docs/messages/module-not-found


./.gemini/antigravity/scratch/teacher-tracking/node_modules/lucide-react/dist/esm/lucide-react.mjs:1423:1
Module not found: Can't resolve './icons/shrub.mjs'
  [90m1421 |[0m ...[36mas[0m [33mLucideShredder[0m, [36mdefault[0m [36mas[0m [33mShredder[0m, [36mdefault[0m [36mas[0m [33mShredderIcon[0m }.[36m..[0m
  [90m1422 |[0m ...[36mas[0m [33mLucideShrink[0m, [36mdefault[0m [36mas[0m [33mShrink[0m, [36mdefault[0m [36mas[0m [33mShrinkIcon[0m } [36mfrom[0m [32m...[0m
[31m[1m>[0m [90m1423 |[0m ...[36mas[0m [33mLucideShrub[0m, [36mdefault[0m [36mas[0m [33mShrub[0m, [36mdefault[0m [36mas[0m [33mShrubIcon[0m } [36mfrom[0m [32m'./...[0m
  [90m     |[0m    [31m[1m^^^^^^^^^^^^^^^^^^^^^^^^^^^^^^^^^^^^^^^^^^^^^^^^^^^^^^^^^^^^^^^^^^^^[0m
  [90m1424 |[0m ...[36mas[0m [33mLucideShuffle[0m, [36mdefault[0m [36mas[0m [33mShuffle[0m, [36mdefault[0m [36mas[0m [33mShuffleIcon[0m } [36mfr..[0m.
  [90m1425 |[0m ...[36mas[0m [33mLucideSigma[0m, [36mdefault[0m [36mas[0m [33mSigma[0m, [36mdefault[0m [36mas[0m [33mSigmaIcon[0m } [36mfrom[0m [32m'./...[0m
  [90m1426 |[0m ...[36mas[0m [33mLucideSignalHigh[0m, [36mdefault[0m [36mas[0m [33mSignalHigh[0m, [36mdefault[0m [36mas[0m [33mSignalHigh...[0m



Import traces:
  Client Component Browser:
    ./.gemini/antigravity/scratch/teacher-tracking/node_modules/lucide-react/dist/esm/lucide-react.mjs [Client Component Browser]
    ./.gemini/antigravity/scratch/teacher-tracking/src/components/pages/DailyTasksPage.tsx [Client Component Browser]
    ./.gemini/antigravity/scratch/teacher-tracking/src/components/AppShell.tsx [Client Component Browser]
    ./.gemini/antigravity/scratch/teacher-tracking/src/app/page.tsx [Client Component Browser]
    ./.gemini/antigravity/scratch/teacher-tracking/src/app/page.tsx [Server Component]

  Client Component SSR:
    ./.gemini/antigravity/scratch/teacher-tracking/node_modules/lucide-react/dist/esm/lucide-react.mjs [Client Component SSR]
    ./.gemini/antigravity/scratch/teacher-tracking/src/components/pages/DailyTasksPage.tsx [Client Component SSR]
    ./.gemini/antigravity/scratch/teacher-tracking/src/components/AppShell.tsx [Client Component SSR]
    ./.gemini/antigravity/scratch/teacher-tracking/src/app/page.tsx [Client Component SSR]
    ./.gemini/antigravity/scratch/teacher-tracking/src/app/page.tsx [Server Component]

https://nextjs.org/docs/messages/module-not-found


./.gemini/antigravity/scratch/teacher-tracking/node_modules/lucide-react/dist/esm/lucide-react.mjs:1424:1
Module not found: Can't resolve './icons/shuffle.mjs'
  [90m1422 |[0m ...[33mucideShrink[0m, [36mdefault[0m [36mas[0m [33mShrink[0m, [36mdefault[0m [36mas[0m [33mShrinkIcon[0m } [36mfrom[0m [32m'./i...[0m
  [90m1423 |[0m ...[33mucideShrub[0m, [36mdefault[0m [36mas[0m [33mShrub[0m, [36mdefault[0m [36mas[0m [33mShrubIcon[0m } [36mfrom[0m [32m'./icon...[0m
[31m[1m>[0m [90m1424 |[0m ...[33mucideShuffle[0m, [36mdefault[0m [36mas[0m [33mShuffle[0m, [36mdefault[0m [36mas[0m [33mShuffleIcon[0m } [36mfrom[0m [32m'...[0m
  [90m     |[0m    [31m[1m^^^^^^^^^^^^^^^^^^^^^^^^^^^^^^^^^^^^^^^^^^^^^^^^^^^^^^^^^^^^^^^^^^^^[0m
  [90m1425 |[0m ...[33mucideSigma[0m, [36mdefault[0m [36mas[0m [33mSigma[0m, [36mdefault[0m [36mas[0m [33mSigmaIcon[0m } [36mfrom[0m [32m'./icon...[0m
  [90m1426 |[0m ...[33mucideSignalHigh[0m, [36mdefault[0m [36mas[0m [33mSignalHigh[0m, [36mdefault[0m [36mas[0m [33mSignalHighIcon[0m...
  [90m1427 |[0m ...[33mucideSignalLow[0m, [36mdefault[0m [36mas[0m [33mSignalLow[0m, [36mdefault[0m [36mas[0m [33mSignalLowIcon[0m } [36m...[0m



Import traces:
  Client Component Browser:
    ./.gemini/antigravity/scratch/teacher-tracking/node_modules/lucide-react/dist/esm/lucide-react.mjs [Client Component Browser]
    ./.gemini/antigravity/scratch/teacher-tracking/src/components/pages/DailyTasksPage.tsx [Client Component Browser]
    ./.gemini/antigravity/scratch/teacher-tracking/src/components/AppShell.tsx [Client Component Browser]
    ./.gemini/antigravity/scratch/teacher-tracking/src/app/page.tsx [Client Component Browser]
    ./.gemini/antigravity/scratch/teacher-tracking/src/app/page.tsx [Server Component]

  Client Component SSR:
    ./.gemini/antigravity/scratch/teacher-tracking/node_modules/lucide-react/dist/esm/lucide-react.mjs [Client Component SSR]
    ./.gemini/antigravity/scratch/teacher-tracking/src/components/pages/DailyTasksPage.tsx [Client Component SSR]
    ./.gemini/antigravity/scratch/teacher-tracking/src/components/AppShell.tsx [Client Component SSR]
    ./.gemini/antigravity/scratch/teacher-tracking/src/app/page.tsx [Client Component SSR]
    ./.gemini/antigravity/scratch/teacher-tracking/src/app/page.tsx [Server Component]

https://nextjs.org/docs/messages/module-not-found


./.gemini/antigravity/scratch/teacher-tracking/node_modules/lucide-react/dist/esm/lucide-react.mjs:1425:1
Module not found: Can't resolve './icons/sigma.mjs'
  [90m1423 |[0m ...[36mas[0m [33mLucideShrub[0m, [36mdefault[0m [36mas[0m [33mShrub[0m, [36mdefault[0m [36mas[0m [33mShrubIcon[0m } [36mfrom[0m [32m'./...[0m
  [90m1424 |[0m ...[36mas[0m [33mLucideShuffle[0m, [36mdefault[0m [36mas[0m [33mShuffle[0m, [36mdefault[0m [36mas[0m [33mShuffleIcon[0m } [36mfr..[0m.
[31m[1m>[0m [90m1425 |[0m ...[36mas[0m [33mLucideSigma[0m, [36mdefault[0m [36mas[0m [33mSigma[0m, [36mdefault[0m [36mas[0m [33mSigmaIcon[0m } [36mfrom[0m [32m'./...[0m
  [90m     |[0m    [31m[1m^^^^^^^^^^^^^^^^^^^^^^^^^^^^^^^^^^^^^^^^^^^^^^^^^^^^^^^^^^^^^^^^^^^^[0m
  [90m1426 |[0m ...[36mas[0m [33mLucideSignalHigh[0m, [36mdefault[0m [36mas[0m [33mSignalHigh[0m, [36mdefault[0m [36mas[0m [33mSignalHigh...[0m
  [90m1427 |[0m ...[36mas[0m [33mLucideSignalLow[0m, [36mdefault[0m [36mas[0m [33mSignalLow[0m, [36mdefault[0m [36mas[0m [33mSignalLowIco.[0m..
  [90m1428 |[0m ...[36mas[0m [33mLucideSignalMedium[0m, [36mdefault[0m [36mas[0m [33mSignalMedium[0m, [36mdefault[0m [36mas[0m [33mSignal...[0m



Import traces:
  Client Component Browser:
    ./.gemini/antigravity/scratch/teacher-tracking/node_modules/lucide-react/dist/esm/lucide-react.mjs [Client Component Browser]
    ./.gemini/antigravity/scratch/teacher-tracking/src/components/pages/DailyTasksPage.tsx [Client Component Browser]
    ./.gemini/antigravity/scratch/teacher-tracking/src/components/AppShell.tsx [Client Component Browser]
    ./.gemini/antigravity/scratch/teacher-tracking/src/app/page.tsx [Client Component Browser]
    ./.gemini/antigravity/scratch/teacher-tracking/src/app/page.tsx [Server Component]

  Client Component SSR:
    ./.gemini/antigravity/scratch/teacher-tracking/node_modules/lucide-react/dist/esm/lucide-react.mjs [Client Component SSR]
    ./.gemini/antigravity/scratch/teacher-tracking/src/components/pages/DailyTasksPage.tsx [Client Component SSR]
    ./.gemini/antigravity/scratch/teacher-tracking/src/components/AppShell.tsx [Client Component SSR]
    ./.gemini/antigravity/scratch/teacher-tracking/src/app/page.tsx [Client Component SSR]
    ./.gemini/antigravity/scratch/teacher-tracking/src/app/page.tsx [Server Component]

https://nextjs.org/docs/messages/module-not-found


./.gemini/antigravity/scratch/teacher-tracking/node_modules/lucide-react/dist/esm/lucide-react.mjs:1426:1
Module not found: Can't resolve './icons/signal-high.mjs'
  [90m1424 |[0m ...[33muffle[0m, [36mdefault[0m [36mas[0m [33mShuffle[0m, [36mdefault[0m [36mas[0m [33mShuffleIcon[0m } [36mfrom[0m [32m'./icons...[0m
  [90m1425 |[0m ...[33mgma[0m, [36mdefault[0m [36mas[0m [33mSigma[0m, [36mdefault[0m [36mas[0m [33mSigmaIcon[0m } [36mfrom[0m [32m'./icons/sigma...[0m
[31m[1m>[0m [90m1426 |[0m ...[33mgnalHigh[0m, [36mdefault[0m [36mas[0m [33mSignalHigh[0m, [36mdefault[0m [36mas[0m [33mSignalHighIcon[0m } [36mfrom[0m.[32m..[0m
  [90m     |[0m    [31m[1m^^^^^^^^^^^^^^^^^^^^^^^^^^^^^^^^^^^^^^^^^^^^^^^^^^^^^^^^^^^^^^^^^^^^[0m
  [90m1427 |[0m ...[33mgnalLow[0m, [36mdefault[0m [36mas[0m [33mSignalLow[0m, [36mdefault[0m [36mas[0m [33mSignalLowIcon[0m } [36mfrom[0m [32m'....[0m
  [90m1428 |[0m ...[33mgnalMedium[0m, [36mdefault[0m [36mas[0m [33mSignalMedium[0m, [36mdefault[0m [36mas[0m [33mSignalMediumIcon[0m ..[36m.[0m
  [90m1429 |[0m ...[33mgnalZero[0m, [36mdefault[0m [36mas[0m [33mSignalZero[0m, [36mdefault[0m [36mas[0m [33mSignalZeroIcon[0m } [36mfrom[0m.[32m..[0m



Import traces:
  Client Component Browser:
    ./.gemini/antigravity/scratch/teacher-tracking/node_modules/lucide-react/dist/esm/lucide-react.mjs [Client Component Browser]
    ./.gemini/antigravity/scratch/teacher-tracking/src/components/pages/DailyTasksPage.tsx [Client Component Browser]
    ./.gemini/antigravity/scratch/teacher-tracking/src/components/AppShell.tsx [Client Component Browser]
    ./.gemini/antigravity/scratch/teacher-tracking/src/app/page.tsx [Client Component Browser]
    ./.gemini/antigravity/scratch/teacher-tracking/src/app/page.tsx [Server Component]

  Client Component SSR:
    ./.gemini/antigravity/scratch/teacher-tracking/node_modules/lucide-react/dist/esm/lucide-react.mjs [Client Component SSR]
    ./.gemini/antigravity/scratch/teacher-tracking/src/components/pages/DailyTasksPage.tsx [Client Component SSR]
    ./.gemini/antigravity/scratch/teacher-tracking/src/components/AppShell.tsx [Client Component SSR]
    ./.gemini/antigravity/scratch/teacher-tracking/src/app/page.tsx [Client Component SSR]
    ./.gemini/antigravity/scratch/teacher-tracking/src/app/page.tsx [Server Component]

https://nextjs.org/docs/messages/module-not-found


./.gemini/antigravity/scratch/teacher-tracking/node_modules/lucide-react/dist/esm/lucide-react.mjs:1427:1
Module not found: Can't resolve './icons/signal-low.mjs'
  [90m1425 |[0m ...[33mSigma[0m, [36mdefault[0m [36mas[0m [33mSigma[0m, [36mdefault[0m [36mas[0m [33mSigmaIcon[0m } [36mfrom[0m [32m'./icons/sig...[0m
  [90m1426 |[0m ...[33mSignalHigh[0m, [36mdefault[0m [36mas[0m [33mSignalHigh[0m, [36mdefault[0m [36mas[0m [33mSignalHighIcon[0m } [36mfr..[0m.
[31m[1m>[0m [90m1427 |[0m ...[33mSignalLow[0m, [36mdefault[0m [36mas[0m [33mSignalLow[0m, [36mdefault[0m [36mas[0m [33mSignalLowIcon[0m } [36mfrom[0m [32m...[0m
  [90m     |[0m    [31m[1m^^^^^^^^^^^^^^^^^^^^^^^^^^^^^^^^^^^^^^^^^^^^^^^^^^^^^^^^^^^^^^^^^^^^[0m
  [90m1428 |[0m ...[33mSignalMedium[0m, [36mdefault[0m [36mas[0m [33mSignalMedium[0m, [36mdefault[0m [36mas[0m [33mSignalMediumIco.[0m..
  [90m1429 |[0m ...[33mSignalZero[0m, [36mdefault[0m [36mas[0m [33mSignalZero[0m, [36mdefault[0m [36mas[0m [33mSignalZeroIcon[0m } [36mfr..[0m.
  [90m1430 |[0m ...[33mSignature[0m, [36mdefault[0m [36mas[0m [33mSignature[0m, [36mdefault[0m [36mas[0m [33mSignatureIcon[0m } [36mfrom[0m [32m...[0m



Import traces:
  Client Component Browser:
    ./.gemini/antigravity/scratch/teacher-tracking/node_modules/lucide-react/dist/esm/lucide-react.mjs [Client Component Browser]
    ./.gemini/antigravity/scratch/teacher-tracking/src/components/pages/DailyTasksPage.tsx [Client Component Browser]
    ./.gemini/antigravity/scratch/teacher-tracking/src/components/AppShell.tsx [Client Component Browser]
    ./.gemini/antigravity/scratch/teacher-tracking/src/app/page.tsx [Client Component Browser]
    ./.gemini/antigravity/scratch/teacher-tracking/src/app/page.tsx [Server Component]

  Client Component SSR:
    ./.gemini/antigravity/scratch/teacher-tracking/node_modules/lucide-react/dist/esm/lucide-react.mjs [Client Component SSR]
    ./.gemini/antigravity/scratch/teacher-tracking/src/components/pages/DailyTasksPage.tsx [Client Component SSR]
    ./.gemini/antigravity/scratch/teacher-tracking/src/components/AppShell.tsx [Client Component SSR]
    ./.gemini/antigravity/scratch/teacher-tracking/src/app/page.tsx [Client Component SSR]
    ./.gemini/antigravity/scratch/teacher-tracking/src/app/page.tsx [Server Component]

https://nextjs.org/docs/messages/module-not-found


./.gemini/antigravity/scratch/teacher-tracking/node_modules/lucide-react/dist/esm/lucide-react.mjs:1428:1
Module not found: Can't resolve './icons/signal-medium.mjs'
  [90m1426 |[0m ...[33mHigh[0m, [36mdefault[0m [36mas[0m [33mSignalHigh[0m, [36mdefault[0m [36mas[0m [33mSignalHighIcon[0m } [36mfrom[0m [32m'./...[0m
  [90m1427 |[0m ...[33mLow[0m, [36mdefault[0m [36mas[0m [33mSignalLow[0m, [36mdefault[0m [36mas[0m [33mSignalLowIcon[0m } [36mfrom[0m [32m'./ico...[0m
[31m[1m>[0m [90m1428 |[0m ...[33mMedium[0m, [36mdefault[0m [36mas[0m [33mSignalMedium[0m, [36mdefault[0m [36mas[0m [33mSignalMediumIcon[0m } [36mfr..[0m.
  [90m     |[0m    [31m[1m^^^^^^^^^^^^^^^^^^^^^^^^^^^^^^^^^^^^^^^^^^^^^^^^^^^^^^^^^^^^^^^^^^^^[0m
  [90m1429 |[0m ...[33mZero[0m, [36mdefault[0m [36mas[0m [33mSignalZero[0m, [36mdefault[0m [36mas[0m [33mSignalZeroIcon[0m } [36mfrom[0m [32m'./...[0m
  [90m1430 |[0m ...[33mure[0m, [36mdefault[0m [36mas[0m [33mSignature[0m, [36mdefault[0m [36mas[0m [33mSignatureIcon[0m } [36mfrom[0m [32m'./ico...[0m
  [90m1431 |[0m ..., [36mdefault[0m [36mas[0m [33mSignal[0m, [36mdefault[0m [36mas[0m [33mSignalIcon[0m } [36mfrom[0m [32m'./icons/signal...[0m



Import traces:
  Client Component Browser:
    ./.gemini/antigravity/scratch/teacher-tracking/node_modules/lucide-react/dist/esm/lucide-react.mjs [Client Component Browser]
    ./.gemini/antigravity/scratch/teacher-tracking/src/components/pages/DailyTasksPage.tsx [Client Component Browser]
    ./.gemini/antigravity/scratch/teacher-tracking/src/components/AppShell.tsx [Client Component Browser]
    ./.gemini/antigravity/scratch/teacher-tracking/src/app/page.tsx [Client Component Browser]
    ./.gemini/antigravity/scratch/teacher-tracking/src/app/page.tsx [Server Component]

  Client Component SSR:
    ./.gemini/antigravity/scratch/teacher-tracking/node_modules/lucide-react/dist/esm/lucide-react.mjs [Client Component SSR]
    ./.gemini/antigravity/scratch/teacher-tracking/src/components/pages/DailyTasksPage.tsx [Client Component SSR]
    ./.gemini/antigravity/scratch/teacher-tracking/src/components/AppShell.tsx [Client Component SSR]
    ./.gemini/antigravity/scratch/teacher-tracking/src/app/page.tsx [Client Component SSR]
    ./.gemini/antigravity/scratch/teacher-tracking/src/app/page.tsx [Server Component]

https://nextjs.org/docs/messages/module-not-found


./.gemini/antigravity/scratch/teacher-tracking/node_modules/lucide-react/dist/esm/lucide-react.mjs:1429:1
Module not found: Can't resolve './icons/signal-zero.mjs'
  [90m1427 |[0m ...[33mgnalLow[0m, [36mdefault[0m [36mas[0m [33mSignalLow[0m, [36mdefault[0m [36mas[0m [33mSignalLowIcon[0m } [36mfrom[0m [32m'....[0m
  [90m1428 |[0m ...[33mgnalMedium[0m, [36mdefault[0m [36mas[0m [33mSignalMedium[0m, [36mdefault[0m [36mas[0m [33mSignalMediumIcon[0m ..[36m.[0m
[31m[1m>[0m [90m1429 |[0m ...[33mgnalZero[0m, [36mdefault[0m [36mas[0m [33mSignalZero[0m, [36mdefault[0m [36mas[0m [33mSignalZeroIcon[0m } [36mfrom[0m.[32m..[0m
  [90m     |[0m    [31m[1m^^^^^^^^^^^^^^^^^^^^^^^^^^^^^^^^^^^^^^^^^^^^^^^^^^^^^^^^^^^^^^^^^^^^[0m
  [90m1430 |[0m ...[33mgnature[0m, [36mdefault[0m [36mas[0m [33mSignature[0m, [36mdefault[0m [36mas[0m [33mSignatureIcon[0m } [36mfrom[0m [32m'....[0m
  [90m1431 |[0m ...[33mgnal[0m, [36mdefault[0m [36mas[0m [33mSignal[0m, [36mdefault[0m [36mas[0m [33mSignalIcon[0m } [36mfrom[0m [32m'./icons/si...[0m
  [90m1432 |[0m ...[33mgnpostBig[0m, [36mdefault[0m [36mas[0m [33mSignpostBig[0m, [36mdefault[0m [36mas[0m [33mSignpostBigIcon[0m } [36mf...[0m



Import traces:
  Client Component Browser:
    ./.gemini/antigravity/scratch/teacher-tracking/node_modules/lucide-react/dist/esm/lucide-react.mjs [Client Component Browser]
    ./.gemini/antigravity/scratch/teacher-tracking/src/components/pages/DailyTasksPage.tsx [Client Component Browser]
    ./.gemini/antigravity/scratch/teacher-tracking/src/components/AppShell.tsx [Client Component Browser]
    ./.gemini/antigravity/scratch/teacher-tracking/src/app/page.tsx [Client Component Browser]
    ./.gemini/antigravity/scratch/teacher-tracking/src/app/page.tsx [Server Component]

  Client Component SSR:
    ./.gemini/antigravity/scratch/teacher-tracking/node_modules/lucide-react/dist/esm/lucide-react.mjs [Client Component SSR]
    ./.gemini/antigravity/scratch/teacher-tracking/src/components/pages/DailyTasksPage.tsx [Client Component SSR]
    ./.gemini/antigravity/scratch/teacher-tracking/src/components/AppShell.tsx [Client Component SSR]
    ./.gemini/antigravity/scratch/teacher-tracking/src/app/page.tsx [Client Component SSR]
    ./.gemini/antigravity/scratch/teacher-tracking/src/app/page.tsx [Server Component]

https://nextjs.org/docs/messages/module-not-found


./.gemini/antigravity/scratch/teacher-tracking/node_modules/lucide-react/dist/esm/lucide-react.mjs:1431:1
Module not found: Can't resolve './icons/signal.mjs'
  [90m1429 |[0m ... [33mLucideSignalZero[0m, [36mdefault[0m [36mas[0m [33mSignalZero[0m, [36mdefault[0m [36mas[0m [33mSignalZeroIc..[0m.
  [90m1430 |[0m ... [33mLucideSignature[0m, [36mdefault[0m [36mas[0m [33mSignature[0m, [36mdefault[0m [36mas[0m [33mSignatureIcon[0m ..[36m.[0m
[31m[1m>[0m [90m1431 |[0m ... [33mLucideSignal[0m, [36mdefault[0m [36mas[0m [33mSignal[0m, [36mdefault[0m [36mas[0m [33mSignalIcon[0m } [36mfrom[0m [32m'....[0m
  [90m     |[0m    [31m[1m^^^^^^^^^^^^^^^^^^^^^^^^^^^^^^^^^^^^^^^^^^^^^^^^^^^^^^^^^^^^^^^^^^^^[0m
  [90m1432 |[0m ... [33mLucideSignpostBig[0m, [36mdefault[0m [36mas[0m [33mSignpostBig[0m, [36mdefault[0m [36mas[0m [33mSignpostBi...[0m
  [90m1433 |[0m ... [33mLucideSignpost[0m, [36mdefault[0m [36mas[0m [33mSignpost[0m, [36mdefault[0m [36mas[0m [33mSignpostIcon[0m } [36mf...[0m
  [90m1434 |[0m ... [33mLucideSiren[0m, [36mdefault[0m [36mas[0m [33mSiren[0m, [36mdefault[0m [36mas[0m [33mSirenIcon[0m } [36mfrom[0m [32m'./ic...[0m



Import traces:
  Client Component Browser:
    ./.gemini/antigravity/scratch/teacher-tracking/node_modules/lucide-react/dist/esm/lucide-react.mjs [Client Component Browser]
    ./.gemini/antigravity/scratch/teacher-tracking/src/components/pages/DailyTasksPage.tsx [Client Component Browser]
    ./.gemini/antigravity/scratch/teacher-tracking/src/components/AppShell.tsx [Client Component Browser]
    ./.gemini/antigravity/scratch/teacher-tracking/src/app/page.tsx [Client Component Browser]
    ./.gemini/antigravity/scratch/teacher-tracking/src/app/page.tsx [Server Component]

  Client Component SSR:
    ./.gemini/antigravity/scratch/teacher-tracking/node_modules/lucide-react/dist/esm/lucide-react.mjs [Client Component SSR]
    ./.gemini/antigravity/scratch/teacher-tracking/src/components/pages/DailyTasksPage.tsx [Client Component SSR]
    ./.gemini/antigravity/scratch/teacher-tracking/src/components/AppShell.tsx [Client Component SSR]
    ./.gemini/antigravity/scratch/teacher-tracking/src/app/page.tsx [Client Component SSR]
    ./.gemini/antigravity/scratch/teacher-tracking/src/app/page.tsx [Server Component]

https://nextjs.org/docs/messages/module-not-found


./.gemini/antigravity/scratch/teacher-tracking/node_modules/lucide-react/dist/esm/lucide-react.mjs:1430:1
Module not found: Can't resolve './icons/signature.mjs'
  [90m1428 |[0m ...[33meSignalMedium[0m, [36mdefault[0m [36mas[0m [33mSignalMedium[0m, [36mdefault[0m [36mas[0m [33mSignalMediumIc..[0m.
  [90m1429 |[0m ...[33meSignalZero[0m, [36mdefault[0m [36mas[0m [33mSignalZero[0m, [36mdefault[0m [36mas[0m [33mSignalZeroIcon[0m } [36mf...[0m
[31m[1m>[0m [90m1430 |[0m ...[33meSignature[0m, [36mdefault[0m [36mas[0m [33mSignature[0m, [36mdefault[0m [36mas[0m [33mSignatureIcon[0m } [36mfrom[0m.[32m..[0m
  [90m     |[0m    [31m[1m^^^^^^^^^^^^^^^^^^^^^^^^^^^^^^^^^^^^^^^^^^^^^^^^^^^^^^^^^^^^^^^^^^^^[0m
  [90m1431 |[0m ...[33meSignal[0m, [36mdefault[0m [36mas[0m [33mSignal[0m, [36mdefault[0m [36mas[0m [33mSignalIcon[0m } [36mfrom[0m [32m'./icons...[0m
  [90m1432 |[0m ...[33meSignpostBig[0m, [36mdefault[0m [36mas[0m [33mSignpostBig[0m, [36mdefault[0m [36mas[0m [33mSignpostBigIcon[0m ..[36m.[0m
  [90m1433 |[0m ...[33meSignpost[0m, [36mdefault[0m [36mas[0m [33mSignpost[0m, [36mdefault[0m [36mas[0m [33mSignpostIcon[0m } [36mfrom[0m [32m'....[0m



Import traces:
  Client Component Browser:
    ./.gemini/antigravity/scratch/teacher-tracking/node_modules/lucide-react/dist/esm/lucide-react.mjs [Client Component Browser]
    ./.gemini/antigravity/scratch/teacher-tracking/src/components/pages/DailyTasksPage.tsx [Client Component Browser]
    ./.gemini/antigravity/scratch/teacher-tracking/src/components/AppShell.tsx [Client Component Browser]
    ./.gemini/antigravity/scratch/teacher-tracking/src/app/page.tsx [Client Component Browser]
    ./.gemini/antigravity/scratch/teacher-tracking/src/app/page.tsx [Server Component]

  Client Component SSR:
    ./.gemini/antigravity/scratch/teacher-tracking/node_modules/lucide-react/dist/esm/lucide-react.mjs [Client Component SSR]
    ./.gemini/antigravity/scratch/teacher-tracking/src/components/pages/DailyTasksPage.tsx [Client Component SSR]
    ./.gemini/antigravity/scratch/teacher-tracking/src/components/AppShell.tsx [Client Component SSR]
    ./.gemini/antigravity/scratch/teacher-tracking/src/app/page.tsx [Client Component SSR]
    ./.gemini/antigravity/scratch/teacher-tracking/src/app/page.tsx [Server Component]

https://nextjs.org/docs/messages/module-not-found


./.gemini/antigravity/scratch/teacher-tracking/node_modules/lucide-react/dist/esm/lucide-react.mjs:1432:1
Module not found: Can't resolve './icons/signpost-big.mjs'
  [90m1430 |[0m ...[33mature[0m, [36mdefault[0m [36mas[0m [33mSignature[0m, [36mdefault[0m [36mas[0m [33mSignatureIcon[0m } [36mfrom[0m [32m'./i...[0m
  [90m1431 |[0m ...[33mal[0m, [36mdefault[0m [36mas[0m [33mSignal[0m, [36mdefault[0m [36mas[0m [33mSignalIcon[0m } [36mfrom[0m [32m'./icons/sign...[0m
[31m[1m>[0m [90m1432 |[0m ...[33mpostBig[0m, [36mdefault[0m [36mas[0m [33mSignpostBig[0m, [36mdefault[0m [36mas[0m [33mSignpostBigIcon[0m } [36mfro.[0m.[32m.[0m
  [90m     |[0m    [31m[1m^^^^^^^^^^^^^^^^^^^^^^^^^^^^^^^^^^^^^^^^^^^^^^^^^^^^^^^^^^^^^^^^^^^^[0m
  [90m1433 |[0m ...[33mpost[0m, [36mdefault[0m [36mas[0m [33mSignpost[0m, [36mdefault[0m [36mas[0m [33mSignpostIcon[0m } [36mfrom[0m [32m'./icon...[0m
  [90m1434 |[0m ...[33mn[0m, [36mdefault[0m [36mas[0m [33mSiren[0m, [36mdefault[0m [36mas[0m [33mSirenIcon[0m } [36mfrom[0m [32m'./icons/siren.m...[0m
  [90m1435 |[0m ...[33mBack[0m, [36mdefault[0m [36mas[0m [33mSkipBack[0m, [36mdefault[0m [36mas[0m [33mSkipBackIcon[0m } [36mfrom[0m [32m'./icon...[0m



Import traces:
  Client Component Browser:
    ./.gemini/antigravity/scratch/teacher-tracking/node_modules/lucide-react/dist/esm/lucide-react.mjs [Client Component Browser]
    ./.gemini/antigravity/scratch/teacher-tracking/src/components/pages/DailyTasksPage.tsx [Client Component Browser]
    ./.gemini/antigravity/scratch/teacher-tracking/src/components/AppShell.tsx [Client Component Browser]
    ./.gemini/antigravity/scratch/teacher-tracking/src/app/page.tsx [Client Component Browser]
    ./.gemini/antigravity/scratch/teacher-tracking/src/app/page.tsx [Server Component]

  Client Component SSR:
    ./.gemini/antigravity/scratch/teacher-tracking/node_modules/lucide-react/dist/esm/lucide-react.mjs [Client Component SSR]
    ./.gemini/antigravity/scratch/teacher-tracking/src/components/pages/DailyTasksPage.tsx [Client Component SSR]
    ./.gemini/antigravity/scratch/teacher-tracking/src/components/AppShell.tsx [Client Component SSR]
    ./.gemini/antigravity/scratch/teacher-tracking/src/app/page.tsx [Client Component SSR]
    ./.gemini/antigravity/scratch/teacher-tracking/src/app/page.tsx [Server Component]

https://nextjs.org/docs/messages/module-not-found


./.gemini/antigravity/scratch/teacher-tracking/node_modules/lucide-react/dist/esm/lucide-react.mjs:1433:1
Module not found: Can't resolve './icons/signpost.mjs'
  [90m1431 |[0m ...[33mideSignal[0m, [36mdefault[0m [36mas[0m [33mSignal[0m, [36mdefault[0m [36mas[0m [33mSignalIcon[0m } [36mfrom[0m [32m'./ico...[0m
  [90m1432 |[0m ...[33mideSignpostBig[0m, [36mdefault[0m [36mas[0m [33mSignpostBig[0m, [36mdefault[0m [36mas[0m [33mSignpostBigIco.[0m..
[31m[1m>[0m [90m1433 |[0m ...[33mideSignpost[0m, [36mdefault[0m [36mas[0m [33mSignpost[0m, [36mdefault[0m [36mas[0m [33mSignpostIcon[0m } [36mfrom[0m [32m...[0m
  [90m     |[0m    [31m[1m^^^^^^^^^^^^^^^^^^^^^^^^^^^^^^^^^^^^^^^^^^^^^^^^^^^^^^^^^^^^^^^^^^^^[0m
  [90m1434 |[0m ...[33mideSiren[0m, [36mdefault[0m [36mas[0m [33mSiren[0m, [36mdefault[0m [36mas[0m [33mSirenIcon[0m } [36mfrom[0m [32m'./icons/...[0m
  [90m1435 |[0m ...[33mideSkipBack[0m, [36mdefault[0m [36mas[0m [33mSkipBack[0m, [36mdefault[0m [36mas[0m [33mSkipBackIcon[0m } [36mfrom[0m [32m...[0m
  [90m1436 |[0m ...[33mideSkipForward[0m, [36mdefault[0m [36mas[0m [33mSkipForward[0m, [36mdefault[0m [36mas[0m [33mSkipForwardIco.[0m..



Import traces:
  Client Component Browser:
    ./.gemini/antigravity/scratch/teacher-tracking/node_modules/lucide-react/dist/esm/lucide-react.mjs [Client Component Browser]
    ./.gemini/antigravity/scratch/teacher-tracking/src/components/pages/DailyTasksPage.tsx [Client Component Browser]
    ./.gemini/antigravity/scratch/teacher-tracking/src/components/AppShell.tsx [Client Component Browser]
    ./.gemini/antigravity/scratch/teacher-tracking/src/app/page.tsx [Client Component Browser]
    ./.gemini/antigravity/scratch/teacher-tracking/src/app/page.tsx [Server Component]

  Client Component SSR:
    ./.gemini/antigravity/scratch/teacher-tracking/node_modules/lucide-react/dist/esm/lucide-react.mjs [Client Component SSR]
    ./.gemini/antigravity/scratch/teacher-tracking/src/components/pages/DailyTasksPage.tsx [Client Component SSR]
    ./.gemini/antigravity/scratch/teacher-tracking/src/components/AppShell.tsx [Client Component SSR]
    ./.gemini/antigravity/scratch/teacher-tracking/src/app/page.tsx [Client Component SSR]
    ./.gemini/antigravity/scratch/teacher-tracking/src/app/page.tsx [Server Component]

https://nextjs.org/docs/messages/module-not-found


./.gemini/antigravity/scratch/teacher-tracking/node_modules/lucide-react/dist/esm/lucide-react.mjs:1434:1
Module not found: Can't resolve './icons/siren.mjs'
  [90m1432 |[0m ...[36mas[0m [33mLucideSignpostBig[0m, [36mdefault[0m [36mas[0m [33mSignpostBig[0m, [36mdefault[0m [36mas[0m [33mSignpost...[0m
  [90m1433 |[0m ...[36mas[0m [33mLucideSignpost[0m, [36mdefault[0m [36mas[0m [33mSignpost[0m, [36mdefault[0m [36mas[0m [33mSignpostIcon[0m }.[36m..[0m
[31m[1m>[0m [90m1434 |[0m ...[36mas[0m [33mLucideSiren[0m, [36mdefault[0m [36mas[0m [33mSiren[0m, [36mdefault[0m [36mas[0m [33mSirenIcon[0m } [36mfrom[0m [32m'./...[0m
  [90m     |[0m    [31m[1m^^^^^^^^^^^^^^^^^^^^^^^^^^^^^^^^^^^^^^^^^^^^^^^^^^^^^^^^^^^^^^^^^^^^[0m
  [90m1435 |[0m ...[36mas[0m [33mLucideSkipBack[0m, [36mdefault[0m [36mas[0m [33mSkipBack[0m, [36mdefault[0m [36mas[0m [33mSkipBackIcon[0m }.[36m..[0m
  [90m1436 |[0m ...[36mas[0m [33mLucideSkipForward[0m, [36mdefault[0m [36mas[0m [33mSkipForward[0m, [36mdefault[0m [36mas[0m [33mSkipForw...[0m
  [90m1437 |[0m ...[36mas[0m [33mLucideSkull[0m, [36mdefault[0m [36mas[0m [33mSkull[0m, [36mdefault[0m [36mas[0m [33mSkullIcon[0m } [36mfrom[0m [32m'./...[0m



Import traces:
  Client Component Browser:
    ./.gemini/antigravity/scratch/teacher-tracking/node_modules/lucide-react/dist/esm/lucide-react.mjs [Client Component Browser]
    ./.gemini/antigravity/scratch/teacher-tracking/src/components/pages/DailyTasksPage.tsx [Client Component Browser]
    ./.gemini/antigravity/scratch/teacher-tracking/src/components/AppShell.tsx [Client Component Browser]
    ./.gemini/antigravity/scratch/teacher-tracking/src/app/page.tsx [Client Component Browser]
    ./.gemini/antigravity/scratch/teacher-tracking/src/app/page.tsx [Server Component]

  Client Component SSR:
    ./.gemini/antigravity/scratch/teacher-tracking/node_modules/lucide-react/dist/esm/lucide-react.mjs [Client Component SSR]
    ./.gemini/antigravity/scratch/teacher-tracking/src/components/pages/DailyTasksPage.tsx [Client Component SSR]
    ./.gemini/antigravity/scratch/teacher-tracking/src/components/AppShell.tsx [Client Component SSR]
    ./.gemini/antigravity/scratch/teacher-tracking/src/app/page.tsx [Client Component SSR]
    ./.gemini/antigravity/scratch/teacher-tracking/src/app/page.tsx [Server Component]

https://nextjs.org/docs/messages/module-not-found


./.gemini/antigravity/scratch/teacher-tracking/node_modules/lucide-react/dist/esm/lucide-react.mjs:1435:1
Module not found: Can't resolve './icons/skip-back.mjs'
  [90m1433 |[0m ...[33mdeSignpost[0m, [36mdefault[0m [36mas[0m [33mSignpost[0m, [36mdefault[0m [36mas[0m [33mSignpostIcon[0m } [36mfrom[0m [32m'...[0m
  [90m1434 |[0m ...[33mdeSiren[0m, [36mdefault[0m [36mas[0m [33mSiren[0m, [36mdefault[0m [36mas[0m [33mSirenIcon[0m } [36mfrom[0m [32m'./icons/s...[0m
[31m[1m>[0m [90m1435 |[0m ...[33mdeSkipBack[0m, [36mdefault[0m [36mas[0m [33mSkipBack[0m, [36mdefault[0m [36mas[0m [33mSkipBackIcon[0m } [36mfrom[0m [32m'...[0m
  [90m     |[0m    [31m[1m^^^^^^^^^^^^^^^^^^^^^^^^^^^^^^^^^^^^^^^^^^^^^^^^^^^^^^^^^^^^^^^^^^^^[0m
  [90m1436 |[0m ...[33mdeSkipForward[0m, [36mdefault[0m [36mas[0m [33mSkipForward[0m, [36mdefault[0m [36mas[0m [33mSkipForwardIcon[0m...
  [90m1437 |[0m ...[33mdeSkull[0m, [36mdefault[0m [36mas[0m [33mSkull[0m, [36mdefault[0m [36mas[0m [33mSkullIcon[0m } [36mfrom[0m [32m'./icons/s...[0m
  [90m1438 |[0m ...[33mdeSlash[0m, [36mdefault[0m [36mas[0m [33mSlash[0m, [36mdefault[0m [36mas[0m [33mSlashIcon[0m } [36mfrom[0m [32m'./icons/s...[0m



Import traces:
  Client Component Browser:
    ./.gemini/antigravity/scratch/teacher-tracking/node_modules/lucide-react/dist/esm/lucide-react.mjs [Client Component Browser]
    ./.gemini/antigravity/scratch/teacher-tracking/src/components/pages/DailyTasksPage.tsx [Client Component Browser]
    ./.gemini/antigravity/scratch/teacher-tracking/src/components/AppShell.tsx [Client Component Browser]
    ./.gemini/antigravity/scratch/teacher-tracking/src/app/page.tsx [Client Component Browser]
    ./.gemini/antigravity/scratch/teacher-tracking/src/app/page.tsx [Server Component]

  Client Component SSR:
    ./.gemini/antigravity/scratch/teacher-tracking/node_modules/lucide-react/dist/esm/lucide-react.mjs [Client Component SSR]
    ./.gemini/antigravity/scratch/teacher-tracking/src/components/pages/DailyTasksPage.tsx [Client Component SSR]
    ./.gemini/antigravity/scratch/teacher-tracking/src/components/AppShell.tsx [Client Component SSR]
    ./.gemini/antigravity/scratch/teacher-tracking/src/app/page.tsx [Client Component SSR]
    ./.gemini/antigravity/scratch/teacher-tracking/src/app/page.tsx [Server Component]

https://nextjs.org/docs/messages/module-not-found


./.gemini/antigravity/scratch/teacher-tracking/node_modules/lucide-react/dist/esm/lucide-react.mjs:1436:1
Module not found: Can't resolve './icons/skip-forward.mjs'
  [90m1434 |[0m ...[33mn[0m, [36mdefault[0m [36mas[0m [33mSiren[0m, [36mdefault[0m [36mas[0m [33mSirenIcon[0m } [36mfrom[0m [32m'./icons/siren.m...[0m
  [90m1435 |[0m ...[33mBack[0m, [36mdefault[0m [36mas[0m [33mSkipBack[0m, [36mdefault[0m [36mas[0m [33mSkipBackIcon[0m } [36mfrom[0m [32m'./icon...[0m
[31m[1m>[0m [90m1436 |[0m ...[33mForward[0m, [36mdefault[0m [36mas[0m [33mSkipForward[0m, [36mdefault[0m [36mas[0m [33mSkipForwardIcon[0m } [36mfro.[0m.[32m.[0m
  [90m     |[0m    [31m[1m^^^^^^^^^^^^^^^^^^^^^^^^^^^^^^^^^^^^^^^^^^^^^^^^^^^^^^^^^^^^^^^^^^^^[0m
  [90m1437 |[0m ...[33ml[0m, [36mdefault[0m [36mas[0m [33mSkull[0m, [36mdefault[0m [36mas[0m [33mSkullIcon[0m } [36mfrom[0m [32m'./icons/skull.m...[0m
  [90m1438 |[0m ...[33mh[0m, [36mdefault[0m [36mas[0m [33mSlash[0m, [36mdefault[0m [36mas[0m [33mSlashIcon[0m } [36mfrom[0m [32m'./icons/slash.m...[0m
  [90m1439 |[0m ...[33me[0m, [36mdefault[0m [36mas[0m [33mSlice[0m, [36mdefault[0m [36mas[0m [33mSliceIcon[0m } [36mfrom[0m [32m'./icons/slice.m...[0m



Import traces:
  Client Component Browser:
    ./.gemini/antigravity/scratch/teacher-tracking/node_modules/lucide-react/dist/esm/lucide-react.mjs [Client Component Browser]
    ./.gemini/antigravity/scratch/teacher-tracking/src/components/pages/DailyTasksPage.tsx [Client Component Browser]
    ./.gemini/antigravity/scratch/teacher-tracking/src/components/AppShell.tsx [Client Component Browser]
    ./.gemini/antigravity/scratch/teacher-tracking/src/app/page.tsx [Client Component Browser]
    ./.gemini/antigravity/scratch/teacher-tracking/src/app/page.tsx [Server Component]

  Client Component SSR:
    ./.gemini/antigravity/scratch/teacher-tracking/node_modules/lucide-react/dist/esm/lucide-react.mjs [Client Component SSR]
    ./.gemini/antigravity/scratch/teacher-tracking/src/components/pages/DailyTasksPage.tsx [Client Component SSR]
    ./.gemini/antigravity/scratch/teacher-tracking/src/components/AppShell.tsx [Client Component SSR]
    ./.gemini/antigravity/scratch/teacher-tracking/src/app/page.tsx [Client Component SSR]
    ./.gemini/antigravity/scratch/teacher-tracking/src/app/page.tsx [Server Component]

https://nextjs.org/docs/messages/module-not-found


./.gemini/antigravity/scratch/teacher-tracking/node_modules/lucide-react/dist/esm/lucide-react.mjs:1437:1
Module not found: Can't resolve './icons/skull.mjs'
  [90m1435 |[0m ...[36mas[0m [33mLucideSkipBack[0m, [36mdefault[0m [36mas[0m [33mSkipBack[0m, [36mdefault[0m [36mas[0m [33mSkipBackIcon[0m }.[36m..[0m
  [90m1436 |[0m ...[36mas[0m [33mLucideSkipForward[0m, [36mdefault[0m [36mas[0m [33mSkipForward[0m, [36mdefault[0m [36mas[0m [33mSkipForw...[0m
[31m[1m>[0m [90m1437 |[0m ...[36mas[0m [33mLucideSkull[0m, [36mdefault[0m [36mas[0m [33mSkull[0m, [36mdefault[0m [36mas[0m [33mSkullIcon[0m } [36mfrom[0m [32m'./...[0m
  [90m     |[0m    [31m[1m^^^^^^^^^^^^^^^^^^^^^^^^^^^^^^^^^^^^^^^^^^^^^^^^^^^^^^^^^^^^^^^^^^^^[0m
  [90m1438 |[0m ...[36mas[0m [33mLucideSlash[0m, [36mdefault[0m [36mas[0m [33mSlash[0m, [36mdefault[0m [36mas[0m [33mSlashIcon[0m } [36mfrom[0m [32m'./...[0m
  [90m1439 |[0m ...[36mas[0m [33mLucideSlice[0m, [36mdefault[0m [36mas[0m [33mSlice[0m, [36mdefault[0m [36mas[0m [33mSliceIcon[0m } [36mfrom[0m [32m'./...[0m
  [90m1440 |[0m ...[36mas[0m [33mLucideSlidersHorizontal[0m, [36mdefault[0m [36mas[0m [33mSlidersHorizontal[0m, [36mdefault[0m.[36m..[0m



Import traces:
  Client Component Browser:
    ./.gemini/antigravity/scratch/teacher-tracking/node_modules/lucide-react/dist/esm/lucide-react.mjs [Client Component Browser]
    ./.gemini/antigravity/scratch/teacher-tracking/src/components/pages/DailyTasksPage.tsx [Client Component Browser]
    ./.gemini/antigravity/scratch/teacher-tracking/src/components/AppShell.tsx [Client Component Browser]
    ./.gemini/antigravity/scratch/teacher-tracking/src/app/page.tsx [Client Component Browser]
    ./.gemini/antigravity/scratch/teacher-tracking/src/app/page.tsx [Server Component]

  Client Component SSR:
    ./.gemini/antigravity/scratch/teacher-tracking/node_modules/lucide-react/dist/esm/lucide-react.mjs [Client Component SSR]
    ./.gemini/antigravity/scratch/teacher-tracking/src/components/pages/DailyTasksPage.tsx [Client Component SSR]
    ./.gemini/antigravity/scratch/teacher-tracking/src/components/AppShell.tsx [Client Component SSR]
    ./.gemini/antigravity/scratch/teacher-tracking/src/app/page.tsx [Client Component SSR]
    ./.gemini/antigravity/scratch/teacher-tracking/src/app/page.tsx [Server Component]

https://nextjs.org/docs/messages/module-not-found


./.gemini/antigravity/scratch/teacher-tracking/node_modules/lucide-react/dist/esm/lucide-react.mjs:1438:1
Module not found: Can't resolve './icons/slash.mjs'
  [90m1436 |[0m ...[36mas[0m [33mLucideSkipForward[0m, [36mdefault[0m [36mas[0m [33mSkipForward[0m, [36mdefault[0m [36mas[0m [33mSkipForw...[0m
  [90m1437 |[0m ...[36mas[0m [33mLucideSkull[0m, [36mdefault[0m [36mas[0m [33mSkull[0m, [36mdefault[0m [36mas[0m [33mSkullIcon[0m } [36mfrom[0m [32m'./...[0m
[31m[1m>[0m [90m1438 |[0m ...[36mas[0m [33mLucideSlash[0m, [36mdefault[0m [36mas[0m [33mSlash[0m, [36mdefault[0m [36mas[0m [33mSlashIcon[0m } [36mfrom[0m [32m'./...[0m
  [90m     |[0m    [31m[1m^^^^^^^^^^^^^^^^^^^^^^^^^^^^^^^^^^^^^^^^^^^^^^^^^^^^^^^^^^^^^^^^^^^^[0m
  [90m1439 |[0m ...[36mas[0m [33mLucideSlice[0m, [36mdefault[0m [36mas[0m [33mSlice[0m, [36mdefault[0m [36mas[0m [33mSliceIcon[0m } [36mfrom[0m [32m'./...[0m
  [90m1440 |[0m ...[36mas[0m [33mLucideSlidersHorizontal[0m, [36mdefault[0m [36mas[0m [33mSlidersHorizontal[0m, [36mdefault[0m.[36m..[0m
  [90m1441 |[0m ...[36mas[0m [33mLucideSmartphoneCharging[0m, [36mdefault[0m [36mas[0m [33mSmartphoneCharging[0m, [36mdefau..[0m.



Import traces:
  Client Component Browser:
    ./.gemini/antigravity/scratch/teacher-tracking/node_modules/lucide-react/dist/esm/lucide-react.mjs [Client Component Browser]
    ./.gemini/antigravity/scratch/teacher-tracking/src/components/pages/DailyTasksPage.tsx [Client Component Browser]
    ./.gemini/antigravity/scratch/teacher-tracking/src/components/AppShell.tsx [Client Component Browser]
    ./.gemini/antigravity/scratch/teacher-tracking/src/app/page.tsx [Client Component Browser]
    ./.gemini/antigravity/scratch/teacher-tracking/src/app/page.tsx [Server Component]

  Client Component SSR:
    ./.gemini/antigravity/scratch/teacher-tracking/node_modules/lucide-react/dist/esm/lucide-react.mjs [Client Component SSR]
    ./.gemini/antigravity/scratch/teacher-tracking/src/components/pages/DailyTasksPage.tsx [Client Component SSR]
    ./.gemini/antigravity/scratch/teacher-tracking/src/components/AppShell.tsx [Client Component SSR]
    ./.gemini/antigravity/scratch/teacher-tracking/src/app/page.tsx [Client Component SSR]
    ./.gemini/antigravity/scratch/teacher-tracking/src/app/page.tsx [Server Component]

https://nextjs.org/docs/messages/module-not-found


./.gemini/antigravity/scratch/teacher-tracking/node_modules/lucide-react/dist/esm/lucide-react.mjs:1439:1
Module not found: Can't resolve './icons/slice.mjs'
  [90m1437 |[0m ...[36mas[0m [33mLucideSkull[0m, [36mdefault[0m [36mas[0m [33mSkull[0m, [36mdefault[0m [36mas[0m [33mSkullIcon[0m } [36mfrom[0m [32m'./...[0m
  [90m1438 |[0m ...[36mas[0m [33mLucideSlash[0m, [36mdefault[0m [36mas[0m [33mSlash[0m, [36mdefault[0m [36mas[0m [33mSlashIcon[0m } [36mfrom[0m [32m'./...[0m
[31m[1m>[0m [90m1439 |[0m ...[36mas[0m [33mLucideSlice[0m, [36mdefault[0m [36mas[0m [33mSlice[0m, [36mdefault[0m [36mas[0m [33mSliceIcon[0m } [36mfrom[0m [32m'./...[0m
  [90m     |[0m    [31m[1m^^^^^^^^^^^^^^^^^^^^^^^^^^^^^^^^^^^^^^^^^^^^^^^^^^^^^^^^^^^^^^^^^^^^[0m
  [90m1440 |[0m ...[36mas[0m [33mLucideSlidersHorizontal[0m, [36mdefault[0m [36mas[0m [33mSlidersHorizontal[0m, [36mdefault[0m.[36m..[0m
  [90m1441 |[0m ...[36mas[0m [33mLucideSmartphoneCharging[0m, [36mdefault[0m [36mas[0m [33mSmartphoneCharging[0m, [36mdefau..[0m.
  [90m1442 |[0m ...[36mas[0m [33mLucideSmartphoneNfc[0m, [36mdefault[0m [36mas[0m [33mSmartphoneNfc[0m, [36mdefault[0m [36mas[0m [33mSmar...[0m



Import traces:
  Client Component Browser:
    ./.gemini/antigravity/scratch/teacher-tracking/node_modules/lucide-react/dist/esm/lucide-react.mjs [Client Component Browser]
    ./.gemini/antigravity/scratch/teacher-tracking/src/components/pages/DailyTasksPage.tsx [Client Component Browser]
    ./.gemini/antigravity/scratch/teacher-tracking/src/components/AppShell.tsx [Client Component Browser]
    ./.gemini/antigravity/scratch/teacher-tracking/src/app/page.tsx [Client Component Browser]
    ./.gemini/antigravity/scratch/teacher-tracking/src/app/page.tsx [Server Component]

  Client Component SSR:
    ./.gemini/antigravity/scratch/teacher-tracking/node_modules/lucide-react/dist/esm/lucide-react.mjs [Client Component SSR]
    ./.gemini/antigravity/scratch/teacher-tracking/src/components/pages/DailyTasksPage.tsx [Client Component SSR]
    ./.gemini/antigravity/scratch/teacher-tracking/src/components/AppShell.tsx [Client Component SSR]
    ./.gemini/antigravity/scratch/teacher-tracking/src/app/page.tsx [Client Component SSR]
    ./.gemini/antigravity/scratch/teacher-tracking/src/app/page.tsx [Server Component]

https://nextjs.org/docs/messages/module-not-found


./.gemini/antigravity/scratch/teacher-tracking/node_modules/lucide-react/dist/esm/lucide-react.mjs:1440:1
Module not found: Can't resolve './icons/sliders-horizontal.mjs'
  [90m1438 |[0m ...[36ms[0m [33mSlash[0m, [36mdefault[0m [36mas[0m [33mSlashIcon[0m } [36mfrom[0m [32m'./icons/slash.mjs'[0m;
  [90m1439 |[0m ...[36ms[0m [33mSlice[0m, [36mdefault[0m [36mas[0m [33mSliceIcon[0m } [36mfrom[0m [32m'./icons/slice.mjs'[0m;
[31m[1m>[0m [90m1440 |[0m ...[33ml[0m, [36mdefault[0m [36mas[0m [33mSlidersHorizontal[0m, [36mdefault[0m [36mas[0m [33mSlidersHorizontalIcon[0m...
  [90m     |[0m    [31m[1m^^^^^^^^^^^^^^^^^^^^^^^^^^^^^^^^^^^^^^^^^^^^^^^^^^^^^^^^^^^^^^^^^^^^[0m
  [90m1441 |[0m ...[33mng[0m, [36mdefault[0m [36mas[0m [33mSmartphoneCharging[0m, [36mdefault[0m [36mas[0m [33mSmartphoneChargingI...[0m
  [90m1442 |[0m ...[36mefault[0m [36mas[0m [33mSmartphoneNfc[0m, [36mdefault[0m [36mas[0m [33mSmartphoneNfcIcon[0m } [36mfrom[0m [32m'./i...[0m
  [90m1443 |[0m ...[36mlt[0m [36mas[0m [33mSmilePlus[0m, [36mdefault[0m [36mas[0m [33mSmilePlusIcon[0m } [36mfrom[0m [32m'./icons/smile-p...[0m



Import traces:
  Client Component Browser:
    ./.gemini/antigravity/scratch/teacher-tracking/node_modules/lucide-react/dist/esm/lucide-react.mjs [Client Component Browser]
    ./.gemini/antigravity/scratch/teacher-tracking/src/components/pages/DailyTasksPage.tsx [Client Component Browser]
    ./.gemini/antigravity/scratch/teacher-tracking/src/components/AppShell.tsx [Client Component Browser]
    ./.gemini/antigravity/scratch/teacher-tracking/src/app/page.tsx [Client Component Browser]
    ./.gemini/antigravity/scratch/teacher-tracking/src/app/page.tsx [Server Component]

  Client Component SSR:
    ./.gemini/antigravity/scratch/teacher-tracking/node_modules/lucide-react/dist/esm/lucide-react.mjs [Client Component SSR]
    ./.gemini/antigravity/scratch/teacher-tracking/src/components/pages/DailyTasksPage.tsx [Client Component SSR]
    ./.gemini/antigravity/scratch/teacher-tracking/src/components/AppShell.tsx [Client Component SSR]
    ./.gemini/antigravity/scratch/teacher-tracking/src/app/page.tsx [Client Component SSR]
    ./.gemini/antigravity/scratch/teacher-tracking/src/app/page.tsx [Server Component]

https://nextjs.org/docs/messages/module-not-found


./.gemini/antigravity/scratch/teacher-tracking/node_modules/lucide-react/dist/esm/lucide-react.mjs:162:1
Module not found: Can't resolve './icons/sliders-vertical.mjs'
  [90m160 |[0m ...[33mnMark[0m, [36mdefault[0m [36mas[0m [33mShieldQuestion[0m, [36mdefault[0m [36mas[0m [33mShieldQuestionIcon[0m, [36md...[0m
  [90m161 |[0m ... [36mas[0m [33mShieldClose[0m, [36mdefault[0m [36mas[0m [33mShieldCloseIcon[0m, [36mdefault[0m [36mas[0m [33mShieldX[0m, [36md...[0m
[31m[1m>[0m [90m162 |[0m ...[36mault[0m [36mas[0m [33mSliders[0m, [36mdefault[0m [36mas[0m [33mSlidersIcon[0m, [36mdefault[0m [36mas[0m [33mSlidersVertica.[0m..
  [90m    |[0m    [31m[1m^^^^^^^^^^^^^^^^^^^^^^^^^^^^^^^^^^^^^^^^^^^^^^^^^^^^^^^^^^^^^^^^^^^^^[0m
  [90m163 |[0m ...[33mparkles[0m, [36mdefault[0m [36mas[0m [33mSparklesIcon[0m, [36mdefault[0m [36mas[0m [33mStars[0m, [36mdefault[0m [36mas[0m [33mSta...[0m
  [90m164 |[0m ...[36mlt[0m [36mas[0m [33mLucideActivitySquare[0m, [36mdefault[0m [36mas[0m [33mLucideSquareActivity[0m, [36mdefau..[0m.
  [90m165 |[0m ...[33mcon[0m, [36mdefault[0m [36mas[0m [33mLucideArrowDownLeftSquare[0m, [36mdefault[0m [36mas[0m [33mLucideSquare...[0m



Import traces:
  Client Component Browser:
    ./.gemini/antigravity/scratch/teacher-tracking/node_modules/lucide-react/dist/esm/lucide-react.mjs [Client Component Browser]
    ./.gemini/antigravity/scratch/teacher-tracking/src/components/pages/DailyTasksPage.tsx [Client Component Browser]
    ./.gemini/antigravity/scratch/teacher-tracking/src/components/AppShell.tsx [Client Component Browser]
    ./.gemini/antigravity/scratch/teacher-tracking/src/app/page.tsx [Client Component Browser]
    ./.gemini/antigravity/scratch/teacher-tracking/src/app/page.tsx [Server Component]

  Client Component SSR:
    ./.gemini/antigravity/scratch/teacher-tracking/node_modules/lucide-react/dist/esm/lucide-react.mjs [Client Component SSR]
    ./.gemini/antigravity/scratch/teacher-tracking/src/components/pages/DailyTasksPage.tsx [Client Component SSR]
    ./.gemini/antigravity/scratch/teacher-tracking/src/components/AppShell.tsx [Client Component SSR]
    ./.gemini/antigravity/scratch/teacher-tracking/src/app/page.tsx [Client Component SSR]
    ./.gemini/antigravity/scratch/teacher-tracking/src/app/page.tsx [Server Component]

https://nextjs.org/docs/messages/module-not-found


./.gemini/antigravity/scratch/teacher-tracking/node_modules/lucide-react/dist/esm/lucide-react.mjs:1441:1
Module not found: Can't resolve './icons/smartphone-charging.mjs'
  [90m1439 |[0m ...[33mSlice[0m, [36mdefault[0m [36mas[0m [33mSliceIcon[0m } [36mfrom[0m [32m'./icons/slice.mjs'[0m;
  [90m1440 |[0m ... [36mdefault[0m [36mas[0m [33mSlidersHorizontal[0m, [36mdefault[0m [36mas[0m [33mSlidersHorizontalIcon[0m }.[36m..[0m
[31m[1m>[0m [90m1441 |[0m ..., [36mdefault[0m [36mas[0m [33mSmartphoneCharging[0m, [36mdefault[0m [36mas[0m [33mSmartphoneChargingIco.[0m..
  [90m     |[0m    [31m[1m^^^^^^^^^^^^^^^^^^^^^^^^^^^^^^^^^^^^^^^^^^^^^^^^^^^^^^^^^^^^^^^^^^^^[0m
  [90m1442 |[0m ...[36mault[0m [36mas[0m [33mSmartphoneNfc[0m, [36mdefault[0m [36mas[0m [33mSmartphoneNfcIcon[0m } [36mfrom[0m [32m'./ico...[0m
  [90m1443 |[0m ... [36mas[0m [33mSmilePlus[0m, [36mdefault[0m [36mas[0m [33mSmilePlusIcon[0m } [36mfrom[0m [32m'./icons/smile-plu...[0m
  [90m1444 |[0m ...[36mt[0m [36mas[0m [33mSmartphone[0m, [36mdefault[0m [36mas[0m [33mSmartphoneIcon[0m } [36mfrom[0m [32m'./icons/smartp...[0m



Import traces:
  Client Component Browser:
    ./.gemini/antigravity/scratch/teacher-tracking/node_modules/lucide-react/dist/esm/lucide-react.mjs [Client Component Browser]
    ./.gemini/antigravity/scratch/teacher-tracking/src/components/pages/DailyTasksPage.tsx [Client Component Browser]
    ./.gemini/antigravity/scratch/teacher-tracking/src/components/AppShell.tsx [Client Component Browser]
    ./.gemini/antigravity/scratch/teacher-tracking/src/app/page.tsx [Client Component Browser]
    ./.gemini/antigravity/scratch/teacher-tracking/src/app/page.tsx [Server Component]

  Client Component SSR:
    ./.gemini/antigravity/scratch/teacher-tracking/node_modules/lucide-react/dist/esm/lucide-react.mjs [Client Component SSR]
    ./.gemini/antigravity/scratch/teacher-tracking/src/components/pages/DailyTasksPage.tsx [Client Component SSR]
    ./.gemini/antigravity/scratch/teacher-tracking/src/components/AppShell.tsx [Client Component SSR]
    ./.gemini/antigravity/scratch/teacher-tracking/src/app/page.tsx [Client Component SSR]
    ./.gemini/antigravity/scratch/teacher-tracking/src/app/page.tsx [Server Component]

https://nextjs.org/docs/messages/module-not-found


./.gemini/antigravity/scratch/teacher-tracking/node_modules/lucide-react/dist/esm/lucide-react.mjs:1442:1
Module not found: Can't resolve './icons/smartphone-nfc.mjs'
  [90m1440 |[0m ...[33morizontal[0m, [36mdefault[0m [36mas[0m [33mSlidersHorizontal[0m, [36mdefault[0m [36mas[0m [33mSlidersHorizo...[0m
  [90m1441 |[0m ...[33mneCharging[0m, [36mdefault[0m [36mas[0m [33mSmartphoneCharging[0m, [36mdefault[0m [36mas[0m [33mSmartphoneC...[0m
[31m[1m>[0m [90m1442 |[0m ...[33mneNfc[0m, [36mdefault[0m [36mas[0m [33mSmartphoneNfc[0m, [36mdefault[0m [36mas[0m [33mSmartphoneNfcIcon[0m } [36mf...[0m
  [90m     |[0m    [31m[1m^^^^^^^^^^^^^^^^^^^^^^^^^^^^^^^^^^^^^^^^^^^^^^^^^^^^^^^^^^^^^^^^^^^^[0m
  [90m1443 |[0m ...[33ms[0m, [36mdefault[0m [36mas[0m [33mSmilePlus[0m, [36mdefault[0m [36mas[0m [33mSmilePlusIcon[0m } [36mfrom[0m [32m'./icons...[0m
  [90m1444 |[0m ...[33mne[0m, [36mdefault[0m [36mas[0m [33mSmartphone[0m, [36mdefault[0m [36mas[0m [33mSmartphoneIcon[0m } [36mfrom[0m [32m'./ic...[0m
  [90m1445 |[0m ...[36mefault[0m [36mas[0m [33mSmile[0m, [36mdefault[0m [36mas[0m [33mSmileIcon[0m } [36mfrom[0m [32m'./icons/smile.mjs'[0m;



Import traces:
  Client Component Browser:
    ./.gemini/antigravity/scratch/teacher-tracking/node_modules/lucide-react/dist/esm/lucide-react.mjs [Client Component Browser]
    ./.gemini/antigravity/scratch/teacher-tracking/src/components/pages/DailyTasksPage.tsx [Client Component Browser]
    ./.gemini/antigravity/scratch/teacher-tracking/src/components/AppShell.tsx [Client Component Browser]
    ./.gemini/antigravity/scratch/teacher-tracking/src/app/page.tsx [Client Component Browser]
    ./.gemini/antigravity/scratch/teacher-tracking/src/app/page.tsx [Server Component]

  Client Component SSR:
    ./.gemini/antigravity/scratch/teacher-tracking/node_modules/lucide-react/dist/esm/lucide-react.mjs [Client Component SSR]
    ./.gemini/antigravity/scratch/teacher-tracking/src/components/pages/DailyTasksPage.tsx [Client Component SSR]
    ./.gemini/antigravity/scratch/teacher-tracking/src/components/AppShell.tsx [Client Component SSR]
    ./.gemini/antigravity/scratch/teacher-tracking/src/app/page.tsx [Client Component SSR]
    ./.gemini/antigravity/scratch/teacher-tracking/src/app/page.tsx [Server Component]

https://nextjs.org/docs/messages/module-not-found


./.gemini/antigravity/scratch/teacher-tracking/node_modules/lucide-react/dist/esm/lucide-react.mjs:1444:1
Module not found: Can't resolve './icons/smartphone.mjs'
  [90m1442 |[0m ...[33mmartphoneNfc[0m, [36mdefault[0m [36mas[0m [33mSmartphoneNfc[0m, [36mdefault[0m [36mas[0m [33mSmartphoneNfcI...[0m
  [90m1443 |[0m ...[33mmilePlus[0m, [36mdefault[0m [36mas[0m [33mSmilePlus[0m, [36mdefault[0m [36mas[0m [33mSmilePlusIcon[0m } [36mfrom[0m [32m'...[0m
[31m[1m>[0m [90m1444 |[0m ...[33mmartphone[0m, [36mdefault[0m [36mas[0m [33mSmartphone[0m, [36mdefault[0m [36mas[0m [33mSmartphoneIcon[0m } [36mfro.[0m.[32m.[0m
  [90m     |[0m    [31m[1m^^^^^^^^^^^^^^^^^^^^^^^^^^^^^^^^^^^^^^^^^^^^^^^^^^^^^^^^^^^^^^^^^^^^[0m
  [90m1445 |[0m ...[33mmile[0m, [36mdefault[0m [36mas[0m [33mSmile[0m, [36mdefault[0m [36mas[0m [33mSmileIcon[0m } [36mfrom[0m [32m'./icons/smil...[0m
  [90m1446 |[0m ...[33mnail[0m, [36mdefault[0m [36mas[0m [33mSnail[0m, [36mdefault[0m [36mas[0m [33mSnailIcon[0m } [36mfrom[0m [32m'./icons/snai...[0m
  [90m1447 |[0m ...[33moapDispenserDroplet[0m, [36mdefault[0m [36mas[0m [33mSoapDispenserDroplet[0m, [36mdefault[0m [36mas[0m [33m...[0m



Import traces:
  Client Component Browser:
    ./.gemini/antigravity/scratch/teacher-tracking/node_modules/lucide-react/dist/esm/lucide-react.mjs [Client Component Browser]
    ./.gemini/antigravity/scratch/teacher-tracking/src/components/pages/DailyTasksPage.tsx [Client Component Browser]
    ./.gemini/antigravity/scratch/teacher-tracking/src/components/AppShell.tsx [Client Component Browser]
    ./.gemini/antigravity/scratch/teacher-tracking/src/app/page.tsx [Client Component Browser]
    ./.gemini/antigravity/scratch/teacher-tracking/src/app/page.tsx [Server Component]

  Client Component SSR:
    ./.gemini/antigravity/scratch/teacher-tracking/node_modules/lucide-react/dist/esm/lucide-react.mjs [Client Component SSR]
    ./.gemini/antigravity/scratch/teacher-tracking/src/components/pages/DailyTasksPage.tsx [Client Component SSR]
    ./.gemini/antigravity/scratch/teacher-tracking/src/components/AppShell.tsx [Client Component SSR]
    ./.gemini/antigravity/scratch/teacher-tracking/src/app/page.tsx [Client Component SSR]
    ./.gemini/antigravity/scratch/teacher-tracking/src/app/page.tsx [Server Component]

https://nextjs.org/docs/messages/module-not-found


./.gemini/antigravity/scratch/teacher-tracking/node_modules/lucide-react/dist/esm/lucide-react.mjs:1443:1
Module not found: Can't resolve './icons/smile-plus.mjs'
  [90m1441 |[0m ...[33mSmartphoneCharging[0m, [36mdefault[0m [36mas[0m [33mSmartphoneCharging[0m, [36mdefault[0m [36mas[0m [33mSma...[0m
  [90m1442 |[0m ...[33mSmartphoneNfc[0m, [36mdefault[0m [36mas[0m [33mSmartphoneNfc[0m, [36mdefault[0m [36mas[0m [33mSmartphoneNfc...[0m
[31m[1m>[0m [90m1443 |[0m ...[33mSmilePlus[0m, [36mdefault[0m [36mas[0m [33mSmilePlus[0m, [36mdefault[0m [36mas[0m [33mSmilePlusIcon[0m } [36mfrom[0m [32m...[0m
  [90m     |[0m    [31m[1m^^^^^^^^^^^^^^^^^^^^^^^^^^^^^^^^^^^^^^^^^^^^^^^^^^^^^^^^^^^^^^^^^^^^[0m
  [90m1444 |[0m ...[33mSmartphone[0m, [36mdefault[0m [36mas[0m [33mSmartphone[0m, [36mdefault[0m [36mas[0m [33mSmartphoneIcon[0m } [36mfr..[0m.
  [90m1445 |[0m ...[33mSmile[0m, [36mdefault[0m [36mas[0m [33mSmile[0m, [36mdefault[0m [36mas[0m [33mSmileIcon[0m } [36mfrom[0m [32m'./icons/smi...[0m
  [90m1446 |[0m ...[33mSnail[0m, [36mdefault[0m [36mas[0m [33mSnail[0m, [36mdefault[0m [36mas[0m [33mSnailIcon[0m } [36mfrom[0m [32m'./icons/sna...[0m



Import traces:
  Client Component Browser:
    ./.gemini/antigravity/scratch/teacher-tracking/node_modules/lucide-react/dist/esm/lucide-react.mjs [Client Component Browser]
    ./.gemini/antigravity/scratch/teacher-tracking/src/components/pages/DailyTasksPage.tsx [Client Component Browser]
    ./.gemini/antigravity/scratch/teacher-tracking/src/components/AppShell.tsx [Client Component Browser]
    ./.gemini/antigravity/scratch/teacher-tracking/src/app/page.tsx [Client Component Browser]
    ./.gemini/antigravity/scratch/teacher-tracking/src/app/page.tsx [Server Component]

  Client Component SSR:
    ./.gemini/antigravity/scratch/teacher-tracking/node_modules/lucide-react/dist/esm/lucide-react.mjs [Client Component SSR]
    ./.gemini/antigravity/scratch/teacher-tracking/src/components/pages/DailyTasksPage.tsx [Client Component SSR]
    ./.gemini/antigravity/scratch/teacher-tracking/src/components/AppShell.tsx [Client Component SSR]
    ./.gemini/antigravity/scratch/teacher-tracking/src/app/page.tsx [Client Component SSR]
    ./.gemini/antigravity/scratch/teacher-tracking/src/app/page.tsx [Server Component]

https://nextjs.org/docs/messages/module-not-found


./.gemini/antigravity/scratch/teacher-tracking/node_modules/lucide-react/dist/esm/lucide-react.mjs:1445:1
Module not found: Can't resolve './icons/smile.mjs'
  [90m1443 |[0m ...[36mas[0m [33mLucideSmilePlus[0m, [36mdefault[0m [36mas[0m [33mSmilePlus[0m, [36mdefault[0m [36mas[0m [33mSmilePlusIco.[0m..
  [90m1444 |[0m ...[36mas[0m [33mLucideSmartphone[0m, [36mdefault[0m [36mas[0m [33mSmartphone[0m, [36mdefault[0m [36mas[0m [33mSmartphone...[0m
[31m[1m>[0m [90m1445 |[0m ...[36mas[0m [33mLucideSmile[0m, [36mdefault[0m [36mas[0m [33mSmile[0m, [36mdefault[0m [36mas[0m [33mSmileIcon[0m } [36mfrom[0m [32m'./...[0m
  [90m     |[0m    [31m[1m^^^^^^^^^^^^^^^^^^^^^^^^^^^^^^^^^^^^^^^^^^^^^^^^^^^^^^^^^^^^^^^^^^^^[0m
  [90m1446 |[0m ...[36mas[0m [33mLucideSnail[0m, [36mdefault[0m [36mas[0m [33mSnail[0m, [36mdefault[0m [36mas[0m [33mSnailIcon[0m } [36mfrom[0m [32m'./...[0m
  [90m1447 |[0m ...[36mas[0m [33mLucideSoapDispenserDroplet[0m, [36mdefault[0m [36mas[0m [33mSoapDispenserDroplet[0m, [36md...[0m
  [90m1448 |[0m ...[36mas[0m [33mLucideSnowflake[0m, [36mdefault[0m [36mas[0m [33mSnowflake[0m, [36mdefault[0m [36mas[0m [33mSnowflakeIco.[0m..



Import traces:
  Client Component Browser:
    ./.gemini/antigravity/scratch/teacher-tracking/node_modules/lucide-react/dist/esm/lucide-react.mjs [Client Component Browser]
    ./.gemini/antigravity/scratch/teacher-tracking/src/components/pages/DailyTasksPage.tsx [Client Component Browser]
    ./.gemini/antigravity/scratch/teacher-tracking/src/components/AppShell.tsx [Client Component Browser]
    ./.gemini/antigravity/scratch/teacher-tracking/src/app/page.tsx [Client Component Browser]
    ./.gemini/antigravity/scratch/teacher-tracking/src/app/page.tsx [Server Component]

  Client Component SSR:
    ./.gemini/antigravity/scratch/teacher-tracking/node_modules/lucide-react/dist/esm/lucide-react.mjs [Client Component SSR]
    ./.gemini/antigravity/scratch/teacher-tracking/src/components/pages/DailyTasksPage.tsx [Client Component SSR]
    ./.gemini/antigravity/scratch/teacher-tracking/src/components/AppShell.tsx [Client Component SSR]
    ./.gemini/antigravity/scratch/teacher-tracking/src/app/page.tsx [Client Component SSR]
    ./.gemini/antigravity/scratch/teacher-tracking/src/app/page.tsx [Server Component]

https://nextjs.org/docs/messages/module-not-found


./.gemini/antigravity/scratch/teacher-tracking/node_modules/lucide-react/dist/esm/lucide-react.mjs:1446:1
Module not found: Can't resolve './icons/snail.mjs'
  [90m1444 |[0m ...[36mas[0m [33mLucideSmartphone[0m, [36mdefault[0m [36mas[0m [33mSmartphone[0m, [36mdefault[0m [36mas[0m [33mSmartphone...[0m
  [90m1445 |[0m ...[36mas[0m [33mLucideSmile[0m, [36mdefault[0m [36mas[0m [33mSmile[0m, [36mdefault[0m [36mas[0m [33mSmileIcon[0m } [36mfrom[0m [32m'./...[0m
[31m[1m>[0m [90m1446 |[0m ...[36mas[0m [33mLucideSnail[0m, [36mdefault[0m [36mas[0m [33mSnail[0m, [36mdefault[0m [36mas[0m [33mSnailIcon[0m } [36mfrom[0m [32m'./...[0m
  [90m     |[0m    [31m[1m^^^^^^^^^^^^^^^^^^^^^^^^^^^^^^^^^^^^^^^^^^^^^^^^^^^^^^^^^^^^^^^^^^^^[0m
  [90m1447 |[0m ...[36mas[0m [33mLucideSoapDispenserDroplet[0m, [36mdefault[0m [36mas[0m [33mSoapDispenserDroplet[0m, [36md...[0m
  [90m1448 |[0m ...[36mas[0m [33mLucideSnowflake[0m, [36mdefault[0m [36mas[0m [33mSnowflake[0m, [36mdefault[0m [36mas[0m [33mSnowflakeIco.[0m..
  [90m1449 |[0m ...[36mas[0m [33mLucideSofa[0m, [36mdefault[0m [36mas[0m [33mSofa[0m, [36mdefault[0m [36mas[0m [33mSofaIcon[0m } [36mfrom[0m [32m'./ico...[0m



Import traces:
  Client Component Browser:
    ./.gemini/antigravity/scratch/teacher-tracking/node_modules/lucide-react/dist/esm/lucide-react.mjs [Client Component Browser]
    ./.gemini/antigravity/scratch/teacher-tracking/src/components/pages/DailyTasksPage.tsx [Client Component Browser]
    ./.gemini/antigravity/scratch/teacher-tracking/src/components/AppShell.tsx [Client Component Browser]
    ./.gemini/antigravity/scratch/teacher-tracking/src/app/page.tsx [Client Component Browser]
    ./.gemini/antigravity/scratch/teacher-tracking/src/app/page.tsx [Server Component]

  Client Component SSR:
    ./.gemini/antigravity/scratch/teacher-tracking/node_modules/lucide-react/dist/esm/lucide-react.mjs [Client Component SSR]
    ./.gemini/antigravity/scratch/teacher-tracking/src/components/pages/DailyTasksPage.tsx [Client Component SSR]
    ./.gemini/antigravity/scratch/teacher-tracking/src/components/AppShell.tsx [Client Component SSR]
    ./.gemini/antigravity/scratch/teacher-tracking/src/app/page.tsx [Client Component SSR]
    ./.gemini/antigravity/scratch/teacher-tracking/src/app/page.tsx [Server Component]

https://nextjs.org/docs/messages/module-not-found


./.gemini/antigravity/scratch/teacher-tracking/node_modules/lucide-react/dist/esm/lucide-react.mjs:1448:1
Module not found: Can't resolve './icons/snowflake.mjs'
  [90m1446 |[0m ...[33meSnail[0m, [36mdefault[0m [36mas[0m [33mSnail[0m, [36mdefault[0m [36mas[0m [33mSnailIcon[0m } [36mfrom[0m [32m'./icons/sn...[0m
  [90m1447 |[0m ...[33meSoapDispenserDroplet[0m, [36mdefault[0m [36mas[0m [33mSoapDispenserDroplet[0m, [36mdefault[0m [36ma.[0m.[33m.[0m
[31m[1m>[0m [90m1448 |[0m ...[33meSnowflake[0m, [36mdefault[0m [36mas[0m [33mSnowflake[0m, [36mdefault[0m [36mas[0m [33mSnowflakeIcon[0m } [36mfrom[0m.[32m..[0m
  [90m     |[0m    [31m[1m^^^^^^^^^^^^^^^^^^^^^^^^^^^^^^^^^^^^^^^^^^^^^^^^^^^^^^^^^^^^^^^^^^^^[0m
  [90m1449 |[0m ...[33meSofa[0m, [36mdefault[0m [36mas[0m [33mSofa[0m, [36mdefault[0m [36mas[0m [33mSofaIcon[0m } [36mfrom[0m [32m'./icons/sofa....[0m
  [90m1450 |[0m ...[33meSolarPanel[0m, [36mdefault[0m [36mas[0m [33mSolarPanel[0m, [36mdefault[0m [36mas[0m [33mSolarPanelIcon[0m } [36mf...[0m
  [90m1451 |[0m ...[33meSoup[0m, [36mdefault[0m [36mas[0m [33mSoup[0m, [36mdefault[0m [36mas[0m [33mSoupIcon[0m } [36mfrom[0m [32m'./icons/soup....[0m



Import traces:
  Client Component Browser:
    ./.gemini/antigravity/scratch/teacher-tracking/node_modules/lucide-react/dist/esm/lucide-react.mjs [Client Component Browser]
    ./.gemini/antigravity/scratch/teacher-tracking/src/components/pages/DailyTasksPage.tsx [Client Component Browser]
    ./.gemini/antigravity/scratch/teacher-tracking/src/components/AppShell.tsx [Client Component Browser]
    ./.gemini/antigravity/scratch/teacher-tracking/src/app/page.tsx [Client Component Browser]
    ./.gemini/antigravity/scratch/teacher-tracking/src/app/page.tsx [Server Component]

  Client Component SSR:
    ./.gemini/antigravity/scratch/teacher-tracking/node_modules/lucide-react/dist/esm/lucide-react.mjs [Client Component SSR]
    ./.gemini/antigravity/scratch/teacher-tracking/src/components/pages/DailyTasksPage.tsx [Client Component SSR]
    ./.gemini/antigravity/scratch/teacher-tracking/src/components/AppShell.tsx [Client Component SSR]
    ./.gemini/antigravity/scratch/teacher-tracking/src/app/page.tsx [Client Component SSR]
    ./.gemini/antigravity/scratch/teacher-tracking/src/app/page.tsx [Server Component]

https://nextjs.org/docs/messages/module-not-found


./.gemini/antigravity/scratch/teacher-tracking/node_modules/lucide-react/dist/esm/lucide-react.mjs:1447:1
Module not found: Can't resolve './icons/soap-dispenser-droplet.mjs'
  [90m1445 |[0m ...[33me[0m, [36mdefault[0m [36mas[0m [33mSmileIcon[0m } [36mfrom[0m [32m'./icons/smile.mjs'[0m;
  [90m1446 |[0m ...[33ml[0m, [36mdefault[0m [36mas[0m [33mSnailIcon[0m } [36mfrom[0m [32m'./icons/snail.mjs'[0m;
[31m[1m>[0m [90m1447 |[0m ...[36mdefault[0m [36mas[0m [33mSoapDispenserDroplet[0m, [36mdefault[0m [36mas[0m [33mSoapDispenserDropletI...[0m
  [90m     |[0m    [31m[1m^^^^^^^^^^^^^^^^^^^^^^^^^^^^^^^^^^^^^^^^^^^^^^^^^^^^^^^^^^^^^^^^^^^^[0m
  [90m1448 |[0m ...[33mSnowflake[0m, [36mdefault[0m [36mas[0m [33mSnowflakeIcon[0m } [36mfrom[0m [32m'./icons/snowflake.mjs'[0m;
  [90m1449 |[0m ... [36mdefault[0m [36mas[0m [33mSofaIcon[0m } [36mfrom[0m [32m'./icons/sofa.mjs'[0m;
  [90m1450 |[0m ... [33mSolarPanel[0m, [36mdefault[0m [36mas[0m [33mSolarPanelIcon[0m } [36mfrom[0m [32m'./icons/solar-pane...[0m



Import traces:
  Client Component Browser:
    ./.gemini/antigravity/scratch/teacher-tracking/node_modules/lucide-react/dist/esm/lucide-react.mjs [Client Component Browser]
    ./.gemini/antigravity/scratch/teacher-tracking/src/components/pages/DailyTasksPage.tsx [Client Component Browser]
    ./.gemini/antigravity/scratch/teacher-tracking/src/components/AppShell.tsx [Client Component Browser]
    ./.gemini/antigravity/scratch/teacher-tracking/src/app/page.tsx [Client Component Browser]
    ./.gemini/antigravity/scratch/teacher-tracking/src/app/page.tsx [Server Component]

  Client Component SSR:
    ./.gemini/antigravity/scratch/teacher-tracking/node_modules/lucide-react/dist/esm/lucide-react.mjs [Client Component SSR]
    ./.gemini/antigravity/scratch/teacher-tracking/src/components/pages/DailyTasksPage.tsx [Client Component SSR]
    ./.gemini/antigravity/scratch/teacher-tracking/src/components/AppShell.tsx [Client Component SSR]
    ./.gemini/antigravity/scratch/teacher-tracking/src/app/page.tsx [Client Component SSR]
    ./.gemini/antigravity/scratch/teacher-tracking/src/app/page.tsx [Server Component]

https://nextjs.org/docs/messages/module-not-found


./.gemini/antigravity/scratch/teacher-tracking/node_modules/lucide-react/dist/esm/lucide-react.mjs:1449:1
Module not found: Can't resolve './icons/sofa.mjs'
  [90m1447 |[0m ...[36mt[0m [36mas[0m [33mLucideSoapDispenserDroplet[0m, [36mdefault[0m [36mas[0m [33mSoapDispenserDroplet[0m,.[36m..[0m
  [90m1448 |[0m ...[36mt[0m [36mas[0m [33mLucideSnowflake[0m, [36mdefault[0m [36mas[0m [33mSnowflake[0m, [36mdefault[0m [36mas[0m [33mSnowflakeI...[0m
[31m[1m>[0m [90m1449 |[0m ...[36mt[0m [36mas[0m [33mLucideSofa[0m, [36mdefault[0m [36mas[0m [33mSofa[0m, [36mdefault[0m [36mas[0m [33mSofaIcon[0m } [36mfrom[0m [32m'./i...[0m
  [90m     |[0m    [31m[1m^^^^^^^^^^^^^^^^^^^^^^^^^^^^^^^^^^^^^^^^^^^^^^^^^^^^^^^^^^^^^^^^^^^^[0m
  [90m1450 |[0m ...[36mt[0m [36mas[0m [33mLucideSolarPanel[0m, [36mdefault[0m [36mas[0m [33mSolarPanel[0m, [36mdefault[0m [36mas[0m [33mSolarPan...[0m
  [90m1451 |[0m ...[36mt[0m [36mas[0m [33mLucideSoup[0m, [36mdefault[0m [36mas[0m [33mSoup[0m, [36mdefault[0m [36mas[0m [33mSoupIcon[0m } [36mfrom[0m [32m'./i...[0m
  [90m1452 |[0m ...[36mt[0m [36mas[0m [33mLucideSpace[0m, [36mdefault[0m [36mas[0m [33mSpace[0m, [36mdefault[0m [36mas[0m [33mSpaceIcon[0m } [36mfrom[0m [32m'...[0m



Import traces:
  Client Component Browser:
    ./.gemini/antigravity/scratch/teacher-tracking/node_modules/lucide-react/dist/esm/lucide-react.mjs [Client Component Browser]
    ./.gemini/antigravity/scratch/teacher-tracking/src/components/pages/DailyTasksPage.tsx [Client Component Browser]
    ./.gemini/antigravity/scratch/teacher-tracking/src/components/AppShell.tsx [Client Component Browser]
    ./.gemini/antigravity/scratch/teacher-tracking/src/app/page.tsx [Client Component Browser]
    ./.gemini/antigravity/scratch/teacher-tracking/src/app/page.tsx [Server Component]

  Client Component SSR:
    ./.gemini/antigravity/scratch/teacher-tracking/node_modules/lucide-react/dist/esm/lucide-react.mjs [Client Component SSR]
    ./.gemini/antigravity/scratch/teacher-tracking/src/components/pages/DailyTasksPage.tsx [Client Component SSR]
    ./.gemini/antigravity/scratch/teacher-tracking/src/components/AppShell.tsx [Client Component SSR]
    ./.gemini/antigravity/scratch/teacher-tracking/src/app/page.tsx [Client Component SSR]
    ./.gemini/antigravity/scratch/teacher-tracking/src/app/page.tsx [Server Component]

https://nextjs.org/docs/messages/module-not-found


./.gemini/antigravity/scratch/teacher-tracking/node_modules/lucide-react/dist/esm/lucide-react.mjs:1450:1
Module not found: Can't resolve './icons/solar-panel.mjs'
  [90m1448 |[0m ...[33mowflake[0m, [36mdefault[0m [36mas[0m [33mSnowflake[0m, [36mdefault[0m [36mas[0m [33mSnowflakeIcon[0m } [36mfrom[0m [32m'....[0m
  [90m1449 |[0m ...[33mfa[0m, [36mdefault[0m [36mas[0m [33mSofa[0m, [36mdefault[0m [36mas[0m [33mSofaIcon[0m } [36mfrom[0m [32m'./icons/sofa.mjs'[0m;
[31m[1m>[0m [90m1450 |[0m ...[33mlarPanel[0m, [36mdefault[0m [36mas[0m [33mSolarPanel[0m, [36mdefault[0m [36mas[0m [33mSolarPanelIcon[0m } [36mfrom[0m.[32m..[0m
  [90m     |[0m    [31m[1m^^^^^^^^^^^^^^^^^^^^^^^^^^^^^^^^^^^^^^^^^^^^^^^^^^^^^^^^^^^^^^^^^^^^[0m
  [90m1451 |[0m ...[33mup[0m, [36mdefault[0m [36mas[0m [33mSoup[0m, [36mdefault[0m [36mas[0m [33mSoupIcon[0m } [36mfrom[0m [32m'./icons/soup.mjs'[0m;
  [90m1452 |[0m ...[33mace[0m, [36mdefault[0m [36mas[0m [33mSpace[0m, [36mdefault[0m [36mas[0m [33mSpaceIcon[0m } [36mfrom[0m [32m'./icons/space...[0m
  [90m1453 |[0m ...[33made[0m, [36mdefault[0m [36mas[0m [33mSpade[0m, [36mdefault[0m [36mas[0m [33mSpadeIcon[0m } [36mfrom[0m [32m'./icons/spade...[0m



Import traces:
  Client Component Browser:
    ./.gemini/antigravity/scratch/teacher-tracking/node_modules/lucide-react/dist/esm/lucide-react.mjs [Client Component Browser]
    ./.gemini/antigravity/scratch/teacher-tracking/src/components/pages/DailyTasksPage.tsx [Client Component Browser]
    ./.gemini/antigravity/scratch/teacher-tracking/src/components/AppShell.tsx [Client Component Browser]
    ./.gemini/antigravity/scratch/teacher-tracking/src/app/page.tsx [Client Component Browser]
    ./.gemini/antigravity/scratch/teacher-tracking/src/app/page.tsx [Server Component]

  Client Component SSR:
    ./.gemini/antigravity/scratch/teacher-tracking/node_modules/lucide-react/dist/esm/lucide-react.mjs [Client Component SSR]
    ./.gemini/antigravity/scratch/teacher-tracking/src/components/pages/DailyTasksPage.tsx [Client Component SSR]
    ./.gemini/antigravity/scratch/teacher-tracking/src/components/AppShell.tsx [Client Component SSR]
    ./.gemini/antigravity/scratch/teacher-tracking/src/app/page.tsx [Client Component SSR]
    ./.gemini/antigravity/scratch/teacher-tracking/src/app/page.tsx [Server Component]

https://nextjs.org/docs/messages/module-not-found


./.gemini/antigravity/scratch/teacher-tracking/node_modules/lucide-react/dist/esm/lucide-react.mjs:1451:1
Module not found: Can't resolve './icons/soup.mjs'
  [90m1449 |[0m ...[36mt[0m [36mas[0m [33mLucideSofa[0m, [36mdefault[0m [36mas[0m [33mSofa[0m, [36mdefault[0m [36mas[0m [33mSofaIcon[0m } [36mfrom[0m [32m'./i...[0m
  [90m1450 |[0m ...[36mt[0m [36mas[0m [33mLucideSolarPanel[0m, [36mdefault[0m [36mas[0m [33mSolarPanel[0m, [36mdefault[0m [36mas[0m [33mSolarPan...[0m
[31m[1m>[0m [90m1451 |[0m ...[36mt[0m [36mas[0m [33mLucideSoup[0m, [36mdefault[0m [36mas[0m [33mSoup[0m, [36mdefault[0m [36mas[0m [33mSoupIcon[0m } [36mfrom[0m [32m'./i...[0m
  [90m     |[0m    [31m[1m^^^^^^^^^^^^^^^^^^^^^^^^^^^^^^^^^^^^^^^^^^^^^^^^^^^^^^^^^^^^^^^^^^^^[0m
  [90m1452 |[0m ...[36mt[0m [36mas[0m [33mLucideSpace[0m, [36mdefault[0m [36mas[0m [33mSpace[0m, [36mdefault[0m [36mas[0m [33mSpaceIcon[0m } [36mfrom[0m [32m'...[0m
  [90m1453 |[0m ...[36mt[0m [36mas[0m [33mLucideSpade[0m, [36mdefault[0m [36mas[0m [33mSpade[0m, [36mdefault[0m [36mas[0m [33mSpadeIcon[0m } [36mfrom[0m [32m'...[0m
  [90m1454 |[0m ...[36mt[0m [36mas[0m [33mLucideSparkle[0m, [36mdefault[0m [36mas[0m [33mSparkle[0m, [36mdefault[0m [36mas[0m [33mSparkleIcon[0m } [36m...[0m



Import traces:
  Client Component Browser:
    ./.gemini/antigravity/scratch/teacher-tracking/node_modules/lucide-react/dist/esm/lucide-react.mjs [Client Component Browser]
    ./.gemini/antigravity/scratch/teacher-tracking/src/components/pages/DailyTasksPage.tsx [Client Component Browser]
    ./.gemini/antigravity/scratch/teacher-tracking/src/components/AppShell.tsx [Client Component Browser]
    ./.gemini/antigravity/scratch/teacher-tracking/src/app/page.tsx [Client Component Browser]
    ./.gemini/antigravity/scratch/teacher-tracking/src/app/page.tsx [Server Component]

  Client Component SSR:
    ./.gemini/antigravity/scratch/teacher-tracking/node_modules/lucide-react/dist/esm/lucide-react.mjs [Client Component SSR]
    ./.gemini/antigravity/scratch/teacher-tracking/src/components/pages/DailyTasksPage.tsx [Client Component SSR]
    ./.gemini/antigravity/scratch/teacher-tracking/src/components/AppShell.tsx [Client Component SSR]
    ./.gemini/antigravity/scratch/teacher-tracking/src/app/page.tsx [Client Component SSR]
    ./.gemini/antigravity/scratch/teacher-tracking/src/app/page.tsx [Server Component]

https://nextjs.org/docs/messages/module-not-found


./.gemini/antigravity/scratch/teacher-tracking/node_modules/lucide-react/dist/esm/lucide-react.mjs:1452:1
Module not found: Can't resolve './icons/space.mjs'
  [90m1450 |[0m ...[36mas[0m [33mLucideSolarPanel[0m, [36mdefault[0m [36mas[0m [33mSolarPanel[0m, [36mdefault[0m [36mas[0m [33mSolarPanel...[0m
  [90m1451 |[0m ...[36mas[0m [33mLucideSoup[0m, [36mdefault[0m [36mas[0m [33mSoup[0m, [36mdefault[0m [36mas[0m [33mSoupIcon[0m } [36mfrom[0m [32m'./ico...[0m
[31m[1m>[0m [90m1452 |[0m ...[36mas[0m [33mLucideSpace[0m, [36mdefault[0m [36mas[0m [33mSpace[0m, [36mdefault[0m [36mas[0m [33mSpaceIcon[0m } [36mfrom[0m [32m'./...[0m
  [90m     |[0m    [31m[1m^^^^^^^^^^^^^^^^^^^^^^^^^^^^^^^^^^^^^^^^^^^^^^^^^^^^^^^^^^^^^^^^^^^^[0m
  [90m1453 |[0m ...[36mas[0m [33mLucideSpade[0m, [36mdefault[0m [36mas[0m [33mSpade[0m, [36mdefault[0m [36mas[0m [33mSpadeIcon[0m } [36mfrom[0m [32m'./...[0m
  [90m1454 |[0m ...[36mas[0m [33mLucideSparkle[0m, [36mdefault[0m [36mas[0m [33mSparkle[0m, [36mdefault[0m [36mas[0m [33mSparkleIcon[0m } [36mfr..[0m.
  [90m1455 |[0m ...[36mas[0m [33mLucideSpeaker[0m, [36mdefault[0m [36mas[0m [33mSpeaker[0m, [36mdefault[0m [36mas[0m [33mSpeakerIcon[0m } [36mfr..[0m.



Import traces:
  Client Component Browser:
    ./.gemini/antigravity/scratch/teacher-tracking/node_modules/lucide-react/dist/esm/lucide-react.mjs [Client Component Browser]
    ./.gemini/antigravity/scratch/teacher-tracking/src/components/pages/DailyTasksPage.tsx [Client Component Browser]
    ./.gemini/antigravity/scratch/teacher-tracking/src/components/AppShell.tsx [Client Component Browser]
    ./.gemini/antigravity/scratch/teacher-tracking/src/app/page.tsx [Client Component Browser]
    ./.gemini/antigravity/scratch/teacher-tracking/src/app/page.tsx [Server Component]

  Client Component SSR:
    ./.gemini/antigravity/scratch/teacher-tracking/node_modules/lucide-react/dist/esm/lucide-react.mjs [Client Component SSR]
    ./.gemini/antigravity/scratch/teacher-tracking/src/components/pages/DailyTasksPage.tsx [Client Component SSR]
    ./.gemini/antigravity/scratch/teacher-tracking/src/components/AppShell.tsx [Client Component SSR]
    ./.gemini/antigravity/scratch/teacher-tracking/src/app/page.tsx [Client Component SSR]
    ./.gemini/antigravity/scratch/teacher-tracking/src/app/page.tsx [Server Component]

https://nextjs.org/docs/messages/module-not-found


./.gemini/antigravity/scratch/teacher-tracking/node_modules/lucide-react/dist/esm/lucide-react.mjs:1453:1
Module not found: Can't resolve './icons/spade.mjs'
  [90m1451 |[0m ...[36mas[0m [33mLucideSoup[0m, [36mdefault[0m [36mas[0m [33mSoup[0m, [36mdefault[0m [36mas[0m [33mSoupIcon[0m } [36mfrom[0m [32m'./ico...[0m
  [90m1452 |[0m ...[36mas[0m [33mLucideSpace[0m, [36mdefault[0m [36mas[0m [33mSpace[0m, [36mdefault[0m [36mas[0m [33mSpaceIcon[0m } [36mfrom[0m [32m'./...[0m
[31m[1m>[0m [90m1453 |[0m ...[36mas[0m [33mLucideSpade[0m, [36mdefault[0m [36mas[0m [33mSpade[0m, [36mdefault[0m [36mas[0m [33mSpadeIcon[0m } [36mfrom[0m [32m'./...[0m
  [90m     |[0m    [31m[1m^^^^^^^^^^^^^^^^^^^^^^^^^^^^^^^^^^^^^^^^^^^^^^^^^^^^^^^^^^^^^^^^^^^^[0m
  [90m1454 |[0m ...[36mas[0m [33mLucideSparkle[0m, [36mdefault[0m [36mas[0m [33mSparkle[0m, [36mdefault[0m [36mas[0m [33mSparkleIcon[0m } [36mfr..[0m.
  [90m1455 |[0m ...[36mas[0m [33mLucideSpeaker[0m, [36mdefault[0m [36mas[0m [33mSpeaker[0m, [36mdefault[0m [36mas[0m [33mSpeakerIcon[0m } [36mfr..[0m.
  [90m1456 |[0m ...[36mas[0m [33mLucideSpellCheck2[0m, [36mdefault[0m [36mas[0m [33mSpellCheck2[0m, [36mdefault[0m [36mas[0m [33mSpellChe...[0m



Import traces:
  Client Component Browser:
    ./.gemini/antigravity/scratch/teacher-tracking/node_modules/lucide-react/dist/esm/lucide-react.mjs [Client Component Browser]
    ./.gemini/antigravity/scratch/teacher-tracking/src/components/pages/DailyTasksPage.tsx [Client Component Browser]
    ./.gemini/antigravity/scratch/teacher-tracking/src/components/AppShell.tsx [Client Component Browser]
    ./.gemini/antigravity/scratch/teacher-tracking/src/app/page.tsx [Client Component Browser]
    ./.gemini/antigravity/scratch/teacher-tracking/src/app/page.tsx [Server Component]

  Client Component SSR:
    ./.gemini/antigravity/scratch/teacher-tracking/node_modules/lucide-react/dist/esm/lucide-react.mjs [Client Component SSR]
    ./.gemini/antigravity/scratch/teacher-tracking/src/components/pages/DailyTasksPage.tsx [Client Component SSR]
    ./.gemini/antigravity/scratch/teacher-tracking/src/components/AppShell.tsx [Client Component SSR]
    ./.gemini/antigravity/scratch/teacher-tracking/src/app/page.tsx [Client Component SSR]
    ./.gemini/antigravity/scratch/teacher-tracking/src/app/page.tsx [Server Component]

https://nextjs.org/docs/messages/module-not-found


./.gemini/antigravity/scratch/teacher-tracking/node_modules/lucide-react/dist/esm/lucide-react.mjs:1454:1
Module not found: Can't resolve './icons/sparkle.mjs'
  [90m1452 |[0m ...[33mucideSpace[0m, [36mdefault[0m [36mas[0m [33mSpace[0m, [36mdefault[0m [36mas[0m [33mSpaceIcon[0m } [36mfrom[0m [32m'./icon...[0m
  [90m1453 |[0m ...[33mucideSpade[0m, [36mdefault[0m [36mas[0m [33mSpade[0m, [36mdefault[0m [36mas[0m [33mSpadeIcon[0m } [36mfrom[0m [32m'./icon...[0m
[31m[1m>[0m [90m1454 |[0m ...[33mucideSparkle[0m, [36mdefault[0m [36mas[0m [33mSparkle[0m, [36mdefault[0m [36mas[0m [33mSparkleIcon[0m } [36mfrom[0m [32m'...[0m
  [90m     |[0m    [31m[1m^^^^^^^^^^^^^^^^^^^^^^^^^^^^^^^^^^^^^^^^^^^^^^^^^^^^^^^^^^^^^^^^^^^^[0m
  [90m1455 |[0m ...[33mucideSpeaker[0m, [36mdefault[0m [36mas[0m [33mSpeaker[0m, [36mdefault[0m [36mas[0m [33mSpeakerIcon[0m } [36mfrom[0m [32m'...[0m
  [90m1456 |[0m ...[33mucideSpellCheck2[0m, [36mdefault[0m [36mas[0m [33mSpellCheck2[0m, [36mdefault[0m [36mas[0m [33mSpellCheck2I...[0m
  [90m1457 |[0m ...[33mucideSpeech[0m, [36mdefault[0m [36mas[0m [33mSpeech[0m, [36mdefault[0m [36mas[0m [33mSpeechIcon[0m } [36mfrom[0m [32m'./i...[0m



Import traces:
  Client Component Browser:
    ./.gemini/antigravity/scratch/teacher-tracking/node_modules/lucide-react/dist/esm/lucide-react.mjs [Client Component Browser]
    ./.gemini/antigravity/scratch/teacher-tracking/src/components/pages/DailyTasksPage.tsx [Client Component Browser]
    ./.gemini/antigravity/scratch/teacher-tracking/src/components/AppShell.tsx [Client Component Browser]
    ./.gemini/antigravity/scratch/teacher-tracking/src/app/page.tsx [Client Component Browser]
    ./.gemini/antigravity/scratch/teacher-tracking/src/app/page.tsx [Server Component]

  Client Component SSR:
    ./.gemini/antigravity/scratch/teacher-tracking/node_modules/lucide-react/dist/esm/lucide-react.mjs [Client Component SSR]
    ./.gemini/antigravity/scratch/teacher-tracking/src/components/pages/DailyTasksPage.tsx [Client Component SSR]
    ./.gemini/antigravity/scratch/teacher-tracking/src/components/AppShell.tsx [Client Component SSR]
    ./.gemini/antigravity/scratch/teacher-tracking/src/app/page.tsx [Client Component SSR]
    ./.gemini/antigravity/scratch/teacher-tracking/src/app/page.tsx [Server Component]

https://nextjs.org/docs/messages/module-not-found


./.gemini/antigravity/scratch/teacher-tracking/node_modules/lucide-react/dist/esm/lucide-react.mjs:163:1
Module not found: Can't resolve './icons/sparkles.mjs'
  [90m161 |[0m ...[33mdeShieldX[0m, [36mdefault[0m [36mas[0m [33mShieldClose[0m, [36mdefault[0m [36mas[0m [33mShieldCloseIcon[0m, [36mdef...[0m
  [90m162 |[0m ...[33midersVertical[0m, [36mdefault[0m [36mas[0m [33mSliders[0m, [36mdefault[0m [36mas[0m [33mSlidersIcon[0m, [36mdefault[0m.[36m..[0m
[31m[1m>[0m [90m163 |[0m ...[33mtars[0m, [36mdefault[0m [36mas[0m [33mSparkles[0m, [36mdefault[0m [36mas[0m [33mSparklesIcon[0m, [36mdefault[0m [36mas[0m [33mSta..[0m.
  [90m    |[0m    [31m[1m^^^^^^^^^^^^^^^^^^^^^^^^^^^^^^^^^^^^^^^^^^^^^^^^^^^^^^^^^^^^^^^^^^^^^[0m
  [90m164 |[0m ...[33mySquareIcon[0m, [36mdefault[0m [36mas[0m [33mLucideActivitySquare[0m, [36mdefault[0m [36mas[0m [33mLucideSqu...[0m
  [90m165 |[0m ...[33mrowDownLeftSquareIcon[0m, [36mdefault[0m [36mas[0m [33mLucideArrowDownLeftSquare[0m, [36mdefau..[0m.
  [90m166 |[0m ...[33mrrowDownRightSquareIcon[0m, [36mdefault[0m [36mas[0m [33mLucideArrowDownRightSquare[0m, [36mde...[0m



Import traces:
  Client Component Browser:
    ./.gemini/antigravity/scratch/teacher-tracking/node_modules/lucide-react/dist/esm/lucide-react.mjs [Client Component Browser]
    ./.gemini/antigravity/scratch/teacher-tracking/src/components/pages/DailyTasksPage.tsx [Client Component Browser]
    ./.gemini/antigravity/scratch/teacher-tracking/src/components/AppShell.tsx [Client Component Browser]
    ./.gemini/antigravity/scratch/teacher-tracking/src/app/page.tsx [Client Component Browser]
    ./.gemini/antigravity/scratch/teacher-tracking/src/app/page.tsx [Server Component]

  Client Component SSR:
    ./.gemini/antigravity/scratch/teacher-tracking/node_modules/lucide-react/dist/esm/lucide-react.mjs [Client Component SSR]
    ./.gemini/antigravity/scratch/teacher-tracking/src/components/pages/DailyTasksPage.tsx [Client Component SSR]
    ./.gemini/antigravity/scratch/teacher-tracking/src/components/AppShell.tsx [Client Component SSR]
    ./.gemini/antigravity/scratch/teacher-tracking/src/app/page.tsx [Client Component SSR]
    ./.gemini/antigravity/scratch/teacher-tracking/src/app/page.tsx [Server Component]

https://nextjs.org/docs/messages/module-not-found


./.gemini/antigravity/scratch/teacher-tracking/node_modules/lucide-react/dist/esm/lucide-react.mjs:1455:1
Module not found: Can't resolve './icons/speaker.mjs'
  [90m1453 |[0m ...[33mucideSpade[0m, [36mdefault[0m [36mas[0m [33mSpade[0m, [36mdefault[0m [36mas[0m [33mSpadeIcon[0m } [36mfrom[0m [32m'./icon...[0m
  [90m1454 |[0m ...[33mucideSparkle[0m, [36mdefault[0m [36mas[0m [33mSparkle[0m, [36mdefault[0m [36mas[0m [33mSparkleIcon[0m } [36mfrom[0m [32m'...[0m
[31m[1m>[0m [90m1455 |[0m ...[33mucideSpeaker[0m, [36mdefault[0m [36mas[0m [33mSpeaker[0m, [36mdefault[0m [36mas[0m [33mSpeakerIcon[0m } [36mfrom[0m [32m'...[0m
  [90m     |[0m    [31m[1m^^^^^^^^^^^^^^^^^^^^^^^^^^^^^^^^^^^^^^^^^^^^^^^^^^^^^^^^^^^^^^^^^^^^[0m
  [90m1456 |[0m ...[33mucideSpellCheck2[0m, [36mdefault[0m [36mas[0m [33mSpellCheck2[0m, [36mdefault[0m [36mas[0m [33mSpellCheck2I...[0m
  [90m1457 |[0m ...[33mucideSpeech[0m, [36mdefault[0m [36mas[0m [33mSpeech[0m, [36mdefault[0m [36mas[0m [33mSpeechIcon[0m } [36mfrom[0m [32m'./i...[0m
  [90m1458 |[0m ...[33mucideSpellCheck[0m, [36mdefault[0m [36mas[0m [33mSpellCheck[0m, [36mdefault[0m [36mas[0m [33mSpellCheckIcon[0m...



Import traces:
  Client Component Browser:
    ./.gemini/antigravity/scratch/teacher-tracking/node_modules/lucide-react/dist/esm/lucide-react.mjs [Client Component Browser]
    ./.gemini/antigravity/scratch/teacher-tracking/src/components/pages/DailyTasksPage.tsx [Client Component Browser]
    ./.gemini/antigravity/scratch/teacher-tracking/src/components/AppShell.tsx [Client Component Browser]
    ./.gemini/antigravity/scratch/teacher-tracking/src/app/page.tsx [Client Component Browser]
    ./.gemini/antigravity/scratch/teacher-tracking/src/app/page.tsx [Server Component]

  Client Component SSR:
    ./.gemini/antigravity/scratch/teacher-tracking/node_modules/lucide-react/dist/esm/lucide-react.mjs [Client Component SSR]
    ./.gemini/antigravity/scratch/teacher-tracking/src/components/pages/DailyTasksPage.tsx [Client Component SSR]
    ./.gemini/antigravity/scratch/teacher-tracking/src/components/AppShell.tsx [Client Component SSR]
    ./.gemini/antigravity/scratch/teacher-tracking/src/app/page.tsx [Client Component SSR]
    ./.gemini/antigravity/scratch/teacher-tracking/src/app/page.tsx [Server Component]

https://nextjs.org/docs/messages/module-not-found


./.gemini/antigravity/scratch/teacher-tracking/node_modules/lucide-react/dist/esm/lucide-react.mjs:1457:1
Module not found: Can't resolve './icons/speech.mjs'
  [90m1455 |[0m ... [33mLucideSpeaker[0m, [36mdefault[0m [36mas[0m [33mSpeaker[0m, [36mdefault[0m [36mas[0m [33mSpeakerIcon[0m } [36mfrom[0m.[32m..[0m
  [90m1456 |[0m ... [33mLucideSpellCheck2[0m, [36mdefault[0m [36mas[0m [33mSpellCheck2[0m, [36mdefault[0m [36mas[0m [33mSpellCheck...[0m
[31m[1m>[0m [90m1457 |[0m ... [33mLucideSpeech[0m, [36mdefault[0m [36mas[0m [33mSpeech[0m, [36mdefault[0m [36mas[0m [33mSpeechIcon[0m } [36mfrom[0m [32m'....[0m
  [90m     |[0m    [31m[1m^^^^^^^^^^^^^^^^^^^^^^^^^^^^^^^^^^^^^^^^^^^^^^^^^^^^^^^^^^^^^^^^^^^^[0m
  [90m1458 |[0m ... [33mLucideSpellCheck[0m, [36mdefault[0m [36mas[0m [33mSpellCheck[0m, [36mdefault[0m [36mas[0m [33mSpellCheckIc..[0m.
  [90m1459 |[0m ... [33mLucideSplinePointer[0m, [36mdefault[0m [36mas[0m [33mSplinePointer[0m, [36mdefault[0m [36mas[0m [33mSpline...[0m
  [90m1460 |[0m ... [33mLucideSpline[0m, [36mdefault[0m [36mas[0m [33mSpline[0m, [36mdefault[0m [36mas[0m [33mSplineIcon[0m } [36mfrom[0m [32m'....[0m



Import traces:
  Client Component Browser:
    ./.gemini/antigravity/scratch/teacher-tracking/node_modules/lucide-react/dist/esm/lucide-react.mjs [Client Component Browser]
    ./.gemini/antigravity/scratch/teacher-tracking/src/components/pages/DailyTasksPage.tsx [Client Component Browser]
    ./.gemini/antigravity/scratch/teacher-tracking/src/components/AppShell.tsx [Client Component Browser]
    ./.gemini/antigravity/scratch/teacher-tracking/src/app/page.tsx [Client Component Browser]
    ./.gemini/antigravity/scratch/teacher-tracking/src/app/page.tsx [Server Component]

  Client Component SSR:
    ./.gemini/antigravity/scratch/teacher-tracking/node_modules/lucide-react/dist/esm/lucide-react.mjs [Client Component SSR]
    ./.gemini/antigravity/scratch/teacher-tracking/src/components/pages/DailyTasksPage.tsx [Client Component SSR]
    ./.gemini/antigravity/scratch/teacher-tracking/src/components/AppShell.tsx [Client Component SSR]
    ./.gemini/antigravity/scratch/teacher-tracking/src/app/page.tsx [Client Component SSR]
    ./.gemini/antigravity/scratch/teacher-tracking/src/app/page.tsx [Server Component]

https://nextjs.org/docs/messages/module-not-found


./.gemini/antigravity/scratch/teacher-tracking/node_modules/lucide-react/dist/esm/lucide-react.mjs:1456:1
Module not found: Can't resolve './icons/spell-check-2.mjs'
  [90m1454 |[0m ...[33mkle[0m, [36mdefault[0m [36mas[0m [33mSparkle[0m, [36mdefault[0m [36mas[0m [33mSparkleIcon[0m } [36mfrom[0m [32m'./icons/s...[0m
  [90m1455 |[0m ...[33mker[0m, [36mdefault[0m [36mas[0m [33mSpeaker[0m, [36mdefault[0m [36mas[0m [33mSpeakerIcon[0m } [36mfrom[0m [32m'./icons/s...[0m
[31m[1m>[0m [90m1456 |[0m ...[33mlCheck2[0m, [36mdefault[0m [36mas[0m [33mSpellCheck2[0m, [36mdefault[0m [36mas[0m [33mSpellCheck2Icon[0m } [36mfro.[0m.[32m.[0m
  [90m     |[0m    [31m[1m^^^^^^^^^^^^^^^^^^^^^^^^^^^^^^^^^^^^^^^^^^^^^^^^^^^^^^^^^^^^^^^^^^^^[0m
  [90m1457 |[0m ...[33mch[0m, [36mdefault[0m [36mas[0m [33mSpeech[0m, [36mdefault[0m [36mas[0m [33mSpeechIcon[0m } [36mfrom[0m [32m'./icons/spee...[0m
  [90m1458 |[0m ...[33mlCheck[0m, [36mdefault[0m [36mas[0m [33mSpellCheck[0m, [36mdefault[0m [36mas[0m [33mSpellCheckIcon[0m } [36mfrom[0m [32m'...[0m
  [90m1459 |[0m ...[33mnePointer[0m, [36mdefault[0m [36mas[0m [33mSplinePointer[0m, [36mdefault[0m [36mas[0m [33mSplinePointerIcon[0m...



Import traces:
  Client Component Browser:
    ./.gemini/antigravity/scratch/teacher-tracking/node_modules/lucide-react/dist/esm/lucide-react.mjs [Client Component Browser]
    ./.gemini/antigravity/scratch/teacher-tracking/src/components/pages/DailyTasksPage.tsx [Client Component Browser]
    ./.gemini/antigravity/scratch/teacher-tracking/src/components/AppShell.tsx [Client Component Browser]
    ./.gemini/antigravity/scratch/teacher-tracking/src/app/page.tsx [Client Component Browser]
    ./.gemini/antigravity/scratch/teacher-tracking/src/app/page.tsx [Server Component]

  Client Component SSR:
    ./.gemini/antigravity/scratch/teacher-tracking/node_modules/lucide-react/dist/esm/lucide-react.mjs [Client Component SSR]
    ./.gemini/antigravity/scratch/teacher-tracking/src/components/pages/DailyTasksPage.tsx [Client Component SSR]
    ./.gemini/antigravity/scratch/teacher-tracking/src/components/AppShell.tsx [Client Component SSR]
    ./.gemini/antigravity/scratch/teacher-tracking/src/app/page.tsx [Client Component SSR]
    ./.gemini/antigravity/scratch/teacher-tracking/src/app/page.tsx [Server Component]

https://nextjs.org/docs/messages/module-not-found


./.gemini/antigravity/scratch/teacher-tracking/node_modules/lucide-react/dist/esm/lucide-react.mjs:1458:1
Module not found: Can't resolve './icons/spell-check.mjs'
  [90m1456 |[0m ...[33mellCheck2[0m, [36mdefault[0m [36mas[0m [33mSpellCheck2[0m, [36mdefault[0m [36mas[0m [33mSpellCheck2Icon[0m } [36mf...[0m
  [90m1457 |[0m ...[33meech[0m, [36mdefault[0m [36mas[0m [33mSpeech[0m, [36mdefault[0m [36mas[0m [33mSpeechIcon[0m } [36mfrom[0m [32m'./icons/sp...[0m
[31m[1m>[0m [90m1458 |[0m ...[33mellCheck[0m, [36mdefault[0m [36mas[0m [33mSpellCheck[0m, [36mdefault[0m [36mas[0m [33mSpellCheckIcon[0m } [36mfrom[0m.[32m..[0m
  [90m     |[0m    [31m[1m^^^^^^^^^^^^^^^^^^^^^^^^^^^^^^^^^^^^^^^^^^^^^^^^^^^^^^^^^^^^^^^^^^^^[0m
  [90m1459 |[0m ...[33mlinePointer[0m, [36mdefault[0m [36mas[0m [33mSplinePointer[0m, [36mdefault[0m [36mas[0m [33mSplinePointerIc..[0m.
  [90m1460 |[0m ...[33mline[0m, [36mdefault[0m [36mas[0m [33mSpline[0m, [36mdefault[0m [36mas[0m [33mSplineIcon[0m } [36mfrom[0m [32m'./icons/sp...[0m
  [90m1461 |[0m ...[33mlit[0m, [36mdefault[0m [36mas[0m [33mSplit[0m, [36mdefault[0m [36mas[0m [33mSplitIcon[0m } [36mfrom[0m [32m'./icons/split...[0m



Import traces:
  Client Component Browser:
    ./.gemini/antigravity/scratch/teacher-tracking/node_modules/lucide-react/dist/esm/lucide-react.mjs [Client Component Browser]
    ./.gemini/antigravity/scratch/teacher-tracking/src/components/pages/DailyTasksPage.tsx [Client Component Browser]
    ./.gemini/antigravity/scratch/teacher-tracking/src/components/AppShell.tsx [Client Component Browser]
    ./.gemini/antigravity/scratch/teacher-tracking/src/app/page.tsx [Client Component Browser]
    ./.gemini/antigravity/scratch/teacher-tracking/src/app/page.tsx [Server Component]

  Client Component SSR:
    ./.gemini/antigravity/scratch/teacher-tracking/node_modules/lucide-react/dist/esm/lucide-react.mjs [Client Component SSR]
    ./.gemini/antigravity/scratch/teacher-tracking/src/components/pages/DailyTasksPage.tsx [Client Component SSR]
    ./.gemini/antigravity/scratch/teacher-tracking/src/components/AppShell.tsx [Client Component SSR]
    ./.gemini/antigravity/scratch/teacher-tracking/src/app/page.tsx [Client Component SSR]
    ./.gemini/antigravity/scratch/teacher-tracking/src/app/page.tsx [Server Component]

https://nextjs.org/docs/messages/module-not-found


./.gemini/antigravity/scratch/teacher-tracking/node_modules/lucide-react/dist/esm/lucide-react.mjs:1459:1
Module not found: Can't resolve './icons/spline-pointer.mjs'
  [90m1457 |[0m ...[36mdefault[0m [36mas[0m [33mSpeech[0m, [36mdefault[0m [36mas[0m [33mSpeechIcon[0m } [36mfrom[0m [32m'./icons/speech.m...[0m
  [90m1458 |[0m ...[33mck[0m, [36mdefault[0m [36mas[0m [33mSpellCheck[0m, [36mdefault[0m [36mas[0m [33mSpellCheckIcon[0m } [36mfrom[0m [32m'./ic...[0m
[31m[1m>[0m [90m1459 |[0m ...[33minter[0m, [36mdefault[0m [36mas[0m [33mSplinePointer[0m, [36mdefault[0m [36mas[0m [33mSplinePointerIcon[0m } [36mf...[0m
  [90m     |[0m    [31m[1m^^^^^^^^^^^^^^^^^^^^^^^^^^^^^^^^^^^^^^^^^^^^^^^^^^^^^^^^^^^^^^^^^^^^[0m
  [90m1460 |[0m ...[36mdefault[0m [36mas[0m [33mSpline[0m, [36mdefault[0m [36mas[0m [33mSplineIcon[0m } [36mfrom[0m [32m'./icons/spline.m...[0m
  [90m1461 |[0m ...[36mefault[0m [36mas[0m [33mSplit[0m, [36mdefault[0m [36mas[0m [33mSplitIcon[0m } [36mfrom[0m [32m'./icons/split.mjs'[0m;
  [90m1462 |[0m ...[36mefault[0m [36mas[0m [33mSpool[0m, [36mdefault[0m [36mas[0m [33mSpoolIcon[0m } [36mfrom[0m [32m'./icons/spool.mjs'[0m;



Import traces:
  Client Component Browser:
    ./.gemini/antigravity/scratch/teacher-tracking/node_modules/lucide-react/dist/esm/lucide-react.mjs [Client Component Browser]
    ./.gemini/antigravity/scratch/teacher-tracking/src/components/pages/DailyTasksPage.tsx [Client Component Browser]
    ./.gemini/antigravity/scratch/teacher-tracking/src/components/AppShell.tsx [Client Component Browser]
    ./.gemini/antigravity/scratch/teacher-tracking/src/app/page.tsx [Client Component Browser]
    ./.gemini/antigravity/scratch/teacher-tracking/src/app/page.tsx [Server Component]

  Client Component SSR:
    ./.gemini/antigravity/scratch/teacher-tracking/node_modules/lucide-react/dist/esm/lucide-react.mjs [Client Component SSR]
    ./.gemini/antigravity/scratch/teacher-tracking/src/components/pages/DailyTasksPage.tsx [Client Component SSR]
    ./.gemini/antigravity/scratch/teacher-tracking/src/components/AppShell.tsx [Client Component SSR]
    ./.gemini/antigravity/scratch/teacher-tracking/src/app/page.tsx [Client Component SSR]
    ./.gemini/antigravity/scratch/teacher-tracking/src/app/page.tsx [Server Component]

https://nextjs.org/docs/messages/module-not-found


./.gemini/antigravity/scratch/teacher-tracking/node_modules/lucide-react/dist/esm/lucide-react.mjs:1460:1
Module not found: Can't resolve './icons/spline.mjs'
  [90m1458 |[0m ... [33mLucideSpellCheck[0m, [36mdefault[0m [36mas[0m [33mSpellCheck[0m, [36mdefault[0m [36mas[0m [33mSpellCheckIc..[0m.
  [90m1459 |[0m ... [33mLucideSplinePointer[0m, [36mdefault[0m [36mas[0m [33mSplinePointer[0m, [36mdefault[0m [36mas[0m [33mSpline...[0m
[31m[1m>[0m [90m1460 |[0m ... [33mLucideSpline[0m, [36mdefault[0m [36mas[0m [33mSpline[0m, [36mdefault[0m [36mas[0m [33mSplineIcon[0m } [36mfrom[0m [32m'....[0m
  [90m     |[0m    [31m[1m^^^^^^^^^^^^^^^^^^^^^^^^^^^^^^^^^^^^^^^^^^^^^^^^^^^^^^^^^^^^^^^^^^^^[0m
  [90m1461 |[0m ... [33mLucideSplit[0m, [36mdefault[0m [36mas[0m [33mSplit[0m, [36mdefault[0m [36mas[0m [33mSplitIcon[0m } [36mfrom[0m [32m'./ic...[0m
  [90m1462 |[0m ... [33mLucideSpool[0m, [36mdefault[0m [36mas[0m [33mSpool[0m, [36mdefault[0m [36mas[0m [33mSpoolIcon[0m } [36mfrom[0m [32m'./ic...[0m
  [90m1463 |[0m ... [33mLucideSportShoe[0m, [36mdefault[0m [36mas[0m [33mSportShoe[0m, [36mdefault[0m [36mas[0m [33mSportShoeIcon[0m ..[36m.[0m



Import traces:
  Client Component Browser:
    ./.gemini/antigravity/scratch/teacher-tracking/node_modules/lucide-react/dist/esm/lucide-react.mjs [Client Component Browser]
    ./.gemini/antigravity/scratch/teacher-tracking/src/components/pages/DailyTasksPage.tsx [Client Component Browser]
    ./.gemini/antigravity/scratch/teacher-tracking/src/components/AppShell.tsx [Client Component Browser]
    ./.gemini/antigravity/scratch/teacher-tracking/src/app/page.tsx [Client Component Browser]
    ./.gemini/antigravity/scratch/teacher-tracking/src/app/page.tsx [Server Component]

  Client Component SSR:
    ./.gemini/antigravity/scratch/teacher-tracking/node_modules/lucide-react/dist/esm/lucide-react.mjs [Client Component SSR]
    ./.gemini/antigravity/scratch/teacher-tracking/src/components/pages/DailyTasksPage.tsx [Client Component SSR]
    ./.gemini/antigravity/scratch/teacher-tracking/src/components/AppShell.tsx [Client Component SSR]
    ./.gemini/antigravity/scratch/teacher-tracking/src/app/page.tsx [Client Component SSR]
    ./.gemini/antigravity/scratch/teacher-tracking/src/app/page.tsx [Server Component]

https://nextjs.org/docs/messages/module-not-found


./.gemini/antigravity/scratch/teacher-tracking/node_modules/lucide-react/dist/esm/lucide-react.mjs:1461:1
Module not found: Can't resolve './icons/split.mjs'
  [90m1459 |[0m ...[36mas[0m [33mLucideSplinePointer[0m, [36mdefault[0m [36mas[0m [33mSplinePointer[0m, [36mdefault[0m [36mas[0m [33mSpli...[0m
  [90m1460 |[0m ...[36mas[0m [33mLucideSpline[0m, [36mdefault[0m [36mas[0m [33mSpline[0m, [36mdefault[0m [36mas[0m [33mSplineIcon[0m } [36mfrom[0m [32m...[0m
[31m[1m>[0m [90m1461 |[0m ...[36mas[0m [33mLucideSplit[0m, [36mdefault[0m [36mas[0m [33mSplit[0m, [36mdefault[0m [36mas[0m [33mSplitIcon[0m } [36mfrom[0m [32m'./...[0m
  [90m     |[0m    [31m[1m^^^^^^^^^^^^^^^^^^^^^^^^^^^^^^^^^^^^^^^^^^^^^^^^^^^^^^^^^^^^^^^^^^^^[0m
  [90m1462 |[0m ...[36mas[0m [33mLucideSpool[0m, [36mdefault[0m [36mas[0m [33mSpool[0m, [36mdefault[0m [36mas[0m [33mSpoolIcon[0m } [36mfrom[0m [32m'./...[0m
  [90m1463 |[0m ...[36mas[0m [33mLucideSportShoe[0m, [36mdefault[0m [36mas[0m [33mSportShoe[0m, [36mdefault[0m [36mas[0m [33mSportShoeIco.[0m..
  [90m1464 |[0m ...[36mas[0m [33mLucideSpotlight[0m, [36mdefault[0m [36mas[0m [33mSpotlight[0m, [36mdefault[0m [36mas[0m [33mSpotlightIco.[0m..



Import traces:
  Client Component Browser:
    ./.gemini/antigravity/scratch/teacher-tracking/node_modules/lucide-react/dist/esm/lucide-react.mjs [Client Component Browser]
    ./.gemini/antigravity/scratch/teacher-tracking/src/components/pages/DailyTasksPage.tsx [Client Component Browser]
    ./.gemini/antigravity/scratch/teacher-tracking/src/components/AppShell.tsx [Client Component Browser]
    ./.gemini/antigravity/scratch/teacher-tracking/src/app/page.tsx [Client Component Browser]
    ./.gemini/antigravity/scratch/teacher-tracking/src/app/page.tsx [Server Component]

  Client Component SSR:
    ./.gemini/antigravity/scratch/teacher-tracking/node_modules/lucide-react/dist/esm/lucide-react.mjs [Client Component SSR]
    ./.gemini/antigravity/scratch/teacher-tracking/src/components/pages/DailyTasksPage.tsx [Client Component SSR]
    ./.gemini/antigravity/scratch/teacher-tracking/src/components/AppShell.tsx [Client Component SSR]
    ./.gemini/antigravity/scratch/teacher-tracking/src/app/page.tsx [Client Component SSR]
    ./.gemini/antigravity/scratch/teacher-tracking/src/app/page.tsx [Server Component]

https://nextjs.org/docs/messages/module-not-found


./.gemini/antigravity/scratch/teacher-tracking/node_modules/lucide-react/dist/esm/lucide-react.mjs:1462:1
Module not found: Can't resolve './icons/spool.mjs'
  [90m1460 |[0m ...[36mas[0m [33mLucideSpline[0m, [36mdefault[0m [36mas[0m [33mSpline[0m, [36mdefault[0m [36mas[0m [33mSplineIcon[0m } [36mfrom[0m [32m...[0m
  [90m1461 |[0m ...[36mas[0m [33mLucideSplit[0m, [36mdefault[0m [36mas[0m [33mSplit[0m, [36mdefault[0m [36mas[0m [33mSplitIcon[0m } [36mfrom[0m [32m'./...[0m
[31m[1m>[0m [90m1462 |[0m ...[36mas[0m [33mLucideSpool[0m, [36mdefault[0m [36mas[0m [33mSpool[0m, [36mdefault[0m [36mas[0m [33mSpoolIcon[0m } [36mfrom[0m [32m'./...[0m
  [90m     |[0m    [31m[1m^^^^^^^^^^^^^^^^^^^^^^^^^^^^^^^^^^^^^^^^^^^^^^^^^^^^^^^^^^^^^^^^^^^^[0m
  [90m1463 |[0m ...[36mas[0m [33mLucideSportShoe[0m, [36mdefault[0m [36mas[0m [33mSportShoe[0m, [36mdefault[0m [36mas[0m [33mSportShoeIco.[0m..
  [90m1464 |[0m ...[36mas[0m [33mLucideSpotlight[0m, [36mdefault[0m [36mas[0m [33mSpotlight[0m, [36mdefault[0m [36mas[0m [33mSpotlightIco.[0m..
  [90m1465 |[0m ...[36mas[0m [33mLucideSprayCan[0m, [36mdefault[0m [36mas[0m [33mSprayCan[0m, [36mdefault[0m [36mas[0m [33mSprayCanIcon[0m }.[36m..[0m



Import traces:
  Client Component Browser:
    ./.gemini/antigravity/scratch/teacher-tracking/node_modules/lucide-react/dist/esm/lucide-react.mjs [Client Component Browser]
    ./.gemini/antigravity/scratch/teacher-tracking/src/components/pages/DailyTasksPage.tsx [Client Component Browser]
    ./.gemini/antigravity/scratch/teacher-tracking/src/components/AppShell.tsx [Client Component Browser]
    ./.gemini/antigravity/scratch/teacher-tracking/src/app/page.tsx [Client Component Browser]
    ./.gemini/antigravity/scratch/teacher-tracking/src/app/page.tsx [Server Component]

  Client Component SSR:
    ./.gemini/antigravity/scratch/teacher-tracking/node_modules/lucide-react/dist/esm/lucide-react.mjs [Client Component SSR]
    ./.gemini/antigravity/scratch/teacher-tracking/src/components/pages/DailyTasksPage.tsx [Client Component SSR]
    ./.gemini/antigravity/scratch/teacher-tracking/src/components/AppShell.tsx [Client Component SSR]
    ./.gemini/antigravity/scratch/teacher-tracking/src/app/page.tsx [Client Component SSR]
    ./.gemini/antigravity/scratch/teacher-tracking/src/app/page.tsx [Server Component]

https://nextjs.org/docs/messages/module-not-found


./.gemini/antigravity/scratch/teacher-tracking/node_modules/lucide-react/dist/esm/lucide-react.mjs:1463:1
Module not found: Can't resolve './icons/sport-shoe.mjs'
  [90m1461 |[0m ...[33mSplit[0m, [36mdefault[0m [36mas[0m [33mSplit[0m, [36mdefault[0m [36mas[0m [33mSplitIcon[0m } [36mfrom[0m [32m'./icons/spl...[0m
  [90m1462 |[0m ...[33mSpool[0m, [36mdefault[0m [36mas[0m [33mSpool[0m, [36mdefault[0m [36mas[0m [33mSpoolIcon[0m } [36mfrom[0m [32m'./icons/spo...[0m
[31m[1m>[0m [90m1463 |[0m ...[33mSportShoe[0m, [36mdefault[0m [36mas[0m [33mSportShoe[0m, [36mdefault[0m [36mas[0m [33mSportShoeIcon[0m } [36mfrom[0m [32m...[0m
  [90m     |[0m    [31m[1m^^^^^^^^^^^^^^^^^^^^^^^^^^^^^^^^^^^^^^^^^^^^^^^^^^^^^^^^^^^^^^^^^^^^[0m
  [90m1464 |[0m ...[33mSpotlight[0m, [36mdefault[0m [36mas[0m [33mSpotlight[0m, [36mdefault[0m [36mas[0m [33mSpotlightIcon[0m } [36mfrom[0m [32m...[0m
  [90m1465 |[0m ...[33mSprayCan[0m, [36mdefault[0m [36mas[0m [33mSprayCan[0m, [36mdefault[0m [36mas[0m [33mSprayCanIcon[0m } [36mfrom[0m [32m'./...[0m
  [90m1466 |[0m ...[33mSprout[0m, [36mdefault[0m [36mas[0m [33mSprout[0m, [36mdefault[0m [36mas[0m [33mSproutIcon[0m } [36mfrom[0m [32m'./icons/...[0m



Import traces:
  Client Component Browser:
    ./.gemini/antigravity/scratch/teacher-tracking/node_modules/lucide-react/dist/esm/lucide-react.mjs [Client Component Browser]
    ./.gemini/antigravity/scratch/teacher-tracking/src/components/pages/DailyTasksPage.tsx [Client Component Browser]
    ./.gemini/antigravity/scratch/teacher-tracking/src/components/AppShell.tsx [Client Component Browser]
    ./.gemini/antigravity/scratch/teacher-tracking/src/app/page.tsx [Client Component Browser]
    ./.gemini/antigravity/scratch/teacher-tracking/src/app/page.tsx [Server Component]

  Client Component SSR:
    ./.gemini/antigravity/scratch/teacher-tracking/node_modules/lucide-react/dist/esm/lucide-react.mjs [Client Component SSR]
    ./.gemini/antigravity/scratch/teacher-tracking/src/components/pages/DailyTasksPage.tsx [Client Component SSR]
    ./.gemini/antigravity/scratch/teacher-tracking/src/components/AppShell.tsx [Client Component SSR]
    ./.gemini/antigravity/scratch/teacher-tracking/src/app/page.tsx [Client Component SSR]
    ./.gemini/antigravity/scratch/teacher-tracking/src/app/page.tsx [Server Component]

https://nextjs.org/docs/messages/module-not-found


./.gemini/antigravity/scratch/teacher-tracking/node_modules/lucide-react/dist/esm/lucide-react.mjs:1464:1
Module not found: Can't resolve './icons/spotlight.mjs'
  [90m1462 |[0m ...[33meSpool[0m, [36mdefault[0m [36mas[0m [33mSpool[0m, [36mdefault[0m [36mas[0m [33mSpoolIcon[0m } [36mfrom[0m [32m'./icons/sp...[0m
  [90m1463 |[0m ...[33meSportShoe[0m, [36mdefault[0m [36mas[0m [33mSportShoe[0m, [36mdefault[0m [36mas[0m [33mSportShoeIcon[0m } [36mfrom[0m.[32m..[0m
[31m[1m>[0m [90m1464 |[0m ...[33meSpotlight[0m, [36mdefault[0m [36mas[0m [33mSpotlight[0m, [36mdefault[0m [36mas[0m [33mSpotlightIcon[0m } [36mfrom[0m.[32m..[0m
  [90m     |[0m    [31m[1m^^^^^^^^^^^^^^^^^^^^^^^^^^^^^^^^^^^^^^^^^^^^^^^^^^^^^^^^^^^^^^^^^^^^[0m
  [90m1465 |[0m ...[33meSprayCan[0m, [36mdefault[0m [36mas[0m [33mSprayCan[0m, [36mdefault[0m [36mas[0m [33mSprayCanIcon[0m } [36mfrom[0m [32m'....[0m
  [90m1466 |[0m ...[33meSprout[0m, [36mdefault[0m [36mas[0m [33mSprout[0m, [36mdefault[0m [36mas[0m [33mSproutIcon[0m } [36mfrom[0m [32m'./icons...[0m
  [90m1467 |[0m ...[33meSquareArrowRightEnter[0m, [36mdefault[0m [36mas[0m [33mSquareArrowRightEnter[0m, [36mdefault[0m.[36m..[0m



Import traces:
  Client Component Browser:
    ./.gemini/antigravity/scratch/teacher-tracking/node_modules/lucide-react/dist/esm/lucide-react.mjs [Client Component Browser]
    ./.gemini/antigravity/scratch/teacher-tracking/src/components/pages/DailyTasksPage.tsx [Client Component Browser]
    ./.gemini/antigravity/scratch/teacher-tracking/src/components/AppShell.tsx [Client Component Browser]
    ./.gemini/antigravity/scratch/teacher-tracking/src/app/page.tsx [Client Component Browser]
    ./.gemini/antigravity/scratch/teacher-tracking/src/app/page.tsx [Server Component]

  Client Component SSR:
    ./.gemini/antigravity/scratch/teacher-tracking/node_modules/lucide-react/dist/esm/lucide-react.mjs [Client Component SSR]
    ./.gemini/antigravity/scratch/teacher-tracking/src/components/pages/DailyTasksPage.tsx [Client Component SSR]
    ./.gemini/antigravity/scratch/teacher-tracking/src/components/AppShell.tsx [Client Component SSR]
    ./.gemini/antigravity/scratch/teacher-tracking/src/app/page.tsx [Client Component SSR]
    ./.gemini/antigravity/scratch/teacher-tracking/src/app/page.tsx [Server Component]

https://nextjs.org/docs/messages/module-not-found


./.gemini/antigravity/scratch/teacher-tracking/node_modules/lucide-react/dist/esm/lucide-react.mjs:1465:1
Module not found: Can't resolve './icons/spray-can.mjs'
  [90m1463 |[0m ...[33mdeSportShoe[0m, [36mdefault[0m [36mas[0m [33mSportShoe[0m, [36mdefault[0m [36mas[0m [33mSportShoeIcon[0m } [36mfro.[0m.[32m.[0m
  [90m1464 |[0m ...[33mdeSpotlight[0m, [36mdefault[0m [36mas[0m [33mSpotlight[0m, [36mdefault[0m [36mas[0m [33mSpotlightIcon[0m } [36mfro.[0m.[32m.[0m
[31m[1m>[0m [90m1465 |[0m ...[33mdeSprayCan[0m, [36mdefault[0m [36mas[0m [33mSprayCan[0m, [36mdefault[0m [36mas[0m [33mSprayCanIcon[0m } [36mfrom[0m [32m'...[0m
  [90m     |[0m    [31m[1m^^^^^^^^^^^^^^^^^^^^^^^^^^^^^^^^^^^^^^^^^^^^^^^^^^^^^^^^^^^^^^^^^^^^[0m
  [90m1466 |[0m ...[33mdeSprout[0m, [36mdefault[0m [36mas[0m [33mSprout[0m, [36mdefault[0m [36mas[0m [33mSproutIcon[0m } [36mfrom[0m [32m'./icon...[0m
  [90m1467 |[0m ...[33mdeSquareArrowRightEnter[0m, [36mdefault[0m [36mas[0m [33mSquareArrowRightEnter[0m, [36mdefaul.[0m.[36m.[0m
  [90m1468 |[0m ...[33mdeSquareArrowRightExit[0m, [36mdefault[0m [36mas[0m [33mSquareArrowRightExit[0m, [36mdefault[0m [36m..[0m.



Import traces:
  Client Component Browser:
    ./.gemini/antigravity/scratch/teacher-tracking/node_modules/lucide-react/dist/esm/lucide-react.mjs [Client Component Browser]
    ./.gemini/antigravity/scratch/teacher-tracking/src/components/pages/DailyTasksPage.tsx [Client Component Browser]
    ./.gemini/antigravity/scratch/teacher-tracking/src/components/AppShell.tsx [Client Component Browser]
    ./.gemini/antigravity/scratch/teacher-tracking/src/app/page.tsx [Client Component Browser]
    ./.gemini/antigravity/scratch/teacher-tracking/src/app/page.tsx [Server Component]

  Client Component SSR:
    ./.gemini/antigravity/scratch/teacher-tracking/node_modules/lucide-react/dist/esm/lucide-react.mjs [Client Component SSR]
    ./.gemini/antigravity/scratch/teacher-tracking/src/components/pages/DailyTasksPage.tsx [Client Component SSR]
    ./.gemini/antigravity/scratch/teacher-tracking/src/components/AppShell.tsx [Client Component SSR]
    ./.gemini/antigravity/scratch/teacher-tracking/src/app/page.tsx [Client Component SSR]
    ./.gemini/antigravity/scratch/teacher-tracking/src/app/page.tsx [Server Component]

https://nextjs.org/docs/messages/module-not-found


./.gemini/antigravity/scratch/teacher-tracking/node_modules/lucide-react/dist/esm/lucide-react.mjs:1466:1
Module not found: Can't resolve './icons/sprout.mjs'
  [90m1464 |[0m ... [33mLucideSpotlight[0m, [36mdefault[0m [36mas[0m [33mSpotlight[0m, [36mdefault[0m [36mas[0m [33mSpotlightIcon[0m ..[36m.[0m
  [90m1465 |[0m ... [33mLucideSprayCan[0m, [36mdefault[0m [36mas[0m [33mSprayCan[0m, [36mdefault[0m [36mas[0m [33mSprayCanIcon[0m } [36mf...[0m
[31m[1m>[0m [90m1466 |[0m ... [33mLucideSprout[0m, [36mdefault[0m [36mas[0m [33mSprout[0m, [36mdefault[0m [36mas[0m [33mSproutIcon[0m } [36mfrom[0m [32m'....[0m
  [90m     |[0m    [31m[1m^^^^^^^^^^^^^^^^^^^^^^^^^^^^^^^^^^^^^^^^^^^^^^^^^^^^^^^^^^^^^^^^^^^^[0m
  [90m1467 |[0m ... [33mLucideSquareArrowRightEnter[0m, [36mdefault[0m [36mas[0m [33mSquareArrowRightEnter[0m, [36md...[0m
  [90m1468 |[0m ... [33mLucideSquareArrowRightExit[0m, [36mdefault[0m [36mas[0m [33mSquareArrowRightExit[0m, [36mdef...[0m
  [90m1469 |[0m ... [33mLucideSquareDashedBottomCode[0m, [36mdefault[0m [36mas[0m [33mSquareDashedBottomCode[0m,...



Import traces:
  Client Component Browser:
    ./.gemini/antigravity/scratch/teacher-tracking/node_modules/lucide-react/dist/esm/lucide-react.mjs [Client Component Browser]
    ./.gemini/antigravity/scratch/teacher-tracking/src/components/pages/DailyTasksPage.tsx [Client Component Browser]
    ./.gemini/antigravity/scratch/teacher-tracking/src/components/AppShell.tsx [Client Component Browser]
    ./.gemini/antigravity/scratch/teacher-tracking/src/app/page.tsx [Client Component Browser]
    ./.gemini/antigravity/scratch/teacher-tracking/src/app/page.tsx [Server Component]

  Client Component SSR:
    ./.gemini/antigravity/scratch/teacher-tracking/node_modules/lucide-react/dist/esm/lucide-react.mjs [Client Component SSR]
    ./.gemini/antigravity/scratch/teacher-tracking/src/components/pages/DailyTasksPage.tsx [Client Component SSR]
    ./.gemini/antigravity/scratch/teacher-tracking/src/components/AppShell.tsx [Client Component SSR]
    ./.gemini/antigravity/scratch/teacher-tracking/src/app/page.tsx [Client Component SSR]
    ./.gemini/antigravity/scratch/teacher-tracking/src/app/page.tsx [Server Component]

https://nextjs.org/docs/messages/module-not-found


./.gemini/antigravity/scratch/teacher-tracking/node_modules/lucide-react/dist/esm/lucide-react.mjs:164:1
Module not found: Can't resolve './icons/square-activity.mjs'
  [90m162 |[0m ...[33mSliders[0m, [36mdefault[0m [36mas[0m [33mSlidersIcon[0m, [36mdefault[0m [36mas[0m [33mSlidersVertical[0m, [36mdefau..[0m.
  [90m163 |[0m ... [36mdefault[0m [36mas[0m [33mSparklesIcon[0m, [36mdefault[0m [36mas[0m [33mStars[0m, [36mdefault[0m [36mas[0m [33mStarsIcon[0m }.[36m..[0m
[31m[1m>[0m [90m164 |[0m ...[33mcideActivitySquare[0m, [36mdefault[0m [36mas[0m [33mLucideSquareActivity[0m, [36mdefault[0m [36mas[0m [33mSq...[0m
  [90m    |[0m    [31m[1m^^^^^^^^^^^^^^^^^^^^^^^^^^^^^^^^^^^^^^^^^^^^^^^^^^^^^^^^^^^^^^^^^^^^^[0m
  [90m165 |[0m ...[36mault[0m [36mas[0m [33mLucideArrowDownLeftSquare[0m, [36mdefault[0m [36mas[0m [33mLucideSquareArrowDow...[0m
  [90m166 |[0m ...[36mefault[0m [36mas[0m [33mLucideArrowDownRightSquare[0m, [36mdefault[0m [36mas[0m [33mLucideSquareArrow...[0m
  [90m167 |[0m ...[33mLucideArrowDownSquare[0m, [36mdefault[0m [36mas[0m [33mLucideSquareArrowDown[0m, [36mdefault[0m [36ma.[0m.[33m.[0m



Import traces:
  Client Component Browser:
    ./.gemini/antigravity/scratch/teacher-tracking/node_modules/lucide-react/dist/esm/lucide-react.mjs [Client Component Browser]
    ./.gemini/antigravity/scratch/teacher-tracking/src/components/pages/DailyTasksPage.tsx [Client Component Browser]
    ./.gemini/antigravity/scratch/teacher-tracking/src/components/AppShell.tsx [Client Component Browser]
    ./.gemini/antigravity/scratch/teacher-tracking/src/app/page.tsx [Client Component Browser]
    ./.gemini/antigravity/scratch/teacher-tracking/src/app/page.tsx [Server Component]

  Client Component SSR:
    ./.gemini/antigravity/scratch/teacher-tracking/node_modules/lucide-react/dist/esm/lucide-react.mjs [Client Component SSR]
    ./.gemini/antigravity/scratch/teacher-tracking/src/components/pages/DailyTasksPage.tsx [Client Component SSR]
    ./.gemini/antigravity/scratch/teacher-tracking/src/components/AppShell.tsx [Client Component SSR]
    ./.gemini/antigravity/scratch/teacher-tracking/src/app/page.tsx [Client Component SSR]
    ./.gemini/antigravity/scratch/teacher-tracking/src/app/page.tsx [Server Component]

https://nextjs.org/docs/messages/module-not-found


./.gemini/antigravity/scratch/teacher-tracking/node_modules/lucide-react/dist/esm/lucide-react.mjs:165:1
Module not found: Can't resolve './icons/square-arrow-down-left.mjs'
  [90m163 |[0m ...[33msIcon[0m, [36mdefault[0m [36mas[0m [33mStars[0m, [36mdefault[0m [36mas[0m [33mStarsIcon[0m } [36mfrom[0m [32m'./icons/spar...[0m
  [90m164 |[0m ... [36mdefault[0m [36mas[0m [33mLucideSquareActivity[0m, [36mdefault[0m [36mas[0m [33mSquareActivity[0m, [36mdefau..[0m.
[31m[1m>[0m [90m165 |[0m ...[33mDownLeftSquare[0m, [36mdefault[0m [36mas[0m [33mLucideSquareArrowDownLeft[0m, [36mdefault[0m [36mas[0m [33mS...[0m
  [90m    |[0m    [31m[1m^^^^^^^^^^^^^^^^^^^^^^^^^^^^^^^^^^^^^^^^^^^^^^^^^^^^^^^^^^^^^^^^^^^^^[0m
  [90m166 |[0m ...[33mowDownRightSquare[0m, [36mdefault[0m [36mas[0m [33mLucideSquareArrowDownRight[0m, [36mdefault[0m [36m..[0m.
  [90m167 |[0m ...[33mre[0m, [36mdefault[0m [36mas[0m [33mLucideSquareArrowDown[0m, [36mdefault[0m [36mas[0m [33mSquareArrowDown[0m, [36m...[0m
  [90m168 |[0m ...[33mre[0m, [36mdefault[0m [36mas[0m [33mLucideSquareArrowLeft[0m, [36mdefault[0m [36mas[0m [33mSquareArrowLeft[0m, ...



Import traces:
  Client Component Browser:
    ./.gemini/antigravity/scratch/teacher-tracking/node_modules/lucide-react/dist/esm/lucide-react.mjs [Client Component Browser]
    ./.gemini/antigravity/scratch/teacher-tracking/src/components/pages/DailyTasksPage.tsx [Client Component Browser]
    ./.gemini/antigravity/scratch/teacher-tracking/src/components/AppShell.tsx [Client Component Browser]
    ./.gemini/antigravity/scratch/teacher-tracking/src/app/page.tsx [Client Component Browser]
    ./.gemini/antigravity/scratch/teacher-tracking/src/app/page.tsx [Server Component]

  Client Component SSR:
    ./.gemini/antigravity/scratch/teacher-tracking/node_modules/lucide-react/dist/esm/lucide-react.mjs [Client Component SSR]
    ./.gemini/antigravity/scratch/teacher-tracking/src/components/pages/DailyTasksPage.tsx [Client Component SSR]
    ./.gemini/antigravity/scratch/teacher-tracking/src/components/AppShell.tsx [Client Component SSR]
    ./.gemini/antigravity/scratch/teacher-tracking/src/app/page.tsx [Client Component SSR]
    ./.gemini/antigravity/scratch/teacher-tracking/src/app/page.tsx [Server Component]

https://nextjs.org/docs/messages/module-not-found


./.gemini/antigravity/scratch/teacher-tracking/node_modules/lucide-react/dist/esm/lucide-react.mjs:166:1
Module not found: Can't resolve './icons/square-arrow-down-right.mjs'
  [90m164 |[0m ...[36mfault[0m [36mas[0m [33mLucideSquareActivity[0m, [36mdefault[0m [36mas[0m [33mSquareActivity[0m, [36mdefault[0m [36m..[0m.
  [90m165 |[0m ...[33mnLeftSquare[0m, [36mdefault[0m [36mas[0m [33mLucideSquareArrowDownLeft[0m, [36mdefault[0m [36mas[0m [33mSqua...[0m
[31m[1m>[0m [90m166 |[0m ...[33mownRightSquare[0m, [36mdefault[0m [36mas[0m [33mLucideSquareArrowDownRight[0m, [36mdefault[0m [36mas[0m [33m...[0m
  [90m    |[0m    [31m[1m^^^^^^^^^^^^^^^^^^^^^^^^^^^^^^^^^^^^^^^^^^^^^^^^^^^^^^^^^^^^^^^^^^^^^[0m
  [90m167 |[0m ... [36mdefault[0m [36mas[0m [33mLucideSquareArrowDown[0m, [36mdefault[0m [36mas[0m [33mSquareArrowDown[0m, [36mdef...[0m
  [90m168 |[0m ... [36mdefault[0m [36mas[0m [33mLucideSquareArrowLeft[0m, [36mdefault[0m [36mas[0m [33mSquareArrowLeft[0m, [36mdef...[0m
  [90m169 |[0m ...[33mArrowDownLeftFromSquare[0m, [36mdefault[0m [36mas[0m [33mLucideSquareArrowOutDownLeft[0m, ...



Import traces:
  Client Component Browser:
    ./.gemini/antigravity/scratch/teacher-tracking/node_modules/lucide-react/dist/esm/lucide-react.mjs [Client Component Browser]
    ./.gemini/antigravity/scratch/teacher-tracking/src/components/pages/DailyTasksPage.tsx [Client Component Browser]
    ./.gemini/antigravity/scratch/teacher-tracking/src/components/AppShell.tsx [Client Component Browser]
    ./.gemini/antigravity/scratch/teacher-tracking/src/app/page.tsx [Client Component Browser]
    ./.gemini/antigravity/scratch/teacher-tracking/src/app/page.tsx [Server Component]

  Client Component SSR:
    ./.gemini/antigravity/scratch/teacher-tracking/node_modules/lucide-react/dist/esm/lucide-react.mjs [Client Component SSR]
    ./.gemini/antigravity/scratch/teacher-tracking/src/components/pages/DailyTasksPage.tsx [Client Component SSR]
    ./.gemini/antigravity/scratch/teacher-tracking/src/components/AppShell.tsx [Client Component SSR]
    ./.gemini/antigravity/scratch/teacher-tracking/src/app/page.tsx [Client Component SSR]
    ./.gemini/antigravity/scratch/teacher-tracking/src/app/page.tsx [Server Component]

https://nextjs.org/docs/messages/module-not-found


./.gemini/antigravity/scratch/teacher-tracking/node_modules/lucide-react/dist/esm/lucide-react.mjs:167:1
Module not found: Can't resolve './icons/square-arrow-down.mjs'
  [90m165 |[0m ... [36mas[0m [33mLucideArrowDownLeftSquare[0m, [36mdefault[0m [36mas[0m [33mLucideSquareArrowDownLef.[0m..
  [90m166 |[0m ...[36mlt[0m [36mas[0m [33mLucideArrowDownRightSquare[0m, [36mdefault[0m [36mas[0m [33mLucideSquareArrowDown...[0m
[31m[1m>[0m [90m167 |[0m ...[33mdeArrowDownSquare[0m, [36mdefault[0m [36mas[0m [33mLucideSquareArrowDown[0m, [36mdefault[0m [36mas[0m [33mSq...[0m
  [90m    |[0m    [31m[1m^^^^^^^^^^^^^^^^^^^^^^^^^^^^^^^^^^^^^^^^^^^^^^^^^^^^^^^^^^^^^^^^^^^^^[0m
  [90m168 |[0m ...[33mdeArrowLeftSquare[0m, [36mdefault[0m [36mas[0m [33mLucideSquareArrowLeft[0m, [36mdefault[0m [36mas[0m [33mSq...[0m
  [90m169 |[0m ... [36mdefault[0m [36mas[0m [33mLucideArrowDownLeftFromSquare[0m, [36mdefault[0m [36mas[0m [33mLucideSquare...[0m
  [90m170 |[0m ...[33mn[0m, [36mdefault[0m [36mas[0m [33mLucideArrowDownRightFromSquare[0m, [36mdefault[0m [36mas[0m [33mLucideSqu...[0m



Import traces:
  Client Component Browser:
    ./.gemini/antigravity/scratch/teacher-tracking/node_modules/lucide-react/dist/esm/lucide-react.mjs [Client Component Browser]
    ./.gemini/antigravity/scratch/teacher-tracking/src/components/pages/DailyTasksPage.tsx [Client Component Browser]
    ./.gemini/antigravity/scratch/teacher-tracking/src/components/AppShell.tsx [Client Component Browser]
    ./.gemini/antigravity/scratch/teacher-tracking/src/app/page.tsx [Client Component Browser]
    ./.gemini/antigravity/scratch/teacher-tracking/src/app/page.tsx [Server Component]

  Client Component SSR:
    ./.gemini/antigravity/scratch/teacher-tracking/node_modules/lucide-react/dist/esm/lucide-react.mjs [Client Component SSR]
    ./.gemini/antigravity/scratch/teacher-tracking/src/components/pages/DailyTasksPage.tsx [Client Component SSR]
    ./.gemini/antigravity/scratch/teacher-tracking/src/components/AppShell.tsx [Client Component SSR]
    ./.gemini/antigravity/scratch/teacher-tracking/src/app/page.tsx [Client Component SSR]
    ./.gemini/antigravity/scratch/teacher-tracking/src/app/page.tsx [Server Component]

https://nextjs.org/docs/messages/module-not-found


./.gemini/antigravity/scratch/teacher-tracking/node_modules/lucide-react/dist/esm/lucide-react.mjs:168:1
Module not found: Can't resolve './icons/square-arrow-left.mjs'
  [90m166 |[0m ...[36mlt[0m [36mas[0m [33mLucideArrowDownRightSquare[0m, [36mdefault[0m [36mas[0m [33mLucideSquareArrowDown...[0m
  [90m167 |[0m ...[33mdeArrowDownSquare[0m, [36mdefault[0m [36mas[0m [33mLucideSquareArrowDown[0m, [36mdefault[0m [36mas[0m [33mSq...[0m
[31m[1m>[0m [90m168 |[0m ...[33mdeArrowLeftSquare[0m, [36mdefault[0m [36mas[0m [33mLucideSquareArrowLeft[0m, [36mdefault[0m [36mas[0m [33mSq...[0m
  [90m    |[0m    [31m[1m^^^^^^^^^^^^^^^^^^^^^^^^^^^^^^^^^^^^^^^^^^^^^^^^^^^^^^^^^^^^^^^^^^^^^[0m
  [90m169 |[0m ... [36mdefault[0m [36mas[0m [33mLucideArrowDownLeftFromSquare[0m, [36mdefault[0m [36mas[0m [33mLucideSquare...[0m
  [90m170 |[0m ...[33mn[0m, [36mdefault[0m [36mas[0m [33mLucideArrowDownRightFromSquare[0m, [36mdefault[0m [36mas[0m [33mLucideSqu...[0m
  [90m171 |[0m ...[36mault[0m [36mas[0m [33mLucideArrowUpLeftFromSquare[0m, [36mdefault[0m [36mas[0m [33mLucideSquareArrowO...[0m



Import traces:
  Client Component Browser:
    ./.gemini/antigravity/scratch/teacher-tracking/node_modules/lucide-react/dist/esm/lucide-react.mjs [Client Component Browser]
    ./.gemini/antigravity/scratch/teacher-tracking/src/components/pages/DailyTasksPage.tsx [Client Component Browser]
    ./.gemini/antigravity/scratch/teacher-tracking/src/components/AppShell.tsx [Client Component Browser]
    ./.gemini/antigravity/scratch/teacher-tracking/src/app/page.tsx [Client Component Browser]
    ./.gemini/antigravity/scratch/teacher-tracking/src/app/page.tsx [Server Component]

  Client Component SSR:
    ./.gemini/antigravity/scratch/teacher-tracking/node_modules/lucide-react/dist/esm/lucide-react.mjs [Client Component SSR]
    ./.gemini/antigravity/scratch/teacher-tracking/src/components/pages/DailyTasksPage.tsx [Client Component SSR]
    ./.gemini/antigravity/scratch/teacher-tracking/src/components/AppShell.tsx [Client Component SSR]
    ./.gemini/antigravity/scratch/teacher-tracking/src/app/page.tsx [Client Component SSR]
    ./.gemini/antigravity/scratch/teacher-tracking/src/app/page.tsx [Server Component]

https://nextjs.org/docs/messages/module-not-found


./.gemini/antigravity/scratch/teacher-tracking/node_modules/lucide-react/dist/esm/lucide-react.mjs:169:1
Module not found: Can't resolve './icons/square-arrow-out-down-left.mjs'
  [90m167 |[0m ...[36mas[0m [33mLucideSquareArrowDown[0m, [36mdefault[0m [36mas[0m [33mSquareArrowDown[0m, [36mdefault[0m [36mas[0m [33mS...[0m
  [90m168 |[0m ...[36mas[0m [33mLucideSquareArrowLeft[0m, [36mdefault[0m [36mas[0m [33mSquareArrowLeft[0m, [36mdefault[0m [36mas[0m [33mS...[0m
[31m[1m>[0m [90m169 |[0m ...[33mLeftFromSquare[0m, [36mdefault[0m [36mas[0m [33mLucideSquareArrowOutDownLeft[0m, [36mdefault[0m [36ma.[0m.[33m.[0m
  [90m    |[0m    [31m[1m^^^^^^^^^^^^^^^^^^^^^^^^^^^^^^^^^^^^^^^^^^^^^^^^^^^^^^^^^^^^^^^^^^^^^[0m
  [90m170 |[0m ...[33mwnRightFromSquare[0m, [36mdefault[0m [36mas[0m [33mLucideSquareArrowOutDownRight[0m, [36mdefau..[0m.
  [90m171 |[0m ...[33momSquare[0m, [36mdefault[0m [36mas[0m [33mLucideSquareArrowOutUpLeft[0m, [36mdefault[0m [36mas[0m [33mSquare...[0m
  [90m172 |[0m ...[33mtFromSquare[0m, [36mdefault[0m [36mas[0m [33mLucideSquareArrowOutUpRight[0m, [36mdefault[0m [36mas[0m [33mSq...[0m



Import traces:
  Client Component Browser:
    ./.gemini/antigravity/scratch/teacher-tracking/node_modules/lucide-react/dist/esm/lucide-react.mjs [Client Component Browser]
    ./.gemini/antigravity/scratch/teacher-tracking/src/components/pages/DailyTasksPage.tsx [Client Component Browser]
    ./.gemini/antigravity/scratch/teacher-tracking/src/components/AppShell.tsx [Client Component Browser]
    ./.gemini/antigravity/scratch/teacher-tracking/src/app/page.tsx [Client Component Browser]
    ./.gemini/antigravity/scratch/teacher-tracking/src/app/page.tsx [Server Component]

  Client Component SSR:
    ./.gemini/antigravity/scratch/teacher-tracking/node_modules/lucide-react/dist/esm/lucide-react.mjs [Client Component SSR]
    ./.gemini/antigravity/scratch/teacher-tracking/src/components/pages/DailyTasksPage.tsx [Client Component SSR]
    ./.gemini/antigravity/scratch/teacher-tracking/src/components/AppShell.tsx [Client Component SSR]
    ./.gemini/antigravity/scratch/teacher-tracking/src/app/page.tsx [Client Component SSR]
    ./.gemini/antigravity/scratch/teacher-tracking/src/app/page.tsx [Server Component]

https://nextjs.org/docs/messages/module-not-found


./.gemini/antigravity/scratch/teacher-tracking/node_modules/lucide-react/dist/esm/lucide-react.mjs:170:1
Module not found: Can't resolve './icons/square-arrow-out-down-right.mjs'
  [90m168 |[0m ...[33mucideSquareArrowLeft[0m, [36mdefault[0m [36mas[0m [33mSquareArrowLeft[0m, [36mdefault[0m [36mas[0m [33mSquar...[0m
  [90m169 |[0m ...[33mFromSquare[0m, [36mdefault[0m [36mas[0m [33mLucideSquareArrowOutDownLeft[0m, [36mdefault[0m [36mas[0m [33mSq...[0m
[31m[1m>[0m [90m170 |[0m ...[33mghtFromSquare[0m, [36mdefault[0m [36mas[0m [33mLucideSquareArrowOutDownRight[0m, [36mdefault[0m [36ma.[0m.[33m.[0m
  [90m    |[0m    [31m[1m^^^^^^^^^^^^^^^^^^^^^^^^^^^^^^^^^^^^^^^^^^^^^^^^^^^^^^^^^^^^^^^^^^^^^[0m
  [90m171 |[0m ...[33muare[0m, [36mdefault[0m [36mas[0m [33mLucideSquareArrowOutUpLeft[0m, [36mdefault[0m [36mas[0m [33mSquareArro...[0m
  [90m172 |[0m ...[33mmSquare[0m, [36mdefault[0m [36mas[0m [33mLucideSquareArrowOutUpRight[0m, [36mdefault[0m [36mas[0m [33mSquare...[0m
  [90m173 |[0m ...[36ms[0m [33mLucideSquareArrowRight[0m, [36mdefault[0m [36mas[0m [33mSquareArrowRight[0m, [36mdefault[0m [36mas[0m [33m...[0m



Import traces:
  Client Component Browser:
    ./.gemini/antigravity/scratch/teacher-tracking/node_modules/lucide-react/dist/esm/lucide-react.mjs [Client Component Browser]
    ./.gemini/antigravity/scratch/teacher-tracking/src/components/pages/DailyTasksPage.tsx [Client Component Browser]
    ./.gemini/antigravity/scratch/teacher-tracking/src/components/AppShell.tsx [Client Component Browser]
    ./.gemini/antigravity/scratch/teacher-tracking/src/app/page.tsx [Client Component Browser]
    ./.gemini/antigravity/scratch/teacher-tracking/src/app/page.tsx [Server Component]

  Client Component SSR:
    ./.gemini/antigravity/scratch/teacher-tracking/node_modules/lucide-react/dist/esm/lucide-react.mjs [Client Component SSR]
    ./.gemini/antigravity/scratch/teacher-tracking/src/components/pages/DailyTasksPage.tsx [Client Component SSR]
    ./.gemini/antigravity/scratch/teacher-tracking/src/components/AppShell.tsx [Client Component SSR]
    ./.gemini/antigravity/scratch/teacher-tracking/src/app/page.tsx [Client Component SSR]
    ./.gemini/antigravity/scratch/teacher-tracking/src/app/page.tsx [Server Component]

https://nextjs.org/docs/messages/module-not-found


./.gemini/antigravity/scratch/teacher-tracking/node_modules/lucide-react/dist/esm/lucide-react.mjs:171:1
Module not found: Can't resolve './icons/square-arrow-out-up-left.mjs'
  [90m169 |[0m ...[33mrowDownLeftFromSquare[0m, [36mdefault[0m [36mas[0m [33mLucideSquareArrowOutDownLeft[0m, [36mde...[0m
  [90m170 |[0m ...[33mArrowDownRightFromSquare[0m, [36mdefault[0m [36mas[0m [33mLucideSquareArrowOutDownRight[0m..[36m.[0m
[31m[1m>[0m [90m171 |[0m ...[33mpLeftFromSquare[0m, [36mdefault[0m [36mas[0m [33mLucideSquareArrowOutUpLeft[0m, [36mdefault[0m [36mas[0m.[33m..[0m
  [90m    |[0m    [31m[1m^^^^^^^^^^^^^^^^^^^^^^^^^^^^^^^^^^^^^^^^^^^^^^^^^^^^^^^^^^^^^^^^^^^^^[0m
  [90m172 |[0m ...[33mwUpRightFromSquare[0m, [36mdefault[0m [36mas[0m [33mLucideSquareArrowOutUpRight[0m, [36mdefaul.[0m.[36m.[0m
  [90m173 |[0m ..., [36mdefault[0m [36mas[0m [33mLucideSquareArrowRight[0m, [36mdefault[0m [36mas[0m [33mSquareArrowRight[0m, [36m...[0m
  [90m174 |[0m ...[33mare[0m, [36mdefault[0m [36mas[0m [33mLucideSquareArrowUpLeft[0m, [36mdefault[0m [36mas[0m [33mSquareArrowUpL...[0m



Import traces:
  Client Component Browser:
    ./.gemini/antigravity/scratch/teacher-tracking/node_modules/lucide-react/dist/esm/lucide-react.mjs [Client Component Browser]
    ./.gemini/antigravity/scratch/teacher-tracking/src/components/pages/DailyTasksPage.tsx [Client Component Browser]
    ./.gemini/antigravity/scratch/teacher-tracking/src/components/AppShell.tsx [Client Component Browser]
    ./.gemini/antigravity/scratch/teacher-tracking/src/app/page.tsx [Client Component Browser]
    ./.gemini/antigravity/scratch/teacher-tracking/src/app/page.tsx [Server Component]

  Client Component SSR:
    ./.gemini/antigravity/scratch/teacher-tracking/node_modules/lucide-react/dist/esm/lucide-react.mjs [Client Component SSR]
    ./.gemini/antigravity/scratch/teacher-tracking/src/components/pages/DailyTasksPage.tsx [Client Component SSR]
    ./.gemini/antigravity/scratch/teacher-tracking/src/components/AppShell.tsx [Client Component SSR]
    ./.gemini/antigravity/scratch/teacher-tracking/src/app/page.tsx [Client Component SSR]
    ./.gemini/antigravity/scratch/teacher-tracking/src/app/page.tsx [Server Component]

https://nextjs.org/docs/messages/module-not-found


./.gemini/antigravity/scratch/teacher-tracking/node_modules/lucide-react/dist/esm/lucide-react.mjs:172:1
Module not found: Can't resolve './icons/square-arrow-out-up-right.mjs'
  [90m170 |[0m ...[33mwDownRightFromSquare[0m, [36mdefault[0m [36mas[0m [33mLucideSquareArrowOutDownRight[0m, [36mde...[0m
  [90m171 |[0m ...[33mtFromSquare[0m, [36mdefault[0m [36mas[0m [33mLucideSquareArrowOutUpLeft[0m, [36mdefault[0m [36mas[0m [33mSqu...[0m
[31m[1m>[0m [90m172 |[0m ...[33mightFromSquare[0m, [36mdefault[0m [36mas[0m [33mLucideSquareArrowOutUpRight[0m, [36mdefault[0m [36mas[0m.[33m..[0m
  [90m    |[0m    [31m[1m^^^^^^^^^^^^^^^^^^^^^^^^^^^^^^^^^^^^^^^^^^^^^^^^^^^^^^^^^^^^^^^^^^^^^[0m
  [90m173 |[0m ...[36mfault[0m [36mas[0m [33mLucideSquareArrowRight[0m, [36mdefault[0m [36mas[0m [33mSquareArrowRight[0m, [36mdefa...[0m
  [90m174 |[0m ... [36mdefault[0m [36mas[0m [33mLucideSquareArrowUpLeft[0m, [36mdefault[0m [36mas[0m [33mSquareArrowUpLeft[0m,.[36m..[0m
  [90m175 |[0m ...[33mre[0m, [36mdefault[0m [36mas[0m [33mLucideSquareArrowUpRight[0m, [36mdefault[0m [36mas[0m [33mSquareArrowUpR...[0m



Import traces:
  Client Component Browser:
    ./.gemini/antigravity/scratch/teacher-tracking/node_modules/lucide-react/dist/esm/lucide-react.mjs [Client Component Browser]
    ./.gemini/antigravity/scratch/teacher-tracking/src/components/pages/DailyTasksPage.tsx [Client Component Browser]
    ./.gemini/antigravity/scratch/teacher-tracking/src/components/AppShell.tsx [Client Component Browser]
    ./.gemini/antigravity/scratch/teacher-tracking/src/app/page.tsx [Client Component Browser]
    ./.gemini/antigravity/scratch/teacher-tracking/src/app/page.tsx [Server Component]

  Client Component SSR:
    ./.gemini/antigravity/scratch/teacher-tracking/node_modules/lucide-react/dist/esm/lucide-react.mjs [Client Component SSR]
    ./.gemini/antigravity/scratch/teacher-tracking/src/components/pages/DailyTasksPage.tsx [Client Component SSR]
    ./.gemini/antigravity/scratch/teacher-tracking/src/components/AppShell.tsx [Client Component SSR]
    ./.gemini/antigravity/scratch/teacher-tracking/src/app/page.tsx [Client Component SSR]
    ./.gemini/antigravity/scratch/teacher-tracking/src/app/page.tsx [Server Component]

https://nextjs.org/docs/messages/module-not-found


./.gemini/antigravity/scratch/teacher-tracking/node_modules/lucide-react/dist/esm/lucide-react.mjs:1467:1
Module not found: Can't resolve './icons/square-arrow-right-enter.mjs'
  [90m1465 |[0m ...[33myCan[0m, [36mdefault[0m [36mas[0m [33mSprayCanIcon[0m } [36mfrom[0m [32m'./icons/spray-can.mjs'[0m;
  [90m1466 |[0m ..., [36mdefault[0m [36mas[0m [33mSproutIcon[0m } [36mfrom[0m [32m'./icons/sprout.mjs'[0m;
[31m[1m>[0m [90m1467 |[0m ...[36mfault[0m [36mas[0m [33mSquareArrowRightEnter[0m, [36mdefault[0m [36mas[0m [33mSquareArrowRightEnterI...[0m
  [90m     |[0m    [31m[1m^^^^^^^^^^^^^^^^^^^^^^^^^^^^^^^^^^^^^^^^^^^^^^^^^^^^^^^^^^^^^^^^^^^^[0m
  [90m1468 |[0m ...[36mault[0m [36mas[0m [33mSquareArrowRightExit[0m, [36mdefault[0m [36mas[0m [33mSquareArrowRightExitIcon[0m...
  [90m1469 |[0m ...[36mefault[0m [36mas[0m [33mSquareDashedBottomCode[0m, [36mdefault[0m [36mas[0m [33mSquareDashedBottomCo...[0m
  [90m1470 |[0m ...[36mlt[0m [36mas[0m [33mSquareDashedBottom[0m, [36mdefault[0m [36mas[0m [33mSquareDashedBottomIcon[0m } [36mfro.[0m.[32m.[0m



Import traces:
  Client Component Browser:
    ./.gemini/antigravity/scratch/teacher-tracking/node_modules/lucide-react/dist/esm/lucide-react.mjs [Client Component Browser]
    ./.gemini/antigravity/scratch/teacher-tracking/src/components/pages/DailyTasksPage.tsx [Client Component Browser]
    ./.gemini/antigravity/scratch/teacher-tracking/src/components/AppShell.tsx [Client Component Browser]
    ./.gemini/antigravity/scratch/teacher-tracking/src/app/page.tsx [Client Component Browser]
    ./.gemini/antigravity/scratch/teacher-tracking/src/app/page.tsx [Server Component]

  Client Component SSR:
    ./.gemini/antigravity/scratch/teacher-tracking/node_modules/lucide-react/dist/esm/lucide-react.mjs [Client Component SSR]
    ./.gemini/antigravity/scratch/teacher-tracking/src/components/pages/DailyTasksPage.tsx [Client Component SSR]
    ./.gemini/antigravity/scratch/teacher-tracking/src/components/AppShell.tsx [Client Component SSR]
    ./.gemini/antigravity/scratch/teacher-tracking/src/app/page.tsx [Client Component SSR]
    ./.gemini/antigravity/scratch/teacher-tracking/src/app/page.tsx [Server Component]

https://nextjs.org/docs/messages/module-not-found


./.gemini/antigravity/scratch/teacher-tracking/node_modules/lucide-react/dist/esm/lucide-react.mjs:1468:1
Module not found: Can't resolve './icons/square-arrow-right-exit.mjs'
  [90m1466 |[0m ...[33mut[0m, [36mdefault[0m [36mas[0m [33mSproutIcon[0m } [36mfrom[0m [32m'./icons/sprout.mjs'[0m;
  [90m1467 |[0m ...[36mdefault[0m [36mas[0m [33mSquareArrowRightEnter[0m, [36mdefault[0m [36mas[0m [33mSquareArrowRightEnte...[0m
[31m[1m>[0m [90m1468 |[0m ...[36mefault[0m [36mas[0m [33mSquareArrowRightExit[0m, [36mdefault[0m [36mas[0m [33mSquareArrowRightExitIc..[0m.
  [90m     |[0m    [31m[1m^^^^^^^^^^^^^^^^^^^^^^^^^^^^^^^^^^^^^^^^^^^^^^^^^^^^^^^^^^^^^^^^^^^^[0m
  [90m1469 |[0m ... [36mdefault[0m [36mas[0m [33mSquareDashedBottomCode[0m, [36mdefault[0m [36mas[0m [33mSquareDashedBottom...[0m
  [90m1470 |[0m ...[36mault[0m [36mas[0m [33mSquareDashedBottom[0m, [36mdefault[0m [36mas[0m [33mSquareDashedBottomIcon[0m } [36mf...[0m
  [90m1471 |[0m ...[36mefault[0m [36mas[0m [33mSquareDashedTopSolid[0m, [36mdefault[0m [36mas[0m [33mSquareDashedTopSolidIc..[0m.



Import traces:
  Client Component Browser:
    ./.gemini/antigravity/scratch/teacher-tracking/node_modules/lucide-react/dist/esm/lucide-react.mjs [Client Component Browser]
    ./.gemini/antigravity/scratch/teacher-tracking/src/components/pages/DailyTasksPage.tsx [Client Component Browser]
    ./.gemini/antigravity/scratch/teacher-tracking/src/components/AppShell.tsx [Client Component Browser]
    ./.gemini/antigravity/scratch/teacher-tracking/src/app/page.tsx [Client Component Browser]
    ./.gemini/antigravity/scratch/teacher-tracking/src/app/page.tsx [Server Component]

  Client Component SSR:
    ./.gemini/antigravity/scratch/teacher-tracking/node_modules/lucide-react/dist/esm/lucide-react.mjs [Client Component SSR]
    ./.gemini/antigravity/scratch/teacher-tracking/src/components/pages/DailyTasksPage.tsx [Client Component SSR]
    ./.gemini/antigravity/scratch/teacher-tracking/src/components/AppShell.tsx [Client Component SSR]
    ./.gemini/antigravity/scratch/teacher-tracking/src/app/page.tsx [Client Component SSR]
    ./.gemini/antigravity/scratch/teacher-tracking/src/app/page.tsx [Server Component]

https://nextjs.org/docs/messages/module-not-found


./.gemini/antigravity/scratch/teacher-tracking/node_modules/lucide-react/dist/esm/lucide-react.mjs:173:1
Module not found: Can't resolve './icons/square-arrow-right.mjs'
  [90m171 |[0m ... [36mas[0m [33mLucideArrowUpLeftFromSquare[0m, [36mdefault[0m [36mas[0m [33mLucideSquareArrowOutUp...[0m
  [90m172 |[0m ...[36mlt[0m [36mas[0m [33mLucideArrowUpRightFromSquare[0m, [36mdefault[0m [36mas[0m [33mLucideSquareArrowOu...[0m
[31m[1m>[0m [90m173 |[0m ...[33mArrowRightSquare[0m, [36mdefault[0m [36mas[0m [33mLucideSquareArrowRight[0m, [36mdefault[0m [36mas[0m [33mSq...[0m
  [90m    |[0m    [31m[1m^^^^^^^^^^^^^^^^^^^^^^^^^^^^^^^^^^^^^^^^^^^^^^^^^^^^^^^^^^^^^^^^^^^^^[0m
  [90m174 |[0m ...[33mdeArrowUpLeftSquare[0m, [36mdefault[0m [36mas[0m [33mLucideSquareArrowUpLeft[0m, [36mdefault[0m [36ma.[0m.[33m.[0m
  [90m175 |[0m ...[33mcideArrowUpRightSquare[0m, [36mdefault[0m [36mas[0m [33mLucideSquareArrowUpRight[0m, [36mdefau..[0m.
  [90m176 |[0m ...[33mpSquare[0m, [36mdefault[0m [36mas[0m [33mLucideSquareArrowUp[0m, [36mdefault[0m [36mas[0m [33mSquareArrowUp[0m,...



Import traces:
  Client Component Browser:
    ./.gemini/antigravity/scratch/teacher-tracking/node_modules/lucide-react/dist/esm/lucide-react.mjs [Client Component Browser]
    ./.gemini/antigravity/scratch/teacher-tracking/src/components/pages/DailyTasksPage.tsx [Client Component Browser]
    ./.gemini/antigravity/scratch/teacher-tracking/src/components/AppShell.tsx [Client Component Browser]
    ./.gemini/antigravity/scratch/teacher-tracking/src/app/page.tsx [Client Component Browser]
    ./.gemini/antigravity/scratch/teacher-tracking/src/app/page.tsx [Server Component]

  Client Component SSR:
    ./.gemini/antigravity/scratch/teacher-tracking/node_modules/lucide-react/dist/esm/lucide-react.mjs [Client Component SSR]
    ./.gemini/antigravity/scratch/teacher-tracking/src/components/pages/DailyTasksPage.tsx [Client Component SSR]
    ./.gemini/antigravity/scratch/teacher-tracking/src/components/AppShell.tsx [Client Component SSR]
    ./.gemini/antigravity/scratch/teacher-tracking/src/app/page.tsx [Client Component SSR]
    ./.gemini/antigravity/scratch/teacher-tracking/src/app/page.tsx [Server Component]

https://nextjs.org/docs/messages/module-not-found


./.gemini/antigravity/scratch/teacher-tracking/node_modules/lucide-react/dist/esm/lucide-react.mjs:174:1
Module not found: Can't resolve './icons/square-arrow-up-left.mjs'
  [90m172 |[0m ...[36ms[0m [33mLucideArrowUpRightFromSquare[0m, [36mdefault[0m [36mas[0m [33mLucideSquareArrowOutUpR...[0m
  [90m173 |[0m ...[33mwRightSquare[0m, [36mdefault[0m [36mas[0m [33mLucideSquareArrowRight[0m, [36mdefault[0m [36mas[0m [33mSquare...[0m
[31m[1m>[0m [90m174 |[0m ...[33mrowUpLeftSquare[0m, [36mdefault[0m [36mas[0m [33mLucideSquareArrowUpLeft[0m, [36mdefault[0m [36mas[0m [33mSq...[0m
  [90m    |[0m    [31m[1m^^^^^^^^^^^^^^^^^^^^^^^^^^^^^^^^^^^^^^^^^^^^^^^^^^^^^^^^^^^^^^^^^^^^^[0m
  [90m175 |[0m ...[33mArrowUpRightSquare[0m, [36mdefault[0m [36mas[0m [33mLucideSquareArrowUpRight[0m, [36mdefault[0m [36ma.[0m.[33m.[0m
  [90m176 |[0m ...[33mare[0m, [36mdefault[0m [36mas[0m [33mLucideSquareArrowUp[0m, [36mdefault[0m [36mas[0m [33mSquareArrowUp[0m, [36mdef...[0m
  [90m177 |[0m ...[33mSquare[0m, [36mdefault[0m [36mas[0m [33mLucideSquareAsterisk[0m, [36mdefault[0m [36mas[0m [33mSquareAsterisk[0m...



Import traces:
  Client Component Browser:
    ./.gemini/antigravity/scratch/teacher-tracking/node_modules/lucide-react/dist/esm/lucide-react.mjs [Client Component Browser]
    ./.gemini/antigravity/scratch/teacher-tracking/src/components/pages/DailyTasksPage.tsx [Client Component Browser]
    ./.gemini/antigravity/scratch/teacher-tracking/src/components/AppShell.tsx [Client Component Browser]
    ./.gemini/antigravity/scratch/teacher-tracking/src/app/page.tsx [Client Component Browser]
    ./.gemini/antigravity/scratch/teacher-tracking/src/app/page.tsx [Server Component]

  Client Component SSR:
    ./.gemini/antigravity/scratch/teacher-tracking/node_modules/lucide-react/dist/esm/lucide-react.mjs [Client Component SSR]
    ./.gemini/antigravity/scratch/teacher-tracking/src/components/pages/DailyTasksPage.tsx [Client Component SSR]
    ./.gemini/antigravity/scratch/teacher-tracking/src/components/AppShell.tsx [Client Component SSR]
    ./.gemini/antigravity/scratch/teacher-tracking/src/app/page.tsx [Client Component SSR]
    ./.gemini/antigravity/scratch/teacher-tracking/src/app/page.tsx [Server Component]

https://nextjs.org/docs/messages/module-not-found


./.gemini/antigravity/scratch/teacher-tracking/node_modules/lucide-react/dist/esm/lucide-react.mjs:175:1
Module not found: Can't resolve './icons/square-arrow-up-right.mjs'
  [90m173 |[0m ...[33mghtSquare[0m, [36mdefault[0m [36mas[0m [33mLucideSquareArrowRight[0m, [36mdefault[0m [36mas[0m [33mSquareArr...[0m
  [90m174 |[0m ...[33mUpLeftSquare[0m, [36mdefault[0m [36mas[0m [33mLucideSquareArrowUpLeft[0m, [36mdefault[0m [36mas[0m [33mSquar...[0m
[31m[1m>[0m [90m175 |[0m ...[33mowUpRightSquare[0m, [36mdefault[0m [36mas[0m [33mLucideSquareArrowUpRight[0m, [36mdefault[0m [36mas[0m [33mS...[0m
  [90m    |[0m    [31m[1m^^^^^^^^^^^^^^^^^^^^^^^^^^^^^^^^^^^^^^^^^^^^^^^^^^^^^^^^^^^^^^^^^^^^^[0m
  [90m176 |[0m ..., [36mdefault[0m [36mas[0m [33mLucideSquareArrowUp[0m, [36mdefault[0m [36mas[0m [33mSquareArrowUp[0m, [36mdefaul.[0m.[36m.[0m
  [90m177 |[0m ...[33mare[0m, [36mdefault[0m [36mas[0m [33mLucideSquareAsterisk[0m, [36mdefault[0m [36mas[0m [33mSquareAsterisk[0m, [36md...[0m
  [90m178 |[0m ...[33mrs[0m, [36mdefault[0m [36mas[0m [33mScissorsSquareDashedBottom[0m, [36mdefault[0m [36mas[0m [33mScissorsSqua...[0m



Import traces:
  Client Component Browser:
    ./.gemini/antigravity/scratch/teacher-tracking/node_modules/lucide-react/dist/esm/lucide-react.mjs [Client Component Browser]
    ./.gemini/antigravity/scratch/teacher-tracking/src/components/pages/DailyTasksPage.tsx [Client Component Browser]
    ./.gemini/antigravity/scratch/teacher-tracking/src/components/AppShell.tsx [Client Component Browser]
    ./.gemini/antigravity/scratch/teacher-tracking/src/app/page.tsx [Client Component Browser]
    ./.gemini/antigravity/scratch/teacher-tracking/src/app/page.tsx [Server Component]

  Client Component SSR:
    ./.gemini/antigravity/scratch/teacher-tracking/node_modules/lucide-react/dist/esm/lucide-react.mjs [Client Component SSR]
    ./.gemini/antigravity/scratch/teacher-tracking/src/components/pages/DailyTasksPage.tsx [Client Component SSR]
    ./.gemini/antigravity/scratch/teacher-tracking/src/components/AppShell.tsx [Client Component SSR]
    ./.gemini/antigravity/scratch/teacher-tracking/src/app/page.tsx [Client Component SSR]
    ./.gemini/antigravity/scratch/teacher-tracking/src/app/page.tsx [Server Component]

https://nextjs.org/docs/messages/module-not-found


./.gemini/antigravity/scratch/teacher-tracking/node_modules/lucide-react/dist/esm/lucide-react.mjs:176:1
Module not found: Can't resolve './icons/square-arrow-up.mjs'
  [90m174 |[0m ...[36mult[0m [36mas[0m [33mLucideArrowUpLeftSquare[0m, [36mdefault[0m [36mas[0m [33mLucideSquareArrowUpLeft[0m..[36m.[0m
  [90m175 |[0m ...[36mfault[0m [36mas[0m [33mLucideArrowUpRightSquare[0m, [36mdefault[0m [36mas[0m [33mLucideSquareArrowUpR...[0m
[31m[1m>[0m [90m176 |[0m ...[33mucideArrowUpSquare[0m, [36mdefault[0m [36mas[0m [33mLucideSquareArrowUp[0m, [36mdefault[0m [36mas[0m [33mSqu...[0m
  [90m    |[0m    [31m[1m^^^^^^^^^^^^^^^^^^^^^^^^^^^^^^^^^^^^^^^^^^^^^^^^^^^^^^^^^^^^^^^^^^^^^[0m
  [90m177 |[0m ... [33mLucideAsteriskSquare[0m, [36mdefault[0m [36mas[0m [33mLucideSquareAsterisk[0m, [36mdefault[0m [36mas[0m.[33m..[0m
  [90m178 |[0m ...[33mBottomDashedScissors[0m, [36mdefault[0m [36mas[0m [33mScissorsSquareDashedBottom[0m, [36mdefau..[0m.
  [90m179 |[0m ... [33mLucideFlipHorizontal[0m, [36mdefault[0m [36mas[0m [33mLucideSquareCenterlineDashedHori...[0m



Import traces:
  Client Component Browser:
    ./.gemini/antigravity/scratch/teacher-tracking/node_modules/lucide-react/dist/esm/lucide-react.mjs [Client Component Browser]
    ./.gemini/antigravity/scratch/teacher-tracking/src/components/pages/DailyTasksPage.tsx [Client Component Browser]
    ./.gemini/antigravity/scratch/teacher-tracking/src/components/AppShell.tsx [Client Component Browser]
    ./.gemini/antigravity/scratch/teacher-tracking/src/app/page.tsx [Client Component Browser]
    ./.gemini/antigravity/scratch/teacher-tracking/src/app/page.tsx [Server Component]

  Client Component SSR:
    ./.gemini/antigravity/scratch/teacher-tracking/node_modules/lucide-react/dist/esm/lucide-react.mjs [Client Component SSR]
    ./.gemini/antigravity/scratch/teacher-tracking/src/components/pages/DailyTasksPage.tsx [Client Component SSR]
    ./.gemini/antigravity/scratch/teacher-tracking/src/components/AppShell.tsx [Client Component SSR]
    ./.gemini/antigravity/scratch/teacher-tracking/src/app/page.tsx [Client Component SSR]
    ./.gemini/antigravity/scratch/teacher-tracking/src/app/page.tsx [Server Component]

https://nextjs.org/docs/messages/module-not-found


./.gemini/antigravity/scratch/teacher-tracking/node_modules/lucide-react/dist/esm/lucide-react.mjs:177:1
Module not found: Can't resolve './icons/square-asterisk.mjs'
  [90m175 |[0m ...[36mlt[0m [36mas[0m [33mLucideArrowUpRightSquare[0m, [36mdefault[0m [36mas[0m [33mLucideSquareArrowUpRigh.[0m..
  [90m176 |[0m ...[33mdeArrowUpSquare[0m, [36mdefault[0m [36mas[0m [33mLucideSquareArrowUp[0m, [36mdefault[0m [36mas[0m [33mSquare...[0m
[31m[1m>[0m [90m177 |[0m ...[33mcideAsteriskSquare[0m, [36mdefault[0m [36mas[0m [33mLucideSquareAsterisk[0m, [36mdefault[0m [36mas[0m [33mSq...[0m
  [90m    |[0m    [31m[1m^^^^^^^^^^^^^^^^^^^^^^^^^^^^^^^^^^^^^^^^^^^^^^^^^^^^^^^^^^^^^^^^^^^^^[0m
  [90m178 |[0m ...[33mtomDashedScissors[0m, [36mdefault[0m [36mas[0m [33mScissorsSquareDashedBottom[0m, [36mdefault[0m [36m..[0m.
  [90m179 |[0m ...[33mcideFlipHorizontal[0m, [36mdefault[0m [36mas[0m [33mLucideSquareCenterlineDashedHorizon...[0m
  [90m180 |[0m ...[33mFlipVertical[0m, [36mdefault[0m [36mas[0m [33mLucideSquareCenterlineDashedVertical[0m, [36mdef...[0m



Import traces:
  Client Component Browser:
    ./.gemini/antigravity/scratch/teacher-tracking/node_modules/lucide-react/dist/esm/lucide-react.mjs [Client Component Browser]
    ./.gemini/antigravity/scratch/teacher-tracking/src/components/pages/DailyTasksPage.tsx [Client Component Browser]
    ./.gemini/antigravity/scratch/teacher-tracking/src/components/AppShell.tsx [Client Component Browser]
    ./.gemini/antigravity/scratch/teacher-tracking/src/app/page.tsx [Client Component Browser]
    ./.gemini/antigravity/scratch/teacher-tracking/src/app/page.tsx [Server Component]

  Client Component SSR:
    ./.gemini/antigravity/scratch/teacher-tracking/node_modules/lucide-react/dist/esm/lucide-react.mjs [Client Component SSR]
    ./.gemini/antigravity/scratch/teacher-tracking/src/components/pages/DailyTasksPage.tsx [Client Component SSR]
    ./.gemini/antigravity/scratch/teacher-tracking/src/components/AppShell.tsx [Client Component SSR]
    ./.gemini/antigravity/scratch/teacher-tracking/src/app/page.tsx [Client Component SSR]
    ./.gemini/antigravity/scratch/teacher-tracking/src/app/page.tsx [Server Component]

https://nextjs.org/docs/messages/module-not-found


./.gemini/antigravity/scratch/teacher-tracking/node_modules/lucide-react/dist/esm/lucide-react.mjs:178:1
Module not found: Can't resolve './icons/square-bottom-dashed-scissors.mjs'
  [90m176 |[0m ...[33mowUp[0m, [36mdefault[0m [36mas[0m [33mSquareArrowUp[0m, [36mdefault[0m [36mas[0m [33mSquareArrowUpIcon[0m } [36mfro.[0m.[32m.[0m
  [90m177 |[0m ...[33mAsterisk[0m, [36mdefault[0m [36mas[0m [33mSquareAsterisk[0m, [36mdefault[0m [36mas[0m [33mSquareAsteriskIcon[0m...
[31m[1m>[0m [90m178 |[0m ...[33meDashedBottom[0m, [36mdefault[0m [36mas[0m [33mScissorsSquareDashedBottomIcon[0m, [36mdefault[0m [36m..[0m.
  [90m    |[0m    [31m[1m^^^^^^^^^^^^^^^^^^^^^^^^^^^^^^^^^^^^^^^^^^^^^^^^^^^^^^^^^^^^^^^^^^^^^[0m
  [90m179 |[0m ...[33mCenterlineDashedHorizontal[0m, [36mdefault[0m [36mas[0m [33mSquareCenterlineDashedHoriz...[0m
  [90m180 |[0m ...[33mlineDashedVertical[0m, [36mdefault[0m [36mas[0m [33mSquareCenterlineDashedVertical[0m, [36mdef...[0m
  [90m181 |[0m ...[33mSquareChartGantt[0m, [36mdefault[0m [36mas[0m [33mLucideSquareGanttChart[0m, [36mdefault[0m [36mas[0m [33mSq...[0m



Import traces:
  Client Component Browser:
    ./.gemini/antigravity/scratch/teacher-tracking/node_modules/lucide-react/dist/esm/lucide-react.mjs [Client Component Browser]
    ./.gemini/antigravity/scratch/teacher-tracking/src/components/pages/DailyTasksPage.tsx [Client Component Browser]
    ./.gemini/antigravity/scratch/teacher-tracking/src/components/AppShell.tsx [Client Component Browser]
    ./.gemini/antigravity/scratch/teacher-tracking/src/app/page.tsx [Client Component Browser]
    ./.gemini/antigravity/scratch/teacher-tracking/src/app/page.tsx [Server Component]

  Client Component SSR:
    ./.gemini/antigravity/scratch/teacher-tracking/node_modules/lucide-react/dist/esm/lucide-react.mjs [Client Component SSR]
    ./.gemini/antigravity/scratch/teacher-tracking/src/components/pages/DailyTasksPage.tsx [Client Component SSR]
    ./.gemini/antigravity/scratch/teacher-tracking/src/components/AppShell.tsx [Client Component SSR]
    ./.gemini/antigravity/scratch/teacher-tracking/src/app/page.tsx [Client Component SSR]
    ./.gemini/antigravity/scratch/teacher-tracking/src/app/page.tsx [Server Component]

https://nextjs.org/docs/messages/module-not-found


./.gemini/antigravity/scratch/teacher-tracking/node_modules/lucide-react/dist/esm/lucide-react.mjs:179:1
Module not found: Can't resolve './icons/square-centerline-dashed-horizontal.mjs'
  [90m177 |[0m ...[33mSquareAsterisk[0m, [36mdefault[0m [36mas[0m [33mSquareAsterisk[0m, [36mdefault[0m [36mas[0m [33mSquareAsteri...[0m
  [90m178 |[0m ...[33msSquareDashedBottom[0m, [36mdefault[0m [36mas[0m [33mScissorsSquareDashedBottomIcon[0m, [36mde...[0m
[31m[1m>[0m [90m179 |[0m ...[33mSquareCenterlineDashedHorizontal[0m, [36mdefault[0m [36mas[0m [33mSquareCenterlineDashe...[0m
  [90m    |[0m    [31m[1m^^^^^^^^^^^^^^^^^^^^^^^^^^^^^^^^^^^^^^^^^^^^^^^^^^^^^^^^^^^^^^^^^^^^^[0m
  [90m180 |[0m ...[33mCenterlineDashedVertical[0m, [36mdefault[0m [36mas[0m [33mSquareCenterlineDashedVertica.[0m..
  [90m181 |[0m ...[33mLucideSquareChartGantt[0m, [36mdefault[0m [36mas[0m [33mLucideSquareGanttChart[0m, [36mdefault[0m.[36m..[0m
  [90m182 |[0m ...[33mckBig[0m, [36mdefault[0m [36mas[0m [33mSquareCheckBig[0m, [36mdefault[0m [36mas[0m [33mSquareCheckBigIcon[0m } [36m...[0m



Import traces:
  Client Component Browser:
    ./.gemini/antigravity/scratch/teacher-tracking/node_modules/lucide-react/dist/esm/lucide-react.mjs [Client Component Browser]
    ./.gemini/antigravity/scratch/teacher-tracking/src/components/pages/DailyTasksPage.tsx [Client Component Browser]
    ./.gemini/antigravity/scratch/teacher-tracking/src/components/AppShell.tsx [Client Component Browser]
    ./.gemini/antigravity/scratch/teacher-tracking/src/app/page.tsx [Client Component Browser]
    ./.gemini/antigravity/scratch/teacher-tracking/src/app/page.tsx [Server Component]

  Client Component SSR:
    ./.gemini/antigravity/scratch/teacher-tracking/node_modules/lucide-react/dist/esm/lucide-react.mjs [Client Component SSR]
    ./.gemini/antigravity/scratch/teacher-tracking/src/components/pages/DailyTasksPage.tsx [Client Component SSR]
    ./.gemini/antigravity/scratch/teacher-tracking/src/components/AppShell.tsx [Client Component SSR]
    ./.gemini/antigravity/scratch/teacher-tracking/src/app/page.tsx [Client Component SSR]
    ./.gemini/antigravity/scratch/teacher-tracking/src/app/page.tsx [Server Component]

https://nextjs.org/docs/messages/module-not-found


./.gemini/antigravity/scratch/teacher-tracking/node_modules/lucide-react/dist/esm/lucide-react.mjs:180:1
Module not found: Can't resolve './icons/square-centerline-dashed-vertical.mjs'
  [90m178 |[0m ...[33mScissorsSquareDashedBottom[0m, [36mdefault[0m [36mas[0m [33mScissorsSquareDashedBottomI...[0m
  [90m179 |[0m ... [33mLucideSquareCenterlineDashedHorizontal[0m, [36mdefault[0m [36mas[0m [33mSquareCenterli...[0m
[31m[1m>[0m [90m180 |[0m ...[33meSquareCenterlineDashedVertical[0m, [36mdefault[0m [36mas[0m [33mSquareCenterlineDashed...[0m
  [90m    |[0m    [31m[1m^^^^^^^^^^^^^^^^^^^^^^^^^^^^^^^^^^^^^^^^^^^^^^^^^^^^^^^^^^^^^^^^^^^^^[0m
  [90m181 |[0m ...[36mult[0m [36mas[0m [33mLucideSquareChartGantt[0m, [36mdefault[0m [36mas[0m [33mLucideSquareGanttChart[0m, [36m...[0m
  [90m182 |[0m ...[33muareCheckBig[0m, [36mdefault[0m [36mas[0m [33mSquareCheckBig[0m, [36mdefault[0m [36mas[0m [33mSquareCheckBig...[0m
  [90m183 |[0m ...[33meSquareCheck[0m, [36mdefault[0m [36mas[0m [33mSquareCheck[0m, [36mdefault[0m [36mas[0m [33mSquareCheckIcon[0m }.[36m..[0m



Import traces:
  Client Component Browser:
    ./.gemini/antigravity/scratch/teacher-tracking/node_modules/lucide-react/dist/esm/lucide-react.mjs [Client Component Browser]
    ./.gemini/antigravity/scratch/teacher-tracking/src/components/pages/DailyTasksPage.tsx [Client Component Browser]
    ./.gemini/antigravity/scratch/teacher-tracking/src/components/AppShell.tsx [Client Component Browser]
    ./.gemini/antigravity/scratch/teacher-tracking/src/app/page.tsx [Client Component Browser]
    ./.gemini/antigravity/scratch/teacher-tracking/src/app/page.tsx [Server Component]

  Client Component SSR:
    ./.gemini/antigravity/scratch/teacher-tracking/node_modules/lucide-react/dist/esm/lucide-react.mjs [Client Component SSR]
    ./.gemini/antigravity/scratch/teacher-tracking/src/components/pages/DailyTasksPage.tsx [Client Component SSR]
    ./.gemini/antigravity/scratch/teacher-tracking/src/components/AppShell.tsx [Client Component SSR]
    ./.gemini/antigravity/scratch/teacher-tracking/src/app/page.tsx [Client Component SSR]
    ./.gemini/antigravity/scratch/teacher-tracking/src/app/page.tsx [Server Component]

https://nextjs.org/docs/messages/module-not-found


./.gemini/antigravity/scratch/teacher-tracking/node_modules/lucide-react/dist/esm/lucide-react.mjs:181:1
Module not found: Can't resolve './icons/square-chart-gantt.mjs'
  [90m179 |[0m ...[33mhedHorizontal[0m, [36mdefault[0m [36mas[0m [33mSquareCenterlineDashedHorizontal[0m, [36mdefaul.[0m.[36m.[0m
  [90m180 |[0m ...[33mtical[0m, [36mdefault[0m [36mas[0m [33mSquareCenterlineDashedVertical[0m, [36mdefault[0m [36mas[0m [33mSquar...[0m
[31m[1m>[0m [90m181 |[0m ...[33mntt[0m, [36mdefault[0m [36mas[0m [33mLucideSquareGanttChart[0m, [36mdefault[0m [36mas[0m [33mSquareChartGant.[0m..
  [90m    |[0m    [31m[1m^^^^^^^^^^^^^^^^^^^^^^^^^^^^^^^^^^^^^^^^^^^^^^^^^^^^^^^^^^^^^^^^^^^^^[0m
  [90m182 |[0m ...[33mquareCheckBig[0m, [36mdefault[0m [36mas[0m [33mSquareCheckBigIcon[0m } [36mfrom[0m [32m'./icons/squar...[0m
  [90m183 |[0m ...[33mquareCheck[0m, [36mdefault[0m [36mas[0m [33mSquareCheckIcon[0m } [36mfrom[0m [32m'./icons/square-chec...[0m
  [90m184 |[0m ...[33mronDown[0m, [36mdefault[0m [36mas[0m [33mSquareChevronDown[0m, [36mdefault[0m [36mas[0m [33mSquareChevronDow...[0m



Import traces:
  Client Component Browser:
    ./.gemini/antigravity/scratch/teacher-tracking/node_modules/lucide-react/dist/esm/lucide-react.mjs [Client Component Browser]
    ./.gemini/antigravity/scratch/teacher-tracking/src/components/pages/DailyTasksPage.tsx [Client Component Browser]
    ./.gemini/antigravity/scratch/teacher-tracking/src/components/AppShell.tsx [Client Component Browser]
    ./.gemini/antigravity/scratch/teacher-tracking/src/app/page.tsx [Client Component Browser]
    ./.gemini/antigravity/scratch/teacher-tracking/src/app/page.tsx [Server Component]

  Client Component SSR:
    ./.gemini/antigravity/scratch/teacher-tracking/node_modules/lucide-react/dist/esm/lucide-react.mjs [Client Component SSR]
    ./.gemini/antigravity/scratch/teacher-tracking/src/components/pages/DailyTasksPage.tsx [Client Component SSR]
    ./.gemini/antigravity/scratch/teacher-tracking/src/components/AppShell.tsx [Client Component SSR]
    ./.gemini/antigravity/scratch/teacher-tracking/src/app/page.tsx [Client Component SSR]
    ./.gemini/antigravity/scratch/teacher-tracking/src/app/page.tsx [Server Component]

https://nextjs.org/docs/messages/module-not-found


./.gemini/antigravity/scratch/teacher-tracking/node_modules/lucide-react/dist/esm/lucide-react.mjs:182:1
Module not found: Can't resolve './icons/square-check-big.mjs'
  [90m180 |[0m ...[33mcideFlipVertical[0m, [36mdefault[0m [36mas[0m [33mLucideSquareCenterlineDashedVertical[0m,.[36m..[0m
  [90m181 |[0m ...[36mlt[0m [36mas[0m [33mLucideGanttChartSquare[0m, [36mdefault[0m [36mas[0m [33mLucideSquareChartGantt[0m, [36md...[0m
[31m[1m>[0m [90m182 |[0m ...[33mdeCheckSquare[0m, [36mdefault[0m [36mas[0m [33mLucideSquareCheckBig[0m, [36mdefault[0m [36mas[0m [33mSquareC...[0m
  [90m    |[0m    [31m[1m^^^^^^^^^^^^^^^^^^^^^^^^^^^^^^^^^^^^^^^^^^^^^^^^^^^^^^^^^^^^^^^^^^^^^[0m
  [90m183 |[0m ...[33mcideCheckSquare2[0m, [36mdefault[0m [36mas[0m [33mLucideSquareCheck[0m, [36mdefault[0m [36mas[0m [33mSquareC...[0m
  [90m184 |[0m ...[36mault[0m [36mas[0m [33mLucideChevronDownSquare[0m, [36mdefault[0m [36mas[0m [33mLucideSquareChevronDow.[0m..
  [90m185 |[0m ...[36mault[0m [36mas[0m [33mLucideChevronLeftSquare[0m, [36mdefault[0m [36mas[0m [33mLucideSquareChevronLef.[0m..



Import traces:
  Client Component Browser:
    ./.gemini/antigravity/scratch/teacher-tracking/node_modules/lucide-react/dist/esm/lucide-react.mjs [Client Component Browser]
    ./.gemini/antigravity/scratch/teacher-tracking/src/components/pages/DailyTasksPage.tsx [Client Component Browser]
    ./.gemini/antigravity/scratch/teacher-tracking/src/components/AppShell.tsx [Client Component Browser]
    ./.gemini/antigravity/scratch/teacher-tracking/src/app/page.tsx [Client Component Browser]
    ./.gemini/antigravity/scratch/teacher-tracking/src/app/page.tsx [Server Component]

  Client Component SSR:
    ./.gemini/antigravity/scratch/teacher-tracking/node_modules/lucide-react/dist/esm/lucide-react.mjs [Client Component SSR]
    ./.gemini/antigravity/scratch/teacher-tracking/src/components/pages/DailyTasksPage.tsx [Client Component SSR]
    ./.gemini/antigravity/scratch/teacher-tracking/src/components/AppShell.tsx [Client Component SSR]
    ./.gemini/antigravity/scratch/teacher-tracking/src/app/page.tsx [Client Component SSR]
    ./.gemini/antigravity/scratch/teacher-tracking/src/app/page.tsx [Server Component]

https://nextjs.org/docs/messages/module-not-found


./.gemini/antigravity/scratch/teacher-tracking/node_modules/lucide-react/dist/esm/lucide-react.mjs:183:1
Module not found: Can't resolve './icons/square-check.mjs'
  [90m181 |[0m ...[36mdefault[0m [36mas[0m [33mLucideGanttChartSquare[0m, [36mdefault[0m [36mas[0m [33mLucideSquareChartGan..[0m.
  [90m182 |[0m ... [33mLucideCheckSquare[0m, [36mdefault[0m [36mas[0m [33mLucideSquareCheckBig[0m, [36mdefault[0m [36mas[0m [33mSq...[0m
[31m[1m>[0m [90m183 |[0m ...[36mas[0m [33mLucideCheckSquare2[0m, [36mdefault[0m [36mas[0m [33mLucideSquareCheck[0m, [36mdefault[0m [36mas[0m [33mSq...[0m
  [90m    |[0m    [31m[1m^^^^^^^^^^^^^^^^^^^^^^^^^^^^^^^^^^^^^^^^^^^^^^^^^^^^^^^^^^^^^^^^^^^^^[0m
  [90m184 |[0m ..., [36mdefault[0m [36mas[0m [33mLucideChevronDownSquare[0m, [36mdefault[0m [36mas[0m [33mLucideSquareChevr...[0m
  [90m185 |[0m ..., [36mdefault[0m [36mas[0m [33mLucideChevronLeftSquare[0m, [36mdefault[0m [36mas[0m [33mLucideSquareChevr...[0m
  [90m186 |[0m ...[33mon[0m, [36mdefault[0m [36mas[0m [33mLucideChevronRightSquare[0m, [36mdefault[0m [36mas[0m [33mLucideSquareCh...[0m



Import traces:
  Client Component Browser:
    ./.gemini/antigravity/scratch/teacher-tracking/node_modules/lucide-react/dist/esm/lucide-react.mjs [Client Component Browser]
    ./.gemini/antigravity/scratch/teacher-tracking/src/components/pages/DailyTasksPage.tsx [Client Component Browser]
    ./.gemini/antigravity/scratch/teacher-tracking/src/components/AppShell.tsx [Client Component Browser]
    ./.gemini/antigravity/scratch/teacher-tracking/src/app/page.tsx [Client Component Browser]
    ./.gemini/antigravity/scratch/teacher-tracking/src/app/page.tsx [Server Component]

  Client Component SSR:
    ./.gemini/antigravity/scratch/teacher-tracking/node_modules/lucide-react/dist/esm/lucide-react.mjs [Client Component SSR]
    ./.gemini/antigravity/scratch/teacher-tracking/src/components/pages/DailyTasksPage.tsx [Client Component SSR]
    ./.gemini/antigravity/scratch/teacher-tracking/src/components/AppShell.tsx [Client Component SSR]
    ./.gemini/antigravity/scratch/teacher-tracking/src/app/page.tsx [Client Component SSR]
    ./.gemini/antigravity/scratch/teacher-tracking/src/app/page.tsx [Server Component]

https://nextjs.org/docs/messages/module-not-found


./.gemini/antigravity/scratch/teacher-tracking/node_modules/lucide-react/dist/esm/lucide-react.mjs:184:1
Module not found: Can't resolve './icons/square-chevron-down.mjs'
  [90m182 |[0m ...[36mdefault[0m [36mas[0m [33mLucideSquareCheckBig[0m, [36mdefault[0m [36mas[0m [33mSquareCheckBig[0m, [36mdefaul.[0m.[36m.[0m
  [90m183 |[0m ...[33m2[0m, [36mdefault[0m [36mas[0m [33mLucideSquareCheck[0m, [36mdefault[0m [36mas[0m [33mSquareCheck[0m, [36mdefault[0m [36ma.[0m.[33m.[0m
[31m[1m>[0m [90m184 |[0m ...[33mhevronDownSquare[0m, [36mdefault[0m [36mas[0m [33mLucideSquareChevronDown[0m, [36mdefault[0m [36mas[0m [33mS...[0m
  [90m    |[0m    [31m[1m^^^^^^^^^^^^^^^^^^^^^^^^^^^^^^^^^^^^^^^^^^^^^^^^^^^^^^^^^^^^^^^^^^^^^[0m
  [90m185 |[0m ...[33mhevronLeftSquare[0m, [36mdefault[0m [36mas[0m [33mLucideSquareChevronLeft[0m, [36mdefault[0m [36mas[0m [33mS...[0m
  [90m186 |[0m ...[33meChevronRightSquare[0m, [36mdefault[0m [36mas[0m [33mLucideSquareChevronRight[0m, [36mdefault[0m [36m..[0m.
  [90m187 |[0m ...[33monUpSquare[0m, [36mdefault[0m [36mas[0m [33mLucideSquareChevronUp[0m, [36mdefault[0m [36mas[0m [33mSquareChe...[0m



Import traces:
  Client Component Browser:
    ./.gemini/antigravity/scratch/teacher-tracking/node_modules/lucide-react/dist/esm/lucide-react.mjs [Client Component Browser]
    ./.gemini/antigravity/scratch/teacher-tracking/src/components/pages/DailyTasksPage.tsx [Client Component Browser]
    ./.gemini/antigravity/scratch/teacher-tracking/src/components/AppShell.tsx [Client Component Browser]
    ./.gemini/antigravity/scratch/teacher-tracking/src/app/page.tsx [Client Component Browser]
    ./.gemini/antigravity/scratch/teacher-tracking/src/app/page.tsx [Server Component]

  Client Component SSR:
    ./.gemini/antigravity/scratch/teacher-tracking/node_modules/lucide-react/dist/esm/lucide-react.mjs [Client Component SSR]
    ./.gemini/antigravity/scratch/teacher-tracking/src/components/pages/DailyTasksPage.tsx [Client Component SSR]
    ./.gemini/antigravity/scratch/teacher-tracking/src/components/AppShell.tsx [Client Component SSR]
    ./.gemini/antigravity/scratch/teacher-tracking/src/app/page.tsx [Client Component SSR]
    ./.gemini/antigravity/scratch/teacher-tracking/src/app/page.tsx [Server Component]

https://nextjs.org/docs/messages/module-not-found


./.gemini/antigravity/scratch/teacher-tracking/node_modules/lucide-react/dist/esm/lucide-react.mjs:185:1
Module not found: Can't resolve './icons/square-chevron-left.mjs'
  [90m183 |[0m ...[33m2[0m, [36mdefault[0m [36mas[0m [33mLucideSquareCheck[0m, [36mdefault[0m [36mas[0m [33mSquareCheck[0m, [36mdefault[0m [36ma.[0m.[33m.[0m
  [90m184 |[0m ...[33mhevronDownSquare[0m, [36mdefault[0m [36mas[0m [33mLucideSquareChevronDown[0m, [36mdefault[0m [36mas[0m [33mS...[0m
[31m[1m>[0m [90m185 |[0m ...[33mhevronLeftSquare[0m, [36mdefault[0m [36mas[0m [33mLucideSquareChevronLeft[0m, [36mdefault[0m [36mas[0m [33mS...[0m
  [90m    |[0m    [31m[1m^^^^^^^^^^^^^^^^^^^^^^^^^^^^^^^^^^^^^^^^^^^^^^^^^^^^^^^^^^^^^^^^^^^^^[0m
  [90m186 |[0m ...[33meChevronRightSquare[0m, [36mdefault[0m [36mas[0m [33mLucideSquareChevronRight[0m, [36mdefault[0m [36m..[0m.
  [90m187 |[0m ...[33monUpSquare[0m, [36mdefault[0m [36mas[0m [33mLucideSquareChevronUp[0m, [36mdefault[0m [36mas[0m [33mSquareChe...[0m
  [90m188 |[0m ...[36mault[0m [36mas[0m [33mLucideSquareCode[0m, [36mdefault[0m [36mas[0m [33mSquareCode[0m, [36mdefault[0m [36mas[0m [33mSquare...[0m



Import traces:
  Client Component Browser:
    ./.gemini/antigravity/scratch/teacher-tracking/node_modules/lucide-react/dist/esm/lucide-react.mjs [Client Component Browser]
    ./.gemini/antigravity/scratch/teacher-tracking/src/components/pages/DailyTasksPage.tsx [Client Component Browser]
    ./.gemini/antigravity/scratch/teacher-tracking/src/components/AppShell.tsx [Client Component Browser]
    ./.gemini/antigravity/scratch/teacher-tracking/src/app/page.tsx [Client Component Browser]
    ./.gemini/antigravity/scratch/teacher-tracking/src/app/page.tsx [Server Component]

  Client Component SSR:
    ./.gemini/antigravity/scratch/teacher-tracking/node_modules/lucide-react/dist/esm/lucide-react.mjs [Client Component SSR]
    ./.gemini/antigravity/scratch/teacher-tracking/src/components/pages/DailyTasksPage.tsx [Client Component SSR]
    ./.gemini/antigravity/scratch/teacher-tracking/src/components/AppShell.tsx [Client Component SSR]
    ./.gemini/antigravity/scratch/teacher-tracking/src/app/page.tsx [Client Component SSR]
    ./.gemini/antigravity/scratch/teacher-tracking/src/app/page.tsx [Server Component]

https://nextjs.org/docs/messages/module-not-found


./.gemini/antigravity/scratch/teacher-tracking/node_modules/lucide-react/dist/esm/lucide-react.mjs:186:1
Module not found: Can't resolve './icons/square-chevron-right.mjs'
  [90m184 |[0m ...[33monDownSquare[0m, [36mdefault[0m [36mas[0m [33mLucideSquareChevronDown[0m, [36mdefault[0m [36mas[0m [33mSquar...[0m
  [90m185 |[0m ...[33monLeftSquare[0m, [36mdefault[0m [36mas[0m [33mLucideSquareChevronLeft[0m, [36mdefault[0m [36mas[0m [33mSquar...[0m
[31m[1m>[0m [90m186 |[0m ...[33mvronRightSquare[0m, [36mdefault[0m [36mas[0m [33mLucideSquareChevronRight[0m, [36mdefault[0m [36mas[0m [33mS...[0m
  [90m    |[0m    [31m[1m^^^^^^^^^^^^^^^^^^^^^^^^^^^^^^^^^^^^^^^^^^^^^^^^^^^^^^^^^^^^^^^^^^^^^[0m
  [90m187 |[0m ...[33mSquare[0m, [36mdefault[0m [36mas[0m [33mLucideSquareChevronUp[0m, [36mdefault[0m [36mas[0m [33mSquareChevron..[0m.
  [90m188 |[0m ... [36mas[0m [33mLucideSquareCode[0m, [36mdefault[0m [36mas[0m [33mSquareCode[0m, [36mdefault[0m [36mas[0m [33mSquareCode...[0m
  [90m189 |[0m ...[36mdefault[0m [36mas[0m [33mMousePointerSquareDashed[0m, [36mdefault[0m [36mas[0m [33mMousePointerSquare...[0m



Import traces:
  Client Component Browser:
    ./.gemini/antigravity/scratch/teacher-tracking/node_modules/lucide-react/dist/esm/lucide-react.mjs [Client Component Browser]
    ./.gemini/antigravity/scratch/teacher-tracking/src/components/pages/DailyTasksPage.tsx [Client Component Browser]
    ./.gemini/antigravity/scratch/teacher-tracking/src/components/AppShell.tsx [Client Component Browser]
    ./.gemini/antigravity/scratch/teacher-tracking/src/app/page.tsx [Client Component Browser]
    ./.gemini/antigravity/scratch/teacher-tracking/src/app/page.tsx [Server Component]

  Client Component SSR:
    ./.gemini/antigravity/scratch/teacher-tracking/node_modules/lucide-react/dist/esm/lucide-react.mjs [Client Component SSR]
    ./.gemini/antigravity/scratch/teacher-tracking/src/components/pages/DailyTasksPage.tsx [Client Component SSR]
    ./.gemini/antigravity/scratch/teacher-tracking/src/components/AppShell.tsx [Client Component SSR]
    ./.gemini/antigravity/scratch/teacher-tracking/src/app/page.tsx [Client Component SSR]
    ./.gemini/antigravity/scratch/teacher-tracking/src/app/page.tsx [Server Component]

https://nextjs.org/docs/messages/module-not-found


./.gemini/antigravity/scratch/teacher-tracking/node_modules/lucide-react/dist/esm/lucide-react.mjs:187:1
Module not found: Can't resolve './icons/square-chevron-up.mjs'
  [90m185 |[0m ...[33mLucideChevronLeftSquare[0m, [36mdefault[0m [36mas[0m [33mLucideSquareChevronLeft[0m, [36mdefau..[0m.
  [90m186 |[0m ...[36ms[0m [33mLucideChevronRightSquare[0m, [36mdefault[0m [36mas[0m [33mLucideSquareChevronRight[0m, [36md...[0m
[31m[1m>[0m [90m187 |[0m ...[33mdeChevronUpSquare[0m, [36mdefault[0m [36mas[0m [33mLucideSquareChevronUp[0m, [36mdefault[0m [36mas[0m [33mSq...[0m
  [90m    |[0m    [31m[1m^^^^^^^^^^^^^^^^^^^^^^^^^^^^^^^^^^^^^^^^^^^^^^^^^^^^^^^^^^^^^^^^^^^^^[0m
  [90m188 |[0m ...[33mre[0m, [36mdefault[0m [36mas[0m [33mLucideSquareCode[0m, [36mdefault[0m [36mas[0m [33mSquareCode[0m, [36mdefault[0m [36mas[0m.[33m..[0m
  [90m189 |[0m ...[33msePointer[0m, [36mdefault[0m [36mas[0m [33mMousePointerSquareDashed[0m, [36mdefault[0m [36mas[0m [33mMousePo...[0m
  [90m190 |[0m ...[36ms[0m [33mLucideKanbanSquareDashed[0m, [36mdefault[0m [36mas[0m [33mLucideSquareDashedKanban[0m, [36md...[0m



Import traces:
  Client Component Browser:
    ./.gemini/antigravity/scratch/teacher-tracking/node_modules/lucide-react/dist/esm/lucide-react.mjs [Client Component Browser]
    ./.gemini/antigravity/scratch/teacher-tracking/src/components/pages/DailyTasksPage.tsx [Client Component Browser]
    ./.gemini/antigravity/scratch/teacher-tracking/src/components/AppShell.tsx [Client Component Browser]
    ./.gemini/antigravity/scratch/teacher-tracking/src/app/page.tsx [Client Component Browser]
    ./.gemini/antigravity/scratch/teacher-tracking/src/app/page.tsx [Server Component]

  Client Component SSR:
    ./.gemini/antigravity/scratch/teacher-tracking/node_modules/lucide-react/dist/esm/lucide-react.mjs [Client Component SSR]
    ./.gemini/antigravity/scratch/teacher-tracking/src/components/pages/DailyTasksPage.tsx [Client Component SSR]
    ./.gemini/antigravity/scratch/teacher-tracking/src/components/AppShell.tsx [Client Component SSR]
    ./.gemini/antigravity/scratch/teacher-tracking/src/app/page.tsx [Client Component SSR]
    ./.gemini/antigravity/scratch/teacher-tracking/src/app/page.tsx [Server Component]

https://nextjs.org/docs/messages/module-not-found


./.gemini/antigravity/scratch/teacher-tracking/node_modules/lucide-react/dist/esm/lucide-react.mjs:188:1
Module not found: Can't resolve './icons/square-code.mjs'
  [90m186 |[0m ...[33mareIcon[0m, [36mdefault[0m [36mas[0m [33mLucideChevronRightSquare[0m, [36mdefault[0m [36mas[0m [33mLucideSqu...[0m
  [90m187 |[0m ...[33mn[0m, [36mdefault[0m [36mas[0m [33mLucideChevronUpSquare[0m, [36mdefault[0m [36mas[0m [33mLucideSquareChevro...[0m
[31m[1m>[0m [90m188 |[0m ... [36mas[0m [33mLucideCodeSquare[0m, [36mdefault[0m [36mas[0m [33mLucideSquareCode[0m, [36mdefault[0m [36mas[0m [33mSqua...[0m
  [90m    |[0m    [31m[1m^^^^^^^^^^^^^^^^^^^^^^^^^^^^^^^^^^^^^^^^^^^^^^^^^^^^^^^^^^^^^^^^^^^^^[0m
  [90m189 |[0m ...[33mideSquareDashedMousePointer[0m, [36mdefault[0m [36mas[0m [33mMousePointerSquareDashed[0m, [36m...[0m
  [90m190 |[0m ...[33mhedIcon[0m, [36mdefault[0m [36mas[0m [33mLucideKanbanSquareDashed[0m, [36mdefault[0m [36mas[0m [33mLucideSqu...[0m
  [90m191 |[0m ...[33melect[0m, [36mdefault[0m [36mas[0m [33mLucideTextSelection[0m, [36mdefault[0m [36mas[0m [33mSquareDashedText[0m...



Import traces:
  Client Component Browser:
    ./.gemini/antigravity/scratch/teacher-tracking/node_modules/lucide-react/dist/esm/lucide-react.mjs [Client Component Browser]
    ./.gemini/antigravity/scratch/teacher-tracking/src/components/pages/DailyTasksPage.tsx [Client Component Browser]
    ./.gemini/antigravity/scratch/teacher-tracking/src/components/AppShell.tsx [Client Component Browser]
    ./.gemini/antigravity/scratch/teacher-tracking/src/app/page.tsx [Client Component Browser]
    ./.gemini/antigravity/scratch/teacher-tracking/src/app/page.tsx [Server Component]

  Client Component SSR:
    ./.gemini/antigravity/scratch/teacher-tracking/node_modules/lucide-react/dist/esm/lucide-react.mjs [Client Component SSR]
    ./.gemini/antigravity/scratch/teacher-tracking/src/components/pages/DailyTasksPage.tsx [Client Component SSR]
    ./.gemini/antigravity/scratch/teacher-tracking/src/components/AppShell.tsx [Client Component SSR]
    ./.gemini/antigravity/scratch/teacher-tracking/src/app/page.tsx [Client Component SSR]
    ./.gemini/antigravity/scratch/teacher-tracking/src/app/page.tsx [Server Component]

https://nextjs.org/docs/messages/module-not-found


./.gemini/antigravity/scratch/teacher-tracking/node_modules/lucide-react/dist/esm/lucide-react.mjs:1469:1
Module not found: Can't resolve './icons/square-dashed-bottom-code.mjs'
  [90m1467 |[0m ...[36mult[0m [36mas[0m [33mSquareArrowRightEnter[0m, [36mdefault[0m [36mas[0m [33mSquareArrowRightEnterIco.[0m..
  [90m1468 |[0m ...[36mlt[0m [36mas[0m [33mSquareArrowRightExit[0m, [36mdefault[0m [36mas[0m [33mSquareArrowRightExitIcon[0m }.[36m..[0m
[31m[1m>[0m [90m1469 |[0m ...[36mault[0m [36mas[0m [33mSquareDashedBottomCode[0m, [36mdefault[0m [36mas[0m [33mSquareDashedBottomCode...[0m
  [90m     |[0m    [31m[1m^^^^^^^^^^^^^^^^^^^^^^^^^^^^^^^^^^^^^^^^^^^^^^^^^^^^^^^^^^^^^^^^^^^^[0m
  [90m1470 |[0m ... [36mas[0m [33mSquareDashedBottom[0m, [36mdefault[0m [36mas[0m [33mSquareDashedBottomIcon[0m } [36mfrom[0m [32m...[0m
  [90m1471 |[0m ...[36mlt[0m [36mas[0m [33mSquareDashedTopSolid[0m, [36mdefault[0m [36mas[0m [33mSquareDashedTopSolidIcon[0m }.[36m..[0m
  [90m1472 |[0m ...[33marePause[0m, [36mdefault[0m [36mas[0m [33mSquarePauseIcon[0m } [36mfrom[0m [32m'./icons/square-pause...[0m



Import traces:
  Client Component Browser:
    ./.gemini/antigravity/scratch/teacher-tracking/node_modules/lucide-react/dist/esm/lucide-react.mjs [Client Component Browser]
    ./.gemini/antigravity/scratch/teacher-tracking/src/components/pages/DailyTasksPage.tsx [Client Component Browser]
    ./.gemini/antigravity/scratch/teacher-tracking/src/components/AppShell.tsx [Client Component Browser]
    ./.gemini/antigravity/scratch/teacher-tracking/src/app/page.tsx [Client Component Browser]
    ./.gemini/antigravity/scratch/teacher-tracking/src/app/page.tsx [Server Component]

  Client Component SSR:
    ./.gemini/antigravity/scratch/teacher-tracking/node_modules/lucide-react/dist/esm/lucide-react.mjs [Client Component SSR]
    ./.gemini/antigravity/scratch/teacher-tracking/src/components/pages/DailyTasksPage.tsx [Client Component SSR]
    ./.gemini/antigravity/scratch/teacher-tracking/src/components/AppShell.tsx [Client Component SSR]
    ./.gemini/antigravity/scratch/teacher-tracking/src/app/page.tsx [Client Component SSR]
    ./.gemini/antigravity/scratch/teacher-tracking/src/app/page.tsx [Server Component]

https://nextjs.org/docs/messages/module-not-found


./.gemini/antigravity/scratch/teacher-tracking/node_modules/lucide-react/dist/esm/lucide-react.mjs:1470:1
Module not found: Can't resolve './icons/square-dashed-bottom.mjs'
  [90m1468 |[0m ...[33mit[0m, [36mdefault[0m [36mas[0m [33mSquareArrowRightExit[0m, [36mdefault[0m [36mas[0m [33mSquareArrowRightE...[0m
  [90m1469 |[0m ...[33mCode[0m, [36mdefault[0m [36mas[0m [33mSquareDashedBottomCode[0m, [36mdefault[0m [36mas[0m [33mSquareDashedB...[0m
[31m[1m>[0m [90m1470 |[0m ..., [36mdefault[0m [36mas[0m [33mSquareDashedBottom[0m, [36mdefault[0m [36mas[0m [33mSquareDashedBottomIco.[0m..
  [90m     |[0m    [31m[1m^^^^^^^^^^^^^^^^^^^^^^^^^^^^^^^^^^^^^^^^^^^^^^^^^^^^^^^^^^^^^^^^^^^^[0m
  [90m1471 |[0m ...[33mid[0m, [36mdefault[0m [36mas[0m [33mSquareDashedTopSolid[0m, [36mdefault[0m [36mas[0m [33mSquareDashedTopSo...[0m
  [90m1472 |[0m ...[36mlt[0m [36mas[0m [33mSquarePause[0m, [36mdefault[0m [36mas[0m [33mSquarePauseIcon[0m } [36mfrom[0m [32m'./icons/squ...[0m
  [90m1473 |[0m ... [36mdefault[0m [36mas[0m [33mSquareRoundCorner[0m, [36mdefault[0m [36mas[0m [33mSquareRoundCornerIcon[0m }.[36m..[0m



Import traces:
  Client Component Browser:
    ./.gemini/antigravity/scratch/teacher-tracking/node_modules/lucide-react/dist/esm/lucide-react.mjs [Client Component Browser]
    ./.gemini/antigravity/scratch/teacher-tracking/src/components/pages/DailyTasksPage.tsx [Client Component Browser]
    ./.gemini/antigravity/scratch/teacher-tracking/src/components/AppShell.tsx [Client Component Browser]
    ./.gemini/antigravity/scratch/teacher-tracking/src/app/page.tsx [Client Component Browser]
    ./.gemini/antigravity/scratch/teacher-tracking/src/app/page.tsx [Server Component]

  Client Component SSR:
    ./.gemini/antigravity/scratch/teacher-tracking/node_modules/lucide-react/dist/esm/lucide-react.mjs [Client Component SSR]
    ./.gemini/antigravity/scratch/teacher-tracking/src/components/pages/DailyTasksPage.tsx [Client Component SSR]
    ./.gemini/antigravity/scratch/teacher-tracking/src/components/AppShell.tsx [Client Component SSR]
    ./.gemini/antigravity/scratch/teacher-tracking/src/app/page.tsx [Client Component SSR]
    ./.gemini/antigravity/scratch/teacher-tracking/src/app/page.tsx [Server Component]

https://nextjs.org/docs/messages/module-not-found


./.gemini/antigravity/scratch/teacher-tracking/node_modules/lucide-react/dist/esm/lucide-react.mjs:190:1
Module not found: Can't resolve './icons/square-dashed-kanban.mjs'
  [90m188 |[0m ... [36mas[0m [33mLucideSquareCode[0m, [36mdefault[0m [36mas[0m [33mSquareCode[0m, [36mdefault[0m [36mas[0m [33mSquareCode...[0m
  [90m189 |[0m ...[36mdefault[0m [36mas[0m [33mMousePointerSquareDashed[0m, [36mdefault[0m [36mas[0m [33mMousePointerSquare...[0m
[31m[1m>[0m [90m190 |[0m ...[33mbanSquareDashed[0m, [36mdefault[0m [36mas[0m [33mLucideSquareDashedKanban[0m, [36mdefault[0m [36mas[0m [33mS...[0m
  [90m    |[0m    [31m[1m^^^^^^^^^^^^^^^^^^^^^^^^^^^^^^^^^^^^^^^^^^^^^^^^^^^^^^^^^^^^^^^^^^^^^[0m
  [90m191 |[0m ...[33melection[0m, [36mdefault[0m [36mas[0m [33mSquareDashedText[0m, [36mdefault[0m [36mas[0m [33mSquareDashedText...[0m
  [90m192 |[0m ... [33mLucideSquareDashed[0m, [36mdefault[0m [36mas[0m [33mSquareDashed[0m, [36mdefault[0m [36mas[0m [33mSquareDas...[0m
  [90m193 |[0m ...[36mefault[0m [36mas[0m [33mLucideSquareDivide[0m, [36mdefault[0m [36mas[0m [33mSquareDivide[0m, [36mdefault[0m [36mas[0m [33m...[0m



Import traces:
  Client Component Browser:
    ./.gemini/antigravity/scratch/teacher-tracking/node_modules/lucide-react/dist/esm/lucide-react.mjs [Client Component Browser]
    ./.gemini/antigravity/scratch/teacher-tracking/src/components/pages/DailyTasksPage.tsx [Client Component Browser]
    ./.gemini/antigravity/scratch/teacher-tracking/src/components/AppShell.tsx [Client Component Browser]
    ./.gemini/antigravity/scratch/teacher-tracking/src/app/page.tsx [Client Component Browser]
    ./.gemini/antigravity/scratch/teacher-tracking/src/app/page.tsx [Server Component]

  Client Component SSR:
    ./.gemini/antigravity/scratch/teacher-tracking/node_modules/lucide-react/dist/esm/lucide-react.mjs [Client Component SSR]
    ./.gemini/antigravity/scratch/teacher-tracking/src/components/pages/DailyTasksPage.tsx [Client Component SSR]
    ./.gemini/antigravity/scratch/teacher-tracking/src/components/AppShell.tsx [Client Component SSR]
    ./.gemini/antigravity/scratch/teacher-tracking/src/app/page.tsx [Client Component SSR]
    ./.gemini/antigravity/scratch/teacher-tracking/src/app/page.tsx [Server Component]

https://nextjs.org/docs/messages/module-not-found


./.gemini/antigravity/scratch/teacher-tracking/node_modules/lucide-react/dist/esm/lucide-react.mjs:189:1
Module not found: Can't resolve './icons/square-dashed-mouse-pointer.mjs'
  [90m187 |[0m ...[33mcideSquareChevronUp[0m, [36mdefault[0m [36mas[0m [33mSquareChevronUp[0m, [36mdefault[0m [36mas[0m [33mSquare...[0m
  [90m188 |[0m ... [36mdefault[0m [36mas[0m [33mSquareCode[0m, [36mdefault[0m [36mas[0m [33mSquareCodeIcon[0m } [36mfrom[0m [32m'./icons/...[0m
[31m[1m>[0m [90m189 |[0m ...[33merSquareDashed[0m, [36mdefault[0m [36mas[0m [33mMousePointerSquareDashedIcon[0m, [36mdefault[0m [36ma.[0m.[33m.[0m
  [90m    |[0m    [31m[1m^^^^^^^^^^^^^^^^^^^^^^^^^^^^^^^^^^^^^^^^^^^^^^^^^^^^^^^^^^^^^^^^^^^^^[0m
  [90m190 |[0m ...[36mult[0m [36mas[0m [33mLucideSquareDashedKanban[0m, [36mdefault[0m [36mas[0m [33mSquareDashedKanban[0m, [36mde...[0m
  [90m191 |[0m ...[33mSquareDashedText[0m, [36mdefault[0m [36mas[0m [33mSquareDashedTextIcon[0m, [36mdefault[0m [36mas[0m [33mText...[0m
  [90m192 |[0m ...[36mdefault[0m [36mas[0m [33mSquareDashed[0m, [36mdefault[0m [36mas[0m [33mSquareDashedIcon[0m } [36mfrom[0m [32m'./ico...[0m



Import traces:
  Client Component Browser:
    ./.gemini/antigravity/scratch/teacher-tracking/node_modules/lucide-react/dist/esm/lucide-react.mjs [Client Component Browser]
    ./.gemini/antigravity/scratch/teacher-tracking/src/components/pages/DailyTasksPage.tsx [Client Component Browser]
    ./.gemini/antigravity/scratch/teacher-tracking/src/components/AppShell.tsx [Client Component Browser]
    ./.gemini/antigravity/scratch/teacher-tracking/src/app/page.tsx [Client Component Browser]
    ./.gemini/antigravity/scratch/teacher-tracking/src/app/page.tsx [Server Component]

  Client Component SSR:
    ./.gemini/antigravity/scratch/teacher-tracking/node_modules/lucide-react/dist/esm/lucide-react.mjs [Client Component SSR]
    ./.gemini/antigravity/scratch/teacher-tracking/src/components/pages/DailyTasksPage.tsx [Client Component SSR]
    ./.gemini/antigravity/scratch/teacher-tracking/src/components/AppShell.tsx [Client Component SSR]
    ./.gemini/antigravity/scratch/teacher-tracking/src/app/page.tsx [Client Component SSR]
    ./.gemini/antigravity/scratch/teacher-tracking/src/app/page.tsx [Server Component]

https://nextjs.org/docs/messages/module-not-found


./.gemini/antigravity/scratch/teacher-tracking/node_modules/lucide-react/dist/esm/lucide-react.mjs:191:1
Module not found: Can't resolve './icons/square-dashed-text.mjs'
  [90m189 |[0m ...[33meDashed[0m, [36mdefault[0m [36mas[0m [33mMousePointerSquareDashedIcon[0m, [36mdefault[0m [36mas[0m [33mSquar...[0m
  [90m190 |[0m ...[33mLucideSquareDashedKanban[0m, [36mdefault[0m [36mas[0m [33mSquareDashedKanban[0m, [36mdefault[0m [36ma.[0m.[33m.[0m
[31m[1m>[0m [90m191 |[0m ...[33mashedText[0m, [36mdefault[0m [36mas[0m [33mSquareDashedTextIcon[0m, [36mdefault[0m [36mas[0m [33mTextSelect[0m,.[36m..[0m
  [90m    |[0m    [31m[1m^^^^^^^^^^^^^^^^^^^^^^^^^^^^^^^^^^^^^^^^^^^^^^^^^^^^^^^^^^^^^^^^^^^^^[0m
  [90m192 |[0m ... [36mas[0m [33mSquareDashed[0m, [36mdefault[0m [36mas[0m [33mSquareDashedIcon[0m } [36mfrom[0m [32m'./icons/squa...[0m
  [90m193 |[0m ..., [36mdefault[0m [36mas[0m [33mSquareDivide[0m, [36mdefault[0m [36mas[0m [33mSquareDivideIcon[0m } [36mfrom[0m [32m'./i...[0m
  [90m194 |[0m ...[36mfault[0m [36mas[0m [33mSquareEqual[0m, [36mdefault[0m [36mas[0m [33mSquareEqualIcon[0m } [36mfrom[0m [32m'./icons/s...[0m



Import traces:
  Client Component Browser:
    ./.gemini/antigravity/scratch/teacher-tracking/node_modules/lucide-react/dist/esm/lucide-react.mjs [Client Component Browser]
    ./.gemini/antigravity/scratch/teacher-tracking/src/components/pages/DailyTasksPage.tsx [Client Component Browser]
    ./.gemini/antigravity/scratch/teacher-tracking/src/components/AppShell.tsx [Client Component Browser]
    ./.gemini/antigravity/scratch/teacher-tracking/src/app/page.tsx [Client Component Browser]
    ./.gemini/antigravity/scratch/teacher-tracking/src/app/page.tsx [Server Component]

  Client Component SSR:
    ./.gemini/antigravity/scratch/teacher-tracking/node_modules/lucide-react/dist/esm/lucide-react.mjs [Client Component SSR]
    ./.gemini/antigravity/scratch/teacher-tracking/src/components/pages/DailyTasksPage.tsx [Client Component SSR]
    ./.gemini/antigravity/scratch/teacher-tracking/src/components/AppShell.tsx [Client Component SSR]
    ./.gemini/antigravity/scratch/teacher-tracking/src/app/page.tsx [Client Component SSR]
    ./.gemini/antigravity/scratch/teacher-tracking/src/app/page.tsx [Server Component]

https://nextjs.org/docs/messages/module-not-found


./.gemini/antigravity/scratch/teacher-tracking/node_modules/lucide-react/dist/esm/lucide-react.mjs:1471:1
Module not found: Can't resolve './icons/square-dashed-top-solid.mjs'
  [90m1469 |[0m ... [36mdefault[0m [36mas[0m [33mSquareDashedBottomCode[0m, [36mdefault[0m [36mas[0m [33mSquareDashedBottom...[0m
  [90m1470 |[0m ...[36mault[0m [36mas[0m [33mSquareDashedBottom[0m, [36mdefault[0m [36mas[0m [33mSquareDashedBottomIcon[0m } [36mf...[0m
[31m[1m>[0m [90m1471 |[0m ...[36mefault[0m [36mas[0m [33mSquareDashedTopSolid[0m, [36mdefault[0m [36mas[0m [33mSquareDashedTopSolidIc..[0m.
  [90m     |[0m    [31m[1m^^^^^^^^^^^^^^^^^^^^^^^^^^^^^^^^^^^^^^^^^^^^^^^^^^^^^^^^^^^^^^^^^^^^[0m
  [90m1472 |[0m ... [33mSquarePause[0m, [36mdefault[0m [36mas[0m [33mSquarePauseIcon[0m } [36mfrom[0m [32m'./icons/square-p...[0m
  [90m1473 |[0m ...[36mult[0m [36mas[0m [33mSquareRoundCorner[0m, [36mdefault[0m [36mas[0m [33mSquareRoundCornerIcon[0m } [36mfrom[0m.[32m..[0m
  [90m1474 |[0m ...[36mas[0m [33mSquareRadical[0m, [36mdefault[0m [36mas[0m [33mSquareRadicalIcon[0m } [36mfrom[0m [32m'./icons/sq...[0m



Import traces:
  Client Component Browser:
    ./.gemini/antigravity/scratch/teacher-tracking/node_modules/lucide-react/dist/esm/lucide-react.mjs [Client Component Browser]
    ./.gemini/antigravity/scratch/teacher-tracking/src/components/pages/DailyTasksPage.tsx [Client Component Browser]
    ./.gemini/antigravity/scratch/teacher-tracking/src/components/AppShell.tsx [Client Component Browser]
    ./.gemini/antigravity/scratch/teacher-tracking/src/app/page.tsx [Client Component Browser]
    ./.gemini/antigravity/scratch/teacher-tracking/src/app/page.tsx [Server Component]

  Client Component SSR:
    ./.gemini/antigravity/scratch/teacher-tracking/node_modules/lucide-react/dist/esm/lucide-react.mjs [Client Component SSR]
    ./.gemini/antigravity/scratch/teacher-tracking/src/components/pages/DailyTasksPage.tsx [Client Component SSR]
    ./.gemini/antigravity/scratch/teacher-tracking/src/components/AppShell.tsx [Client Component SSR]
    ./.gemini/antigravity/scratch/teacher-tracking/src/app/page.tsx [Client Component SSR]
    ./.gemini/antigravity/scratch/teacher-tracking/src/app/page.tsx [Server Component]

https://nextjs.org/docs/messages/module-not-found


./.gemini/antigravity/scratch/teacher-tracking/node_modules/lucide-react/dist/esm/lucide-react.mjs:192:1
Module not found: Can't resolve './icons/square-dashed.mjs'
  [90m190 |[0m ...[33mIcon[0m, [36mdefault[0m [36mas[0m [33mLucideKanbanSquareDashed[0m, [36mdefault[0m [36mas[0m [33mLucideSquare...[0m
  [90m191 |[0m ...[33mct[0m, [36mdefault[0m [36mas[0m [33mLucideTextSelection[0m, [36mdefault[0m [36mas[0m [33mSquareDashedText[0m, [36md...[0m
[31m[1m>[0m [90m192 |[0m ...[33mucideBoxSelect[0m, [36mdefault[0m [36mas[0m [33mLucideSquareDashed[0m, [36mdefault[0m [36mas[0m [33mSquareDa...[0m
  [90m    |[0m    [31m[1m^^^^^^^^^^^^^^^^^^^^^^^^^^^^^^^^^^^^^^^^^^^^^^^^^^^^^^^^^^^^^^^^^^^^^[0m
  [90m193 |[0m ...[36mt[0m [36mas[0m [33mLucideDivideSquare[0m, [36mdefault[0m [36mas[0m [33mLucideSquareDivide[0m, [36mdefault[0m [36mas[0m.[33m..[0m
  [90m194 |[0m ...[36mas[0m [33mLucideEqualSquare[0m, [36mdefault[0m [36mas[0m [33mLucideSquareEqual[0m, [36mdefault[0m [36mas[0m [33mSqu...[0m
  [90m195 |[0m ...[33mucideDotSquare[0m, [36mdefault[0m [36mas[0m [33mLucideSquareDot[0m, [36mdefault[0m [36mas[0m [33mSquareDot[0m, ...



Import traces:
  Client Component Browser:
    ./.gemini/antigravity/scratch/teacher-tracking/node_modules/lucide-react/dist/esm/lucide-react.mjs [Client Component Browser]
    ./.gemini/antigravity/scratch/teacher-tracking/src/components/pages/DailyTasksPage.tsx [Client Component Browser]
    ./.gemini/antigravity/scratch/teacher-tracking/src/components/AppShell.tsx [Client Component Browser]
    ./.gemini/antigravity/scratch/teacher-tracking/src/app/page.tsx [Client Component Browser]
    ./.gemini/antigravity/scratch/teacher-tracking/src/app/page.tsx [Server Component]

  Client Component SSR:
    ./.gemini/antigravity/scratch/teacher-tracking/node_modules/lucide-react/dist/esm/lucide-react.mjs [Client Component SSR]
    ./.gemini/antigravity/scratch/teacher-tracking/src/components/pages/DailyTasksPage.tsx [Client Component SSR]
    ./.gemini/antigravity/scratch/teacher-tracking/src/components/AppShell.tsx [Client Component SSR]
    ./.gemini/antigravity/scratch/teacher-tracking/src/app/page.tsx [Client Component SSR]
    ./.gemini/antigravity/scratch/teacher-tracking/src/app/page.tsx [Server Component]

https://nextjs.org/docs/messages/module-not-found


./.gemini/antigravity/scratch/teacher-tracking/node_modules/lucide-react/dist/esm/lucide-react.mjs:193:1
Module not found: Can't resolve './icons/square-divide.mjs'
  [90m191 |[0m ...[36mdefault[0m [36mas[0m [33mLucideTextSelection[0m, [36mdefault[0m [36mas[0m [33mSquareDashedText[0m, [36mdefau..[0m.
  [90m192 |[0m ...[33meBoxSelect[0m, [36mdefault[0m [36mas[0m [33mLucideSquareDashed[0m, [36mdefault[0m [36mas[0m [33mSquareDashed[0m..[36m.[0m
[31m[1m>[0m [90m193 |[0m ... [33mLucideDivideSquare[0m, [36mdefault[0m [36mas[0m [33mLucideSquareDivide[0m, [36mdefault[0m [36mas[0m [33mSqu...[0m
  [90m    |[0m    [31m[1m^^^^^^^^^^^^^^^^^^^^^^^^^^^^^^^^^^^^^^^^^^^^^^^^^^^^^^^^^^^^^^^^^^^^^[0m
  [90m194 |[0m ...[33mucideEqualSquare[0m, [36mdefault[0m [36mas[0m [33mLucideSquareEqual[0m, [36mdefault[0m [36mas[0m [33mSquareE...[0m
  [90m195 |[0m ...[33meDotSquare[0m, [36mdefault[0m [36mas[0m [33mLucideSquareDot[0m, [36mdefault[0m [36mas[0m [33mSquareDot[0m, [36mdefa...[0m
  [90m196 |[0m ...[36mt[0m [36mas[0m [33mLucideFunctionSquare[0m, [36mdefault[0m [36mas[0m [33mLucideSquareFunction[0m, [36mdefaul.[0m.[36m.[0m



Import traces:
  Client Component Browser:
    ./.gemini/antigravity/scratch/teacher-tracking/node_modules/lucide-react/dist/esm/lucide-react.mjs [Client Component Browser]
    ./.gemini/antigravity/scratch/teacher-tracking/src/components/pages/DailyTasksPage.tsx [Client Component Browser]
    ./.gemini/antigravity/scratch/teacher-tracking/src/components/AppShell.tsx [Client Component Browser]
    ./.gemini/antigravity/scratch/teacher-tracking/src/app/page.tsx [Client Component Browser]
    ./.gemini/antigravity/scratch/teacher-tracking/src/app/page.tsx [Server Component]

  Client Component SSR:
    ./.gemini/antigravity/scratch/teacher-tracking/node_modules/lucide-react/dist/esm/lucide-react.mjs [Client Component SSR]
    ./.gemini/antigravity/scratch/teacher-tracking/src/components/pages/DailyTasksPage.tsx [Client Component SSR]
    ./.gemini/antigravity/scratch/teacher-tracking/src/components/AppShell.tsx [Client Component SSR]
    ./.gemini/antigravity/scratch/teacher-tracking/src/app/page.tsx [Client Component SSR]
    ./.gemini/antigravity/scratch/teacher-tracking/src/app/page.tsx [Server Component]

https://nextjs.org/docs/messages/module-not-found


./.gemini/antigravity/scratch/teacher-tracking/node_modules/lucide-react/dist/esm/lucide-react.mjs:195:1
Module not found: Can't resolve './icons/square-dot.mjs'
  [90m193 |[0m ...[36mdefault[0m [36mas[0m [33mLucideDivideSquare[0m, [36mdefault[0m [36mas[0m [33mLucideSquareDivide[0m, [36mdefa...[0m
  [90m194 |[0m ...[36mfault[0m [36mas[0m [33mLucideEqualSquare[0m, [36mdefault[0m [36mas[0m [33mLucideSquareEqual[0m, [36mdefault[0m [36m..[0m.
[31m[1m>[0m [90m195 |[0m ...[36mt[0m [36mas[0m [33mLucideDotSquare[0m, [36mdefault[0m [36mas[0m [33mLucideSquareDot[0m, [36mdefault[0m [36mas[0m [33mSquar...[0m
  [90m    |[0m    [31m[1m^^^^^^^^^^^^^^^^^^^^^^^^^^^^^^^^^^^^^^^^^^^^^^^^^^^^^^^^^^^^^^^^^^^^^[0m
  [90m196 |[0m ...[33mon[0m, [36mdefault[0m [36mas[0m [33mLucideFunctionSquare[0m, [36mdefault[0m [36mas[0m [33mLucideSquareFuncti..[0m.
  [90m197 |[0m ..., [36mdefault[0m [36mas[0m [33mLucideLibrarySquare[0m, [36mdefault[0m [36mas[0m [33mLucideSquareLibrary[0m, [36m...[0m
  [90m198 |[0m ...[36mdefault[0m [36mas[0m [33mLucideKanbanSquare[0m, [36mdefault[0m [36mas[0m [33mLucideSquareKanban[0m, [36mdefa...[0m



Import traces:
  Client Component Browser:
    ./.gemini/antigravity/scratch/teacher-tracking/node_modules/lucide-react/dist/esm/lucide-react.mjs [Client Component Browser]
    ./.gemini/antigravity/scratch/teacher-tracking/src/components/pages/DailyTasksPage.tsx [Client Component Browser]
    ./.gemini/antigravity/scratch/teacher-tracking/src/components/AppShell.tsx [Client Component Browser]
    ./.gemini/antigravity/scratch/teacher-tracking/src/app/page.tsx [Client Component Browser]
    ./.gemini/antigravity/scratch/teacher-tracking/src/app/page.tsx [Server Component]

  Client Component SSR:
    ./.gemini/antigravity/scratch/teacher-tracking/node_modules/lucide-react/dist/esm/lucide-react.mjs [Client Component SSR]
    ./.gemini/antigravity/scratch/teacher-tracking/src/components/pages/DailyTasksPage.tsx [Client Component SSR]
    ./.gemini/antigravity/scratch/teacher-tracking/src/components/AppShell.tsx [Client Component SSR]
    ./.gemini/antigravity/scratch/teacher-tracking/src/app/page.tsx [Client Component SSR]
    ./.gemini/antigravity/scratch/teacher-tracking/src/app/page.tsx [Server Component]

https://nextjs.org/docs/messages/module-not-found


./.gemini/antigravity/scratch/teacher-tracking/node_modules/lucide-react/dist/esm/lucide-react.mjs:194:1
Module not found: Can't resolve './icons/square-equal.mjs'
  [90m192 |[0m ...[33mcideBoxSelect[0m, [36mdefault[0m [36mas[0m [33mLucideSquareDashed[0m, [36mdefault[0m [36mas[0m [33mSquareDas...[0m
  [90m193 |[0m ... [36mas[0m [33mLucideDivideSquare[0m, [36mdefault[0m [36mas[0m [33mLucideSquareDivide[0m, [36mdefault[0m [36mas[0m [33m...[0m
[31m[1m>[0m [90m194 |[0m ...[36ms[0m [33mLucideEqualSquare[0m, [36mdefault[0m [36mas[0m [33mLucideSquareEqual[0m, [36mdefault[0m [36mas[0m [33mSqua...[0m
  [90m    |[0m    [31m[1m^^^^^^^^^^^^^^^^^^^^^^^^^^^^^^^^^^^^^^^^^^^^^^^^^^^^^^^^^^^^^^^^^^^^^[0m
  [90m195 |[0m ...[33mcideDotSquare[0m, [36mdefault[0m [36mas[0m [33mLucideSquareDot[0m, [36mdefault[0m [36mas[0m [33mSquareDot[0m, [36md...[0m
  [90m196 |[0m ...[36mault[0m [36mas[0m [33mLucideFunctionSquare[0m, [36mdefault[0m [36mas[0m [33mLucideSquareFunction[0m, [36mdef...[0m
  [90m197 |[0m ...[36mlt[0m [36mas[0m [33mLucideLibrarySquare[0m, [36mdefault[0m [36mas[0m [33mLucideSquareLibrary[0m, [36mdefault[0m.[36m..[0m



Import traces:
  Client Component Browser:
    ./.gemini/antigravity/scratch/teacher-tracking/node_modules/lucide-react/dist/esm/lucide-react.mjs [Client Component Browser]
    ./.gemini/antigravity/scratch/teacher-tracking/src/components/pages/DailyTasksPage.tsx [Client Component Browser]
    ./.gemini/antigravity/scratch/teacher-tracking/src/components/AppShell.tsx [Client Component Browser]
    ./.gemini/antigravity/scratch/teacher-tracking/src/app/page.tsx [Client Component Browser]
    ./.gemini/antigravity/scratch/teacher-tracking/src/app/page.tsx [Server Component]

  Client Component SSR:
    ./.gemini/antigravity/scratch/teacher-tracking/node_modules/lucide-react/dist/esm/lucide-react.mjs [Client Component SSR]
    ./.gemini/antigravity/scratch/teacher-tracking/src/components/pages/DailyTasksPage.tsx [Client Component SSR]
    ./.gemini/antigravity/scratch/teacher-tracking/src/components/AppShell.tsx [Client Component SSR]
    ./.gemini/antigravity/scratch/teacher-tracking/src/app/page.tsx [Client Component SSR]
    ./.gemini/antigravity/scratch/teacher-tracking/src/app/page.tsx [Server Component]

https://nextjs.org/docs/messages/module-not-found


./.gemini/antigravity/scratch/teacher-tracking/node_modules/lucide-react/dist/esm/lucide-react.mjs:196:1
Module not found: Can't resolve './icons/square-function.mjs'
  [90m194 |[0m ...[33mualSquare[0m, [36mdefault[0m [36mas[0m [33mLucideSquareEqual[0m, [36mdefault[0m [36mas[0m [33mSquareEqual[0m, [36md...[0m
  [90m195 |[0m ...[33mare[0m, [36mdefault[0m [36mas[0m [33mLucideSquareDot[0m, [36mdefault[0m [36mas[0m [33mSquareDot[0m, [36mdefault[0m [36mas[0m [33m...[0m
[31m[1m>[0m [90m196 |[0m ...[33mcideFunctionSquare[0m, [36mdefault[0m [36mas[0m [33mLucideSquareFunction[0m, [36mdefault[0m [36mas[0m [33mSq...[0m
  [90m    |[0m    [31m[1m^^^^^^^^^^^^^^^^^^^^^^^^^^^^^^^^^^^^^^^^^^^^^^^^^^^^^^^^^^^^^^^^^^^^^[0m
  [90m197 |[0m ...[33mdeLibrarySquare[0m, [36mdefault[0m [36mas[0m [33mLucideSquareLibrary[0m, [36mdefault[0m [36mas[0m [33mSquare...[0m
  [90m198 |[0m ...[33mKanbanSquare[0m, [36mdefault[0m [36mas[0m [33mLucideSquareKanban[0m, [36mdefault[0m [36mas[0m [33mSquareKanb..[0m.
  [90m199 |[0m ... [36mdefault[0m [36mas[0m [33mMSquareIcon[0m, [36mdefault[0m [36mas[0m [33mSquareM[0m, [36mdefault[0m [36mas[0m [33mSquareMIco.[0m..



Import traces:
  Client Component Browser:
    ./.gemini/antigravity/scratch/teacher-tracking/node_modules/lucide-react/dist/esm/lucide-react.mjs [Client Component Browser]
    ./.gemini/antigravity/scratch/teacher-tracking/src/components/pages/DailyTasksPage.tsx [Client Component Browser]
    ./.gemini/antigravity/scratch/teacher-tracking/src/components/AppShell.tsx [Client Component Browser]
    ./.gemini/antigravity/scratch/teacher-tracking/src/app/page.tsx [Client Component Browser]
    ./.gemini/antigravity/scratch/teacher-tracking/src/app/page.tsx [Server Component]

  Client Component SSR:
    ./.gemini/antigravity/scratch/teacher-tracking/node_modules/lucide-react/dist/esm/lucide-react.mjs [Client Component SSR]
    ./.gemini/antigravity/scratch/teacher-tracking/src/components/pages/DailyTasksPage.tsx [Client Component SSR]
    ./.gemini/antigravity/scratch/teacher-tracking/src/components/AppShell.tsx [Client Component SSR]
    ./.gemini/antigravity/scratch/teacher-tracking/src/app/page.tsx [Client Component SSR]
    ./.gemini/antigravity/scratch/teacher-tracking/src/app/page.tsx [Server Component]

https://nextjs.org/docs/messages/module-not-found


./.gemini/antigravity/scratch/teacher-tracking/node_modules/lucide-react/dist/esm/lucide-react.mjs:198:1
Module not found: Can't resolve './icons/square-kanban.mjs'
  [90m196 |[0m ...[36mt[0m [36mas[0m [33mLucideFunctionSquare[0m, [36mdefault[0m [36mas[0m [33mLucideSquareFunction[0m, [36mdefaul.[0m.[36m.[0m
  [90m197 |[0m ...[36mas[0m [33mLucideLibrarySquare[0m, [36mdefault[0m [36mas[0m [33mLucideSquareLibrary[0m, [36mdefault[0m [36mas[0m.[33m..[0m
[31m[1m>[0m [90m198 |[0m ... [33mLucideKanbanSquare[0m, [36mdefault[0m [36mas[0m [33mLucideSquareKanban[0m, [36mdefault[0m [36mas[0m [33mSqu...[0m
  [90m    |[0m    [31m[1m^^^^^^^^^^^^^^^^^^^^^^^^^^^^^^^^^^^^^^^^^^^^^^^^^^^^^^^^^^^^^^^^^^^^^[0m
  [90m199 |[0m ...[33mSquare[0m, [36mdefault[0m [36mas[0m [33mMSquareIcon[0m, [36mdefault[0m [36mas[0m [33mSquareM[0m, [36mdefault[0m [36mas[0m [33mSqu...[0m
  [90m200 |[0m ...[36mult[0m [36mas[0m [33mMinusSquare[0m, [36mdefault[0m [36mas[0m [33mMinusSquareIcon[0m, [36mdefault[0m [36mas[0m [33mSquareM...[0m
  [90m201 |[0m ...[36mt[0m [36mas[0m [33mMenuSquare[0m, [36mdefault[0m [36mas[0m [33mMenuSquareIcon[0m, [36mdefault[0m [36mas[0m [33mSquareMenu[0m,...



Import traces:
  Client Component Browser:
    ./.gemini/antigravity/scratch/teacher-tracking/node_modules/lucide-react/dist/esm/lucide-react.mjs [Client Component Browser]
    ./.gemini/antigravity/scratch/teacher-tracking/src/components/pages/DailyTasksPage.tsx [Client Component Browser]
    ./.gemini/antigravity/scratch/teacher-tracking/src/components/AppShell.tsx [Client Component Browser]
    ./.gemini/antigravity/scratch/teacher-tracking/src/app/page.tsx [Client Component Browser]
    ./.gemini/antigravity/scratch/teacher-tracking/src/app/page.tsx [Server Component]

  Client Component SSR:
    ./.gemini/antigravity/scratch/teacher-tracking/node_modules/lucide-react/dist/esm/lucide-react.mjs [Client Component SSR]
    ./.gemini/antigravity/scratch/teacher-tracking/src/components/pages/DailyTasksPage.tsx [Client Component SSR]
    ./.gemini/antigravity/scratch/teacher-tracking/src/components/AppShell.tsx [Client Component SSR]
    ./.gemini/antigravity/scratch/teacher-tracking/src/app/page.tsx [Client Component SSR]
    ./.gemini/antigravity/scratch/teacher-tracking/src/app/page.tsx [Server Component]

https://nextjs.org/docs/messages/module-not-found


./.gemini/antigravity/scratch/teacher-tracking/node_modules/lucide-react/dist/esm/lucide-react.mjs:197:1
Module not found: Can't resolve './icons/square-library.mjs'
  [90m195 |[0m ...[33mSquare[0m, [36mdefault[0m [36mas[0m [33mLucideSquareDot[0m, [36mdefault[0m [36mas[0m [33mSquareDot[0m, [36mdefault[0m [36m..[0m.
  [90m196 |[0m ... [33mLucideFunctionSquare[0m, [36mdefault[0m [36mas[0m [33mLucideSquareFunction[0m, [36mdefault[0m [36mas[0m.[33m..[0m
[31m[1m>[0m [90m197 |[0m ...[33mucideLibrarySquare[0m, [36mdefault[0m [36mas[0m [33mLucideSquareLibrary[0m, [36mdefault[0m [36mas[0m [33mSqu...[0m
  [90m    |[0m    [31m[1m^^^^^^^^^^^^^^^^^^^^^^^^^^^^^^^^^^^^^^^^^^^^^^^^^^^^^^^^^^^^^^^^^^^^^[0m
  [90m198 |[0m ...[33mideKanbanSquare[0m, [36mdefault[0m [36mas[0m [33mLucideSquareKanban[0m, [36mdefault[0m [36mas[0m [33mSquareK...[0m
  [90m199 |[0m ...[33mre[0m, [36mdefault[0m [36mas[0m [33mMSquareIcon[0m, [36mdefault[0m [36mas[0m [33mSquareM[0m, [36mdefault[0m [36mas[0m [33mSquareM...[0m
  [90m200 |[0m ...[36mas[0m [33mMinusSquare[0m, [36mdefault[0m [36mas[0m [33mMinusSquareIcon[0m, [36mdefault[0m [36mas[0m [33mSquareMinus[0m...



Import traces:
  Client Component Browser:
    ./.gemini/antigravity/scratch/teacher-tracking/node_modules/lucide-react/dist/esm/lucide-react.mjs [Client Component Browser]
    ./.gemini/antigravity/scratch/teacher-tracking/src/components/pages/DailyTasksPage.tsx [Client Component Browser]
    ./.gemini/antigravity/scratch/teacher-tracking/src/components/AppShell.tsx [Client Component Browser]
    ./.gemini/antigravity/scratch/teacher-tracking/src/app/page.tsx [Client Component Browser]
    ./.gemini/antigravity/scratch/teacher-tracking/src/app/page.tsx [Server Component]

  Client Component SSR:
    ./.gemini/antigravity/scratch/teacher-tracking/node_modules/lucide-react/dist/esm/lucide-react.mjs [Client Component SSR]
    ./.gemini/antigravity/scratch/teacher-tracking/src/components/pages/DailyTasksPage.tsx [Client Component SSR]
    ./.gemini/antigravity/scratch/teacher-tracking/src/components/AppShell.tsx [Client Component SSR]
    ./.gemini/antigravity/scratch/teacher-tracking/src/app/page.tsx [Client Component SSR]
    ./.gemini/antigravity/scratch/teacher-tracking/src/app/page.tsx [Server Component]

https://nextjs.org/docs/messages/module-not-found


./.gemini/antigravity/scratch/teacher-tracking/node_modules/lucide-react/dist/esm/lucide-react.mjs:199:1
Module not found: Can't resolve './icons/square-m.mjs'
  [90m197 |[0m ...[33mareIcon[0m, [36mdefault[0m [36mas[0m [33mLucideLibrarySquare[0m, [36mdefault[0m [36mas[0m [33mLucideSquareLi...[0m
  [90m198 |[0m ...[33meIcon[0m, [36mdefault[0m [36mas[0m [33mLucideKanbanSquare[0m, [36mdefault[0m [36mas[0m [33mLucideSquareKanba.[0m..
[31m[1m>[0m [90m199 |[0m ...[33mreM[0m, [36mdefault[0m [36mas[0m [33mMSquare[0m, [36mdefault[0m [36mas[0m [33mMSquareIcon[0m, [36mdefault[0m [36mas[0m [33mSquare.[0m..
  [90m    |[0m    [31m[1m^^^^^^^^^^^^^^^^^^^^^^^^^^^^^^^^^^^^^^^^^^^^^^^^^^^^^^^^^^^^^^^^^^^^^[0m
  [90m200 |[0m ...[33mSquareMinus[0m, [36mdefault[0m [36mas[0m [33mMinusSquare[0m, [36mdefault[0m [36mas[0m [33mMinusSquareIcon[0m, [36md...[0m
  [90m201 |[0m ...[33mquareMenu[0m, [36mdefault[0m [36mas[0m [33mMenuSquare[0m, [36mdefault[0m [36mas[0m [33mMenuSquareIcon[0m, [36mdefau..[0m.
  [90m202 |[0m ...[36mault[0m [36mas[0m [33mLucideInspect[0m, [36mdefault[0m [36mas[0m [33mLucideSquareMousePointer[0m, [36mdefaul.[0m.[36m.[0m



Import traces:
  Client Component Browser:
    ./.gemini/antigravity/scratch/teacher-tracking/node_modules/lucide-react/dist/esm/lucide-react.mjs [Client Component Browser]
    ./.gemini/antigravity/scratch/teacher-tracking/src/components/pages/DailyTasksPage.tsx [Client Component Browser]
    ./.gemini/antigravity/scratch/teacher-tracking/src/components/AppShell.tsx [Client Component Browser]
    ./.gemini/antigravity/scratch/teacher-tracking/src/app/page.tsx [Client Component Browser]
    ./.gemini/antigravity/scratch/teacher-tracking/src/app/page.tsx [Server Component]

  Client Component SSR:
    ./.gemini/antigravity/scratch/teacher-tracking/node_modules/lucide-react/dist/esm/lucide-react.mjs [Client Component SSR]
    ./.gemini/antigravity/scratch/teacher-tracking/src/components/pages/DailyTasksPage.tsx [Client Component SSR]
    ./.gemini/antigravity/scratch/teacher-tracking/src/components/AppShell.tsx [Client Component SSR]
    ./.gemini/antigravity/scratch/teacher-tracking/src/app/page.tsx [Client Component SSR]
    ./.gemini/antigravity/scratch/teacher-tracking/src/app/page.tsx [Server Component]

https://nextjs.org/docs/messages/module-not-found


./.gemini/antigravity/scratch/teacher-tracking/node_modules/lucide-react/dist/esm/lucide-react.mjs:201:1
Module not found: Can't resolve './icons/square-menu.mjs'
  [90m199 |[0m ...[36mlt[0m [36mas[0m [33mMSquare[0m, [36mdefault[0m [36mas[0m [33mMSquareIcon[0m, [36mdefault[0m [36mas[0m [33mSquareM[0m, [36mdefault[0m.[36m..[0m
  [90m200 |[0m ...[33ms[0m, [36mdefault[0m [36mas[0m [33mMinusSquare[0m, [36mdefault[0m [36mas[0m [33mMinusSquareIcon[0m, [36mdefault[0m [36mas[0m [33m...[0m
[31m[1m>[0m [90m201 |[0m ... [36mdefault[0m [36mas[0m [33mMenuSquare[0m, [36mdefault[0m [36mas[0m [33mMenuSquareIcon[0m, [36mdefault[0m [36mas[0m [33mSqua...[0m
  [90m    |[0m    [31m[1m^^^^^^^^^^^^^^^^^^^^^^^^^^^^^^^^^^^^^^^^^^^^^^^^^^^^^^^^^^^^^^^^^^^^^[0m
  [90m202 |[0m ...[33mcideInspect[0m, [36mdefault[0m [36mas[0m [33mLucideSquareMousePointer[0m, [36mdefault[0m [36mas[0m [33mSquar...[0m
  [90m203 |[0m ...[33meParkingOff[0m, [36mdefault[0m [36mas[0m [33mParkingSquareOff[0m, [36mdefault[0m [36mas[0m [33mParkingSquare...[0m
  [90m204 |[0m ...[33mit[0m, [36mdefault[0m [36mas[0m [33mLucidePenBox[0m, [36mdefault[0m [36mas[0m [33mLucidePenSquare[0m, [36mdefault[0m [36ma.[0m.[33m.[0m



Import traces:
  Client Component Browser:
    ./.gemini/antigravity/scratch/teacher-tracking/node_modules/lucide-react/dist/esm/lucide-react.mjs [Client Component Browser]
    ./.gemini/antigravity/scratch/teacher-tracking/src/components/pages/DailyTasksPage.tsx [Client Component Browser]
    ./.gemini/antigravity/scratch/teacher-tracking/src/components/AppShell.tsx [Client Component Browser]
    ./.gemini/antigravity/scratch/teacher-tracking/src/app/page.tsx [Client Component Browser]
    ./.gemini/antigravity/scratch/teacher-tracking/src/app/page.tsx [Server Component]

  Client Component SSR:
    ./.gemini/antigravity/scratch/teacher-tracking/node_modules/lucide-react/dist/esm/lucide-react.mjs [Client Component SSR]
    ./.gemini/antigravity/scratch/teacher-tracking/src/components/pages/DailyTasksPage.tsx [Client Component SSR]
    ./.gemini/antigravity/scratch/teacher-tracking/src/components/AppShell.tsx [Client Component SSR]
    ./.gemini/antigravity/scratch/teacher-tracking/src/app/page.tsx [Client Component SSR]
    ./.gemini/antigravity/scratch/teacher-tracking/src/app/page.tsx [Server Component]

https://nextjs.org/docs/messages/module-not-found


./.gemini/antigravity/scratch/teacher-tracking/node_modules/lucide-react/dist/esm/lucide-react.mjs:200:1
Module not found: Can't resolve './icons/square-minus.mjs'
  [90m198 |[0m ... [36mas[0m [33mLucideKanbanSquare[0m, [36mdefault[0m [36mas[0m [33mLucideSquareKanban[0m, [36mdefault[0m [36mas[0m [33m...[0m
  [90m199 |[0m ...[36ms[0m [33mMSquare[0m, [36mdefault[0m [36mas[0m [33mMSquareIcon[0m, [36mdefault[0m [36mas[0m [33mSquareM[0m, [36mdefault[0m [36mas[0m [33m...[0m
[31m[1m>[0m [90m200 |[0m ...[36mefault[0m [36mas[0m [33mMinusSquare[0m, [36mdefault[0m [36mas[0m [33mMinusSquareIcon[0m, [36mdefault[0m [36mas[0m [33mSqua...[0m
  [90m    |[0m    [31m[1m^^^^^^^^^^^^^^^^^^^^^^^^^^^^^^^^^^^^^^^^^^^^^^^^^^^^^^^^^^^^^^^^^^^^^[0m
  [90m201 |[0m ...[36mault[0m [36mas[0m [33mMenuSquare[0m, [36mdefault[0m [36mas[0m [33mMenuSquareIcon[0m, [36mdefault[0m [36mas[0m [33mSquareMe..[0m.
  [90m202 |[0m ...[33mInspect[0m, [36mdefault[0m [36mas[0m [33mLucideSquareMousePointer[0m, [36mdefault[0m [36mas[0m [33mSquareMou...[0m
  [90m203 |[0m ...[33mkingOff[0m, [36mdefault[0m [36mas[0m [33mParkingSquareOff[0m, [36mdefault[0m [36mas[0m [33mParkingSquareOffI...[0m



Import traces:
  Client Component Browser:
    ./.gemini/antigravity/scratch/teacher-tracking/node_modules/lucide-react/dist/esm/lucide-react.mjs [Client Component Browser]
    ./.gemini/antigravity/scratch/teacher-tracking/src/components/pages/DailyTasksPage.tsx [Client Component Browser]
    ./.gemini/antigravity/scratch/teacher-tracking/src/components/AppShell.tsx [Client Component Browser]
    ./.gemini/antigravity/scratch/teacher-tracking/src/app/page.tsx [Client Component Browser]
    ./.gemini/antigravity/scratch/teacher-tracking/src/app/page.tsx [Server Component]

  Client Component SSR:
    ./.gemini/antigravity/scratch/teacher-tracking/node_modules/lucide-react/dist/esm/lucide-react.mjs [Client Component SSR]
    ./.gemini/antigravity/scratch/teacher-tracking/src/components/pages/DailyTasksPage.tsx [Client Component SSR]
    ./.gemini/antigravity/scratch/teacher-tracking/src/components/AppShell.tsx [Client Component SSR]
    ./.gemini/antigravity/scratch/teacher-tracking/src/app/page.tsx [Client Component SSR]
    ./.gemini/antigravity/scratch/teacher-tracking/src/app/page.tsx [Server Component]

https://nextjs.org/docs/messages/module-not-found


./.gemini/antigravity/scratch/teacher-tracking/node_modules/lucide-react/dist/esm/lucide-react.mjs:202:1
Module not found: Can't resolve './icons/square-mouse-pointer.mjs'
  [90m200 |[0m ...[36ms[0m [33mMinusSquare[0m, [36mdefault[0m [36mas[0m [33mMinusSquareIcon[0m, [36mdefault[0m [36mas[0m [33mSquareMinus[0m,.[36m..[0m
  [90m201 |[0m ...[33mMenuSquare[0m, [36mdefault[0m [36mas[0m [33mMenuSquareIcon[0m, [36mdefault[0m [36mas[0m [33mSquareMenu[0m, [36mdefa...[0m
[31m[1m>[0m [90m202 |[0m ... [36mdefault[0m [36mas[0m [33mLucideSquareMousePointer[0m, [36mdefault[0m [36mas[0m [33mSquareMousePointe.[0m..
  [90m    |[0m    [31m[1m^^^^^^^^^^^^^^^^^^^^^^^^^^^^^^^^^^^^^^^^^^^^^^^^^^^^^^^^^^^^^^^^^^^^^[0m
  [90m203 |[0m ... [36mdefault[0m [36mas[0m [33mParkingSquareOff[0m, [36mdefault[0m [36mas[0m [33mParkingSquareOffIcon[0m, [36mdef...[0m
  [90m204 |[0m ...[36mas[0m [33mLucidePenBox[0m, [36mdefault[0m [36mas[0m [33mLucidePenSquare[0m, [36mdefault[0m [36mas[0m [33mLucideSqua...[0m
  [90m205 |[0m ...[36mlt[0m [36mas[0m [33mParkingSquare[0m, [36mdefault[0m [36mas[0m [33mParkingSquareIcon[0m, [36mdefault[0m [36mas[0m [33mSqua...[0m



Import traces:
  Client Component Browser:
    ./.gemini/antigravity/scratch/teacher-tracking/node_modules/lucide-react/dist/esm/lucide-react.mjs [Client Component Browser]
    ./.gemini/antigravity/scratch/teacher-tracking/src/components/pages/DailyTasksPage.tsx [Client Component Browser]
    ./.gemini/antigravity/scratch/teacher-tracking/src/components/AppShell.tsx [Client Component Browser]
    ./.gemini/antigravity/scratch/teacher-tracking/src/app/page.tsx [Client Component Browser]
    ./.gemini/antigravity/scratch/teacher-tracking/src/app/page.tsx [Server Component]

  Client Component SSR:
    ./.gemini/antigravity/scratch/teacher-tracking/node_modules/lucide-react/dist/esm/lucide-react.mjs [Client Component SSR]
    ./.gemini/antigravity/scratch/teacher-tracking/src/components/pages/DailyTasksPage.tsx [Client Component SSR]
    ./.gemini/antigravity/scratch/teacher-tracking/src/components/AppShell.tsx [Client Component SSR]
    ./.gemini/antigravity/scratch/teacher-tracking/src/app/page.tsx [Client Component SSR]
    ./.gemini/antigravity/scratch/teacher-tracking/src/app/page.tsx [Server Component]

https://nextjs.org/docs/messages/module-not-found


./.gemini/antigravity/scratch/teacher-tracking/node_modules/lucide-react/dist/esm/lucide-react.mjs:203:1
Module not found: Can't resolve './icons/square-parking-off.mjs'
  [90m201 |[0m ..., [36mdefault[0m [36mas[0m [33mMenuSquareIcon[0m, [36mdefault[0m [36mas[0m [33mSquareMenu[0m, [36mdefault[0m [36mas[0m [33mSqu...[0m
  [90m202 |[0m ...[36ms[0m [33mLucideSquareMousePointer[0m, [36mdefault[0m [36mas[0m [33mSquareMousePointer[0m, [36mdefault[0m.[36m..[0m
[31m[1m>[0m [90m203 |[0m ...[36ms[0m [33mParkingSquareOff[0m, [36mdefault[0m [36mas[0m [33mParkingSquareOffIcon[0m, [36mdefault[0m [36mas[0m [33mSq...[0m
  [90m    |[0m    [31m[1m^^^^^^^^^^^^^^^^^^^^^^^^^^^^^^^^^^^^^^^^^^^^^^^^^^^^^^^^^^^^^^^^^^^^^[0m
  [90m204 |[0m ...[33menBox[0m, [36mdefault[0m [36mas[0m [33mLucidePenSquare[0m, [36mdefault[0m [36mas[0m [33mLucideSquarePen[0m, [36mdef...[0m
  [90m205 |[0m ...[33mingSquare[0m, [36mdefault[0m [36mas[0m [33mParkingSquareIcon[0m, [36mdefault[0m [36mas[0m [33mSquareParking[0m,.[36m..[0m
  [90m206 |[0m ...[33mentSquare[0m, [36mdefault[0m [36mas[0m [33mPercentSquareIcon[0m, [36mdefault[0m [36mas[0m [33mSquarePercent[0m,...



Import traces:
  Client Component Browser:
    ./.gemini/antigravity/scratch/teacher-tracking/node_modules/lucide-react/dist/esm/lucide-react.mjs [Client Component Browser]
    ./.gemini/antigravity/scratch/teacher-tracking/src/components/pages/DailyTasksPage.tsx [Client Component Browser]
    ./.gemini/antigravity/scratch/teacher-tracking/src/components/AppShell.tsx [Client Component Browser]
    ./.gemini/antigravity/scratch/teacher-tracking/src/app/page.tsx [Client Component Browser]
    ./.gemini/antigravity/scratch/teacher-tracking/src/app/page.tsx [Server Component]

  Client Component SSR:
    ./.gemini/antigravity/scratch/teacher-tracking/node_modules/lucide-react/dist/esm/lucide-react.mjs [Client Component SSR]
    ./.gemini/antigravity/scratch/teacher-tracking/src/components/pages/DailyTasksPage.tsx [Client Component SSR]
    ./.gemini/antigravity/scratch/teacher-tracking/src/components/AppShell.tsx [Client Component SSR]
    ./.gemini/antigravity/scratch/teacher-tracking/src/app/page.tsx [Client Component SSR]
    ./.gemini/antigravity/scratch/teacher-tracking/src/app/page.tsx [Server Component]

https://nextjs.org/docs/messages/module-not-found


./.gemini/antigravity/scratch/teacher-tracking/node_modules/lucide-react/dist/esm/lucide-react.mjs:205:1
Module not found: Can't resolve './icons/square-parking.mjs'
  [90m203 |[0m ..., [36mdefault[0m [36mas[0m [33mParkingSquareOff[0m, [36mdefault[0m [36mas[0m [33mParkingSquareOffIcon[0m, [36mde...[0m
  [90m204 |[0m ... [36mas[0m [33mLucidePenBox[0m, [36mdefault[0m [36mas[0m [33mLucidePenSquare[0m, [36mdefault[0m [36mas[0m [33mLucideSqu...[0m
[31m[1m>[0m [90m205 |[0m ...[36mult[0m [36mas[0m [33mParkingSquare[0m, [36mdefault[0m [36mas[0m [33mParkingSquareIcon[0m, [36mdefault[0m [36mas[0m [33mSqu...[0m
  [90m    |[0m    [31m[1m^^^^^^^^^^^^^^^^^^^^^^^^^^^^^^^^^^^^^^^^^^^^^^^^^^^^^^^^^^^^^^^^^^^^^[0m
  [90m206 |[0m ...[36mult[0m [36mas[0m [33mPercentSquare[0m, [36mdefault[0m [36mas[0m [33mPercentSquareIcon[0m, [36mdefault[0m [36mas[0m [33mSqu...[0m
  [90m207 |[0m ...[33mquare[0m, [36mdefault[0m [36mas[0m [33mPiSquareIcon[0m, [36mdefault[0m [36mas[0m [33mSquarePi[0m, [36mdefault[0m [36mas[0m [33mSq...[0m
  [90m208 |[0m ...[36mult[0m [36mas[0m [33mPilcrowSquare[0m, [36mdefault[0m [36mas[0m [33mPilcrowSquareIcon[0m, [36mdefault[0m [36mas[0m [33mSqu...[0m



Import traces:
  Client Component Browser:
    ./.gemini/antigravity/scratch/teacher-tracking/node_modules/lucide-react/dist/esm/lucide-react.mjs [Client Component Browser]
    ./.gemini/antigravity/scratch/teacher-tracking/src/components/pages/DailyTasksPage.tsx [Client Component Browser]
    ./.gemini/antigravity/scratch/teacher-tracking/src/components/AppShell.tsx [Client Component Browser]
    ./.gemini/antigravity/scratch/teacher-tracking/src/app/page.tsx [Client Component Browser]
    ./.gemini/antigravity/scratch/teacher-tracking/src/app/page.tsx [Server Component]

  Client Component SSR:
    ./.gemini/antigravity/scratch/teacher-tracking/node_modules/lucide-react/dist/esm/lucide-react.mjs [Client Component SSR]
    ./.gemini/antigravity/scratch/teacher-tracking/src/components/pages/DailyTasksPage.tsx [Client Component SSR]
    ./.gemini/antigravity/scratch/teacher-tracking/src/components/AppShell.tsx [Client Component SSR]
    ./.gemini/antigravity/scratch/teacher-tracking/src/app/page.tsx [Client Component SSR]
    ./.gemini/antigravity/scratch/teacher-tracking/src/app/page.tsx [Server Component]

https://nextjs.org/docs/messages/module-not-found


./.gemini/antigravity/scratch/teacher-tracking/node_modules/lucide-react/dist/esm/lucide-react.mjs:1472:1
Module not found: Can't resolve './icons/square-pause.mjs'
  [90m1470 |[0m ...[33mreDashedBottom[0m, [36mdefault[0m [36mas[0m [33mSquareDashedBottom[0m, [36mdefault[0m [36mas[0m [33mSquareD...[0m
  [90m1471 |[0m ...[33mreDashedTopSolid[0m, [36mdefault[0m [36mas[0m [33mSquareDashedTopSolid[0m, [36mdefault[0m [36mas[0m [33mSqu...[0m
[31m[1m>[0m [90m1472 |[0m ...[33mrePause[0m, [36mdefault[0m [36mas[0m [33mSquarePause[0m, [36mdefault[0m [36mas[0m [33mSquarePauseIcon[0m } [36mfro.[0m.[32m.[0m
  [90m     |[0m    [31m[1m^^^^^^^^^^^^^^^^^^^^^^^^^^^^^^^^^^^^^^^^^^^^^^^^^^^^^^^^^^^^^^^^^^^^[0m
  [90m1473 |[0m ...[33mreRoundCorner[0m, [36mdefault[0m [36mas[0m [33mSquareRoundCorner[0m, [36mdefault[0m [36mas[0m [33mSquareRou...[0m
  [90m1474 |[0m ...[33mreRadical[0m, [36mdefault[0m [36mas[0m [33mSquareRadical[0m, [36mdefault[0m [36mas[0m [33mSquareRadicalIcon[0m...
  [90m1475 |[0m ...[33mreSquare[0m, [36mdefault[0m [36mas[0m [33mSquareSquare[0m, [36mdefault[0m [36mas[0m [33mSquareSquareIcon[0m } [36m...[0m



Import traces:
  Client Component Browser:
    ./.gemini/antigravity/scratch/teacher-tracking/node_modules/lucide-react/dist/esm/lucide-react.mjs [Client Component Browser]
    ./.gemini/antigravity/scratch/teacher-tracking/src/components/pages/DailyTasksPage.tsx [Client Component Browser]
    ./.gemini/antigravity/scratch/teacher-tracking/src/components/AppShell.tsx [Client Component Browser]
    ./.gemini/antigravity/scratch/teacher-tracking/src/app/page.tsx [Client Component Browser]
    ./.gemini/antigravity/scratch/teacher-tracking/src/app/page.tsx [Server Component]

  Client Component SSR:
    ./.gemini/antigravity/scratch/teacher-tracking/node_modules/lucide-react/dist/esm/lucide-react.mjs [Client Component SSR]
    ./.gemini/antigravity/scratch/teacher-tracking/src/components/pages/DailyTasksPage.tsx [Client Component SSR]
    ./.gemini/antigravity/scratch/teacher-tracking/src/components/AppShell.tsx [Client Component SSR]
    ./.gemini/antigravity/scratch/teacher-tracking/src/app/page.tsx [Client Component SSR]
    ./.gemini/antigravity/scratch/teacher-tracking/src/app/page.tsx [Server Component]

https://nextjs.org/docs/messages/module-not-found


./.gemini/antigravity/scratch/teacher-tracking/node_modules/lucide-react/dist/esm/lucide-react.mjs:204:1
Module not found: Can't resolve './icons/square-pen.mjs'
  [90m202 |[0m ...[33mSquareMousePointer[0m, [36mdefault[0m [36mas[0m [33mSquareMousePointerIcon[0m } [36mfrom[0m [32m'./ic...[0m
  [90m203 |[0m ...[33mquareOffIcon[0m, [36mdefault[0m [36mas[0m [33mSquareParkingOff[0m, [36mdefault[0m [36mas[0m [33mSquareParkin...[0m
[31m[1m>[0m [90m204 |[0m ...[36mult[0m [36mas[0m [33mLucideSquarePen[0m, [36mdefault[0m [36mas[0m [33mPenBox[0m, [36mdefault[0m [36mas[0m [33mPenBoxIcon[0m, [36m...[0m
  [90m    |[0m    [31m[1m^^^^^^^^^^^^^^^^^^^^^^^^^^^^^^^^^^^^^^^^^^^^^^^^^^^^^^^^^^^^^^^^^^^^^[0m
  [90m205 |[0m ..., [36mdefault[0m [36mas[0m [33mSquareParking[0m, [36mdefault[0m [36mas[0m [33mSquareParkingIcon[0m } [36mfrom[0m [32m'....[0m
  [90m206 |[0m ..., [36mdefault[0m [36mas[0m [33mSquarePercent[0m, [36mdefault[0m [36mas[0m [33mSquarePercentIcon[0m } [36mfrom[0m [32m'....[0m
  [90m207 |[0m ...[33mi[0m, [36mdefault[0m [36mas[0m [33mSquarePiIcon[0m } [36mfrom[0m [32m'./icons/square-pi.mjs'[0m;



Import traces:
  Client Component Browser:
    ./.gemini/antigravity/scratch/teacher-tracking/node_modules/lucide-react/dist/esm/lucide-react.mjs [Client Component Browser]
    ./.gemini/antigravity/scratch/teacher-tracking/src/components/pages/DailyTasksPage.tsx [Client Component Browser]
    ./.gemini/antigravity/scratch/teacher-tracking/src/components/AppShell.tsx [Client Component Browser]
    ./.gemini/antigravity/scratch/teacher-tracking/src/app/page.tsx [Client Component Browser]
    ./.gemini/antigravity/scratch/teacher-tracking/src/app/page.tsx [Server Component]

  Client Component SSR:
    ./.gemini/antigravity/scratch/teacher-tracking/node_modules/lucide-react/dist/esm/lucide-react.mjs [Client Component SSR]
    ./.gemini/antigravity/scratch/teacher-tracking/src/components/pages/DailyTasksPage.tsx [Client Component SSR]
    ./.gemini/antigravity/scratch/teacher-tracking/src/components/AppShell.tsx [Client Component SSR]
    ./.gemini/antigravity/scratch/teacher-tracking/src/app/page.tsx [Client Component SSR]
    ./.gemini/antigravity/scratch/teacher-tracking/src/app/page.tsx [Server Component]

https://nextjs.org/docs/messages/module-not-found


./.gemini/antigravity/scratch/teacher-tracking/node_modules/lucide-react/dist/esm/lucide-react.mjs:206:1
Module not found: Can't resolve './icons/square-percent.mjs'
  [90m204 |[0m ... [36mas[0m [33mLucidePenBox[0m, [36mdefault[0m [36mas[0m [33mLucidePenSquare[0m, [36mdefault[0m [36mas[0m [33mLucideSqu...[0m
  [90m205 |[0m ...[36mult[0m [36mas[0m [33mParkingSquare[0m, [36mdefault[0m [36mas[0m [33mParkingSquareIcon[0m, [36mdefault[0m [36mas[0m [33mSqu...[0m
[31m[1m>[0m [90m206 |[0m ...[36mult[0m [36mas[0m [33mPercentSquare[0m, [36mdefault[0m [36mas[0m [33mPercentSquareIcon[0m, [36mdefault[0m [36mas[0m [33mSqu...[0m
  [90m    |[0m    [31m[1m^^^^^^^^^^^^^^^^^^^^^^^^^^^^^^^^^^^^^^^^^^^^^^^^^^^^^^^^^^^^^^^^^^^^^[0m
  [90m207 |[0m ...[33mquare[0m, [36mdefault[0m [36mas[0m [33mPiSquareIcon[0m, [36mdefault[0m [36mas[0m [33mSquarePi[0m, [36mdefault[0m [36mas[0m [33mSq...[0m
  [90m208 |[0m ...[36mult[0m [36mas[0m [33mPilcrowSquare[0m, [36mdefault[0m [36mas[0m [33mPilcrowSquareIcon[0m, [36mdefault[0m [36mas[0m [33mSqu...[0m
  [90m209 |[0m ... [33mPlaySquare[0m, [36mdefault[0m [36mas[0m [33mPlaySquareIcon[0m, [36mdefault[0m [36mas[0m [33mSquarePlay[0m, [36mdef...[0m



Import traces:
  Client Component Browser:
    ./.gemini/antigravity/scratch/teacher-tracking/node_modules/lucide-react/dist/esm/lucide-react.mjs [Client Component Browser]
    ./.gemini/antigravity/scratch/teacher-tracking/src/components/pages/DailyTasksPage.tsx [Client Component Browser]
    ./.gemini/antigravity/scratch/teacher-tracking/src/components/AppShell.tsx [Client Component Browser]
    ./.gemini/antigravity/scratch/teacher-tracking/src/app/page.tsx [Client Component Browser]
    ./.gemini/antigravity/scratch/teacher-tracking/src/app/page.tsx [Server Component]

  Client Component SSR:
    ./.gemini/antigravity/scratch/teacher-tracking/node_modules/lucide-react/dist/esm/lucide-react.mjs [Client Component SSR]
    ./.gemini/antigravity/scratch/teacher-tracking/src/components/pages/DailyTasksPage.tsx [Client Component SSR]
    ./.gemini/antigravity/scratch/teacher-tracking/src/components/AppShell.tsx [Client Component SSR]
    ./.gemini/antigravity/scratch/teacher-tracking/src/app/page.tsx [Client Component SSR]
    ./.gemini/antigravity/scratch/teacher-tracking/src/app/page.tsx [Server Component]

https://nextjs.org/docs/messages/module-not-found


./.gemini/antigravity/scratch/teacher-tracking/node_modules/lucide-react/dist/esm/lucide-react.mjs:207:1
Module not found: Can't resolve './icons/square-pi.mjs'
  [90m205 |[0m ...[33mquareParking[0m, [36mdefault[0m [36mas[0m [33mParkingSquare[0m, [36mdefault[0m [36mas[0m [33mParkingSquareIc..[0m.
  [90m206 |[0m ...[33mquarePercent[0m, [36mdefault[0m [36mas[0m [33mPercentSquare[0m, [36mdefault[0m [36mas[0m [33mPercentSquareIc..[0m.
[31m[1m>[0m [90m207 |[0m ...[33mPi[0m, [36mdefault[0m [36mas[0m [33mPiSquare[0m, [36mdefault[0m [36mas[0m [33mPiSquareIcon[0m, [36mdefault[0m [36mas[0m [33mSquar...[0m
  [90m    |[0m    [31m[1m^^^^^^^^^^^^^^^^^^^^^^^^^^^^^^^^^^^^^^^^^^^^^^^^^^^^^^^^^^^^^^^^^^^^^[0m
  [90m208 |[0m ...[33mquarePilcrow[0m, [36mdefault[0m [36mas[0m [33mPilcrowSquare[0m, [36mdefault[0m [36mas[0m [33mPilcrowSquareIc..[0m.
  [90m209 |[0m ...[33mrePlay[0m, [36mdefault[0m [36mas[0m [33mPlaySquare[0m, [36mdefault[0m [36mas[0m [33mPlaySquareIcon[0m, [36mdefault[0m [36m..[0m.
  [90m210 |[0m ...[33mrePlus[0m, [36mdefault[0m [36mas[0m [33mPlusSquare[0m, [36mdefault[0m [36mas[0m [33mPlusSquareIcon[0m, [36mdefault[0m [36m..[0m.



Import traces:
  Client Component Browser:
    ./.gemini/antigravity/scratch/teacher-tracking/node_modules/lucide-react/dist/esm/lucide-react.mjs [Client Component Browser]
    ./.gemini/antigravity/scratch/teacher-tracking/src/components/pages/DailyTasksPage.tsx [Client Component Browser]
    ./.gemini/antigravity/scratch/teacher-tracking/src/components/AppShell.tsx [Client Component Browser]
    ./.gemini/antigravity/scratch/teacher-tracking/src/app/page.tsx [Client Component Browser]
    ./.gemini/antigravity/scratch/teacher-tracking/src/app/page.tsx [Server Component]

  Client Component SSR:
    ./.gemini/antigravity/scratch/teacher-tracking/node_modules/lucide-react/dist/esm/lucide-react.mjs [Client Component SSR]
    ./.gemini/antigravity/scratch/teacher-tracking/src/components/pages/DailyTasksPage.tsx [Client Component SSR]
    ./.gemini/antigravity/scratch/teacher-tracking/src/components/AppShell.tsx [Client Component SSR]
    ./.gemini/antigravity/scratch/teacher-tracking/src/app/page.tsx [Client Component SSR]
    ./.gemini/antigravity/scratch/teacher-tracking/src/app/page.tsx [Server Component]

https://nextjs.org/docs/messages/module-not-found


./.gemini/antigravity/scratch/teacher-tracking/node_modules/lucide-react/dist/esm/lucide-react.mjs:208:1
Module not found: Can't resolve './icons/square-pilcrow.mjs'
  [90m206 |[0m ...[36mult[0m [36mas[0m [33mPercentSquare[0m, [36mdefault[0m [36mas[0m [33mPercentSquareIcon[0m, [36mdefault[0m [36mas[0m [33mSqu...[0m
  [90m207 |[0m ...[33mquare[0m, [36mdefault[0m [36mas[0m [33mPiSquareIcon[0m, [36mdefault[0m [36mas[0m [33mSquarePi[0m, [36mdefault[0m [36mas[0m [33mSq...[0m
[31m[1m>[0m [90m208 |[0m ...[36mult[0m [36mas[0m [33mPilcrowSquare[0m, [36mdefault[0m [36mas[0m [33mPilcrowSquareIcon[0m, [36mdefault[0m [36mas[0m [33mSqu...[0m
  [90m    |[0m    [31m[1m^^^^^^^^^^^^^^^^^^^^^^^^^^^^^^^^^^^^^^^^^^^^^^^^^^^^^^^^^^^^^^^^^^^^^[0m
  [90m209 |[0m ... [33mPlaySquare[0m, [36mdefault[0m [36mas[0m [33mPlaySquareIcon[0m, [36mdefault[0m [36mas[0m [33mSquarePlay[0m, [36mdef...[0m
  [90m210 |[0m ... [33mPlusSquare[0m, [36mdefault[0m [36mas[0m [33mPlusSquareIcon[0m, [36mdefault[0m [36mas[0m [33mSquarePlus[0m, [36mdef...[0m
  [90m211 |[0m ...[36mas[0m [33mPowerSquare[0m, [36mdefault[0m [36mas[0m [33mPowerSquareIcon[0m, [36mdefault[0m [36mas[0m [33mSquarePower[0m...



Import traces:
  Client Component Browser:
    ./.gemini/antigravity/scratch/teacher-tracking/node_modules/lucide-react/dist/esm/lucide-react.mjs [Client Component Browser]
    ./.gemini/antigravity/scratch/teacher-tracking/src/components/pages/DailyTasksPage.tsx [Client Component Browser]
    ./.gemini/antigravity/scratch/teacher-tracking/src/components/AppShell.tsx [Client Component Browser]
    ./.gemini/antigravity/scratch/teacher-tracking/src/app/page.tsx [Client Component Browser]
    ./.gemini/antigravity/scratch/teacher-tracking/src/app/page.tsx [Server Component]

  Client Component SSR:
    ./.gemini/antigravity/scratch/teacher-tracking/node_modules/lucide-react/dist/esm/lucide-react.mjs [Client Component SSR]
    ./.gemini/antigravity/scratch/teacher-tracking/src/components/pages/DailyTasksPage.tsx [Client Component SSR]
    ./.gemini/antigravity/scratch/teacher-tracking/src/components/AppShell.tsx [Client Component SSR]
    ./.gemini/antigravity/scratch/teacher-tracking/src/app/page.tsx [Client Component SSR]
    ./.gemini/antigravity/scratch/teacher-tracking/src/app/page.tsx [Server Component]

https://nextjs.org/docs/messages/module-not-found


./.gemini/antigravity/scratch/teacher-tracking/node_modules/lucide-react/dist/esm/lucide-react.mjs:209:1
Module not found: Can't resolve './icons/square-play.mjs'
  [90m207 |[0m ...[36mault[0m [36mas[0m [33mPiSquare[0m, [36mdefault[0m [36mas[0m [33mPiSquareIcon[0m, [36mdefault[0m [36mas[0m [33mSquarePi[0m, [36mde...[0m
  [90m208 |[0m ...[33mlcrow[0m, [36mdefault[0m [36mas[0m [33mPilcrowSquare[0m, [36mdefault[0m [36mas[0m [33mPilcrowSquareIcon[0m, [36mdef...[0m
[31m[1m>[0m [90m209 |[0m ... [36mdefault[0m [36mas[0m [33mPlaySquare[0m, [36mdefault[0m [36mas[0m [33mPlaySquareIcon[0m, [36mdefault[0m [36mas[0m [33mSqua...[0m
  [90m    |[0m    [31m[1m^^^^^^^^^^^^^^^^^^^^^^^^^^^^^^^^^^^^^^^^^^^^^^^^^^^^^^^^^^^^^^^^^^^^^[0m
  [90m210 |[0m ... [36mdefault[0m [36mas[0m [33mPlusSquare[0m, [36mdefault[0m [36mas[0m [33mPlusSquareIcon[0m, [36mdefault[0m [36mas[0m [33mSqua...[0m
  [90m211 |[0m ...[33mr[0m, [36mdefault[0m [36mas[0m [33mPowerSquare[0m, [36mdefault[0m [36mas[0m [33mPowerSquareIcon[0m, [36mdefault[0m [36mas[0m [33m...[0m
  [90m212 |[0m ...[33mcissors[0m, [36mdefault[0m [36mas[0m [33mScissorsSquare[0m, [36mdefault[0m [36mas[0m [33mScissorsSquareIcon[0m,...



Import traces:
  Client Component Browser:
    ./.gemini/antigravity/scratch/teacher-tracking/node_modules/lucide-react/dist/esm/lucide-react.mjs [Client Component Browser]
    ./.gemini/antigravity/scratch/teacher-tracking/src/components/pages/DailyTasksPage.tsx [Client Component Browser]
    ./.gemini/antigravity/scratch/teacher-tracking/src/components/AppShell.tsx [Client Component Browser]
    ./.gemini/antigravity/scratch/teacher-tracking/src/app/page.tsx [Client Component Browser]
    ./.gemini/antigravity/scratch/teacher-tracking/src/app/page.tsx [Server Component]

  Client Component SSR:
    ./.gemini/antigravity/scratch/teacher-tracking/node_modules/lucide-react/dist/esm/lucide-react.mjs [Client Component SSR]
    ./.gemini/antigravity/scratch/teacher-tracking/src/components/pages/DailyTasksPage.tsx [Client Component SSR]
    ./.gemini/antigravity/scratch/teacher-tracking/src/components/AppShell.tsx [Client Component SSR]
    ./.gemini/antigravity/scratch/teacher-tracking/src/app/page.tsx [Client Component SSR]
    ./.gemini/antigravity/scratch/teacher-tracking/src/app/page.tsx [Server Component]

https://nextjs.org/docs/messages/module-not-found


./.gemini/antigravity/scratch/teacher-tracking/node_modules/lucide-react/dist/esm/lucide-react.mjs:210:1
Module not found: Can't resolve './icons/square-plus.mjs'
  [90m208 |[0m ...[33mlcrow[0m, [36mdefault[0m [36mas[0m [33mPilcrowSquare[0m, [36mdefault[0m [36mas[0m [33mPilcrowSquareIcon[0m, [36mdef...[0m
  [90m209 |[0m ... [36mdefault[0m [36mas[0m [33mPlaySquare[0m, [36mdefault[0m [36mas[0m [33mPlaySquareIcon[0m, [36mdefault[0m [36mas[0m [33mSqua...[0m
[31m[1m>[0m [90m210 |[0m ... [36mdefault[0m [36mas[0m [33mPlusSquare[0m, [36mdefault[0m [36mas[0m [33mPlusSquareIcon[0m, [36mdefault[0m [36mas[0m [33mSqua...[0m
  [90m    |[0m    [31m[1m^^^^^^^^^^^^^^^^^^^^^^^^^^^^^^^^^^^^^^^^^^^^^^^^^^^^^^^^^^^^^^^^^^^^^[0m
  [90m211 |[0m ...[33mr[0m, [36mdefault[0m [36mas[0m [33mPowerSquare[0m, [36mdefault[0m [36mas[0m [33mPowerSquareIcon[0m, [36mdefault[0m [36mas[0m [33m...[0m
  [90m212 |[0m ...[33mcissors[0m, [36mdefault[0m [36mas[0m [33mScissorsSquare[0m, [36mdefault[0m [36mas[0m [33mScissorsSquareIcon[0m,.[36m..[0m
  [90m213 |[0m ...[33ma[0m, [36mdefault[0m [36mas[0m [33mSigmaSquare[0m, [36mdefault[0m [36mas[0m [33mSigmaSquareIcon[0m, [36mdefault[0m [36mas[0m [33m...[0m



Import traces:
  Client Component Browser:
    ./.gemini/antigravity/scratch/teacher-tracking/node_modules/lucide-react/dist/esm/lucide-react.mjs [Client Component Browser]
    ./.gemini/antigravity/scratch/teacher-tracking/src/components/pages/DailyTasksPage.tsx [Client Component Browser]
    ./.gemini/antigravity/scratch/teacher-tracking/src/components/AppShell.tsx [Client Component Browser]
    ./.gemini/antigravity/scratch/teacher-tracking/src/app/page.tsx [Client Component Browser]
    ./.gemini/antigravity/scratch/teacher-tracking/src/app/page.tsx [Server Component]

  Client Component SSR:
    ./.gemini/antigravity/scratch/teacher-tracking/node_modules/lucide-react/dist/esm/lucide-react.mjs [Client Component SSR]
    ./.gemini/antigravity/scratch/teacher-tracking/src/components/pages/DailyTasksPage.tsx [Client Component SSR]
    ./.gemini/antigravity/scratch/teacher-tracking/src/components/AppShell.tsx [Client Component SSR]
    ./.gemini/antigravity/scratch/teacher-tracking/src/app/page.tsx [Client Component SSR]
    ./.gemini/antigravity/scratch/teacher-tracking/src/app/page.tsx [Server Component]

https://nextjs.org/docs/messages/module-not-found


./.gemini/antigravity/scratch/teacher-tracking/node_modules/lucide-react/dist/esm/lucide-react.mjs:211:1
Module not found: Can't resolve './icons/square-power.mjs'
  [90m209 |[0m ...[36mault[0m [36mas[0m [33mPlaySquare[0m, [36mdefault[0m [36mas[0m [33mPlaySquareIcon[0m, [36mdefault[0m [36mas[0m [33mSquarePl..[0m.
  [90m210 |[0m ...[36mault[0m [36mas[0m [33mPlusSquare[0m, [36mdefault[0m [36mas[0m [33mPlusSquareIcon[0m, [36mdefault[0m [36mas[0m [33mSquarePl..[0m.
[31m[1m>[0m [90m211 |[0m ...[36mefault[0m [36mas[0m [33mPowerSquare[0m, [36mdefault[0m [36mas[0m [33mPowerSquareIcon[0m, [36mdefault[0m [36mas[0m [33mSqua...[0m
  [90m    |[0m    [31m[1m^^^^^^^^^^^^^^^^^^^^^^^^^^^^^^^^^^^^^^^^^^^^^^^^^^^^^^^^^^^^^^^^^^^^^[0m
  [90m212 |[0m ...[33mors[0m, [36mdefault[0m [36mas[0m [33mScissorsSquare[0m, [36mdefault[0m [36mas[0m [33mScissorsSquareIcon[0m, [36mdef...[0m
  [90m213 |[0m ...[36mefault[0m [36mas[0m [33mSigmaSquare[0m, [36mdefault[0m [36mas[0m [33mSigmaSquareIcon[0m, [36mdefault[0m [36mas[0m [33mSqua...[0m
  [90m214 |[0m ...[36mefault[0m [36mas[0m [33mSlashSquare[0m, [36mdefault[0m [36mas[0m [33mSlashSquareIcon[0m, [36mdefault[0m [36mas[0m [33mSqua...[0m



Import traces:
  Client Component Browser:
    ./.gemini/antigravity/scratch/teacher-tracking/node_modules/lucide-react/dist/esm/lucide-react.mjs [Client Component Browser]
    ./.gemini/antigravity/scratch/teacher-tracking/src/components/pages/DailyTasksPage.tsx [Client Component Browser]
    ./.gemini/antigravity/scratch/teacher-tracking/src/components/AppShell.tsx [Client Component Browser]
    ./.gemini/antigravity/scratch/teacher-tracking/src/app/page.tsx [Client Component Browser]
    ./.gemini/antigravity/scratch/teacher-tracking/src/app/page.tsx [Server Component]

  Client Component SSR:
    ./.gemini/antigravity/scratch/teacher-tracking/node_modules/lucide-react/dist/esm/lucide-react.mjs [Client Component SSR]
    ./.gemini/antigravity/scratch/teacher-tracking/src/components/pages/DailyTasksPage.tsx [Client Component SSR]
    ./.gemini/antigravity/scratch/teacher-tracking/src/components/AppShell.tsx [Client Component SSR]
    ./.gemini/antigravity/scratch/teacher-tracking/src/app/page.tsx [Client Component SSR]
    ./.gemini/antigravity/scratch/teacher-tracking/src/app/page.tsx [Server Component]

https://nextjs.org/docs/messages/module-not-found


./.gemini/antigravity/scratch/teacher-tracking/node_modules/lucide-react/dist/esm/lucide-react.mjs:1474:1
Module not found: Can't resolve './icons/square-radical.mjs'
  [90m1472 |[0m ...[33muse[0m, [36mdefault[0m [36mas[0m [33mSquarePause[0m, [36mdefault[0m [36mas[0m [33mSquarePauseIcon[0m } [36mfrom[0m [32m'....[0m
  [90m1473 |[0m ...[33mundCorner[0m, [36mdefault[0m [36mas[0m [33mSquareRoundCorner[0m, [36mdefault[0m [36mas[0m [33mSquareRoundCo...[0m
[31m[1m>[0m [90m1474 |[0m ...[33mdical[0m, [36mdefault[0m [36mas[0m [33mSquareRadical[0m, [36mdefault[0m [36mas[0m [33mSquareRadicalIcon[0m } [36mf...[0m
  [90m     |[0m    [31m[1m^^^^^^^^^^^^^^^^^^^^^^^^^^^^^^^^^^^^^^^^^^^^^^^^^^^^^^^^^^^^^^^^^^^^[0m
  [90m1475 |[0m ...[33muare[0m, [36mdefault[0m [36mas[0m [33mSquareSquare[0m, [36mdefault[0m [36mas[0m [33mSquareSquareIcon[0m } [36mfrom[0m.[32m..[0m
  [90m1476 |[0m ...[33mack[0m, [36mdefault[0m [36mas[0m [33mSquareStack[0m, [36mdefault[0m [36mas[0m [33mSquareStackIcon[0m } [36mfrom[0m [32m'....[0m
  [90m1477 |[0m ...[33mar[0m, [36mdefault[0m [36mas[0m [33mSquareStar[0m, [36mdefault[0m [36mas[0m [33mSquareStarIcon[0m } [36mfrom[0m [32m'./ic...[0m



Import traces:
  Client Component Browser:
    ./.gemini/antigravity/scratch/teacher-tracking/node_modules/lucide-react/dist/esm/lucide-react.mjs [Client Component Browser]
    ./.gemini/antigravity/scratch/teacher-tracking/src/components/pages/DailyTasksPage.tsx [Client Component Browser]
    ./.gemini/antigravity/scratch/teacher-tracking/src/components/AppShell.tsx [Client Component Browser]
    ./.gemini/antigravity/scratch/teacher-tracking/src/app/page.tsx [Client Component Browser]
    ./.gemini/antigravity/scratch/teacher-tracking/src/app/page.tsx [Server Component]

  Client Component SSR:
    ./.gemini/antigravity/scratch/teacher-tracking/node_modules/lucide-react/dist/esm/lucide-react.mjs [Client Component SSR]
    ./.gemini/antigravity/scratch/teacher-tracking/src/components/pages/DailyTasksPage.tsx [Client Component SSR]
    ./.gemini/antigravity/scratch/teacher-tracking/src/components/AppShell.tsx [Client Component SSR]
    ./.gemini/antigravity/scratch/teacher-tracking/src/app/page.tsx [Client Component SSR]
    ./.gemini/antigravity/scratch/teacher-tracking/src/app/page.tsx [Server Component]

https://nextjs.org/docs/messages/module-not-found


./.gemini/antigravity/scratch/teacher-tracking/node_modules/lucide-react/dist/esm/lucide-react.mjs:1473:1
Module not found: Can't resolve './icons/square-round-corner.mjs'
  [90m1471 |[0m ...[33molid[0m, [36mdefault[0m [36mas[0m [33mSquareDashedTopSolid[0m, [36mdefault[0m [36mas[0m [33mSquareDashedTop...[0m
  [90m1472 |[0m ...[36mault[0m [36mas[0m [33mSquarePause[0m, [36mdefault[0m [36mas[0m [33mSquarePauseIcon[0m } [36mfrom[0m [32m'./icons/s...[0m
[31m[1m>[0m [90m1473 |[0m ...[33mr[0m, [36mdefault[0m [36mas[0m [33mSquareRoundCorner[0m, [36mdefault[0m [36mas[0m [33mSquareRoundCornerIcon[0m...
  [90m     |[0m    [31m[1m^^^^^^^^^^^^^^^^^^^^^^^^^^^^^^^^^^^^^^^^^^^^^^^^^^^^^^^^^^^^^^^^^^^^[0m
  [90m1474 |[0m ...[36mefault[0m [36mas[0m [33mSquareRadical[0m, [36mdefault[0m [36mas[0m [33mSquareRadicalIcon[0m } [36mfrom[0m [32m'./i...[0m
  [90m1475 |[0m ...[36mfault[0m [36mas[0m [33mSquareSquare[0m, [36mdefault[0m [36mas[0m [33mSquareSquareIcon[0m } [36mfrom[0m [32m'./icon...[0m
  [90m1476 |[0m ...[36mault[0m [36mas[0m [33mSquareStack[0m, [36mdefault[0m [36mas[0m [33mSquareStackIcon[0m } [36mfrom[0m [32m'./icons/s...[0m



Import traces:
  Client Component Browser:
    ./.gemini/antigravity/scratch/teacher-tracking/node_modules/lucide-react/dist/esm/lucide-react.mjs [Client Component Browser]
    ./.gemini/antigravity/scratch/teacher-tracking/src/components/pages/DailyTasksPage.tsx [Client Component Browser]
    ./.gemini/antigravity/scratch/teacher-tracking/src/components/AppShell.tsx [Client Component Browser]
    ./.gemini/antigravity/scratch/teacher-tracking/src/app/page.tsx [Client Component Browser]
    ./.gemini/antigravity/scratch/teacher-tracking/src/app/page.tsx [Server Component]

  Client Component SSR:
    ./.gemini/antigravity/scratch/teacher-tracking/node_modules/lucide-react/dist/esm/lucide-react.mjs [Client Component SSR]
    ./.gemini/antigravity/scratch/teacher-tracking/src/components/pages/DailyTasksPage.tsx [Client Component SSR]
    ./.gemini/antigravity/scratch/teacher-tracking/src/components/AppShell.tsx [Client Component SSR]
    ./.gemini/antigravity/scratch/teacher-tracking/src/app/page.tsx [Client Component SSR]
    ./.gemini/antigravity/scratch/teacher-tracking/src/app/page.tsx [Server Component]

https://nextjs.org/docs/messages/module-not-found


./.gemini/antigravity/scratch/teacher-tracking/node_modules/lucide-react/dist/esm/lucide-react.mjs:212:1
Module not found: Can't resolve './icons/square-scissors.mjs'
  [90m210 |[0m ...[33musSquare[0m, [36mdefault[0m [36mas[0m [33mPlusSquareIcon[0m, [36mdefault[0m [36mas[0m [33mSquarePlus[0m, [36mdefaul.[0m.[36m.[0m
  [90m211 |[0m ...[33mPowerSquare[0m, [36mdefault[0m [36mas[0m [33mPowerSquareIcon[0m, [36mdefault[0m [36mas[0m [33mSquarePower[0m, [36md...[0m
[31m[1m>[0m [90m212 |[0m ...[36mlt[0m [36mas[0m [33mScissorsSquare[0m, [36mdefault[0m [36mas[0m [33mScissorsSquareIcon[0m, [36mdefault[0m [36mas[0m [33mSq...[0m
  [90m    |[0m    [31m[1m^^^^^^^^^^^^^^^^^^^^^^^^^^^^^^^^^^^^^^^^^^^^^^^^^^^^^^^^^^^^^^^^^^^^^[0m
  [90m213 |[0m ...[33mSigmaSquare[0m, [36mdefault[0m [36mas[0m [33mSigmaSquareIcon[0m, [36mdefault[0m [36mas[0m [33mSquareSigma[0m, [36md...[0m
  [90m214 |[0m ...[33mSlashSquare[0m, [36mdefault[0m [36mas[0m [33mSlashSquareIcon[0m, [36mdefault[0m [36mas[0m [33mSquareSlash[0m, [36md...[0m
  [90m215 |[0m ...[33mizontal[0m, [36mdefault[0m [36mas[0m [33mSplitSquareHorizontal[0m, [36mdefault[0m [36mas[0m [33mSplitSquareH...[0m



Import traces:
  Client Component Browser:
    ./.gemini/antigravity/scratch/teacher-tracking/node_modules/lucide-react/dist/esm/lucide-react.mjs [Client Component Browser]
    ./.gemini/antigravity/scratch/teacher-tracking/src/components/pages/DailyTasksPage.tsx [Client Component Browser]
    ./.gemini/antigravity/scratch/teacher-tracking/src/components/AppShell.tsx [Client Component Browser]
    ./.gemini/antigravity/scratch/teacher-tracking/src/app/page.tsx [Client Component Browser]
    ./.gemini/antigravity/scratch/teacher-tracking/src/app/page.tsx [Server Component]

  Client Component SSR:
    ./.gemini/antigravity/scratch/teacher-tracking/node_modules/lucide-react/dist/esm/lucide-react.mjs [Client Component SSR]
    ./.gemini/antigravity/scratch/teacher-tracking/src/components/pages/DailyTasksPage.tsx [Client Component SSR]
    ./.gemini/antigravity/scratch/teacher-tracking/src/components/AppShell.tsx [Client Component SSR]
    ./.gemini/antigravity/scratch/teacher-tracking/src/app/page.tsx [Client Component SSR]
    ./.gemini/antigravity/scratch/teacher-tracking/src/app/page.tsx [Server Component]

https://nextjs.org/docs/messages/module-not-found


./.gemini/antigravity/scratch/teacher-tracking/node_modules/lucide-react/dist/esm/lucide-react.mjs:213:1
Module not found: Can't resolve './icons/square-sigma.mjs'
  [90m211 |[0m ...[36mefault[0m [36mas[0m [33mPowerSquare[0m, [36mdefault[0m [36mas[0m [33mPowerSquareIcon[0m, [36mdefault[0m [36mas[0m [33mSqua...[0m
  [90m212 |[0m ...[33mors[0m, [36mdefault[0m [36mas[0m [33mScissorsSquare[0m, [36mdefault[0m [36mas[0m [33mScissorsSquareIcon[0m, [36mdef...[0m
[31m[1m>[0m [90m213 |[0m ...[36mefault[0m [36mas[0m [33mSigmaSquare[0m, [36mdefault[0m [36mas[0m [33mSigmaSquareIcon[0m, [36mdefault[0m [36mas[0m [33mSqua...[0m
  [90m    |[0m    [31m[1m^^^^^^^^^^^^^^^^^^^^^^^^^^^^^^^^^^^^^^^^^^^^^^^^^^^^^^^^^^^^^^^^^^^^^[0m
  [90m214 |[0m ...[36mefault[0m [36mas[0m [33mSlashSquare[0m, [36mdefault[0m [36mas[0m [33mSlashSquareIcon[0m, [36mdefault[0m [36mas[0m [33mSqua...[0m
  [90m215 |[0m ...[33mreSplitHorizontal[0m, [36mdefault[0m [36mas[0m [33mSplitSquareHorizontal[0m, [36mdefault[0m [36mas[0m [33mSp...[0m
  [90m216 |[0m ...[33mare[0m, [36mdefault[0m [36mas[0m [33mSquareTerminal[0m, [36mdefault[0m [36mas[0m [33mSquareTerminalIcon[0m, [36mdef...[0m



Import traces:
  Client Component Browser:
    ./.gemini/antigravity/scratch/teacher-tracking/node_modules/lucide-react/dist/esm/lucide-react.mjs [Client Component Browser]
    ./.gemini/antigravity/scratch/teacher-tracking/src/components/pages/DailyTasksPage.tsx [Client Component Browser]
    ./.gemini/antigravity/scratch/teacher-tracking/src/components/AppShell.tsx [Client Component Browser]
    ./.gemini/antigravity/scratch/teacher-tracking/src/app/page.tsx [Client Component Browser]
    ./.gemini/antigravity/scratch/teacher-tracking/src/app/page.tsx [Server Component]

  Client Component SSR:
    ./.gemini/antigravity/scratch/teacher-tracking/node_modules/lucide-react/dist/esm/lucide-react.mjs [Client Component SSR]
    ./.gemini/antigravity/scratch/teacher-tracking/src/components/pages/DailyTasksPage.tsx [Client Component SSR]
    ./.gemini/antigravity/scratch/teacher-tracking/src/components/AppShell.tsx [Client Component SSR]
    ./.gemini/antigravity/scratch/teacher-tracking/src/app/page.tsx [Client Component SSR]
    ./.gemini/antigravity/scratch/teacher-tracking/src/app/page.tsx [Server Component]

https://nextjs.org/docs/messages/module-not-found


./.gemini/antigravity/scratch/teacher-tracking/node_modules/lucide-react/dist/esm/lucide-react.mjs:214:1
Module not found: Can't resolve './icons/square-slash.mjs'
  [90m212 |[0m ...[33mors[0m, [36mdefault[0m [36mas[0m [33mScissorsSquare[0m, [36mdefault[0m [36mas[0m [33mScissorsSquareIcon[0m, [36mdef...[0m
  [90m213 |[0m ...[36mefault[0m [36mas[0m [33mSigmaSquare[0m, [36mdefault[0m [36mas[0m [33mSigmaSquareIcon[0m, [36mdefault[0m [36mas[0m [33mSqua...[0m
[31m[1m>[0m [90m214 |[0m ...[36mefault[0m [36mas[0m [33mSlashSquare[0m, [36mdefault[0m [36mas[0m [33mSlashSquareIcon[0m, [36mdefault[0m [36mas[0m [33mSqua...[0m
  [90m    |[0m    [31m[1m^^^^^^^^^^^^^^^^^^^^^^^^^^^^^^^^^^^^^^^^^^^^^^^^^^^^^^^^^^^^^^^^^^^^^[0m
  [90m215 |[0m ...[33mreSplitHorizontal[0m, [36mdefault[0m [36mas[0m [33mSplitSquareHorizontal[0m, [36mdefault[0m [36mas[0m [33mSp...[0m
  [90m216 |[0m ...[33mare[0m, [36mdefault[0m [36mas[0m [33mSquareTerminal[0m, [36mdefault[0m [36mas[0m [33mSquareTerminalIcon[0m, [36mdef...[0m
  [90m217 |[0m ...[33m2[0m, [36mdefault[0m [36mas[0m [33mSquareUserRound[0m, [36mdefault[0m [36mas[0m [33mSquareUserRoundIcon[0m, [36mdef...[0m



Import traces:
  Client Component Browser:
    ./.gemini/antigravity/scratch/teacher-tracking/node_modules/lucide-react/dist/esm/lucide-react.mjs [Client Component Browser]
    ./.gemini/antigravity/scratch/teacher-tracking/src/components/pages/DailyTasksPage.tsx [Client Component Browser]
    ./.gemini/antigravity/scratch/teacher-tracking/src/components/AppShell.tsx [Client Component Browser]
    ./.gemini/antigravity/scratch/teacher-tracking/src/app/page.tsx [Client Component Browser]
    ./.gemini/antigravity/scratch/teacher-tracking/src/app/page.tsx [Server Component]

  Client Component SSR:
    ./.gemini/antigravity/scratch/teacher-tracking/node_modules/lucide-react/dist/esm/lucide-react.mjs [Client Component SSR]
    ./.gemini/antigravity/scratch/teacher-tracking/src/components/pages/DailyTasksPage.tsx [Client Component SSR]
    ./.gemini/antigravity/scratch/teacher-tracking/src/components/AppShell.tsx [Client Component SSR]
    ./.gemini/antigravity/scratch/teacher-tracking/src/app/page.tsx [Client Component SSR]
    ./.gemini/antigravity/scratch/teacher-tracking/src/app/page.tsx [Server Component]

https://nextjs.org/docs/messages/module-not-found


./.gemini/antigravity/scratch/teacher-tracking/node_modules/lucide-react/dist/esm/lucide-react.mjs:215:1
Module not found: Can't resolve './icons/square-split-horizontal.mjs'
  [90m213 |[0m ...[33migmaSquareIcon[0m, [36mdefault[0m [36mas[0m [33mSquareSigma[0m, [36mdefault[0m [36mas[0m [33mSquareSigmaIcon[0m...
  [90m214 |[0m ...[33mlashSquareIcon[0m, [36mdefault[0m [36mas[0m [33mSquareSlash[0m, [36mdefault[0m [36mas[0m [33mSquareSlashIcon[0m...
[31m[1m>[0m [90m215 |[0m ...[33mSquareHorizontal[0m, [36mdefault[0m [36mas[0m [33mSplitSquareHorizontalIcon[0m, [36mdefault[0m [36mas[0m.[33m..[0m
  [90m    |[0m    [31m[1m^^^^^^^^^^^^^^^^^^^^^^^^^^^^^^^^^^^^^^^^^^^^^^^^^^^^^^^^^^^^^^^^^^^^^[0m
  [90m216 |[0m ...[36mault[0m [36mas[0m [33mSquareTerminalIcon[0m, [36mdefault[0m [36mas[0m [33mTerminalSquare[0m, [36mdefault[0m [36mas[0m [33m...[0m
  [90m217 |[0m ...[36mult[0m [36mas[0m [33mSquareUserRoundIcon[0m, [36mdefault[0m [36mas[0m [33mUserSquare2[0m, [36mdefault[0m [36mas[0m [33mUse...[0m
  [90m218 |[0m ...[33mreVertical[0m, [36mdefault[0m [36mas[0m [33mSplitSquareVerticalIcon[0m, [36mdefault[0m [36mas[0m [33mSquareS...[0m



Import traces:
  Client Component Browser:
    ./.gemini/antigravity/scratch/teacher-tracking/node_modules/lucide-react/dist/esm/lucide-react.mjs [Client Component Browser]
    ./.gemini/antigravity/scratch/teacher-tracking/src/components/pages/DailyTasksPage.tsx [Client Component Browser]
    ./.gemini/antigravity/scratch/teacher-tracking/src/components/AppShell.tsx [Client Component Browser]
    ./.gemini/antigravity/scratch/teacher-tracking/src/app/page.tsx [Client Component Browser]
    ./.gemini/antigravity/scratch/teacher-tracking/src/app/page.tsx [Server Component]

  Client Component SSR:
    ./.gemini/antigravity/scratch/teacher-tracking/node_modules/lucide-react/dist/esm/lucide-react.mjs [Client Component SSR]
    ./.gemini/antigravity/scratch/teacher-tracking/src/components/pages/DailyTasksPage.tsx [Client Component SSR]
    ./.gemini/antigravity/scratch/teacher-tracking/src/components/AppShell.tsx [Client Component SSR]
    ./.gemini/antigravity/scratch/teacher-tracking/src/app/page.tsx [Client Component SSR]
    ./.gemini/antigravity/scratch/teacher-tracking/src/app/page.tsx [Server Component]

https://nextjs.org/docs/messages/module-not-found


./.gemini/antigravity/scratch/teacher-tracking/node_modules/lucide-react/dist/esm/lucide-react.mjs:218:1
Module not found: Can't resolve './icons/square-split-vertical.mjs'
  [90m216 |[0m ...[33mal[0m, [36mdefault[0m [36mas[0m [33mSquareTerminalIcon[0m, [36mdefault[0m [36mas[0m [33mTerminalSquare[0m, [36mdefa...[0m
  [90m217 |[0m ...[33md[0m, [36mdefault[0m [36mas[0m [33mSquareUserRoundIcon[0m, [36mdefault[0m [36mas[0m [33mUserSquare2[0m, [36mdefault[0m.[36m..[0m
[31m[1m>[0m [90m218 |[0m ...[33mlitSquareVertical[0m, [36mdefault[0m [36mas[0m [33mSplitSquareVerticalIcon[0m, [36mdefault[0m [36mas[0m [33m...[0m
  [90m    |[0m    [31m[1m^^^^^^^^^^^^^^^^^^^^^^^^^^^^^^^^^^^^^^^^^^^^^^^^^^^^^^^^^^^^^^^^^^^^^[0m
  [90m219 |[0m ...[36mas[0m [33mSquareUserIcon[0m, [36mdefault[0m [36mas[0m [33mUserSquare[0m, [36mdefault[0m [36mas[0m [33mUserSquareIco.[0m..
  [90m220 |[0m ...[33mXIcon[0m, [36mdefault[0m [36mas[0m [33mXSquare[0m, [36mdefault[0m [36mas[0m [33mXSquareIcon[0m } [36mfrom[0m [32m'./icons/...[0m
  [90m221 |[0m ...[36mult[0m [36mas[0m [33mTestTube2Icon[0m, [36mdefault[0m [36mas[0m [33mTestTubeDiagonal[0m, [36mdefault[0m [36mas[0m [33mTest...[0m



Import traces:
  Client Component Browser:
    ./.gemini/antigravity/scratch/teacher-tracking/node_modules/lucide-react/dist/esm/lucide-react.mjs [Client Component Browser]
    ./.gemini/antigravity/scratch/teacher-tracking/src/components/pages/DailyTasksPage.tsx [Client Component Browser]
    ./.gemini/antigravity/scratch/teacher-tracking/src/components/AppShell.tsx [Client Component Browser]
    ./.gemini/antigravity/scratch/teacher-tracking/src/app/page.tsx [Client Component Browser]
    ./.gemini/antigravity/scratch/teacher-tracking/src/app/page.tsx [Server Component]

  Client Component SSR:
    ./.gemini/antigravity/scratch/teacher-tracking/node_modules/lucide-react/dist/esm/lucide-react.mjs [Client Component SSR]
    ./.gemini/antigravity/scratch/teacher-tracking/src/components/pages/DailyTasksPage.tsx [Client Component SSR]
    ./.gemini/antigravity/scratch/teacher-tracking/src/components/AppShell.tsx [Client Component SSR]
    ./.gemini/antigravity/scratch/teacher-tracking/src/app/page.tsx [Client Component SSR]
    ./.gemini/antigravity/scratch/teacher-tracking/src/app/page.tsx [Server Component]

https://nextjs.org/docs/messages/module-not-found


./.gemini/antigravity/scratch/teacher-tracking/node_modules/lucide-react/dist/esm/lucide-react.mjs:1475:1
Module not found: Can't resolve './icons/square-square.mjs'
  [90m1473 |[0m ...[33mRoundCorner[0m, [36mdefault[0m [36mas[0m [33mSquareRoundCorner[0m, [36mdefault[0m [36mas[0m [33mSquareRound...[0m
  [90m1474 |[0m ...[33mRadical[0m, [36mdefault[0m [36mas[0m [33mSquareRadical[0m, [36mdefault[0m [36mas[0m [33mSquareRadicalIcon[0m }.[36m..[0m
[31m[1m>[0m [90m1475 |[0m ...[33mSquare[0m, [36mdefault[0m [36mas[0m [33mSquareSquare[0m, [36mdefault[0m [36mas[0m [33mSquareSquareIcon[0m } [36mfr..[0m.
  [90m     |[0m    [31m[1m^^^^^^^^^^^^^^^^^^^^^^^^^^^^^^^^^^^^^^^^^^^^^^^^^^^^^^^^^^^^^^^^^^^^[0m
  [90m1476 |[0m ...[33mStack[0m, [36mdefault[0m [36mas[0m [33mSquareStack[0m, [36mdefault[0m [36mas[0m [33mSquareStackIcon[0m } [36mfrom[0m [32m...[0m
  [90m1477 |[0m ...[33mStar[0m, [36mdefault[0m [36mas[0m [33mSquareStar[0m, [36mdefault[0m [36mas[0m [33mSquareStarIcon[0m } [36mfrom[0m [32m'./...[0m
  [90m1478 |[0m ...[33mStop[0m, [36mdefault[0m [36mas[0m [33mSquareStop[0m, [36mdefault[0m [36mas[0m [33mSquareStopIcon[0m } [36mfrom[0m [32m'./...[0m



Import traces:
  Client Component Browser:
    ./.gemini/antigravity/scratch/teacher-tracking/node_modules/lucide-react/dist/esm/lucide-react.mjs [Client Component Browser]
    ./.gemini/antigravity/scratch/teacher-tracking/src/components/pages/DailyTasksPage.tsx [Client Component Browser]
    ./.gemini/antigravity/scratch/teacher-tracking/src/components/AppShell.tsx [Client Component Browser]
    ./.gemini/antigravity/scratch/teacher-tracking/src/app/page.tsx [Client Component Browser]
    ./.gemini/antigravity/scratch/teacher-tracking/src/app/page.tsx [Server Component]

  Client Component SSR:
    ./.gemini/antigravity/scratch/teacher-tracking/node_modules/lucide-react/dist/esm/lucide-react.mjs [Client Component SSR]
    ./.gemini/antigravity/scratch/teacher-tracking/src/components/pages/DailyTasksPage.tsx [Client Component SSR]
    ./.gemini/antigravity/scratch/teacher-tracking/src/components/AppShell.tsx [Client Component SSR]
    ./.gemini/antigravity/scratch/teacher-tracking/src/app/page.tsx [Client Component SSR]
    ./.gemini/antigravity/scratch/teacher-tracking/src/app/page.tsx [Server Component]

https://nextjs.org/docs/messages/module-not-found


./.gemini/antigravity/scratch/teacher-tracking/node_modules/lucide-react/dist/esm/lucide-react.mjs:1476:1
Module not found: Can't resolve './icons/square-stack.mjs'
  [90m1474 |[0m ...[33mreRadical[0m, [36mdefault[0m [36mas[0m [33mSquareRadical[0m, [36mdefault[0m [36mas[0m [33mSquareRadicalIcon[0m...
  [90m1475 |[0m ...[33mreSquare[0m, [36mdefault[0m [36mas[0m [33mSquareSquare[0m, [36mdefault[0m [36mas[0m [33mSquareSquareIcon[0m } [36m...[0m
[31m[1m>[0m [90m1476 |[0m ...[33mreStack[0m, [36mdefault[0m [36mas[0m [33mSquareStack[0m, [36mdefault[0m [36mas[0m [33mSquareStackIcon[0m } [36mfro.[0m.[32m.[0m
  [90m     |[0m    [31m[1m^^^^^^^^^^^^^^^^^^^^^^^^^^^^^^^^^^^^^^^^^^^^^^^^^^^^^^^^^^^^^^^^^^^^[0m
  [90m1477 |[0m ...[33mreStar[0m, [36mdefault[0m [36mas[0m [33mSquareStar[0m, [36mdefault[0m [36mas[0m [33mSquareStarIcon[0m } [36mfrom[0m [32m'...[0m
  [90m1478 |[0m ...[33mreStop[0m, [36mdefault[0m [36mas[0m [33mSquareStop[0m, [36mdefault[0m [36mas[0m [33mSquareStopIcon[0m } [36mfrom[0m [32m'...[0m
  [90m1479 |[0m ...[33mre[0m, [36mdefault[0m [36mas[0m [33mSquare[0m, [36mdefault[0m [36mas[0m [33mSquareIcon[0m } [36mfrom[0m [32m'./icons/squa...[0m



Import traces:
  Client Component Browser:
    ./.gemini/antigravity/scratch/teacher-tracking/node_modules/lucide-react/dist/esm/lucide-react.mjs [Client Component Browser]
    ./.gemini/antigravity/scratch/teacher-tracking/src/components/pages/DailyTasksPage.tsx [Client Component Browser]
    ./.gemini/antigravity/scratch/teacher-tracking/src/components/AppShell.tsx [Client Component Browser]
    ./.gemini/antigravity/scratch/teacher-tracking/src/app/page.tsx [Client Component Browser]
    ./.gemini/antigravity/scratch/teacher-tracking/src/app/page.tsx [Server Component]

  Client Component SSR:
    ./.gemini/antigravity/scratch/teacher-tracking/node_modules/lucide-react/dist/esm/lucide-react.mjs [Client Component SSR]
    ./.gemini/antigravity/scratch/teacher-tracking/src/components/pages/DailyTasksPage.tsx [Client Component SSR]
    ./.gemini/antigravity/scratch/teacher-tracking/src/components/AppShell.tsx [Client Component SSR]
    ./.gemini/antigravity/scratch/teacher-tracking/src/app/page.tsx [Client Component SSR]
    ./.gemini/antigravity/scratch/teacher-tracking/src/app/page.tsx [Server Component]

https://nextjs.org/docs/messages/module-not-found


./.gemini/antigravity/scratch/teacher-tracking/node_modules/lucide-react/dist/esm/lucide-react.mjs:1477:1
Module not found: Can't resolve './icons/square-star.mjs'
  [90m1475 |[0m ...[33muareSquare[0m, [36mdefault[0m [36mas[0m [33mSquareSquare[0m, [36mdefault[0m [36mas[0m [33mSquareSquareIcon[0m ..[36m.[0m
  [90m1476 |[0m ...[33muareStack[0m, [36mdefault[0m [36mas[0m [33mSquareStack[0m, [36mdefault[0m [36mas[0m [33mSquareStackIcon[0m } [36mf...[0m
[31m[1m>[0m [90m1477 |[0m ...[33muareStar[0m, [36mdefault[0m [36mas[0m [33mSquareStar[0m, [36mdefault[0m [36mas[0m [33mSquareStarIcon[0m } [36mfrom[0m.[32m..[0m
  [90m     |[0m    [31m[1m^^^^^^^^^^^^^^^^^^^^^^^^^^^^^^^^^^^^^^^^^^^^^^^^^^^^^^^^^^^^^^^^^^^^[0m
  [90m1478 |[0m ...[33muareStop[0m, [36mdefault[0m [36mas[0m [33mSquareStop[0m, [36mdefault[0m [36mas[0m [33mSquareStopIcon[0m } [36mfrom[0m.[32m..[0m
  [90m1479 |[0m ...[33muare[0m, [36mdefault[0m [36mas[0m [33mSquare[0m, [36mdefault[0m [36mas[0m [33mSquareIcon[0m } [36mfrom[0m [32m'./icons/sq...[0m
  [90m1480 |[0m ...[33muaresExclude[0m, [36mdefault[0m [36mas[0m [33mSquaresExclude[0m, [36mdefault[0m [36mas[0m [33mSquaresExclud...[0m



Import traces:
  Client Component Browser:
    ./.gemini/antigravity/scratch/teacher-tracking/node_modules/lucide-react/dist/esm/lucide-react.mjs [Client Component Browser]
    ./.gemini/antigravity/scratch/teacher-tracking/src/components/pages/DailyTasksPage.tsx [Client Component Browser]
    ./.gemini/antigravity/scratch/teacher-tracking/src/components/AppShell.tsx [Client Component Browser]
    ./.gemini/antigravity/scratch/teacher-tracking/src/app/page.tsx [Client Component Browser]
    ./.gemini/antigravity/scratch/teacher-tracking/src/app/page.tsx [Server Component]

  Client Component SSR:
    ./.gemini/antigravity/scratch/teacher-tracking/node_modules/lucide-react/dist/esm/lucide-react.mjs [Client Component SSR]
    ./.gemini/antigravity/scratch/teacher-tracking/src/components/pages/DailyTasksPage.tsx [Client Component SSR]
    ./.gemini/antigravity/scratch/teacher-tracking/src/components/AppShell.tsx [Client Component SSR]
    ./.gemini/antigravity/scratch/teacher-tracking/src/app/page.tsx [Client Component SSR]
    ./.gemini/antigravity/scratch/teacher-tracking/src/app/page.tsx [Server Component]

https://nextjs.org/docs/messages/module-not-found


./.gemini/antigravity/scratch/teacher-tracking/node_modules/lucide-react/dist/esm/lucide-react.mjs:1478:1
Module not found: Can't resolve './icons/square-stop.mjs'
  [90m1476 |[0m ...[33muareStack[0m, [36mdefault[0m [36mas[0m [33mSquareStack[0m, [36mdefault[0m [36mas[0m [33mSquareStackIcon[0m } [36mf...[0m
  [90m1477 |[0m ...[33muareStar[0m, [36mdefault[0m [36mas[0m [33mSquareStar[0m, [36mdefault[0m [36mas[0m [33mSquareStarIcon[0m } [36mfrom[0m.[32m..[0m
[31m[1m>[0m [90m1478 |[0m ...[33muareStop[0m, [36mdefault[0m [36mas[0m [33mSquareStop[0m, [36mdefault[0m [36mas[0m [33mSquareStopIcon[0m } [36mfrom[0m.[32m..[0m
  [90m     |[0m    [31m[1m^^^^^^^^^^^^^^^^^^^^^^^^^^^^^^^^^^^^^^^^^^^^^^^^^^^^^^^^^^^^^^^^^^^^[0m
  [90m1479 |[0m ...[33muare[0m, [36mdefault[0m [36mas[0m [33mSquare[0m, [36mdefault[0m [36mas[0m [33mSquareIcon[0m } [36mfrom[0m [32m'./icons/sq...[0m
  [90m1480 |[0m ...[33muaresExclude[0m, [36mdefault[0m [36mas[0m [33mSquaresExclude[0m, [36mdefault[0m [36mas[0m [33mSquaresExclud...[0m
  [90m1481 |[0m ...[33muaresIntersect[0m, [36mdefault[0m [36mas[0m [33mSquaresIntersect[0m, [36mdefault[0m [36mas[0m [33mSquaresIn...[0m



Import traces:
  Client Component Browser:
    ./.gemini/antigravity/scratch/teacher-tracking/node_modules/lucide-react/dist/esm/lucide-react.mjs [Client Component Browser]
    ./.gemini/antigravity/scratch/teacher-tracking/src/components/pages/DailyTasksPage.tsx [Client Component Browser]
    ./.gemini/antigravity/scratch/teacher-tracking/src/components/AppShell.tsx [Client Component Browser]
    ./.gemini/antigravity/scratch/teacher-tracking/src/app/page.tsx [Client Component Browser]
    ./.gemini/antigravity/scratch/teacher-tracking/src/app/page.tsx [Server Component]

  Client Component SSR:
    ./.gemini/antigravity/scratch/teacher-tracking/node_modules/lucide-react/dist/esm/lucide-react.mjs [Client Component SSR]
    ./.gemini/antigravity/scratch/teacher-tracking/src/components/pages/DailyTasksPage.tsx [Client Component SSR]
    ./.gemini/antigravity/scratch/teacher-tracking/src/components/AppShell.tsx [Client Component SSR]
    ./.gemini/antigravity/scratch/teacher-tracking/src/app/page.tsx [Client Component SSR]
    ./.gemini/antigravity/scratch/teacher-tracking/src/app/page.tsx [Server Component]

https://nextjs.org/docs/messages/module-not-found


./.gemini/antigravity/scratch/teacher-tracking/node_modules/lucide-react/dist/esm/lucide-react.mjs:216:1
Module not found: Can't resolve './icons/square-terminal.mjs'
  [90m214 |[0m ...[33mSlashSquare[0m, [36mdefault[0m [36mas[0m [33mSlashSquareIcon[0m, [36mdefault[0m [36mas[0m [33mSquareSlash[0m, [36md...[0m
  [90m215 |[0m ...[33mizontal[0m, [36mdefault[0m [36mas[0m [33mSplitSquareHorizontal[0m, [36mdefault[0m [36mas[0m [33mSplitSquareH...[0m
[31m[1m>[0m [90m216 |[0m ...[36mlt[0m [36mas[0m [33mSquareTerminal[0m, [36mdefault[0m [36mas[0m [33mSquareTerminalIcon[0m, [36mdefault[0m [36mas[0m [33mTe...[0m
  [90m    |[0m    [31m[1m^^^^^^^^^^^^^^^^^^^^^^^^^^^^^^^^^^^^^^^^^^^^^^^^^^^^^^^^^^^^^^^^^^^^^[0m
  [90m217 |[0m ... [36mas[0m [33mSquareUserRound[0m, [36mdefault[0m [36mas[0m [33mSquareUserRoundIcon[0m, [36mdefault[0m [36mas[0m [33mUs...[0m
  [90m218 |[0m ...[33mcal[0m, [36mdefault[0m [36mas[0m [33mSplitSquareVertical[0m, [36mdefault[0m [36mas[0m [33mSplitSquareVertica...[0m
  [90m219 |[0m ...[33muareUser[0m, [36mdefault[0m [36mas[0m [33mSquareUserIcon[0m, [36mdefault[0m [36mas[0m [33mUserSquare[0m, [36mdefaul.[0m.[36m.[0m



Import traces:
  Client Component Browser:
    ./.gemini/antigravity/scratch/teacher-tracking/node_modules/lucide-react/dist/esm/lucide-react.mjs [Client Component Browser]
    ./.gemini/antigravity/scratch/teacher-tracking/src/components/pages/DailyTasksPage.tsx [Client Component Browser]
    ./.gemini/antigravity/scratch/teacher-tracking/src/components/AppShell.tsx [Client Component Browser]
    ./.gemini/antigravity/scratch/teacher-tracking/src/app/page.tsx [Client Component Browser]
    ./.gemini/antigravity/scratch/teacher-tracking/src/app/page.tsx [Server Component]

  Client Component SSR:
    ./.gemini/antigravity/scratch/teacher-tracking/node_modules/lucide-react/dist/esm/lucide-react.mjs [Client Component SSR]
    ./.gemini/antigravity/scratch/teacher-tracking/src/components/pages/DailyTasksPage.tsx [Client Component SSR]
    ./.gemini/antigravity/scratch/teacher-tracking/src/components/AppShell.tsx [Client Component SSR]
    ./.gemini/antigravity/scratch/teacher-tracking/src/app/page.tsx [Client Component SSR]
    ./.gemini/antigravity/scratch/teacher-tracking/src/app/page.tsx [Server Component]

https://nextjs.org/docs/messages/module-not-found


./.gemini/antigravity/scratch/teacher-tracking/node_modules/lucide-react/dist/esm/lucide-react.mjs:217:1
Module not found: Can't resolve './icons/square-user-round.mjs'
  [90m215 |[0m ...[33morizontal[0m, [36mdefault[0m [36mas[0m [33mSplitSquareHorizontal[0m, [36mdefault[0m [36mas[0m [33mSplitSquar...[0m
  [90m216 |[0m ...[36mault[0m [36mas[0m [33mSquareTerminal[0m, [36mdefault[0m [36mas[0m [33mSquareTerminalIcon[0m, [36mdefault[0m [36mas[0m [33m...[0m
[31m[1m>[0m [90m217 |[0m ...[36mlt[0m [36mas[0m [33mSquareUserRound[0m, [36mdefault[0m [36mas[0m [33mSquareUserRoundIcon[0m, [36mdefault[0m [36mas[0m [33m...[0m
  [90m    |[0m    [31m[1m^^^^^^^^^^^^^^^^^^^^^^^^^^^^^^^^^^^^^^^^^^^^^^^^^^^^^^^^^^^^^^^^^^^^^[0m
  [90m218 |[0m ...[33mtical[0m, [36mdefault[0m [36mas[0m [33mSplitSquareVertical[0m, [36mdefault[0m [36mas[0m [33mSplitSquareVerti...[0m
  [90m219 |[0m ...[33mSquareUser[0m, [36mdefault[0m [36mas[0m [33mSquareUserIcon[0m, [36mdefault[0m [36mas[0m [33mUserSquare[0m, [36mdefa...[0m
  [90m220 |[0m ...[33mX[0m, [36mdefault[0m [36mas[0m [33mSquareXIcon[0m, [36mdefault[0m [36mas[0m [33mXSquare[0m, [36mdefault[0m [36mas[0m [33mXSquareI...[0m



Import traces:
  Client Component Browser:
    ./.gemini/antigravity/scratch/teacher-tracking/node_modules/lucide-react/dist/esm/lucide-react.mjs [Client Component Browser]
    ./.gemini/antigravity/scratch/teacher-tracking/src/components/pages/DailyTasksPage.tsx [Client Component Browser]
    ./.gemini/antigravity/scratch/teacher-tracking/src/components/AppShell.tsx [Client Component Browser]
    ./.gemini/antigravity/scratch/teacher-tracking/src/app/page.tsx [Client Component Browser]
    ./.gemini/antigravity/scratch/teacher-tracking/src/app/page.tsx [Server Component]

  Client Component SSR:
    ./.gemini/antigravity/scratch/teacher-tracking/node_modules/lucide-react/dist/esm/lucide-react.mjs [Client Component SSR]
    ./.gemini/antigravity/scratch/teacher-tracking/src/components/pages/DailyTasksPage.tsx [Client Component SSR]
    ./.gemini/antigravity/scratch/teacher-tracking/src/components/AppShell.tsx [Client Component SSR]
    ./.gemini/antigravity/scratch/teacher-tracking/src/app/page.tsx [Client Component SSR]
    ./.gemini/antigravity/scratch/teacher-tracking/src/app/page.tsx [Server Component]

https://nextjs.org/docs/messages/module-not-found


./.gemini/antigravity/scratch/teacher-tracking/node_modules/lucide-react/dist/esm/lucide-react.mjs:219:1
Module not found: Can't resolve './icons/square-user.mjs'
  [90m217 |[0m ...[33muare2[0m, [36mdefault[0m [36mas[0m [33mSquareUserRound[0m, [36mdefault[0m [36mas[0m [33mSquareUserRoundIcon[0m,.[36m..[0m
  [90m218 |[0m ...[33muareSplitVertical[0m, [36mdefault[0m [36mas[0m [33mSplitSquareVertical[0m, [36mdefault[0m [36mas[0m [33mSpli...[0m
[31m[1m>[0m [90m219 |[0m ... [36mdefault[0m [36mas[0m [33mSquareUser[0m, [36mdefault[0m [36mas[0m [33mSquareUserIcon[0m, [36mdefault[0m [36mas[0m [33mUser...[0m
  [90m    |[0m    [31m[1m^^^^^^^^^^^^^^^^^^^^^^^^^^^^^^^^^^^^^^^^^^^^^^^^^^^^^^^^^^^^^^^^^^^^^[0m
  [90m220 |[0m ...[36mlt[0m [36mas[0m [33mSquareX[0m, [36mdefault[0m [36mas[0m [33mSquareXIcon[0m, [36mdefault[0m [36mas[0m [33mXSquare[0m, [36mdefault[0m.[36m..[0m
  [90m221 |[0m ...[33monal[0m, [36mdefault[0m [36mas[0m [33mTestTube2[0m, [36mdefault[0m [36mas[0m [33mTestTube2Icon[0m, [36mdefault[0m [36mas[0m [33mT...[0m
  [90m222 |[0m ...[36mlt[0m [36mas[0m [33mLucideAlignCenter[0m, [36mdefault[0m [36mas[0m [33mLucideTextAlignCenter[0m, [36mdefault[0m.[36m..[0m



Import traces:
  Client Component Browser:
    ./.gemini/antigravity/scratch/teacher-tracking/node_modules/lucide-react/dist/esm/lucide-react.mjs [Client Component Browser]
    ./.gemini/antigravity/scratch/teacher-tracking/src/components/pages/DailyTasksPage.tsx [Client Component Browser]
    ./.gemini/antigravity/scratch/teacher-tracking/src/components/AppShell.tsx [Client Component Browser]
    ./.gemini/antigravity/scratch/teacher-tracking/src/app/page.tsx [Client Component Browser]
    ./.gemini/antigravity/scratch/teacher-tracking/src/app/page.tsx [Server Component]

  Client Component SSR:
    ./.gemini/antigravity/scratch/teacher-tracking/node_modules/lucide-react/dist/esm/lucide-react.mjs [Client Component SSR]
    ./.gemini/antigravity/scratch/teacher-tracking/src/components/pages/DailyTasksPage.tsx [Client Component SSR]
    ./.gemini/antigravity/scratch/teacher-tracking/src/components/AppShell.tsx [Client Component SSR]
    ./.gemini/antigravity/scratch/teacher-tracking/src/app/page.tsx [Client Component SSR]
    ./.gemini/antigravity/scratch/teacher-tracking/src/app/page.tsx [Server Component]

https://nextjs.org/docs/messages/module-not-found


./.gemini/antigravity/scratch/teacher-tracking/node_modules/lucide-react/dist/esm/lucide-react.mjs:220:1
Module not found: Can't resolve './icons/square-x.mjs'
  [90m218 |[0m ...[36ms[0m [33mLucideSquareSplitVertical[0m, [36mdefault[0m [36mas[0m [33mSplitSquareVertical[0m, [36mdefau..[0m.
  [90m219 |[0m ...[33mserSquare[0m, [36mdefault[0m [36mas[0m [33mSquareUser[0m, [36mdefault[0m [36mas[0m [33mSquareUserIcon[0m, [36mdefau..[0m.
[31m[1m>[0m [90m220 |[0m ...[33mare[0m, [36mdefault[0m [36mas[0m [33mSquareX[0m, [36mdefault[0m [36mas[0m [33mSquareXIcon[0m, [36mdefault[0m [36mas[0m [33mXSquar.[0m..
  [90m    |[0m    [31m[1m^^^^^^^^^^^^^^^^^^^^^^^^^^^^^^^^^^^^^^^^^^^^^^^^^^^^^^^^^^^^^^^^^^^^^[0m
  [90m221 |[0m ...[33mstTubeDiagonal[0m, [36mdefault[0m [36mas[0m [33mTestTube2[0m, [36mdefault[0m [36mas[0m [33mTestTube2Icon[0m, [36mde...[0m
  [90m222 |[0m ...[33mcon[0m, [36mdefault[0m [36mas[0m [33mLucideAlignCenter[0m, [36mdefault[0m [36mas[0m [33mLucideTextAlignCente.[0m..
  [90m223 |[0m ...[33mn[0m, [36mdefault[0m [36mas[0m [33mLucideAlignRight[0m, [36mdefault[0m [36mas[0m [33mLucideTextAlignEnd[0m, [36mdef...[0m



Import traces:
  Client Component Browser:
    ./.gemini/antigravity/scratch/teacher-tracking/node_modules/lucide-react/dist/esm/lucide-react.mjs [Client Component Browser]
    ./.gemini/antigravity/scratch/teacher-tracking/src/components/pages/DailyTasksPage.tsx [Client Component Browser]
    ./.gemini/antigravity/scratch/teacher-tracking/src/components/AppShell.tsx [Client Component Browser]
    ./.gemini/antigravity/scratch/teacher-tracking/src/app/page.tsx [Client Component Browser]
    ./.gemini/antigravity/scratch/teacher-tracking/src/app/page.tsx [Server Component]

  Client Component SSR:
    ./.gemini/antigravity/scratch/teacher-tracking/node_modules/lucide-react/dist/esm/lucide-react.mjs [Client Component SSR]
    ./.gemini/antigravity/scratch/teacher-tracking/src/components/pages/DailyTasksPage.tsx [Client Component SSR]
    ./.gemini/antigravity/scratch/teacher-tracking/src/components/AppShell.tsx [Client Component SSR]
    ./.gemini/antigravity/scratch/teacher-tracking/src/app/page.tsx [Client Component SSR]
    ./.gemini/antigravity/scratch/teacher-tracking/src/app/page.tsx [Server Component]

https://nextjs.org/docs/messages/module-not-found


./.gemini/antigravity/scratch/teacher-tracking/node_modules/lucide-react/dist/esm/lucide-react.mjs:1479:1
Module not found: Can't resolve './icons/square.mjs'
  [90m1477 |[0m ... [33mLucideSquareStar[0m, [36mdefault[0m [36mas[0m [33mSquareStar[0m, [36mdefault[0m [36mas[0m [33mSquareStarIc..[0m.
  [90m1478 |[0m ... [33mLucideSquareStop[0m, [36mdefault[0m [36mas[0m [33mSquareStop[0m, [36mdefault[0m [36mas[0m [33mSquareStopIc..[0m.
[31m[1m>[0m [90m1479 |[0m ... [33mLucideSquare[0m, [36mdefault[0m [36mas[0m [33mSquare[0m, [36mdefault[0m [36mas[0m [33mSquareIcon[0m } [36mfrom[0m [32m'....[0m
  [90m     |[0m    [31m[1m^^^^^^^^^^^^^^^^^^^^^^^^^^^^^^^^^^^^^^^^^^^^^^^^^^^^^^^^^^^^^^^^^^^^[0m
  [90m1480 |[0m ... [33mLucideSquaresExclude[0m, [36mdefault[0m [36mas[0m [33mSquaresExclude[0m, [36mdefault[0m [36mas[0m [33mSqua...[0m
  [90m1481 |[0m ... [33mLucideSquaresIntersect[0m, [36mdefault[0m [36mas[0m [33mSquaresIntersect[0m, [36mdefault[0m [36mas[0m [33m...[0m
  [90m1482 |[0m ... [33mLucideSquaresSubtract[0m, [36mdefault[0m [36mas[0m [33mSquaresSubtract[0m, [36mdefault[0m [36mas[0m [33mSq...[0m



Import traces:
  Client Component Browser:
    ./.gemini/antigravity/scratch/teacher-tracking/node_modules/lucide-react/dist/esm/lucide-react.mjs [Client Component Browser]
    ./.gemini/antigravity/scratch/teacher-tracking/src/components/pages/DailyTasksPage.tsx [Client Component Browser]
    ./.gemini/antigravity/scratch/teacher-tracking/src/components/AppShell.tsx [Client Component Browser]
    ./.gemini/antigravity/scratch/teacher-tracking/src/app/page.tsx [Client Component Browser]
    ./.gemini/antigravity/scratch/teacher-tracking/src/app/page.tsx [Server Component]

  Client Component SSR:
    ./.gemini/antigravity/scratch/teacher-tracking/node_modules/lucide-react/dist/esm/lucide-react.mjs [Client Component SSR]
    ./.gemini/antigravity/scratch/teacher-tracking/src/components/pages/DailyTasksPage.tsx [Client Component SSR]
    ./.gemini/antigravity/scratch/teacher-tracking/src/components/AppShell.tsx [Client Component SSR]
    ./.gemini/antigravity/scratch/teacher-tracking/src/app/page.tsx [Client Component SSR]
    ./.gemini/antigravity/scratch/teacher-tracking/src/app/page.tsx [Server Component]

https://nextjs.org/docs/messages/module-not-found


./.gemini/antigravity/scratch/teacher-tracking/node_modules/lucide-react/dist/esm/lucide-react.mjs:1480:1
Module not found: Can't resolve './icons/squares-exclude.mjs'
  [90m1478 |[0m ..., [36mdefault[0m [36mas[0m [33mSquareStop[0m, [36mdefault[0m [36mas[0m [33mSquareStopIcon[0m } [36mfrom[0m [32m'./icon...[0m
  [90m1479 |[0m ...[36mfault[0m [36mas[0m [33mSquare[0m, [36mdefault[0m [36mas[0m [33mSquareIcon[0m } [36mfrom[0m [32m'./icons/square.mjs'[0m;
[31m[1m>[0m [90m1480 |[0m ...[33mlude[0m, [36mdefault[0m [36mas[0m [33mSquaresExclude[0m, [36mdefault[0m [36mas[0m [33mSquaresExcludeIcon[0m } [36m...[0m
  [90m     |[0m    [31m[1m^^^^^^^^^^^^^^^^^^^^^^^^^^^^^^^^^^^^^^^^^^^^^^^^^^^^^^^^^^^^^^^^^^^^[0m
  [90m1481 |[0m ...[33mersect[0m, [36mdefault[0m [36mas[0m [33mSquaresIntersect[0m, [36mdefault[0m [36mas[0m [33mSquaresIntersectI...[0m
  [90m1482 |[0m ...[33mtract[0m, [36mdefault[0m [36mas[0m [33mSquaresSubtract[0m, [36mdefault[0m [36mas[0m [33mSquaresSubtractIcon[0m...
  [90m1483 |[0m ...[33mte[0m, [36mdefault[0m [36mas[0m [33mSquaresUnite[0m, [36mdefault[0m [36mas[0m [33mSquaresUniteIcon[0m } [36mfrom[0m [32m'...[0m



Import traces:
  Client Component Browser:
    ./.gemini/antigravity/scratch/teacher-tracking/node_modules/lucide-react/dist/esm/lucide-react.mjs [Client Component Browser]
    ./.gemini/antigravity/scratch/teacher-tracking/src/components/pages/DailyTasksPage.tsx [Client Component Browser]
    ./.gemini/antigravity/scratch/teacher-tracking/src/components/AppShell.tsx [Client Component Browser]
    ./.gemini/antigravity/scratch/teacher-tracking/src/app/page.tsx [Client Component Browser]
    ./.gemini/antigravity/scratch/teacher-tracking/src/app/page.tsx [Server Component]

  Client Component SSR:
    ./.gemini/antigravity/scratch/teacher-tracking/node_modules/lucide-react/dist/esm/lucide-react.mjs [Client Component SSR]
    ./.gemini/antigravity/scratch/teacher-tracking/src/components/pages/DailyTasksPage.tsx [Client Component SSR]
    ./.gemini/antigravity/scratch/teacher-tracking/src/components/AppShell.tsx [Client Component SSR]
    ./.gemini/antigravity/scratch/teacher-tracking/src/app/page.tsx [Client Component SSR]
    ./.gemini/antigravity/scratch/teacher-tracking/src/app/page.tsx [Server Component]

https://nextjs.org/docs/messages/module-not-found


./.gemini/antigravity/scratch/teacher-tracking/node_modules/lucide-react/dist/esm/lucide-react.mjs:1481:1
Module not found: Can't resolve './icons/squares-intersect.mjs'
  [90m1479 |[0m ...[36mt[0m [36mas[0m [33mSquare[0m, [36mdefault[0m [36mas[0m [33mSquareIcon[0m } [36mfrom[0m [32m'./icons/square.mjs'[0m;
  [90m1480 |[0m ..., [36mdefault[0m [36mas[0m [33mSquaresExclude[0m, [36mdefault[0m [36mas[0m [33mSquaresExcludeIcon[0m } [36mfrom[0m.[32m..[0m
[31m[1m>[0m [90m1481 |[0m ...[33mct[0m, [36mdefault[0m [36mas[0m [33mSquaresIntersect[0m, [36mdefault[0m [36mas[0m [33mSquaresIntersectIcon[0m ..[36m.[0m
  [90m     |[0m    [31m[1m^^^^^^^^^^^^^^^^^^^^^^^^^^^^^^^^^^^^^^^^^^^^^^^^^^^^^^^^^^^^^^^^^^^^[0m
  [90m1482 |[0m ...[33mt[0m, [36mdefault[0m [36mas[0m [33mSquaresSubtract[0m, [36mdefault[0m [36mas[0m [33mSquaresSubtractIcon[0m } [36mf...[0m
  [90m1483 |[0m ...[36mdefault[0m [36mas[0m [33mSquaresUnite[0m, [36mdefault[0m [36mas[0m [33mSquaresUniteIcon[0m } [36mfrom[0m [32m'./ic...[0m
  [90m1484 |[0m ..., [36mdefault[0m [36mas[0m [33mSquircleDashed[0m, [36mdefault[0m [36mas[0m [33mSquircleDashedIcon[0m } [36mfrom[0m.[32m..[0m



Import traces:
  Client Component Browser:
    ./.gemini/antigravity/scratch/teacher-tracking/node_modules/lucide-react/dist/esm/lucide-react.mjs [Client Component Browser]
    ./.gemini/antigravity/scratch/teacher-tracking/src/components/pages/DailyTasksPage.tsx [Client Component Browser]
    ./.gemini/antigravity/scratch/teacher-tracking/src/components/AppShell.tsx [Client Component Browser]
    ./.gemini/antigravity/scratch/teacher-tracking/src/app/page.tsx [Client Component Browser]
    ./.gemini/antigravity/scratch/teacher-tracking/src/app/page.tsx [Server Component]

  Client Component SSR:
    ./.gemini/antigravity/scratch/teacher-tracking/node_modules/lucide-react/dist/esm/lucide-react.mjs [Client Component SSR]
    ./.gemini/antigravity/scratch/teacher-tracking/src/components/pages/DailyTasksPage.tsx [Client Component SSR]
    ./.gemini/antigravity/scratch/teacher-tracking/src/components/AppShell.tsx [Client Component SSR]
    ./.gemini/antigravity/scratch/teacher-tracking/src/app/page.tsx [Client Component SSR]
    ./.gemini/antigravity/scratch/teacher-tracking/src/app/page.tsx [Server Component]

https://nextjs.org/docs/messages/module-not-found


./.gemini/antigravity/scratch/teacher-tracking/node_modules/lucide-react/dist/esm/lucide-react.mjs:1482:1
Module not found: Can't resolve './icons/squares-subtract.mjs'
  [90m1480 |[0m ...[33mde[0m, [36mdefault[0m [36mas[0m [33mSquaresExclude[0m, [36mdefault[0m [36mas[0m [33mSquaresExcludeIcon[0m } [36mfr..[0m.
  [90m1481 |[0m ...[33msect[0m, [36mdefault[0m [36mas[0m [33mSquaresIntersect[0m, [36mdefault[0m [36mas[0m [33mSquaresIntersectIco.[0m..
[31m[1m>[0m [90m1482 |[0m ...[33mact[0m, [36mdefault[0m [36mas[0m [33mSquaresSubtract[0m, [36mdefault[0m [36mas[0m [33mSquaresSubtractIcon[0m }.[36m..[0m
  [90m     |[0m    [31m[1m^^^^^^^^^^^^^^^^^^^^^^^^^^^^^^^^^^^^^^^^^^^^^^^^^^^^^^^^^^^^^^^^^^^^[0m
  [90m1483 |[0m ..., [36mdefault[0m [36mas[0m [33mSquaresUnite[0m, [36mdefault[0m [36mas[0m [33mSquaresUniteIcon[0m } [36mfrom[0m [32m'./...[0m
  [90m1484 |[0m ...[33med[0m, [36mdefault[0m [36mas[0m [33mSquircleDashed[0m, [36mdefault[0m [36mas[0m [33mSquircleDashedIcon[0m } [36mfr..[0m.
  [90m1485 |[0m ...[36mfault[0m [36mas[0m [33mSquircle[0m, [36mdefault[0m [36mas[0m [33mSquircleIcon[0m } [36mfrom[0m [32m'./icons/squirc...[0m



Import traces:
  Client Component Browser:
    ./.gemini/antigravity/scratch/teacher-tracking/node_modules/lucide-react/dist/esm/lucide-react.mjs [Client Component Browser]
    ./.gemini/antigravity/scratch/teacher-tracking/src/components/pages/DailyTasksPage.tsx [Client Component Browser]
    ./.gemini/antigravity/scratch/teacher-tracking/src/components/AppShell.tsx [Client Component Browser]
    ./.gemini/antigravity/scratch/teacher-tracking/src/app/page.tsx [Client Component Browser]
    ./.gemini/antigravity/scratch/teacher-tracking/src/app/page.tsx [Server Component]

  Client Component SSR:
    ./.gemini/antigravity/scratch/teacher-tracking/node_modules/lucide-react/dist/esm/lucide-react.mjs [Client Component SSR]
    ./.gemini/antigravity/scratch/teacher-tracking/src/components/pages/DailyTasksPage.tsx [Client Component SSR]
    ./.gemini/antigravity/scratch/teacher-tracking/src/components/AppShell.tsx [Client Component SSR]
    ./.gemini/antigravity/scratch/teacher-tracking/src/app/page.tsx [Client Component SSR]
    ./.gemini/antigravity/scratch/teacher-tracking/src/app/page.tsx [Server Component]

https://nextjs.org/docs/messages/module-not-found


./.gemini/antigravity/scratch/teacher-tracking/node_modules/lucide-react/dist/esm/lucide-react.mjs:1483:1
Module not found: Can't resolve './icons/squares-unite.mjs'
  [90m1481 |[0m ...[33msIntersect[0m, [36mdefault[0m [36mas[0m [33mSquaresIntersect[0m, [36mdefault[0m [36mas[0m [33mSquaresInters...[0m
  [90m1482 |[0m ...[33msSubtract[0m, [36mdefault[0m [36mas[0m [33mSquaresSubtract[0m, [36mdefault[0m [36mas[0m [33mSquaresSubtract...[0m
[31m[1m>[0m [90m1483 |[0m ...[33msUnite[0m, [36mdefault[0m [36mas[0m [33mSquaresUnite[0m, [36mdefault[0m [36mas[0m [33mSquaresUniteIcon[0m } [36mfr..[0m.
  [90m     |[0m    [31m[1m^^^^^^^^^^^^^^^^^^^^^^^^^^^^^^^^^^^^^^^^^^^^^^^^^^^^^^^^^^^^^^^^^^^^[0m
  [90m1484 |[0m ...[33mleDashed[0m, [36mdefault[0m [36mas[0m [33mSquircleDashed[0m, [36mdefault[0m [36mas[0m [33mSquircleDashedIco.[0m..
  [90m1485 |[0m ...[33mle[0m, [36mdefault[0m [36mas[0m [33mSquircle[0m, [36mdefault[0m [36mas[0m [33mSquircleIcon[0m } [36mfrom[0m [32m'./icons/...[0m
  [90m1486 |[0m ...[33mel[0m, [36mdefault[0m [36mas[0m [33mSquirrel[0m, [36mdefault[0m [36mas[0m [33mSquirrelIcon[0m } [36mfrom[0m [32m'./icons/...[0m



Import traces:
  Client Component Browser:
    ./.gemini/antigravity/scratch/teacher-tracking/node_modules/lucide-react/dist/esm/lucide-react.mjs [Client Component Browser]
    ./.gemini/antigravity/scratch/teacher-tracking/src/components/pages/DailyTasksPage.tsx [Client Component Browser]
    ./.gemini/antigravity/scratch/teacher-tracking/src/components/AppShell.tsx [Client Component Browser]
    ./.gemini/antigravity/scratch/teacher-tracking/src/app/page.tsx [Client Component Browser]
    ./.gemini/antigravity/scratch/teacher-tracking/src/app/page.tsx [Server Component]

  Client Component SSR:
    ./.gemini/antigravity/scratch/teacher-tracking/node_modules/lucide-react/dist/esm/lucide-react.mjs [Client Component SSR]
    ./.gemini/antigravity/scratch/teacher-tracking/src/components/pages/DailyTasksPage.tsx [Client Component SSR]
    ./.gemini/antigravity/scratch/teacher-tracking/src/components/AppShell.tsx [Client Component SSR]
    ./.gemini/antigravity/scratch/teacher-tracking/src/app/page.tsx [Client Component SSR]
    ./.gemini/antigravity/scratch/teacher-tracking/src/app/page.tsx [Server Component]

https://nextjs.org/docs/messages/module-not-found


./.gemini/antigravity/scratch/teacher-tracking/node_modules/lucide-react/dist/esm/lucide-react.mjs:1484:1
Module not found: Can't resolve './icons/squircle-dashed.mjs'
  [90m1482 |[0m ...[33mtract[0m, [36mdefault[0m [36mas[0m [33mSquaresSubtract[0m, [36mdefault[0m [36mas[0m [33mSquaresSubtractIcon[0m...
  [90m1483 |[0m ...[33mte[0m, [36mdefault[0m [36mas[0m [33mSquaresUnite[0m, [36mdefault[0m [36mas[0m [33mSquaresUniteIcon[0m } [36mfrom[0m [32m'...[0m
[31m[1m>[0m [90m1484 |[0m ...[33mshed[0m, [36mdefault[0m [36mas[0m [33mSquircleDashed[0m, [36mdefault[0m [36mas[0m [33mSquircleDashedIcon[0m } [36m...[0m
  [90m     |[0m    [31m[1m^^^^^^^^^^^^^^^^^^^^^^^^^^^^^^^^^^^^^^^^^^^^^^^^^^^^^^^^^^^^^^^^^^^^[0m
  [90m1485 |[0m ...[36mdefault[0m [36mas[0m [33mSquircle[0m, [36mdefault[0m [36mas[0m [33mSquircleIcon[0m } [36mfrom[0m [32m'./icons/squi...[0m
  [90m1486 |[0m ...[36mdefault[0m [36mas[0m [33mSquirrel[0m, [36mdefault[0m [36mas[0m [33mSquirrelIcon[0m } [36mfrom[0m [32m'./icons/squi...[0m
  [90m1487 |[0m ...[36mault[0m [36mas[0m [33mStamp[0m, [36mdefault[0m [36mas[0m [33mStampIcon[0m } [36mfrom[0m [32m'./icons/stamp.mjs'[0m;



Import traces:
  Client Component Browser:
    ./.gemini/antigravity/scratch/teacher-tracking/node_modules/lucide-react/dist/esm/lucide-react.mjs [Client Component Browser]
    ./.gemini/antigravity/scratch/teacher-tracking/src/components/pages/DailyTasksPage.tsx [Client Component Browser]
    ./.gemini/antigravity/scratch/teacher-tracking/src/components/AppShell.tsx [Client Component Browser]
    ./.gemini/antigravity/scratch/teacher-tracking/src/app/page.tsx [Client Component Browser]
    ./.gemini/antigravity/scratch/teacher-tracking/src/app/page.tsx [Server Component]

  Client Component SSR:
    ./.gemini/antigravity/scratch/teacher-tracking/node_modules/lucide-react/dist/esm/lucide-react.mjs [Client Component SSR]
    ./.gemini/antigravity/scratch/teacher-tracking/src/components/pages/DailyTasksPage.tsx [Client Component SSR]
    ./.gemini/antigravity/scratch/teacher-tracking/src/components/AppShell.tsx [Client Component SSR]
    ./.gemini/antigravity/scratch/teacher-tracking/src/app/page.tsx [Client Component SSR]
    ./.gemini/antigravity/scratch/teacher-tracking/src/app/page.tsx [Server Component]

https://nextjs.org/docs/messages/module-not-found


./.gemini/antigravity/scratch/teacher-tracking/node_modules/lucide-react/dist/esm/lucide-react.mjs:1485:1
Module not found: Can't resolve './icons/squircle.mjs'
  [90m1483 |[0m ...[33mideSquaresUnite[0m, [36mdefault[0m [36mas[0m [33mSquaresUnite[0m, [36mdefault[0m [36mas[0m [33mSquaresUnite...[0m
  [90m1484 |[0m ...[33mideSquircleDashed[0m, [36mdefault[0m [36mas[0m [33mSquircleDashed[0m, [36mdefault[0m [36mas[0m [33mSquircle...[0m
[31m[1m>[0m [90m1485 |[0m ...[33mideSquircle[0m, [36mdefault[0m [36mas[0m [33mSquircle[0m, [36mdefault[0m [36mas[0m [33mSquircleIcon[0m } [36mfrom[0m [32m...[0m
  [90m     |[0m    [31m[1m^^^^^^^^^^^^^^^^^^^^^^^^^^^^^^^^^^^^^^^^^^^^^^^^^^^^^^^^^^^^^^^^^^^^[0m
  [90m1486 |[0m ...[33mideSquirrel[0m, [36mdefault[0m [36mas[0m [33mSquirrel[0m, [36mdefault[0m [36mas[0m [33mSquirrelIcon[0m } [36mfrom[0m [32m...[0m
  [90m1487 |[0m ...[33mideStamp[0m, [36mdefault[0m [36mas[0m [33mStamp[0m, [36mdefault[0m [36mas[0m [33mStampIcon[0m } [36mfrom[0m [32m'./icons/...[0m
  [90m1488 |[0m ...[33mideStarHalf[0m, [36mdefault[0m [36mas[0m [33mStarHalf[0m, [36mdefault[0m [36mas[0m [33mStarHalfIcon[0m } [36mfrom[0m [32m...[0m



Import traces:
  Client Component Browser:
    ./.gemini/antigravity/scratch/teacher-tracking/node_modules/lucide-react/dist/esm/lucide-react.mjs [Client Component Browser]
    ./.gemini/antigravity/scratch/teacher-tracking/src/components/pages/DailyTasksPage.tsx [Client Component Browser]
    ./.gemini/antigravity/scratch/teacher-tracking/src/components/AppShell.tsx [Client Component Browser]
    ./.gemini/antigravity/scratch/teacher-tracking/src/app/page.tsx [Client Component Browser]
    ./.gemini/antigravity/scratch/teacher-tracking/src/app/page.tsx [Server Component]

  Client Component SSR:
    ./.gemini/antigravity/scratch/teacher-tracking/node_modules/lucide-react/dist/esm/lucide-react.mjs [Client Component SSR]
    ./.gemini/antigravity/scratch/teacher-tracking/src/components/pages/DailyTasksPage.tsx [Client Component SSR]
    ./.gemini/antigravity/scratch/teacher-tracking/src/components/AppShell.tsx [Client Component SSR]
    ./.gemini/antigravity/scratch/teacher-tracking/src/app/page.tsx [Client Component SSR]
    ./.gemini/antigravity/scratch/teacher-tracking/src/app/page.tsx [Server Component]

https://nextjs.org/docs/messages/module-not-found


./.gemini/antigravity/scratch/teacher-tracking/node_modules/lucide-react/dist/esm/lucide-react.mjs:1486:1
Module not found: Can't resolve './icons/squirrel.mjs'
  [90m1484 |[0m ...[33mideSquircleDashed[0m, [36mdefault[0m [36mas[0m [33mSquircleDashed[0m, [36mdefault[0m [36mas[0m [33mSquircle...[0m
  [90m1485 |[0m ...[33mideSquircle[0m, [36mdefault[0m [36mas[0m [33mSquircle[0m, [36mdefault[0m [36mas[0m [33mSquircleIcon[0m } [36mfrom[0m [32m...[0m
[31m[1m>[0m [90m1486 |[0m ...[33mideSquirrel[0m, [36mdefault[0m [36mas[0m [33mSquirrel[0m, [36mdefault[0m [36mas[0m [33mSquirrelIcon[0m } [36mfrom[0m [32m...[0m
  [90m     |[0m    [31m[1m^^^^^^^^^^^^^^^^^^^^^^^^^^^^^^^^^^^^^^^^^^^^^^^^^^^^^^^^^^^^^^^^^^^^[0m
  [90m1487 |[0m ...[33mideStamp[0m, [36mdefault[0m [36mas[0m [33mStamp[0m, [36mdefault[0m [36mas[0m [33mStampIcon[0m } [36mfrom[0m [32m'./icons/...[0m
  [90m1488 |[0m ...[33mideStarHalf[0m, [36mdefault[0m [36mas[0m [33mStarHalf[0m, [36mdefault[0m [36mas[0m [33mStarHalfIcon[0m } [36mfrom[0m [32m...[0m
  [90m1489 |[0m ...[33mideStarOff[0m, [36mdefault[0m [36mas[0m [33mStarOff[0m, [36mdefault[0m [36mas[0m [33mStarOffIcon[0m } [36mfrom[0m [32m'./...[0m



Import traces:
  Client Component Browser:
    ./.gemini/antigravity/scratch/teacher-tracking/node_modules/lucide-react/dist/esm/lucide-react.mjs [Client Component Browser]
    ./.gemini/antigravity/scratch/teacher-tracking/src/components/pages/DailyTasksPage.tsx [Client Component Browser]
    ./.gemini/antigravity/scratch/teacher-tracking/src/components/AppShell.tsx [Client Component Browser]
    ./.gemini/antigravity/scratch/teacher-tracking/src/app/page.tsx [Client Component Browser]
    ./.gemini/antigravity/scratch/teacher-tracking/src/app/page.tsx [Server Component]

  Client Component SSR:
    ./.gemini/antigravity/scratch/teacher-tracking/node_modules/lucide-react/dist/esm/lucide-react.mjs [Client Component SSR]
    ./.gemini/antigravity/scratch/teacher-tracking/src/components/pages/DailyTasksPage.tsx [Client Component SSR]
    ./.gemini/antigravity/scratch/teacher-tracking/src/components/AppShell.tsx [Client Component SSR]
    ./.gemini/antigravity/scratch/teacher-tracking/src/app/page.tsx [Client Component SSR]
    ./.gemini/antigravity/scratch/teacher-tracking/src/app/page.tsx [Server Component]

https://nextjs.org/docs/messages/module-not-found


./.gemini/antigravity/scratch/teacher-tracking/node_modules/lucide-react/dist/esm/lucide-react.mjs:1487:1
Module not found: Can't resolve './icons/stamp.mjs'
  [90m1485 |[0m ...[36mas[0m [33mLucideSquircle[0m, [36mdefault[0m [36mas[0m [33mSquircle[0m, [36mdefault[0m [36mas[0m [33mSquircleIcon[0m }.[36m..[0m
  [90m1486 |[0m ...[36mas[0m [33mLucideSquirrel[0m, [36mdefault[0m [36mas[0m [33mSquirrel[0m, [36mdefault[0m [36mas[0m [33mSquirrelIcon[0m }.[36m..[0m
[31m[1m>[0m [90m1487 |[0m ...[36mas[0m [33mLucideStamp[0m, [36mdefault[0m [36mas[0m [33mStamp[0m, [36mdefault[0m [36mas[0m [33mStampIcon[0m } [36mfrom[0m [32m'./...[0m
  [90m     |[0m    [31m[1m^^^^^^^^^^^^^^^^^^^^^^^^^^^^^^^^^^^^^^^^^^^^^^^^^^^^^^^^^^^^^^^^^^^^[0m
  [90m1488 |[0m ...[36mas[0m [33mLucideStarHalf[0m, [36mdefault[0m [36mas[0m [33mStarHalf[0m, [36mdefault[0m [36mas[0m [33mStarHalfIcon[0m }.[36m..[0m
  [90m1489 |[0m ...[36mas[0m [33mLucideStarOff[0m, [36mdefault[0m [36mas[0m [33mStarOff[0m, [36mdefault[0m [36mas[0m [33mStarOffIcon[0m } [36mfr..[0m.
  [90m1490 |[0m ...[36mas[0m [33mLucideStar[0m, [36mdefault[0m [36mas[0m [33mStar[0m, [36mdefault[0m [36mas[0m [33mStarIcon[0m } [36mfrom[0m [32m'./ico...[0m



Import traces:
  Client Component Browser:
    ./.gemini/antigravity/scratch/teacher-tracking/node_modules/lucide-react/dist/esm/lucide-react.mjs [Client Component Browser]
    ./.gemini/antigravity/scratch/teacher-tracking/src/components/pages/DailyTasksPage.tsx [Client Component Browser]
    ./.gemini/antigravity/scratch/teacher-tracking/src/components/AppShell.tsx [Client Component Browser]
    ./.gemini/antigravity/scratch/teacher-tracking/src/app/page.tsx [Client Component Browser]
    ./.gemini/antigravity/scratch/teacher-tracking/src/app/page.tsx [Server Component]

  Client Component SSR:
    ./.gemini/antigravity/scratch/teacher-tracking/node_modules/lucide-react/dist/esm/lucide-react.mjs [Client Component SSR]
    ./.gemini/antigravity/scratch/teacher-tracking/src/components/pages/DailyTasksPage.tsx [Client Component SSR]
    ./.gemini/antigravity/scratch/teacher-tracking/src/components/AppShell.tsx [Client Component SSR]
    ./.gemini/antigravity/scratch/teacher-tracking/src/app/page.tsx [Client Component SSR]
    ./.gemini/antigravity/scratch/teacher-tracking/src/app/page.tsx [Server Component]

https://nextjs.org/docs/messages/module-not-found


./.gemini/antigravity/scratch/teacher-tracking/node_modules/lucide-react/dist/esm/lucide-react.mjs:1488:1
Module not found: Can't resolve './icons/star-half.mjs'
  [90m1486 |[0m ...[33mdeSquirrel[0m, [36mdefault[0m [36mas[0m [33mSquirrel[0m, [36mdefault[0m [36mas[0m [33mSquirrelIcon[0m } [36mfrom[0m [32m'...[0m
  [90m1487 |[0m ...[33mdeStamp[0m, [36mdefault[0m [36mas[0m [33mStamp[0m, [36mdefault[0m [36mas[0m [33mStampIcon[0m } [36mfrom[0m [32m'./icons/s...[0m
[31m[1m>[0m [90m1488 |[0m ...[33mdeStarHalf[0m, [36mdefault[0m [36mas[0m [33mStarHalf[0m, [36mdefault[0m [36mas[0m [33mStarHalfIcon[0m } [36mfrom[0m [32m'...[0m
  [90m     |[0m    [31m[1m^^^^^^^^^^^^^^^^^^^^^^^^^^^^^^^^^^^^^^^^^^^^^^^^^^^^^^^^^^^^^^^^^^^^[0m
  [90m1489 |[0m ...[33mdeStarOff[0m, [36mdefault[0m [36mas[0m [33mStarOff[0m, [36mdefault[0m [36mas[0m [33mStarOffIcon[0m } [36mfrom[0m [32m'./i...[0m
  [90m1490 |[0m ...[33mdeStar[0m, [36mdefault[0m [36mas[0m [33mStar[0m, [36mdefault[0m [36mas[0m [33mStarIcon[0m } [36mfrom[0m [32m'./icons/star...[0m
  [90m1491 |[0m ...[33mdeStepBack[0m, [36mdefault[0m [36mas[0m [33mStepBack[0m, [36mdefault[0m [36mas[0m [33mStepBackIcon[0m } [36mfrom[0m [32m'...[0m



Import traces:
  Client Component Browser:
    ./.gemini/antigravity/scratch/teacher-tracking/node_modules/lucide-react/dist/esm/lucide-react.mjs [Client Component Browser]
    ./.gemini/antigravity/scratch/teacher-tracking/src/components/pages/DailyTasksPage.tsx [Client Component Browser]
    ./.gemini/antigravity/scratch/teacher-tracking/src/components/AppShell.tsx [Client Component Browser]
    ./.gemini/antigravity/scratch/teacher-tracking/src/app/page.tsx [Client Component Browser]
    ./.gemini/antigravity/scratch/teacher-tracking/src/app/page.tsx [Server Component]

  Client Component SSR:
    ./.gemini/antigravity/scratch/teacher-tracking/node_modules/lucide-react/dist/esm/lucide-react.mjs [Client Component SSR]
    ./.gemini/antigravity/scratch/teacher-tracking/src/components/pages/DailyTasksPage.tsx [Client Component SSR]
    ./.gemini/antigravity/scratch/teacher-tracking/src/components/AppShell.tsx [Client Component SSR]
    ./.gemini/antigravity/scratch/teacher-tracking/src/app/page.tsx [Client Component SSR]
    ./.gemini/antigravity/scratch/teacher-tracking/src/app/page.tsx [Server Component]

https://nextjs.org/docs/messages/module-not-found


./.gemini/antigravity/scratch/teacher-tracking/node_modules/lucide-react/dist/esm/lucide-react.mjs:1489:1
Module not found: Can't resolve './icons/star-off.mjs'
  [90m1487 |[0m ...[33mcideStamp[0m, [36mdefault[0m [36mas[0m [33mStamp[0m, [36mdefault[0m [36mas[0m [33mStampIcon[0m } [36mfrom[0m [32m'./icons...[0m
  [90m1488 |[0m ...[33mcideStarHalf[0m, [36mdefault[0m [36mas[0m [33mStarHalf[0m, [36mdefault[0m [36mas[0m [33mStarHalfIcon[0m } [36mfrom[0m.[32m..[0m
[31m[1m>[0m [90m1489 |[0m ...[33mcideStarOff[0m, [36mdefault[0m [36mas[0m [33mStarOff[0m, [36mdefault[0m [36mas[0m [33mStarOffIcon[0m } [36mfrom[0m [32m'....[0m
  [90m     |[0m    [31m[1m^^^^^^^^^^^^^^^^^^^^^^^^^^^^^^^^^^^^^^^^^^^^^^^^^^^^^^^^^^^^^^^^^^^^[0m
  [90m1490 |[0m ...[33mcideStar[0m, [36mdefault[0m [36mas[0m [33mStar[0m, [36mdefault[0m [36mas[0m [33mStarIcon[0m } [36mfrom[0m [32m'./icons/st...[0m
  [90m1491 |[0m ...[33mcideStepBack[0m, [36mdefault[0m [36mas[0m [33mStepBack[0m, [36mdefault[0m [36mas[0m [33mStepBackIcon[0m } [36mfrom[0m.[32m..[0m
  [90m1492 |[0m ...[33mcideStepForward[0m, [36mdefault[0m [36mas[0m [33mStepForward[0m, [36mdefault[0m [36mas[0m [33mStepForwardIc..[0m.



Import traces:
  Client Component Browser:
    ./.gemini/antigravity/scratch/teacher-tracking/node_modules/lucide-react/dist/esm/lucide-react.mjs [Client Component Browser]
    ./.gemini/antigravity/scratch/teacher-tracking/src/components/pages/DailyTasksPage.tsx [Client Component Browser]
    ./.gemini/antigravity/scratch/teacher-tracking/src/components/AppShell.tsx [Client Component Browser]
    ./.gemini/antigravity/scratch/teacher-tracking/src/app/page.tsx [Client Component Browser]
    ./.gemini/antigravity/scratch/teacher-tracking/src/app/page.tsx [Server Component]

  Client Component SSR:
    ./.gemini/antigravity/scratch/teacher-tracking/node_modules/lucide-react/dist/esm/lucide-react.mjs [Client Component SSR]
    ./.gemini/antigravity/scratch/teacher-tracking/src/components/pages/DailyTasksPage.tsx [Client Component SSR]
    ./.gemini/antigravity/scratch/teacher-tracking/src/components/AppShell.tsx [Client Component SSR]
    ./.gemini/antigravity/scratch/teacher-tracking/src/app/page.tsx [Client Component SSR]
    ./.gemini/antigravity/scratch/teacher-tracking/src/app/page.tsx [Server Component]

https://nextjs.org/docs/messages/module-not-found


./.gemini/antigravity/scratch/teacher-tracking/node_modules/lucide-react/dist/esm/lucide-react.mjs:1490:1
Module not found: Can't resolve './icons/star.mjs'
  [90m1488 |[0m ...[36mt[0m [36mas[0m [33mLucideStarHalf[0m, [36mdefault[0m [36mas[0m [33mStarHalf[0m, [36mdefault[0m [36mas[0m [33mStarHalfIcon[0m...
  [90m1489 |[0m ...[36mt[0m [36mas[0m [33mLucideStarOff[0m, [36mdefault[0m [36mas[0m [33mStarOff[0m, [36mdefault[0m [36mas[0m [33mStarOffIcon[0m } [36m...[0m
[31m[1m>[0m [90m1490 |[0m ...[36mt[0m [36mas[0m [33mLucideStar[0m, [36mdefault[0m [36mas[0m [33mStar[0m, [36mdefault[0m [36mas[0m [33mStarIcon[0m } [36mfrom[0m [32m'./i...[0m
  [90m     |[0m    [31m[1m^^^^^^^^^^^^^^^^^^^^^^^^^^^^^^^^^^^^^^^^^^^^^^^^^^^^^^^^^^^^^^^^^^^^[0m
  [90m1491 |[0m ...[36mt[0m [36mas[0m [33mLucideStepBack[0m, [36mdefault[0m [36mas[0m [33mStepBack[0m, [36mdefault[0m [36mas[0m [33mStepBackIcon[0m...
  [90m1492 |[0m ...[36mt[0m [36mas[0m [33mLucideStepForward[0m, [36mdefault[0m [36mas[0m [33mStepForward[0m, [36mdefault[0m [36mas[0m [33mStepFo...[0m
  [90m1493 |[0m ...[36mt[0m [36mas[0m [33mLucideStethoscope[0m, [36mdefault[0m [36mas[0m [33mStethoscope[0m, [36mdefault[0m [36mas[0m [33mStetho...[0m



Import traces:
  Client Component Browser:
    ./.gemini/antigravity/scratch/teacher-tracking/node_modules/lucide-react/dist/esm/lucide-react.mjs [Client Component Browser]
    ./.gemini/antigravity/scratch/teacher-tracking/src/components/pages/DailyTasksPage.tsx [Client Component Browser]
    ./.gemini/antigravity/scratch/teacher-tracking/src/components/AppShell.tsx [Client Component Browser]
    ./.gemini/antigravity/scratch/teacher-tracking/src/app/page.tsx [Client Component Browser]
    ./.gemini/antigravity/scratch/teacher-tracking/src/app/page.tsx [Server Component]

  Client Component SSR:
    ./.gemini/antigravity/scratch/teacher-tracking/node_modules/lucide-react/dist/esm/lucide-react.mjs [Client Component SSR]
    ./.gemini/antigravity/scratch/teacher-tracking/src/components/pages/DailyTasksPage.tsx [Client Component SSR]
    ./.gemini/antigravity/scratch/teacher-tracking/src/components/AppShell.tsx [Client Component SSR]
    ./.gemini/antigravity/scratch/teacher-tracking/src/app/page.tsx [Client Component SSR]
    ./.gemini/antigravity/scratch/teacher-tracking/src/app/page.tsx [Server Component]

https://nextjs.org/docs/messages/module-not-found


./.gemini/antigravity/scratch/teacher-tracking/node_modules/lucide-react/dist/esm/lucide-react.mjs:1491:1
Module not found: Can't resolve './icons/step-back.mjs'
  [90m1489 |[0m ...[33mdeStarOff[0m, [36mdefault[0m [36mas[0m [33mStarOff[0m, [36mdefault[0m [36mas[0m [33mStarOffIcon[0m } [36mfrom[0m [32m'./i...[0m
  [90m1490 |[0m ...[33mdeStar[0m, [36mdefault[0m [36mas[0m [33mStar[0m, [36mdefault[0m [36mas[0m [33mStarIcon[0m } [36mfrom[0m [32m'./icons/star...[0m
[31m[1m>[0m [90m1491 |[0m ...[33mdeStepBack[0m, [36mdefault[0m [36mas[0m [33mStepBack[0m, [36mdefault[0m [36mas[0m [33mStepBackIcon[0m } [36mfrom[0m [32m'...[0m
  [90m     |[0m    [31m[1m^^^^^^^^^^^^^^^^^^^^^^^^^^^^^^^^^^^^^^^^^^^^^^^^^^^^^^^^^^^^^^^^^^^^[0m
  [90m1492 |[0m ...[33mdeStepForward[0m, [36mdefault[0m [36mas[0m [33mStepForward[0m, [36mdefault[0m [36mas[0m [33mStepForwardIcon[0m...
  [90m1493 |[0m ...[33mdeStethoscope[0m, [36mdefault[0m [36mas[0m [33mStethoscope[0m, [36mdefault[0m [36mas[0m [33mStethoscopeIcon[0m...
  [90m1494 |[0m ...[33mdeSticker[0m, [36mdefault[0m [36mas[0m [33mSticker[0m, [36mdefault[0m [36mas[0m [33mStickerIcon[0m } [36mfrom[0m [32m'./i...[0m



Import traces:
  Client Component Browser:
    ./.gemini/antigravity/scratch/teacher-tracking/node_modules/lucide-react/dist/esm/lucide-react.mjs [Client Component Browser]
    ./.gemini/antigravity/scratch/teacher-tracking/src/components/pages/DailyTasksPage.tsx [Client Component Browser]
    ./.gemini/antigravity/scratch/teacher-tracking/src/components/AppShell.tsx [Client Component Browser]
    ./.gemini/antigravity/scratch/teacher-tracking/src/app/page.tsx [Client Component Browser]
    ./.gemini/antigravity/scratch/teacher-tracking/src/app/page.tsx [Server Component]

  Client Component SSR:
    ./.gemini/antigravity/scratch/teacher-tracking/node_modules/lucide-react/dist/esm/lucide-react.mjs [Client Component SSR]
    ./.gemini/antigravity/scratch/teacher-tracking/src/components/pages/DailyTasksPage.tsx [Client Component SSR]
    ./.gemini/antigravity/scratch/teacher-tracking/src/components/AppShell.tsx [Client Component SSR]
    ./.gemini/antigravity/scratch/teacher-tracking/src/app/page.tsx [Client Component SSR]
    ./.gemini/antigravity/scratch/teacher-tracking/src/app/page.tsx [Server Component]

https://nextjs.org/docs/messages/module-not-found


./.gemini/antigravity/scratch/teacher-tracking/node_modules/lucide-react/dist/esm/lucide-react.mjs:1492:1
Module not found: Can't resolve './icons/step-forward.mjs'
  [90m1490 |[0m ..., [36mdefault[0m [36mas[0m [33mStar[0m, [36mdefault[0m [36mas[0m [33mStarIcon[0m } [36mfrom[0m [32m'./icons/star.mjs'[0m;
  [90m1491 |[0m ...[33mBack[0m, [36mdefault[0m [36mas[0m [33mStepBack[0m, [36mdefault[0m [36mas[0m [33mStepBackIcon[0m } [36mfrom[0m [32m'./icon...[0m
[31m[1m>[0m [90m1492 |[0m ...[33mForward[0m, [36mdefault[0m [36mas[0m [33mStepForward[0m, [36mdefault[0m [36mas[0m [33mStepForwardIcon[0m } [36mfro.[0m.[32m.[0m
  [90m     |[0m    [31m[1m^^^^^^^^^^^^^^^^^^^^^^^^^^^^^^^^^^^^^^^^^^^^^^^^^^^^^^^^^^^^^^^^^^^^[0m
  [90m1493 |[0m ...[33mhoscope[0m, [36mdefault[0m [36mas[0m [33mStethoscope[0m, [36mdefault[0m [36mas[0m [33mStethoscopeIcon[0m } [36mfro.[0m.[32m.[0m
  [90m1494 |[0m ...[33mker[0m, [36mdefault[0m [36mas[0m [33mSticker[0m, [36mdefault[0m [36mas[0m [33mStickerIcon[0m } [36mfrom[0m [32m'./icons/s...[0m
  [90m1495 |[0m ...[33mkyNote[0m, [36mdefault[0m [36mas[0m [33mStickyNote[0m, [36mdefault[0m [36mas[0m [33mStickyNoteIcon[0m } [36mfrom[0m [32m'...[0m



Import traces:
  Client Component Browser:
    ./.gemini/antigravity/scratch/teacher-tracking/node_modules/lucide-react/dist/esm/lucide-react.mjs [Client Component Browser]
    ./.gemini/antigravity/scratch/teacher-tracking/src/components/pages/DailyTasksPage.tsx [Client Component Browser]
    ./.gemini/antigravity/scratch/teacher-tracking/src/components/AppShell.tsx [Client Component Browser]
    ./.gemini/antigravity/scratch/teacher-tracking/src/app/page.tsx [Client Component Browser]
    ./.gemini/antigravity/scratch/teacher-tracking/src/app/page.tsx [Server Component]

  Client Component SSR:
    ./.gemini/antigravity/scratch/teacher-tracking/node_modules/lucide-react/dist/esm/lucide-react.mjs [Client Component SSR]
    ./.gemini/antigravity/scratch/teacher-tracking/src/components/pages/DailyTasksPage.tsx [Client Component SSR]
    ./.gemini/antigravity/scratch/teacher-tracking/src/components/AppShell.tsx [Client Component SSR]
    ./.gemini/antigravity/scratch/teacher-tracking/src/app/page.tsx [Client Component SSR]
    ./.gemini/antigravity/scratch/teacher-tracking/src/app/page.tsx [Server Component]

https://nextjs.org/docs/messages/module-not-found


./.gemini/antigravity/scratch/teacher-tracking/node_modules/lucide-react/dist/esm/lucide-react.mjs:1493:1
Module not found: Can't resolve './icons/stethoscope.mjs'
  [90m1491 |[0m ...[33mpBack[0m, [36mdefault[0m [36mas[0m [33mStepBack[0m, [36mdefault[0m [36mas[0m [33mStepBackIcon[0m } [36mfrom[0m [32m'./ico...[0m
  [90m1492 |[0m ...[33mpForward[0m, [36mdefault[0m [36mas[0m [33mStepForward[0m, [36mdefault[0m [36mas[0m [33mStepForwardIcon[0m } [36mfr..[0m.
[31m[1m>[0m [90m1493 |[0m ...[33mthoscope[0m, [36mdefault[0m [36mas[0m [33mStethoscope[0m, [36mdefault[0m [36mas[0m [33mStethoscopeIcon[0m } [36mfr..[0m.
  [90m     |[0m    [31m[1m^^^^^^^^^^^^^^^^^^^^^^^^^^^^^^^^^^^^^^^^^^^^^^^^^^^^^^^^^^^^^^^^^^^^[0m
  [90m1494 |[0m ...[33mcker[0m, [36mdefault[0m [36mas[0m [33mSticker[0m, [36mdefault[0m [36mas[0m [33mStickerIcon[0m } [36mfrom[0m [32m'./icons/...[0m
  [90m1495 |[0m ...[33mckyNote[0m, [36mdefault[0m [36mas[0m [33mStickyNote[0m, [36mdefault[0m [36mas[0m [33mStickyNoteIcon[0m } [36mfrom[0m [32m...[0m
  [90m1496 |[0m ...[33mne[0m, [36mdefault[0m [36mas[0m [33mStone[0m, [36mdefault[0m [36mas[0m [33mStoneIcon[0m } [36mfrom[0m [32m'./icons/stone....[0m



Import traces:
  Client Component Browser:
    ./.gemini/antigravity/scratch/teacher-tracking/node_modules/lucide-react/dist/esm/lucide-react.mjs [Client Component Browser]
    ./.gemini/antigravity/scratch/teacher-tracking/src/components/pages/DailyTasksPage.tsx [Client Component Browser]
    ./.gemini/antigravity/scratch/teacher-tracking/src/components/AppShell.tsx [Client Component Browser]
    ./.gemini/antigravity/scratch/teacher-tracking/src/app/page.tsx [Client Component Browser]
    ./.gemini/antigravity/scratch/teacher-tracking/src/app/page.tsx [Server Component]

  Client Component SSR:
    ./.gemini/antigravity/scratch/teacher-tracking/node_modules/lucide-react/dist/esm/lucide-react.mjs [Client Component SSR]
    ./.gemini/antigravity/scratch/teacher-tracking/src/components/pages/DailyTasksPage.tsx [Client Component SSR]
    ./.gemini/antigravity/scratch/teacher-tracking/src/components/AppShell.tsx [Client Component SSR]
    ./.gemini/antigravity/scratch/teacher-tracking/src/app/page.tsx [Client Component SSR]
    ./.gemini/antigravity/scratch/teacher-tracking/src/app/page.tsx [Server Component]

https://nextjs.org/docs/messages/module-not-found


./.gemini/antigravity/scratch/teacher-tracking/node_modules/lucide-react/dist/esm/lucide-react.mjs:1494:1
Module not found: Can't resolve './icons/sticker.mjs'
  [90m1492 |[0m ...[33mucideStepForward[0m, [36mdefault[0m [36mas[0m [33mStepForward[0m, [36mdefault[0m [36mas[0m [33mStepForwardI...[0m
  [90m1493 |[0m ...[33mucideStethoscope[0m, [36mdefault[0m [36mas[0m [33mStethoscope[0m, [36mdefault[0m [36mas[0m [33mStethoscopeI...[0m
[31m[1m>[0m [90m1494 |[0m ...[33mucideSticker[0m, [36mdefault[0m [36mas[0m [33mSticker[0m, [36mdefault[0m [36mas[0m [33mStickerIcon[0m } [36mfrom[0m [32m'...[0m
  [90m     |[0m    [31m[1m^^^^^^^^^^^^^^^^^^^^^^^^^^^^^^^^^^^^^^^^^^^^^^^^^^^^^^^^^^^^^^^^^^^^[0m
  [90m1495 |[0m ...[33mucideStickyNote[0m, [36mdefault[0m [36mas[0m [33mStickyNote[0m, [36mdefault[0m [36mas[0m [33mStickyNoteIcon[0m...
  [90m1496 |[0m ...[33mucideStone[0m, [36mdefault[0m [36mas[0m [33mStone[0m, [36mdefault[0m [36mas[0m [33mStoneIcon[0m } [36mfrom[0m [32m'./icon...[0m
  [90m1497 |[0m ...[33mucideStore[0m, [36mdefault[0m [36mas[0m [33mStore[0m, [36mdefault[0m [36mas[0m [33mStoreIcon[0m } [36mfrom[0m [32m'./icon...[0m



Import traces:
  Client Component Browser:
    ./.gemini/antigravity/scratch/teacher-tracking/node_modules/lucide-react/dist/esm/lucide-react.mjs [Client Component Browser]
    ./.gemini/antigravity/scratch/teacher-tracking/src/components/pages/DailyTasksPage.tsx [Client Component Browser]
    ./.gemini/antigravity/scratch/teacher-tracking/src/components/AppShell.tsx [Client Component Browser]
    ./.gemini/antigravity/scratch/teacher-tracking/src/app/page.tsx [Client Component Browser]
    ./.gemini/antigravity/scratch/teacher-tracking/src/app/page.tsx [Server Component]

  Client Component SSR:
    ./.gemini/antigravity/scratch/teacher-tracking/node_modules/lucide-react/dist/esm/lucide-react.mjs [Client Component SSR]
    ./.gemini/antigravity/scratch/teacher-tracking/src/components/pages/DailyTasksPage.tsx [Client Component SSR]
    ./.gemini/antigravity/scratch/teacher-tracking/src/components/AppShell.tsx [Client Component SSR]
    ./.gemini/antigravity/scratch/teacher-tracking/src/app/page.tsx [Client Component SSR]
    ./.gemini/antigravity/scratch/teacher-tracking/src/app/page.tsx [Server Component]

https://nextjs.org/docs/messages/module-not-found


./.gemini/antigravity/scratch/teacher-tracking/node_modules/lucide-react/dist/esm/lucide-react.mjs:1495:1
Module not found: Can't resolve './icons/sticky-note.mjs'
  [90m1493 |[0m ...[33methoscope[0m, [36mdefault[0m [36mas[0m [33mStethoscope[0m, [36mdefault[0m [36mas[0m [33mStethoscopeIcon[0m } [36mf...[0m
  [90m1494 |[0m ...[33micker[0m, [36mdefault[0m [36mas[0m [33mSticker[0m, [36mdefault[0m [36mas[0m [33mStickerIcon[0m } [36mfrom[0m [32m'./icons...[0m
[31m[1m>[0m [90m1495 |[0m ...[33mickyNote[0m, [36mdefault[0m [36mas[0m [33mStickyNote[0m, [36mdefault[0m [36mas[0m [33mStickyNoteIcon[0m } [36mfrom[0m.[32m..[0m
  [90m     |[0m    [31m[1m^^^^^^^^^^^^^^^^^^^^^^^^^^^^^^^^^^^^^^^^^^^^^^^^^^^^^^^^^^^^^^^^^^^^[0m
  [90m1496 |[0m ...[33mone[0m, [36mdefault[0m [36mas[0m [33mStone[0m, [36mdefault[0m [36mas[0m [33mStoneIcon[0m } [36mfrom[0m [32m'./icons/stone...[0m
  [90m1497 |[0m ...[33more[0m, [36mdefault[0m [36mas[0m [33mStore[0m, [36mdefault[0m [36mas[0m [33mStoreIcon[0m } [36mfrom[0m [32m'./icons/store...[0m
  [90m1498 |[0m ...[33mretchVertical[0m, [36mdefault[0m [36mas[0m [33mStretchVertical[0m, [36mdefault[0m [36mas[0m [33mStretchVert...[0m



Import traces:
  Client Component Browser:
    ./.gemini/antigravity/scratch/teacher-tracking/node_modules/lucide-react/dist/esm/lucide-react.mjs [Client Component Browser]
    ./.gemini/antigravity/scratch/teacher-tracking/src/components/pages/DailyTasksPage.tsx [Client Component Browser]
    ./.gemini/antigravity/scratch/teacher-tracking/src/components/AppShell.tsx [Client Component Browser]
    ./.gemini/antigravity/scratch/teacher-tracking/src/app/page.tsx [Client Component Browser]
    ./.gemini/antigravity/scratch/teacher-tracking/src/app/page.tsx [Server Component]

  Client Component SSR:
    ./.gemini/antigravity/scratch/teacher-tracking/node_modules/lucide-react/dist/esm/lucide-react.mjs [Client Component SSR]
    ./.gemini/antigravity/scratch/teacher-tracking/src/components/pages/DailyTasksPage.tsx [Client Component SSR]
    ./.gemini/antigravity/scratch/teacher-tracking/src/components/AppShell.tsx [Client Component SSR]
    ./.gemini/antigravity/scratch/teacher-tracking/src/app/page.tsx [Client Component SSR]
    ./.gemini/antigravity/scratch/teacher-tracking/src/app/page.tsx [Server Component]

https://nextjs.org/docs/messages/module-not-found


./.gemini/antigravity/scratch/teacher-tracking/node_modules/lucide-react/dist/esm/lucide-react.mjs:1496:1
Module not found: Can't resolve './icons/stone.mjs'
  [90m1494 |[0m ...[36mas[0m [33mLucideSticker[0m, [36mdefault[0m [36mas[0m [33mSticker[0m, [36mdefault[0m [36mas[0m [33mStickerIcon[0m } [36mfr..[0m.
  [90m1495 |[0m ...[36mas[0m [33mLucideStickyNote[0m, [36mdefault[0m [36mas[0m [33mStickyNote[0m, [36mdefault[0m [36mas[0m [33mStickyNote...[0m
[31m[1m>[0m [90m1496 |[0m ...[36mas[0m [33mLucideStone[0m, [36mdefault[0m [36mas[0m [33mStone[0m, [36mdefault[0m [36mas[0m [33mStoneIcon[0m } [36mfrom[0m [32m'./...[0m
  [90m     |[0m    [31m[1m^^^^^^^^^^^^^^^^^^^^^^^^^^^^^^^^^^^^^^^^^^^^^^^^^^^^^^^^^^^^^^^^^^^^[0m
  [90m1497 |[0m ...[36mas[0m [33mLucideStore[0m, [36mdefault[0m [36mas[0m [33mStore[0m, [36mdefault[0m [36mas[0m [33mStoreIcon[0m } [36mfrom[0m [32m'./...[0m
  [90m1498 |[0m ...[36mas[0m [33mLucideStretchVertical[0m, [36mdefault[0m [36mas[0m [33mStretchVertical[0m, [36mdefault[0m [36mas[0m [33m...[0m
  [90m1499 |[0m ...[36mas[0m [33mLucideStretchHorizontal[0m, [36mdefault[0m [36mas[0m [33mStretchHorizontal[0m, [36mdefault[0m.[36m..[0m



Import traces:
  Client Component Browser:
    ./.gemini/antigravity/scratch/teacher-tracking/node_modules/lucide-react/dist/esm/lucide-react.mjs [Client Component Browser]
    ./.gemini/antigravity/scratch/teacher-tracking/src/components/pages/DailyTasksPage.tsx [Client Component Browser]
    ./.gemini/antigravity/scratch/teacher-tracking/src/components/AppShell.tsx [Client Component Browser]
    ./.gemini/antigravity/scratch/teacher-tracking/src/app/page.tsx [Client Component Browser]
    ./.gemini/antigravity/scratch/teacher-tracking/src/app/page.tsx [Server Component]

  Client Component SSR:
    ./.gemini/antigravity/scratch/teacher-tracking/node_modules/lucide-react/dist/esm/lucide-react.mjs [Client Component SSR]
    ./.gemini/antigravity/scratch/teacher-tracking/src/components/pages/DailyTasksPage.tsx [Client Component SSR]
    ./.gemini/antigravity/scratch/teacher-tracking/src/components/AppShell.tsx [Client Component SSR]
    ./.gemini/antigravity/scratch/teacher-tracking/src/app/page.tsx [Client Component SSR]
    ./.gemini/antigravity/scratch/teacher-tracking/src/app/page.tsx [Server Component]

https://nextjs.org/docs/messages/module-not-found


./.gemini/antigravity/scratch/teacher-tracking/node_modules/lucide-react/dist/esm/lucide-react.mjs:1497:1
Module not found: Can't resolve './icons/store.mjs'
  [90m1495 |[0m ...[36mas[0m [33mLucideStickyNote[0m, [36mdefault[0m [36mas[0m [33mStickyNote[0m, [36mdefault[0m [36mas[0m [33mStickyNote...[0m
  [90m1496 |[0m ...[36mas[0m [33mLucideStone[0m, [36mdefault[0m [36mas[0m [33mStone[0m, [36mdefault[0m [36mas[0m [33mStoneIcon[0m } [36mfrom[0m [32m'./...[0m
[31m[1m>[0m [90m1497 |[0m ...[36mas[0m [33mLucideStore[0m, [36mdefault[0m [36mas[0m [33mStore[0m, [36mdefault[0m [36mas[0m [33mStoreIcon[0m } [36mfrom[0m [32m'./...[0m
  [90m     |[0m    [31m[1m^^^^^^^^^^^^^^^^^^^^^^^^^^^^^^^^^^^^^^^^^^^^^^^^^^^^^^^^^^^^^^^^^^^^[0m
  [90m1498 |[0m ...[36mas[0m [33mLucideStretchVertical[0m, [36mdefault[0m [36mas[0m [33mStretchVertical[0m, [36mdefault[0m [36mas[0m [33m...[0m
  [90m1499 |[0m ...[36mas[0m [33mLucideStretchHorizontal[0m, [36mdefault[0m [36mas[0m [33mStretchHorizontal[0m, [36mdefault[0m.[36m..[0m
  [90m1500 |[0m ...[36mas[0m [33mLucideStrikethrough[0m, [36mdefault[0m [36mas[0m [33mStrikethrough[0m, [36mdefault[0m [36mas[0m [33mStri...[0m



Import traces:
  Client Component Browser:
    ./.gemini/antigravity/scratch/teacher-tracking/node_modules/lucide-react/dist/esm/lucide-react.mjs [Client Component Browser]
    ./.gemini/antigravity/scratch/teacher-tracking/src/components/pages/DailyTasksPage.tsx [Client Component Browser]
    ./.gemini/antigravity/scratch/teacher-tracking/src/components/AppShell.tsx [Client Component Browser]
    ./.gemini/antigravity/scratch/teacher-tracking/src/app/page.tsx [Client Component Browser]
    ./.gemini/antigravity/scratch/teacher-tracking/src/app/page.tsx [Server Component]

  Client Component SSR:
    ./.gemini/antigravity/scratch/teacher-tracking/node_modules/lucide-react/dist/esm/lucide-react.mjs [Client Component SSR]
    ./.gemini/antigravity/scratch/teacher-tracking/src/components/pages/DailyTasksPage.tsx [Client Component SSR]
    ./.gemini/antigravity/scratch/teacher-tracking/src/components/AppShell.tsx [Client Component SSR]
    ./.gemini/antigravity/scratch/teacher-tracking/src/app/page.tsx [Client Component SSR]
    ./.gemini/antigravity/scratch/teacher-tracking/src/app/page.tsx [Server Component]

https://nextjs.org/docs/messages/module-not-found


./.gemini/antigravity/scratch/teacher-tracking/node_modules/lucide-react/dist/esm/lucide-react.mjs:1499:1
Module not found: Can't resolve './icons/stretch-horizontal.mjs'
  [90m1497 |[0m ...[36ms[0m [33mStore[0m, [36mdefault[0m [36mas[0m [33mStoreIcon[0m } [36mfrom[0m [32m'./icons/store.mjs'[0m;
  [90m1498 |[0m ... [36mdefault[0m [36mas[0m [33mStretchVertical[0m, [36mdefault[0m [36mas[0m [33mStretchVerticalIcon[0m } [36mfro.[0m.[32m.[0m
[31m[1m>[0m [90m1499 |[0m ...[33ml[0m, [36mdefault[0m [36mas[0m [33mStretchHorizontal[0m, [36mdefault[0m [36mas[0m [33mStretchHorizontalIcon[0m...
  [90m     |[0m    [31m[1m^^^^^^^^^^^^^^^^^^^^^^^^^^^^^^^^^^^^^^^^^^^^^^^^^^^^^^^^^^^^^^^^^^^^[0m
  [90m1500 |[0m ...[36mefault[0m [36mas[0m [33mStrikethrough[0m, [36mdefault[0m [36mas[0m [33mStrikethroughIcon[0m } [36mfrom[0m [32m'./i...[0m
  [90m1501 |[0m ...[36mlt[0m [36mas[0m [33mSubscript[0m, [36mdefault[0m [36mas[0m [33mSubscriptIcon[0m } [36mfrom[0m [32m'./icons/subscri...[0m
  [90m1502 |[0m ...[36mas[0m [33mSunDim[0m, [36mdefault[0m [36mas[0m [33mSunDimIcon[0m } [36mfrom[0m [32m'./icons/sun-dim.mjs'[0m;



Import traces:
  Client Component Browser:
    ./.gemini/antigravity/scratch/teacher-tracking/node_modules/lucide-react/dist/esm/lucide-react.mjs [Client Component Browser]
    ./.gemini/antigravity/scratch/teacher-tracking/src/components/pages/DailyTasksPage.tsx [Client Component Browser]
    ./.gemini/antigravity/scratch/teacher-tracking/src/components/AppShell.tsx [Client Component Browser]
    ./.gemini/antigravity/scratch/teacher-tracking/src/app/page.tsx [Client Component Browser]
    ./.gemini/antigravity/scratch/teacher-tracking/src/app/page.tsx [Server Component]

  Client Component SSR:
    ./.gemini/antigravity/scratch/teacher-tracking/node_modules/lucide-react/dist/esm/lucide-react.mjs [Client Component SSR]
    ./.gemini/antigravity/scratch/teacher-tracking/src/components/pages/DailyTasksPage.tsx [Client Component SSR]
    ./.gemini/antigravity/scratch/teacher-tracking/src/components/AppShell.tsx [Client Component SSR]
    ./.gemini/antigravity/scratch/teacher-tracking/src/app/page.tsx [Client Component SSR]
    ./.gemini/antigravity/scratch/teacher-tracking/src/app/page.tsx [Server Component]

https://nextjs.org/docs/messages/module-not-found


./.gemini/antigravity/scratch/teacher-tracking/node_modules/lucide-react/dist/esm/lucide-react.mjs:1498:1
Module not found: Can't resolve './icons/stretch-vertical.mjs'
  [90m1496 |[0m ...[36mlt[0m [36mas[0m [33mStone[0m, [36mdefault[0m [36mas[0m [33mStoneIcon[0m } [36mfrom[0m [32m'./icons/stone.mjs'[0m;
  [90m1497 |[0m ...[36mlt[0m [36mas[0m [33mStore[0m, [36mdefault[0m [36mas[0m [33mStoreIcon[0m } [36mfrom[0m [32m'./icons/store.mjs'[0m;
[31m[1m>[0m [90m1498 |[0m ...[33mcal[0m, [36mdefault[0m [36mas[0m [33mStretchVertical[0m, [36mdefault[0m [36mas[0m [33mStretchVerticalIcon[0m }.[36m..[0m
  [90m     |[0m    [31m[1m^^^^^^^^^^^^^^^^^^^^^^^^^^^^^^^^^^^^^^^^^^^^^^^^^^^^^^^^^^^^^^^^^^^^[0m
  [90m1499 |[0m ...[33montal[0m, [36mdefault[0m [36mas[0m [33mStretchHorizontal[0m, [36mdefault[0m [36mas[0m [33mStretchHorizontal...[0m
  [90m1500 |[0m ...[33mh[0m, [36mdefault[0m [36mas[0m [33mStrikethrough[0m, [36mdefault[0m [36mas[0m [33mStrikethroughIcon[0m } [36mfrom[0m [32m...[0m
  [90m1501 |[0m ...[36mefault[0m [36mas[0m [33mSubscript[0m, [36mdefault[0m [36mas[0m [33mSubscriptIcon[0m } [36mfrom[0m [32m'./icons/sub...[0m



Import traces:
  Client Component Browser:
    ./.gemini/antigravity/scratch/teacher-tracking/node_modules/lucide-react/dist/esm/lucide-react.mjs [Client Component Browser]
    ./.gemini/antigravity/scratch/teacher-tracking/src/components/pages/DailyTasksPage.tsx [Client Component Browser]
    ./.gemini/antigravity/scratch/teacher-tracking/src/components/AppShell.tsx [Client Component Browser]
    ./.gemini/antigravity/scratch/teacher-tracking/src/app/page.tsx [Client Component Browser]
    ./.gemini/antigravity/scratch/teacher-tracking/src/app/page.tsx [Server Component]

  Client Component SSR:
    ./.gemini/antigravity/scratch/teacher-tracking/node_modules/lucide-react/dist/esm/lucide-react.mjs [Client Component SSR]
    ./.gemini/antigravity/scratch/teacher-tracking/src/components/pages/DailyTasksPage.tsx [Client Component SSR]
    ./.gemini/antigravity/scratch/teacher-tracking/src/components/AppShell.tsx [Client Component SSR]
    ./.gemini/antigravity/scratch/teacher-tracking/src/app/page.tsx [Client Component SSR]
    ./.gemini/antigravity/scratch/teacher-tracking/src/app/page.tsx [Server Component]

https://nextjs.org/docs/messages/module-not-found


./.gemini/antigravity/scratch/teacher-tracking/node_modules/lucide-react/dist/esm/lucide-react.mjs:1500:1
Module not found: Can't resolve './icons/strikethrough.mjs'
  [90m1498 |[0m ...[33mVertical[0m, [36mdefault[0m [36mas[0m [33mStretchVertical[0m, [36mdefault[0m [36mas[0m [33mStretchVerticalI...[0m
  [90m1499 |[0m ...[33mHorizontal[0m, [36mdefault[0m [36mas[0m [33mStretchHorizontal[0m, [36mdefault[0m [36mas[0m [33mStretchHoriz...[0m
[31m[1m>[0m [90m1500 |[0m ...[33mhrough[0m, [36mdefault[0m [36mas[0m [33mStrikethrough[0m, [36mdefault[0m [36mas[0m [33mStrikethroughIcon[0m } [36m...[0m
  [90m     |[0m    [31m[1m^^^^^^^^^^^^^^^^^^^^^^^^^^^^^^^^^^^^^^^^^^^^^^^^^^^^^^^^^^^^^^^^^^^^[0m
  [90m1501 |[0m ...[33mpt[0m, [36mdefault[0m [36mas[0m [33mSubscript[0m, [36mdefault[0m [36mas[0m [33mSubscriptIcon[0m } [36mfrom[0m [32m'./icon...[0m
  [90m1502 |[0m ... [36mdefault[0m [36mas[0m [33mSunDim[0m, [36mdefault[0m [36mas[0m [33mSunDimIcon[0m } [36mfrom[0m [32m'./icons/sun-dim...[0m
  [90m1503 |[0m ..., [36mdefault[0m [36mas[0m [33mSunMoon[0m, [36mdefault[0m [36mas[0m [33mSunMoonIcon[0m } [36mfrom[0m [32m'./icons/sun-...[0m



Import traces:
  Client Component Browser:
    ./.gemini/antigravity/scratch/teacher-tracking/node_modules/lucide-react/dist/esm/lucide-react.mjs [Client Component Browser]
    ./.gemini/antigravity/scratch/teacher-tracking/src/components/pages/DailyTasksPage.tsx [Client Component Browser]
    ./.gemini/antigravity/scratch/teacher-tracking/src/components/AppShell.tsx [Client Component Browser]
    ./.gemini/antigravity/scratch/teacher-tracking/src/app/page.tsx [Client Component Browser]
    ./.gemini/antigravity/scratch/teacher-tracking/src/app/page.tsx [Server Component]

  Client Component SSR:
    ./.gemini/antigravity/scratch/teacher-tracking/node_modules/lucide-react/dist/esm/lucide-react.mjs [Client Component SSR]
    ./.gemini/antigravity/scratch/teacher-tracking/src/components/pages/DailyTasksPage.tsx [Client Component SSR]
    ./.gemini/antigravity/scratch/teacher-tracking/src/components/AppShell.tsx [Client Component SSR]
    ./.gemini/antigravity/scratch/teacher-tracking/src/app/page.tsx [Client Component SSR]
    ./.gemini/antigravity/scratch/teacher-tracking/src/app/page.tsx [Server Component]

https://nextjs.org/docs/messages/module-not-found


./.gemini/antigravity/scratch/teacher-tracking/node_modules/lucide-react/dist/esm/lucide-react.mjs:1501:1
Module not found: Can't resolve './icons/subscript.mjs'
  [90m1499 |[0m ...[33meStretchHorizontal[0m, [36mdefault[0m [36mas[0m [33mStretchHorizontal[0m, [36mdefault[0m [36mas[0m [33mStre...[0m
  [90m1500 |[0m ...[33meStrikethrough[0m, [36mdefault[0m [36mas[0m [33mStrikethrough[0m, [36mdefault[0m [36mas[0m [33mStrikethroug...[0m
[31m[1m>[0m [90m1501 |[0m ...[33meSubscript[0m, [36mdefault[0m [36mas[0m [33mSubscript[0m, [36mdefault[0m [36mas[0m [33mSubscriptIcon[0m } [36mfrom[0m.[32m..[0m
  [90m     |[0m    [31m[1m^^^^^^^^^^^^^^^^^^^^^^^^^^^^^^^^^^^^^^^^^^^^^^^^^^^^^^^^^^^^^^^^^^^^[0m
  [90m1502 |[0m ...[33meSunDim[0m, [36mdefault[0m [36mas[0m [33mSunDim[0m, [36mdefault[0m [36mas[0m [33mSunDimIcon[0m } [36mfrom[0m [32m'./icons...[0m
  [90m1503 |[0m ...[33meSunMoon[0m, [36mdefault[0m [36mas[0m [33mSunMoon[0m, [36mdefault[0m [36mas[0m [33mSunMoonIcon[0m } [36mfrom[0m [32m'./ic...[0m
  [90m1504 |[0m ...[33meSunMedium[0m, [36mdefault[0m [36mas[0m [33mSunMedium[0m, [36mdefault[0m [36mas[0m [33mSunMediumIcon[0m } [36mfrom[0m.[32m..[0m



Import traces:
  Client Component Browser:
    ./.gemini/antigravity/scratch/teacher-tracking/node_modules/lucide-react/dist/esm/lucide-react.mjs [Client Component Browser]
    ./.gemini/antigravity/scratch/teacher-tracking/src/components/pages/DailyTasksPage.tsx [Client Component Browser]
    ./.gemini/antigravity/scratch/teacher-tracking/src/components/AppShell.tsx [Client Component Browser]
    ./.gemini/antigravity/scratch/teacher-tracking/src/app/page.tsx [Client Component Browser]
    ./.gemini/antigravity/scratch/teacher-tracking/src/app/page.tsx [Server Component]

  Client Component SSR:
    ./.gemini/antigravity/scratch/teacher-tracking/node_modules/lucide-react/dist/esm/lucide-react.mjs [Client Component SSR]
    ./.gemini/antigravity/scratch/teacher-tracking/src/components/pages/DailyTasksPage.tsx [Client Component SSR]
    ./.gemini/antigravity/scratch/teacher-tracking/src/components/AppShell.tsx [Client Component SSR]
    ./.gemini/antigravity/scratch/teacher-tracking/src/app/page.tsx [Client Component SSR]
    ./.gemini/antigravity/scratch/teacher-tracking/src/app/page.tsx [Server Component]

https://nextjs.org/docs/messages/module-not-found


./.gemini/antigravity/scratch/teacher-tracking/node_modules/lucide-react/dist/esm/lucide-react.mjs:1502:1
Module not found: Can't resolve './icons/sun-dim.mjs'
  [90m1500 |[0m ...[33mLucideStrikethrough[0m, [36mdefault[0m [36mas[0m [33mStrikethrough[0m, [36mdefault[0m [36mas[0m [33mStriket...[0m
  [90m1501 |[0m ...[33mLucideSubscript[0m, [36mdefault[0m [36mas[0m [33mSubscript[0m, [36mdefault[0m [36mas[0m [33mSubscriptIcon[0m }.[36m..[0m
[31m[1m>[0m [90m1502 |[0m ...[33mLucideSunDim[0m, [36mdefault[0m [36mas[0m [33mSunDim[0m, [36mdefault[0m [36mas[0m [33mSunDimIcon[0m } [36mfrom[0m [32m'./...[0m
  [90m     |[0m    [31m[1m^^^^^^^^^^^^^^^^^^^^^^^^^^^^^^^^^^^^^^^^^^^^^^^^^^^^^^^^^^^^^^^^^^^^[0m
  [90m1503 |[0m ...[33mLucideSunMoon[0m, [36mdefault[0m [36mas[0m [33mSunMoon[0m, [36mdefault[0m [36mas[0m [33mSunMoonIcon[0m } [36mfrom[0m [32m...[0m
  [90m1504 |[0m ...[33mLucideSunMedium[0m, [36mdefault[0m [36mas[0m [33mSunMedium[0m, [36mdefault[0m [36mas[0m [33mSunMediumIcon[0m }.[36m..[0m
  [90m1505 |[0m ...[33mLucideSun[0m, [36mdefault[0m [36mas[0m [33mSun[0m, [36mdefault[0m [36mas[0m [33mSunIcon[0m } [36mfrom[0m [32m'./icons/sun...[0m



Import traces:
  Client Component Browser:
    ./.gemini/antigravity/scratch/teacher-tracking/node_modules/lucide-react/dist/esm/lucide-react.mjs [Client Component Browser]
    ./.gemini/antigravity/scratch/teacher-tracking/src/components/pages/DailyTasksPage.tsx [Client Component Browser]
    ./.gemini/antigravity/scratch/teacher-tracking/src/components/AppShell.tsx [Client Component Browser]
    ./.gemini/antigravity/scratch/teacher-tracking/src/app/page.tsx [Client Component Browser]
    ./.gemini/antigravity/scratch/teacher-tracking/src/app/page.tsx [Server Component]

  Client Component SSR:
    ./.gemini/antigravity/scratch/teacher-tracking/node_modules/lucide-react/dist/esm/lucide-react.mjs [Client Component SSR]
    ./.gemini/antigravity/scratch/teacher-tracking/src/components/pages/DailyTasksPage.tsx [Client Component SSR]
    ./.gemini/antigravity/scratch/teacher-tracking/src/components/AppShell.tsx [Client Component SSR]
    ./.gemini/antigravity/scratch/teacher-tracking/src/app/page.tsx [Client Component SSR]
    ./.gemini/antigravity/scratch/teacher-tracking/src/app/page.tsx [Server Component]

https://nextjs.org/docs/messages/module-not-found


./.gemini/antigravity/scratch/teacher-tracking/node_modules/lucide-react/dist/esm/lucide-react.mjs:1504:1
Module not found: Can't resolve './icons/sun-medium.mjs'
  [90m1502 |[0m ...[33mSunDim[0m, [36mdefault[0m [36mas[0m [33mSunDim[0m, [36mdefault[0m [36mas[0m [33mSunDimIcon[0m } [36mfrom[0m [32m'./icons/...[0m
  [90m1503 |[0m ...[33mSunMoon[0m, [36mdefault[0m [36mas[0m [33mSunMoon[0m, [36mdefault[0m [36mas[0m [33mSunMoonIcon[0m } [36mfrom[0m [32m'./ico...[0m
[31m[1m>[0m [90m1504 |[0m ...[33mSunMedium[0m, [36mdefault[0m [36mas[0m [33mSunMedium[0m, [36mdefault[0m [36mas[0m [33mSunMediumIcon[0m } [36mfrom[0m [32m...[0m
  [90m     |[0m    [31m[1m^^^^^^^^^^^^^^^^^^^^^^^^^^^^^^^^^^^^^^^^^^^^^^^^^^^^^^^^^^^^^^^^^^^^[0m
  [90m1505 |[0m ...[33mSun[0m, [36mdefault[0m [36mas[0m [33mSun[0m, [36mdefault[0m [36mas[0m [33mSunIcon[0m } [36mfrom[0m [32m'./icons/sun.mjs'[0m;
  [90m1506 |[0m ...[33mSunSnow[0m, [36mdefault[0m [36mas[0m [33mSunSnow[0m, [36mdefault[0m [36mas[0m [33mSunSnowIcon[0m } [36mfrom[0m [32m'./ico...[0m
  [90m1507 |[0m ...[33mSunrise[0m, [36mdefault[0m [36mas[0m [33mSunrise[0m, [36mdefault[0m [36mas[0m [33mSunriseIcon[0m } [36mfrom[0m [32m'./ico...[0m



Import traces:
  Client Component Browser:
    ./.gemini/antigravity/scratch/teacher-tracking/node_modules/lucide-react/dist/esm/lucide-react.mjs [Client Component Browser]
    ./.gemini/antigravity/scratch/teacher-tracking/src/components/pages/DailyTasksPage.tsx [Client Component Browser]
    ./.gemini/antigravity/scratch/teacher-tracking/src/components/AppShell.tsx [Client Component Browser]
    ./.gemini/antigravity/scratch/teacher-tracking/src/app/page.tsx [Client Component Browser]
    ./.gemini/antigravity/scratch/teacher-tracking/src/app/page.tsx [Server Component]

  Client Component SSR:
    ./.gemini/antigravity/scratch/teacher-tracking/node_modules/lucide-react/dist/esm/lucide-react.mjs [Client Component SSR]
    ./.gemini/antigravity/scratch/teacher-tracking/src/components/pages/DailyTasksPage.tsx [Client Component SSR]
    ./.gemini/antigravity/scratch/teacher-tracking/src/components/AppShell.tsx [Client Component SSR]
    ./.gemini/antigravity/scratch/teacher-tracking/src/app/page.tsx [Client Component SSR]
    ./.gemini/antigravity/scratch/teacher-tracking/src/app/page.tsx [Server Component]

https://nextjs.org/docs/messages/module-not-found


./.gemini/antigravity/scratch/teacher-tracking/node_modules/lucide-react/dist/esm/lucide-react.mjs:1503:1
Module not found: Can't resolve './icons/sun-moon.mjs'
  [90m1501 |[0m ...[33mcideSubscript[0m, [36mdefault[0m [36mas[0m [33mSubscript[0m, [36mdefault[0m [36mas[0m [33mSubscriptIcon[0m } [36mf...[0m
  [90m1502 |[0m ...[33mcideSunDim[0m, [36mdefault[0m [36mas[0m [33mSunDim[0m, [36mdefault[0m [36mas[0m [33mSunDimIcon[0m } [36mfrom[0m [32m'./ic...[0m
[31m[1m>[0m [90m1503 |[0m ...[33mcideSunMoon[0m, [36mdefault[0m [36mas[0m [33mSunMoon[0m, [36mdefault[0m [36mas[0m [33mSunMoonIcon[0m } [36mfrom[0m [32m'....[0m
  [90m     |[0m    [31m[1m^^^^^^^^^^^^^^^^^^^^^^^^^^^^^^^^^^^^^^^^^^^^^^^^^^^^^^^^^^^^^^^^^^^^[0m
  [90m1504 |[0m ...[33mcideSunMedium[0m, [36mdefault[0m [36mas[0m [33mSunMedium[0m, [36mdefault[0m [36mas[0m [33mSunMediumIcon[0m } [36mf...[0m
  [90m1505 |[0m ...[33mcideSun[0m, [36mdefault[0m [36mas[0m [33mSun[0m, [36mdefault[0m [36mas[0m [33mSunIcon[0m } [36mfrom[0m [32m'./icons/sun.m...[0m
  [90m1506 |[0m ...[33mcideSunSnow[0m, [36mdefault[0m [36mas[0m [33mSunSnow[0m, [36mdefault[0m [36mas[0m [33mSunSnowIcon[0m } [36mfrom[0m [32m'....[0m



Import traces:
  Client Component Browser:
    ./.gemini/antigravity/scratch/teacher-tracking/node_modules/lucide-react/dist/esm/lucide-react.mjs [Client Component Browser]
    ./.gemini/antigravity/scratch/teacher-tracking/src/components/pages/DailyTasksPage.tsx [Client Component Browser]
    ./.gemini/antigravity/scratch/teacher-tracking/src/components/AppShell.tsx [Client Component Browser]
    ./.gemini/antigravity/scratch/teacher-tracking/src/app/page.tsx [Client Component Browser]
    ./.gemini/antigravity/scratch/teacher-tracking/src/app/page.tsx [Server Component]

  Client Component SSR:
    ./.gemini/antigravity/scratch/teacher-tracking/node_modules/lucide-react/dist/esm/lucide-react.mjs [Client Component SSR]
    ./.gemini/antigravity/scratch/teacher-tracking/src/components/pages/DailyTasksPage.tsx [Client Component SSR]
    ./.gemini/antigravity/scratch/teacher-tracking/src/components/AppShell.tsx [Client Component SSR]
    ./.gemini/antigravity/scratch/teacher-tracking/src/app/page.tsx [Client Component SSR]
    ./.gemini/antigravity/scratch/teacher-tracking/src/app/page.tsx [Server Component]

https://nextjs.org/docs/messages/module-not-found


./.gemini/antigravity/scratch/teacher-tracking/node_modules/lucide-react/dist/esm/lucide-react.mjs:1506:1
Module not found: Can't resolve './icons/sun-snow.mjs'
  [90m1504 |[0m ...[33mcideSunMedium[0m, [36mdefault[0m [36mas[0m [33mSunMedium[0m, [36mdefault[0m [36mas[0m [33mSunMediumIcon[0m } [36mf...[0m
  [90m1505 |[0m ...[33mcideSun[0m, [36mdefault[0m [36mas[0m [33mSun[0m, [36mdefault[0m [36mas[0m [33mSunIcon[0m } [36mfrom[0m [32m'./icons/sun.m...[0m
[31m[1m>[0m [90m1506 |[0m ...[33mcideSunSnow[0m, [36mdefault[0m [36mas[0m [33mSunSnow[0m, [36mdefault[0m [36mas[0m [33mSunSnowIcon[0m } [36mfrom[0m [32m'....[0m
  [90m     |[0m    [31m[1m^^^^^^^^^^^^^^^^^^^^^^^^^^^^^^^^^^^^^^^^^^^^^^^^^^^^^^^^^^^^^^^^^^^^[0m
  [90m1507 |[0m ...[33mcideSunrise[0m, [36mdefault[0m [36mas[0m [33mSunrise[0m, [36mdefault[0m [36mas[0m [33mSunriseIcon[0m } [36mfrom[0m [32m'....[0m
  [90m1508 |[0m ...[33mcideSunset[0m, [36mdefault[0m [36mas[0m [33mSunset[0m, [36mdefault[0m [36mas[0m [33mSunsetIcon[0m } [36mfrom[0m [32m'./ic...[0m
  [90m1509 |[0m ...[33mcideSuperscript[0m, [36mdefault[0m [36mas[0m [33mSuperscript[0m, [36mdefault[0m [36mas[0m [33mSuperscriptIc..[0m.



Import traces:
  Client Component Browser:
    ./.gemini/antigravity/scratch/teacher-tracking/node_modules/lucide-react/dist/esm/lucide-react.mjs [Client Component Browser]
    ./.gemini/antigravity/scratch/teacher-tracking/src/components/pages/DailyTasksPage.tsx [Client Component Browser]
    ./.gemini/antigravity/scratch/teacher-tracking/src/components/AppShell.tsx [Client Component Browser]
    ./.gemini/antigravity/scratch/teacher-tracking/src/app/page.tsx [Client Component Browser]
    ./.gemini/antigravity/scratch/teacher-tracking/src/app/page.tsx [Server Component]

  Client Component SSR:
    ./.gemini/antigravity/scratch/teacher-tracking/node_modules/lucide-react/dist/esm/lucide-react.mjs [Client Component SSR]
    ./.gemini/antigravity/scratch/teacher-tracking/src/components/pages/DailyTasksPage.tsx [Client Component SSR]
    ./.gemini/antigravity/scratch/teacher-tracking/src/components/AppShell.tsx [Client Component SSR]
    ./.gemini/antigravity/scratch/teacher-tracking/src/app/page.tsx [Client Component SSR]
    ./.gemini/antigravity/scratch/teacher-tracking/src/app/page.tsx [Server Component]

https://nextjs.org/docs/messages/module-not-found


./.gemini/antigravity/scratch/teacher-tracking/node_modules/lucide-react/dist/esm/lucide-react.mjs:1505:1
Module not found: Can't resolve './icons/sun.mjs'
  [90m1503 |[0m ...[36mult[0m [36mas[0m [33mLucideSunMoon[0m, [36mdefault[0m [36mas[0m [33mSunMoon[0m, [36mdefault[0m [36mas[0m [33mSunMoonIcon[0m ..[36m.[0m
  [90m1504 |[0m ...[36mult[0m [36mas[0m [33mLucideSunMedium[0m, [36mdefault[0m [36mas[0m [33mSunMedium[0m, [36mdefault[0m [36mas[0m [33mSunMediu...[0m
[31m[1m>[0m [90m1505 |[0m ...[36mult[0m [36mas[0m [33mLucideSun[0m, [36mdefault[0m [36mas[0m [33mSun[0m, [36mdefault[0m [36mas[0m [33mSunIcon[0m } [36mfrom[0m [32m'./ic...[0m
  [90m     |[0m    [31m[1m^^^^^^^^^^^^^^^^^^^^^^^^^^^^^^^^^^^^^^^^^^^^^^^^^^^^^^^^^^^^^^^^^^^^[0m
  [90m1506 |[0m ...[36mult[0m [36mas[0m [33mLucideSunSnow[0m, [36mdefault[0m [36mas[0m [33mSunSnow[0m, [36mdefault[0m [36mas[0m [33mSunSnowIcon[0m ..[36m.[0m
  [90m1507 |[0m ...[36mult[0m [36mas[0m [33mLucideSunrise[0m, [36mdefault[0m [36mas[0m [33mSunrise[0m, [36mdefault[0m [36mas[0m [33mSunriseIcon[0m ..[36m.[0m
  [90m1508 |[0m ...[36mult[0m [36mas[0m [33mLucideSunset[0m, [36mdefault[0m [36mas[0m [33mSunset[0m, [36mdefault[0m [36mas[0m [33mSunsetIcon[0m } [36mf...[0m



Import traces:
  Client Component Browser:
    ./.gemini/antigravity/scratch/teacher-tracking/node_modules/lucide-react/dist/esm/lucide-react.mjs [Client Component Browser]
    ./.gemini/antigravity/scratch/teacher-tracking/src/components/pages/DailyTasksPage.tsx [Client Component Browser]
    ./.gemini/antigravity/scratch/teacher-tracking/src/components/AppShell.tsx [Client Component Browser]
    ./.gemini/antigravity/scratch/teacher-tracking/src/app/page.tsx [Client Component Browser]
    ./.gemini/antigravity/scratch/teacher-tracking/src/app/page.tsx [Server Component]

  Client Component SSR:
    ./.gemini/antigravity/scratch/teacher-tracking/node_modules/lucide-react/dist/esm/lucide-react.mjs [Client Component SSR]
    ./.gemini/antigravity/scratch/teacher-tracking/src/components/pages/DailyTasksPage.tsx [Client Component SSR]
    ./.gemini/antigravity/scratch/teacher-tracking/src/components/AppShell.tsx [Client Component SSR]
    ./.gemini/antigravity/scratch/teacher-tracking/src/app/page.tsx [Client Component SSR]
    ./.gemini/antigravity/scratch/teacher-tracking/src/app/page.tsx [Server Component]

https://nextjs.org/docs/messages/module-not-found


./.gemini/antigravity/scratch/teacher-tracking/node_modules/lucide-react/dist/esm/lucide-react.mjs:1507:1
Module not found: Can't resolve './icons/sunrise.mjs'
  [90m1505 |[0m ...[33mucideSun[0m, [36mdefault[0m [36mas[0m [33mSun[0m, [36mdefault[0m [36mas[0m [33mSunIcon[0m } [36mfrom[0m [32m'./icons/sun....[0m
  [90m1506 |[0m ...[33mucideSunSnow[0m, [36mdefault[0m [36mas[0m [33mSunSnow[0m, [36mdefault[0m [36mas[0m [33mSunSnowIcon[0m } [36mfrom[0m [32m'...[0m
[31m[1m>[0m [90m1507 |[0m ...[33mucideSunrise[0m, [36mdefault[0m [36mas[0m [33mSunrise[0m, [36mdefault[0m [36mas[0m [33mSunriseIcon[0m } [36mfrom[0m [32m'...[0m
  [90m     |[0m    [31m[1m^^^^^^^^^^^^^^^^^^^^^^^^^^^^^^^^^^^^^^^^^^^^^^^^^^^^^^^^^^^^^^^^^^^^[0m
  [90m1508 |[0m ...[33mucideSunset[0m, [36mdefault[0m [36mas[0m [33mSunset[0m, [36mdefault[0m [36mas[0m [33mSunsetIcon[0m } [36mfrom[0m [32m'./i...[0m
  [90m1509 |[0m ...[33mucideSuperscript[0m, [36mdefault[0m [36mas[0m [33mSuperscript[0m, [36mdefault[0m [36mas[0m [33mSuperscriptI...[0m
  [90m1510 |[0m ...[33mucideSwatchBook[0m, [36mdefault[0m [36mas[0m [33mSwatchBook[0m, [36mdefault[0m [36mas[0m [33mSwatchBookIcon[0m...



Import traces:
  Client Component Browser:
    ./.gemini/antigravity/scratch/teacher-tracking/node_modules/lucide-react/dist/esm/lucide-react.mjs [Client Component Browser]
    ./.gemini/antigravity/scratch/teacher-tracking/src/components/pages/DailyTasksPage.tsx [Client Component Browser]
    ./.gemini/antigravity/scratch/teacher-tracking/src/components/AppShell.tsx [Client Component Browser]
    ./.gemini/antigravity/scratch/teacher-tracking/src/app/page.tsx [Client Component Browser]
    ./.gemini/antigravity/scratch/teacher-tracking/src/app/page.tsx [Server Component]

  Client Component SSR:
    ./.gemini/antigravity/scratch/teacher-tracking/node_modules/lucide-react/dist/esm/lucide-react.mjs [Client Component SSR]
    ./.gemini/antigravity/scratch/teacher-tracking/src/components/pages/DailyTasksPage.tsx [Client Component SSR]
    ./.gemini/antigravity/scratch/teacher-tracking/src/components/AppShell.tsx [Client Component SSR]
    ./.gemini/antigravity/scratch/teacher-tracking/src/app/page.tsx [Client Component SSR]
    ./.gemini/antigravity/scratch/teacher-tracking/src/app/page.tsx [Server Component]

https://nextjs.org/docs/messages/module-not-found


./.gemini/antigravity/scratch/teacher-tracking/node_modules/lucide-react/dist/esm/lucide-react.mjs:1508:1
Module not found: Can't resolve './icons/sunset.mjs'
  [90m1506 |[0m ... [33mLucideSunSnow[0m, [36mdefault[0m [36mas[0m [33mSunSnow[0m, [36mdefault[0m [36mas[0m [33mSunSnowIcon[0m } [36mfrom[0m.[32m..[0m
  [90m1507 |[0m ... [33mLucideSunrise[0m, [36mdefault[0m [36mas[0m [33mSunrise[0m, [36mdefault[0m [36mas[0m [33mSunriseIcon[0m } [36mfrom[0m.[32m..[0m
[31m[1m>[0m [90m1508 |[0m ... [33mLucideSunset[0m, [36mdefault[0m [36mas[0m [33mSunset[0m, [36mdefault[0m [36mas[0m [33mSunsetIcon[0m } [36mfrom[0m [32m'....[0m
  [90m     |[0m    [31m[1m^^^^^^^^^^^^^^^^^^^^^^^^^^^^^^^^^^^^^^^^^^^^^^^^^^^^^^^^^^^^^^^^^^^^[0m
  [90m1509 |[0m ... [33mLucideSuperscript[0m, [36mdefault[0m [36mas[0m [33mSuperscript[0m, [36mdefault[0m [36mas[0m [33mSuperscrip...[0m
  [90m1510 |[0m ... [33mLucideSwatchBook[0m, [36mdefault[0m [36mas[0m [33mSwatchBook[0m, [36mdefault[0m [36mas[0m [33mSwatchBookIc..[0m.
  [90m1511 |[0m ... [33mLucideSwissFranc[0m, [36mdefault[0m [36mas[0m [33mSwissFranc[0m, [36mdefault[0m [36mas[0m [33mSwissFrancIc..[0m.



Import traces:
  Client Component Browser:
    ./.gemini/antigravity/scratch/teacher-tracking/node_modules/lucide-react/dist/esm/lucide-react.mjs [Client Component Browser]
    ./.gemini/antigravity/scratch/teacher-tracking/src/components/pages/DailyTasksPage.tsx [Client Component Browser]
    ./.gemini/antigravity/scratch/teacher-tracking/src/components/AppShell.tsx [Client Component Browser]
    ./.gemini/antigravity/scratch/teacher-tracking/src/app/page.tsx [Client Component Browser]
    ./.gemini/antigravity/scratch/teacher-tracking/src/app/page.tsx [Server Component]

  Client Component SSR:
    ./.gemini/antigravity/scratch/teacher-tracking/node_modules/lucide-react/dist/esm/lucide-react.mjs [Client Component SSR]
    ./.gemini/antigravity/scratch/teacher-tracking/src/components/pages/DailyTasksPage.tsx [Client Component SSR]
    ./.gemini/antigravity/scratch/teacher-tracking/src/components/AppShell.tsx [Client Component SSR]
    ./.gemini/antigravity/scratch/teacher-tracking/src/app/page.tsx [Client Component SSR]
    ./.gemini/antigravity/scratch/teacher-tracking/src/app/page.tsx [Server Component]

https://nextjs.org/docs/messages/module-not-found


./.gemini/antigravity/scratch/teacher-tracking/node_modules/lucide-react/dist/esm/lucide-react.mjs:1509:1
Module not found: Can't resolve './icons/superscript.mjs'
  [90m1507 |[0m ...[33mrise[0m, [36mdefault[0m [36mas[0m [33mSunrise[0m, [36mdefault[0m [36mas[0m [33mSunriseIcon[0m } [36mfrom[0m [32m'./icons/...[0m
  [90m1508 |[0m ...[33mset[0m, [36mdefault[0m [36mas[0m [33mSunset[0m, [36mdefault[0m [36mas[0m [33mSunsetIcon[0m } [36mfrom[0m [32m'./icons/sun...[0m
[31m[1m>[0m [90m1509 |[0m ...[33merscript[0m, [36mdefault[0m [36mas[0m [33mSuperscript[0m, [36mdefault[0m [36mas[0m [33mSuperscriptIcon[0m } [36mfr..[0m.
  [90m     |[0m    [31m[1m^^^^^^^^^^^^^^^^^^^^^^^^^^^^^^^^^^^^^^^^^^^^^^^^^^^^^^^^^^^^^^^^^^^^[0m
  [90m1510 |[0m ...[33mtchBook[0m, [36mdefault[0m [36mas[0m [33mSwatchBook[0m, [36mdefault[0m [36mas[0m [33mSwatchBookIcon[0m } [36mfrom[0m [32m...[0m
  [90m1511 |[0m ...[33mssFranc[0m, [36mdefault[0m [36mas[0m [33mSwissFranc[0m, [36mdefault[0m [36mas[0m [33mSwissFrancIcon[0m } [36mfrom[0m [32m...[0m
  [90m1512 |[0m ...[33mrd[0m, [36mdefault[0m [36mas[0m [33mSword[0m, [36mdefault[0m [36mas[0m [33mSwordIcon[0m } [36mfrom[0m [32m'./icons/sword....[0m



Import traces:
  Client Component Browser:
    ./.gemini/antigravity/scratch/teacher-tracking/node_modules/lucide-react/dist/esm/lucide-react.mjs [Client Component Browser]
    ./.gemini/antigravity/scratch/teacher-tracking/src/components/pages/DailyTasksPage.tsx [Client Component Browser]
    ./.gemini/antigravity/scratch/teacher-tracking/src/components/AppShell.tsx [Client Component Browser]
    ./.gemini/antigravity/scratch/teacher-tracking/src/app/page.tsx [Client Component Browser]
    ./.gemini/antigravity/scratch/teacher-tracking/src/app/page.tsx [Server Component]

  Client Component SSR:
    ./.gemini/antigravity/scratch/teacher-tracking/node_modules/lucide-react/dist/esm/lucide-react.mjs [Client Component SSR]
    ./.gemini/antigravity/scratch/teacher-tracking/src/components/pages/DailyTasksPage.tsx [Client Component SSR]
    ./.gemini/antigravity/scratch/teacher-tracking/src/components/AppShell.tsx [Client Component SSR]
    ./.gemini/antigravity/scratch/teacher-tracking/src/app/page.tsx [Client Component SSR]
    ./.gemini/antigravity/scratch/teacher-tracking/src/app/page.tsx [Server Component]

https://nextjs.org/docs/messages/module-not-found


./.gemini/antigravity/scratch/teacher-tracking/node_modules/lucide-react/dist/esm/lucide-react.mjs:1510:1
Module not found: Can't resolve './icons/swatch-book.mjs'
  [90m1508 |[0m ...[33mnset[0m, [36mdefault[0m [36mas[0m [33mSunset[0m, [36mdefault[0m [36mas[0m [33mSunsetIcon[0m } [36mfrom[0m [32m'./icons/su...[0m
  [90m1509 |[0m ...[33mperscript[0m, [36mdefault[0m [36mas[0m [33mSuperscript[0m, [36mdefault[0m [36mas[0m [33mSuperscriptIcon[0m } [36mf...[0m
[31m[1m>[0m [90m1510 |[0m ...[33matchBook[0m, [36mdefault[0m [36mas[0m [33mSwatchBook[0m, [36mdefault[0m [36mas[0m [33mSwatchBookIcon[0m } [36mfrom[0m.[32m..[0m
  [90m     |[0m    [31m[1m^^^^^^^^^^^^^^^^^^^^^^^^^^^^^^^^^^^^^^^^^^^^^^^^^^^^^^^^^^^^^^^^^^^^[0m
  [90m1511 |[0m ...[33missFranc[0m, [36mdefault[0m [36mas[0m [33mSwissFranc[0m, [36mdefault[0m [36mas[0m [33mSwissFrancIcon[0m } [36mfrom[0m.[32m..[0m
  [90m1512 |[0m ...[33mord[0m, [36mdefault[0m [36mas[0m [33mSword[0m, [36mdefault[0m [36mas[0m [33mSwordIcon[0m } [36mfrom[0m [32m'./icons/sword...[0m
  [90m1513 |[0m ...[33mitchCamera[0m, [36mdefault[0m [36mas[0m [33mSwitchCamera[0m, [36mdefault[0m [36mas[0m [33mSwitchCameraIcon[0m ..[36m.[0m



Import traces:
  Client Component Browser:
    ./.gemini/antigravity/scratch/teacher-tracking/node_modules/lucide-react/dist/esm/lucide-react.mjs [Client Component Browser]
    ./.gemini/antigravity/scratch/teacher-tracking/src/components/pages/DailyTasksPage.tsx [Client Component Browser]
    ./.gemini/antigravity/scratch/teacher-tracking/src/components/AppShell.tsx [Client Component Browser]
    ./.gemini/antigravity/scratch/teacher-tracking/src/app/page.tsx [Client Component Browser]
    ./.gemini/antigravity/scratch/teacher-tracking/src/app/page.tsx [Server Component]

  Client Component SSR:
    ./.gemini/antigravity/scratch/teacher-tracking/node_modules/lucide-react/dist/esm/lucide-react.mjs [Client Component SSR]
    ./.gemini/antigravity/scratch/teacher-tracking/src/components/pages/DailyTasksPage.tsx [Client Component SSR]
    ./.gemini/antigravity/scratch/teacher-tracking/src/components/AppShell.tsx [Client Component SSR]
    ./.gemini/antigravity/scratch/teacher-tracking/src/app/page.tsx [Client Component SSR]
    ./.gemini/antigravity/scratch/teacher-tracking/src/app/page.tsx [Server Component]

https://nextjs.org/docs/messages/module-not-found


./.gemini/antigravity/scratch/teacher-tracking/node_modules/lucide-react/dist/esm/lucide-react.mjs:1511:1
Module not found: Can't resolve './icons/swiss-franc.mjs'
  [90m1509 |[0m ...[33mperscript[0m, [36mdefault[0m [36mas[0m [33mSuperscript[0m, [36mdefault[0m [36mas[0m [33mSuperscriptIcon[0m } [36mf...[0m
  [90m1510 |[0m ...[33matchBook[0m, [36mdefault[0m [36mas[0m [33mSwatchBook[0m, [36mdefault[0m [36mas[0m [33mSwatchBookIcon[0m } [36mfrom[0m.[32m..[0m
[31m[1m>[0m [90m1511 |[0m ...[33missFranc[0m, [36mdefault[0m [36mas[0m [33mSwissFranc[0m, [36mdefault[0m [36mas[0m [33mSwissFrancIcon[0m } [36mfrom[0m.[32m..[0m
  [90m     |[0m    [31m[1m^^^^^^^^^^^^^^^^^^^^^^^^^^^^^^^^^^^^^^^^^^^^^^^^^^^^^^^^^^^^^^^^^^^^[0m
  [90m1512 |[0m ...[33mord[0m, [36mdefault[0m [36mas[0m [33mSword[0m, [36mdefault[0m [36mas[0m [33mSwordIcon[0m } [36mfrom[0m [32m'./icons/sword...[0m
  [90m1513 |[0m ...[33mitchCamera[0m, [36mdefault[0m [36mas[0m [33mSwitchCamera[0m, [36mdefault[0m [36mas[0m [33mSwitchCameraIcon[0m ..[36m.[0m
  [90m1514 |[0m ...[33mords[0m, [36mdefault[0m [36mas[0m [33mSwords[0m, [36mdefault[0m [36mas[0m [33mSwordsIcon[0m } [36mfrom[0m [32m'./icons/sw...[0m



Import traces:
  Client Component Browser:
    ./.gemini/antigravity/scratch/teacher-tracking/node_modules/lucide-react/dist/esm/lucide-react.mjs [Client Component Browser]
    ./.gemini/antigravity/scratch/teacher-tracking/src/components/pages/DailyTasksPage.tsx [Client Component Browser]
    ./.gemini/antigravity/scratch/teacher-tracking/src/components/AppShell.tsx [Client Component Browser]
    ./.gemini/antigravity/scratch/teacher-tracking/src/app/page.tsx [Client Component Browser]
    ./.gemini/antigravity/scratch/teacher-tracking/src/app/page.tsx [Server Component]

  Client Component SSR:
    ./.gemini/antigravity/scratch/teacher-tracking/node_modules/lucide-react/dist/esm/lucide-react.mjs [Client Component SSR]
    ./.gemini/antigravity/scratch/teacher-tracking/src/components/pages/DailyTasksPage.tsx [Client Component SSR]
    ./.gemini/antigravity/scratch/teacher-tracking/src/components/AppShell.tsx [Client Component SSR]
    ./.gemini/antigravity/scratch/teacher-tracking/src/app/page.tsx [Client Component SSR]
    ./.gemini/antigravity/scratch/teacher-tracking/src/app/page.tsx [Server Component]

https://nextjs.org/docs/messages/module-not-found


./.gemini/antigravity/scratch/teacher-tracking/node_modules/lucide-react/dist/esm/lucide-react.mjs:1513:1
Module not found: Can't resolve './icons/switch-camera.mjs'
  [90m1511 |[0m ...[33mranc[0m, [36mdefault[0m [36mas[0m [33mSwissFranc[0m, [36mdefault[0m [36mas[0m [33mSwissFrancIcon[0m } [36mfrom[0m [32m'./...[0m
  [90m1512 |[0m ... [36mdefault[0m [36mas[0m [33mSword[0m, [36mdefault[0m [36mas[0m [33mSwordIcon[0m } [36mfrom[0m [32m'./icons/sword.mjs'[0m;
[31m[1m>[0m [90m1513 |[0m ...[33mCamera[0m, [36mdefault[0m [36mas[0m [33mSwitchCamera[0m, [36mdefault[0m [36mas[0m [33mSwitchCameraIcon[0m } [36mfr..[0m.
  [90m     |[0m    [31m[1m^^^^^^^^^^^^^^^^^^^^^^^^^^^^^^^^^^^^^^^^^^^^^^^^^^^^^^^^^^^^^^^^^^^^[0m
  [90m1514 |[0m ..., [36mdefault[0m [36mas[0m [33mSwords[0m, [36mdefault[0m [36mas[0m [33mSwordsIcon[0m } [36mfrom[0m [32m'./icons/swords...[0m
  [90m1515 |[0m ..., [36mdefault[0m [36mas[0m [33mTable2[0m, [36mdefault[0m [36mas[0m [33mTable2Icon[0m } [36mfrom[0m [32m'./icons/table-...[0m
  [90m1516 |[0m ...[33me[0m, [36mdefault[0m [36mas[0m [33mSyringe[0m, [36mdefault[0m [36mas[0m [33mSyringeIcon[0m } [36mfrom[0m [32m'./icons/syr...[0m



Import traces:
  Client Component Browser:
    ./.gemini/antigravity/scratch/teacher-tracking/node_modules/lucide-react/dist/esm/lucide-react.mjs [Client Component Browser]
    ./.gemini/antigravity/scratch/teacher-tracking/src/components/pages/DailyTasksPage.tsx [Client Component Browser]
    ./.gemini/antigravity/scratch/teacher-tracking/src/components/AppShell.tsx [Client Component Browser]
    ./.gemini/antigravity/scratch/teacher-tracking/src/app/page.tsx [Client Component Browser]
    ./.gemini/antigravity/scratch/teacher-tracking/src/app/page.tsx [Server Component]

  Client Component SSR:
    ./.gemini/antigravity/scratch/teacher-tracking/node_modules/lucide-react/dist/esm/lucide-react.mjs [Client Component SSR]
    ./.gemini/antigravity/scratch/teacher-tracking/src/components/pages/DailyTasksPage.tsx [Client Component SSR]
    ./.gemini/antigravity/scratch/teacher-tracking/src/components/AppShell.tsx [Client Component SSR]
    ./.gemini/antigravity/scratch/teacher-tracking/src/app/page.tsx [Client Component SSR]
    ./.gemini/antigravity/scratch/teacher-tracking/src/app/page.tsx [Server Component]

https://nextjs.org/docs/messages/module-not-found


./.gemini/antigravity/scratch/teacher-tracking/node_modules/lucide-react/dist/esm/lucide-react.mjs:1512:1
Module not found: Can't resolve './icons/sword.mjs'
  [90m1510 |[0m ...[36mas[0m [33mLucideSwatchBook[0m, [36mdefault[0m [36mas[0m [33mSwatchBook[0m, [36mdefault[0m [36mas[0m [33mSwatchBook...[0m
  [90m1511 |[0m ...[36mas[0m [33mLucideSwissFranc[0m, [36mdefault[0m [36mas[0m [33mSwissFranc[0m, [36mdefault[0m [36mas[0m [33mSwissFranc...[0m
[31m[1m>[0m [90m1512 |[0m ...[36mas[0m [33mLucideSword[0m, [36mdefault[0m [36mas[0m [33mSword[0m, [36mdefault[0m [36mas[0m [33mSwordIcon[0m } [36mfrom[0m [32m'./...[0m
  [90m     |[0m    [31m[1m^^^^^^^^^^^^^^^^^^^^^^^^^^^^^^^^^^^^^^^^^^^^^^^^^^^^^^^^^^^^^^^^^^^^[0m
  [90m1513 |[0m ...[36mas[0m [33mLucideSwitchCamera[0m, [36mdefault[0m [36mas[0m [33mSwitchCamera[0m, [36mdefault[0m [36mas[0m [33mSwitch...[0m
  [90m1514 |[0m ...[36mas[0m [33mLucideSwords[0m, [36mdefault[0m [36mas[0m [33mSwords[0m, [36mdefault[0m [36mas[0m [33mSwordsIcon[0m } [36mfrom[0m [32m...[0m
  [90m1515 |[0m ...[36mas[0m [33mLucideTable2[0m, [36mdefault[0m [36mas[0m [33mTable2[0m, [36mdefault[0m [36mas[0m [33mTable2Icon[0m } [36mfrom[0m [32m...[0m



Import traces:
  Client Component Browser:
    ./.gemini/antigravity/scratch/teacher-tracking/node_modules/lucide-react/dist/esm/lucide-react.mjs [Client Component Browser]
    ./.gemini/antigravity/scratch/teacher-tracking/src/components/pages/DailyTasksPage.tsx [Client Component Browser]
    ./.gemini/antigravity/scratch/teacher-tracking/src/components/AppShell.tsx [Client Component Browser]
    ./.gemini/antigravity/scratch/teacher-tracking/src/app/page.tsx [Client Component Browser]
    ./.gemini/antigravity/scratch/teacher-tracking/src/app/page.tsx [Server Component]

  Client Component SSR:
    ./.gemini/antigravity/scratch/teacher-tracking/node_modules/lucide-react/dist/esm/lucide-react.mjs [Client Component SSR]
    ./.gemini/antigravity/scratch/teacher-tracking/src/components/pages/DailyTasksPage.tsx [Client Component SSR]
    ./.gemini/antigravity/scratch/teacher-tracking/src/components/AppShell.tsx [Client Component SSR]
    ./.gemini/antigravity/scratch/teacher-tracking/src/app/page.tsx [Client Component SSR]
    ./.gemini/antigravity/scratch/teacher-tracking/src/app/page.tsx [Server Component]

https://nextjs.org/docs/messages/module-not-found


./.gemini/antigravity/scratch/teacher-tracking/node_modules/lucide-react/dist/esm/lucide-react.mjs:1514:1
Module not found: Can't resolve './icons/swords.mjs'
  [90m1512 |[0m ... [33mLucideSword[0m, [36mdefault[0m [36mas[0m [33mSword[0m, [36mdefault[0m [36mas[0m [33mSwordIcon[0m } [36mfrom[0m [32m'./ic...[0m
  [90m1513 |[0m ... [33mLucideSwitchCamera[0m, [36mdefault[0m [36mas[0m [33mSwitchCamera[0m, [36mdefault[0m [36mas[0m [33mSwitchCa...[0m
[31m[1m>[0m [90m1514 |[0m ... [33mLucideSwords[0m, [36mdefault[0m [36mas[0m [33mSwords[0m, [36mdefault[0m [36mas[0m [33mSwordsIcon[0m } [36mfrom[0m [32m'....[0m
  [90m     |[0m    [31m[1m^^^^^^^^^^^^^^^^^^^^^^^^^^^^^^^^^^^^^^^^^^^^^^^^^^^^^^^^^^^^^^^^^^^^[0m
  [90m1515 |[0m ... [33mLucideTable2[0m, [36mdefault[0m [36mas[0m [33mTable2[0m, [36mdefault[0m [36mas[0m [33mTable2Icon[0m } [36mfrom[0m [32m'....[0m
  [90m1516 |[0m ... [33mLucideSyringe[0m, [36mdefault[0m [36mas[0m [33mSyringe[0m, [36mdefault[0m [36mas[0m [33mSyringeIcon[0m } [36mfrom[0m.[32m..[0m
  [90m1517 |[0m ... [33mLucideTableCellsSplit[0m, [36mdefault[0m [36mas[0m [33mTableCellsSplit[0m, [36mdefault[0m [36mas[0m [33mTa...[0m



Import traces:
  Client Component Browser:
    ./.gemini/antigravity/scratch/teacher-tracking/node_modules/lucide-react/dist/esm/lucide-react.mjs [Client Component Browser]
    ./.gemini/antigravity/scratch/teacher-tracking/src/components/pages/DailyTasksPage.tsx [Client Component Browser]
    ./.gemini/antigravity/scratch/teacher-tracking/src/components/AppShell.tsx [Client Component Browser]
    ./.gemini/antigravity/scratch/teacher-tracking/src/app/page.tsx [Client Component Browser]
    ./.gemini/antigravity/scratch/teacher-tracking/src/app/page.tsx [Server Component]

  Client Component SSR:
    ./.gemini/antigravity/scratch/teacher-tracking/node_modules/lucide-react/dist/esm/lucide-react.mjs [Client Component SSR]
    ./.gemini/antigravity/scratch/teacher-tracking/src/components/pages/DailyTasksPage.tsx [Client Component SSR]
    ./.gemini/antigravity/scratch/teacher-tracking/src/components/AppShell.tsx [Client Component SSR]
    ./.gemini/antigravity/scratch/teacher-tracking/src/app/page.tsx [Client Component SSR]
    ./.gemini/antigravity/scratch/teacher-tracking/src/app/page.tsx [Server Component]

https://nextjs.org/docs/messages/module-not-found


./.gemini/antigravity/scratch/teacher-tracking/node_modules/lucide-react/dist/esm/lucide-react.mjs:1516:1
Module not found: Can't resolve './icons/syringe.mjs'
  [90m1514 |[0m ...[33mucideSwords[0m, [36mdefault[0m [36mas[0m [33mSwords[0m, [36mdefault[0m [36mas[0m [33mSwordsIcon[0m } [36mfrom[0m [32m'./i...[0m
  [90m1515 |[0m ...[33mucideTable2[0m, [36mdefault[0m [36mas[0m [33mTable2[0m, [36mdefault[0m [36mas[0m [33mTable2Icon[0m } [36mfrom[0m [32m'./i...[0m
[31m[1m>[0m [90m1516 |[0m ...[33mucideSyringe[0m, [36mdefault[0m [36mas[0m [33mSyringe[0m, [36mdefault[0m [36mas[0m [33mSyringeIcon[0m } [36mfrom[0m [32m'...[0m
  [90m     |[0m    [31m[1m^^^^^^^^^^^^^^^^^^^^^^^^^^^^^^^^^^^^^^^^^^^^^^^^^^^^^^^^^^^^^^^^^^^^[0m
  [90m1517 |[0m ...[33mucideTableCellsSplit[0m, [36mdefault[0m [36mas[0m [33mTableCellsSplit[0m, [36mdefault[0m [36mas[0m [33mTabl...[0m
  [90m1518 |[0m ...[33mucideTableCellsMerge[0m, [36mdefault[0m [36mas[0m [33mTableCellsMerge[0m, [36mdefault[0m [36mas[0m [33mTabl...[0m
  [90m1519 |[0m ...[33mucideTableColumnsSplit[0m, [36mdefault[0m [36mas[0m [33mTableColumnsSplit[0m, [36mdefault[0m [36mas[0m [33m...[0m



Import traces:
  Client Component Browser:
    ./.gemini/antigravity/scratch/teacher-tracking/node_modules/lucide-react/dist/esm/lucide-react.mjs [Client Component Browser]
    ./.gemini/antigravity/scratch/teacher-tracking/src/components/pages/DailyTasksPage.tsx [Client Component Browser]
    ./.gemini/antigravity/scratch/teacher-tracking/src/components/AppShell.tsx [Client Component Browser]
    ./.gemini/antigravity/scratch/teacher-tracking/src/app/page.tsx [Client Component Browser]
    ./.gemini/antigravity/scratch/teacher-tracking/src/app/page.tsx [Server Component]

  Client Component SSR:
    ./.gemini/antigravity/scratch/teacher-tracking/node_modules/lucide-react/dist/esm/lucide-react.mjs [Client Component SSR]
    ./.gemini/antigravity/scratch/teacher-tracking/src/components/pages/DailyTasksPage.tsx [Client Component SSR]
    ./.gemini/antigravity/scratch/teacher-tracking/src/components/AppShell.tsx [Client Component SSR]
    ./.gemini/antigravity/scratch/teacher-tracking/src/app/page.tsx [Client Component SSR]
    ./.gemini/antigravity/scratch/teacher-tracking/src/app/page.tsx [Server Component]

https://nextjs.org/docs/messages/module-not-found


./.gemini/antigravity/scratch/teacher-tracking/node_modules/lucide-react/dist/esm/lucide-react.mjs:1515:1
Module not found: Can't resolve './icons/table-2.mjs'
  [90m1513 |[0m ...[33mLucideSwitchCamera[0m, [36mdefault[0m [36mas[0m [33mSwitchCamera[0m, [36mdefault[0m [36mas[0m [33mSwitchCam...[0m
  [90m1514 |[0m ...[33mLucideSwords[0m, [36mdefault[0m [36mas[0m [33mSwords[0m, [36mdefault[0m [36mas[0m [33mSwordsIcon[0m } [36mfrom[0m [32m'./...[0m
[31m[1m>[0m [90m1515 |[0m ...[33mLucideTable2[0m, [36mdefault[0m [36mas[0m [33mTable2[0m, [36mdefault[0m [36mas[0m [33mTable2Icon[0m } [36mfrom[0m [32m'./...[0m
  [90m     |[0m    [31m[1m^^^^^^^^^^^^^^^^^^^^^^^^^^^^^^^^^^^^^^^^^^^^^^^^^^^^^^^^^^^^^^^^^^^^[0m
  [90m1516 |[0m ...[33mLucideSyringe[0m, [36mdefault[0m [36mas[0m [33mSyringe[0m, [36mdefault[0m [36mas[0m [33mSyringeIcon[0m } [36mfrom[0m [32m...[0m
  [90m1517 |[0m ...[33mLucideTableCellsSplit[0m, [36mdefault[0m [36mas[0m [33mTableCellsSplit[0m, [36mdefault[0m [36mas[0m [33mTab...[0m
  [90m1518 |[0m ...[33mLucideTableCellsMerge[0m, [36mdefault[0m [36mas[0m [33mTableCellsMerge[0m, [36mdefault[0m [36mas[0m [33mTab...[0m



Import traces:
  Client Component Browser:
    ./.gemini/antigravity/scratch/teacher-tracking/node_modules/lucide-react/dist/esm/lucide-react.mjs [Client Component Browser]
    ./.gemini/antigravity/scratch/teacher-tracking/src/components/pages/DailyTasksPage.tsx [Client Component Browser]
    ./.gemini/antigravity/scratch/teacher-tracking/src/components/AppShell.tsx [Client Component Browser]
    ./.gemini/antigravity/scratch/teacher-tracking/src/app/page.tsx [Client Component Browser]
    ./.gemini/antigravity/scratch/teacher-tracking/src/app/page.tsx [Server Component]

  Client Component SSR:
    ./.gemini/antigravity/scratch/teacher-tracking/node_modules/lucide-react/dist/esm/lucide-react.mjs [Client Component SSR]
    ./.gemini/antigravity/scratch/teacher-tracking/src/components/pages/DailyTasksPage.tsx [Client Component SSR]
    ./.gemini/antigravity/scratch/teacher-tracking/src/components/AppShell.tsx [Client Component SSR]
    ./.gemini/antigravity/scratch/teacher-tracking/src/app/page.tsx [Client Component SSR]
    ./.gemini/antigravity/scratch/teacher-tracking/src/app/page.tsx [Server Component]

https://nextjs.org/docs/messages/module-not-found


./.gemini/antigravity/scratch/teacher-tracking/node_modules/lucide-react/dist/esm/lucide-react.mjs:1518:1
Module not found: Can't resolve './icons/table-cells-merge.mjs'
  [90m1516 |[0m ...[36mault[0m [36mas[0m [33mSyringe[0m, [36mdefault[0m [36mas[0m [33mSyringeIcon[0m } [36mfrom[0m [32m'./icons/syringe.m...[0m
  [90m1517 |[0m ...[33mlit[0m, [36mdefault[0m [36mas[0m [33mTableCellsSplit[0m, [36mdefault[0m [36mas[0m [33mTableCellsSplitIcon[0m }.[36m..[0m
[31m[1m>[0m [90m1518 |[0m ...[33mrge[0m, [36mdefault[0m [36mas[0m [33mTableCellsMerge[0m, [36mdefault[0m [36mas[0m [33mTableCellsMergeIcon[0m }.[36m..[0m
  [90m     |[0m    [31m[1m^^^^^^^^^^^^^^^^^^^^^^^^^^^^^^^^^^^^^^^^^^^^^^^^^^^^^^^^^^^^^^^^^^^^[0m
  [90m1519 |[0m ...[33mSplit[0m, [36mdefault[0m [36mas[0m [33mTableColumnsSplit[0m, [36mdefault[0m [36mas[0m [33mTableColumnsSplit...[0m
  [90m1520 |[0m ...[33mies[0m, [36mdefault[0m [36mas[0m [33mTableProperties[0m, [36mdefault[0m [36mas[0m [33mTablePropertiesIcon[0m }.[36m..[0m
  [90m1521 |[0m ...[33mnts[0m, [36mdefault[0m [36mas[0m [33mTableOfContents[0m, [36mdefault[0m [36mas[0m [33mTableOfContentsIcon[0m }.[36m..[0m



Import traces:
  Client Component Browser:
    ./.gemini/antigravity/scratch/teacher-tracking/node_modules/lucide-react/dist/esm/lucide-react.mjs [Client Component Browser]
    ./.gemini/antigravity/scratch/teacher-tracking/src/components/pages/DailyTasksPage.tsx [Client Component Browser]
    ./.gemini/antigravity/scratch/teacher-tracking/src/components/AppShell.tsx [Client Component Browser]
    ./.gemini/antigravity/scratch/teacher-tracking/src/app/page.tsx [Client Component Browser]
    ./.gemini/antigravity/scratch/teacher-tracking/src/app/page.tsx [Server Component]

  Client Component SSR:
    ./.gemini/antigravity/scratch/teacher-tracking/node_modules/lucide-react/dist/esm/lucide-react.mjs [Client Component SSR]
    ./.gemini/antigravity/scratch/teacher-tracking/src/components/pages/DailyTasksPage.tsx [Client Component SSR]
    ./.gemini/antigravity/scratch/teacher-tracking/src/components/AppShell.tsx [Client Component SSR]
    ./.gemini/antigravity/scratch/teacher-tracking/src/app/page.tsx [Client Component SSR]
    ./.gemini/antigravity/scratch/teacher-tracking/src/app/page.tsx [Server Component]

https://nextjs.org/docs/messages/module-not-found


./.gemini/antigravity/scratch/teacher-tracking/node_modules/lucide-react/dist/esm/lucide-react.mjs:1517:1
Module not found: Can't resolve './icons/table-cells-split.mjs'
  [90m1515 |[0m ...[36mult[0m [36mas[0m [33mTable2[0m, [36mdefault[0m [36mas[0m [33mTable2Icon[0m } [36mfrom[0m [32m'./icons/table-2.mjs'[0m;
  [90m1516 |[0m ...[36mault[0m [36mas[0m [33mSyringe[0m, [36mdefault[0m [36mas[0m [33mSyringeIcon[0m } [36mfrom[0m [32m'./icons/syringe.m...[0m
[31m[1m>[0m [90m1517 |[0m ...[33mlit[0m, [36mdefault[0m [36mas[0m [33mTableCellsSplit[0m, [36mdefault[0m [36mas[0m [33mTableCellsSplitIcon[0m }.[36m..[0m
  [90m     |[0m    [31m[1m^^^^^^^^^^^^^^^^^^^^^^^^^^^^^^^^^^^^^^^^^^^^^^^^^^^^^^^^^^^^^^^^^^^^[0m
  [90m1518 |[0m ...[33mrge[0m, [36mdefault[0m [36mas[0m [33mTableCellsMerge[0m, [36mdefault[0m [36mas[0m [33mTableCellsMergeIcon[0m }.[36m..[0m
  [90m1519 |[0m ...[33mSplit[0m, [36mdefault[0m [36mas[0m [33mTableColumnsSplit[0m, [36mdefault[0m [36mas[0m [33mTableColumnsSplit...[0m
  [90m1520 |[0m ...[33mies[0m, [36mdefault[0m [36mas[0m [33mTableProperties[0m, [36mdefault[0m [36mas[0m [33mTablePropertiesIcon[0m }.[36m..[0m



Import traces:
  Client Component Browser:
    ./.gemini/antigravity/scratch/teacher-tracking/node_modules/lucide-react/dist/esm/lucide-react.mjs [Client Component Browser]
    ./.gemini/antigravity/scratch/teacher-tracking/src/components/pages/DailyTasksPage.tsx [Client Component Browser]
    ./.gemini/antigravity/scratch/teacher-tracking/src/components/AppShell.tsx [Client Component Browser]
    ./.gemini/antigravity/scratch/teacher-tracking/src/app/page.tsx [Client Component Browser]
    ./.gemini/antigravity/scratch/teacher-tracking/src/app/page.tsx [Server Component]

  Client Component SSR:
    ./.gemini/antigravity/scratch/teacher-tracking/node_modules/lucide-react/dist/esm/lucide-react.mjs [Client Component SSR]
    ./.gemini/antigravity/scratch/teacher-tracking/src/components/pages/DailyTasksPage.tsx [Client Component SSR]
    ./.gemini/antigravity/scratch/teacher-tracking/src/components/AppShell.tsx [Client Component SSR]
    ./.gemini/antigravity/scratch/teacher-tracking/src/app/page.tsx [Client Component SSR]
    ./.gemini/antigravity/scratch/teacher-tracking/src/app/page.tsx [Server Component]

https://nextjs.org/docs/messages/module-not-found


./.gemini/antigravity/scratch/teacher-tracking/node_modules/lucide-react/dist/esm/lucide-react.mjs:1519:1
Module not found: Can't resolve './icons/table-columns-split.mjs'
  [90m1517 |[0m ... [36mdefault[0m [36mas[0m [33mTableCellsSplit[0m, [36mdefault[0m [36mas[0m [33mTableCellsSplitIcon[0m } [36mfro.[0m.[32m.[0m
  [90m1518 |[0m ... [36mdefault[0m [36mas[0m [33mTableCellsMerge[0m, [36mdefault[0m [36mas[0m [33mTableCellsMergeIcon[0m } [36mfro.[0m.[32m.[0m
[31m[1m>[0m [90m1519 |[0m ...[33mt[0m, [36mdefault[0m [36mas[0m [33mTableColumnsSplit[0m, [36mdefault[0m [36mas[0m [33mTableColumnsSplitIcon[0m...
  [90m     |[0m    [31m[1m^^^^^^^^^^^^^^^^^^^^^^^^^^^^^^^^^^^^^^^^^^^^^^^^^^^^^^^^^^^^^^^^^^^^[0m
  [90m1520 |[0m ... [36mdefault[0m [36mas[0m [33mTableProperties[0m, [36mdefault[0m [36mas[0m [33mTablePropertiesIcon[0m } [36mfro.[0m.[32m.[0m
  [90m1521 |[0m ... [36mdefault[0m [36mas[0m [33mTableOfContents[0m, [36mdefault[0m [36mas[0m [33mTableOfContentsIcon[0m } [36mfro.[0m.[32m.[0m
  [90m1522 |[0m ...[36ms[0m [33mTable[0m, [36mdefault[0m [36mas[0m [33mTableIcon[0m } [36mfrom[0m [32m'./icons/table.mjs'[0m;



Import traces:
  Client Component Browser:
    ./.gemini/antigravity/scratch/teacher-tracking/node_modules/lucide-react/dist/esm/lucide-react.mjs [Client Component Browser]
    ./.gemini/antigravity/scratch/teacher-tracking/src/components/pages/DailyTasksPage.tsx [Client Component Browser]
    ./.gemini/antigravity/scratch/teacher-tracking/src/components/AppShell.tsx [Client Component Browser]
    ./.gemini/antigravity/scratch/teacher-tracking/src/app/page.tsx [Client Component Browser]
    ./.gemini/antigravity/scratch/teacher-tracking/src/app/page.tsx [Server Component]

  Client Component SSR:
    ./.gemini/antigravity/scratch/teacher-tracking/node_modules/lucide-react/dist/esm/lucide-react.mjs [Client Component SSR]
    ./.gemini/antigravity/scratch/teacher-tracking/src/components/pages/DailyTasksPage.tsx [Client Component SSR]
    ./.gemini/antigravity/scratch/teacher-tracking/src/components/AppShell.tsx [Client Component SSR]
    ./.gemini/antigravity/scratch/teacher-tracking/src/app/page.tsx [Client Component SSR]
    ./.gemini/antigravity/scratch/teacher-tracking/src/app/page.tsx [Server Component]

https://nextjs.org/docs/messages/module-not-found


./.gemini/antigravity/scratch/teacher-tracking/node_modules/lucide-react/dist/esm/lucide-react.mjs:1521:1
Module not found: Can't resolve './icons/table-of-contents.mjs'
  [90m1519 |[0m ...[33mSplit[0m, [36mdefault[0m [36mas[0m [33mTableColumnsSplit[0m, [36mdefault[0m [36mas[0m [33mTableColumnsSplit...[0m
  [90m1520 |[0m ...[33mies[0m, [36mdefault[0m [36mas[0m [33mTableProperties[0m, [36mdefault[0m [36mas[0m [33mTablePropertiesIcon[0m }.[36m..[0m
[31m[1m>[0m [90m1521 |[0m ...[33mnts[0m, [36mdefault[0m [36mas[0m [33mTableOfContents[0m, [36mdefault[0m [36mas[0m [33mTableOfContentsIcon[0m }.[36m..[0m
  [90m     |[0m    [31m[1m^^^^^^^^^^^^^^^^^^^^^^^^^^^^^^^^^^^^^^^^^^^^^^^^^^^^^^^^^^^^^^^^^^^^[0m
  [90m1522 |[0m ...[36mlt[0m [36mas[0m [33mTable[0m, [36mdefault[0m [36mas[0m [33mTableIcon[0m } [36mfrom[0m [32m'./icons/table.mjs'[0m;
  [90m1523 |[0m ...[33mit[0m, [36mdefault[0m [36mas[0m [33mTableRowsSplit[0m, [36mdefault[0m [36mas[0m [33mTableRowsSplitIcon[0m } [36mfr..[0m.
  [90m1524 |[0m ...[33mhone[0m, [36mdefault[0m [36mas[0m [33mTabletSmartphone[0m, [36mdefault[0m [36mas[0m [33mTabletSmartphoneIco.[0m..



Import traces:
  Client Component Browser:
    ./.gemini/antigravity/scratch/teacher-tracking/node_modules/lucide-react/dist/esm/lucide-react.mjs [Client Component Browser]
    ./.gemini/antigravity/scratch/teacher-tracking/src/components/pages/DailyTasksPage.tsx [Client Component Browser]
    ./.gemini/antigravity/scratch/teacher-tracking/src/components/AppShell.tsx [Client Component Browser]
    ./.gemini/antigravity/scratch/teacher-tracking/src/app/page.tsx [Client Component Browser]
    ./.gemini/antigravity/scratch/teacher-tracking/src/app/page.tsx [Server Component]

  Client Component SSR:
    ./.gemini/antigravity/scratch/teacher-tracking/node_modules/lucide-react/dist/esm/lucide-react.mjs [Client Component SSR]
    ./.gemini/antigravity/scratch/teacher-tracking/src/components/pages/DailyTasksPage.tsx [Client Component SSR]
    ./.gemini/antigravity/scratch/teacher-tracking/src/components/AppShell.tsx [Client Component SSR]
    ./.gemini/antigravity/scratch/teacher-tracking/src/app/page.tsx [Client Component SSR]
    ./.gemini/antigravity/scratch/teacher-tracking/src/app/page.tsx [Server Component]

https://nextjs.org/docs/messages/module-not-found


./.gemini/antigravity/scratch/teacher-tracking/node_modules/lucide-react/dist/esm/lucide-react.mjs:1520:1
Module not found: Can't resolve './icons/table-properties.mjs'
  [90m1518 |[0m ...[33mrge[0m, [36mdefault[0m [36mas[0m [33mTableCellsMerge[0m, [36mdefault[0m [36mas[0m [33mTableCellsMergeIcon[0m }.[36m..[0m
  [90m1519 |[0m ...[33mSplit[0m, [36mdefault[0m [36mas[0m [33mTableColumnsSplit[0m, [36mdefault[0m [36mas[0m [33mTableColumnsSplit...[0m
[31m[1m>[0m [90m1520 |[0m ...[33mies[0m, [36mdefault[0m [36mas[0m [33mTableProperties[0m, [36mdefault[0m [36mas[0m [33mTablePropertiesIcon[0m }.[36m..[0m
  [90m     |[0m    [31m[1m^^^^^^^^^^^^^^^^^^^^^^^^^^^^^^^^^^^^^^^^^^^^^^^^^^^^^^^^^^^^^^^^^^^^[0m
  [90m1521 |[0m ...[33mnts[0m, [36mdefault[0m [36mas[0m [33mTableOfContents[0m, [36mdefault[0m [36mas[0m [33mTableOfContentsIcon[0m }.[36m..[0m
  [90m1522 |[0m ...[36mlt[0m [36mas[0m [33mTable[0m, [36mdefault[0m [36mas[0m [33mTableIcon[0m } [36mfrom[0m [32m'./icons/table.mjs'[0m;
  [90m1523 |[0m ...[33mit[0m, [36mdefault[0m [36mas[0m [33mTableRowsSplit[0m, [36mdefault[0m [36mas[0m [33mTableRowsSplitIcon[0m } [36mfr..[0m.



Import traces:
  Client Component Browser:
    ./.gemini/antigravity/scratch/teacher-tracking/node_modules/lucide-react/dist/esm/lucide-react.mjs [Client Component Browser]
    ./.gemini/antigravity/scratch/teacher-tracking/src/components/pages/DailyTasksPage.tsx [Client Component Browser]
    ./.gemini/antigravity/scratch/teacher-tracking/src/components/AppShell.tsx [Client Component Browser]
    ./.gemini/antigravity/scratch/teacher-tracking/src/app/page.tsx [Client Component Browser]
    ./.gemini/antigravity/scratch/teacher-tracking/src/app/page.tsx [Server Component]

  Client Component SSR:
    ./.gemini/antigravity/scratch/teacher-tracking/node_modules/lucide-react/dist/esm/lucide-react.mjs [Client Component SSR]
    ./.gemini/antigravity/scratch/teacher-tracking/src/components/pages/DailyTasksPage.tsx [Client Component SSR]
    ./.gemini/antigravity/scratch/teacher-tracking/src/components/AppShell.tsx [Client Component SSR]
    ./.gemini/antigravity/scratch/teacher-tracking/src/app/page.tsx [Client Component SSR]
    ./.gemini/antigravity/scratch/teacher-tracking/src/app/page.tsx [Server Component]

https://nextjs.org/docs/messages/module-not-found


./.gemini/antigravity/scratch/teacher-tracking/node_modules/lucide-react/dist/esm/lucide-react.mjs:1523:1
Module not found: Can't resolve './icons/table-rows-split.mjs'
  [90m1521 |[0m ...[33mtents[0m, [36mdefault[0m [36mas[0m [33mTableOfContents[0m, [36mdefault[0m [36mas[0m [33mTableOfContentsIcon[0m...
  [90m1522 |[0m ...[36mault[0m [36mas[0m [33mTable[0m, [36mdefault[0m [36mas[0m [33mTableIcon[0m } [36mfrom[0m [32m'./icons/table.mjs'[0m;
[31m[1m>[0m [90m1523 |[0m ...[33mplit[0m, [36mdefault[0m [36mas[0m [33mTableRowsSplit[0m, [36mdefault[0m [36mas[0m [33mTableRowsSplitIcon[0m } [36m...[0m
  [90m     |[0m    [31m[1m^^^^^^^^^^^^^^^^^^^^^^^^^^^^^^^^^^^^^^^^^^^^^^^^^^^^^^^^^^^^^^^^^^^^[0m
  [90m1524 |[0m ...[33mtphone[0m, [36mdefault[0m [36mas[0m [33mTabletSmartphone[0m, [36mdefault[0m [36mas[0m [33mTabletSmartphoneI...[0m
  [90m1525 |[0m ...[36mfault[0m [36mas[0m [33mTablet[0m, [36mdefault[0m [36mas[0m [33mTabletIcon[0m } [36mfrom[0m [32m'./icons/tablet.mjs'[0m;
  [90m1526 |[0m ...[36mlt[0m [36mas[0m [33mTag[0m, [36mdefault[0m [36mas[0m [33mTagIcon[0m } [36mfrom[0m [32m'./icons/tag.mjs'[0m;



Import traces:
  Client Component Browser:
    ./.gemini/antigravity/scratch/teacher-tracking/node_modules/lucide-react/dist/esm/lucide-react.mjs [Client Component Browser]
    ./.gemini/antigravity/scratch/teacher-tracking/src/components/pages/DailyTasksPage.tsx [Client Component Browser]
    ./.gemini/antigravity/scratch/teacher-tracking/src/components/AppShell.tsx [Client Component Browser]
    ./.gemini/antigravity/scratch/teacher-tracking/src/app/page.tsx [Client Component Browser]
    ./.gemini/antigravity/scratch/teacher-tracking/src/app/page.tsx [Server Component]

  Client Component SSR:
    ./.gemini/antigravity/scratch/teacher-tracking/node_modules/lucide-react/dist/esm/lucide-react.mjs [Client Component SSR]
    ./.gemini/antigravity/scratch/teacher-tracking/src/components/pages/DailyTasksPage.tsx [Client Component SSR]
    ./.gemini/antigravity/scratch/teacher-tracking/src/components/AppShell.tsx [Client Component SSR]
    ./.gemini/antigravity/scratch/teacher-tracking/src/app/page.tsx [Client Component SSR]
    ./.gemini/antigravity/scratch/teacher-tracking/src/app/page.tsx [Server Component]

https://nextjs.org/docs/messages/module-not-found


./.gemini/antigravity/scratch/teacher-tracking/node_modules/lucide-react/dist/esm/lucide-react.mjs:1522:1
Module not found: Can't resolve './icons/table.mjs'
  [90m1520 |[0m ...[36mas[0m [33mLucideTableProperties[0m, [36mdefault[0m [36mas[0m [33mTableProperties[0m, [36mdefault[0m [36mas[0m [33m...[0m
  [90m1521 |[0m ...[36mas[0m [33mLucideTableOfContents[0m, [36mdefault[0m [36mas[0m [33mTableOfContents[0m, [36mdefault[0m [36mas[0m [33m...[0m
[31m[1m>[0m [90m1522 |[0m ...[36mas[0m [33mLucideTable[0m, [36mdefault[0m [36mas[0m [33mTable[0m, [36mdefault[0m [36mas[0m [33mTableIcon[0m } [36mfrom[0m [32m'./...[0m
  [90m     |[0m    [31m[1m^^^^^^^^^^^^^^^^^^^^^^^^^^^^^^^^^^^^^^^^^^^^^^^^^^^^^^^^^^^^^^^^^^^^[0m
  [90m1523 |[0m ...[36mas[0m [33mLucideTableRowsSplit[0m, [36mdefault[0m [36mas[0m [33mTableRowsSplit[0m, [36mdefault[0m [36mas[0m [33mTa...[0m
  [90m1524 |[0m ...[36mas[0m [33mLucideTabletSmartphone[0m, [36mdefault[0m [36mas[0m [33mTabletSmartphone[0m, [36mdefault[0m [36ma.[0m.[33m.[0m
  [90m1525 |[0m ...[36mas[0m [33mLucideTablet[0m, [36mdefault[0m [36mas[0m [33mTablet[0m, [36mdefault[0m [36mas[0m [33mTabletIcon[0m } [36mfrom[0m [32m...[0m



Import traces:
  Client Component Browser:
    ./.gemini/antigravity/scratch/teacher-tracking/node_modules/lucide-react/dist/esm/lucide-react.mjs [Client Component Browser]
    ./.gemini/antigravity/scratch/teacher-tracking/src/components/pages/DailyTasksPage.tsx [Client Component Browser]
    ./.gemini/antigravity/scratch/teacher-tracking/src/components/AppShell.tsx [Client Component Browser]
    ./.gemini/antigravity/scratch/teacher-tracking/src/app/page.tsx [Client Component Browser]
    ./.gemini/antigravity/scratch/teacher-tracking/src/app/page.tsx [Server Component]

  Client Component SSR:
    ./.gemini/antigravity/scratch/teacher-tracking/node_modules/lucide-react/dist/esm/lucide-react.mjs [Client Component SSR]
    ./.gemini/antigravity/scratch/teacher-tracking/src/components/pages/DailyTasksPage.tsx [Client Component SSR]
    ./.gemini/antigravity/scratch/teacher-tracking/src/components/AppShell.tsx [Client Component SSR]
    ./.gemini/antigravity/scratch/teacher-tracking/src/app/page.tsx [Client Component SSR]
    ./.gemini/antigravity/scratch/teacher-tracking/src/app/page.tsx [Server Component]

https://nextjs.org/docs/messages/module-not-found


./.gemini/antigravity/scratch/teacher-tracking/node_modules/lucide-react/dist/esm/lucide-react.mjs:1524:1
Module not found: Can't resolve './icons/tablet-smartphone.mjs'
  [90m1522 |[0m ... [36mas[0m [33mTable[0m, [36mdefault[0m [36mas[0m [33mTableIcon[0m } [36mfrom[0m [32m'./icons/table.mjs'[0m;
  [90m1523 |[0m ..., [36mdefault[0m [36mas[0m [33mTableRowsSplit[0m, [36mdefault[0m [36mas[0m [33mTableRowsSplitIcon[0m } [36mfrom[0m.[32m..[0m
[31m[1m>[0m [90m1524 |[0m ...[33mne[0m, [36mdefault[0m [36mas[0m [33mTabletSmartphone[0m, [36mdefault[0m [36mas[0m [33mTabletSmartphoneIcon[0m ..[36m.[0m
  [90m     |[0m    [31m[1m^^^^^^^^^^^^^^^^^^^^^^^^^^^^^^^^^^^^^^^^^^^^^^^^^^^^^^^^^^^^^^^^^^^^[0m
  [90m1525 |[0m ...[36mt[0m [36mas[0m [33mTablet[0m, [36mdefault[0m [36mas[0m [33mTabletIcon[0m } [36mfrom[0m [32m'./icons/tablet.mjs'[0m;
  [90m1526 |[0m ...[36ms[0m [33mTag[0m, [36mdefault[0m [36mas[0m [33mTagIcon[0m } [36mfrom[0m [32m'./icons/tag.mjs'[0m;
  [90m1527 |[0m ...[36mlt[0m [36mas[0m [33mTablets[0m, [36mdefault[0m [36mas[0m [33mTabletsIcon[0m } [36mfrom[0m [32m'./icons/tablets.mjs'[0m;



Import traces:
  Client Component Browser:
    ./.gemini/antigravity/scratch/teacher-tracking/node_modules/lucide-react/dist/esm/lucide-react.mjs [Client Component Browser]
    ./.gemini/antigravity/scratch/teacher-tracking/src/components/pages/DailyTasksPage.tsx [Client Component Browser]
    ./.gemini/antigravity/scratch/teacher-tracking/src/components/AppShell.tsx [Client Component Browser]
    ./.gemini/antigravity/scratch/teacher-tracking/src/app/page.tsx [Client Component Browser]
    ./.gemini/antigravity/scratch/teacher-tracking/src/app/page.tsx [Server Component]

  Client Component SSR:
    ./.gemini/antigravity/scratch/teacher-tracking/node_modules/lucide-react/dist/esm/lucide-react.mjs [Client Component SSR]
    ./.gemini/antigravity/scratch/teacher-tracking/src/components/pages/DailyTasksPage.tsx [Client Component SSR]
    ./.gemini/antigravity/scratch/teacher-tracking/src/components/AppShell.tsx [Client Component SSR]
    ./.gemini/antigravity/scratch/teacher-tracking/src/app/page.tsx [Client Component SSR]
    ./.gemini/antigravity/scratch/teacher-tracking/src/app/page.tsx [Server Component]

https://nextjs.org/docs/messages/module-not-found


./.gemini/antigravity/scratch/teacher-tracking/node_modules/lucide-react/dist/esm/lucide-react.mjs:1525:1
Module not found: Can't resolve './icons/tablet.mjs'
  [90m1523 |[0m ... [33mLucideTableRowsSplit[0m, [36mdefault[0m [36mas[0m [33mTableRowsSplit[0m, [36mdefault[0m [36mas[0m [33mTabl...[0m
  [90m1524 |[0m ... [33mLucideTabletSmartphone[0m, [36mdefault[0m [36mas[0m [33mTabletSmartphone[0m, [36mdefault[0m [36mas[0m [33m...[0m
[31m[1m>[0m [90m1525 |[0m ... [33mLucideTablet[0m, [36mdefault[0m [36mas[0m [33mTablet[0m, [36mdefault[0m [36mas[0m [33mTabletIcon[0m } [36mfrom[0m [32m'....[0m
  [90m     |[0m    [31m[1m^^^^^^^^^^^^^^^^^^^^^^^^^^^^^^^^^^^^^^^^^^^^^^^^^^^^^^^^^^^^^^^^^^^^[0m
  [90m1526 |[0m ... [33mLucideTag[0m, [36mdefault[0m [36mas[0m [33mTag[0m, [36mdefault[0m [36mas[0m [33mTagIcon[0m } [36mfrom[0m [32m'./icons/ta...[0m
  [90m1527 |[0m ... [33mLucideTablets[0m, [36mdefault[0m [36mas[0m [33mTablets[0m, [36mdefault[0m [36mas[0m [33mTabletsIcon[0m } [36mfrom[0m.[32m..[0m
  [90m1528 |[0m ... [33mLucideTags[0m, [36mdefault[0m [36mas[0m [33mTags[0m, [36mdefault[0m [36mas[0m [33mTagsIcon[0m } [36mfrom[0m [32m'./icons...[0m



Import traces:
  Client Component Browser:
    ./.gemini/antigravity/scratch/teacher-tracking/node_modules/lucide-react/dist/esm/lucide-react.mjs [Client Component Browser]
    ./.gemini/antigravity/scratch/teacher-tracking/src/components/pages/DailyTasksPage.tsx [Client Component Browser]
    ./.gemini/antigravity/scratch/teacher-tracking/src/components/AppShell.tsx [Client Component Browser]
    ./.gemini/antigravity/scratch/teacher-tracking/src/app/page.tsx [Client Component Browser]
    ./.gemini/antigravity/scratch/teacher-tracking/src/app/page.tsx [Server Component]

  Client Component SSR:
    ./.gemini/antigravity/scratch/teacher-tracking/node_modules/lucide-react/dist/esm/lucide-react.mjs [Client Component SSR]
    ./.gemini/antigravity/scratch/teacher-tracking/src/components/pages/DailyTasksPage.tsx [Client Component SSR]
    ./.gemini/antigravity/scratch/teacher-tracking/src/components/AppShell.tsx [Client Component SSR]
    ./.gemini/antigravity/scratch/teacher-tracking/src/app/page.tsx [Client Component SSR]
    ./.gemini/antigravity/scratch/teacher-tracking/src/app/page.tsx [Server Component]

https://nextjs.org/docs/messages/module-not-found


./.gemini/antigravity/scratch/teacher-tracking/node_modules/lucide-react/dist/esm/lucide-react.mjs:1527:1
Module not found: Can't resolve './icons/tablets.mjs'
  [90m1525 |[0m ...[33mucideTablet[0m, [36mdefault[0m [36mas[0m [33mTablet[0m, [36mdefault[0m [36mas[0m [33mTabletIcon[0m } [36mfrom[0m [32m'./i...[0m
  [90m1526 |[0m ...[33mucideTag[0m, [36mdefault[0m [36mas[0m [33mTag[0m, [36mdefault[0m [36mas[0m [33mTagIcon[0m } [36mfrom[0m [32m'./icons/tag....[0m
[31m[1m>[0m [90m1527 |[0m ...[33mucideTablets[0m, [36mdefault[0m [36mas[0m [33mTablets[0m, [36mdefault[0m [36mas[0m [33mTabletsIcon[0m } [36mfrom[0m [32m'...[0m
  [90m     |[0m    [31m[1m^^^^^^^^^^^^^^^^^^^^^^^^^^^^^^^^^^^^^^^^^^^^^^^^^^^^^^^^^^^^^^^^^^^^[0m
  [90m1528 |[0m ...[33mucideTags[0m, [36mdefault[0m [36mas[0m [33mTags[0m, [36mdefault[0m [36mas[0m [33mTagsIcon[0m } [36mfrom[0m [32m'./icons/t...[0m
  [90m1529 |[0m ...[33mucideTally2[0m, [36mdefault[0m [36mas[0m [33mTally2[0m, [36mdefault[0m [36mas[0m [33mTally2Icon[0m } [36mfrom[0m [32m'./i...[0m
  [90m1530 |[0m ...[33mucideTally1[0m, [36mdefault[0m [36mas[0m [33mTally1[0m, [36mdefault[0m [36mas[0m [33mTally1Icon[0m } [36mfrom[0m [32m'./i...[0m



Import traces:
  Client Component Browser:
    ./.gemini/antigravity/scratch/teacher-tracking/node_modules/lucide-react/dist/esm/lucide-react.mjs [Client Component Browser]
    ./.gemini/antigravity/scratch/teacher-tracking/src/components/pages/DailyTasksPage.tsx [Client Component Browser]
    ./.gemini/antigravity/scratch/teacher-tracking/src/components/AppShell.tsx [Client Component Browser]
    ./.gemini/antigravity/scratch/teacher-tracking/src/app/page.tsx [Client Component Browser]
    ./.gemini/antigravity/scratch/teacher-tracking/src/app/page.tsx [Server Component]

  Client Component SSR:
    ./.gemini/antigravity/scratch/teacher-tracking/node_modules/lucide-react/dist/esm/lucide-react.mjs [Client Component SSR]
    ./.gemini/antigravity/scratch/teacher-tracking/src/components/pages/DailyTasksPage.tsx [Client Component SSR]
    ./.gemini/antigravity/scratch/teacher-tracking/src/components/AppShell.tsx [Client Component SSR]
    ./.gemini/antigravity/scratch/teacher-tracking/src/app/page.tsx [Client Component SSR]
    ./.gemini/antigravity/scratch/teacher-tracking/src/app/page.tsx [Server Component]

https://nextjs.org/docs/messages/module-not-found


./.gemini/antigravity/scratch/teacher-tracking/node_modules/lucide-react/dist/esm/lucide-react.mjs:1526:1
Module not found: Can't resolve './icons/tag.mjs'
  [90m1524 |[0m ...[36mult[0m [36mas[0m [33mLucideTabletSmartphone[0m, [36mdefault[0m [36mas[0m [33mTabletSmartphone[0m, [36mdefau..[0m.
  [90m1525 |[0m ...[36mult[0m [36mas[0m [33mLucideTablet[0m, [36mdefault[0m [36mas[0m [33mTablet[0m, [36mdefault[0m [36mas[0m [33mTabletIcon[0m } [36mf...[0m
[31m[1m>[0m [90m1526 |[0m ...[36mult[0m [36mas[0m [33mLucideTag[0m, [36mdefault[0m [36mas[0m [33mTag[0m, [36mdefault[0m [36mas[0m [33mTagIcon[0m } [36mfrom[0m [32m'./ic...[0m
  [90m     |[0m    [31m[1m^^^^^^^^^^^^^^^^^^^^^^^^^^^^^^^^^^^^^^^^^^^^^^^^^^^^^^^^^^^^^^^^^^^^[0m
  [90m1527 |[0m ...[36mult[0m [36mas[0m [33mLucideTablets[0m, [36mdefault[0m [36mas[0m [33mTablets[0m, [36mdefault[0m [36mas[0m [33mTabletsIcon[0m ..[36m.[0m
  [90m1528 |[0m ...[36mult[0m [36mas[0m [33mLucideTags[0m, [36mdefault[0m [36mas[0m [33mTags[0m, [36mdefault[0m [36mas[0m [33mTagsIcon[0m } [36mfrom[0m [32m'....[0m
  [90m1529 |[0m ...[36mult[0m [36mas[0m [33mLucideTally2[0m, [36mdefault[0m [36mas[0m [33mTally2[0m, [36mdefault[0m [36mas[0m [33mTally2Icon[0m } [36mf...[0m



Import traces:
  Client Component Browser:
    ./.gemini/antigravity/scratch/teacher-tracking/node_modules/lucide-react/dist/esm/lucide-react.mjs [Client Component Browser]
    ./.gemini/antigravity/scratch/teacher-tracking/src/components/pages/DailyTasksPage.tsx [Client Component Browser]
    ./.gemini/antigravity/scratch/teacher-tracking/src/components/AppShell.tsx [Client Component Browser]
    ./.gemini/antigravity/scratch/teacher-tracking/src/app/page.tsx [Client Component Browser]
    ./.gemini/antigravity/scratch/teacher-tracking/src/app/page.tsx [Server Component]

  Client Component SSR:
    ./.gemini/antigravity/scratch/teacher-tracking/node_modules/lucide-react/dist/esm/lucide-react.mjs [Client Component SSR]
    ./.gemini/antigravity/scratch/teacher-tracking/src/components/pages/DailyTasksPage.tsx [Client Component SSR]
    ./.gemini/antigravity/scratch/teacher-tracking/src/components/AppShell.tsx [Client Component SSR]
    ./.gemini/antigravity/scratch/teacher-tracking/src/app/page.tsx [Client Component SSR]
    ./.gemini/antigravity/scratch/teacher-tracking/src/app/page.tsx [Server Component]

https://nextjs.org/docs/messages/module-not-found


./.gemini/antigravity/scratch/teacher-tracking/node_modules/lucide-react/dist/esm/lucide-react.mjs:1528:1
Module not found: Can't resolve './icons/tags.mjs'
  [90m1526 |[0m ...[36mt[0m [36mas[0m [33mLucideTag[0m, [36mdefault[0m [36mas[0m [33mTag[0m, [36mdefault[0m [36mas[0m [33mTagIcon[0m } [36mfrom[0m [32m'./icon...[0m
  [90m1527 |[0m ...[36mt[0m [36mas[0m [33mLucideTablets[0m, [36mdefault[0m [36mas[0m [33mTablets[0m, [36mdefault[0m [36mas[0m [33mTabletsIcon[0m } [36m...[0m
[31m[1m>[0m [90m1528 |[0m ...[36mt[0m [36mas[0m [33mLucideTags[0m, [36mdefault[0m [36mas[0m [33mTags[0m, [36mdefault[0m [36mas[0m [33mTagsIcon[0m } [36mfrom[0m [32m'./i...[0m
  [90m     |[0m    [31m[1m^^^^^^^^^^^^^^^^^^^^^^^^^^^^^^^^^^^^^^^^^^^^^^^^^^^^^^^^^^^^^^^^^^^^[0m
  [90m1529 |[0m ...[36mt[0m [36mas[0m [33mLucideTally2[0m, [36mdefault[0m [36mas[0m [33mTally2[0m, [36mdefault[0m [36mas[0m [33mTally2Icon[0m } [36mfro.[0m.[32m.[0m
  [90m1530 |[0m ...[36mt[0m [36mas[0m [33mLucideTally1[0m, [36mdefault[0m [36mas[0m [33mTally1[0m, [36mdefault[0m [36mas[0m [33mTally1Icon[0m } [36mfro.[0m.[32m.[0m
  [90m1531 |[0m ...[36mt[0m [36mas[0m [33mLucideTally3[0m, [36mdefault[0m [36mas[0m [33mTally3[0m, [36mdefault[0m [36mas[0m [33mTally3Icon[0m } [36mfro.[0m.[32m.[0m



Import traces:
  Client Component Browser:
    ./.gemini/antigravity/scratch/teacher-tracking/node_modules/lucide-react/dist/esm/lucide-react.mjs [Client Component Browser]
    ./.gemini/antigravity/scratch/teacher-tracking/src/components/pages/DailyTasksPage.tsx [Client Component Browser]
    ./.gemini/antigravity/scratch/teacher-tracking/src/components/AppShell.tsx [Client Component Browser]
    ./.gemini/antigravity/scratch/teacher-tracking/src/app/page.tsx [Client Component Browser]
    ./.gemini/antigravity/scratch/teacher-tracking/src/app/page.tsx [Server Component]

  Client Component SSR:
    ./.gemini/antigravity/scratch/teacher-tracking/node_modules/lucide-react/dist/esm/lucide-react.mjs [Client Component SSR]
    ./.gemini/antigravity/scratch/teacher-tracking/src/components/pages/DailyTasksPage.tsx [Client Component SSR]
    ./.gemini/antigravity/scratch/teacher-tracking/src/components/AppShell.tsx [Client Component SSR]
    ./.gemini/antigravity/scratch/teacher-tracking/src/app/page.tsx [Client Component SSR]
    ./.gemini/antigravity/scratch/teacher-tracking/src/app/page.tsx [Server Component]

https://nextjs.org/docs/messages/module-not-found


./.gemini/antigravity/scratch/teacher-tracking/node_modules/lucide-react/dist/esm/lucide-react.mjs:1530:1
Module not found: Can't resolve './icons/tally-1.mjs'
  [90m1528 |[0m ...[33mLucideTags[0m, [36mdefault[0m [36mas[0m [33mTags[0m, [36mdefault[0m [36mas[0m [33mTagsIcon[0m } [36mfrom[0m [32m'./icons/...[0m
  [90m1529 |[0m ...[33mLucideTally2[0m, [36mdefault[0m [36mas[0m [33mTally2[0m, [36mdefault[0m [36mas[0m [33mTally2Icon[0m } [36mfrom[0m [32m'./...[0m
[31m[1m>[0m [90m1530 |[0m ...[33mLucideTally1[0m, [36mdefault[0m [36mas[0m [33mTally1[0m, [36mdefault[0m [36mas[0m [33mTally1Icon[0m } [36mfrom[0m [32m'./...[0m
  [90m     |[0m    [31m[1m^^^^^^^^^^^^^^^^^^^^^^^^^^^^^^^^^^^^^^^^^^^^^^^^^^^^^^^^^^^^^^^^^^^^[0m
  [90m1531 |[0m ...[33mLucideTally3[0m, [36mdefault[0m [36mas[0m [33mTally3[0m, [36mdefault[0m [36mas[0m [33mTally3Icon[0m } [36mfrom[0m [32m'./...[0m
  [90m1532 |[0m ...[33mLucideTally5[0m, [36mdefault[0m [36mas[0m [33mTally5[0m, [36mdefault[0m [36mas[0m [33mTally5Icon[0m } [36mfrom[0m [32m'./...[0m
  [90m1533 |[0m ...[33mLucideTangent[0m, [36mdefault[0m [36mas[0m [33mTangent[0m, [36mdefault[0m [36mas[0m [33mTangentIcon[0m } [36mfrom[0m [32m...[0m



Import traces:
  Client Component Browser:
    ./.gemini/antigravity/scratch/teacher-tracking/node_modules/lucide-react/dist/esm/lucide-react.mjs [Client Component Browser]
    ./.gemini/antigravity/scratch/teacher-tracking/src/components/pages/DailyTasksPage.tsx [Client Component Browser]
    ./.gemini/antigravity/scratch/teacher-tracking/src/components/AppShell.tsx [Client Component Browser]
    ./.gemini/antigravity/scratch/teacher-tracking/src/app/page.tsx [Client Component Browser]
    ./.gemini/antigravity/scratch/teacher-tracking/src/app/page.tsx [Server Component]

  Client Component SSR:
    ./.gemini/antigravity/scratch/teacher-tracking/node_modules/lucide-react/dist/esm/lucide-react.mjs [Client Component SSR]
    ./.gemini/antigravity/scratch/teacher-tracking/src/components/pages/DailyTasksPage.tsx [Client Component SSR]
    ./.gemini/antigravity/scratch/teacher-tracking/src/components/AppShell.tsx [Client Component SSR]
    ./.gemini/antigravity/scratch/teacher-tracking/src/app/page.tsx [Client Component SSR]
    ./.gemini/antigravity/scratch/teacher-tracking/src/app/page.tsx [Server Component]

https://nextjs.org/docs/messages/module-not-found


./.gemini/antigravity/scratch/teacher-tracking/node_modules/lucide-react/dist/esm/lucide-react.mjs:1529:1
Module not found: Can't resolve './icons/tally-2.mjs'
  [90m1527 |[0m ...[33mLucideTablets[0m, [36mdefault[0m [36mas[0m [33mTablets[0m, [36mdefault[0m [36mas[0m [33mTabletsIcon[0m } [36mfrom[0m [32m...[0m
  [90m1528 |[0m ...[33mLucideTags[0m, [36mdefault[0m [36mas[0m [33mTags[0m, [36mdefault[0m [36mas[0m [33mTagsIcon[0m } [36mfrom[0m [32m'./icons/...[0m
[31m[1m>[0m [90m1529 |[0m ...[33mLucideTally2[0m, [36mdefault[0m [36mas[0m [33mTally2[0m, [36mdefault[0m [36mas[0m [33mTally2Icon[0m } [36mfrom[0m [32m'./...[0m
  [90m     |[0m    [31m[1m^^^^^^^^^^^^^^^^^^^^^^^^^^^^^^^^^^^^^^^^^^^^^^^^^^^^^^^^^^^^^^^^^^^^[0m
  [90m1530 |[0m ...[33mLucideTally1[0m, [36mdefault[0m [36mas[0m [33mTally1[0m, [36mdefault[0m [36mas[0m [33mTally1Icon[0m } [36mfrom[0m [32m'./...[0m
  [90m1531 |[0m ...[33mLucideTally3[0m, [36mdefault[0m [36mas[0m [33mTally3[0m, [36mdefault[0m [36mas[0m [33mTally3Icon[0m } [36mfrom[0m [32m'./...[0m
  [90m1532 |[0m ...[33mLucideTally5[0m, [36mdefault[0m [36mas[0m [33mTally5[0m, [36mdefault[0m [36mas[0m [33mTally5Icon[0m } [36mfrom[0m [32m'./...[0m



Import traces:
  Client Component Browser:
    ./.gemini/antigravity/scratch/teacher-tracking/node_modules/lucide-react/dist/esm/lucide-react.mjs [Client Component Browser]
    ./.gemini/antigravity/scratch/teacher-tracking/src/components/pages/DailyTasksPage.tsx [Client Component Browser]
    ./.gemini/antigravity/scratch/teacher-tracking/src/components/AppShell.tsx [Client Component Browser]
    ./.gemini/antigravity/scratch/teacher-tracking/src/app/page.tsx [Client Component Browser]
    ./.gemini/antigravity/scratch/teacher-tracking/src/app/page.tsx [Server Component]

  Client Component SSR:
    ./.gemini/antigravity/scratch/teacher-tracking/node_modules/lucide-react/dist/esm/lucide-react.mjs [Client Component SSR]
    ./.gemini/antigravity/scratch/teacher-tracking/src/components/pages/DailyTasksPage.tsx [Client Component SSR]
    ./.gemini/antigravity/scratch/teacher-tracking/src/components/AppShell.tsx [Client Component SSR]
    ./.gemini/antigravity/scratch/teacher-tracking/src/app/page.tsx [Client Component SSR]
    ./.gemini/antigravity/scratch/teacher-tracking/src/app/page.tsx [Server Component]

https://nextjs.org/docs/messages/module-not-found


./.gemini/antigravity/scratch/teacher-tracking/node_modules/lucide-react/dist/esm/lucide-react.mjs:1531:1
Module not found: Can't resolve './icons/tally-3.mjs'
  [90m1529 |[0m ...[33mLucideTally2[0m, [36mdefault[0m [36mas[0m [33mTally2[0m, [36mdefault[0m [36mas[0m [33mTally2Icon[0m } [36mfrom[0m [32m'./...[0m
  [90m1530 |[0m ...[33mLucideTally1[0m, [36mdefault[0m [36mas[0m [33mTally1[0m, [36mdefault[0m [36mas[0m [33mTally1Icon[0m } [36mfrom[0m [32m'./...[0m
[31m[1m>[0m [90m1531 |[0m ...[33mLucideTally3[0m, [36mdefault[0m [36mas[0m [33mTally3[0m, [36mdefault[0m [36mas[0m [33mTally3Icon[0m } [36mfrom[0m [32m'./...[0m
  [90m     |[0m    [31m[1m^^^^^^^^^^^^^^^^^^^^^^^^^^^^^^^^^^^^^^^^^^^^^^^^^^^^^^^^^^^^^^^^^^^^[0m
  [90m1532 |[0m ...[33mLucideTally5[0m, [36mdefault[0m [36mas[0m [33mTally5[0m, [36mdefault[0m [36mas[0m [33mTally5Icon[0m } [36mfrom[0m [32m'./...[0m
  [90m1533 |[0m ...[33mLucideTangent[0m, [36mdefault[0m [36mas[0m [33mTangent[0m, [36mdefault[0m [36mas[0m [33mTangentIcon[0m } [36mfrom[0m [32m...[0m
  [90m1534 |[0m ...[33mLucideTally4[0m, [36mdefault[0m [36mas[0m [33mTally4[0m, [36mdefault[0m [36mas[0m [33mTally4Icon[0m } [36mfrom[0m [32m'./...[0m



Import traces:
  Client Component Browser:
    ./.gemini/antigravity/scratch/teacher-tracking/node_modules/lucide-react/dist/esm/lucide-react.mjs [Client Component Browser]
    ./.gemini/antigravity/scratch/teacher-tracking/src/components/pages/DailyTasksPage.tsx [Client Component Browser]
    ./.gemini/antigravity/scratch/teacher-tracking/src/components/AppShell.tsx [Client Component Browser]
    ./.gemini/antigravity/scratch/teacher-tracking/src/app/page.tsx [Client Component Browser]
    ./.gemini/antigravity/scratch/teacher-tracking/src/app/page.tsx [Server Component]

  Client Component SSR:
    ./.gemini/antigravity/scratch/teacher-tracking/node_modules/lucide-react/dist/esm/lucide-react.mjs [Client Component SSR]
    ./.gemini/antigravity/scratch/teacher-tracking/src/components/pages/DailyTasksPage.tsx [Client Component SSR]
    ./.gemini/antigravity/scratch/teacher-tracking/src/components/AppShell.tsx [Client Component SSR]
    ./.gemini/antigravity/scratch/teacher-tracking/src/app/page.tsx [Client Component SSR]
    ./.gemini/antigravity/scratch/teacher-tracking/src/app/page.tsx [Server Component]

https://nextjs.org/docs/messages/module-not-found


./.gemini/antigravity/scratch/teacher-tracking/node_modules/lucide-react/dist/esm/lucide-react.mjs:1534:1
Module not found: Can't resolve './icons/tally-4.mjs'
  [90m1532 |[0m ...[33mLucideTally5[0m, [36mdefault[0m [36mas[0m [33mTally5[0m, [36mdefault[0m [36mas[0m [33mTally5Icon[0m } [36mfrom[0m [32m'./...[0m
  [90m1533 |[0m ...[33mLucideTangent[0m, [36mdefault[0m [36mas[0m [33mTangent[0m, [36mdefault[0m [36mas[0m [33mTangentIcon[0m } [36mfrom[0m [32m...[0m
[31m[1m>[0m [90m1534 |[0m ...[33mLucideTally4[0m, [36mdefault[0m [36mas[0m [33mTally4[0m, [36mdefault[0m [36mas[0m [33mTally4Icon[0m } [36mfrom[0m [32m'./...[0m
  [90m     |[0m    [31m[1m^^^^^^^^^^^^^^^^^^^^^^^^^^^^^^^^^^^^^^^^^^^^^^^^^^^^^^^^^^^^^^^^^^^^[0m
  [90m1535 |[0m ...[33mLucideTarget[0m, [36mdefault[0m [36mas[0m [33mTarget[0m, [36mdefault[0m [36mas[0m [33mTargetIcon[0m } [36mfrom[0m [32m'./...[0m
  [90m1536 |[0m ...[33mLucideTelescope[0m, [36mdefault[0m [36mas[0m [33mTelescope[0m, [36mdefault[0m [36mas[0m [33mTelescopeIcon[0m }.[36m..[0m
  [90m1537 |[0m ...[33mLucideTentTree[0m, [36mdefault[0m [36mas[0m [33mTentTree[0m, [36mdefault[0m [36mas[0m [33mTentTreeIcon[0m } [36mfr..[0m.



Import traces:
  Client Component Browser:
    ./.gemini/antigravity/scratch/teacher-tracking/node_modules/lucide-react/dist/esm/lucide-react.mjs [Client Component Browser]
    ./.gemini/antigravity/scratch/teacher-tracking/src/components/pages/DailyTasksPage.tsx [Client Component Browser]
    ./.gemini/antigravity/scratch/teacher-tracking/src/components/AppShell.tsx [Client Component Browser]
    ./.gemini/antigravity/scratch/teacher-tracking/src/app/page.tsx [Client Component Browser]
    ./.gemini/antigravity/scratch/teacher-tracking/src/app/page.tsx [Server Component]

  Client Component SSR:
    ./.gemini/antigravity/scratch/teacher-tracking/node_modules/lucide-react/dist/esm/lucide-react.mjs [Client Component SSR]
    ./.gemini/antigravity/scratch/teacher-tracking/src/components/pages/DailyTasksPage.tsx [Client Component SSR]
    ./.gemini/antigravity/scratch/teacher-tracking/src/components/AppShell.tsx [Client Component SSR]
    ./.gemini/antigravity/scratch/teacher-tracking/src/app/page.tsx [Client Component SSR]
    ./.gemini/antigravity/scratch/teacher-tracking/src/app/page.tsx [Server Component]

https://nextjs.org/docs/messages/module-not-found


./.gemini/antigravity/scratch/teacher-tracking/node_modules/lucide-react/dist/esm/lucide-react.mjs:1532:1
Module not found: Can't resolve './icons/tally-5.mjs'
  [90m1530 |[0m ...[33mLucideTally1[0m, [36mdefault[0m [36mas[0m [33mTally1[0m, [36mdefault[0m [36mas[0m [33mTally1Icon[0m } [36mfrom[0m [32m'./...[0m
  [90m1531 |[0m ...[33mLucideTally3[0m, [36mdefault[0m [36mas[0m [33mTally3[0m, [36mdefault[0m [36mas[0m [33mTally3Icon[0m } [36mfrom[0m [32m'./...[0m
[31m[1m>[0m [90m1532 |[0m ...[33mLucideTally5[0m, [36mdefault[0m [36mas[0m [33mTally5[0m, [36mdefault[0m [36mas[0m [33mTally5Icon[0m } [36mfrom[0m [32m'./...[0m
  [90m     |[0m    [31m[1m^^^^^^^^^^^^^^^^^^^^^^^^^^^^^^^^^^^^^^^^^^^^^^^^^^^^^^^^^^^^^^^^^^^^[0m
  [90m1533 |[0m ...[33mLucideTangent[0m, [36mdefault[0m [36mas[0m [33mTangent[0m, [36mdefault[0m [36mas[0m [33mTangentIcon[0m } [36mfrom[0m [32m...[0m
  [90m1534 |[0m ...[33mLucideTally4[0m, [36mdefault[0m [36mas[0m [33mTally4[0m, [36mdefault[0m [36mas[0m [33mTally4Icon[0m } [36mfrom[0m [32m'./...[0m
  [90m1535 |[0m ...[33mLucideTarget[0m, [36mdefault[0m [36mas[0m [33mTarget[0m, [36mdefault[0m [36mas[0m [33mTargetIcon[0m } [36mfrom[0m [32m'./...[0m



Import traces:
  Client Component Browser:
    ./.gemini/antigravity/scratch/teacher-tracking/node_modules/lucide-react/dist/esm/lucide-react.mjs [Client Component Browser]
    ./.gemini/antigravity/scratch/teacher-tracking/src/components/pages/DailyTasksPage.tsx [Client Component Browser]
    ./.gemini/antigravity/scratch/teacher-tracking/src/components/AppShell.tsx [Client Component Browser]
    ./.gemini/antigravity/scratch/teacher-tracking/src/app/page.tsx [Client Component Browser]
    ./.gemini/antigravity/scratch/teacher-tracking/src/app/page.tsx [Server Component]

  Client Component SSR:
    ./.gemini/antigravity/scratch/teacher-tracking/node_modules/lucide-react/dist/esm/lucide-react.mjs [Client Component SSR]
    ./.gemini/antigravity/scratch/teacher-tracking/src/components/pages/DailyTasksPage.tsx [Client Component SSR]
    ./.gemini/antigravity/scratch/teacher-tracking/src/components/AppShell.tsx [Client Component SSR]
    ./.gemini/antigravity/scratch/teacher-tracking/src/app/page.tsx [Client Component SSR]
    ./.gemini/antigravity/scratch/teacher-tracking/src/app/page.tsx [Server Component]

https://nextjs.org/docs/messages/module-not-found


./.gemini/antigravity/scratch/teacher-tracking/node_modules/lucide-react/dist/esm/lucide-react.mjs:1533:1
Module not found: Can't resolve './icons/tangent.mjs'
  [90m1531 |[0m ...[33mucideTally3[0m, [36mdefault[0m [36mas[0m [33mTally3[0m, [36mdefault[0m [36mas[0m [33mTally3Icon[0m } [36mfrom[0m [32m'./i...[0m
  [90m1532 |[0m ...[33mucideTally5[0m, [36mdefault[0m [36mas[0m [33mTally5[0m, [36mdefault[0m [36mas[0m [33mTally5Icon[0m } [36mfrom[0m [32m'./i...[0m
[31m[1m>[0m [90m1533 |[0m ...[33mucideTangent[0m, [36mdefault[0m [36mas[0m [33mTangent[0m, [36mdefault[0m [36mas[0m [33mTangentIcon[0m } [36mfrom[0m [32m'...[0m
  [90m     |[0m    [31m[1m^^^^^^^^^^^^^^^^^^^^^^^^^^^^^^^^^^^^^^^^^^^^^^^^^^^^^^^^^^^^^^^^^^^^[0m
  [90m1534 |[0m ...[33mucideTally4[0m, [36mdefault[0m [36mas[0m [33mTally4[0m, [36mdefault[0m [36mas[0m [33mTally4Icon[0m } [36mfrom[0m [32m'./i...[0m
  [90m1535 |[0m ...[33mucideTarget[0m, [36mdefault[0m [36mas[0m [33mTarget[0m, [36mdefault[0m [36mas[0m [33mTargetIcon[0m } [36mfrom[0m [32m'./i...[0m
  [90m1536 |[0m ...[33mucideTelescope[0m, [36mdefault[0m [36mas[0m [33mTelescope[0m, [36mdefault[0m [36mas[0m [33mTelescopeIcon[0m } [36m...[0m



Import traces:
  Client Component Browser:
    ./.gemini/antigravity/scratch/teacher-tracking/node_modules/lucide-react/dist/esm/lucide-react.mjs [Client Component Browser]
    ./.gemini/antigravity/scratch/teacher-tracking/src/components/pages/DailyTasksPage.tsx [Client Component Browser]
    ./.gemini/antigravity/scratch/teacher-tracking/src/components/AppShell.tsx [Client Component Browser]
    ./.gemini/antigravity/scratch/teacher-tracking/src/app/page.tsx [Client Component Browser]
    ./.gemini/antigravity/scratch/teacher-tracking/src/app/page.tsx [Server Component]

  Client Component SSR:
    ./.gemini/antigravity/scratch/teacher-tracking/node_modules/lucide-react/dist/esm/lucide-react.mjs [Client Component SSR]
    ./.gemini/antigravity/scratch/teacher-tracking/src/components/pages/DailyTasksPage.tsx [Client Component SSR]
    ./.gemini/antigravity/scratch/teacher-tracking/src/components/AppShell.tsx [Client Component SSR]
    ./.gemini/antigravity/scratch/teacher-tracking/src/app/page.tsx [Client Component SSR]
    ./.gemini/antigravity/scratch/teacher-tracking/src/app/page.tsx [Server Component]

https://nextjs.org/docs/messages/module-not-found


./.gemini/antigravity/scratch/teacher-tracking/node_modules/lucide-react/dist/esm/lucide-react.mjs:1535:1
Module not found: Can't resolve './icons/target.mjs'
  [90m1533 |[0m ... [33mLucideTangent[0m, [36mdefault[0m [36mas[0m [33mTangent[0m, [36mdefault[0m [36mas[0m [33mTangentIcon[0m } [36mfrom[0m.[32m..[0m
  [90m1534 |[0m ... [33mLucideTally4[0m, [36mdefault[0m [36mas[0m [33mTally4[0m, [36mdefault[0m [36mas[0m [33mTally4Icon[0m } [36mfrom[0m [32m'....[0m
[31m[1m>[0m [90m1535 |[0m ... [33mLucideTarget[0m, [36mdefault[0m [36mas[0m [33mTarget[0m, [36mdefault[0m [36mas[0m [33mTargetIcon[0m } [36mfrom[0m [32m'....[0m
  [90m     |[0m    [31m[1m^^^^^^^^^^^^^^^^^^^^^^^^^^^^^^^^^^^^^^^^^^^^^^^^^^^^^^^^^^^^^^^^^^^^[0m
  [90m1536 |[0m ... [33mLucideTelescope[0m, [36mdefault[0m [36mas[0m [33mTelescope[0m, [36mdefault[0m [36mas[0m [33mTelescopeIcon[0m ..[36m.[0m
  [90m1537 |[0m ... [33mLucideTentTree[0m, [36mdefault[0m [36mas[0m [33mTentTree[0m, [36mdefault[0m [36mas[0m [33mTentTreeIcon[0m } [36mf...[0m
  [90m1538 |[0m ... [33mLucideTent[0m, [36mdefault[0m [36mas[0m [33mTent[0m, [36mdefault[0m [36mas[0m [33mTentIcon[0m } [36mfrom[0m [32m'./icons...[0m



Import traces:
  Client Component Browser:
    ./.gemini/antigravity/scratch/teacher-tracking/node_modules/lucide-react/dist/esm/lucide-react.mjs [Client Component Browser]
    ./.gemini/antigravity/scratch/teacher-tracking/src/components/pages/DailyTasksPage.tsx [Client Component Browser]
    ./.gemini/antigravity/scratch/teacher-tracking/src/components/AppShell.tsx [Client Component Browser]
    ./.gemini/antigravity/scratch/teacher-tracking/src/app/page.tsx [Client Component Browser]
    ./.gemini/antigravity/scratch/teacher-tracking/src/app/page.tsx [Server Component]

  Client Component SSR:
    ./.gemini/antigravity/scratch/teacher-tracking/node_modules/lucide-react/dist/esm/lucide-react.mjs [Client Component SSR]
    ./.gemini/antigravity/scratch/teacher-tracking/src/components/pages/DailyTasksPage.tsx [Client Component SSR]
    ./.gemini/antigravity/scratch/teacher-tracking/src/components/AppShell.tsx [Client Component SSR]
    ./.gemini/antigravity/scratch/teacher-tracking/src/app/page.tsx [Client Component SSR]
    ./.gemini/antigravity/scratch/teacher-tracking/src/app/page.tsx [Server Component]

https://nextjs.org/docs/messages/module-not-found


./.gemini/antigravity/scratch/teacher-tracking/node_modules/lucide-react/dist/esm/lucide-react.mjs:1536:1
Module not found: Can't resolve './icons/telescope.mjs'
  [90m1534 |[0m ...[33meTally4[0m, [36mdefault[0m [36mas[0m [33mTally4[0m, [36mdefault[0m [36mas[0m [33mTally4Icon[0m } [36mfrom[0m [32m'./icons...[0m
  [90m1535 |[0m ...[33meTarget[0m, [36mdefault[0m [36mas[0m [33mTarget[0m, [36mdefault[0m [36mas[0m [33mTargetIcon[0m } [36mfrom[0m [32m'./icons...[0m
[31m[1m>[0m [90m1536 |[0m ...[33meTelescope[0m, [36mdefault[0m [36mas[0m [33mTelescope[0m, [36mdefault[0m [36mas[0m [33mTelescopeIcon[0m } [36mfrom[0m.[32m..[0m
  [90m     |[0m    [31m[1m^^^^^^^^^^^^^^^^^^^^^^^^^^^^^^^^^^^^^^^^^^^^^^^^^^^^^^^^^^^^^^^^^^^^[0m
  [90m1537 |[0m ...[33meTentTree[0m, [36mdefault[0m [36mas[0m [33mTentTree[0m, [36mdefault[0m [36mas[0m [33mTentTreeIcon[0m } [36mfrom[0m [32m'....[0m
  [90m1538 |[0m ...[33meTent[0m, [36mdefault[0m [36mas[0m [33mTent[0m, [36mdefault[0m [36mas[0m [33mTentIcon[0m } [36mfrom[0m [32m'./icons/tent....[0m
  [90m1539 |[0m ...[33meTerminal[0m, [36mdefault[0m [36mas[0m [33mTerminal[0m, [36mdefault[0m [36mas[0m [33mTerminalIcon[0m } [36mfrom[0m [32m'....[0m



Import traces:
  Client Component Browser:
    ./.gemini/antigravity/scratch/teacher-tracking/node_modules/lucide-react/dist/esm/lucide-react.mjs [Client Component Browser]
    ./.gemini/antigravity/scratch/teacher-tracking/src/components/pages/DailyTasksPage.tsx [Client Component Browser]
    ./.gemini/antigravity/scratch/teacher-tracking/src/components/AppShell.tsx [Client Component Browser]
    ./.gemini/antigravity/scratch/teacher-tracking/src/app/page.tsx [Client Component Browser]
    ./.gemini/antigravity/scratch/teacher-tracking/src/app/page.tsx [Server Component]

  Client Component SSR:
    ./.gemini/antigravity/scratch/teacher-tracking/node_modules/lucide-react/dist/esm/lucide-react.mjs [Client Component SSR]
    ./.gemini/antigravity/scratch/teacher-tracking/src/components/pages/DailyTasksPage.tsx [Client Component SSR]
    ./.gemini/antigravity/scratch/teacher-tracking/src/components/AppShell.tsx [Client Component SSR]
    ./.gemini/antigravity/scratch/teacher-tracking/src/app/page.tsx [Client Component SSR]
    ./.gemini/antigravity/scratch/teacher-tracking/src/app/page.tsx [Server Component]

https://nextjs.org/docs/messages/module-not-found


./.gemini/antigravity/scratch/teacher-tracking/node_modules/lucide-react/dist/esm/lucide-react.mjs:1537:1
Module not found: Can't resolve './icons/tent-tree.mjs'
  [90m1535 |[0m ...[33mdeTarget[0m, [36mdefault[0m [36mas[0m [33mTarget[0m, [36mdefault[0m [36mas[0m [33mTargetIcon[0m } [36mfrom[0m [32m'./icon...[0m
  [90m1536 |[0m ...[33mdeTelescope[0m, [36mdefault[0m [36mas[0m [33mTelescope[0m, [36mdefault[0m [36mas[0m [33mTelescopeIcon[0m } [36mfro.[0m.[32m.[0m
[31m[1m>[0m [90m1537 |[0m ...[33mdeTentTree[0m, [36mdefault[0m [36mas[0m [33mTentTree[0m, [36mdefault[0m [36mas[0m [33mTentTreeIcon[0m } [36mfrom[0m [32m'...[0m
  [90m     |[0m    [31m[1m^^^^^^^^^^^^^^^^^^^^^^^^^^^^^^^^^^^^^^^^^^^^^^^^^^^^^^^^^^^^^^^^^^^^[0m
  [90m1538 |[0m ...[33mdeTent[0m, [36mdefault[0m [36mas[0m [33mTent[0m, [36mdefault[0m [36mas[0m [33mTentIcon[0m } [36mfrom[0m [32m'./icons/tent...[0m
  [90m1539 |[0m ...[33mdeTerminal[0m, [36mdefault[0m [36mas[0m [33mTerminal[0m, [36mdefault[0m [36mas[0m [33mTerminalIcon[0m } [36mfrom[0m [32m'...[0m
  [90m1540 |[0m ...[33mdeTestTube[0m, [36mdefault[0m [36mas[0m [33mTestTube[0m, [36mdefault[0m [36mas[0m [33mTestTubeIcon[0m } [36mfrom[0m [32m'...[0m



Import traces:
  Client Component Browser:
    ./.gemini/antigravity/scratch/teacher-tracking/node_modules/lucide-react/dist/esm/lucide-react.mjs [Client Component Browser]
    ./.gemini/antigravity/scratch/teacher-tracking/src/components/pages/DailyTasksPage.tsx [Client Component Browser]
    ./.gemini/antigravity/scratch/teacher-tracking/src/components/AppShell.tsx [Client Component Browser]
    ./.gemini/antigravity/scratch/teacher-tracking/src/app/page.tsx [Client Component Browser]
    ./.gemini/antigravity/scratch/teacher-tracking/src/app/page.tsx [Server Component]

  Client Component SSR:
    ./.gemini/antigravity/scratch/teacher-tracking/node_modules/lucide-react/dist/esm/lucide-react.mjs [Client Component SSR]
    ./.gemini/antigravity/scratch/teacher-tracking/src/components/pages/DailyTasksPage.tsx [Client Component SSR]
    ./.gemini/antigravity/scratch/teacher-tracking/src/components/AppShell.tsx [Client Component SSR]
    ./.gemini/antigravity/scratch/teacher-tracking/src/app/page.tsx [Client Component SSR]
    ./.gemini/antigravity/scratch/teacher-tracking/src/app/page.tsx [Server Component]

https://nextjs.org/docs/messages/module-not-found


./.gemini/antigravity/scratch/teacher-tracking/node_modules/lucide-react/dist/esm/lucide-react.mjs:1538:1
Module not found: Can't resolve './icons/tent.mjs'
  [90m1536 |[0m ...[36mt[0m [36mas[0m [33mLucideTelescope[0m, [36mdefault[0m [36mas[0m [33mTelescope[0m, [36mdefault[0m [36mas[0m [33mTelescopeI...[0m
  [90m1537 |[0m ...[36mt[0m [36mas[0m [33mLucideTentTree[0m, [36mdefault[0m [36mas[0m [33mTentTree[0m, [36mdefault[0m [36mas[0m [33mTentTreeIcon[0m...
[31m[1m>[0m [90m1538 |[0m ...[36mt[0m [36mas[0m [33mLucideTent[0m, [36mdefault[0m [36mas[0m [33mTent[0m, [36mdefault[0m [36mas[0m [33mTentIcon[0m } [36mfrom[0m [32m'./i...[0m
  [90m     |[0m    [31m[1m^^^^^^^^^^^^^^^^^^^^^^^^^^^^^^^^^^^^^^^^^^^^^^^^^^^^^^^^^^^^^^^^^^^^[0m
  [90m1539 |[0m ...[36mt[0m [36mas[0m [33mLucideTerminal[0m, [36mdefault[0m [36mas[0m [33mTerminal[0m, [36mdefault[0m [36mas[0m [33mTerminalIcon[0m...
  [90m1540 |[0m ...[36mt[0m [36mas[0m [33mLucideTestTube[0m, [36mdefault[0m [36mas[0m [33mTestTube[0m, [36mdefault[0m [36mas[0m [33mTestTubeIcon[0m...
  [90m1541 |[0m ...[36mt[0m [36mas[0m [33mLucideTestTubes[0m, [36mdefault[0m [36mas[0m [33mTestTubes[0m, [36mdefault[0m [36mas[0m [33mTestTubesI...[0m



Import traces:
  Client Component Browser:
    ./.gemini/antigravity/scratch/teacher-tracking/node_modules/lucide-react/dist/esm/lucide-react.mjs [Client Component Browser]
    ./.gemini/antigravity/scratch/teacher-tracking/src/components/pages/DailyTasksPage.tsx [Client Component Browser]
    ./.gemini/antigravity/scratch/teacher-tracking/src/components/AppShell.tsx [Client Component Browser]
    ./.gemini/antigravity/scratch/teacher-tracking/src/app/page.tsx [Client Component Browser]
    ./.gemini/antigravity/scratch/teacher-tracking/src/app/page.tsx [Server Component]

  Client Component SSR:
    ./.gemini/antigravity/scratch/teacher-tracking/node_modules/lucide-react/dist/esm/lucide-react.mjs [Client Component SSR]
    ./.gemini/antigravity/scratch/teacher-tracking/src/components/pages/DailyTasksPage.tsx [Client Component SSR]
    ./.gemini/antigravity/scratch/teacher-tracking/src/components/AppShell.tsx [Client Component SSR]
    ./.gemini/antigravity/scratch/teacher-tracking/src/app/page.tsx [Client Component SSR]
    ./.gemini/antigravity/scratch/teacher-tracking/src/app/page.tsx [Server Component]

https://nextjs.org/docs/messages/module-not-found


./.gemini/antigravity/scratch/teacher-tracking/node_modules/lucide-react/dist/esm/lucide-react.mjs:1539:1
Module not found: Can't resolve './icons/terminal.mjs'
  [90m1537 |[0m ...[33mideTentTree[0m, [36mdefault[0m [36mas[0m [33mTentTree[0m, [36mdefault[0m [36mas[0m [33mTentTreeIcon[0m } [36mfrom[0m [32m...[0m
  [90m1538 |[0m ...[33mideTent[0m, [36mdefault[0m [36mas[0m [33mTent[0m, [36mdefault[0m [36mas[0m [33mTentIcon[0m } [36mfrom[0m [32m'./icons/ten...[0m
[31m[1m>[0m [90m1539 |[0m ...[33mideTerminal[0m, [36mdefault[0m [36mas[0m [33mTerminal[0m, [36mdefault[0m [36mas[0m [33mTerminalIcon[0m } [36mfrom[0m [32m...[0m
  [90m     |[0m    [31m[1m^^^^^^^^^^^^^^^^^^^^^^^^^^^^^^^^^^^^^^^^^^^^^^^^^^^^^^^^^^^^^^^^^^^^[0m
  [90m1540 |[0m ...[33mideTestTube[0m, [36mdefault[0m [36mas[0m [33mTestTube[0m, [36mdefault[0m [36mas[0m [33mTestTubeIcon[0m } [36mfrom[0m [32m...[0m
  [90m1541 |[0m ...[33mideTestTubes[0m, [36mdefault[0m [36mas[0m [33mTestTubes[0m, [36mdefault[0m [36mas[0m [33mTestTubesIcon[0m } [36mfr..[0m.
  [90m1542 |[0m ...[33mideTextCursorInput[0m, [36mdefault[0m [36mas[0m [33mTextCursorInput[0m, [36mdefault[0m [36mas[0m [33mTextCu...[0m



Import traces:
  Client Component Browser:
    ./.gemini/antigravity/scratch/teacher-tracking/node_modules/lucide-react/dist/esm/lucide-react.mjs [Client Component Browser]
    ./.gemini/antigravity/scratch/teacher-tracking/src/components/pages/DailyTasksPage.tsx [Client Component Browser]
    ./.gemini/antigravity/scratch/teacher-tracking/src/components/AppShell.tsx [Client Component Browser]
    ./.gemini/antigravity/scratch/teacher-tracking/src/app/page.tsx [Client Component Browser]
    ./.gemini/antigravity/scratch/teacher-tracking/src/app/page.tsx [Server Component]

  Client Component SSR:
    ./.gemini/antigravity/scratch/teacher-tracking/node_modules/lucide-react/dist/esm/lucide-react.mjs [Client Component SSR]
    ./.gemini/antigravity/scratch/teacher-tracking/src/components/pages/DailyTasksPage.tsx [Client Component SSR]
    ./.gemini/antigravity/scratch/teacher-tracking/src/components/AppShell.tsx [Client Component SSR]
    ./.gemini/antigravity/scratch/teacher-tracking/src/app/page.tsx [Client Component SSR]
    ./.gemini/antigravity/scratch/teacher-tracking/src/app/page.tsx [Server Component]

https://nextjs.org/docs/messages/module-not-found


./.gemini/antigravity/scratch/teacher-tracking/node_modules/lucide-react/dist/esm/lucide-react.mjs:221:1
Module not found: Can't resolve './icons/test-tube-diagonal.mjs'
  [90m219 |[0m ... [33mSquareUser[0m, [36mdefault[0m [36mas[0m [33mSquareUserIcon[0m, [36mdefault[0m [36mas[0m [33mUserSquare[0m, [36mdef...[0m
  [90m220 |[0m ...[33meX[0m, [36mdefault[0m [36mas[0m [33mSquareXIcon[0m, [36mdefault[0m [36mas[0m [33mXSquare[0m, [36mdefault[0m [36mas[0m [33mXSquare...[0m
[31m[1m>[0m [90m221 |[0m ...[36mlt[0m [36mas[0m [33mTestTube2[0m, [36mdefault[0m [36mas[0m [33mTestTube2Icon[0m, [36mdefault[0m [36mas[0m [33mTestTubeDiag...[0m
  [90m    |[0m    [31m[1m^^^^^^^^^^^^^^^^^^^^^^^^^^^^^^^^^^^^^^^^^^^^^^^^^^^^^^^^^^^^^^^^^^^^^[0m
  [90m222 |[0m ...[33meAlignCenter[0m, [36mdefault[0m [36mas[0m [33mLucideTextAlignCenter[0m, [36mdefault[0m [36mas[0m [33mTextAli...[0m
  [90m223 |[0m ...[33mlignRight[0m, [36mdefault[0m [36mas[0m [33mLucideTextAlignEnd[0m, [36mdefault[0m [36mas[0m [33mTextAlignEnd[0m,.[36m..[0m
  [90m224 |[0m ...[33mideAlignJustify[0m, [36mdefault[0m [36mas[0m [33mLucideTextAlignJustify[0m, [36mdefault[0m [36mas[0m [33mTex...[0m



Import traces:
  Client Component Browser:
    ./.gemini/antigravity/scratch/teacher-tracking/node_modules/lucide-react/dist/esm/lucide-react.mjs [Client Component Browser]
    ./.gemini/antigravity/scratch/teacher-tracking/src/components/pages/DailyTasksPage.tsx [Client Component Browser]
    ./.gemini/antigravity/scratch/teacher-tracking/src/components/AppShell.tsx [Client Component Browser]
    ./.gemini/antigravity/scratch/teacher-tracking/src/app/page.tsx [Client Component Browser]
    ./.gemini/antigravity/scratch/teacher-tracking/src/app/page.tsx [Server Component]

  Client Component SSR:
    ./.gemini/antigravity/scratch/teacher-tracking/node_modules/lucide-react/dist/esm/lucide-react.mjs [Client Component SSR]
    ./.gemini/antigravity/scratch/teacher-tracking/src/components/pages/DailyTasksPage.tsx [Client Component SSR]
    ./.gemini/antigravity/scratch/teacher-tracking/src/components/AppShell.tsx [Client Component SSR]
    ./.gemini/antigravity/scratch/teacher-tracking/src/app/page.tsx [Client Component SSR]
    ./.gemini/antigravity/scratch/teacher-tracking/src/app/page.tsx [Server Component]

https://nextjs.org/docs/messages/module-not-found


./.gemini/antigravity/scratch/teacher-tracking/node_modules/lucide-react/dist/esm/lucide-react.mjs:1540:1
Module not found: Can't resolve './icons/test-tube.mjs'
  [90m1538 |[0m ...[33mdeTent[0m, [36mdefault[0m [36mas[0m [33mTent[0m, [36mdefault[0m [36mas[0m [33mTentIcon[0m } [36mfrom[0m [32m'./icons/tent...[0m
  [90m1539 |[0m ...[33mdeTerminal[0m, [36mdefault[0m [36mas[0m [33mTerminal[0m, [36mdefault[0m [36mas[0m [33mTerminalIcon[0m } [36mfrom[0m [32m'...[0m
[31m[1m>[0m [90m1540 |[0m ...[33mdeTestTube[0m, [36mdefault[0m [36mas[0m [33mTestTube[0m, [36mdefault[0m [36mas[0m [33mTestTubeIcon[0m } [36mfrom[0m [32m'...[0m
  [90m     |[0m    [31m[1m^^^^^^^^^^^^^^^^^^^^^^^^^^^^^^^^^^^^^^^^^^^^^^^^^^^^^^^^^^^^^^^^^^^^[0m
  [90m1541 |[0m ...[33mdeTestTubes[0m, [36mdefault[0m [36mas[0m [33mTestTubes[0m, [36mdefault[0m [36mas[0m [33mTestTubesIcon[0m } [36mfro.[0m.[32m.[0m
  [90m1542 |[0m ...[33mdeTextCursorInput[0m, [36mdefault[0m [36mas[0m [33mTextCursorInput[0m, [36mdefault[0m [36mas[0m [33mTextCur...[0m
  [90m1543 |[0m ...[33mdeTextCursor[0m, [36mdefault[0m [36mas[0m [33mTextCursor[0m, [36mdefault[0m [36mas[0m [33mTextCursorIcon[0m } [36m...[0m



Import traces:
  Client Component Browser:
    ./.gemini/antigravity/scratch/teacher-tracking/node_modules/lucide-react/dist/esm/lucide-react.mjs [Client Component Browser]
    ./.gemini/antigravity/scratch/teacher-tracking/src/components/pages/DailyTasksPage.tsx [Client Component Browser]
    ./.gemini/antigravity/scratch/teacher-tracking/src/components/AppShell.tsx [Client Component Browser]
    ./.gemini/antigravity/scratch/teacher-tracking/src/app/page.tsx [Client Component Browser]
    ./.gemini/antigravity/scratch/teacher-tracking/src/app/page.tsx [Server Component]

  Client Component SSR:
    ./.gemini/antigravity/scratch/teacher-tracking/node_modules/lucide-react/dist/esm/lucide-react.mjs [Client Component SSR]
    ./.gemini/antigravity/scratch/teacher-tracking/src/components/pages/DailyTasksPage.tsx [Client Component SSR]
    ./.gemini/antigravity/scratch/teacher-tracking/src/components/AppShell.tsx [Client Component SSR]
    ./.gemini/antigravity/scratch/teacher-tracking/src/app/page.tsx [Client Component SSR]
    ./.gemini/antigravity/scratch/teacher-tracking/src/app/page.tsx [Server Component]

https://nextjs.org/docs/messages/module-not-found


./.gemini/antigravity/scratch/teacher-tracking/node_modules/lucide-react/dist/esm/lucide-react.mjs:1541:1
Module not found: Can't resolve './icons/test-tubes.mjs'
  [90m1539 |[0m ...[33mTerminal[0m, [36mdefault[0m [36mas[0m [33mTerminal[0m, [36mdefault[0m [36mas[0m [33mTerminalIcon[0m } [36mfrom[0m [32m'./...[0m
  [90m1540 |[0m ...[33mTestTube[0m, [36mdefault[0m [36mas[0m [33mTestTube[0m, [36mdefault[0m [36mas[0m [33mTestTubeIcon[0m } [36mfrom[0m [32m'./...[0m
[31m[1m>[0m [90m1541 |[0m ...[33mTestTubes[0m, [36mdefault[0m [36mas[0m [33mTestTubes[0m, [36mdefault[0m [36mas[0m [33mTestTubesIcon[0m } [36mfrom[0m [32m...[0m
  [90m     |[0m    [31m[1m^^^^^^^^^^^^^^^^^^^^^^^^^^^^^^^^^^^^^^^^^^^^^^^^^^^^^^^^^^^^^^^^^^^^[0m
  [90m1542 |[0m ...[33mTextCursorInput[0m, [36mdefault[0m [36mas[0m [33mTextCursorInput[0m, [36mdefault[0m [36mas[0m [33mTextCurso...[0m
  [90m1543 |[0m ...[33mTextCursor[0m, [36mdefault[0m [36mas[0m [33mTextCursor[0m, [36mdefault[0m [36mas[0m [33mTextCursorIcon[0m } [36mfr..[0m.
  [90m1544 |[0m ...[33mTextQuote[0m, [36mdefault[0m [36mas[0m [33mTextQuote[0m, [36mdefault[0m [36mas[0m [33mTextQuoteIcon[0m } [36mfrom[0m [32m...[0m



Import traces:
  Client Component Browser:
    ./.gemini/antigravity/scratch/teacher-tracking/node_modules/lucide-react/dist/esm/lucide-react.mjs [Client Component Browser]
    ./.gemini/antigravity/scratch/teacher-tracking/src/components/pages/DailyTasksPage.tsx [Client Component Browser]
    ./.gemini/antigravity/scratch/teacher-tracking/src/components/AppShell.tsx [Client Component Browser]
    ./.gemini/antigravity/scratch/teacher-tracking/src/app/page.tsx [Client Component Browser]
    ./.gemini/antigravity/scratch/teacher-tracking/src/app/page.tsx [Server Component]

  Client Component SSR:
    ./.gemini/antigravity/scratch/teacher-tracking/node_modules/lucide-react/dist/esm/lucide-react.mjs [Client Component SSR]
    ./.gemini/antigravity/scratch/teacher-tracking/src/components/pages/DailyTasksPage.tsx [Client Component SSR]
    ./.gemini/antigravity/scratch/teacher-tracking/src/components/AppShell.tsx [Client Component SSR]
    ./.gemini/antigravity/scratch/teacher-tracking/src/app/page.tsx [Client Component SSR]
    ./.gemini/antigravity/scratch/teacher-tracking/src/app/page.tsx [Server Component]

https://nextjs.org/docs/messages/module-not-found


./.gemini/antigravity/scratch/teacher-tracking/node_modules/lucide-react/dist/esm/lucide-react.mjs:222:1
Module not found: Can't resolve './icons/text-align-center.mjs'
  [90m220 |[0m ...[33mX[0m, [36mdefault[0m [36mas[0m [33mSquareXIcon[0m, [36mdefault[0m [36mas[0m [33mXSquare[0m, [36mdefault[0m [36mas[0m [33mXSquareI...[0m
  [90m221 |[0m ...[36mt[0m [36mas[0m [33mTestTube2[0m, [36mdefault[0m [36mas[0m [33mTestTube2Icon[0m, [36mdefault[0m [36mas[0m [33mTestTubeDiago...[0m
[31m[1m>[0m [90m222 |[0m ...[33mAlignCenter[0m, [36mdefault[0m [36mas[0m [33mLucideTextAlignCenter[0m, [36mdefault[0m [36mas[0m [33mTextAlig...[0m
  [90m    |[0m    [31m[1m^^^^^^^^^^^^^^^^^^^^^^^^^^^^^^^^^^^^^^^^^^^^^^^^^^^^^^^^^^^^^^^^^^^^^[0m
  [90m223 |[0m ...[33mignRight[0m, [36mdefault[0m [36mas[0m [33mLucideTextAlignEnd[0m, [36mdefault[0m [36mas[0m [33mTextAlignEnd[0m, [36m...[0m
  [90m224 |[0m ...[33mdeAlignJustify[0m, [36mdefault[0m [36mas[0m [33mLucideTextAlignJustify[0m, [36mdefault[0m [36mas[0m [33mText...[0m
  [90m225 |[0m ...[33mnLeft[0m, [36mdefault[0m [36mas[0m [33mLucideText[0m, [36mdefault[0m [36mas[0m [33mLucideTextAlignStart[0m, [36mdef...[0m



Import traces:
  Client Component Browser:
    ./.gemini/antigravity/scratch/teacher-tracking/node_modules/lucide-react/dist/esm/lucide-react.mjs [Client Component Browser]
    ./.gemini/antigravity/scratch/teacher-tracking/src/components/pages/DailyTasksPage.tsx [Client Component Browser]
    ./.gemini/antigravity/scratch/teacher-tracking/src/components/AppShell.tsx [Client Component Browser]
    ./.gemini/antigravity/scratch/teacher-tracking/src/app/page.tsx [Client Component Browser]
    ./.gemini/antigravity/scratch/teacher-tracking/src/app/page.tsx [Server Component]

  Client Component SSR:
    ./.gemini/antigravity/scratch/teacher-tracking/node_modules/lucide-react/dist/esm/lucide-react.mjs [Client Component SSR]
    ./.gemini/antigravity/scratch/teacher-tracking/src/components/pages/DailyTasksPage.tsx [Client Component SSR]
    ./.gemini/antigravity/scratch/teacher-tracking/src/components/AppShell.tsx [Client Component SSR]
    ./.gemini/antigravity/scratch/teacher-tracking/src/app/page.tsx [Client Component SSR]
    ./.gemini/antigravity/scratch/teacher-tracking/src/app/page.tsx [Server Component]

https://nextjs.org/docs/messages/module-not-found


./.gemini/antigravity/scratch/teacher-tracking/node_modules/lucide-react/dist/esm/lucide-react.mjs:223:1
Module not found: Can't resolve './icons/text-align-end.mjs'
  [90m221 |[0m ... [36mdefault[0m [36mas[0m [33mTestTube2[0m, [36mdefault[0m [36mas[0m [33mTestTube2Icon[0m, [36mdefault[0m [36mas[0m [33mTestTu...[0m
  [90m222 |[0m ... [33mLucideAlignCenter[0m, [36mdefault[0m [36mas[0m [33mLucideTextAlignCenter[0m, [36mdefault[0m [36mas[0m [33mT...[0m
[31m[1m>[0m [90m223 |[0m ...[33mucideAlignRight[0m, [36mdefault[0m [36mas[0m [33mLucideTextAlignEnd[0m, [36mdefault[0m [36mas[0m [33mTextAli...[0m
  [90m    |[0m    [31m[1m^^^^^^^^^^^^^^^^^^^^^^^^^^^^^^^^^^^^^^^^^^^^^^^^^^^^^^^^^^^^^^^^^^^^^[0m
  [90m224 |[0m ...[36mas[0m [33mLucideAlignJustify[0m, [36mdefault[0m [36mas[0m [33mLucideTextAlignJustify[0m, [36mdefault[0m [36m..[0m.
  [90m225 |[0m ...[33mideAlignLeft[0m, [36mdefault[0m [36mas[0m [33mLucideText[0m, [36mdefault[0m [36mas[0m [33mLucideTextAlignSta..[0m.
  [90m226 |[0m ...[33mucideLetterText[0m, [36mdefault[0m [36mas[0m [33mLucideTextInitial[0m, [36mdefault[0m [36mas[0m [33mTextInit...[0m



Import traces:
  Client Component Browser:
    ./.gemini/antigravity/scratch/teacher-tracking/node_modules/lucide-react/dist/esm/lucide-react.mjs [Client Component Browser]
    ./.gemini/antigravity/scratch/teacher-tracking/src/components/pages/DailyTasksPage.tsx [Client Component Browser]
    ./.gemini/antigravity/scratch/teacher-tracking/src/components/AppShell.tsx [Client Component Browser]
    ./.gemini/antigravity/scratch/teacher-tracking/src/app/page.tsx [Client Component Browser]
    ./.gemini/antigravity/scratch/teacher-tracking/src/app/page.tsx [Server Component]

  Client Component SSR:
    ./.gemini/antigravity/scratch/teacher-tracking/node_modules/lucide-react/dist/esm/lucide-react.mjs [Client Component SSR]
    ./.gemini/antigravity/scratch/teacher-tracking/src/components/pages/DailyTasksPage.tsx [Client Component SSR]
    ./.gemini/antigravity/scratch/teacher-tracking/src/components/AppShell.tsx [Client Component SSR]
    ./.gemini/antigravity/scratch/teacher-tracking/src/app/page.tsx [Client Component SSR]
    ./.gemini/antigravity/scratch/teacher-tracking/src/app/page.tsx [Server Component]

https://nextjs.org/docs/messages/module-not-found


./.gemini/antigravity/scratch/teacher-tracking/node_modules/lucide-react/dist/esm/lucide-react.mjs:224:1
Module not found: Can't resolve './icons/text-align-justify.mjs'
  [90m222 |[0m ...[33mnCenter[0m, [36mdefault[0m [36mas[0m [33mLucideTextAlignCenter[0m, [36mdefault[0m [36mas[0m [33mTextAlignCen...[0m
  [90m223 |[0m ...[33might[0m, [36mdefault[0m [36mas[0m [33mLucideTextAlignEnd[0m, [36mdefault[0m [36mas[0m [33mTextAlignEnd[0m, [36mdefa...[0m
[31m[1m>[0m [90m224 |[0m ...[33mignJustify[0m, [36mdefault[0m [36mas[0m [33mLucideTextAlignJustify[0m, [36mdefault[0m [36mas[0m [33mTextAlig...[0m
  [90m    |[0m    [31m[1m^^^^^^^^^^^^^^^^^^^^^^^^^^^^^^^^^^^^^^^^^^^^^^^^^^^^^^^^^^^^^^^^^^^^^[0m
  [90m225 |[0m ...[33mt[0m, [36mdefault[0m [36mas[0m [33mLucideText[0m, [36mdefault[0m [36mas[0m [33mLucideTextAlignStart[0m, [36mdefault[0m.[36m..[0m
  [90m226 |[0m ...[33mText[0m, [36mdefault[0m [36mas[0m [33mLucideTextInitial[0m, [36mdefault[0m [36mas[0m [33mTextInitial[0m, [36mdefaul.[0m.[36m.[0m
  [90m227 |[0m ..., [36mdefault[0m [36mas[0m [33mTextWrapIcon[0m, [36mdefault[0m [36mas[0m [33mWrapText[0m, [36mdefault[0m [36mas[0m [33mWrapTex...[0m



Import traces:
  Client Component Browser:
    ./.gemini/antigravity/scratch/teacher-tracking/node_modules/lucide-react/dist/esm/lucide-react.mjs [Client Component Browser]
    ./.gemini/antigravity/scratch/teacher-tracking/src/components/pages/DailyTasksPage.tsx [Client Component Browser]
    ./.gemini/antigravity/scratch/teacher-tracking/src/components/AppShell.tsx [Client Component Browser]
    ./.gemini/antigravity/scratch/teacher-tracking/src/app/page.tsx [Client Component Browser]
    ./.gemini/antigravity/scratch/teacher-tracking/src/app/page.tsx [Server Component]

  Client Component SSR:
    ./.gemini/antigravity/scratch/teacher-tracking/node_modules/lucide-react/dist/esm/lucide-react.mjs [Client Component SSR]
    ./.gemini/antigravity/scratch/teacher-tracking/src/components/pages/DailyTasksPage.tsx [Client Component SSR]
    ./.gemini/antigravity/scratch/teacher-tracking/src/components/AppShell.tsx [Client Component SSR]
    ./.gemini/antigravity/scratch/teacher-tracking/src/app/page.tsx [Client Component SSR]
    ./.gemini/antigravity/scratch/teacher-tracking/src/app/page.tsx [Server Component]

https://nextjs.org/docs/messages/module-not-found


./.gemini/antigravity/scratch/teacher-tracking/node_modules/lucide-react/dist/esm/lucide-react.mjs:225:1
Module not found: Can't resolve './icons/text-align-start.mjs'
  [90m223 |[0m ...[33meTextAlignEnd[0m, [36mdefault[0m [36mas[0m [33mTextAlignEnd[0m, [36mdefault[0m [36mas[0m [33mTextAlignEndIco.[0m..
  [90m224 |[0m ... [33mLucideTextAlignJustify[0m, [36mdefault[0m [36mas[0m [33mTextAlignJustify[0m, [36mdefault[0m [36mas[0m [33mT...[0m
[31m[1m>[0m [90m225 |[0m ...[33mxt[0m, [36mdefault[0m [36mas[0m [33mLucideTextAlignStart[0m, [36mdefault[0m [36mas[0m [33mText[0m, [36mdefault[0m [36mas[0m [33mT...[0m
  [90m    |[0m    [31m[1m^^^^^^^^^^^^^^^^^^^^^^^^^^^^^^^^^^^^^^^^^^^^^^^^^^^^^^^^^^^^^^^^^^^^^[0m
  [90m226 |[0m ...[33meTextInitial[0m, [36mdefault[0m [36mas[0m [33mTextInitial[0m, [36mdefault[0m [36mas[0m [33mTextInitialIcon[0m }.[36m..[0m
  [90m227 |[0m ...[33mcon[0m, [36mdefault[0m [36mas[0m [33mWrapText[0m, [36mdefault[0m [36mas[0m [33mWrapTextIcon[0m } [36mfrom[0m [32m'./icons/...[0m
  [90m228 |[0m ...[36mault[0m [36mas[0m [33mTramFront[0m, [36mdefault[0m [36mas[0m [33mTramFrontIcon[0m } [36mfrom[0m [32m'./icons/tram-f...[0m



Import traces:
  Client Component Browser:
    ./.gemini/antigravity/scratch/teacher-tracking/node_modules/lucide-react/dist/esm/lucide-react.mjs [Client Component Browser]
    ./.gemini/antigravity/scratch/teacher-tracking/src/components/pages/DailyTasksPage.tsx [Client Component Browser]
    ./.gemini/antigravity/scratch/teacher-tracking/src/components/AppShell.tsx [Client Component Browser]
    ./.gemini/antigravity/scratch/teacher-tracking/src/app/page.tsx [Client Component Browser]
    ./.gemini/antigravity/scratch/teacher-tracking/src/app/page.tsx [Server Component]

  Client Component SSR:
    ./.gemini/antigravity/scratch/teacher-tracking/node_modules/lucide-react/dist/esm/lucide-react.mjs [Client Component SSR]
    ./.gemini/antigravity/scratch/teacher-tracking/src/components/pages/DailyTasksPage.tsx [Client Component SSR]
    ./.gemini/antigravity/scratch/teacher-tracking/src/components/AppShell.tsx [Client Component SSR]
    ./.gemini/antigravity/scratch/teacher-tracking/src/app/page.tsx [Client Component SSR]
    ./.gemini/antigravity/scratch/teacher-tracking/src/app/page.tsx [Server Component]

https://nextjs.org/docs/messages/module-not-found


./.gemini/antigravity/scratch/teacher-tracking/node_modules/lucide-react/dist/esm/lucide-react.mjs:1542:1
Module not found: Can't resolve './icons/text-cursor-input.mjs'
  [90m1540 |[0m ...[36mfault[0m [36mas[0m [33mTestTube[0m, [36mdefault[0m [36mas[0m [33mTestTubeIcon[0m } [36mfrom[0m [32m'./icons/test-t...[0m
  [90m1541 |[0m ...[36mefault[0m [36mas[0m [33mTestTubes[0m, [36mdefault[0m [36mas[0m [33mTestTubesIcon[0m } [36mfrom[0m [32m'./icons/tes...[0m
[31m[1m>[0m [90m1542 |[0m ...[33mput[0m, [36mdefault[0m [36mas[0m [33mTextCursorInput[0m, [36mdefault[0m [36mas[0m [33mTextCursorInputIcon[0m }.[36m..[0m
  [90m     |[0m    [31m[1m^^^^^^^^^^^^^^^^^^^^^^^^^^^^^^^^^^^^^^^^^^^^^^^^^^^^^^^^^^^^^^^^^^^^[0m
  [90m1543 |[0m ...[36mdefault[0m [36mas[0m [33mTextCursor[0m, [36mdefault[0m [36mas[0m [33mTextCursorIcon[0m } [36mfrom[0m [32m'./icons/...[0m
  [90m1544 |[0m ...[36mefault[0m [36mas[0m [33mTextQuote[0m, [36mdefault[0m [36mas[0m [33mTextQuoteIcon[0m } [36mfrom[0m [32m'./icons/tex...[0m
  [90m1545 |[0m ...[36mdefault[0m [36mas[0m [33mTextSearch[0m, [36mdefault[0m [36mas[0m [33mTextSearchIcon[0m } [36mfrom[0m [32m'./icons/...[0m



Import traces:
  Client Component Browser:
    ./.gemini/antigravity/scratch/teacher-tracking/node_modules/lucide-react/dist/esm/lucide-react.mjs [Client Component Browser]
    ./.gemini/antigravity/scratch/teacher-tracking/src/components/pages/DailyTasksPage.tsx [Client Component Browser]
    ./.gemini/antigravity/scratch/teacher-tracking/src/components/AppShell.tsx [Client Component Browser]
    ./.gemini/antigravity/scratch/teacher-tracking/src/app/page.tsx [Client Component Browser]
    ./.gemini/antigravity/scratch/teacher-tracking/src/app/page.tsx [Server Component]

  Client Component SSR:
    ./.gemini/antigravity/scratch/teacher-tracking/node_modules/lucide-react/dist/esm/lucide-react.mjs [Client Component SSR]
    ./.gemini/antigravity/scratch/teacher-tracking/src/components/pages/DailyTasksPage.tsx [Client Component SSR]
    ./.gemini/antigravity/scratch/teacher-tracking/src/components/AppShell.tsx [Client Component SSR]
    ./.gemini/antigravity/scratch/teacher-tracking/src/app/page.tsx [Client Component SSR]
    ./.gemini/antigravity/scratch/teacher-tracking/src/app/page.tsx [Server Component]

https://nextjs.org/docs/messages/module-not-found


./.gemini/antigravity/scratch/teacher-tracking/node_modules/lucide-react/dist/esm/lucide-react.mjs:1543:1
Module not found: Can't resolve './icons/text-cursor.mjs'
  [90m1541 |[0m ...[33mstTubes[0m, [36mdefault[0m [36mas[0m [33mTestTubes[0m, [36mdefault[0m [36mas[0m [33mTestTubesIcon[0m } [36mfrom[0m [32m'....[0m
  [90m1542 |[0m ...[33mxtCursorInput[0m, [36mdefault[0m [36mas[0m [33mTextCursorInput[0m, [36mdefault[0m [36mas[0m [33mTextCursorI...[0m
[31m[1m>[0m [90m1543 |[0m ...[33mxtCursor[0m, [36mdefault[0m [36mas[0m [33mTextCursor[0m, [36mdefault[0m [36mas[0m [33mTextCursorIcon[0m } [36mfrom[0m.[32m..[0m
  [90m     |[0m    [31m[1m^^^^^^^^^^^^^^^^^^^^^^^^^^^^^^^^^^^^^^^^^^^^^^^^^^^^^^^^^^^^^^^^^^^^[0m
  [90m1544 |[0m ...[33mxtQuote[0m, [36mdefault[0m [36mas[0m [33mTextQuote[0m, [36mdefault[0m [36mas[0m [33mTextQuoteIcon[0m } [36mfrom[0m [32m'....[0m
  [90m1545 |[0m ...[33mxtSearch[0m, [36mdefault[0m [36mas[0m [33mTextSearch[0m, [36mdefault[0m [36mas[0m [33mTextSearchIcon[0m } [36mfrom[0m.[32m..[0m
  [90m1546 |[0m ...[33meater[0m, [36mdefault[0m [36mas[0m [33mTheater[0m, [36mdefault[0m [36mas[0m [33mTheaterIcon[0m } [36mfrom[0m [32m'./icons...[0m



Import traces:
  Client Component Browser:
    ./.gemini/antigravity/scratch/teacher-tracking/node_modules/lucide-react/dist/esm/lucide-react.mjs [Client Component Browser]
    ./.gemini/antigravity/scratch/teacher-tracking/src/components/pages/DailyTasksPage.tsx [Client Component Browser]
    ./.gemini/antigravity/scratch/teacher-tracking/src/components/AppShell.tsx [Client Component Browser]
    ./.gemini/antigravity/scratch/teacher-tracking/src/app/page.tsx [Client Component Browser]
    ./.gemini/antigravity/scratch/teacher-tracking/src/app/page.tsx [Server Component]

  Client Component SSR:
    ./.gemini/antigravity/scratch/teacher-tracking/node_modules/lucide-react/dist/esm/lucide-react.mjs [Client Component SSR]
    ./.gemini/antigravity/scratch/teacher-tracking/src/components/pages/DailyTasksPage.tsx [Client Component SSR]
    ./.gemini/antigravity/scratch/teacher-tracking/src/components/AppShell.tsx [Client Component SSR]
    ./.gemini/antigravity/scratch/teacher-tracking/src/app/page.tsx [Client Component SSR]
    ./.gemini/antigravity/scratch/teacher-tracking/src/app/page.tsx [Server Component]

https://nextjs.org/docs/messages/module-not-found


./.gemini/antigravity/scratch/teacher-tracking/node_modules/lucide-react/dist/esm/lucide-react.mjs:226:1
Module not found: Can't resolve './icons/text-initial.mjs'
  [90m224 |[0m ...[36mlt[0m [36mas[0m [33mLucideAlignJustify[0m, [36mdefault[0m [36mas[0m [33mLucideTextAlignJustify[0m, [36mdefau..[0m.
  [90m225 |[0m ...[33mLucideAlignLeft[0m, [36mdefault[0m [36mas[0m [33mLucideText[0m, [36mdefault[0m [36mas[0m [33mLucideTextAlign...[0m
[31m[1m>[0m [90m226 |[0m ...[36ms[0m [33mLucideLetterText[0m, [36mdefault[0m [36mas[0m [33mLucideTextInitial[0m, [36mdefault[0m [36mas[0m [33mTextI...[0m
  [90m    |[0m    [31m[1m^^^^^^^^^^^^^^^^^^^^^^^^^^^^^^^^^^^^^^^^^^^^^^^^^^^^^^^^^^^^^^^^^^^^^[0m
  [90m227 |[0m ...[36mlt[0m [36mas[0m [33mTextWrap[0m, [36mdefault[0m [36mas[0m [33mTextWrapIcon[0m, [36mdefault[0m [36mas[0m [33mWrapText[0m, [36mdefa...[0m
  [90m228 |[0m ... [36mas[0m [33mTrain[0m, [36mdefault[0m [36mas[0m [33mTrainIcon[0m, [36mdefault[0m [36mas[0m [33mTramFront[0m, [36mdefault[0m [36mas[0m [33m...[0m
  [90m229 |[0m ...[36mlt[0m [36mas[0m [33mPalmtree[0m, [36mdefault[0m [36mas[0m [33mPalmtreeIcon[0m, [36mdefault[0m [36mas[0m [33mTreePalm[0m, [36mdefa...[0m



Import traces:
  Client Component Browser:
    ./.gemini/antigravity/scratch/teacher-tracking/node_modules/lucide-react/dist/esm/lucide-react.mjs [Client Component Browser]
    ./.gemini/antigravity/scratch/teacher-tracking/src/components/pages/DailyTasksPage.tsx [Client Component Browser]
    ./.gemini/antigravity/scratch/teacher-tracking/src/components/AppShell.tsx [Client Component Browser]
    ./.gemini/antigravity/scratch/teacher-tracking/src/app/page.tsx [Client Component Browser]
    ./.gemini/antigravity/scratch/teacher-tracking/src/app/page.tsx [Server Component]

  Client Component SSR:
    ./.gemini/antigravity/scratch/teacher-tracking/node_modules/lucide-react/dist/esm/lucide-react.mjs [Client Component SSR]
    ./.gemini/antigravity/scratch/teacher-tracking/src/components/pages/DailyTasksPage.tsx [Client Component SSR]
    ./.gemini/antigravity/scratch/teacher-tracking/src/components/AppShell.tsx [Client Component SSR]
    ./.gemini/antigravity/scratch/teacher-tracking/src/app/page.tsx [Client Component SSR]
    ./.gemini/antigravity/scratch/teacher-tracking/src/app/page.tsx [Server Component]

https://nextjs.org/docs/messages/module-not-found


./.gemini/antigravity/scratch/teacher-tracking/node_modules/lucide-react/dist/esm/lucide-react.mjs:1544:1
Module not found: Can't resolve './icons/text-quote.mjs'
  [90m1542 |[0m ...[33mTextCursorInput[0m, [36mdefault[0m [36mas[0m [33mTextCursorInput[0m, [36mdefault[0m [36mas[0m [33mTextCurso...[0m
  [90m1543 |[0m ...[33mTextCursor[0m, [36mdefault[0m [36mas[0m [33mTextCursor[0m, [36mdefault[0m [36mas[0m [33mTextCursorIcon[0m } [36mfr..[0m.
[31m[1m>[0m [90m1544 |[0m ...[33mTextQuote[0m, [36mdefault[0m [36mas[0m [33mTextQuote[0m, [36mdefault[0m [36mas[0m [33mTextQuoteIcon[0m } [36mfrom[0m [32m...[0m
  [90m     |[0m    [31m[1m^^^^^^^^^^^^^^^^^^^^^^^^^^^^^^^^^^^^^^^^^^^^^^^^^^^^^^^^^^^^^^^^^^^^[0m
  [90m1545 |[0m ...[33mTextSearch[0m, [36mdefault[0m [36mas[0m [33mTextSearch[0m, [36mdefault[0m [36mas[0m [33mTextSearchIcon[0m } [36mfr..[0m.
  [90m1546 |[0m ...[33mTheater[0m, [36mdefault[0m [36mas[0m [33mTheater[0m, [36mdefault[0m [36mas[0m [33mTheaterIcon[0m } [36mfrom[0m [32m'./ico...[0m
  [90m1547 |[0m ...[33mThermometerSnowflake[0m, [36mdefault[0m [36mas[0m [33mThermometerSnowflake[0m, [36mdefault[0m [36mas[0m.[33m..[0m



Import traces:
  Client Component Browser:
    ./.gemini/antigravity/scratch/teacher-tracking/node_modules/lucide-react/dist/esm/lucide-react.mjs [Client Component Browser]
    ./.gemini/antigravity/scratch/teacher-tracking/src/components/pages/DailyTasksPage.tsx [Client Component Browser]
    ./.gemini/antigravity/scratch/teacher-tracking/src/components/AppShell.tsx [Client Component Browser]
    ./.gemini/antigravity/scratch/teacher-tracking/src/app/page.tsx [Client Component Browser]
    ./.gemini/antigravity/scratch/teacher-tracking/src/app/page.tsx [Server Component]

  Client Component SSR:
    ./.gemini/antigravity/scratch/teacher-tracking/node_modules/lucide-react/dist/esm/lucide-react.mjs [Client Component SSR]
    ./.gemini/antigravity/scratch/teacher-tracking/src/components/pages/DailyTasksPage.tsx [Client Component SSR]
    ./.gemini/antigravity/scratch/teacher-tracking/src/components/AppShell.tsx [Client Component SSR]
    ./.gemini/antigravity/scratch/teacher-tracking/src/app/page.tsx [Client Component SSR]
    ./.gemini/antigravity/scratch/teacher-tracking/src/app/page.tsx [Server Component]

https://nextjs.org/docs/messages/module-not-found


./.gemini/antigravity/scratch/teacher-tracking/node_modules/lucide-react/dist/esm/lucide-react.mjs:1545:1
Module not found: Can't resolve './icons/text-search.mjs'
  [90m1543 |[0m ...[33mxtCursor[0m, [36mdefault[0m [36mas[0m [33mTextCursor[0m, [36mdefault[0m [36mas[0m [33mTextCursorIcon[0m } [36mfrom[0m.[32m..[0m
  [90m1544 |[0m ...[33mxtQuote[0m, [36mdefault[0m [36mas[0m [33mTextQuote[0m, [36mdefault[0m [36mas[0m [33mTextQuoteIcon[0m } [36mfrom[0m [32m'....[0m
[31m[1m>[0m [90m1545 |[0m ...[33mxtSearch[0m, [36mdefault[0m [36mas[0m [33mTextSearch[0m, [36mdefault[0m [36mas[0m [33mTextSearchIcon[0m } [36mfrom[0m.[32m..[0m
  [90m     |[0m    [31m[1m^^^^^^^^^^^^^^^^^^^^^^^^^^^^^^^^^^^^^^^^^^^^^^^^^^^^^^^^^^^^^^^^^^^^[0m
  [90m1546 |[0m ...[33meater[0m, [36mdefault[0m [36mas[0m [33mTheater[0m, [36mdefault[0m [36mas[0m [33mTheaterIcon[0m } [36mfrom[0m [32m'./icons...[0m
  [90m1547 |[0m ...[33mermometerSnowflake[0m, [36mdefault[0m [36mas[0m [33mThermometerSnowflake[0m, [36mdefault[0m [36mas[0m [33mT...[0m
  [90m1548 |[0m ...[33mermometerSun[0m, [36mdefault[0m [36mas[0m [33mThermometerSun[0m, [36mdefault[0m [36mas[0m [33mThermometerSu...[0m



Import traces:
  Client Component Browser:
    ./.gemini/antigravity/scratch/teacher-tracking/node_modules/lucide-react/dist/esm/lucide-react.mjs [Client Component Browser]
    ./.gemini/antigravity/scratch/teacher-tracking/src/components/pages/DailyTasksPage.tsx [Client Component Browser]
    ./.gemini/antigravity/scratch/teacher-tracking/src/components/AppShell.tsx [Client Component Browser]
    ./.gemini/antigravity/scratch/teacher-tracking/src/app/page.tsx [Client Component Browser]
    ./.gemini/antigravity/scratch/teacher-tracking/src/app/page.tsx [Server Component]

  Client Component SSR:
    ./.gemini/antigravity/scratch/teacher-tracking/node_modules/lucide-react/dist/esm/lucide-react.mjs [Client Component SSR]
    ./.gemini/antigravity/scratch/teacher-tracking/src/components/pages/DailyTasksPage.tsx [Client Component SSR]
    ./.gemini/antigravity/scratch/teacher-tracking/src/components/AppShell.tsx [Client Component SSR]
    ./.gemini/antigravity/scratch/teacher-tracking/src/app/page.tsx [Client Component SSR]
    ./.gemini/antigravity/scratch/teacher-tracking/src/app/page.tsx [Server Component]

https://nextjs.org/docs/messages/module-not-found


./.gemini/antigravity/scratch/teacher-tracking/node_modules/lucide-react/dist/esm/lucide-react.mjs:227:1
Module not found: Can't resolve './icons/text-wrap.mjs'
  [90m225 |[0m ...[36mfault[0m [36mas[0m [33mLucideAlignLeft[0m, [36mdefault[0m [36mas[0m [33mLucideText[0m, [36mdefault[0m [36mas[0m [33mLucide...[0m
  [90m226 |[0m ...[36mdefault[0m [36mas[0m [33mLucideLetterText[0m, [36mdefault[0m [36mas[0m [33mLucideTextInitial[0m, [36mdefault[0m.[36m..[0m
[31m[1m>[0m [90m227 |[0m ...[33mxt[0m, [36mdefault[0m [36mas[0m [33mTextWrap[0m, [36mdefault[0m [36mas[0m [33mTextWrapIcon[0m, [36mdefault[0m [36mas[0m [33mWrapT...[0m
  [90m    |[0m    [31m[1m^^^^^^^^^^^^^^^^^^^^^^^^^^^^^^^^^^^^^^^^^^^^^^^^^^^^^^^^^^^^^^^^^^^^^[0m
  [90m228 |[0m ..., [36mdefault[0m [36mas[0m [33mTrain[0m, [36mdefault[0m [36mas[0m [33mTrainIcon[0m, [36mdefault[0m [36mas[0m [33mTramFront[0m, [36mde...[0m
  [90m229 |[0m ...[33mlm[0m, [36mdefault[0m [36mas[0m [33mPalmtree[0m, [36mdefault[0m [36mas[0m [33mPalmtreeIcon[0m, [36mdefault[0m [36mas[0m [33mTreeP...[0m
  [90m230 |[0m ...[33mIcon[0m, [36mdefault[0m [36mas[0m [33mLucideAlertTriangle[0m, [36mdefault[0m [36mas[0m [33mLucideTriangleAle..[0m.



Import traces:
  Client Component Browser:
    ./.gemini/antigravity/scratch/teacher-tracking/node_modules/lucide-react/dist/esm/lucide-react.mjs [Client Component Browser]
    ./.gemini/antigravity/scratch/teacher-tracking/src/components/pages/DailyTasksPage.tsx [Client Component Browser]
    ./.gemini/antigravity/scratch/teacher-tracking/src/components/AppShell.tsx [Client Component Browser]
    ./.gemini/antigravity/scratch/teacher-tracking/src/app/page.tsx [Client Component Browser]
    ./.gemini/antigravity/scratch/teacher-tracking/src/app/page.tsx [Server Component]

  Client Component SSR:
    ./.gemini/antigravity/scratch/teacher-tracking/node_modules/lucide-react/dist/esm/lucide-react.mjs [Client Component SSR]
    ./.gemini/antigravity/scratch/teacher-tracking/src/components/pages/DailyTasksPage.tsx [Client Component SSR]
    ./.gemini/antigravity/scratch/teacher-tracking/src/components/AppShell.tsx [Client Component SSR]
    ./.gemini/antigravity/scratch/teacher-tracking/src/app/page.tsx [Client Component SSR]
    ./.gemini/antigravity/scratch/teacher-tracking/src/app/page.tsx [Server Component]

https://nextjs.org/docs/messages/module-not-found


./.gemini/antigravity/scratch/teacher-tracking/node_modules/lucide-react/dist/esm/lucide-react.mjs:1546:1
Module not found: Can't resolve './icons/theater.mjs'
  [90m1544 |[0m ...[33mucideTextQuote[0m, [36mdefault[0m [36mas[0m [33mTextQuote[0m, [36mdefault[0m [36mas[0m [33mTextQuoteIcon[0m } [36m...[0m
  [90m1545 |[0m ...[33mucideTextSearch[0m, [36mdefault[0m [36mas[0m [33mTextSearch[0m, [36mdefault[0m [36mas[0m [33mTextSearchIcon[0m...
[31m[1m>[0m [90m1546 |[0m ...[33mucideTheater[0m, [36mdefault[0m [36mas[0m [33mTheater[0m, [36mdefault[0m [36mas[0m [33mTheaterIcon[0m } [36mfrom[0m [32m'...[0m
  [90m     |[0m    [31m[1m^^^^^^^^^^^^^^^^^^^^^^^^^^^^^^^^^^^^^^^^^^^^^^^^^^^^^^^^^^^^^^^^^^^^[0m
  [90m1547 |[0m ...[33mucideThermometerSnowflake[0m, [36mdefault[0m [36mas[0m [33mThermometerSnowflake[0m, [36mdefau..[0m.
  [90m1548 |[0m ...[33mucideThermometerSun[0m, [36mdefault[0m [36mas[0m [33mThermometerSun[0m, [36mdefault[0m [36mas[0m [33mThermo...[0m
  [90m1549 |[0m ...[33mucideThermometer[0m, [36mdefault[0m [36mas[0m [33mThermometer[0m, [36mdefault[0m [36mas[0m [33mThermometerI...[0m



Import traces:
  Client Component Browser:
    ./.gemini/antigravity/scratch/teacher-tracking/node_modules/lucide-react/dist/esm/lucide-react.mjs [Client Component Browser]
    ./.gemini/antigravity/scratch/teacher-tracking/src/components/pages/DailyTasksPage.tsx [Client Component Browser]
    ./.gemini/antigravity/scratch/teacher-tracking/src/components/AppShell.tsx [Client Component Browser]
    ./.gemini/antigravity/scratch/teacher-tracking/src/app/page.tsx [Client Component Browser]
    ./.gemini/antigravity/scratch/teacher-tracking/src/app/page.tsx [Server Component]

  Client Component SSR:
    ./.gemini/antigravity/scratch/teacher-tracking/node_modules/lucide-react/dist/esm/lucide-react.mjs [Client Component SSR]
    ./.gemini/antigravity/scratch/teacher-tracking/src/components/pages/DailyTasksPage.tsx [Client Component SSR]
    ./.gemini/antigravity/scratch/teacher-tracking/src/components/AppShell.tsx [Client Component SSR]
    ./.gemini/antigravity/scratch/teacher-tracking/src/app/page.tsx [Client Component SSR]
    ./.gemini/antigravity/scratch/teacher-tracking/src/app/page.tsx [Server Component]

https://nextjs.org/docs/messages/module-not-found


./.gemini/antigravity/scratch/teacher-tracking/node_modules/lucide-react/dist/esm/lucide-react.mjs:1547:1
Module not found: Can't resolve './icons/thermometer-snowflake.mjs'
  [90m1545 |[0m ... [33mTextSearch[0m, [36mdefault[0m [36mas[0m [33mTextSearchIcon[0m } [36mfrom[0m [32m'./icons/text-searc...[0m
  [90m1546 |[0m ...[33meater[0m, [36mdefault[0m [36mas[0m [33mTheaterIcon[0m } [36mfrom[0m [32m'./icons/theater.mjs'[0m;
[31m[1m>[0m [90m1547 |[0m ...[36mdefault[0m [36mas[0m [33mThermometerSnowflake[0m, [36mdefault[0m [36mas[0m [33mThermometerSnowflakeI...[0m
  [90m     |[0m    [31m[1m^^^^^^^^^^^^^^^^^^^^^^^^^^^^^^^^^^^^^^^^^^^^^^^^^^^^^^^^^^^^^^^^^^^^[0m
  [90m1548 |[0m ...[36mt[0m [36mas[0m [33mThermometerSun[0m, [36mdefault[0m [36mas[0m [33mThermometerSunIcon[0m } [36mfrom[0m [32m'./icon...[0m
  [90m1549 |[0m ...[36ms[0m [33mThermometer[0m, [36mdefault[0m [36mas[0m [33mThermometerIcon[0m } [36mfrom[0m [32m'./icons/thermom...[0m
  [90m1550 |[0m ... [33mThumbsDown[0m, [36mdefault[0m [36mas[0m [33mThumbsDownIcon[0m } [36mfrom[0m [32m'./icons/thumbs-dow...[0m



Import traces:
  Client Component Browser:
    ./.gemini/antigravity/scratch/teacher-tracking/node_modules/lucide-react/dist/esm/lucide-react.mjs [Client Component Browser]
    ./.gemini/antigravity/scratch/teacher-tracking/src/components/pages/DailyTasksPage.tsx [Client Component Browser]
    ./.gemini/antigravity/scratch/teacher-tracking/src/components/AppShell.tsx [Client Component Browser]
    ./.gemini/antigravity/scratch/teacher-tracking/src/app/page.tsx [Client Component Browser]
    ./.gemini/antigravity/scratch/teacher-tracking/src/app/page.tsx [Server Component]

  Client Component SSR:
    ./.gemini/antigravity/scratch/teacher-tracking/node_modules/lucide-react/dist/esm/lucide-react.mjs [Client Component SSR]
    ./.gemini/antigravity/scratch/teacher-tracking/src/components/pages/DailyTasksPage.tsx [Client Component SSR]
    ./.gemini/antigravity/scratch/teacher-tracking/src/components/AppShell.tsx [Client Component SSR]
    ./.gemini/antigravity/scratch/teacher-tracking/src/app/page.tsx [Client Component SSR]
    ./.gemini/antigravity/scratch/teacher-tracking/src/app/page.tsx [Server Component]

https://nextjs.org/docs/messages/module-not-found


./.gemini/antigravity/scratch/teacher-tracking/node_modules/lucide-react/dist/esm/lucide-react.mjs:1548:1
Module not found: Can't resolve './icons/thermometer-sun.mjs'
  [90m1546 |[0m ...[36mefault[0m [36mas[0m [33mTheater[0m, [36mdefault[0m [36mas[0m [33mTheaterIcon[0m } [36mfrom[0m [32m'./icons/theater...[0m
  [90m1547 |[0m ...[33mrSnowflake[0m, [36mdefault[0m [36mas[0m [33mThermometerSnowflake[0m, [36mdefault[0m [36mas[0m [33mThermomet...[0m
[31m[1m>[0m [90m1548 |[0m ...[33mrSun[0m, [36mdefault[0m [36mas[0m [33mThermometerSun[0m, [36mdefault[0m [36mas[0m [33mThermometerSunIcon[0m } [36m...[0m
  [90m     |[0m    [31m[1m^^^^^^^^^^^^^^^^^^^^^^^^^^^^^^^^^^^^^^^^^^^^^^^^^^^^^^^^^^^^^^^^^^^^[0m
  [90m1549 |[0m ...[33mr[0m, [36mdefault[0m [36mas[0m [33mThermometer[0m, [36mdefault[0m [36mas[0m [33mThermometerIcon[0m } [36mfrom[0m [32m'./i...[0m
  [90m1550 |[0m ..., [36mdefault[0m [36mas[0m [33mThumbsDown[0m, [36mdefault[0m [36mas[0m [33mThumbsDownIcon[0m } [36mfrom[0m [32m'./icon...[0m
  [90m1551 |[0m ...[36mdefault[0m [36mas[0m [33mThumbsUp[0m, [36mdefault[0m [36mas[0m [33mThumbsUpIcon[0m } [36mfrom[0m [32m'./icons/thum...[0m



Import traces:
  Client Component Browser:
    ./.gemini/antigravity/scratch/teacher-tracking/node_modules/lucide-react/dist/esm/lucide-react.mjs [Client Component Browser]
    ./.gemini/antigravity/scratch/teacher-tracking/src/components/pages/DailyTasksPage.tsx [Client Component Browser]
    ./.gemini/antigravity/scratch/teacher-tracking/src/components/AppShell.tsx [Client Component Browser]
    ./.gemini/antigravity/scratch/teacher-tracking/src/app/page.tsx [Client Component Browser]
    ./.gemini/antigravity/scratch/teacher-tracking/src/app/page.tsx [Server Component]

  Client Component SSR:
    ./.gemini/antigravity/scratch/teacher-tracking/node_modules/lucide-react/dist/esm/lucide-react.mjs [Client Component SSR]
    ./.gemini/antigravity/scratch/teacher-tracking/src/components/pages/DailyTasksPage.tsx [Client Component SSR]
    ./.gemini/antigravity/scratch/teacher-tracking/src/components/AppShell.tsx [Client Component SSR]
    ./.gemini/antigravity/scratch/teacher-tracking/src/app/page.tsx [Client Component SSR]
    ./.gemini/antigravity/scratch/teacher-tracking/src/app/page.tsx [Server Component]

https://nextjs.org/docs/messages/module-not-found


./.gemini/antigravity/scratch/teacher-tracking/node_modules/lucide-react/dist/esm/lucide-react.mjs:1549:1
Module not found: Can't resolve './icons/thermometer.mjs'
  [90m1547 |[0m ...[33mrmometerSnowflake[0m, [36mdefault[0m [36mas[0m [33mThermometerSnowflake[0m, [36mdefault[0m [36mas[0m [33mTh...[0m
  [90m1548 |[0m ...[33mrmometerSun[0m, [36mdefault[0m [36mas[0m [33mThermometerSun[0m, [36mdefault[0m [36mas[0m [33mThermometerSun...[0m
[31m[1m>[0m [90m1549 |[0m ...[33mrmometer[0m, [36mdefault[0m [36mas[0m [33mThermometer[0m, [36mdefault[0m [36mas[0m [33mThermometerIcon[0m } [36mfr..[0m.
  [90m     |[0m    [31m[1m^^^^^^^^^^^^^^^^^^^^^^^^^^^^^^^^^^^^^^^^^^^^^^^^^^^^^^^^^^^^^^^^^^^^[0m
  [90m1550 |[0m ...[33mmbsDown[0m, [36mdefault[0m [36mas[0m [33mThumbsDown[0m, [36mdefault[0m [36mas[0m [33mThumbsDownIcon[0m } [36mfrom[0m [32m...[0m
  [90m1551 |[0m ...[33mmbsUp[0m, [36mdefault[0m [36mas[0m [33mThumbsUp[0m, [36mdefault[0m [36mas[0m [33mThumbsUpIcon[0m } [36mfrom[0m [32m'./ico...[0m
  [90m1552 |[0m ...[33mketMinus[0m, [36mdefault[0m [36mas[0m [33mTicketMinus[0m, [36mdefault[0m [36mas[0m [33mTicketMinusIcon[0m } [36mfr..[0m.



Import traces:
  Client Component Browser:
    ./.gemini/antigravity/scratch/teacher-tracking/node_modules/lucide-react/dist/esm/lucide-react.mjs [Client Component Browser]
    ./.gemini/antigravity/scratch/teacher-tracking/src/components/pages/DailyTasksPage.tsx [Client Component Browser]
    ./.gemini/antigravity/scratch/teacher-tracking/src/components/AppShell.tsx [Client Component Browser]
    ./.gemini/antigravity/scratch/teacher-tracking/src/app/page.tsx [Client Component Browser]
    ./.gemini/antigravity/scratch/teacher-tracking/src/app/page.tsx [Server Component]

  Client Component SSR:
    ./.gemini/antigravity/scratch/teacher-tracking/node_modules/lucide-react/dist/esm/lucide-react.mjs [Client Component SSR]
    ./.gemini/antigravity/scratch/teacher-tracking/src/components/pages/DailyTasksPage.tsx [Client Component SSR]
    ./.gemini/antigravity/scratch/teacher-tracking/src/components/AppShell.tsx [Client Component SSR]
    ./.gemini/antigravity/scratch/teacher-tracking/src/app/page.tsx [Client Component SSR]
    ./.gemini/antigravity/scratch/teacher-tracking/src/app/page.tsx [Server Component]

https://nextjs.org/docs/messages/module-not-found


./.gemini/antigravity/scratch/teacher-tracking/node_modules/lucide-react/dist/esm/lucide-react.mjs:1550:1
Module not found: Can't resolve './icons/thumbs-down.mjs'
  [90m1548 |[0m ...[33mermometerSun[0m, [36mdefault[0m [36mas[0m [33mThermometerSun[0m, [36mdefault[0m [36mas[0m [33mThermometerSu...[0m
  [90m1549 |[0m ...[33mermometer[0m, [36mdefault[0m [36mas[0m [33mThermometer[0m, [36mdefault[0m [36mas[0m [33mThermometerIcon[0m } [36mf...[0m
[31m[1m>[0m [90m1550 |[0m ...[33mumbsDown[0m, [36mdefault[0m [36mas[0m [33mThumbsDown[0m, [36mdefault[0m [36mas[0m [33mThumbsDownIcon[0m } [36mfrom[0m.[32m..[0m
  [90m     |[0m    [31m[1m^^^^^^^^^^^^^^^^^^^^^^^^^^^^^^^^^^^^^^^^^^^^^^^^^^^^^^^^^^^^^^^^^^^^[0m
  [90m1551 |[0m ...[33mumbsUp[0m, [36mdefault[0m [36mas[0m [33mThumbsUp[0m, [36mdefault[0m [36mas[0m [33mThumbsUpIcon[0m } [36mfrom[0m [32m'./ic...[0m
  [90m1552 |[0m ...[33mcketMinus[0m, [36mdefault[0m [36mas[0m [33mTicketMinus[0m, [36mdefault[0m [36mas[0m [33mTicketMinusIcon[0m } [36mf...[0m
  [90m1553 |[0m ...[33mcketPercent[0m, [36mdefault[0m [36mas[0m [33mTicketPercent[0m, [36mdefault[0m [36mas[0m [33mTicketPercentIc..[0m.



Import traces:
  Client Component Browser:
    ./.gemini/antigravity/scratch/teacher-tracking/node_modules/lucide-react/dist/esm/lucide-react.mjs [Client Component Browser]
    ./.gemini/antigravity/scratch/teacher-tracking/src/components/pages/DailyTasksPage.tsx [Client Component Browser]
    ./.gemini/antigravity/scratch/teacher-tracking/src/components/AppShell.tsx [Client Component Browser]
    ./.gemini/antigravity/scratch/teacher-tracking/src/app/page.tsx [Client Component Browser]
    ./.gemini/antigravity/scratch/teacher-tracking/src/app/page.tsx [Server Component]

  Client Component SSR:
    ./.gemini/antigravity/scratch/teacher-tracking/node_modules/lucide-react/dist/esm/lucide-react.mjs [Client Component SSR]
    ./.gemini/antigravity/scratch/teacher-tracking/src/components/pages/DailyTasksPage.tsx [Client Component SSR]
    ./.gemini/antigravity/scratch/teacher-tracking/src/components/AppShell.tsx [Client Component SSR]
    ./.gemini/antigravity/scratch/teacher-tracking/src/app/page.tsx [Client Component SSR]
    ./.gemini/antigravity/scratch/teacher-tracking/src/app/page.tsx [Server Component]

https://nextjs.org/docs/messages/module-not-found


./.gemini/antigravity/scratch/teacher-tracking/node_modules/lucide-react/dist/esm/lucide-react.mjs:1551:1
Module not found: Can't resolve './icons/thumbs-up.mjs'
  [90m1549 |[0m ...[33mdeThermometer[0m, [36mdefault[0m [36mas[0m [33mThermometer[0m, [36mdefault[0m [36mas[0m [33mThermometerIcon[0m...
  [90m1550 |[0m ...[33mdeThumbsDown[0m, [36mdefault[0m [36mas[0m [33mThumbsDown[0m, [36mdefault[0m [36mas[0m [33mThumbsDownIcon[0m } [36m...[0m
[31m[1m>[0m [90m1551 |[0m ...[33mdeThumbsUp[0m, [36mdefault[0m [36mas[0m [33mThumbsUp[0m, [36mdefault[0m [36mas[0m [33mThumbsUpIcon[0m } [36mfrom[0m [32m'...[0m
  [90m     |[0m    [31m[1m^^^^^^^^^^^^^^^^^^^^^^^^^^^^^^^^^^^^^^^^^^^^^^^^^^^^^^^^^^^^^^^^^^^^[0m
  [90m1552 |[0m ...[33mdeTicketMinus[0m, [36mdefault[0m [36mas[0m [33mTicketMinus[0m, [36mdefault[0m [36mas[0m [33mTicketMinusIcon[0m...
  [90m1553 |[0m ...[33mdeTicketPercent[0m, [36mdefault[0m [36mas[0m [33mTicketPercent[0m, [36mdefault[0m [36mas[0m [33mTicketPerce...[0m
  [90m1554 |[0m ...[33mdeTicketCheck[0m, [36mdefault[0m [36mas[0m [33mTicketCheck[0m, [36mdefault[0m [36mas[0m [33mTicketCheckIcon[0m...



Import traces:
  Client Component Browser:
    ./.gemini/antigravity/scratch/teacher-tracking/node_modules/lucide-react/dist/esm/lucide-react.mjs [Client Component Browser]
    ./.gemini/antigravity/scratch/teacher-tracking/src/components/pages/DailyTasksPage.tsx [Client Component Browser]
    ./.gemini/antigravity/scratch/teacher-tracking/src/components/AppShell.tsx [Client Component Browser]
    ./.gemini/antigravity/scratch/teacher-tracking/src/app/page.tsx [Client Component Browser]
    ./.gemini/antigravity/scratch/teacher-tracking/src/app/page.tsx [Server Component]

  Client Component SSR:
    ./.gemini/antigravity/scratch/teacher-tracking/node_modules/lucide-react/dist/esm/lucide-react.mjs [Client Component SSR]
    ./.gemini/antigravity/scratch/teacher-tracking/src/components/pages/DailyTasksPage.tsx [Client Component SSR]
    ./.gemini/antigravity/scratch/teacher-tracking/src/components/AppShell.tsx [Client Component SSR]
    ./.gemini/antigravity/scratch/teacher-tracking/src/app/page.tsx [Client Component SSR]
    ./.gemini/antigravity/scratch/teacher-tracking/src/app/page.tsx [Server Component]

https://nextjs.org/docs/messages/module-not-found


./.gemini/antigravity/scratch/teacher-tracking/node_modules/lucide-react/dist/esm/lucide-react.mjs:1554:1
Module not found: Can't resolve './icons/ticket-check.mjs'
  [90m1552 |[0m ...[33metMinus[0m, [36mdefault[0m [36mas[0m [33mTicketMinus[0m, [36mdefault[0m [36mas[0m [33mTicketMinusIcon[0m } [36mfro.[0m.[32m.[0m
  [90m1553 |[0m ...[33metPercent[0m, [36mdefault[0m [36mas[0m [33mTicketPercent[0m, [36mdefault[0m [36mas[0m [33mTicketPercentIcon[0m...
[31m[1m>[0m [90m1554 |[0m ...[33metCheck[0m, [36mdefault[0m [36mas[0m [33mTicketCheck[0m, [36mdefault[0m [36mas[0m [33mTicketCheckIcon[0m } [36mfro.[0m.[32m.[0m
  [90m     |[0m    [31m[1m^^^^^^^^^^^^^^^^^^^^^^^^^^^^^^^^^^^^^^^^^^^^^^^^^^^^^^^^^^^^^^^^^^^^[0m
  [90m1555 |[0m ...[33metPlus[0m, [36mdefault[0m [36mas[0m [33mTicketPlus[0m, [36mdefault[0m [36mas[0m [33mTicketPlusIcon[0m } [36mfrom[0m [32m'...[0m
  [90m1556 |[0m ...[33metSlash[0m, [36mdefault[0m [36mas[0m [33mTicketSlash[0m, [36mdefault[0m [36mas[0m [33mTicketSlashIcon[0m } [36mfro.[0m.[32m.[0m
  [90m1557 |[0m ...[33metX[0m, [36mdefault[0m [36mas[0m [33mTicketX[0m, [36mdefault[0m [36mas[0m [33mTicketXIcon[0m } [36mfrom[0m [32m'./icons/t...[0m



Import traces:
  Client Component Browser:
    ./.gemini/antigravity/scratch/teacher-tracking/node_modules/lucide-react/dist/esm/lucide-react.mjs [Client Component Browser]
    ./.gemini/antigravity/scratch/teacher-tracking/src/components/pages/DailyTasksPage.tsx [Client Component Browser]
    ./.gemini/antigravity/scratch/teacher-tracking/src/components/AppShell.tsx [Client Component Browser]
    ./.gemini/antigravity/scratch/teacher-tracking/src/app/page.tsx [Client Component Browser]
    ./.gemini/antigravity/scratch/teacher-tracking/src/app/page.tsx [Server Component]

  Client Component SSR:
    ./.gemini/antigravity/scratch/teacher-tracking/node_modules/lucide-react/dist/esm/lucide-react.mjs [Client Component SSR]
    ./.gemini/antigravity/scratch/teacher-tracking/src/components/pages/DailyTasksPage.tsx [Client Component SSR]
    ./.gemini/antigravity/scratch/teacher-tracking/src/components/AppShell.tsx [Client Component SSR]
    ./.gemini/antigravity/scratch/teacher-tracking/src/app/page.tsx [Client Component SSR]
    ./.gemini/antigravity/scratch/teacher-tracking/src/app/page.tsx [Server Component]

https://nextjs.org/docs/messages/module-not-found


./.gemini/antigravity/scratch/teacher-tracking/node_modules/lucide-react/dist/esm/lucide-react.mjs:1552:1
Module not found: Can't resolve './icons/ticket-minus.mjs'
  [90m1550 |[0m ...[33mbsDown[0m, [36mdefault[0m [36mas[0m [33mThumbsDown[0m, [36mdefault[0m [36mas[0m [33mThumbsDownIcon[0m } [36mfrom[0m [32m'...[0m
  [90m1551 |[0m ...[33mbsUp[0m, [36mdefault[0m [36mas[0m [33mThumbsUp[0m, [36mdefault[0m [36mas[0m [33mThumbsUpIcon[0m } [36mfrom[0m [32m'./icon...[0m
[31m[1m>[0m [90m1552 |[0m ...[33metMinus[0m, [36mdefault[0m [36mas[0m [33mTicketMinus[0m, [36mdefault[0m [36mas[0m [33mTicketMinusIcon[0m } [36mfro.[0m.[32m.[0m
  [90m     |[0m    [31m[1m^^^^^^^^^^^^^^^^^^^^^^^^^^^^^^^^^^^^^^^^^^^^^^^^^^^^^^^^^^^^^^^^^^^^[0m
  [90m1553 |[0m ...[33metPercent[0m, [36mdefault[0m [36mas[0m [33mTicketPercent[0m, [36mdefault[0m [36mas[0m [33mTicketPercentIcon[0m...
  [90m1554 |[0m ...[33metCheck[0m, [36mdefault[0m [36mas[0m [33mTicketCheck[0m, [36mdefault[0m [36mas[0m [33mTicketCheckIcon[0m } [36mfro.[0m.[32m.[0m
  [90m1555 |[0m ...[33metPlus[0m, [36mdefault[0m [36mas[0m [33mTicketPlus[0m, [36mdefault[0m [36mas[0m [33mTicketPlusIcon[0m } [36mfrom[0m [32m'...[0m



Import traces:
  Client Component Browser:
    ./.gemini/antigravity/scratch/teacher-tracking/node_modules/lucide-react/dist/esm/lucide-react.mjs [Client Component Browser]
    ./.gemini/antigravity/scratch/teacher-tracking/src/components/pages/DailyTasksPage.tsx [Client Component Browser]
    ./.gemini/antigravity/scratch/teacher-tracking/src/components/AppShell.tsx [Client Component Browser]
    ./.gemini/antigravity/scratch/teacher-tracking/src/app/page.tsx [Client Component Browser]
    ./.gemini/antigravity/scratch/teacher-tracking/src/app/page.tsx [Server Component]

  Client Component SSR:
    ./.gemini/antigravity/scratch/teacher-tracking/node_modules/lucide-react/dist/esm/lucide-react.mjs [Client Component SSR]
    ./.gemini/antigravity/scratch/teacher-tracking/src/components/pages/DailyTasksPage.tsx [Client Component SSR]
    ./.gemini/antigravity/scratch/teacher-tracking/src/components/AppShell.tsx [Client Component SSR]
    ./.gemini/antigravity/scratch/teacher-tracking/src/app/page.tsx [Client Component SSR]
    ./.gemini/antigravity/scratch/teacher-tracking/src/app/page.tsx [Server Component]

https://nextjs.org/docs/messages/module-not-found


./.gemini/antigravity/scratch/teacher-tracking/node_modules/lucide-react/dist/esm/lucide-react.mjs:1553:1
Module not found: Can't resolve './icons/ticket-percent.mjs'
  [90m1551 |[0m ..., [36mdefault[0m [36mas[0m [33mThumbsUp[0m, [36mdefault[0m [36mas[0m [33mThumbsUpIcon[0m } [36mfrom[0m [32m'./icons/th...[0m
  [90m1552 |[0m ...[33mnus[0m, [36mdefault[0m [36mas[0m [33mTicketMinus[0m, [36mdefault[0m [36mas[0m [33mTicketMinusIcon[0m } [36mfrom[0m [32m'....[0m
[31m[1m>[0m [90m1553 |[0m ...[33mrcent[0m, [36mdefault[0m [36mas[0m [33mTicketPercent[0m, [36mdefault[0m [36mas[0m [33mTicketPercentIcon[0m } [36mf...[0m
  [90m     |[0m    [31m[1m^^^^^^^^^^^^^^^^^^^^^^^^^^^^^^^^^^^^^^^^^^^^^^^^^^^^^^^^^^^^^^^^^^^^[0m
  [90m1554 |[0m ...[33meck[0m, [36mdefault[0m [36mas[0m [33mTicketCheck[0m, [36mdefault[0m [36mas[0m [33mTicketCheckIcon[0m } [36mfrom[0m [32m'....[0m
  [90m1555 |[0m ...[33mus[0m, [36mdefault[0m [36mas[0m [33mTicketPlus[0m, [36mdefault[0m [36mas[0m [33mTicketPlusIcon[0m } [36mfrom[0m [32m'./ic...[0m
  [90m1556 |[0m ...[33mash[0m, [36mdefault[0m [36mas[0m [33mTicketSlash[0m, [36mdefault[0m [36mas[0m [33mTicketSlashIcon[0m } [36mfrom[0m [32m'....[0m



Import traces:
  Client Component Browser:
    ./.gemini/antigravity/scratch/teacher-tracking/node_modules/lucide-react/dist/esm/lucide-react.mjs [Client Component Browser]
    ./.gemini/antigravity/scratch/teacher-tracking/src/components/pages/DailyTasksPage.tsx [Client Component Browser]
    ./.gemini/antigravity/scratch/teacher-tracking/src/components/AppShell.tsx [Client Component Browser]
    ./.gemini/antigravity/scratch/teacher-tracking/src/app/page.tsx [Client Component Browser]
    ./.gemini/antigravity/scratch/teacher-tracking/src/app/page.tsx [Server Component]

  Client Component SSR:
    ./.gemini/antigravity/scratch/teacher-tracking/node_modules/lucide-react/dist/esm/lucide-react.mjs [Client Component SSR]
    ./.gemini/antigravity/scratch/teacher-tracking/src/components/pages/DailyTasksPage.tsx [Client Component SSR]
    ./.gemini/antigravity/scratch/teacher-tracking/src/components/AppShell.tsx [Client Component SSR]
    ./.gemini/antigravity/scratch/teacher-tracking/src/app/page.tsx [Client Component SSR]
    ./.gemini/antigravity/scratch/teacher-tracking/src/app/page.tsx [Server Component]

https://nextjs.org/docs/messages/module-not-found


./.gemini/antigravity/scratch/teacher-tracking/node_modules/lucide-react/dist/esm/lucide-react.mjs:1555:1
Module not found: Can't resolve './icons/ticket-plus.mjs'
  [90m1553 |[0m ...[33mcketPercent[0m, [36mdefault[0m [36mas[0m [33mTicketPercent[0m, [36mdefault[0m [36mas[0m [33mTicketPercentIc..[0m.
  [90m1554 |[0m ...[33mcketCheck[0m, [36mdefault[0m [36mas[0m [33mTicketCheck[0m, [36mdefault[0m [36mas[0m [33mTicketCheckIcon[0m } [36mf...[0m
[31m[1m>[0m [90m1555 |[0m ...[33mcketPlus[0m, [36mdefault[0m [36mas[0m [33mTicketPlus[0m, [36mdefault[0m [36mas[0m [33mTicketPlusIcon[0m } [36mfrom[0m.[32m..[0m
  [90m     |[0m    [31m[1m^^^^^^^^^^^^^^^^^^^^^^^^^^^^^^^^^^^^^^^^^^^^^^^^^^^^^^^^^^^^^^^^^^^^[0m
  [90m1556 |[0m ...[33mcketSlash[0m, [36mdefault[0m [36mas[0m [33mTicketSlash[0m, [36mdefault[0m [36mas[0m [33mTicketSlashIcon[0m } [36mf...[0m
  [90m1557 |[0m ...[33mcketX[0m, [36mdefault[0m [36mas[0m [33mTicketX[0m, [36mdefault[0m [36mas[0m [33mTicketXIcon[0m } [36mfrom[0m [32m'./icons...[0m
  [90m1558 |[0m ...[33mcket[0m, [36mdefault[0m [36mas[0m [33mTicket[0m, [36mdefault[0m [36mas[0m [33mTicketIcon[0m } [36mfrom[0m [32m'./icons/ti...[0m



Import traces:
  Client Component Browser:
    ./.gemini/antigravity/scratch/teacher-tracking/node_modules/lucide-react/dist/esm/lucide-react.mjs [Client Component Browser]
    ./.gemini/antigravity/scratch/teacher-tracking/src/components/pages/DailyTasksPage.tsx [Client Component Browser]
    ./.gemini/antigravity/scratch/teacher-tracking/src/components/AppShell.tsx [Client Component Browser]
    ./.gemini/antigravity/scratch/teacher-tracking/src/app/page.tsx [Client Component Browser]
    ./.gemini/antigravity/scratch/teacher-tracking/src/app/page.tsx [Server Component]

  Client Component SSR:
    ./.gemini/antigravity/scratch/teacher-tracking/node_modules/lucide-react/dist/esm/lucide-react.mjs [Client Component SSR]
    ./.gemini/antigravity/scratch/teacher-tracking/src/components/pages/DailyTasksPage.tsx [Client Component SSR]
    ./.gemini/antigravity/scratch/teacher-tracking/src/components/AppShell.tsx [Client Component SSR]
    ./.gemini/antigravity/scratch/teacher-tracking/src/app/page.tsx [Client Component SSR]
    ./.gemini/antigravity/scratch/teacher-tracking/src/app/page.tsx [Server Component]

https://nextjs.org/docs/messages/module-not-found


./.gemini/antigravity/scratch/teacher-tracking/node_modules/lucide-react/dist/esm/lucide-react.mjs:1556:1
Module not found: Can't resolve './icons/ticket-slash.mjs'
  [90m1554 |[0m ...[33metCheck[0m, [36mdefault[0m [36mas[0m [33mTicketCheck[0m, [36mdefault[0m [36mas[0m [33mTicketCheckIcon[0m } [36mfro.[0m.[32m.[0m
  [90m1555 |[0m ...[33metPlus[0m, [36mdefault[0m [36mas[0m [33mTicketPlus[0m, [36mdefault[0m [36mas[0m [33mTicketPlusIcon[0m } [36mfrom[0m [32m'...[0m
[31m[1m>[0m [90m1556 |[0m ...[33metSlash[0m, [36mdefault[0m [36mas[0m [33mTicketSlash[0m, [36mdefault[0m [36mas[0m [33mTicketSlashIcon[0m } [36mfro.[0m.[32m.[0m
  [90m     |[0m    [31m[1m^^^^^^^^^^^^^^^^^^^^^^^^^^^^^^^^^^^^^^^^^^^^^^^^^^^^^^^^^^^^^^^^^^^^[0m
  [90m1557 |[0m ...[33metX[0m, [36mdefault[0m [36mas[0m [33mTicketX[0m, [36mdefault[0m [36mas[0m [33mTicketXIcon[0m } [36mfrom[0m [32m'./icons/t...[0m
  [90m1558 |[0m ...[33met[0m, [36mdefault[0m [36mas[0m [33mTicket[0m, [36mdefault[0m [36mas[0m [33mTicketIcon[0m } [36mfrom[0m [32m'./icons/tick...[0m
  [90m1559 |[0m ...[33metsPlane[0m, [36mdefault[0m [36mas[0m [33mTicketsPlane[0m, [36mdefault[0m [36mas[0m [33mTicketsPlaneIcon[0m } [36m...[0m



Import traces:
  Client Component Browser:
    ./.gemini/antigravity/scratch/teacher-tracking/node_modules/lucide-react/dist/esm/lucide-react.mjs [Client Component Browser]
    ./.gemini/antigravity/scratch/teacher-tracking/src/components/pages/DailyTasksPage.tsx [Client Component Browser]
    ./.gemini/antigravity/scratch/teacher-tracking/src/components/AppShell.tsx [Client Component Browser]
    ./.gemini/antigravity/scratch/teacher-tracking/src/app/page.tsx [Client Component Browser]
    ./.gemini/antigravity/scratch/teacher-tracking/src/app/page.tsx [Server Component]

  Client Component SSR:
    ./.gemini/antigravity/scratch/teacher-tracking/node_modules/lucide-react/dist/esm/lucide-react.mjs [Client Component SSR]
    ./.gemini/antigravity/scratch/teacher-tracking/src/components/pages/DailyTasksPage.tsx [Client Component SSR]
    ./.gemini/antigravity/scratch/teacher-tracking/src/components/AppShell.tsx [Client Component SSR]
    ./.gemini/antigravity/scratch/teacher-tracking/src/app/page.tsx [Client Component SSR]
    ./.gemini/antigravity/scratch/teacher-tracking/src/app/page.tsx [Server Component]

https://nextjs.org/docs/messages/module-not-found


./.gemini/antigravity/scratch/teacher-tracking/node_modules/lucide-react/dist/esm/lucide-react.mjs:1557:1
Module not found: Can't resolve './icons/ticket-x.mjs'
  [90m1555 |[0m ...[33mcideTicketPlus[0m, [36mdefault[0m [36mas[0m [33mTicketPlus[0m, [36mdefault[0m [36mas[0m [33mTicketPlusIcon[0m ..[36m.[0m
  [90m1556 |[0m ...[33mcideTicketSlash[0m, [36mdefault[0m [36mas[0m [33mTicketSlash[0m, [36mdefault[0m [36mas[0m [33mTicketSlashIc..[0m.
[31m[1m>[0m [90m1557 |[0m ...[33mcideTicketX[0m, [36mdefault[0m [36mas[0m [33mTicketX[0m, [36mdefault[0m [36mas[0m [33mTicketXIcon[0m } [36mfrom[0m [32m'....[0m
  [90m     |[0m    [31m[1m^^^^^^^^^^^^^^^^^^^^^^^^^^^^^^^^^^^^^^^^^^^^^^^^^^^^^^^^^^^^^^^^^^^^[0m
  [90m1558 |[0m ...[33mcideTicket[0m, [36mdefault[0m [36mas[0m [33mTicket[0m, [36mdefault[0m [36mas[0m [33mTicketIcon[0m } [36mfrom[0m [32m'./ic...[0m
  [90m1559 |[0m ...[33mcideTicketsPlane[0m, [36mdefault[0m [36mas[0m [33mTicketsPlane[0m, [36mdefault[0m [36mas[0m [33mTicketsPlan...[0m
  [90m1560 |[0m ...[33mcideTickets[0m, [36mdefault[0m [36mas[0m [33mTickets[0m, [36mdefault[0m [36mas[0m [33mTicketsIcon[0m } [36mfrom[0m [32m'....[0m



Import traces:
  Client Component Browser:
    ./.gemini/antigravity/scratch/teacher-tracking/node_modules/lucide-react/dist/esm/lucide-react.mjs [Client Component Browser]
    ./.gemini/antigravity/scratch/teacher-tracking/src/components/pages/DailyTasksPage.tsx [Client Component Browser]
    ./.gemini/antigravity/scratch/teacher-tracking/src/components/AppShell.tsx [Client Component Browser]
    ./.gemini/antigravity/scratch/teacher-tracking/src/app/page.tsx [Client Component Browser]
    ./.gemini/antigravity/scratch/teacher-tracking/src/app/page.tsx [Server Component]

  Client Component SSR:
    ./.gemini/antigravity/scratch/teacher-tracking/node_modules/lucide-react/dist/esm/lucide-react.mjs [Client Component SSR]
    ./.gemini/antigravity/scratch/teacher-tracking/src/components/pages/DailyTasksPage.tsx [Client Component SSR]
    ./.gemini/antigravity/scratch/teacher-tracking/src/components/AppShell.tsx [Client Component SSR]
    ./.gemini/antigravity/scratch/teacher-tracking/src/app/page.tsx [Client Component SSR]
    ./.gemini/antigravity/scratch/teacher-tracking/src/app/page.tsx [Server Component]

https://nextjs.org/docs/messages/module-not-found


./.gemini/antigravity/scratch/teacher-tracking/node_modules/lucide-react/dist/esm/lucide-react.mjs:1558:1
Module not found: Can't resolve './icons/ticket.mjs'
  [90m1556 |[0m ... [33mLucideTicketSlash[0m, [36mdefault[0m [36mas[0m [33mTicketSlash[0m, [36mdefault[0m [36mas[0m [33mTicketSlas...[0m
  [90m1557 |[0m ... [33mLucideTicketX[0m, [36mdefault[0m [36mas[0m [33mTicketX[0m, [36mdefault[0m [36mas[0m [33mTicketXIcon[0m } [36mfrom[0m.[32m..[0m
[31m[1m>[0m [90m1558 |[0m ... [33mLucideTicket[0m, [36mdefault[0m [36mas[0m [33mTicket[0m, [36mdefault[0m [36mas[0m [33mTicketIcon[0m } [36mfrom[0m [32m'....[0m
  [90m     |[0m    [31m[1m^^^^^^^^^^^^^^^^^^^^^^^^^^^^^^^^^^^^^^^^^^^^^^^^^^^^^^^^^^^^^^^^^^^^[0m
  [90m1559 |[0m ... [33mLucideTicketsPlane[0m, [36mdefault[0m [36mas[0m [33mTicketsPlane[0m, [36mdefault[0m [36mas[0m [33mTicketsP...[0m
  [90m1560 |[0m ... [33mLucideTickets[0m, [36mdefault[0m [36mas[0m [33mTickets[0m, [36mdefault[0m [36mas[0m [33mTicketsIcon[0m } [36mfrom[0m.[32m..[0m
  [90m1561 |[0m ... [33mLucideTimeline[0m, [36mdefault[0m [36mas[0m [33mTimeline[0m, [36mdefault[0m [36mas[0m [33mTimelineIcon[0m } [36mf...[0m



Import traces:
  Client Component Browser:
    ./.gemini/antigravity/scratch/teacher-tracking/node_modules/lucide-react/dist/esm/lucide-react.mjs [Client Component Browser]
    ./.gemini/antigravity/scratch/teacher-tracking/src/components/pages/DailyTasksPage.tsx [Client Component Browser]
    ./.gemini/antigravity/scratch/teacher-tracking/src/components/AppShell.tsx [Client Component Browser]
    ./.gemini/antigravity/scratch/teacher-tracking/src/app/page.tsx [Client Component Browser]
    ./.gemini/antigravity/scratch/teacher-tracking/src/app/page.tsx [Server Component]

  Client Component SSR:
    ./.gemini/antigravity/scratch/teacher-tracking/node_modules/lucide-react/dist/esm/lucide-react.mjs [Client Component SSR]
    ./.gemini/antigravity/scratch/teacher-tracking/src/components/pages/DailyTasksPage.tsx [Client Component SSR]
    ./.gemini/antigravity/scratch/teacher-tracking/src/components/AppShell.tsx [Client Component SSR]
    ./.gemini/antigravity/scratch/teacher-tracking/src/app/page.tsx [Client Component SSR]
    ./.gemini/antigravity/scratch/teacher-tracking/src/app/page.tsx [Server Component]

https://nextjs.org/docs/messages/module-not-found


./.gemini/antigravity/scratch/teacher-tracking/node_modules/lucide-react/dist/esm/lucide-react.mjs:1559:1
Module not found: Can't resolve './icons/tickets-plane.mjs'
  [90m1557 |[0m ...[33mX[0m, [36mdefault[0m [36mas[0m [33mTicketX[0m, [36mdefault[0m [36mas[0m [33mTicketXIcon[0m } [36mfrom[0m [32m'./icons/tic...[0m
  [90m1558 |[0m ..., [36mdefault[0m [36mas[0m [33mTicket[0m, [36mdefault[0m [36mas[0m [33mTicketIcon[0m } [36mfrom[0m [32m'./icons/ticket...[0m
[31m[1m>[0m [90m1559 |[0m ...[33msPlane[0m, [36mdefault[0m [36mas[0m [33mTicketsPlane[0m, [36mdefault[0m [36mas[0m [33mTicketsPlaneIcon[0m } [36mfr..[0m.
  [90m     |[0m    [31m[1m^^^^^^^^^^^^^^^^^^^^^^^^^^^^^^^^^^^^^^^^^^^^^^^^^^^^^^^^^^^^^^^^^^^^[0m
  [90m1560 |[0m ...[33ms[0m, [36mdefault[0m [36mas[0m [33mTickets[0m, [36mdefault[0m [36mas[0m [33mTicketsIcon[0m } [36mfrom[0m [32m'./icons/tic...[0m
  [90m1561 |[0m ...[33mne[0m, [36mdefault[0m [36mas[0m [33mTimeline[0m, [36mdefault[0m [36mas[0m [33mTimelineIcon[0m } [36mfrom[0m [32m'./icons/...[0m
  [90m1562 |[0m ...[33mff[0m, [36mdefault[0m [36mas[0m [33mTimerOff[0m, [36mdefault[0m [36mas[0m [33mTimerOffIcon[0m } [36mfrom[0m [32m'./icons/...[0m



Import traces:
  Client Component Browser:
    ./.gemini/antigravity/scratch/teacher-tracking/node_modules/lucide-react/dist/esm/lucide-react.mjs [Client Component Browser]
    ./.gemini/antigravity/scratch/teacher-tracking/src/components/pages/DailyTasksPage.tsx [Client Component Browser]
    ./.gemini/antigravity/scratch/teacher-tracking/src/components/AppShell.tsx [Client Component Browser]
    ./.gemini/antigravity/scratch/teacher-tracking/src/app/page.tsx [Client Component Browser]
    ./.gemini/antigravity/scratch/teacher-tracking/src/app/page.tsx [Server Component]

  Client Component SSR:
    ./.gemini/antigravity/scratch/teacher-tracking/node_modules/lucide-react/dist/esm/lucide-react.mjs [Client Component SSR]
    ./.gemini/antigravity/scratch/teacher-tracking/src/components/pages/DailyTasksPage.tsx [Client Component SSR]
    ./.gemini/antigravity/scratch/teacher-tracking/src/components/AppShell.tsx [Client Component SSR]
    ./.gemini/antigravity/scratch/teacher-tracking/src/app/page.tsx [Client Component SSR]
    ./.gemini/antigravity/scratch/teacher-tracking/src/app/page.tsx [Server Component]

https://nextjs.org/docs/messages/module-not-found


./.gemini/antigravity/scratch/teacher-tracking/node_modules/lucide-react/dist/esm/lucide-react.mjs:1560:1
Module not found: Can't resolve './icons/tickets.mjs'
  [90m1558 |[0m ...[33mucideTicket[0m, [36mdefault[0m [36mas[0m [33mTicket[0m, [36mdefault[0m [36mas[0m [33mTicketIcon[0m } [36mfrom[0m [32m'./i...[0m
  [90m1559 |[0m ...[33mucideTicketsPlane[0m, [36mdefault[0m [36mas[0m [33mTicketsPlane[0m, [36mdefault[0m [36mas[0m [33mTicketsPla...[0m
[31m[1m>[0m [90m1560 |[0m ...[33mucideTickets[0m, [36mdefault[0m [36mas[0m [33mTickets[0m, [36mdefault[0m [36mas[0m [33mTicketsIcon[0m } [36mfrom[0m [32m'...[0m
  [90m     |[0m    [31m[1m^^^^^^^^^^^^^^^^^^^^^^^^^^^^^^^^^^^^^^^^^^^^^^^^^^^^^^^^^^^^^^^^^^^^[0m
  [90m1561 |[0m ...[33mucideTimeline[0m, [36mdefault[0m [36mas[0m [33mTimeline[0m, [36mdefault[0m [36mas[0m [33mTimelineIcon[0m } [36mfro.[0m.[32m.[0m
  [90m1562 |[0m ...[33mucideTimerOff[0m, [36mdefault[0m [36mas[0m [33mTimerOff[0m, [36mdefault[0m [36mas[0m [33mTimerOffIcon[0m } [36mfro.[0m.[32m.[0m
  [90m1563 |[0m ...[33mucideTimerReset[0m, [36mdefault[0m [36mas[0m [33mTimerReset[0m, [36mdefault[0m [36mas[0m [33mTimerResetIcon[0m...



Import traces:
  Client Component Browser:
    ./.gemini/antigravity/scratch/teacher-tracking/node_modules/lucide-react/dist/esm/lucide-react.mjs [Client Component Browser]
    ./.gemini/antigravity/scratch/teacher-tracking/src/components/pages/DailyTasksPage.tsx [Client Component Browser]
    ./.gemini/antigravity/scratch/teacher-tracking/src/components/AppShell.tsx [Client Component Browser]
    ./.gemini/antigravity/scratch/teacher-tracking/src/app/page.tsx [Client Component Browser]
    ./.gemini/antigravity/scratch/teacher-tracking/src/app/page.tsx [Server Component]

  Client Component SSR:
    ./.gemini/antigravity/scratch/teacher-tracking/node_modules/lucide-react/dist/esm/lucide-react.mjs [Client Component SSR]
    ./.gemini/antigravity/scratch/teacher-tracking/src/components/pages/DailyTasksPage.tsx [Client Component SSR]
    ./.gemini/antigravity/scratch/teacher-tracking/src/components/AppShell.tsx [Client Component SSR]
    ./.gemini/antigravity/scratch/teacher-tracking/src/app/page.tsx [Client Component SSR]
    ./.gemini/antigravity/scratch/teacher-tracking/src/app/page.tsx [Server Component]

https://nextjs.org/docs/messages/module-not-found


./.gemini/antigravity/scratch/teacher-tracking/node_modules/lucide-react/dist/esm/lucide-react.mjs:1561:1
Module not found: Can't resolve './icons/timeline.mjs'
  [90m1559 |[0m ...[33mideTicketsPlane[0m, [36mdefault[0m [36mas[0m [33mTicketsPlane[0m, [36mdefault[0m [36mas[0m [33mTicketsPlane...[0m
  [90m1560 |[0m ...[33mideTickets[0m, [36mdefault[0m [36mas[0m [33mTickets[0m, [36mdefault[0m [36mas[0m [33mTicketsIcon[0m } [36mfrom[0m [32m'./...[0m
[31m[1m>[0m [90m1561 |[0m ...[33mideTimeline[0m, [36mdefault[0m [36mas[0m [33mTimeline[0m, [36mdefault[0m [36mas[0m [33mTimelineIcon[0m } [36mfrom[0m [32m...[0m
  [90m     |[0m    [31m[1m^^^^^^^^^^^^^^^^^^^^^^^^^^^^^^^^^^^^^^^^^^^^^^^^^^^^^^^^^^^^^^^^^^^^[0m
  [90m1562 |[0m ...[33mideTimerOff[0m, [36mdefault[0m [36mas[0m [33mTimerOff[0m, [36mdefault[0m [36mas[0m [33mTimerOffIcon[0m } [36mfrom[0m [32m...[0m
  [90m1563 |[0m ...[33mideTimerReset[0m, [36mdefault[0m [36mas[0m [33mTimerReset[0m, [36mdefault[0m [36mas[0m [33mTimerResetIcon[0m }.[36m..[0m
  [90m1564 |[0m ...[33mideToggleLeft[0m, [36mdefault[0m [36mas[0m [33mToggleLeft[0m, [36mdefault[0m [36mas[0m [33mToggleLeftIcon[0m }.[36m..[0m



Import traces:
  Client Component Browser:
    ./.gemini/antigravity/scratch/teacher-tracking/node_modules/lucide-react/dist/esm/lucide-react.mjs [Client Component Browser]
    ./.gemini/antigravity/scratch/teacher-tracking/src/components/pages/DailyTasksPage.tsx [Client Component Browser]
    ./.gemini/antigravity/scratch/teacher-tracking/src/components/AppShell.tsx [Client Component Browser]
    ./.gemini/antigravity/scratch/teacher-tracking/src/app/page.tsx [Client Component Browser]
    ./.gemini/antigravity/scratch/teacher-tracking/src/app/page.tsx [Server Component]

  Client Component SSR:
    ./.gemini/antigravity/scratch/teacher-tracking/node_modules/lucide-react/dist/esm/lucide-react.mjs [Client Component SSR]
    ./.gemini/antigravity/scratch/teacher-tracking/src/components/pages/DailyTasksPage.tsx [Client Component SSR]
    ./.gemini/antigravity/scratch/teacher-tracking/src/components/AppShell.tsx [Client Component SSR]
    ./.gemini/antigravity/scratch/teacher-tracking/src/app/page.tsx [Client Component SSR]
    ./.gemini/antigravity/scratch/teacher-tracking/src/app/page.tsx [Server Component]

https://nextjs.org/docs/messages/module-not-found


./.gemini/antigravity/scratch/teacher-tracking/node_modules/lucide-react/dist/esm/lucide-react.mjs:1562:1
Module not found: Can't resolve './icons/timer-off.mjs'
  [90m1560 |[0m ...[33mdeTickets[0m, [36mdefault[0m [36mas[0m [33mTickets[0m, [36mdefault[0m [36mas[0m [33mTicketsIcon[0m } [36mfrom[0m [32m'./i...[0m
  [90m1561 |[0m ...[33mdeTimeline[0m, [36mdefault[0m [36mas[0m [33mTimeline[0m, [36mdefault[0m [36mas[0m [33mTimelineIcon[0m } [36mfrom[0m [32m'...[0m
[31m[1m>[0m [90m1562 |[0m ...[33mdeTimerOff[0m, [36mdefault[0m [36mas[0m [33mTimerOff[0m, [36mdefault[0m [36mas[0m [33mTimerOffIcon[0m } [36mfrom[0m [32m'...[0m
  [90m     |[0m    [31m[1m^^^^^^^^^^^^^^^^^^^^^^^^^^^^^^^^^^^^^^^^^^^^^^^^^^^^^^^^^^^^^^^^^^^^[0m
  [90m1563 |[0m ...[33mdeTimerReset[0m, [36mdefault[0m [36mas[0m [33mTimerReset[0m, [36mdefault[0m [36mas[0m [33mTimerResetIcon[0m } [36m...[0m
  [90m1564 |[0m ...[33mdeToggleLeft[0m, [36mdefault[0m [36mas[0m [33mToggleLeft[0m, [36mdefault[0m [36mas[0m [33mToggleLeftIcon[0m } [36m...[0m
  [90m1565 |[0m ...[33mdeToggleRight[0m, [36mdefault[0m [36mas[0m [33mToggleRight[0m, [36mdefault[0m [36mas[0m [33mToggleRightIcon[0m...



Import traces:
  Client Component Browser:
    ./.gemini/antigravity/scratch/teacher-tracking/node_modules/lucide-react/dist/esm/lucide-react.mjs [Client Component Browser]
    ./.gemini/antigravity/scratch/teacher-tracking/src/components/pages/DailyTasksPage.tsx [Client Component Browser]
    ./.gemini/antigravity/scratch/teacher-tracking/src/components/AppShell.tsx [Client Component Browser]
    ./.gemini/antigravity/scratch/teacher-tracking/src/app/page.tsx [Client Component Browser]
    ./.gemini/antigravity/scratch/teacher-tracking/src/app/page.tsx [Server Component]

  Client Component SSR:
    ./.gemini/antigravity/scratch/teacher-tracking/node_modules/lucide-react/dist/esm/lucide-react.mjs [Client Component SSR]
    ./.gemini/antigravity/scratch/teacher-tracking/src/components/pages/DailyTasksPage.tsx [Client Component SSR]
    ./.gemini/antigravity/scratch/teacher-tracking/src/components/AppShell.tsx [Client Component SSR]
    ./.gemini/antigravity/scratch/teacher-tracking/src/app/page.tsx [Client Component SSR]
    ./.gemini/antigravity/scratch/teacher-tracking/src/app/page.tsx [Server Component]

https://nextjs.org/docs/messages/module-not-found


./.gemini/antigravity/scratch/teacher-tracking/node_modules/lucide-react/dist/esm/lucide-react.mjs:1563:1
Module not found: Can't resolve './icons/timer-reset.mjs'
  [90m1561 |[0m ...[33mmeline[0m, [36mdefault[0m [36mas[0m [33mTimeline[0m, [36mdefault[0m [36mas[0m [33mTimelineIcon[0m } [36mfrom[0m [32m'./ic...[0m
  [90m1562 |[0m ...[33mmerOff[0m, [36mdefault[0m [36mas[0m [33mTimerOff[0m, [36mdefault[0m [36mas[0m [33mTimerOffIcon[0m } [36mfrom[0m [32m'./ic...[0m
[31m[1m>[0m [90m1563 |[0m ...[33mmerReset[0m, [36mdefault[0m [36mas[0m [33mTimerReset[0m, [36mdefault[0m [36mas[0m [33mTimerResetIcon[0m } [36mfrom[0m.[32m..[0m
  [90m     |[0m    [31m[1m^^^^^^^^^^^^^^^^^^^^^^^^^^^^^^^^^^^^^^^^^^^^^^^^^^^^^^^^^^^^^^^^^^^^[0m
  [90m1564 |[0m ...[33mggleLeft[0m, [36mdefault[0m [36mas[0m [33mToggleLeft[0m, [36mdefault[0m [36mas[0m [33mToggleLeftIcon[0m } [36mfrom[0m.[32m..[0m
  [90m1565 |[0m ...[33mggleRight[0m, [36mdefault[0m [36mas[0m [33mToggleRight[0m, [36mdefault[0m [36mas[0m [33mToggleRightIcon[0m } [36mf...[0m
  [90m1566 |[0m ...[33mmer[0m, [36mdefault[0m [36mas[0m [33mTimer[0m, [36mdefault[0m [36mas[0m [33mTimerIcon[0m } [36mfrom[0m [32m'./icons/timer...[0m



Import traces:
  Client Component Browser:
    ./.gemini/antigravity/scratch/teacher-tracking/node_modules/lucide-react/dist/esm/lucide-react.mjs [Client Component Browser]
    ./.gemini/antigravity/scratch/teacher-tracking/src/components/pages/DailyTasksPage.tsx [Client Component Browser]
    ./.gemini/antigravity/scratch/teacher-tracking/src/components/AppShell.tsx [Client Component Browser]
    ./.gemini/antigravity/scratch/teacher-tracking/src/app/page.tsx [Client Component Browser]
    ./.gemini/antigravity/scratch/teacher-tracking/src/app/page.tsx [Server Component]

  Client Component SSR:
    ./.gemini/antigravity/scratch/teacher-tracking/node_modules/lucide-react/dist/esm/lucide-react.mjs [Client Component SSR]
    ./.gemini/antigravity/scratch/teacher-tracking/src/components/pages/DailyTasksPage.tsx [Client Component SSR]
    ./.gemini/antigravity/scratch/teacher-tracking/src/components/AppShell.tsx [Client Component SSR]
    ./.gemini/antigravity/scratch/teacher-tracking/src/app/page.tsx [Client Component SSR]
    ./.gemini/antigravity/scratch/teacher-tracking/src/app/page.tsx [Server Component]

https://nextjs.org/docs/messages/module-not-found


./.gemini/antigravity/scratch/teacher-tracking/node_modules/lucide-react/dist/esm/lucide-react.mjs:1566:1
Module not found: Can't resolve './icons/timer.mjs'
  [90m1564 |[0m ...[36mas[0m [33mLucideToggleLeft[0m, [36mdefault[0m [36mas[0m [33mToggleLeft[0m, [36mdefault[0m [36mas[0m [33mToggleLeft...[0m
  [90m1565 |[0m ...[36mas[0m [33mLucideToggleRight[0m, [36mdefault[0m [36mas[0m [33mToggleRight[0m, [36mdefault[0m [36mas[0m [33mToggleRi...[0m
[31m[1m>[0m [90m1566 |[0m ...[36mas[0m [33mLucideTimer[0m, [36mdefault[0m [36mas[0m [33mTimer[0m, [36mdefault[0m [36mas[0m [33mTimerIcon[0m } [36mfrom[0m [32m'./...[0m
  [90m     |[0m    [31m[1m^^^^^^^^^^^^^^^^^^^^^^^^^^^^^^^^^^^^^^^^^^^^^^^^^^^^^^^^^^^^^^^^^^^^[0m
  [90m1567 |[0m ...[36mas[0m [33mLucideToilet[0m, [36mdefault[0m [36mas[0m [33mToilet[0m, [36mdefault[0m [36mas[0m [33mToiletIcon[0m } [36mfrom[0m [32m...[0m
  [90m1568 |[0m ...[36mas[0m [33mLucideToolCase[0m, [36mdefault[0m [36mas[0m [33mToolCase[0m, [36mdefault[0m [36mas[0m [33mToolCaseIcon[0m }.[36m..[0m
  [90m1569 |[0m ...[36mas[0m [33mLucideToolbox[0m, [36mdefault[0m [36mas[0m [33mToolbox[0m, [36mdefault[0m [36mas[0m [33mToolboxIcon[0m } [36mfr..[0m.



Import traces:
  Client Component Browser:
    ./.gemini/antigravity/scratch/teacher-tracking/node_modules/lucide-react/dist/esm/lucide-react.mjs [Client Component Browser]
    ./.gemini/antigravity/scratch/teacher-tracking/src/components/pages/DailyTasksPage.tsx [Client Component Browser]
    ./.gemini/antigravity/scratch/teacher-tracking/src/components/AppShell.tsx [Client Component Browser]
    ./.gemini/antigravity/scratch/teacher-tracking/src/app/page.tsx [Client Component Browser]
    ./.gemini/antigravity/scratch/teacher-tracking/src/app/page.tsx [Server Component]

  Client Component SSR:
    ./.gemini/antigravity/scratch/teacher-tracking/node_modules/lucide-react/dist/esm/lucide-react.mjs [Client Component SSR]
    ./.gemini/antigravity/scratch/teacher-tracking/src/components/pages/DailyTasksPage.tsx [Client Component SSR]
    ./.gemini/antigravity/scratch/teacher-tracking/src/components/AppShell.tsx [Client Component SSR]
    ./.gemini/antigravity/scratch/teacher-tracking/src/app/page.tsx [Client Component SSR]
    ./.gemini/antigravity/scratch/teacher-tracking/src/app/page.tsx [Server Component]

https://nextjs.org/docs/messages/module-not-found


./.gemini/antigravity/scratch/teacher-tracking/node_modules/lucide-react/dist/esm/lucide-react.mjs:1564:1
Module not found: Can't resolve './icons/toggle-left.mjs'
  [90m1562 |[0m ...[33mmerOff[0m, [36mdefault[0m [36mas[0m [33mTimerOff[0m, [36mdefault[0m [36mas[0m [33mTimerOffIcon[0m } [36mfrom[0m [32m'./ic...[0m
  [90m1563 |[0m ...[33mmerReset[0m, [36mdefault[0m [36mas[0m [33mTimerReset[0m, [36mdefault[0m [36mas[0m [33mTimerResetIcon[0m } [36mfrom[0m.[32m..[0m
[31m[1m>[0m [90m1564 |[0m ...[33mggleLeft[0m, [36mdefault[0m [36mas[0m [33mToggleLeft[0m, [36mdefault[0m [36mas[0m [33mToggleLeftIcon[0m } [36mfrom[0m.[32m..[0m
  [90m     |[0m    [31m[1m^^^^^^^^^^^^^^^^^^^^^^^^^^^^^^^^^^^^^^^^^^^^^^^^^^^^^^^^^^^^^^^^^^^^[0m
  [90m1565 |[0m ...[33mggleRight[0m, [36mdefault[0m [36mas[0m [33mToggleRight[0m, [36mdefault[0m [36mas[0m [33mToggleRightIcon[0m } [36mf...[0m
  [90m1566 |[0m ...[33mmer[0m, [36mdefault[0m [36mas[0m [33mTimer[0m, [36mdefault[0m [36mas[0m [33mTimerIcon[0m } [36mfrom[0m [32m'./icons/timer...[0m
  [90m1567 |[0m ...[33milet[0m, [36mdefault[0m [36mas[0m [33mToilet[0m, [36mdefault[0m [36mas[0m [33mToiletIcon[0m } [36mfrom[0m [32m'./icons/to...[0m



Import traces:
  Client Component Browser:
    ./.gemini/antigravity/scratch/teacher-tracking/node_modules/lucide-react/dist/esm/lucide-react.mjs [Client Component Browser]
    ./.gemini/antigravity/scratch/teacher-tracking/src/components/pages/DailyTasksPage.tsx [Client Component Browser]
    ./.gemini/antigravity/scratch/teacher-tracking/src/components/AppShell.tsx [Client Component Browser]
    ./.gemini/antigravity/scratch/teacher-tracking/src/app/page.tsx [Client Component Browser]
    ./.gemini/antigravity/scratch/teacher-tracking/src/app/page.tsx [Server Component]

  Client Component SSR:
    ./.gemini/antigravity/scratch/teacher-tracking/node_modules/lucide-react/dist/esm/lucide-react.mjs [Client Component SSR]
    ./.gemini/antigravity/scratch/teacher-tracking/src/components/pages/DailyTasksPage.tsx [Client Component SSR]
    ./.gemini/antigravity/scratch/teacher-tracking/src/components/AppShell.tsx [Client Component SSR]
    ./.gemini/antigravity/scratch/teacher-tracking/src/app/page.tsx [Client Component SSR]
    ./.gemini/antigravity/scratch/teacher-tracking/src/app/page.tsx [Server Component]

https://nextjs.org/docs/messages/module-not-found


./.gemini/antigravity/scratch/teacher-tracking/node_modules/lucide-react/dist/esm/lucide-react.mjs:1565:1
Module not found: Can't resolve './icons/toggle-right.mjs'
  [90m1563 |[0m ...[33mrReset[0m, [36mdefault[0m [36mas[0m [33mTimerReset[0m, [36mdefault[0m [36mas[0m [33mTimerResetIcon[0m } [36mfrom[0m [32m'...[0m
  [90m1564 |[0m ...[33mleLeft[0m, [36mdefault[0m [36mas[0m [33mToggleLeft[0m, [36mdefault[0m [36mas[0m [33mToggleLeftIcon[0m } [36mfrom[0m [32m'...[0m
[31m[1m>[0m [90m1565 |[0m ...[33mleRight[0m, [36mdefault[0m [36mas[0m [33mToggleRight[0m, [36mdefault[0m [36mas[0m [33mToggleRightIcon[0m } [36mfro.[0m.[32m.[0m
  [90m     |[0m    [31m[1m^^^^^^^^^^^^^^^^^^^^^^^^^^^^^^^^^^^^^^^^^^^^^^^^^^^^^^^^^^^^^^^^^^^^[0m
  [90m1566 |[0m ...[33mr[0m, [36mdefault[0m [36mas[0m [33mTimer[0m, [36mdefault[0m [36mas[0m [33mTimerIcon[0m } [36mfrom[0m [32m'./icons/timer.m...[0m
  [90m1567 |[0m ...[33met[0m, [36mdefault[0m [36mas[0m [33mToilet[0m, [36mdefault[0m [36mas[0m [33mToiletIcon[0m } [36mfrom[0m [32m'./icons/toil...[0m
  [90m1568 |[0m ...[33mCase[0m, [36mdefault[0m [36mas[0m [33mToolCase[0m, [36mdefault[0m [36mas[0m [33mToolCaseIcon[0m } [36mfrom[0m [32m'./icon...[0m



Import traces:
  Client Component Browser:
    ./.gemini/antigravity/scratch/teacher-tracking/node_modules/lucide-react/dist/esm/lucide-react.mjs [Client Component Browser]
    ./.gemini/antigravity/scratch/teacher-tracking/src/components/pages/DailyTasksPage.tsx [Client Component Browser]
    ./.gemini/antigravity/scratch/teacher-tracking/src/components/AppShell.tsx [Client Component Browser]
    ./.gemini/antigravity/scratch/teacher-tracking/src/app/page.tsx [Client Component Browser]
    ./.gemini/antigravity/scratch/teacher-tracking/src/app/page.tsx [Server Component]

  Client Component SSR:
    ./.gemini/antigravity/scratch/teacher-tracking/node_modules/lucide-react/dist/esm/lucide-react.mjs [Client Component SSR]
    ./.gemini/antigravity/scratch/teacher-tracking/src/components/pages/DailyTasksPage.tsx [Client Component SSR]
    ./.gemini/antigravity/scratch/teacher-tracking/src/components/AppShell.tsx [Client Component SSR]
    ./.gemini/antigravity/scratch/teacher-tracking/src/app/page.tsx [Client Component SSR]
    ./.gemini/antigravity/scratch/teacher-tracking/src/app/page.tsx [Server Component]

https://nextjs.org/docs/messages/module-not-found


./.gemini/antigravity/scratch/teacher-tracking/node_modules/lucide-react/dist/esm/lucide-react.mjs:1567:1
Module not found: Can't resolve './icons/toilet.mjs'
  [90m1565 |[0m ... [33mLucideToggleRight[0m, [36mdefault[0m [36mas[0m [33mToggleRight[0m, [36mdefault[0m [36mas[0m [33mToggleRigh...[0m
  [90m1566 |[0m ... [33mLucideTimer[0m, [36mdefault[0m [36mas[0m [33mTimer[0m, [36mdefault[0m [36mas[0m [33mTimerIcon[0m } [36mfrom[0m [32m'./ic...[0m
[31m[1m>[0m [90m1567 |[0m ... [33mLucideToilet[0m, [36mdefault[0m [36mas[0m [33mToilet[0m, [36mdefault[0m [36mas[0m [33mToiletIcon[0m } [36mfrom[0m [32m'....[0m
  [90m     |[0m    [31m[1m^^^^^^^^^^^^^^^^^^^^^^^^^^^^^^^^^^^^^^^^^^^^^^^^^^^^^^^^^^^^^^^^^^^^[0m
  [90m1568 |[0m ... [33mLucideToolCase[0m, [36mdefault[0m [36mas[0m [33mToolCase[0m, [36mdefault[0m [36mas[0m [33mToolCaseIcon[0m } [36mf...[0m
  [90m1569 |[0m ... [33mLucideToolbox[0m, [36mdefault[0m [36mas[0m [33mToolbox[0m, [36mdefault[0m [36mas[0m [33mToolboxIcon[0m } [36mfrom[0m.[32m..[0m
  [90m1570 |[0m ... [33mLucideTornado[0m, [36mdefault[0m [36mas[0m [33mTornado[0m, [36mdefault[0m [36mas[0m [33mTornadoIcon[0m } [36mfrom[0m.[32m..[0m



Import traces:
  Client Component Browser:
    ./.gemini/antigravity/scratch/teacher-tracking/node_modules/lucide-react/dist/esm/lucide-react.mjs [Client Component Browser]
    ./.gemini/antigravity/scratch/teacher-tracking/src/components/pages/DailyTasksPage.tsx [Client Component Browser]
    ./.gemini/antigravity/scratch/teacher-tracking/src/components/AppShell.tsx [Client Component Browser]
    ./.gemini/antigravity/scratch/teacher-tracking/src/app/page.tsx [Client Component Browser]
    ./.gemini/antigravity/scratch/teacher-tracking/src/app/page.tsx [Server Component]

  Client Component SSR:
    ./.gemini/antigravity/scratch/teacher-tracking/node_modules/lucide-react/dist/esm/lucide-react.mjs [Client Component SSR]
    ./.gemini/antigravity/scratch/teacher-tracking/src/components/pages/DailyTasksPage.tsx [Client Component SSR]
    ./.gemini/antigravity/scratch/teacher-tracking/src/components/AppShell.tsx [Client Component SSR]
    ./.gemini/antigravity/scratch/teacher-tracking/src/app/page.tsx [Client Component SSR]
    ./.gemini/antigravity/scratch/teacher-tracking/src/app/page.tsx [Server Component]

https://nextjs.org/docs/messages/module-not-found


./.gemini/antigravity/scratch/teacher-tracking/node_modules/lucide-react/dist/esm/lucide-react.mjs:1568:1
Module not found: Can't resolve './icons/tool-case.mjs'
  [90m1566 |[0m ...[33mdeTimer[0m, [36mdefault[0m [36mas[0m [33mTimer[0m, [36mdefault[0m [36mas[0m [33mTimerIcon[0m } [36mfrom[0m [32m'./icons/t...[0m
  [90m1567 |[0m ...[33mdeToilet[0m, [36mdefault[0m [36mas[0m [33mToilet[0m, [36mdefault[0m [36mas[0m [33mToiletIcon[0m } [36mfrom[0m [32m'./icon...[0m
[31m[1m>[0m [90m1568 |[0m ...[33mdeToolCase[0m, [36mdefault[0m [36mas[0m [33mToolCase[0m, [36mdefault[0m [36mas[0m [33mToolCaseIcon[0m } [36mfrom[0m [32m'...[0m
  [90m     |[0m    [31m[1m^^^^^^^^^^^^^^^^^^^^^^^^^^^^^^^^^^^^^^^^^^^^^^^^^^^^^^^^^^^^^^^^^^^^[0m
  [90m1569 |[0m ...[33mdeToolbox[0m, [36mdefault[0m [36mas[0m [33mToolbox[0m, [36mdefault[0m [36mas[0m [33mToolboxIcon[0m } [36mfrom[0m [32m'./i...[0m
  [90m1570 |[0m ...[33mdeTornado[0m, [36mdefault[0m [36mas[0m [33mTornado[0m, [36mdefault[0m [36mas[0m [33mTornadoIcon[0m } [36mfrom[0m [32m'./i...[0m
  [90m1571 |[0m ...[33mdeTorus[0m, [36mdefault[0m [36mas[0m [33mTorus[0m, [36mdefault[0m [36mas[0m [33mTorusIcon[0m } [36mfrom[0m [32m'./icons/t...[0m



Import traces:
  Client Component Browser:
    ./.gemini/antigravity/scratch/teacher-tracking/node_modules/lucide-react/dist/esm/lucide-react.mjs [Client Component Browser]
    ./.gemini/antigravity/scratch/teacher-tracking/src/components/pages/DailyTasksPage.tsx [Client Component Browser]
    ./.gemini/antigravity/scratch/teacher-tracking/src/components/AppShell.tsx [Client Component Browser]
    ./.gemini/antigravity/scratch/teacher-tracking/src/app/page.tsx [Client Component Browser]
    ./.gemini/antigravity/scratch/teacher-tracking/src/app/page.tsx [Server Component]

  Client Component SSR:
    ./.gemini/antigravity/scratch/teacher-tracking/node_modules/lucide-react/dist/esm/lucide-react.mjs [Client Component SSR]
    ./.gemini/antigravity/scratch/teacher-tracking/src/components/pages/DailyTasksPage.tsx [Client Component SSR]
    ./.gemini/antigravity/scratch/teacher-tracking/src/components/AppShell.tsx [Client Component SSR]
    ./.gemini/antigravity/scratch/teacher-tracking/src/app/page.tsx [Client Component SSR]
    ./.gemini/antigravity/scratch/teacher-tracking/src/app/page.tsx [Server Component]

https://nextjs.org/docs/messages/module-not-found


./.gemini/antigravity/scratch/teacher-tracking/node_modules/lucide-react/dist/esm/lucide-react.mjs:1569:1
Module not found: Can't resolve './icons/toolbox.mjs'
  [90m1567 |[0m ...[33mucideToilet[0m, [36mdefault[0m [36mas[0m [33mToilet[0m, [36mdefault[0m [36mas[0m [33mToiletIcon[0m } [36mfrom[0m [32m'./i...[0m
  [90m1568 |[0m ...[33mucideToolCase[0m, [36mdefault[0m [36mas[0m [33mToolCase[0m, [36mdefault[0m [36mas[0m [33mToolCaseIcon[0m } [36mfro.[0m.[32m.[0m
[31m[1m>[0m [90m1569 |[0m ...[33mucideToolbox[0m, [36mdefault[0m [36mas[0m [33mToolbox[0m, [36mdefault[0m [36mas[0m [33mToolboxIcon[0m } [36mfrom[0m [32m'...[0m
  [90m     |[0m    [31m[1m^^^^^^^^^^^^^^^^^^^^^^^^^^^^^^^^^^^^^^^^^^^^^^^^^^^^^^^^^^^^^^^^^^^^[0m
  [90m1570 |[0m ...[33mucideTornado[0m, [36mdefault[0m [36mas[0m [33mTornado[0m, [36mdefault[0m [36mas[0m [33mTornadoIcon[0m } [36mfrom[0m [32m'...[0m
  [90m1571 |[0m ...[33mucideTorus[0m, [36mdefault[0m [36mas[0m [33mTorus[0m, [36mdefault[0m [36mas[0m [33mTorusIcon[0m } [36mfrom[0m [32m'./icon...[0m
  [90m1572 |[0m ...[33mucideTouchpad[0m, [36mdefault[0m [36mas[0m [33mTouchpad[0m, [36mdefault[0m [36mas[0m [33mTouchpadIcon[0m } [36mfro.[0m.[32m.[0m



Import traces:
  Client Component Browser:
    ./.gemini/antigravity/scratch/teacher-tracking/node_modules/lucide-react/dist/esm/lucide-react.mjs [Client Component Browser]
    ./.gemini/antigravity/scratch/teacher-tracking/src/components/pages/DailyTasksPage.tsx [Client Component Browser]
    ./.gemini/antigravity/scratch/teacher-tracking/src/components/AppShell.tsx [Client Component Browser]
    ./.gemini/antigravity/scratch/teacher-tracking/src/app/page.tsx [Client Component Browser]
    ./.gemini/antigravity/scratch/teacher-tracking/src/app/page.tsx [Server Component]

  Client Component SSR:
    ./.gemini/antigravity/scratch/teacher-tracking/node_modules/lucide-react/dist/esm/lucide-react.mjs [Client Component SSR]
    ./.gemini/antigravity/scratch/teacher-tracking/src/components/pages/DailyTasksPage.tsx [Client Component SSR]
    ./.gemini/antigravity/scratch/teacher-tracking/src/components/AppShell.tsx [Client Component SSR]
    ./.gemini/antigravity/scratch/teacher-tracking/src/app/page.tsx [Client Component SSR]
    ./.gemini/antigravity/scratch/teacher-tracking/src/app/page.tsx [Server Component]

https://nextjs.org/docs/messages/module-not-found


./.gemini/antigravity/scratch/teacher-tracking/node_modules/lucide-react/dist/esm/lucide-react.mjs:1570:1
Module not found: Can't resolve './icons/tornado.mjs'
  [90m1568 |[0m ...[33mucideToolCase[0m, [36mdefault[0m [36mas[0m [33mToolCase[0m, [36mdefault[0m [36mas[0m [33mToolCaseIcon[0m } [36mfro.[0m.[32m.[0m
  [90m1569 |[0m ...[33mucideToolbox[0m, [36mdefault[0m [36mas[0m [33mToolbox[0m, [36mdefault[0m [36mas[0m [33mToolboxIcon[0m } [36mfrom[0m [32m'...[0m
[31m[1m>[0m [90m1570 |[0m ...[33mucideTornado[0m, [36mdefault[0m [36mas[0m [33mTornado[0m, [36mdefault[0m [36mas[0m [33mTornadoIcon[0m } [36mfrom[0m [32m'...[0m
  [90m     |[0m    [31m[1m^^^^^^^^^^^^^^^^^^^^^^^^^^^^^^^^^^^^^^^^^^^^^^^^^^^^^^^^^^^^^^^^^^^^[0m
  [90m1571 |[0m ...[33mucideTorus[0m, [36mdefault[0m [36mas[0m [33mTorus[0m, [36mdefault[0m [36mas[0m [33mTorusIcon[0m } [36mfrom[0m [32m'./icon...[0m
  [90m1572 |[0m ...[33mucideTouchpad[0m, [36mdefault[0m [36mas[0m [33mTouchpad[0m, [36mdefault[0m [36mas[0m [33mTouchpadIcon[0m } [36mfro.[0m.[32m.[0m
  [90m1573 |[0m ...[33mucideTouchpadOff[0m, [36mdefault[0m [36mas[0m [33mTouchpadOff[0m, [36mdefault[0m [36mas[0m [33mTouchpadOffI...[0m



Import traces:
  Client Component Browser:
    ./.gemini/antigravity/scratch/teacher-tracking/node_modules/lucide-react/dist/esm/lucide-react.mjs [Client Component Browser]
    ./.gemini/antigravity/scratch/teacher-tracking/src/components/pages/DailyTasksPage.tsx [Client Component Browser]
    ./.gemini/antigravity/scratch/teacher-tracking/src/components/AppShell.tsx [Client Component Browser]
    ./.gemini/antigravity/scratch/teacher-tracking/src/app/page.tsx [Client Component Browser]
    ./.gemini/antigravity/scratch/teacher-tracking/src/app/page.tsx [Server Component]

  Client Component SSR:
    ./.gemini/antigravity/scratch/teacher-tracking/node_modules/lucide-react/dist/esm/lucide-react.mjs [Client Component SSR]
    ./.gemini/antigravity/scratch/teacher-tracking/src/components/pages/DailyTasksPage.tsx [Client Component SSR]
    ./.gemini/antigravity/scratch/teacher-tracking/src/components/AppShell.tsx [Client Component SSR]
    ./.gemini/antigravity/scratch/teacher-tracking/src/app/page.tsx [Client Component SSR]
    ./.gemini/antigravity/scratch/teacher-tracking/src/app/page.tsx [Server Component]

https://nextjs.org/docs/messages/module-not-found


./.gemini/antigravity/scratch/teacher-tracking/node_modules/lucide-react/dist/esm/lucide-react.mjs:1571:1
Module not found: Can't resolve './icons/torus.mjs'
  [90m1569 |[0m ...[36mas[0m [33mLucideToolbox[0m, [36mdefault[0m [36mas[0m [33mToolbox[0m, [36mdefault[0m [36mas[0m [33mToolboxIcon[0m } [36mfr..[0m.
  [90m1570 |[0m ...[36mas[0m [33mLucideTornado[0m, [36mdefault[0m [36mas[0m [33mTornado[0m, [36mdefault[0m [36mas[0m [33mTornadoIcon[0m } [36mfr..[0m.
[31m[1m>[0m [90m1571 |[0m ...[36mas[0m [33mLucideTorus[0m, [36mdefault[0m [36mas[0m [33mTorus[0m, [36mdefault[0m [36mas[0m [33mTorusIcon[0m } [36mfrom[0m [32m'./...[0m
  [90m     |[0m    [31m[1m^^^^^^^^^^^^^^^^^^^^^^^^^^^^^^^^^^^^^^^^^^^^^^^^^^^^^^^^^^^^^^^^^^^^[0m
  [90m1572 |[0m ...[36mas[0m [33mLucideTouchpad[0m, [36mdefault[0m [36mas[0m [33mTouchpad[0m, [36mdefault[0m [36mas[0m [33mTouchpadIcon[0m }.[36m..[0m
  [90m1573 |[0m ...[36mas[0m [33mLucideTouchpadOff[0m, [36mdefault[0m [36mas[0m [33mTouchpadOff[0m, [36mdefault[0m [36mas[0m [33mTouchpad...[0m
  [90m1574 |[0m ...[36mas[0m [33mLucideTowelRack[0m, [36mdefault[0m [36mas[0m [33mTowelRack[0m, [36mdefault[0m [36mas[0m [33mTowelRackIco.[0m..



Import traces:
  Client Component Browser:
    ./.gemini/antigravity/scratch/teacher-tracking/node_modules/lucide-react/dist/esm/lucide-react.mjs [Client Component Browser]
    ./.gemini/antigravity/scratch/teacher-tracking/src/components/pages/DailyTasksPage.tsx [Client Component Browser]
    ./.gemini/antigravity/scratch/teacher-tracking/src/components/AppShell.tsx [Client Component Browser]
    ./.gemini/antigravity/scratch/teacher-tracking/src/app/page.tsx [Client Component Browser]
    ./.gemini/antigravity/scratch/teacher-tracking/src/app/page.tsx [Server Component]

  Client Component SSR:
    ./.gemini/antigravity/scratch/teacher-tracking/node_modules/lucide-react/dist/esm/lucide-react.mjs [Client Component SSR]
    ./.gemini/antigravity/scratch/teacher-tracking/src/components/pages/DailyTasksPage.tsx [Client Component SSR]
    ./.gemini/antigravity/scratch/teacher-tracking/src/components/AppShell.tsx [Client Component SSR]
    ./.gemini/antigravity/scratch/teacher-tracking/src/app/page.tsx [Client Component SSR]
    ./.gemini/antigravity/scratch/teacher-tracking/src/app/page.tsx [Server Component]

https://nextjs.org/docs/messages/module-not-found


./.gemini/antigravity/scratch/teacher-tracking/node_modules/lucide-react/dist/esm/lucide-react.mjs:1573:1
Module not found: Can't resolve './icons/touchpad-off.mjs'
  [90m1571 |[0m ...[33ms[0m, [36mdefault[0m [36mas[0m [33mTorus[0m, [36mdefault[0m [36mas[0m [33mTorusIcon[0m } [36mfrom[0m [32m'./icons/torus.m...[0m
  [90m1572 |[0m ...[33mhpad[0m, [36mdefault[0m [36mas[0m [33mTouchpad[0m, [36mdefault[0m [36mas[0m [33mTouchpadIcon[0m } [36mfrom[0m [32m'./icon...[0m
[31m[1m>[0m [90m1573 |[0m ...[33mhpadOff[0m, [36mdefault[0m [36mas[0m [33mTouchpadOff[0m, [36mdefault[0m [36mas[0m [33mTouchpadOffIcon[0m } [36mfro.[0m.[32m.[0m
  [90m     |[0m    [31m[1m^^^^^^^^^^^^^^^^^^^^^^^^^^^^^^^^^^^^^^^^^^^^^^^^^^^^^^^^^^^^^^^^^^^^[0m
  [90m1574 |[0m ...[33mlRack[0m, [36mdefault[0m [36mas[0m [33mTowelRack[0m, [36mdefault[0m [36mas[0m [33mTowelRackIcon[0m } [36mfrom[0m [32m'./i...[0m
  [90m1575 |[0m ...[33mrick[0m, [36mdefault[0m [36mas[0m [33mToyBrick[0m, [36mdefault[0m [36mas[0m [33mToyBrickIcon[0m } [36mfrom[0m [32m'./icon...[0m
  [90m1576 |[0m ...[33mtor[0m, [36mdefault[0m [36mas[0m [33mTractor[0m, [36mdefault[0m [36mas[0m [33mTractorIcon[0m } [36mfrom[0m [32m'./icons/t...[0m



Import traces:
  Client Component Browser:
    ./.gemini/antigravity/scratch/teacher-tracking/node_modules/lucide-react/dist/esm/lucide-react.mjs [Client Component Browser]
    ./.gemini/antigravity/scratch/teacher-tracking/src/components/pages/DailyTasksPage.tsx [Client Component Browser]
    ./.gemini/antigravity/scratch/teacher-tracking/src/components/AppShell.tsx [Client Component Browser]
    ./.gemini/antigravity/scratch/teacher-tracking/src/app/page.tsx [Client Component Browser]
    ./.gemini/antigravity/scratch/teacher-tracking/src/app/page.tsx [Server Component]

  Client Component SSR:
    ./.gemini/antigravity/scratch/teacher-tracking/node_modules/lucide-react/dist/esm/lucide-react.mjs [Client Component SSR]
    ./.gemini/antigravity/scratch/teacher-tracking/src/components/pages/DailyTasksPage.tsx [Client Component SSR]
    ./.gemini/antigravity/scratch/teacher-tracking/src/components/AppShell.tsx [Client Component SSR]
    ./.gemini/antigravity/scratch/teacher-tracking/src/app/page.tsx [Client Component SSR]
    ./.gemini/antigravity/scratch/teacher-tracking/src/app/page.tsx [Server Component]

https://nextjs.org/docs/messages/module-not-found


./.gemini/antigravity/scratch/teacher-tracking/node_modules/lucide-react/dist/esm/lucide-react.mjs:1572:1
Module not found: Can't resolve './icons/touchpad.mjs'
  [90m1570 |[0m ...[33mideTornado[0m, [36mdefault[0m [36mas[0m [33mTornado[0m, [36mdefault[0m [36mas[0m [33mTornadoIcon[0m } [36mfrom[0m [32m'./...[0m
  [90m1571 |[0m ...[33mideTorus[0m, [36mdefault[0m [36mas[0m [33mTorus[0m, [36mdefault[0m [36mas[0m [33mTorusIcon[0m } [36mfrom[0m [32m'./icons/...[0m
[31m[1m>[0m [90m1572 |[0m ...[33mideTouchpad[0m, [36mdefault[0m [36mas[0m [33mTouchpad[0m, [36mdefault[0m [36mas[0m [33mTouchpadIcon[0m } [36mfrom[0m [32m...[0m
  [90m     |[0m    [31m[1m^^^^^^^^^^^^^^^^^^^^^^^^^^^^^^^^^^^^^^^^^^^^^^^^^^^^^^^^^^^^^^^^^^^^[0m
  [90m1573 |[0m ...[33mideTouchpadOff[0m, [36mdefault[0m [36mas[0m [33mTouchpadOff[0m, [36mdefault[0m [36mas[0m [33mTouchpadOffIco.[0m..
  [90m1574 |[0m ...[33mideTowelRack[0m, [36mdefault[0m [36mas[0m [33mTowelRack[0m, [36mdefault[0m [36mas[0m [33mTowelRackIcon[0m } [36mfr..[0m.
  [90m1575 |[0m ...[33mideToyBrick[0m, [36mdefault[0m [36mas[0m [33mToyBrick[0m, [36mdefault[0m [36mas[0m [33mToyBrickIcon[0m } [36mfrom[0m [32m...[0m



Import traces:
  Client Component Browser:
    ./.gemini/antigravity/scratch/teacher-tracking/node_modules/lucide-react/dist/esm/lucide-react.mjs [Client Component Browser]
    ./.gemini/antigravity/scratch/teacher-tracking/src/components/pages/DailyTasksPage.tsx [Client Component Browser]
    ./.gemini/antigravity/scratch/teacher-tracking/src/components/AppShell.tsx [Client Component Browser]
    ./.gemini/antigravity/scratch/teacher-tracking/src/app/page.tsx [Client Component Browser]
    ./.gemini/antigravity/scratch/teacher-tracking/src/app/page.tsx [Server Component]

  Client Component SSR:
    ./.gemini/antigravity/scratch/teacher-tracking/node_modules/lucide-react/dist/esm/lucide-react.mjs [Client Component SSR]
    ./.gemini/antigravity/scratch/teacher-tracking/src/components/pages/DailyTasksPage.tsx [Client Component SSR]
    ./.gemini/antigravity/scratch/teacher-tracking/src/components/AppShell.tsx [Client Component SSR]
    ./.gemini/antigravity/scratch/teacher-tracking/src/app/page.tsx [Client Component SSR]
    ./.gemini/antigravity/scratch/teacher-tracking/src/app/page.tsx [Server Component]

https://nextjs.org/docs/messages/module-not-found


./.gemini/antigravity/scratch/teacher-tracking/node_modules/lucide-react/dist/esm/lucide-react.mjs:1574:1
Module not found: Can't resolve './icons/towel-rack.mjs'
  [90m1572 |[0m ...[33mTouchpad[0m, [36mdefault[0m [36mas[0m [33mTouchpad[0m, [36mdefault[0m [36mas[0m [33mTouchpadIcon[0m } [36mfrom[0m [32m'./...[0m
  [90m1573 |[0m ...[33mTouchpadOff[0m, [36mdefault[0m [36mas[0m [33mTouchpadOff[0m, [36mdefault[0m [36mas[0m [33mTouchpadOffIcon[0m }.[36m..[0m
[31m[1m>[0m [90m1574 |[0m ...[33mTowelRack[0m, [36mdefault[0m [36mas[0m [33mTowelRack[0m, [36mdefault[0m [36mas[0m [33mTowelRackIcon[0m } [36mfrom[0m [32m...[0m
  [90m     |[0m    [31m[1m^^^^^^^^^^^^^^^^^^^^^^^^^^^^^^^^^^^^^^^^^^^^^^^^^^^^^^^^^^^^^^^^^^^^[0m
  [90m1575 |[0m ...[33mToyBrick[0m, [36mdefault[0m [36mas[0m [33mToyBrick[0m, [36mdefault[0m [36mas[0m [33mToyBrickIcon[0m } [36mfrom[0m [32m'./...[0m
  [90m1576 |[0m ...[33mTractor[0m, [36mdefault[0m [36mas[0m [33mTractor[0m, [36mdefault[0m [36mas[0m [33mTractorIcon[0m } [36mfrom[0m [32m'./ico...[0m
  [90m1577 |[0m ...[33mTowerControl[0m, [36mdefault[0m [36mas[0m [33mTowerControl[0m, [36mdefault[0m [36mas[0m [33mTowerControlIco.[0m..



Import traces:
  Client Component Browser:
    ./.gemini/antigravity/scratch/teacher-tracking/node_modules/lucide-react/dist/esm/lucide-react.mjs [Client Component Browser]
    ./.gemini/antigravity/scratch/teacher-tracking/src/components/pages/DailyTasksPage.tsx [Client Component Browser]
    ./.gemini/antigravity/scratch/teacher-tracking/src/components/AppShell.tsx [Client Component Browser]
    ./.gemini/antigravity/scratch/teacher-tracking/src/app/page.tsx [Client Component Browser]
    ./.gemini/antigravity/scratch/teacher-tracking/src/app/page.tsx [Server Component]

  Client Component SSR:
    ./.gemini/antigravity/scratch/teacher-tracking/node_modules/lucide-react/dist/esm/lucide-react.mjs [Client Component SSR]
    ./.gemini/antigravity/scratch/teacher-tracking/src/components/pages/DailyTasksPage.tsx [Client Component SSR]
    ./.gemini/antigravity/scratch/teacher-tracking/src/components/AppShell.tsx [Client Component SSR]
    ./.gemini/antigravity/scratch/teacher-tracking/src/app/page.tsx [Client Component SSR]
    ./.gemini/antigravity/scratch/teacher-tracking/src/app/page.tsx [Server Component]

https://nextjs.org/docs/messages/module-not-found


./.gemini/antigravity/scratch/teacher-tracking/node_modules/lucide-react/dist/esm/lucide-react.mjs:1577:1
Module not found: Can't resolve './icons/tower-control.mjs'
  [90m1575 |[0m ...[33mck[0m, [36mdefault[0m [36mas[0m [33mToyBrick[0m, [36mdefault[0m [36mas[0m [33mToyBrickIcon[0m } [36mfrom[0m [32m'./icons/...[0m
  [90m1576 |[0m ...[33mr[0m, [36mdefault[0m [36mas[0m [33mTractor[0m, [36mdefault[0m [36mas[0m [33mTractorIcon[0m } [36mfrom[0m [32m'./icons/tra...[0m
[31m[1m>[0m [90m1577 |[0m ...[33montrol[0m, [36mdefault[0m [36mas[0m [33mTowerControl[0m, [36mdefault[0m [36mas[0m [33mTowerControlIcon[0m } [36mfr..[0m.
  [90m     |[0m    [31m[1m^^^^^^^^^^^^^^^^^^^^^^^^^^^^^^^^^^^^^^^^^^^^^^^^^^^^^^^^^^^^^^^^^^^^[0m
  [90m1578 |[0m ...[33mcCone[0m, [36mdefault[0m [36mas[0m [33mTrafficCone[0m, [36mdefault[0m [36mas[0m [33mTrafficConeIcon[0m } [36mfrom[0m [32m...[0m
  [90m1579 |[0m ...[33mrontTunnel[0m, [36mdefault[0m [36mas[0m [33mTrainFrontTunnel[0m, [36mdefault[0m [36mas[0m [33mTrainFrontTun...[0m
  [90m1580 |[0m ...[33mront[0m, [36mdefault[0m [36mas[0m [33mTrainFront[0m, [36mdefault[0m [36mas[0m [33mTrainFrontIcon[0m } [36mfrom[0m [32m'./...[0m



Import traces:
  Client Component Browser:
    ./.gemini/antigravity/scratch/teacher-tracking/node_modules/lucide-react/dist/esm/lucide-react.mjs [Client Component Browser]
    ./.gemini/antigravity/scratch/teacher-tracking/src/components/pages/DailyTasksPage.tsx [Client Component Browser]
    ./.gemini/antigravity/scratch/teacher-tracking/src/components/AppShell.tsx [Client Component Browser]
    ./.gemini/antigravity/scratch/teacher-tracking/src/app/page.tsx [Client Component Browser]
    ./.gemini/antigravity/scratch/teacher-tracking/src/app/page.tsx [Server Component]

  Client Component SSR:
    ./.gemini/antigravity/scratch/teacher-tracking/node_modules/lucide-react/dist/esm/lucide-react.mjs [Client Component SSR]
    ./.gemini/antigravity/scratch/teacher-tracking/src/components/pages/DailyTasksPage.tsx [Client Component SSR]
    ./.gemini/antigravity/scratch/teacher-tracking/src/components/AppShell.tsx [Client Component SSR]
    ./.gemini/antigravity/scratch/teacher-tracking/src/app/page.tsx [Client Component SSR]
    ./.gemini/antigravity/scratch/teacher-tracking/src/app/page.tsx [Server Component]

https://nextjs.org/docs/messages/module-not-found


./.gemini/antigravity/scratch/teacher-tracking/node_modules/lucide-react/dist/esm/lucide-react.mjs:1575:1
Module not found: Can't resolve './icons/toy-brick.mjs'
  [90m1573 |[0m ...[33mdeTouchpadOff[0m, [36mdefault[0m [36mas[0m [33mTouchpadOff[0m, [36mdefault[0m [36mas[0m [33mTouchpadOffIcon[0m...
  [90m1574 |[0m ...[33mdeTowelRack[0m, [36mdefault[0m [36mas[0m [33mTowelRack[0m, [36mdefault[0m [36mas[0m [33mTowelRackIcon[0m } [36mfro.[0m.[32m.[0m
[31m[1m>[0m [90m1575 |[0m ...[33mdeToyBrick[0m, [36mdefault[0m [36mas[0m [33mToyBrick[0m, [36mdefault[0m [36mas[0m [33mToyBrickIcon[0m } [36mfrom[0m [32m'...[0m
  [90m     |[0m    [31m[1m^^^^^^^^^^^^^^^^^^^^^^^^^^^^^^^^^^^^^^^^^^^^^^^^^^^^^^^^^^^^^^^^^^^^[0m
  [90m1576 |[0m ...[33mdeTractor[0m, [36mdefault[0m [36mas[0m [33mTractor[0m, [36mdefault[0m [36mas[0m [33mTractorIcon[0m } [36mfrom[0m [32m'./i...[0m
  [90m1577 |[0m ...[33mdeTowerControl[0m, [36mdefault[0m [36mas[0m [33mTowerControl[0m, [36mdefault[0m [36mas[0m [33mTowerControlI...[0m
  [90m1578 |[0m ...[33mdeTrafficCone[0m, [36mdefault[0m [36mas[0m [33mTrafficCone[0m, [36mdefault[0m [36mas[0m [33mTrafficConeIcon[0m...



Import traces:
  Client Component Browser:
    ./.gemini/antigravity/scratch/teacher-tracking/node_modules/lucide-react/dist/esm/lucide-react.mjs [Client Component Browser]
    ./.gemini/antigravity/scratch/teacher-tracking/src/components/pages/DailyTasksPage.tsx [Client Component Browser]
    ./.gemini/antigravity/scratch/teacher-tracking/src/components/AppShell.tsx [Client Component Browser]
    ./.gemini/antigravity/scratch/teacher-tracking/src/app/page.tsx [Client Component Browser]
    ./.gemini/antigravity/scratch/teacher-tracking/src/app/page.tsx [Server Component]

  Client Component SSR:
    ./.gemini/antigravity/scratch/teacher-tracking/node_modules/lucide-react/dist/esm/lucide-react.mjs [Client Component SSR]
    ./.gemini/antigravity/scratch/teacher-tracking/src/components/pages/DailyTasksPage.tsx [Client Component SSR]
    ./.gemini/antigravity/scratch/teacher-tracking/src/components/AppShell.tsx [Client Component SSR]
    ./.gemini/antigravity/scratch/teacher-tracking/src/app/page.tsx [Client Component SSR]
    ./.gemini/antigravity/scratch/teacher-tracking/src/app/page.tsx [Server Component]

https://nextjs.org/docs/messages/module-not-found


./.gemini/antigravity/scratch/teacher-tracking/node_modules/lucide-react/dist/esm/lucide-react.mjs:1576:1
Module not found: Can't resolve './icons/tractor.mjs'
  [90m1574 |[0m ...[33mucideTowelRack[0m, [36mdefault[0m [36mas[0m [33mTowelRack[0m, [36mdefault[0m [36mas[0m [33mTowelRackIcon[0m } [36m...[0m
  [90m1575 |[0m ...[33mucideToyBrick[0m, [36mdefault[0m [36mas[0m [33mToyBrick[0m, [36mdefault[0m [36mas[0m [33mToyBrickIcon[0m } [36mfro.[0m.[32m.[0m
[31m[1m>[0m [90m1576 |[0m ...[33mucideTractor[0m, [36mdefault[0m [36mas[0m [33mTractor[0m, [36mdefault[0m [36mas[0m [33mTractorIcon[0m } [36mfrom[0m [32m'...[0m
  [90m     |[0m    [31m[1m^^^^^^^^^^^^^^^^^^^^^^^^^^^^^^^^^^^^^^^^^^^^^^^^^^^^^^^^^^^^^^^^^^^^[0m
  [90m1577 |[0m ...[33mucideTowerControl[0m, [36mdefault[0m [36mas[0m [33mTowerControl[0m, [36mdefault[0m [36mas[0m [33mTowerContr...[0m
  [90m1578 |[0m ...[33mucideTrafficCone[0m, [36mdefault[0m [36mas[0m [33mTrafficCone[0m, [36mdefault[0m [36mas[0m [33mTrafficConeI...[0m
  [90m1579 |[0m ...[33mucideTrainFrontTunnel[0m, [36mdefault[0m [36mas[0m [33mTrainFrontTunnel[0m, [36mdefault[0m [36mas[0m [33mTr...[0m



Import traces:
  Client Component Browser:
    ./.gemini/antigravity/scratch/teacher-tracking/node_modules/lucide-react/dist/esm/lucide-react.mjs [Client Component Browser]
    ./.gemini/antigravity/scratch/teacher-tracking/src/components/pages/DailyTasksPage.tsx [Client Component Browser]
    ./.gemini/antigravity/scratch/teacher-tracking/src/components/AppShell.tsx [Client Component Browser]
    ./.gemini/antigravity/scratch/teacher-tracking/src/app/page.tsx [Client Component Browser]
    ./.gemini/antigravity/scratch/teacher-tracking/src/app/page.tsx [Server Component]

  Client Component SSR:
    ./.gemini/antigravity/scratch/teacher-tracking/node_modules/lucide-react/dist/esm/lucide-react.mjs [Client Component SSR]
    ./.gemini/antigravity/scratch/teacher-tracking/src/components/pages/DailyTasksPage.tsx [Client Component SSR]
    ./.gemini/antigravity/scratch/teacher-tracking/src/components/AppShell.tsx [Client Component SSR]
    ./.gemini/antigravity/scratch/teacher-tracking/src/app/page.tsx [Client Component SSR]
    ./.gemini/antigravity/scratch/teacher-tracking/src/app/page.tsx [Server Component]

https://nextjs.org/docs/messages/module-not-found


./.gemini/antigravity/scratch/teacher-tracking/node_modules/lucide-react/dist/esm/lucide-react.mjs:1578:1
Module not found: Can't resolve './icons/traffic-cone.mjs'
  [90m1576 |[0m ...[33mtor[0m, [36mdefault[0m [36mas[0m [33mTractor[0m, [36mdefault[0m [36mas[0m [33mTractorIcon[0m } [36mfrom[0m [32m'./icons/t...[0m
  [90m1577 |[0m ...[33mrControl[0m, [36mdefault[0m [36mas[0m [33mTowerControl[0m, [36mdefault[0m [36mas[0m [33mTowerControlIcon[0m } [36m...[0m
[31m[1m>[0m [90m1578 |[0m ...[33mficCone[0m, [36mdefault[0m [36mas[0m [33mTrafficCone[0m, [36mdefault[0m [36mas[0m [33mTrafficConeIcon[0m } [36mfro.[0m.[32m.[0m
  [90m     |[0m    [31m[1m^^^^^^^^^^^^^^^^^^^^^^^^^^^^^^^^^^^^^^^^^^^^^^^^^^^^^^^^^^^^^^^^^^^^[0m
  [90m1579 |[0m ...[33mnFrontTunnel[0m, [36mdefault[0m [36mas[0m [33mTrainFrontTunnel[0m, [36mdefault[0m [36mas[0m [33mTrainFrontT...[0m
  [90m1580 |[0m ...[33mnFront[0m, [36mdefault[0m [36mas[0m [33mTrainFront[0m, [36mdefault[0m [36mas[0m [33mTrainFrontIcon[0m } [36mfrom[0m [32m'...[0m
  [90m1581 |[0m ...[33mnTrack[0m, [36mdefault[0m [36mas[0m [33mTrainTrack[0m, [36mdefault[0m [36mas[0m [33mTrainTrackIcon[0m } [36mfrom[0m [32m'...[0m



Import traces:
  Client Component Browser:
    ./.gemini/antigravity/scratch/teacher-tracking/node_modules/lucide-react/dist/esm/lucide-react.mjs [Client Component Browser]
    ./.gemini/antigravity/scratch/teacher-tracking/src/components/pages/DailyTasksPage.tsx [Client Component Browser]
    ./.gemini/antigravity/scratch/teacher-tracking/src/components/AppShell.tsx [Client Component Browser]
    ./.gemini/antigravity/scratch/teacher-tracking/src/app/page.tsx [Client Component Browser]
    ./.gemini/antigravity/scratch/teacher-tracking/src/app/page.tsx [Server Component]

  Client Component SSR:
    ./.gemini/antigravity/scratch/teacher-tracking/node_modules/lucide-react/dist/esm/lucide-react.mjs [Client Component SSR]
    ./.gemini/antigravity/scratch/teacher-tracking/src/components/pages/DailyTasksPage.tsx [Client Component SSR]
    ./.gemini/antigravity/scratch/teacher-tracking/src/components/AppShell.tsx [Client Component SSR]
    ./.gemini/antigravity/scratch/teacher-tracking/src/app/page.tsx [Client Component SSR]
    ./.gemini/antigravity/scratch/teacher-tracking/src/app/page.tsx [Server Component]

https://nextjs.org/docs/messages/module-not-found


./.gemini/antigravity/scratch/teacher-tracking/node_modules/lucide-react/dist/esm/lucide-react.mjs:1579:1
Module not found: Can't resolve './icons/train-front-tunnel.mjs'
  [90m1577 |[0m ...[36mdefault[0m [36mas[0m [33mTowerControl[0m, [36mdefault[0m [36mas[0m [33mTowerControlIcon[0m } [36mfrom[0m [32m'./ic...[0m
  [90m1578 |[0m ...[36mefault[0m [36mas[0m [33mTrafficCone[0m, [36mdefault[0m [36mas[0m [33mTrafficConeIcon[0m } [36mfrom[0m [32m'./icons...[0m
[31m[1m>[0m [90m1579 |[0m ...[33mel[0m, [36mdefault[0m [36mas[0m [33mTrainFrontTunnel[0m, [36mdefault[0m [36mas[0m [33mTrainFrontTunnelIcon[0m ..[36m.[0m
  [90m     |[0m    [31m[1m^^^^^^^^^^^^^^^^^^^^^^^^^^^^^^^^^^^^^^^^^^^^^^^^^^^^^^^^^^^^^^^^^^^^[0m
  [90m1580 |[0m ...[36mfault[0m [36mas[0m [33mTrainFront[0m, [36mdefault[0m [36mas[0m [33mTrainFrontIcon[0m } [36mfrom[0m [32m'./icons/tr...[0m
  [90m1581 |[0m ...[36mfault[0m [36mas[0m [33mTrainTrack[0m, [36mdefault[0m [36mas[0m [33mTrainTrackIcon[0m } [36mfrom[0m [32m'./icons/tr...[0m
  [90m1582 |[0m ...[36mt[0m [36mas[0m [33mTrash2[0m, [36mdefault[0m [36mas[0m [33mTrash2Icon[0m } [36mfrom[0m [32m'./icons/trash-2.mjs'[0m;



Import traces:
  Client Component Browser:
    ./.gemini/antigravity/scratch/teacher-tracking/node_modules/lucide-react/dist/esm/lucide-react.mjs [Client Component Browser]
    ./.gemini/antigravity/scratch/teacher-tracking/src/components/pages/DailyTasksPage.tsx [Client Component Browser]
    ./.gemini/antigravity/scratch/teacher-tracking/src/components/AppShell.tsx [Client Component Browser]
    ./.gemini/antigravity/scratch/teacher-tracking/src/app/page.tsx [Client Component Browser]
    ./.gemini/antigravity/scratch/teacher-tracking/src/app/page.tsx [Server Component]

  Client Component SSR:
    ./.gemini/antigravity/scratch/teacher-tracking/node_modules/lucide-react/dist/esm/lucide-react.mjs [Client Component SSR]
    ./.gemini/antigravity/scratch/teacher-tracking/src/components/pages/DailyTasksPage.tsx [Client Component SSR]
    ./.gemini/antigravity/scratch/teacher-tracking/src/components/AppShell.tsx [Client Component SSR]
    ./.gemini/antigravity/scratch/teacher-tracking/src/app/page.tsx [Client Component SSR]
    ./.gemini/antigravity/scratch/teacher-tracking/src/app/page.tsx [Server Component]

https://nextjs.org/docs/messages/module-not-found


./.gemini/antigravity/scratch/teacher-tracking/node_modules/lucide-react/dist/esm/lucide-react.mjs:1580:1
Module not found: Can't resolve './icons/train-front.mjs'
  [90m1578 |[0m ...[33mafficCone[0m, [36mdefault[0m [36mas[0m [33mTrafficCone[0m, [36mdefault[0m [36mas[0m [33mTrafficConeIcon[0m } [36mf...[0m
  [90m1579 |[0m ...[33mainFrontTunnel[0m, [36mdefault[0m [36mas[0m [33mTrainFrontTunnel[0m, [36mdefault[0m [36mas[0m [33mTrainFron...[0m
[31m[1m>[0m [90m1580 |[0m ...[33mainFront[0m, [36mdefault[0m [36mas[0m [33mTrainFront[0m, [36mdefault[0m [36mas[0m [33mTrainFrontIcon[0m } [36mfrom[0m.[32m..[0m
  [90m     |[0m    [31m[1m^^^^^^^^^^^^^^^^^^^^^^^^^^^^^^^^^^^^^^^^^^^^^^^^^^^^^^^^^^^^^^^^^^^^[0m
  [90m1581 |[0m ...[33mainTrack[0m, [36mdefault[0m [36mas[0m [33mTrainTrack[0m, [36mdefault[0m [36mas[0m [33mTrainTrackIcon[0m } [36mfrom[0m.[32m..[0m
  [90m1582 |[0m ...[33mash2[0m, [36mdefault[0m [36mas[0m [33mTrash2[0m, [36mdefault[0m [36mas[0m [33mTrash2Icon[0m } [36mfrom[0m [32m'./icons/tr...[0m
  [90m1583 |[0m ...[33mansgender[0m, [36mdefault[0m [36mas[0m [33mTransgender[0m, [36mdefault[0m [36mas[0m [33mTransgenderIcon[0m } [36mf...[0m



Import traces:
  Client Component Browser:
    ./.gemini/antigravity/scratch/teacher-tracking/node_modules/lucide-react/dist/esm/lucide-react.mjs [Client Component Browser]
    ./.gemini/antigravity/scratch/teacher-tracking/src/components/pages/DailyTasksPage.tsx [Client Component Browser]
    ./.gemini/antigravity/scratch/teacher-tracking/src/components/AppShell.tsx [Client Component Browser]
    ./.gemini/antigravity/scratch/teacher-tracking/src/app/page.tsx [Client Component Browser]
    ./.gemini/antigravity/scratch/teacher-tracking/src/app/page.tsx [Server Component]

  Client Component SSR:
    ./.gemini/antigravity/scratch/teacher-tracking/node_modules/lucide-react/dist/esm/lucide-react.mjs [Client Component SSR]
    ./.gemini/antigravity/scratch/teacher-tracking/src/components/pages/DailyTasksPage.tsx [Client Component SSR]
    ./.gemini/antigravity/scratch/teacher-tracking/src/components/AppShell.tsx [Client Component SSR]
    ./.gemini/antigravity/scratch/teacher-tracking/src/app/page.tsx [Client Component SSR]
    ./.gemini/antigravity/scratch/teacher-tracking/src/app/page.tsx [Server Component]

https://nextjs.org/docs/messages/module-not-found


./.gemini/antigravity/scratch/teacher-tracking/node_modules/lucide-react/dist/esm/lucide-react.mjs:1581:1
Module not found: Can't resolve './icons/train-track.mjs'
  [90m1579 |[0m ...[33mainFrontTunnel[0m, [36mdefault[0m [36mas[0m [33mTrainFrontTunnel[0m, [36mdefault[0m [36mas[0m [33mTrainFron...[0m
  [90m1580 |[0m ...[33mainFront[0m, [36mdefault[0m [36mas[0m [33mTrainFront[0m, [36mdefault[0m [36mas[0m [33mTrainFrontIcon[0m } [36mfrom[0m.[32m..[0m
[31m[1m>[0m [90m1581 |[0m ...[33mainTrack[0m, [36mdefault[0m [36mas[0m [33mTrainTrack[0m, [36mdefault[0m [36mas[0m [33mTrainTrackIcon[0m } [36mfrom[0m.[32m..[0m
  [90m     |[0m    [31m[1m^^^^^^^^^^^^^^^^^^^^^^^^^^^^^^^^^^^^^^^^^^^^^^^^^^^^^^^^^^^^^^^^^^^^[0m
  [90m1582 |[0m ...[33mash2[0m, [36mdefault[0m [36mas[0m [33mTrash2[0m, [36mdefault[0m [36mas[0m [33mTrash2Icon[0m } [36mfrom[0m [32m'./icons/tr...[0m
  [90m1583 |[0m ...[33mansgender[0m, [36mdefault[0m [36mas[0m [33mTransgender[0m, [36mdefault[0m [36mas[0m [33mTransgenderIcon[0m } [36mf...[0m
  [90m1584 |[0m ...[33mash[0m, [36mdefault[0m [36mas[0m [33mTrash[0m, [36mdefault[0m [36mas[0m [33mTrashIcon[0m } [36mfrom[0m [32m'./icons/trash...[0m



Import traces:
  Client Component Browser:
    ./.gemini/antigravity/scratch/teacher-tracking/node_modules/lucide-react/dist/esm/lucide-react.mjs [Client Component Browser]
    ./.gemini/antigravity/scratch/teacher-tracking/src/components/pages/DailyTasksPage.tsx [Client Component Browser]
    ./.gemini/antigravity/scratch/teacher-tracking/src/components/AppShell.tsx [Client Component Browser]
    ./.gemini/antigravity/scratch/teacher-tracking/src/app/page.tsx [Client Component Browser]
    ./.gemini/antigravity/scratch/teacher-tracking/src/app/page.tsx [Server Component]

  Client Component SSR:
    ./.gemini/antigravity/scratch/teacher-tracking/node_modules/lucide-react/dist/esm/lucide-react.mjs [Client Component SSR]
    ./.gemini/antigravity/scratch/teacher-tracking/src/components/pages/DailyTasksPage.tsx [Client Component SSR]
    ./.gemini/antigravity/scratch/teacher-tracking/src/components/AppShell.tsx [Client Component SSR]
    ./.gemini/antigravity/scratch/teacher-tracking/src/app/page.tsx [Client Component SSR]
    ./.gemini/antigravity/scratch/teacher-tracking/src/app/page.tsx [Server Component]

https://nextjs.org/docs/messages/module-not-found


./.gemini/antigravity/scratch/teacher-tracking/node_modules/lucide-react/dist/esm/lucide-react.mjs:228:1
Module not found: Can't resolve './icons/tram-front.mjs'
  [90m226 |[0m ..., [36mdefault[0m [36mas[0m [33mLucideLetterText[0m, [36mdefault[0m [36mas[0m [33mLucideTextInitial[0m, [36mdefau..[0m.
  [90m227 |[0m ...[33mText[0m, [36mdefault[0m [36mas[0m [33mTextWrap[0m, [36mdefault[0m [36mas[0m [33mTextWrapIcon[0m, [36mdefault[0m [36mas[0m [33mWra...[0m
[31m[1m>[0m [90m228 |[0m ...[33mnt[0m, [36mdefault[0m [36mas[0m [33mTrain[0m, [36mdefault[0m [36mas[0m [33mTrainIcon[0m, [36mdefault[0m [36mas[0m [33mTramFront[0m, [36m...[0m
  [90m    |[0m    [31m[1m^^^^^^^^^^^^^^^^^^^^^^^^^^^^^^^^^^^^^^^^^^^^^^^^^^^^^^^^^^^^^^^^^^^^^[0m
  [90m229 |[0m ...[33mPalm[0m, [36mdefault[0m [36mas[0m [33mPalmtree[0m, [36mdefault[0m [36mas[0m [33mPalmtreeIcon[0m, [36mdefault[0m [36mas[0m [33mTre...[0m
  [90m230 |[0m ...[33mleIcon[0m, [36mdefault[0m [36mas[0m [33mLucideAlertTriangle[0m, [36mdefault[0m [36mas[0m [33mLucideTriangleA...[0m
  [90m231 |[0m ..., [36mdefault[0m [36mas[0m [33mTv2[0m, [36mdefault[0m [36mas[0m [33mTv2Icon[0m, [36mdefault[0m [36mas[0m [33mTvMinimal[0m, [36mdefaul.[0m.[36m.[0m



Import traces:
  Client Component Browser:
    ./.gemini/antigravity/scratch/teacher-tracking/node_modules/lucide-react/dist/esm/lucide-react.mjs [Client Component Browser]
    ./.gemini/antigravity/scratch/teacher-tracking/src/components/pages/DailyTasksPage.tsx [Client Component Browser]
    ./.gemini/antigravity/scratch/teacher-tracking/src/components/AppShell.tsx [Client Component Browser]
    ./.gemini/antigravity/scratch/teacher-tracking/src/app/page.tsx [Client Component Browser]
    ./.gemini/antigravity/scratch/teacher-tracking/src/app/page.tsx [Server Component]

  Client Component SSR:
    ./.gemini/antigravity/scratch/teacher-tracking/node_modules/lucide-react/dist/esm/lucide-react.mjs [Client Component SSR]
    ./.gemini/antigravity/scratch/teacher-tracking/src/components/pages/DailyTasksPage.tsx [Client Component SSR]
    ./.gemini/antigravity/scratch/teacher-tracking/src/components/AppShell.tsx [Client Component SSR]
    ./.gemini/antigravity/scratch/teacher-tracking/src/app/page.tsx [Client Component SSR]
    ./.gemini/antigravity/scratch/teacher-tracking/src/app/page.tsx [Server Component]

https://nextjs.org/docs/messages/module-not-found


./.gemini/antigravity/scratch/teacher-tracking/node_modules/lucide-react/dist/esm/lucide-react.mjs:1583:1
Module not found: Can't resolve './icons/transgender.mjs'
  [90m1581 |[0m ...[33minTrack[0m, [36mdefault[0m [36mas[0m [33mTrainTrack[0m, [36mdefault[0m [36mas[0m [33mTrainTrackIcon[0m } [36mfrom[0m [32m...[0m
  [90m1582 |[0m ...[33msh2[0m, [36mdefault[0m [36mas[0m [33mTrash2[0m, [36mdefault[0m [36mas[0m [33mTrash2Icon[0m } [36mfrom[0m [32m'./icons/tra...[0m
[31m[1m>[0m [90m1583 |[0m ...[33mnsgender[0m, [36mdefault[0m [36mas[0m [33mTransgender[0m, [36mdefault[0m [36mas[0m [33mTransgenderIcon[0m } [36mfr..[0m.
  [90m     |[0m    [31m[1m^^^^^^^^^^^^^^^^^^^^^^^^^^^^^^^^^^^^^^^^^^^^^^^^^^^^^^^^^^^^^^^^^^^^[0m
  [90m1584 |[0m ...[33msh[0m, [36mdefault[0m [36mas[0m [33mTrash[0m, [36mdefault[0m [36mas[0m [33mTrashIcon[0m } [36mfrom[0m [32m'./icons/trash....[0m
  [90m1585 |[0m ...[33meDeciduous[0m, [36mdefault[0m [36mas[0m [33mTreeDeciduous[0m, [36mdefault[0m [36mas[0m [33mTreeDeciduousIco.[0m..
  [90m1586 |[0m ...[33mePine[0m, [36mdefault[0m [36mas[0m [33mTreePine[0m, [36mdefault[0m [36mas[0m [33mTreePineIcon[0m } [36mfrom[0m [32m'./ico...[0m



Import traces:
  Client Component Browser:
    ./.gemini/antigravity/scratch/teacher-tracking/node_modules/lucide-react/dist/esm/lucide-react.mjs [Client Component Browser]
    ./.gemini/antigravity/scratch/teacher-tracking/src/components/pages/DailyTasksPage.tsx [Client Component Browser]
    ./.gemini/antigravity/scratch/teacher-tracking/src/components/AppShell.tsx [Client Component Browser]
    ./.gemini/antigravity/scratch/teacher-tracking/src/app/page.tsx [Client Component Browser]
    ./.gemini/antigravity/scratch/teacher-tracking/src/app/page.tsx [Server Component]

  Client Component SSR:
    ./.gemini/antigravity/scratch/teacher-tracking/node_modules/lucide-react/dist/esm/lucide-react.mjs [Client Component SSR]
    ./.gemini/antigravity/scratch/teacher-tracking/src/components/pages/DailyTasksPage.tsx [Client Component SSR]
    ./.gemini/antigravity/scratch/teacher-tracking/src/components/AppShell.tsx [Client Component SSR]
    ./.gemini/antigravity/scratch/teacher-tracking/src/app/page.tsx [Client Component SSR]
    ./.gemini/antigravity/scratch/teacher-tracking/src/app/page.tsx [Server Component]

https://nextjs.org/docs/messages/module-not-found


./.gemini/antigravity/scratch/teacher-tracking/node_modules/lucide-react/dist/esm/lucide-react.mjs:1582:1
Module not found: Can't resolve './icons/trash-2.mjs'
  [90m1580 |[0m ...[33mLucideTrainFront[0m, [36mdefault[0m [36mas[0m [33mTrainFront[0m, [36mdefault[0m [36mas[0m [33mTrainFrontIco.[0m..
  [90m1581 |[0m ...[33mLucideTrainTrack[0m, [36mdefault[0m [36mas[0m [33mTrainTrack[0m, [36mdefault[0m [36mas[0m [33mTrainTrackIco.[0m..
[31m[1m>[0m [90m1582 |[0m ...[33mLucideTrash2[0m, [36mdefault[0m [36mas[0m [33mTrash2[0m, [36mdefault[0m [36mas[0m [33mTrash2Icon[0m } [36mfrom[0m [32m'./...[0m
  [90m     |[0m    [31m[1m^^^^^^^^^^^^^^^^^^^^^^^^^^^^^^^^^^^^^^^^^^^^^^^^^^^^^^^^^^^^^^^^^^^^[0m
  [90m1583 |[0m ...[33mLucideTransgender[0m, [36mdefault[0m [36mas[0m [33mTransgender[0m, [36mdefault[0m [36mas[0m [33mTransgender...[0m
  [90m1584 |[0m ...[33mLucideTrash[0m, [36mdefault[0m [36mas[0m [33mTrash[0m, [36mdefault[0m [36mas[0m [33mTrashIcon[0m } [36mfrom[0m [32m'./ico...[0m
  [90m1585 |[0m ...[33mLucideTreeDeciduous[0m, [36mdefault[0m [36mas[0m [33mTreeDeciduous[0m, [36mdefault[0m [36mas[0m [33mTreeDec...[0m



Import traces:
  Client Component Browser:
    ./.gemini/antigravity/scratch/teacher-tracking/node_modules/lucide-react/dist/esm/lucide-react.mjs [Client Component Browser]
    ./.gemini/antigravity/scratch/teacher-tracking/src/components/pages/DailyTasksPage.tsx [Client Component Browser]
    ./.gemini/antigravity/scratch/teacher-tracking/src/components/AppShell.tsx [Client Component Browser]
    ./.gemini/antigravity/scratch/teacher-tracking/src/app/page.tsx [Client Component Browser]
    ./.gemini/antigravity/scratch/teacher-tracking/src/app/page.tsx [Server Component]

  Client Component SSR:
    ./.gemini/antigravity/scratch/teacher-tracking/node_modules/lucide-react/dist/esm/lucide-react.mjs [Client Component SSR]
    ./.gemini/antigravity/scratch/teacher-tracking/src/components/pages/DailyTasksPage.tsx [Client Component SSR]
    ./.gemini/antigravity/scratch/teacher-tracking/src/components/AppShell.tsx [Client Component SSR]
    ./.gemini/antigravity/scratch/teacher-tracking/src/app/page.tsx [Client Component SSR]
    ./.gemini/antigravity/scratch/teacher-tracking/src/app/page.tsx [Server Component]

https://nextjs.org/docs/messages/module-not-found


./.gemini/antigravity/scratch/teacher-tracking/node_modules/lucide-react/dist/esm/lucide-react.mjs:1584:1
Module not found: Can't resolve './icons/trash.mjs'
  [90m1582 |[0m ...[36mas[0m [33mLucideTrash2[0m, [36mdefault[0m [36mas[0m [33mTrash2[0m, [36mdefault[0m [36mas[0m [33mTrash2Icon[0m } [36mfrom[0m [32m...[0m
  [90m1583 |[0m ...[36mas[0m [33mLucideTransgender[0m, [36mdefault[0m [36mas[0m [33mTransgender[0m, [36mdefault[0m [36mas[0m [33mTransgen...[0m
[31m[1m>[0m [90m1584 |[0m ...[36mas[0m [33mLucideTrash[0m, [36mdefault[0m [36mas[0m [33mTrash[0m, [36mdefault[0m [36mas[0m [33mTrashIcon[0m } [36mfrom[0m [32m'./...[0m
  [90m     |[0m    [31m[1m^^^^^^^^^^^^^^^^^^^^^^^^^^^^^^^^^^^^^^^^^^^^^^^^^^^^^^^^^^^^^^^^^^^^[0m
  [90m1585 |[0m ...[36mas[0m [33mLucideTreeDeciduous[0m, [36mdefault[0m [36mas[0m [33mTreeDeciduous[0m, [36mdefault[0m [36mas[0m [33mTree...[0m
  [90m1586 |[0m ...[36mas[0m [33mLucideTreePine[0m, [36mdefault[0m [36mas[0m [33mTreePine[0m, [36mdefault[0m [36mas[0m [33mTreePineIcon[0m }.[36m..[0m
  [90m1587 |[0m ...[36mas[0m [33mLucideTrees[0m, [36mdefault[0m [36mas[0m [33mTrees[0m, [36mdefault[0m [36mas[0m [33mTreesIcon[0m } [36mfrom[0m [32m'./...[0m



Import traces:
  Client Component Browser:
    ./.gemini/antigravity/scratch/teacher-tracking/node_modules/lucide-react/dist/esm/lucide-react.mjs [Client Component Browser]
    ./.gemini/antigravity/scratch/teacher-tracking/src/components/pages/DailyTasksPage.tsx [Client Component Browser]
    ./.gemini/antigravity/scratch/teacher-tracking/src/components/AppShell.tsx [Client Component Browser]
    ./.gemini/antigravity/scratch/teacher-tracking/src/app/page.tsx [Client Component Browser]
    ./.gemini/antigravity/scratch/teacher-tracking/src/app/page.tsx [Server Component]

  Client Component SSR:
    ./.gemini/antigravity/scratch/teacher-tracking/node_modules/lucide-react/dist/esm/lucide-react.mjs [Client Component SSR]
    ./.gemini/antigravity/scratch/teacher-tracking/src/components/pages/DailyTasksPage.tsx [Client Component SSR]
    ./.gemini/antigravity/scratch/teacher-tracking/src/components/AppShell.tsx [Client Component SSR]
    ./.gemini/antigravity/scratch/teacher-tracking/src/app/page.tsx [Client Component SSR]
    ./.gemini/antigravity/scratch/teacher-tracking/src/app/page.tsx [Server Component]

https://nextjs.org/docs/messages/module-not-found


./.gemini/antigravity/scratch/teacher-tracking/node_modules/lucide-react/dist/esm/lucide-react.mjs:1585:1
Module not found: Can't resolve './icons/tree-deciduous.mjs'
  [90m1583 |[0m ...[33mder[0m, [36mdefault[0m [36mas[0m [33mTransgender[0m, [36mdefault[0m [36mas[0m [33mTransgenderIcon[0m } [36mfrom[0m [32m'....[0m
  [90m1584 |[0m ...[36mefault[0m [36mas[0m [33mTrash[0m, [36mdefault[0m [36mas[0m [33mTrashIcon[0m } [36mfrom[0m [32m'./icons/trash.mjs'[0m;
[31m[1m>[0m [90m1585 |[0m ...[33mduous[0m, [36mdefault[0m [36mas[0m [33mTreeDeciduous[0m, [36mdefault[0m [36mas[0m [33mTreeDeciduousIcon[0m } [36mf...[0m
  [90m     |[0m    [31m[1m^^^^^^^^^^^^^^^^^^^^^^^^^^^^^^^^^^^^^^^^^^^^^^^^^^^^^^^^^^^^^^^^^^^^[0m
  [90m1586 |[0m ..., [36mdefault[0m [36mas[0m [33mTreePine[0m, [36mdefault[0m [36mas[0m [33mTreePineIcon[0m } [36mfrom[0m [32m'./icons/tr...[0m
  [90m1587 |[0m ...[36mefault[0m [36mas[0m [33mTrees[0m, [36mdefault[0m [36mas[0m [33mTreesIcon[0m } [36mfrom[0m [32m'./icons/trees.mjs'[0m;
  [90m1588 |[0m ...[33mDown[0m, [36mdefault[0m [36mas[0m [33mTrendingDown[0m, [36mdefault[0m [36mas[0m [33mTrendingDownIcon[0m } [36mfrom[0m.[32m..[0m



Import traces:
  Client Component Browser:
    ./.gemini/antigravity/scratch/teacher-tracking/node_modules/lucide-react/dist/esm/lucide-react.mjs [Client Component Browser]
    ./.gemini/antigravity/scratch/teacher-tracking/src/components/pages/DailyTasksPage.tsx [Client Component Browser]
    ./.gemini/antigravity/scratch/teacher-tracking/src/components/AppShell.tsx [Client Component Browser]
    ./.gemini/antigravity/scratch/teacher-tracking/src/app/page.tsx [Client Component Browser]
    ./.gemini/antigravity/scratch/teacher-tracking/src/app/page.tsx [Server Component]

  Client Component SSR:
    ./.gemini/antigravity/scratch/teacher-tracking/node_modules/lucide-react/dist/esm/lucide-react.mjs [Client Component SSR]
    ./.gemini/antigravity/scratch/teacher-tracking/src/components/pages/DailyTasksPage.tsx [Client Component SSR]
    ./.gemini/antigravity/scratch/teacher-tracking/src/components/AppShell.tsx [Client Component SSR]
    ./.gemini/antigravity/scratch/teacher-tracking/src/app/page.tsx [Client Component SSR]
    ./.gemini/antigravity/scratch/teacher-tracking/src/app/page.tsx [Server Component]

https://nextjs.org/docs/messages/module-not-found


./.gemini/antigravity/scratch/teacher-tracking/node_modules/lucide-react/dist/esm/lucide-react.mjs:229:1
Module not found: Can't resolve './icons/tree-palm.mjs'
  [90m227 |[0m ...[33mxt[0m, [36mdefault[0m [36mas[0m [33mTextWrap[0m, [36mdefault[0m [36mas[0m [33mTextWrapIcon[0m, [36mdefault[0m [36mas[0m [33mWrapT...[0m
  [90m228 |[0m ..., [36mdefault[0m [36mas[0m [33mTrain[0m, [36mdefault[0m [36mas[0m [33mTrainIcon[0m, [36mdefault[0m [36mas[0m [33mTramFront[0m, [36mde...[0m
[31m[1m>[0m [90m229 |[0m ...[33mlm[0m, [36mdefault[0m [36mas[0m [33mPalmtree[0m, [36mdefault[0m [36mas[0m [33mPalmtreeIcon[0m, [36mdefault[0m [36mas[0m [33mTreeP...[0m
  [90m    |[0m    [31m[1m^^^^^^^^^^^^^^^^^^^^^^^^^^^^^^^^^^^^^^^^^^^^^^^^^^^^^^^^^^^^^^^^^^^^^[0m
  [90m230 |[0m ...[33mIcon[0m, [36mdefault[0m [36mas[0m [33mLucideAlertTriangle[0m, [36mdefault[0m [36mas[0m [33mLucideTriangleAle..[0m.
  [90m231 |[0m ...[36mdefault[0m [36mas[0m [33mTv2[0m, [36mdefault[0m [36mas[0m [33mTv2Icon[0m, [36mdefault[0m [36mas[0m [33mTvMinimal[0m, [36mdefault[0m [36m..[0m.
  [90m232 |[0m ...[33mity[0m, [36mdefault[0m [36mas[0m [33mSchool2[0m, [36mdefault[0m [36mas[0m [33mSchool2Icon[0m, [36mdefault[0m [36mas[0m [33mUniver...[0m



Import traces:
  Client Component Browser:
    ./.gemini/antigravity/scratch/teacher-tracking/node_modules/lucide-react/dist/esm/lucide-react.mjs [Client Component Browser]
    ./.gemini/antigravity/scratch/teacher-tracking/src/components/pages/DailyTasksPage.tsx [Client Component Browser]
    ./.gemini/antigravity/scratch/teacher-tracking/src/components/AppShell.tsx [Client Component Browser]
    ./.gemini/antigravity/scratch/teacher-tracking/src/app/page.tsx [Client Component Browser]
    ./.gemini/antigravity/scratch/teacher-tracking/src/app/page.tsx [Server Component]

  Client Component SSR:
    ./.gemini/antigravity/scratch/teacher-tracking/node_modules/lucide-react/dist/esm/lucide-react.mjs [Client Component SSR]
    ./.gemini/antigravity/scratch/teacher-tracking/src/components/pages/DailyTasksPage.tsx [Client Component SSR]
    ./.gemini/antigravity/scratch/teacher-tracking/src/components/AppShell.tsx [Client Component SSR]
    ./.gemini/antigravity/scratch/teacher-tracking/src/app/page.tsx [Client Component SSR]
    ./.gemini/antigravity/scratch/teacher-tracking/src/app/page.tsx [Server Component]

https://nextjs.org/docs/messages/module-not-found


./.gemini/antigravity/scratch/teacher-tracking/node_modules/lucide-react/dist/esm/lucide-react.mjs:1586:1
Module not found: Can't resolve './icons/tree-pine.mjs'
  [90m1584 |[0m ...[33mdeTrash[0m, [36mdefault[0m [36mas[0m [33mTrash[0m, [36mdefault[0m [36mas[0m [33mTrashIcon[0m } [36mfrom[0m [32m'./icons/t...[0m
  [90m1585 |[0m ...[33mdeTreeDeciduous[0m, [36mdefault[0m [36mas[0m [33mTreeDeciduous[0m, [36mdefault[0m [36mas[0m [33mTreeDeciduo...[0m
[31m[1m>[0m [90m1586 |[0m ...[33mdeTreePine[0m, [36mdefault[0m [36mas[0m [33mTreePine[0m, [36mdefault[0m [36mas[0m [33mTreePineIcon[0m } [36mfrom[0m [32m'...[0m
  [90m     |[0m    [31m[1m^^^^^^^^^^^^^^^^^^^^^^^^^^^^^^^^^^^^^^^^^^^^^^^^^^^^^^^^^^^^^^^^^^^^[0m
  [90m1587 |[0m ...[33mdeTrees[0m, [36mdefault[0m [36mas[0m [33mTrees[0m, [36mdefault[0m [36mas[0m [33mTreesIcon[0m } [36mfrom[0m [32m'./icons/t...[0m
  [90m1588 |[0m ...[33mdeTrendingDown[0m, [36mdefault[0m [36mas[0m [33mTrendingDown[0m, [36mdefault[0m [36mas[0m [33mTrendingDownI...[0m
  [90m1589 |[0m ...[33mdeTrendingUpDown[0m, [36mdefault[0m [36mas[0m [33mTrendingUpDown[0m, [36mdefault[0m [36mas[0m [33mTrendingU...[0m



Import traces:
  Client Component Browser:
    ./.gemini/antigravity/scratch/teacher-tracking/node_modules/lucide-react/dist/esm/lucide-react.mjs [Client Component Browser]
    ./.gemini/antigravity/scratch/teacher-tracking/src/components/pages/DailyTasksPage.tsx [Client Component Browser]
    ./.gemini/antigravity/scratch/teacher-tracking/src/components/AppShell.tsx [Client Component Browser]
    ./.gemini/antigravity/scratch/teacher-tracking/src/app/page.tsx [Client Component Browser]
    ./.gemini/antigravity/scratch/teacher-tracking/src/app/page.tsx [Server Component]

  Client Component SSR:
    ./.gemini/antigravity/scratch/teacher-tracking/node_modules/lucide-react/dist/esm/lucide-react.mjs [Client Component SSR]
    ./.gemini/antigravity/scratch/teacher-tracking/src/components/pages/DailyTasksPage.tsx [Client Component SSR]
    ./.gemini/antigravity/scratch/teacher-tracking/src/components/AppShell.tsx [Client Component SSR]
    ./.gemini/antigravity/scratch/teacher-tracking/src/app/page.tsx [Client Component SSR]
    ./.gemini/antigravity/scratch/teacher-tracking/src/app/page.tsx [Server Component]

https://nextjs.org/docs/messages/module-not-found


./.gemini/antigravity/scratch/teacher-tracking/node_modules/lucide-react/dist/esm/lucide-react.mjs:1587:1
Module not found: Can't resolve './icons/trees.mjs'
  [90m1585 |[0m ...[36mas[0m [33mLucideTreeDeciduous[0m, [36mdefault[0m [36mas[0m [33mTreeDeciduous[0m, [36mdefault[0m [36mas[0m [33mTree...[0m
  [90m1586 |[0m ...[36mas[0m [33mLucideTreePine[0m, [36mdefault[0m [36mas[0m [33mTreePine[0m, [36mdefault[0m [36mas[0m [33mTreePineIcon[0m }.[36m..[0m
[31m[1m>[0m [90m1587 |[0m ...[36mas[0m [33mLucideTrees[0m, [36mdefault[0m [36mas[0m [33mTrees[0m, [36mdefault[0m [36mas[0m [33mTreesIcon[0m } [36mfrom[0m [32m'./...[0m
  [90m     |[0m    [31m[1m^^^^^^^^^^^^^^^^^^^^^^^^^^^^^^^^^^^^^^^^^^^^^^^^^^^^^^^^^^^^^^^^^^^^[0m
  [90m1588 |[0m ...[36mas[0m [33mLucideTrendingDown[0m, [36mdefault[0m [36mas[0m [33mTrendingDown[0m, [36mdefault[0m [36mas[0m [33mTrendi...[0m
  [90m1589 |[0m ...[36mas[0m [33mLucideTrendingUpDown[0m, [36mdefault[0m [36mas[0m [33mTrendingUpDown[0m, [36mdefault[0m [36mas[0m [33mTr...[0m
  [90m1590 |[0m ...[36mas[0m [33mLucideTrendingUp[0m, [36mdefault[0m [36mas[0m [33mTrendingUp[0m, [36mdefault[0m [36mas[0m [33mTrendingUp...[0m



Import traces:
  Client Component Browser:
    ./.gemini/antigravity/scratch/teacher-tracking/node_modules/lucide-react/dist/esm/lucide-react.mjs [Client Component Browser]
    ./.gemini/antigravity/scratch/teacher-tracking/src/components/pages/DailyTasksPage.tsx [Client Component Browser]
    ./.gemini/antigravity/scratch/teacher-tracking/src/components/AppShell.tsx [Client Component Browser]
    ./.gemini/antigravity/scratch/teacher-tracking/src/app/page.tsx [Client Component Browser]
    ./.gemini/antigravity/scratch/teacher-tracking/src/app/page.tsx [Server Component]

  Client Component SSR:
    ./.gemini/antigravity/scratch/teacher-tracking/node_modules/lucide-react/dist/esm/lucide-react.mjs [Client Component SSR]
    ./.gemini/antigravity/scratch/teacher-tracking/src/components/pages/DailyTasksPage.tsx [Client Component SSR]
    ./.gemini/antigravity/scratch/teacher-tracking/src/components/AppShell.tsx [Client Component SSR]
    ./.gemini/antigravity/scratch/teacher-tracking/src/app/page.tsx [Client Component SSR]
    ./.gemini/antigravity/scratch/teacher-tracking/src/app/page.tsx [Server Component]

https://nextjs.org/docs/messages/module-not-found


./.gemini/antigravity/scratch/teacher-tracking/node_modules/lucide-react/dist/esm/lucide-react.mjs:1588:1
Module not found: Can't resolve './icons/trending-down.mjs'
  [90m1586 |[0m ...[33mne[0m, [36mdefault[0m [36mas[0m [33mTreePine[0m, [36mdefault[0m [36mas[0m [33mTreePineIcon[0m } [36mfrom[0m [32m'./icons/...[0m
  [90m1587 |[0m ... [36mdefault[0m [36mas[0m [33mTrees[0m, [36mdefault[0m [36mas[0m [33mTreesIcon[0m } [36mfrom[0m [32m'./icons/trees.mjs'[0m;
[31m[1m>[0m [90m1588 |[0m ...[33mngDown[0m, [36mdefault[0m [36mas[0m [33mTrendingDown[0m, [36mdefault[0m [36mas[0m [33mTrendingDownIcon[0m } [36mfr..[0m.
  [90m     |[0m    [31m[1m^^^^^^^^^^^^^^^^^^^^^^^^^^^^^^^^^^^^^^^^^^^^^^^^^^^^^^^^^^^^^^^^^^^^[0m
  [90m1589 |[0m ...[33mngUpDown[0m, [36mdefault[0m [36mas[0m [33mTrendingUpDown[0m, [36mdefault[0m [36mas[0m [33mTrendingUpDownIco.[0m..
  [90m1590 |[0m ...[33mngUp[0m, [36mdefault[0m [36mas[0m [33mTrendingUp[0m, [36mdefault[0m [36mas[0m [33mTrendingUpIcon[0m } [36mfrom[0m [32m'./...[0m
  [90m1591 |[0m ...[33mleRight[0m, [36mdefault[0m [36mas[0m [33mTriangleRight[0m, [36mdefault[0m [36mas[0m [33mTriangleRightIcon[0m }.[36m..[0m



Import traces:
  Client Component Browser:
    ./.gemini/antigravity/scratch/teacher-tracking/node_modules/lucide-react/dist/esm/lucide-react.mjs [Client Component Browser]
    ./.gemini/antigravity/scratch/teacher-tracking/src/components/pages/DailyTasksPage.tsx [Client Component Browser]
    ./.gemini/antigravity/scratch/teacher-tracking/src/components/AppShell.tsx [Client Component Browser]
    ./.gemini/antigravity/scratch/teacher-tracking/src/app/page.tsx [Client Component Browser]
    ./.gemini/antigravity/scratch/teacher-tracking/src/app/page.tsx [Server Component]

  Client Component SSR:
    ./.gemini/antigravity/scratch/teacher-tracking/node_modules/lucide-react/dist/esm/lucide-react.mjs [Client Component SSR]
    ./.gemini/antigravity/scratch/teacher-tracking/src/components/pages/DailyTasksPage.tsx [Client Component SSR]
    ./.gemini/antigravity/scratch/teacher-tracking/src/components/AppShell.tsx [Client Component SSR]
    ./.gemini/antigravity/scratch/teacher-tracking/src/app/page.tsx [Client Component SSR]
    ./.gemini/antigravity/scratch/teacher-tracking/src/app/page.tsx [Server Component]

https://nextjs.org/docs/messages/module-not-found


./.gemini/antigravity/scratch/teacher-tracking/node_modules/lucide-react/dist/esm/lucide-react.mjs:1589:1
Module not found: Can't resolve './icons/trending-up-down.mjs'
  [90m1587 |[0m ...[36mault[0m [36mas[0m [33mTrees[0m, [36mdefault[0m [36mas[0m [33mTreesIcon[0m } [36mfrom[0m [32m'./icons/trees.mjs'[0m;
  [90m1588 |[0m ...[33mwn[0m, [36mdefault[0m [36mas[0m [33mTrendingDown[0m, [36mdefault[0m [36mas[0m [33mTrendingDownIcon[0m } [36mfrom[0m [32m'...[0m
[31m[1m>[0m [90m1589 |[0m ...[33mDown[0m, [36mdefault[0m [36mas[0m [33mTrendingUpDown[0m, [36mdefault[0m [36mas[0m [33mTrendingUpDownIcon[0m } [36m...[0m
  [90m     |[0m    [31m[1m^^^^^^^^^^^^^^^^^^^^^^^^^^^^^^^^^^^^^^^^^^^^^^^^^^^^^^^^^^^^^^^^^^^^[0m
  [90m1590 |[0m ..., [36mdefault[0m [36mas[0m [33mTrendingUp[0m, [36mdefault[0m [36mas[0m [33mTrendingUpIcon[0m } [36mfrom[0m [32m'./icon...[0m
  [90m1591 |[0m ...[33mght[0m, [36mdefault[0m [36mas[0m [33mTriangleRight[0m, [36mdefault[0m [36mas[0m [33mTriangleRightIcon[0m } [36mfro.[0m.[32m.[0m
  [90m1592 |[0m ...[33mshed[0m, [36mdefault[0m [36mas[0m [33mTriangleDashed[0m, [36mdefault[0m [36mas[0m [33mTriangleDashedIcon[0m } [36m...[0m



Import traces:
  Client Component Browser:
    ./.gemini/antigravity/scratch/teacher-tracking/node_modules/lucide-react/dist/esm/lucide-react.mjs [Client Component Browser]
    ./.gemini/antigravity/scratch/teacher-tracking/src/components/pages/DailyTasksPage.tsx [Client Component Browser]
    ./.gemini/antigravity/scratch/teacher-tracking/src/components/AppShell.tsx [Client Component Browser]
    ./.gemini/antigravity/scratch/teacher-tracking/src/app/page.tsx [Client Component Browser]
    ./.gemini/antigravity/scratch/teacher-tracking/src/app/page.tsx [Server Component]

  Client Component SSR:
    ./.gemini/antigravity/scratch/teacher-tracking/node_modules/lucide-react/dist/esm/lucide-react.mjs [Client Component SSR]
    ./.gemini/antigravity/scratch/teacher-tracking/src/components/pages/DailyTasksPage.tsx [Client Component SSR]
    ./.gemini/antigravity/scratch/teacher-tracking/src/components/AppShell.tsx [Client Component SSR]
    ./.gemini/antigravity/scratch/teacher-tracking/src/app/page.tsx [Client Component SSR]
    ./.gemini/antigravity/scratch/teacher-tracking/src/app/page.tsx [Server Component]

https://nextjs.org/docs/messages/module-not-found


./.gemini/antigravity/scratch/teacher-tracking/node_modules/lucide-react/dist/esm/lucide-react.mjs:1590:1
Module not found: Can't resolve './icons/trending-up.mjs'
  [90m1588 |[0m ...[33mendingDown[0m, [36mdefault[0m [36mas[0m [33mTrendingDown[0m, [36mdefault[0m [36mas[0m [33mTrendingDownIcon[0m ..[36m.[0m
  [90m1589 |[0m ...[33mendingUpDown[0m, [36mdefault[0m [36mas[0m [33mTrendingUpDown[0m, [36mdefault[0m [36mas[0m [33mTrendingUpDow...[0m
[31m[1m>[0m [90m1590 |[0m ...[33mendingUp[0m, [36mdefault[0m [36mas[0m [33mTrendingUp[0m, [36mdefault[0m [36mas[0m [33mTrendingUpIcon[0m } [36mfrom[0m.[32m..[0m
  [90m     |[0m    [31m[1m^^^^^^^^^^^^^^^^^^^^^^^^^^^^^^^^^^^^^^^^^^^^^^^^^^^^^^^^^^^^^^^^^^^^[0m
  [90m1591 |[0m ...[33miangleRight[0m, [36mdefault[0m [36mas[0m [33mTriangleRight[0m, [36mdefault[0m [36mas[0m [33mTriangleRightIc..[0m.
  [90m1592 |[0m ...[33miangleDashed[0m, [36mdefault[0m [36mas[0m [33mTriangleDashed[0m, [36mdefault[0m [36mas[0m [33mTriangleDashe...[0m
  [90m1593 |[0m ...[33miangle[0m, [36mdefault[0m [36mas[0m [33mTriangle[0m, [36mdefault[0m [36mas[0m [33mTriangleIcon[0m } [36mfrom[0m [32m'./ic...[0m



Import traces:
  Client Component Browser:
    ./.gemini/antigravity/scratch/teacher-tracking/node_modules/lucide-react/dist/esm/lucide-react.mjs [Client Component Browser]
    ./.gemini/antigravity/scratch/teacher-tracking/src/components/pages/DailyTasksPage.tsx [Client Component Browser]
    ./.gemini/antigravity/scratch/teacher-tracking/src/components/AppShell.tsx [Client Component Browser]
    ./.gemini/antigravity/scratch/teacher-tracking/src/app/page.tsx [Client Component Browser]
    ./.gemini/antigravity/scratch/teacher-tracking/src/app/page.tsx [Server Component]

  Client Component SSR:
    ./.gemini/antigravity/scratch/teacher-tracking/node_modules/lucide-react/dist/esm/lucide-react.mjs [Client Component SSR]
    ./.gemini/antigravity/scratch/teacher-tracking/src/components/pages/DailyTasksPage.tsx [Client Component SSR]
    ./.gemini/antigravity/scratch/teacher-tracking/src/components/AppShell.tsx [Client Component SSR]
    ./.gemini/antigravity/scratch/teacher-tracking/src/app/page.tsx [Client Component SSR]
    ./.gemini/antigravity/scratch/teacher-tracking/src/app/page.tsx [Server Component]

https://nextjs.org/docs/messages/module-not-found


./.gemini/antigravity/scratch/teacher-tracking/node_modules/lucide-react/dist/esm/lucide-react.mjs:230:1
Module not found: Can't resolve './icons/triangle-alert.mjs'
  [90m228 |[0m ..., [36mdefault[0m [36mas[0m [33mTrainIcon[0m, [36mdefault[0m [36mas[0m [33mTramFront[0m, [36mdefault[0m [36mas[0m [33mTramFront...[0m
  [90m229 |[0m ...[33mmtree[0m, [36mdefault[0m [36mas[0m [33mPalmtreeIcon[0m, [36mdefault[0m [36mas[0m [33mTreePalm[0m, [36mdefault[0m [36mas[0m [33mTr...[0m
[31m[1m>[0m [90m230 |[0m ...[33mucideAlertTriangle[0m, [36mdefault[0m [36mas[0m [33mLucideTriangleAlert[0m, [36mdefault[0m [36mas[0m [33mTri...[0m
  [90m    |[0m    [31m[1m^^^^^^^^^^^^^^^^^^^^^^^^^^^^^^^^^^^^^^^^^^^^^^^^^^^^^^^^^^^^^^^^^^^^^[0m
  [90m231 |[0m ...[36mfault[0m [36mas[0m [33mTv2Icon[0m, [36mdefault[0m [36mas[0m [33mTvMinimal[0m, [36mdefault[0m [36mas[0m [33mTvMinimalIcon[0m }.[36m..[0m
  [90m232 |[0m ...[33mhool2[0m, [36mdefault[0m [36mas[0m [33mSchool2Icon[0m, [36mdefault[0m [36mas[0m [33mUniversity[0m, [36mdefault[0m [36mas[0m [33mU...[0m
  [90m233 |[0m ...[36mt[0m [36mas[0m [33mUserCheck2[0m, [36mdefault[0m [36mas[0m [33mUserCheck2Icon[0m, [36mdefault[0m [36mas[0m [33mUserRoundCh...[0m



Import traces:
  Client Component Browser:
    ./.gemini/antigravity/scratch/teacher-tracking/node_modules/lucide-react/dist/esm/lucide-react.mjs [Client Component Browser]
    ./.gemini/antigravity/scratch/teacher-tracking/src/components/pages/DailyTasksPage.tsx [Client Component Browser]
    ./.gemini/antigravity/scratch/teacher-tracking/src/components/AppShell.tsx [Client Component Browser]
    ./.gemini/antigravity/scratch/teacher-tracking/src/app/page.tsx [Client Component Browser]
    ./.gemini/antigravity/scratch/teacher-tracking/src/app/page.tsx [Server Component]

  Client Component SSR:
    ./.gemini/antigravity/scratch/teacher-tracking/node_modules/lucide-react/dist/esm/lucide-react.mjs [Client Component SSR]
    ./.gemini/antigravity/scratch/teacher-tracking/src/components/pages/DailyTasksPage.tsx [Client Component SSR]
    ./.gemini/antigravity/scratch/teacher-tracking/src/components/AppShell.tsx [Client Component SSR]
    ./.gemini/antigravity/scratch/teacher-tracking/src/app/page.tsx [Client Component SSR]
    ./.gemini/antigravity/scratch/teacher-tracking/src/app/page.tsx [Server Component]

https://nextjs.org/docs/messages/module-not-found


./.gemini/antigravity/scratch/teacher-tracking/node_modules/lucide-react/dist/esm/lucide-react.mjs:1592:1
Module not found: Can't resolve './icons/triangle-dashed.mjs'
  [90m1590 |[0m ..., [36mdefault[0m [36mas[0m [33mTrendingUp[0m, [36mdefault[0m [36mas[0m [33mTrendingUpIcon[0m } [36mfrom[0m [32m'./icon...[0m
  [90m1591 |[0m ...[33mght[0m, [36mdefault[0m [36mas[0m [33mTriangleRight[0m, [36mdefault[0m [36mas[0m [33mTriangleRightIcon[0m } [36mfro.[0m.[32m.[0m
[31m[1m>[0m [90m1592 |[0m ...[33mshed[0m, [36mdefault[0m [36mas[0m [33mTriangleDashed[0m, [36mdefault[0m [36mas[0m [33mTriangleDashedIcon[0m } [36m...[0m
  [90m     |[0m    [31m[1m^^^^^^^^^^^^^^^^^^^^^^^^^^^^^^^^^^^^^^^^^^^^^^^^^^^^^^^^^^^^^^^^^^^^[0m
  [90m1593 |[0m ...[36mdefault[0m [36mas[0m [33mTriangle[0m, [36mdefault[0m [36mas[0m [33mTriangleIcon[0m } [36mfrom[0m [32m'./icons/tria...[0m
  [90m1594 |[0m ...[33mric[0m, [36mdefault[0m [36mas[0m [33mTruckElectric[0m, [36mdefault[0m [36mas[0m [33mTruckElectricIcon[0m } [36mfro.[0m.[32m.[0m
  [90m1595 |[0m ...[33ma[0m, [36mdefault[0m [36mas[0m [33mTurkishLira[0m, [36mdefault[0m [36mas[0m [33mTurkishLiraIcon[0m } [36mfrom[0m [32m'./i...[0m



Import traces:
  Client Component Browser:
    ./.gemini/antigravity/scratch/teacher-tracking/node_modules/lucide-react/dist/esm/lucide-react.mjs [Client Component Browser]
    ./.gemini/antigravity/scratch/teacher-tracking/src/components/pages/DailyTasksPage.tsx [Client Component Browser]
    ./.gemini/antigravity/scratch/teacher-tracking/src/components/AppShell.tsx [Client Component Browser]
    ./.gemini/antigravity/scratch/teacher-tracking/src/app/page.tsx [Client Component Browser]
    ./.gemini/antigravity/scratch/teacher-tracking/src/app/page.tsx [Server Component]

  Client Component SSR:
    ./.gemini/antigravity/scratch/teacher-tracking/node_modules/lucide-react/dist/esm/lucide-react.mjs [Client Component SSR]
    ./.gemini/antigravity/scratch/teacher-tracking/src/components/pages/DailyTasksPage.tsx [Client Component SSR]
    ./.gemini/antigravity/scratch/teacher-tracking/src/components/AppShell.tsx [Client Component SSR]
    ./.gemini/antigravity/scratch/teacher-tracking/src/app/page.tsx [Client Component SSR]
    ./.gemini/antigravity/scratch/teacher-tracking/src/app/page.tsx [Server Component]

https://nextjs.org/docs/messages/module-not-found


./.gemini/antigravity/scratch/teacher-tracking/node_modules/lucide-react/dist/esm/lucide-react.mjs:1591:1
Module not found: Can't resolve './icons/triangle-right.mjs'
  [90m1589 |[0m ...[33mUpDown[0m, [36mdefault[0m [36mas[0m [33mTrendingUpDown[0m, [36mdefault[0m [36mas[0m [33mTrendingUpDownIcon[0m ..[36m.[0m
  [90m1590 |[0m ...[33mUp[0m, [36mdefault[0m [36mas[0m [33mTrendingUp[0m, [36mdefault[0m [36mas[0m [33mTrendingUpIcon[0m } [36mfrom[0m [32m'./ic...[0m
[31m[1m>[0m [90m1591 |[0m ...[33mRight[0m, [36mdefault[0m [36mas[0m [33mTriangleRight[0m, [36mdefault[0m [36mas[0m [33mTriangleRightIcon[0m } [36mf...[0m
  [90m     |[0m    [31m[1m^^^^^^^^^^^^^^^^^^^^^^^^^^^^^^^^^^^^^^^^^^^^^^^^^^^^^^^^^^^^^^^^^^^^[0m
  [90m1592 |[0m ...[33mDashed[0m, [36mdefault[0m [36mas[0m [33mTriangleDashed[0m, [36mdefault[0m [36mas[0m [33mTriangleDashedIcon[0m ..[36m.[0m
  [90m1593 |[0m ..., [36mdefault[0m [36mas[0m [33mTriangle[0m, [36mdefault[0m [36mas[0m [33mTriangleIcon[0m } [36mfrom[0m [32m'./icons/tr...[0m
  [90m1594 |[0m ...[33mctric[0m, [36mdefault[0m [36mas[0m [33mTruckElectric[0m, [36mdefault[0m [36mas[0m [33mTruckElectricIcon[0m } [36mf...[0m



Import traces:
  Client Component Browser:
    ./.gemini/antigravity/scratch/teacher-tracking/node_modules/lucide-react/dist/esm/lucide-react.mjs [Client Component Browser]
    ./.gemini/antigravity/scratch/teacher-tracking/src/components/pages/DailyTasksPage.tsx [Client Component Browser]
    ./.gemini/antigravity/scratch/teacher-tracking/src/components/AppShell.tsx [Client Component Browser]
    ./.gemini/antigravity/scratch/teacher-tracking/src/app/page.tsx [Client Component Browser]
    ./.gemini/antigravity/scratch/teacher-tracking/src/app/page.tsx [Server Component]

  Client Component SSR:
    ./.gemini/antigravity/scratch/teacher-tracking/node_modules/lucide-react/dist/esm/lucide-react.mjs [Client Component SSR]
    ./.gemini/antigravity/scratch/teacher-tracking/src/components/pages/DailyTasksPage.tsx [Client Component SSR]
    ./.gemini/antigravity/scratch/teacher-tracking/src/components/AppShell.tsx [Client Component SSR]
    ./.gemini/antigravity/scratch/teacher-tracking/src/app/page.tsx [Client Component SSR]
    ./.gemini/antigravity/scratch/teacher-tracking/src/app/page.tsx [Server Component]

https://nextjs.org/docs/messages/module-not-found


./.gemini/antigravity/scratch/teacher-tracking/node_modules/lucide-react/dist/esm/lucide-react.mjs:1593:1
Module not found: Can't resolve './icons/triangle.mjs'
  [90m1591 |[0m ...[33mideTriangleRight[0m, [36mdefault[0m [36mas[0m [33mTriangleRight[0m, [36mdefault[0m [36mas[0m [33mTriangleRi...[0m
  [90m1592 |[0m ...[33mideTriangleDashed[0m, [36mdefault[0m [36mas[0m [33mTriangleDashed[0m, [36mdefault[0m [36mas[0m [33mTriangle...[0m
[31m[1m>[0m [90m1593 |[0m ...[33mideTriangle[0m, [36mdefault[0m [36mas[0m [33mTriangle[0m, [36mdefault[0m [36mas[0m [33mTriangleIcon[0m } [36mfrom[0m [32m...[0m
  [90m     |[0m    [31m[1m^^^^^^^^^^^^^^^^^^^^^^^^^^^^^^^^^^^^^^^^^^^^^^^^^^^^^^^^^^^^^^^^^^^^[0m
  [90m1594 |[0m ...[33mideTruckElectric[0m, [36mdefault[0m [36mas[0m [33mTruckElectric[0m, [36mdefault[0m [36mas[0m [33mTruckElect...[0m
  [90m1595 |[0m ...[33mideTurkishLira[0m, [36mdefault[0m [36mas[0m [33mTurkishLira[0m, [36mdefault[0m [36mas[0m [33mTurkishLiraIco.[0m..
  [90m1596 |[0m ...[33mideTruck[0m, [36mdefault[0m [36mas[0m [33mTruck[0m, [36mdefault[0m [36mas[0m [33mTruckIcon[0m } [36mfrom[0m [32m'./icons/...[0m



Import traces:
  Client Component Browser:
    ./.gemini/antigravity/scratch/teacher-tracking/node_modules/lucide-react/dist/esm/lucide-react.mjs [Client Component Browser]
    ./.gemini/antigravity/scratch/teacher-tracking/src/components/pages/DailyTasksPage.tsx [Client Component Browser]
    ./.gemini/antigravity/scratch/teacher-tracking/src/components/AppShell.tsx [Client Component Browser]
    ./.gemini/antigravity/scratch/teacher-tracking/src/app/page.tsx [Client Component Browser]
    ./.gemini/antigravity/scratch/teacher-tracking/src/app/page.tsx [Server Component]

  Client Component SSR:
    ./.gemini/antigravity/scratch/teacher-tracking/node_modules/lucide-react/dist/esm/lucide-react.mjs [Client Component SSR]
    ./.gemini/antigravity/scratch/teacher-tracking/src/components/pages/DailyTasksPage.tsx [Client Component SSR]
    ./.gemini/antigravity/scratch/teacher-tracking/src/components/AppShell.tsx [Client Component SSR]
    ./.gemini/antigravity/scratch/teacher-tracking/src/app/page.tsx [Client Component SSR]
    ./.gemini/antigravity/scratch/teacher-tracking/src/app/page.tsx [Server Component]

https://nextjs.org/docs/messages/module-not-found


./.gemini/antigravity/scratch/teacher-tracking/node_modules/lucide-react/dist/esm/lucide-react.mjs:1598:1
Module not found: Can't resolve './icons/trophy.mjs'
  [90m1596 |[0m ... [33mLucideTruck[0m, [36mdefault[0m [36mas[0m [33mTruck[0m, [36mdefault[0m [36mas[0m [33mTruckIcon[0m } [36mfrom[0m [32m'./ic...[0m
  [90m1597 |[0m ... [33mLucideTurntable[0m, [36mdefault[0m [36mas[0m [33mTurntable[0m, [36mdefault[0m [36mas[0m [33mTurntableIcon[0m ..[36m.[0m
[31m[1m>[0m [90m1598 |[0m ... [33mLucideTrophy[0m, [36mdefault[0m [36mas[0m [33mTrophy[0m, [36mdefault[0m [36mas[0m [33mTrophyIcon[0m } [36mfrom[0m [32m'....[0m
  [90m     |[0m    [31m[1m^^^^^^^^^^^^^^^^^^^^^^^^^^^^^^^^^^^^^^^^^^^^^^^^^^^^^^^^^^^^^^^^^^^^[0m
  [90m1599 |[0m ... [33mLucideTurtle[0m, [36mdefault[0m [36mas[0m [33mTurtle[0m, [36mdefault[0m [36mas[0m [33mTurtleIcon[0m } [36mfrom[0m [32m'....[0m
  [90m1600 |[0m ... [33mLucideTvMinimalPlay[0m, [36mdefault[0m [36mas[0m [33mTvMinimalPlay[0m, [36mdefault[0m [36mas[0m [33mTvMini...[0m
  [90m1601 |[0m ... [33mLucideTv[0m, [36mdefault[0m [36mas[0m [33mTv[0m, [36mdefault[0m [36mas[0m [33mTvIcon[0m } [36mfrom[0m [32m'./icons/tv.mjs'[0m;



Import traces:
  Client Component Browser:
    ./.gemini/antigravity/scratch/teacher-tracking/node_modules/lucide-react/dist/esm/lucide-react.mjs [Client Component Browser]
    ./.gemini/antigravity/scratch/teacher-tracking/src/components/pages/DailyTasksPage.tsx [Client Component Browser]
    ./.gemini/antigravity/scratch/teacher-tracking/src/components/AppShell.tsx [Client Component Browser]
    ./.gemini/antigravity/scratch/teacher-tracking/src/app/page.tsx [Client Component Browser]
    ./.gemini/antigravity/scratch/teacher-tracking/src/app/page.tsx [Server Component]

  Client Component SSR:
    ./.gemini/antigravity/scratch/teacher-tracking/node_modules/lucide-react/dist/esm/lucide-react.mjs [Client Component SSR]
    ./.gemini/antigravity/scratch/teacher-tracking/src/components/pages/DailyTasksPage.tsx [Client Component SSR]
    ./.gemini/antigravity/scratch/teacher-tracking/src/components/AppShell.tsx [Client Component SSR]
    ./.gemini/antigravity/scratch/teacher-tracking/src/app/page.tsx [Client Component SSR]
    ./.gemini/antigravity/scratch/teacher-tracking/src/app/page.tsx [Server Component]

https://nextjs.org/docs/messages/module-not-found


./.gemini/antigravity/scratch/teacher-tracking/node_modules/lucide-react/dist/esm/lucide-react.mjs:1594:1
Module not found: Can't resolve './icons/truck-electric.mjs'
  [90m1592 |[0m ...[33mDashed[0m, [36mdefault[0m [36mas[0m [33mTriangleDashed[0m, [36mdefault[0m [36mas[0m [33mTriangleDashedIcon[0m ..[36m.[0m
  [90m1593 |[0m ..., [36mdefault[0m [36mas[0m [33mTriangle[0m, [36mdefault[0m [36mas[0m [33mTriangleIcon[0m } [36mfrom[0m [32m'./icons/tr...[0m
[31m[1m>[0m [90m1594 |[0m ...[33mctric[0m, [36mdefault[0m [36mas[0m [33mTruckElectric[0m, [36mdefault[0m [36mas[0m [33mTruckElectricIcon[0m } [36mf...[0m
  [90m     |[0m    [31m[1m^^^^^^^^^^^^^^^^^^^^^^^^^^^^^^^^^^^^^^^^^^^^^^^^^^^^^^^^^^^^^^^^^^^^[0m
  [90m1595 |[0m ...[33mira[0m, [36mdefault[0m [36mas[0m [33mTurkishLira[0m, [36mdefault[0m [36mas[0m [33mTurkishLiraIcon[0m } [36mfrom[0m [32m'....[0m
  [90m1596 |[0m ...[36mefault[0m [36mas[0m [33mTruck[0m, [36mdefault[0m [36mas[0m [33mTruckIcon[0m } [36mfrom[0m [32m'./icons/truck.mjs'[0m;
  [90m1597 |[0m ...[33me[0m, [36mdefault[0m [36mas[0m [33mTurntable[0m, [36mdefault[0m [36mas[0m [33mTurntableIcon[0m } [36mfrom[0m [32m'./icons...[0m



Import traces:
  Client Component Browser:
    ./.gemini/antigravity/scratch/teacher-tracking/node_modules/lucide-react/dist/esm/lucide-react.mjs [Client Component Browser]
    ./.gemini/antigravity/scratch/teacher-tracking/src/components/pages/DailyTasksPage.tsx [Client Component Browser]
    ./.gemini/antigravity/scratch/teacher-tracking/src/components/AppShell.tsx [Client Component Browser]
    ./.gemini/antigravity/scratch/teacher-tracking/src/app/page.tsx [Client Component Browser]
    ./.gemini/antigravity/scratch/teacher-tracking/src/app/page.tsx [Server Component]

  Client Component SSR:
    ./.gemini/antigravity/scratch/teacher-tracking/node_modules/lucide-react/dist/esm/lucide-react.mjs [Client Component SSR]
    ./.gemini/antigravity/scratch/teacher-tracking/src/components/pages/DailyTasksPage.tsx [Client Component SSR]
    ./.gemini/antigravity/scratch/teacher-tracking/src/components/AppShell.tsx [Client Component SSR]
    ./.gemini/antigravity/scratch/teacher-tracking/src/app/page.tsx [Client Component SSR]
    ./.gemini/antigravity/scratch/teacher-tracking/src/app/page.tsx [Server Component]

https://nextjs.org/docs/messages/module-not-found


./.gemini/antigravity/scratch/teacher-tracking/node_modules/lucide-react/dist/esm/lucide-react.mjs:1596:1
Module not found: Can't resolve './icons/truck.mjs'
  [90m1594 |[0m ...[36mas[0m [33mLucideTruckElectric[0m, [36mdefault[0m [36mas[0m [33mTruckElectric[0m, [36mdefault[0m [36mas[0m [33mTruc...[0m
  [90m1595 |[0m ...[36mas[0m [33mLucideTurkishLira[0m, [36mdefault[0m [36mas[0m [33mTurkishLira[0m, [36mdefault[0m [36mas[0m [33mTurkishL...[0m
[31m[1m>[0m [90m1596 |[0m ...[36mas[0m [33mLucideTruck[0m, [36mdefault[0m [36mas[0m [33mTruck[0m, [36mdefault[0m [36mas[0m [33mTruckIcon[0m } [36mfrom[0m [32m'./...[0m
  [90m     |[0m    [31m[1m^^^^^^^^^^^^^^^^^^^^^^^^^^^^^^^^^^^^^^^^^^^^^^^^^^^^^^^^^^^^^^^^^^^^[0m
  [90m1597 |[0m ...[36mas[0m [33mLucideTurntable[0m, [36mdefault[0m [36mas[0m [33mTurntable[0m, [36mdefault[0m [36mas[0m [33mTurntableIco.[0m..
  [90m1598 |[0m ...[36mas[0m [33mLucideTrophy[0m, [36mdefault[0m [36mas[0m [33mTrophy[0m, [36mdefault[0m [36mas[0m [33mTrophyIcon[0m } [36mfrom[0m [32m...[0m
  [90m1599 |[0m ...[36mas[0m [33mLucideTurtle[0m, [36mdefault[0m [36mas[0m [33mTurtle[0m, [36mdefault[0m [36mas[0m [33mTurtleIcon[0m } [36mfrom[0m [32m...[0m



Import traces:
  Client Component Browser:
    ./.gemini/antigravity/scratch/teacher-tracking/node_modules/lucide-react/dist/esm/lucide-react.mjs [Client Component Browser]
    ./.gemini/antigravity/scratch/teacher-tracking/src/components/pages/DailyTasksPage.tsx [Client Component Browser]
    ./.gemini/antigravity/scratch/teacher-tracking/src/components/AppShell.tsx [Client Component Browser]
    ./.gemini/antigravity/scratch/teacher-tracking/src/app/page.tsx [Client Component Browser]
    ./.gemini/antigravity/scratch/teacher-tracking/src/app/page.tsx [Server Component]

  Client Component SSR:
    ./.gemini/antigravity/scratch/teacher-tracking/node_modules/lucide-react/dist/esm/lucide-react.mjs [Client Component SSR]
    ./.gemini/antigravity/scratch/teacher-tracking/src/components/pages/DailyTasksPage.tsx [Client Component SSR]
    ./.gemini/antigravity/scratch/teacher-tracking/src/components/AppShell.tsx [Client Component SSR]
    ./.gemini/antigravity/scratch/teacher-tracking/src/app/page.tsx [Client Component SSR]
    ./.gemini/antigravity/scratch/teacher-tracking/src/app/page.tsx [Server Component]

https://nextjs.org/docs/messages/module-not-found


./.gemini/antigravity/scratch/teacher-tracking/node_modules/lucide-react/dist/esm/lucide-react.mjs:1595:1
Module not found: Can't resolve './icons/turkish-lira.mjs'
  [90m1593 |[0m ...[33mngle[0m, [36mdefault[0m [36mas[0m [33mTriangle[0m, [36mdefault[0m [36mas[0m [33mTriangleIcon[0m } [36mfrom[0m [32m'./icon...[0m
  [90m1594 |[0m ...[33mkElectric[0m, [36mdefault[0m [36mas[0m [33mTruckElectric[0m, [36mdefault[0m [36mas[0m [33mTruckElectricIcon[0m...
[31m[1m>[0m [90m1595 |[0m ...[33mishLira[0m, [36mdefault[0m [36mas[0m [33mTurkishLira[0m, [36mdefault[0m [36mas[0m [33mTurkishLiraIcon[0m } [36mfro.[0m.[32m.[0m
  [90m     |[0m    [31m[1m^^^^^^^^^^^^^^^^^^^^^^^^^^^^^^^^^^^^^^^^^^^^^^^^^^^^^^^^^^^^^^^^^^^^[0m
  [90m1596 |[0m ...[33mk[0m, [36mdefault[0m [36mas[0m [33mTruck[0m, [36mdefault[0m [36mas[0m [33mTruckIcon[0m } [36mfrom[0m [32m'./icons/truck.m...[0m
  [90m1597 |[0m ...[33mtable[0m, [36mdefault[0m [36mas[0m [33mTurntable[0m, [36mdefault[0m [36mas[0m [33mTurntableIcon[0m } [36mfrom[0m [32m'./i...[0m
  [90m1598 |[0m ...[33mhy[0m, [36mdefault[0m [36mas[0m [33mTrophy[0m, [36mdefault[0m [36mas[0m [33mTrophyIcon[0m } [36mfrom[0m [32m'./icons/trop...[0m



Import traces:
  Client Component Browser:
    ./.gemini/antigravity/scratch/teacher-tracking/node_modules/lucide-react/dist/esm/lucide-react.mjs [Client Component Browser]
    ./.gemini/antigravity/scratch/teacher-tracking/src/components/pages/DailyTasksPage.tsx [Client Component Browser]
    ./.gemini/antigravity/scratch/teacher-tracking/src/components/AppShell.tsx [Client Component Browser]
    ./.gemini/antigravity/scratch/teacher-tracking/src/app/page.tsx [Client Component Browser]
    ./.gemini/antigravity/scratch/teacher-tracking/src/app/page.tsx [Server Component]

  Client Component SSR:
    ./.gemini/antigravity/scratch/teacher-tracking/node_modules/lucide-react/dist/esm/lucide-react.mjs [Client Component SSR]
    ./.gemini/antigravity/scratch/teacher-tracking/src/components/pages/DailyTasksPage.tsx [Client Component SSR]
    ./.gemini/antigravity/scratch/teacher-tracking/src/components/AppShell.tsx [Client Component SSR]
    ./.gemini/antigravity/scratch/teacher-tracking/src/app/page.tsx [Client Component SSR]
    ./.gemini/antigravity/scratch/teacher-tracking/src/app/page.tsx [Server Component]

https://nextjs.org/docs/messages/module-not-found


./.gemini/antigravity/scratch/teacher-tracking/node_modules/lucide-react/dist/esm/lucide-react.mjs:1597:1
Module not found: Can't resolve './icons/turntable.mjs'
  [90m1595 |[0m ...[33meTurkishLira[0m, [36mdefault[0m [36mas[0m [33mTurkishLira[0m, [36mdefault[0m [36mas[0m [33mTurkishLiraIcon[0m ..[36m.[0m
  [90m1596 |[0m ...[33meTruck[0m, [36mdefault[0m [36mas[0m [33mTruck[0m, [36mdefault[0m [36mas[0m [33mTruckIcon[0m } [36mfrom[0m [32m'./icons/tr...[0m
[31m[1m>[0m [90m1597 |[0m ...[33meTurntable[0m, [36mdefault[0m [36mas[0m [33mTurntable[0m, [36mdefault[0m [36mas[0m [33mTurntableIcon[0m } [36mfrom[0m.[32m..[0m
  [90m     |[0m    [31m[1m^^^^^^^^^^^^^^^^^^^^^^^^^^^^^^^^^^^^^^^^^^^^^^^^^^^^^^^^^^^^^^^^^^^^[0m
  [90m1598 |[0m ...[33meTrophy[0m, [36mdefault[0m [36mas[0m [33mTrophy[0m, [36mdefault[0m [36mas[0m [33mTrophyIcon[0m } [36mfrom[0m [32m'./icons...[0m
  [90m1599 |[0m ...[33meTurtle[0m, [36mdefault[0m [36mas[0m [33mTurtle[0m, [36mdefault[0m [36mas[0m [33mTurtleIcon[0m } [36mfrom[0m [32m'./icons...[0m
  [90m1600 |[0m ...[33meTvMinimalPlay[0m, [36mdefault[0m [36mas[0m [33mTvMinimalPlay[0m, [36mdefault[0m [36mas[0m [33mTvMinimalPla...[0m



Import traces:
  Client Component Browser:
    ./.gemini/antigravity/scratch/teacher-tracking/node_modules/lucide-react/dist/esm/lucide-react.mjs [Client Component Browser]
    ./.gemini/antigravity/scratch/teacher-tracking/src/components/pages/DailyTasksPage.tsx [Client Component Browser]
    ./.gemini/antigravity/scratch/teacher-tracking/src/components/AppShell.tsx [Client Component Browser]
    ./.gemini/antigravity/scratch/teacher-tracking/src/app/page.tsx [Client Component Browser]
    ./.gemini/antigravity/scratch/teacher-tracking/src/app/page.tsx [Server Component]

  Client Component SSR:
    ./.gemini/antigravity/scratch/teacher-tracking/node_modules/lucide-react/dist/esm/lucide-react.mjs [Client Component SSR]
    ./.gemini/antigravity/scratch/teacher-tracking/src/components/pages/DailyTasksPage.tsx [Client Component SSR]
    ./.gemini/antigravity/scratch/teacher-tracking/src/components/AppShell.tsx [Client Component SSR]
    ./.gemini/antigravity/scratch/teacher-tracking/src/app/page.tsx [Client Component SSR]
    ./.gemini/antigravity/scratch/teacher-tracking/src/app/page.tsx [Server Component]

https://nextjs.org/docs/messages/module-not-found


./.gemini/antigravity/scratch/teacher-tracking/node_modules/lucide-react/dist/esm/lucide-react.mjs:1599:1
Module not found: Can't resolve './icons/turtle.mjs'
  [90m1597 |[0m ... [33mLucideTurntable[0m, [36mdefault[0m [36mas[0m [33mTurntable[0m, [36mdefault[0m [36mas[0m [33mTurntableIcon[0m ..[36m.[0m
  [90m1598 |[0m ... [33mLucideTrophy[0m, [36mdefault[0m [36mas[0m [33mTrophy[0m, [36mdefault[0m [36mas[0m [33mTrophyIcon[0m } [36mfrom[0m [32m'....[0m
[31m[1m>[0m [90m1599 |[0m ... [33mLucideTurtle[0m, [36mdefault[0m [36mas[0m [33mTurtle[0m, [36mdefault[0m [36mas[0m [33mTurtleIcon[0m } [36mfrom[0m [32m'....[0m
  [90m     |[0m    [31m[1m^^^^^^^^^^^^^^^^^^^^^^^^^^^^^^^^^^^^^^^^^^^^^^^^^^^^^^^^^^^^^^^^^^^^[0m
  [90m1600 |[0m ... [33mLucideTvMinimalPlay[0m, [36mdefault[0m [36mas[0m [33mTvMinimalPlay[0m, [36mdefault[0m [36mas[0m [33mTvMini...[0m
  [90m1601 |[0m ... [33mLucideTv[0m, [36mdefault[0m [36mas[0m [33mTv[0m, [36mdefault[0m [36mas[0m [33mTvIcon[0m } [36mfrom[0m [32m'./icons/tv.mjs'[0m;
  [90m1602 |[0m ... [33mLucideTypeOutline[0m, [36mdefault[0m [36mas[0m [33mTypeOutline[0m, [36mdefault[0m [36mas[0m [33mTypeOutlin...[0m



Import traces:
  Client Component Browser:
    ./.gemini/antigravity/scratch/teacher-tracking/node_modules/lucide-react/dist/esm/lucide-react.mjs [Client Component Browser]
    ./.gemini/antigravity/scratch/teacher-tracking/src/components/pages/DailyTasksPage.tsx [Client Component Browser]
    ./.gemini/antigravity/scratch/teacher-tracking/src/components/AppShell.tsx [Client Component Browser]
    ./.gemini/antigravity/scratch/teacher-tracking/src/app/page.tsx [Client Component Browser]
    ./.gemini/antigravity/scratch/teacher-tracking/src/app/page.tsx [Server Component]

  Client Component SSR:
    ./.gemini/antigravity/scratch/teacher-tracking/node_modules/lucide-react/dist/esm/lucide-react.mjs [Client Component SSR]
    ./.gemini/antigravity/scratch/teacher-tracking/src/components/pages/DailyTasksPage.tsx [Client Component SSR]
    ./.gemini/antigravity/scratch/teacher-tracking/src/components/AppShell.tsx [Client Component SSR]
    ./.gemini/antigravity/scratch/teacher-tracking/src/app/page.tsx [Client Component SSR]
    ./.gemini/antigravity/scratch/teacher-tracking/src/app/page.tsx [Server Component]

https://nextjs.org/docs/messages/module-not-found


./.gemini/antigravity/scratch/teacher-tracking/node_modules/lucide-react/dist/esm/lucide-react.mjs:1600:1
Module not found: Can't resolve './icons/tv-minimal-play.mjs'
  [90m1598 |[0m ...[36mdefault[0m [36mas[0m [33mTrophy[0m, [36mdefault[0m [36mas[0m [33mTrophyIcon[0m } [36mfrom[0m [32m'./icons/trophy.m...[0m
  [90m1599 |[0m ...[36mdefault[0m [36mas[0m [33mTurtle[0m, [36mdefault[0m [36mas[0m [33mTurtleIcon[0m } [36mfrom[0m [32m'./icons/turtle.m...[0m
[31m[1m>[0m [90m1600 |[0m ...[33mlPlay[0m, [36mdefault[0m [36mas[0m [33mTvMinimalPlay[0m, [36mdefault[0m [36mas[0m [33mTvMinimalPlayIcon[0m } [36mf...[0m
  [90m     |[0m    [31m[1m^^^^^^^^^^^^^^^^^^^^^^^^^^^^^^^^^^^^^^^^^^^^^^^^^^^^^^^^^^^^^^^^^^^^[0m
  [90m1601 |[0m ...[36mult[0m [36mas[0m [33mTv[0m, [36mdefault[0m [36mas[0m [33mTvIcon[0m } [36mfrom[0m [32m'./icons/tv.mjs'[0m;
  [90m1602 |[0m ...[33mine[0m, [36mdefault[0m [36mas[0m [33mTypeOutline[0m, [36mdefault[0m [36mas[0m [33mTypeOutlineIcon[0m } [36mfrom[0m [32m'....[0m
  [90m1603 |[0m ...[36mfault[0m [36mas[0m [33mType[0m, [36mdefault[0m [36mas[0m [33mTypeIcon[0m } [36mfrom[0m [32m'./icons/type.mjs'[0m;



Import traces:
  Client Component Browser:
    ./.gemini/antigravity/scratch/teacher-tracking/node_modules/lucide-react/dist/esm/lucide-react.mjs [Client Component Browser]
    ./.gemini/antigravity/scratch/teacher-tracking/src/components/pages/DailyTasksPage.tsx [Client Component Browser]
    ./.gemini/antigravity/scratch/teacher-tracking/src/components/AppShell.tsx [Client Component Browser]
    ./.gemini/antigravity/scratch/teacher-tracking/src/app/page.tsx [Client Component Browser]
    ./.gemini/antigravity/scratch/teacher-tracking/src/app/page.tsx [Server Component]

  Client Component SSR:
    ./.gemini/antigravity/scratch/teacher-tracking/node_modules/lucide-react/dist/esm/lucide-react.mjs [Client Component SSR]
    ./.gemini/antigravity/scratch/teacher-tracking/src/components/pages/DailyTasksPage.tsx [Client Component SSR]
    ./.gemini/antigravity/scratch/teacher-tracking/src/components/AppShell.tsx [Client Component SSR]
    ./.gemini/antigravity/scratch/teacher-tracking/src/app/page.tsx [Client Component SSR]
    ./.gemini/antigravity/scratch/teacher-tracking/src/app/page.tsx [Server Component]

https://nextjs.org/docs/messages/module-not-found


./.gemini/antigravity/scratch/teacher-tracking/node_modules/lucide-react/dist/esm/lucide-react.mjs:231:1
Module not found: Can't resolve './icons/tv-minimal.mjs'
  [90m229 |[0m ...[33mreePalm[0m, [36mdefault[0m [36mas[0m [33mPalmtree[0m, [36mdefault[0m [36mas[0m [33mPalmtreeIcon[0m, [36mdefault[0m [36mas[0m [33m...[0m
  [90m230 |[0m ...[33mangleIcon[0m, [36mdefault[0m [36mas[0m [33mLucideAlertTriangle[0m, [36mdefault[0m [36mas[0m [33mLucideTriang...[0m
[31m[1m>[0m [90m231 |[0m ...[33mmal[0m, [36mdefault[0m [36mas[0m [33mTv2[0m, [36mdefault[0m [36mas[0m [33mTv2Icon[0m, [36mdefault[0m [36mas[0m [33mTvMinimal[0m, [36mdef...[0m
  [90m    |[0m    [31m[1m^^^^^^^^^^^^^^^^^^^^^^^^^^^^^^^^^^^^^^^^^^^^^^^^^^^^^^^^^^^^^^^^^^^^^[0m
  [90m232 |[0m ...[33miversity[0m, [36mdefault[0m [36mas[0m [33mSchool2[0m, [36mdefault[0m [36mas[0m [33mSchool2Icon[0m, [36mdefault[0m [36mas[0m [33mU...[0m
  [90m233 |[0m ...[33meUserRoundCheck[0m, [36mdefault[0m [36mas[0m [33mUserCheck2[0m, [36mdefault[0m [36mas[0m [33mUserCheck2Icon[0m,.[36m..[0m
  [90m234 |[0m ...[33mserRoundCog[0m, [36mdefault[0m [36mas[0m [33mUserCog2[0m, [36mdefault[0m [36mas[0m [33mUserCog2Icon[0m, [36mdefault[0m.[36m..[0m



Import traces:
  Client Component Browser:
    ./.gemini/antigravity/scratch/teacher-tracking/node_modules/lucide-react/dist/esm/lucide-react.mjs [Client Component Browser]
    ./.gemini/antigravity/scratch/teacher-tracking/src/components/pages/DailyTasksPage.tsx [Client Component Browser]
    ./.gemini/antigravity/scratch/teacher-tracking/src/components/AppShell.tsx [Client Component Browser]
    ./.gemini/antigravity/scratch/teacher-tracking/src/app/page.tsx [Client Component Browser]
    ./.gemini/antigravity/scratch/teacher-tracking/src/app/page.tsx [Server Component]

  Client Component SSR:
    ./.gemini/antigravity/scratch/teacher-tracking/node_modules/lucide-react/dist/esm/lucide-react.mjs [Client Component SSR]
    ./.gemini/antigravity/scratch/teacher-tracking/src/components/pages/DailyTasksPage.tsx [Client Component SSR]
    ./.gemini/antigravity/scratch/teacher-tracking/src/components/AppShell.tsx [Client Component SSR]
    ./.gemini/antigravity/scratch/teacher-tracking/src/app/page.tsx [Client Component SSR]
    ./.gemini/antigravity/scratch/teacher-tracking/src/app/page.tsx [Server Component]

https://nextjs.org/docs/messages/module-not-found


./.gemini/antigravity/scratch/teacher-tracking/node_modules/lucide-react/dist/esm/lucide-react.mjs:1601:1
Module not found: Can't resolve './icons/tv.mjs'
  [90m1599 |[0m ...[36mfault[0m [36mas[0m [33mLucideTurtle[0m, [36mdefault[0m [36mas[0m [33mTurtle[0m, [36mdefault[0m [36mas[0m [33mTurtleIcon[0m }.[36m..[0m
  [90m1600 |[0m ...[36mfault[0m [36mas[0m [33mLucideTvMinimalPlay[0m, [36mdefault[0m [36mas[0m [33mTvMinimalPlay[0m, [36mdefault[0m [36ma.[0m.[33m.[0m
[31m[1m>[0m [90m1601 |[0m ...[36mfault[0m [36mas[0m [33mLucideTv[0m, [36mdefault[0m [36mas[0m [33mTv[0m, [36mdefault[0m [36mas[0m [33mTvIcon[0m } [36mfrom[0m [32m'./ico...[0m
  [90m     |[0m    [31m[1m^^^^^^^^^^^^^^^^^^^^^^^^^^^^^^^^^^^^^^^^^^^^^^^^^^^^^^^^^^^^^^^^^^^^[0m
  [90m1602 |[0m ...[36mfault[0m [36mas[0m [33mLucideTypeOutline[0m, [36mdefault[0m [36mas[0m [33mTypeOutline[0m, [36mdefault[0m [36mas[0m [33mTy...[0m
  [90m1603 |[0m ...[36mfault[0m [36mas[0m [33mLucideType[0m, [36mdefault[0m [36mas[0m [33mType[0m, [36mdefault[0m [36mas[0m [33mTypeIcon[0m } [36mfrom[0m [32m...[0m
  [90m1604 |[0m ...[36mfault[0m [36mas[0m [33mLucideUmbrellaOff[0m, [36mdefault[0m [36mas[0m [33mUmbrellaOff[0m, [36mdefault[0m [36mas[0m [33mUm...[0m



Import traces:
  Client Component Browser:
    ./.gemini/antigravity/scratch/teacher-tracking/node_modules/lucide-react/dist/esm/lucide-react.mjs [Client Component Browser]
    ./.gemini/antigravity/scratch/teacher-tracking/src/components/pages/DailyTasksPage.tsx [Client Component Browser]
    ./.gemini/antigravity/scratch/teacher-tracking/src/components/AppShell.tsx [Client Component Browser]
    ./.gemini/antigravity/scratch/teacher-tracking/src/app/page.tsx [Client Component Browser]
    ./.gemini/antigravity/scratch/teacher-tracking/src/app/page.tsx [Server Component]

  Client Component SSR:
    ./.gemini/antigravity/scratch/teacher-tracking/node_modules/lucide-react/dist/esm/lucide-react.mjs [Client Component SSR]
    ./.gemini/antigravity/scratch/teacher-tracking/src/components/pages/DailyTasksPage.tsx [Client Component SSR]
    ./.gemini/antigravity/scratch/teacher-tracking/src/components/AppShell.tsx [Client Component SSR]
    ./.gemini/antigravity/scratch/teacher-tracking/src/app/page.tsx [Client Component SSR]
    ./.gemini/antigravity/scratch/teacher-tracking/src/app/page.tsx [Server Component]

https://nextjs.org/docs/messages/module-not-found


./.gemini/antigravity/scratch/teacher-tracking/node_modules/lucide-react/dist/esm/lucide-react.mjs:1602:1
Module not found: Can't resolve './icons/type-outline.mjs'
  [90m1600 |[0m ...[33mnimalPlay[0m, [36mdefault[0m [36mas[0m [33mTvMinimalPlay[0m, [36mdefault[0m [36mas[0m [33mTvMinimalPlayIcon[0m...
  [90m1601 |[0m ...[36mdefault[0m [36mas[0m [33mTv[0m, [36mdefault[0m [36mas[0m [33mTvIcon[0m } [36mfrom[0m [32m'./icons/tv.mjs'[0m;
[31m[1m>[0m [90m1602 |[0m ...[33mOutline[0m, [36mdefault[0m [36mas[0m [33mTypeOutline[0m, [36mdefault[0m [36mas[0m [33mTypeOutlineIcon[0m } [36mfro.[0m.[32m.[0m
  [90m     |[0m    [31m[1m^^^^^^^^^^^^^^^^^^^^^^^^^^^^^^^^^^^^^^^^^^^^^^^^^^^^^^^^^^^^^^^^^^^^[0m
  [90m1603 |[0m ..., [36mdefault[0m [36mas[0m [33mType[0m, [36mdefault[0m [36mas[0m [33mTypeIcon[0m } [36mfrom[0m [32m'./icons/type.mjs'[0m;
  [90m1604 |[0m ...[33mellaOff[0m, [36mdefault[0m [36mas[0m [33mUmbrellaOff[0m, [36mdefault[0m [36mas[0m [33mUmbrellaOffIcon[0m } [36mfro.[0m.[32m.[0m
  [90m1605 |[0m ...[33mella[0m, [36mdefault[0m [36mas[0m [33mUmbrella[0m, [36mdefault[0m [36mas[0m [33mUmbrellaIcon[0m } [36mfrom[0m [32m'./icon...[0m



Import traces:
  Client Component Browser:
    ./.gemini/antigravity/scratch/teacher-tracking/node_modules/lucide-react/dist/esm/lucide-react.mjs [Client Component Browser]
    ./.gemini/antigravity/scratch/teacher-tracking/src/components/pages/DailyTasksPage.tsx [Client Component Browser]
    ./.gemini/antigravity/scratch/teacher-tracking/src/components/AppShell.tsx [Client Component Browser]
    ./.gemini/antigravity/scratch/teacher-tracking/src/app/page.tsx [Client Component Browser]
    ./.gemini/antigravity/scratch/teacher-tracking/src/app/page.tsx [Server Component]

  Client Component SSR:
    ./.gemini/antigravity/scratch/teacher-tracking/node_modules/lucide-react/dist/esm/lucide-react.mjs [Client Component SSR]
    ./.gemini/antigravity/scratch/teacher-tracking/src/components/pages/DailyTasksPage.tsx [Client Component SSR]
    ./.gemini/antigravity/scratch/teacher-tracking/src/components/AppShell.tsx [Client Component SSR]
    ./.gemini/antigravity/scratch/teacher-tracking/src/app/page.tsx [Client Component SSR]
    ./.gemini/antigravity/scratch/teacher-tracking/src/app/page.tsx [Server Component]

https://nextjs.org/docs/messages/module-not-found


./.gemini/antigravity/scratch/teacher-tracking/node_modules/lucide-react/dist/esm/lucide-react.mjs:1603:1
Module not found: Can't resolve './icons/type.mjs'
  [90m1601 |[0m ...[36mt[0m [36mas[0m [33mLucideTv[0m, [36mdefault[0m [36mas[0m [33mTv[0m, [36mdefault[0m [36mas[0m [33mTvIcon[0m } [36mfrom[0m [32m'./icons/t...[0m
  [90m1602 |[0m ...[36mt[0m [36mas[0m [33mLucideTypeOutline[0m, [36mdefault[0m [36mas[0m [33mTypeOutline[0m, [36mdefault[0m [36mas[0m [33mTypeOu...[0m
[31m[1m>[0m [90m1603 |[0m ...[36mt[0m [36mas[0m [33mLucideType[0m, [36mdefault[0m [36mas[0m [33mType[0m, [36mdefault[0m [36mas[0m [33mTypeIcon[0m } [36mfrom[0m [32m'./i...[0m
  [90m     |[0m    [31m[1m^^^^^^^^^^^^^^^^^^^^^^^^^^^^^^^^^^^^^^^^^^^^^^^^^^^^^^^^^^^^^^^^^^^^[0m
  [90m1604 |[0m ...[36mt[0m [36mas[0m [33mLucideUmbrellaOff[0m, [36mdefault[0m [36mas[0m [33mUmbrellaOff[0m, [36mdefault[0m [36mas[0m [33mUmbrel...[0m
  [90m1605 |[0m ...[36mt[0m [36mas[0m [33mLucideUmbrella[0m, [36mdefault[0m [36mas[0m [33mUmbrella[0m, [36mdefault[0m [36mas[0m [33mUmbrellaIcon[0m...
  [90m1606 |[0m ...[36mt[0m [36mas[0m [33mLucideUnderline[0m, [36mdefault[0m [36mas[0m [33mUnderline[0m, [36mdefault[0m [36mas[0m [33mUnderlineI...[0m



Import traces:
  Client Component Browser:
    ./.gemini/antigravity/scratch/teacher-tracking/node_modules/lucide-react/dist/esm/lucide-react.mjs [Client Component Browser]
    ./.gemini/antigravity/scratch/teacher-tracking/src/components/pages/DailyTasksPage.tsx [Client Component Browser]
    ./.gemini/antigravity/scratch/teacher-tracking/src/components/AppShell.tsx [Client Component Browser]
    ./.gemini/antigravity/scratch/teacher-tracking/src/app/page.tsx [Client Component Browser]
    ./.gemini/antigravity/scratch/teacher-tracking/src/app/page.tsx [Server Component]

  Client Component SSR:
    ./.gemini/antigravity/scratch/teacher-tracking/node_modules/lucide-react/dist/esm/lucide-react.mjs [Client Component SSR]
    ./.gemini/antigravity/scratch/teacher-tracking/src/components/pages/DailyTasksPage.tsx [Client Component SSR]
    ./.gemini/antigravity/scratch/teacher-tracking/src/components/AppShell.tsx [Client Component SSR]
    ./.gemini/antigravity/scratch/teacher-tracking/src/app/page.tsx [Client Component SSR]
    ./.gemini/antigravity/scratch/teacher-tracking/src/app/page.tsx [Server Component]

https://nextjs.org/docs/messages/module-not-found


./.gemini/antigravity/scratch/teacher-tracking/node_modules/lucide-react/dist/esm/lucide-react.mjs:1604:1
Module not found: Can't resolve './icons/umbrella-off.mjs'
  [90m1602 |[0m ...[33mOutline[0m, [36mdefault[0m [36mas[0m [33mTypeOutline[0m, [36mdefault[0m [36mas[0m [33mTypeOutlineIcon[0m } [36mfro.[0m.[32m.[0m
  [90m1603 |[0m ..., [36mdefault[0m [36mas[0m [33mType[0m, [36mdefault[0m [36mas[0m [33mTypeIcon[0m } [36mfrom[0m [32m'./icons/type.mjs'[0m;
[31m[1m>[0m [90m1604 |[0m ...[33mellaOff[0m, [36mdefault[0m [36mas[0m [33mUmbrellaOff[0m, [36mdefault[0m [36mas[0m [33mUmbrellaOffIcon[0m } [36mfro.[0m.[32m.[0m
  [90m     |[0m    [31m[1m^^^^^^^^^^^^^^^^^^^^^^^^^^^^^^^^^^^^^^^^^^^^^^^^^^^^^^^^^^^^^^^^^^^^[0m
  [90m1605 |[0m ...[33mella[0m, [36mdefault[0m [36mas[0m [33mUmbrella[0m, [36mdefault[0m [36mas[0m [33mUmbrellaIcon[0m } [36mfrom[0m [32m'./icon...[0m
  [90m1606 |[0m ...[33mrline[0m, [36mdefault[0m [36mas[0m [33mUnderline[0m, [36mdefault[0m [36mas[0m [33mUnderlineIcon[0m } [36mfrom[0m [32m'./i...[0m
  [90m1607 |[0m ...[33m2[0m, [36mdefault[0m [36mas[0m [33mUndo2[0m, [36mdefault[0m [36mas[0m [33mUndo2Icon[0m } [36mfrom[0m [32m'./icons/undo-2....[0m



Import traces:
  Client Component Browser:
    ./.gemini/antigravity/scratch/teacher-tracking/node_modules/lucide-react/dist/esm/lucide-react.mjs [Client Component Browser]
    ./.gemini/antigravity/scratch/teacher-tracking/src/components/pages/DailyTasksPage.tsx [Client Component Browser]
    ./.gemini/antigravity/scratch/teacher-tracking/src/components/AppShell.tsx [Client Component Browser]
    ./.gemini/antigravity/scratch/teacher-tracking/src/app/page.tsx [Client Component Browser]
    ./.gemini/antigravity/scratch/teacher-tracking/src/app/page.tsx [Server Component]

  Client Component SSR:
    ./.gemini/antigravity/scratch/teacher-tracking/node_modules/lucide-react/dist/esm/lucide-react.mjs [Client Component SSR]
    ./.gemini/antigravity/scratch/teacher-tracking/src/components/pages/DailyTasksPage.tsx [Client Component SSR]
    ./.gemini/antigravity/scratch/teacher-tracking/src/components/AppShell.tsx [Client Component SSR]
    ./.gemini/antigravity/scratch/teacher-tracking/src/app/page.tsx [Client Component SSR]
    ./.gemini/antigravity/scratch/teacher-tracking/src/app/page.tsx [Server Component]

https://nextjs.org/docs/messages/module-not-found


./.gemini/antigravity/scratch/teacher-tracking/node_modules/lucide-react/dist/esm/lucide-react.mjs:1605:1
Module not found: Can't resolve './icons/umbrella.mjs'
  [90m1603 |[0m ...[33mideType[0m, [36mdefault[0m [36mas[0m [33mType[0m, [36mdefault[0m [36mas[0m [33mTypeIcon[0m } [36mfrom[0m [32m'./icons/typ...[0m
  [90m1604 |[0m ...[33mideUmbrellaOff[0m, [36mdefault[0m [36mas[0m [33mUmbrellaOff[0m, [36mdefault[0m [36mas[0m [33mUmbrellaOffIco.[0m..
[31m[1m>[0m [90m1605 |[0m ...[33mideUmbrella[0m, [36mdefault[0m [36mas[0m [33mUmbrella[0m, [36mdefault[0m [36mas[0m [33mUmbrellaIcon[0m } [36mfrom[0m [32m...[0m
  [90m     |[0m    [31m[1m^^^^^^^^^^^^^^^^^^^^^^^^^^^^^^^^^^^^^^^^^^^^^^^^^^^^^^^^^^^^^^^^^^^^[0m
  [90m1606 |[0m ...[33mideUnderline[0m, [36mdefault[0m [36mas[0m [33mUnderline[0m, [36mdefault[0m [36mas[0m [33mUnderlineIcon[0m } [36mfr..[0m.
  [90m1607 |[0m ...[33mideUndo2[0m, [36mdefault[0m [36mas[0m [33mUndo2[0m, [36mdefault[0m [36mas[0m [33mUndo2Icon[0m } [36mfrom[0m [32m'./icons/...[0m
  [90m1608 |[0m ...[33mideUndoDot[0m, [36mdefault[0m [36mas[0m [33mUndoDot[0m, [36mdefault[0m [36mas[0m [33mUndoDotIcon[0m } [36mfrom[0m [32m'./...[0m



Import traces:
  Client Component Browser:
    ./.gemini/antigravity/scratch/teacher-tracking/node_modules/lucide-react/dist/esm/lucide-react.mjs [Client Component Browser]
    ./.gemini/antigravity/scratch/teacher-tracking/src/components/pages/DailyTasksPage.tsx [Client Component Browser]
    ./.gemini/antigravity/scratch/teacher-tracking/src/components/AppShell.tsx [Client Component Browser]
    ./.gemini/antigravity/scratch/teacher-tracking/src/app/page.tsx [Client Component Browser]
    ./.gemini/antigravity/scratch/teacher-tracking/src/app/page.tsx [Server Component]

  Client Component SSR:
    ./.gemini/antigravity/scratch/teacher-tracking/node_modules/lucide-react/dist/esm/lucide-react.mjs [Client Component SSR]
    ./.gemini/antigravity/scratch/teacher-tracking/src/components/pages/DailyTasksPage.tsx [Client Component SSR]
    ./.gemini/antigravity/scratch/teacher-tracking/src/components/AppShell.tsx [Client Component SSR]
    ./.gemini/antigravity/scratch/teacher-tracking/src/app/page.tsx [Client Component SSR]
    ./.gemini/antigravity/scratch/teacher-tracking/src/app/page.tsx [Server Component]

https://nextjs.org/docs/messages/module-not-found


./.gemini/antigravity/scratch/teacher-tracking/node_modules/lucide-react/dist/esm/lucide-react.mjs:1606:1
Module not found: Can't resolve './icons/underline.mjs'
  [90m1604 |[0m ...[33meUmbrellaOff[0m, [36mdefault[0m [36mas[0m [33mUmbrellaOff[0m, [36mdefault[0m [36mas[0m [33mUmbrellaOffIcon[0m ..[36m.[0m
  [90m1605 |[0m ...[33meUmbrella[0m, [36mdefault[0m [36mas[0m [33mUmbrella[0m, [36mdefault[0m [36mas[0m [33mUmbrellaIcon[0m } [36mfrom[0m [32m'....[0m
[31m[1m>[0m [90m1606 |[0m ...[33meUnderline[0m, [36mdefault[0m [36mas[0m [33mUnderline[0m, [36mdefault[0m [36mas[0m [33mUnderlineIcon[0m } [36mfrom[0m.[32m..[0m
  [90m     |[0m    [31m[1m^^^^^^^^^^^^^^^^^^^^^^^^^^^^^^^^^^^^^^^^^^^^^^^^^^^^^^^^^^^^^^^^^^^^[0m
  [90m1607 |[0m ...[33meUndo2[0m, [36mdefault[0m [36mas[0m [33mUndo2[0m, [36mdefault[0m [36mas[0m [33mUndo2Icon[0m } [36mfrom[0m [32m'./icons/un...[0m
  [90m1608 |[0m ...[33meUndoDot[0m, [36mdefault[0m [36mas[0m [33mUndoDot[0m, [36mdefault[0m [36mas[0m [33mUndoDotIcon[0m } [36mfrom[0m [32m'./ic...[0m
  [90m1609 |[0m ...[33meUndo[0m, [36mdefault[0m [36mas[0m [33mUndo[0m, [36mdefault[0m [36mas[0m [33mUndoIcon[0m } [36mfrom[0m [32m'./icons/undo....[0m



Import traces:
  Client Component Browser:
    ./.gemini/antigravity/scratch/teacher-tracking/node_modules/lucide-react/dist/esm/lucide-react.mjs [Client Component Browser]
    ./.gemini/antigravity/scratch/teacher-tracking/src/components/pages/DailyTasksPage.tsx [Client Component Browser]
    ./.gemini/antigravity/scratch/teacher-tracking/src/components/AppShell.tsx [Client Component Browser]
    ./.gemini/antigravity/scratch/teacher-tracking/src/app/page.tsx [Client Component Browser]
    ./.gemini/antigravity/scratch/teacher-tracking/src/app/page.tsx [Server Component]

  Client Component SSR:
    ./.gemini/antigravity/scratch/teacher-tracking/node_modules/lucide-react/dist/esm/lucide-react.mjs [Client Component SSR]
    ./.gemini/antigravity/scratch/teacher-tracking/src/components/pages/DailyTasksPage.tsx [Client Component SSR]
    ./.gemini/antigravity/scratch/teacher-tracking/src/components/AppShell.tsx [Client Component SSR]
    ./.gemini/antigravity/scratch/teacher-tracking/src/app/page.tsx [Client Component SSR]
    ./.gemini/antigravity/scratch/teacher-tracking/src/app/page.tsx [Server Component]

https://nextjs.org/docs/messages/module-not-found


./.gemini/antigravity/scratch/teacher-tracking/node_modules/lucide-react/dist/esm/lucide-react.mjs:1607:1
Module not found: Can't resolve './icons/undo-2.mjs'
  [90m1605 |[0m ...[36ms[0m [33mLucideUmbrella[0m, [36mdefault[0m [36mas[0m [33mUmbrella[0m, [36mdefault[0m [36mas[0m [33mUmbrellaIcon[0m } [36m...[0m
  [90m1606 |[0m ...[36ms[0m [33mLucideUnderline[0m, [36mdefault[0m [36mas[0m [33mUnderline[0m, [36mdefault[0m [36mas[0m [33mUnderlineIcon[0m...
[31m[1m>[0m [90m1607 |[0m ...[36ms[0m [33mLucideUndo2[0m, [36mdefault[0m [36mas[0m [33mUndo2[0m, [36mdefault[0m [36mas[0m [33mUndo2Icon[0m } [36mfrom[0m [32m'./i...[0m
  [90m     |[0m    [31m[1m^^^^^^^^^^^^^^^^^^^^^^^^^^^^^^^^^^^^^^^^^^^^^^^^^^^^^^^^^^^^^^^^^^^^[0m
  [90m1608 |[0m ...[36ms[0m [33mLucideUndoDot[0m, [36mdefault[0m [36mas[0m [33mUndoDot[0m, [36mdefault[0m [36mas[0m [33mUndoDotIcon[0m } [36mfro.[0m.[32m.[0m
  [90m1609 |[0m ...[36ms[0m [33mLucideUndo[0m, [36mdefault[0m [36mas[0m [33mUndo[0m, [36mdefault[0m [36mas[0m [33mUndoIcon[0m } [36mfrom[0m [32m'./icon...[0m
  [90m1610 |[0m ...[36ms[0m [33mLucideUnfoldHorizontal[0m, [36mdefault[0m [36mas[0m [33mUnfoldHorizontal[0m, [36mdefault[0m [36mas[0m.[33m..[0m



Import traces:
  Client Component Browser:
    ./.gemini/antigravity/scratch/teacher-tracking/node_modules/lucide-react/dist/esm/lucide-react.mjs [Client Component Browser]
    ./.gemini/antigravity/scratch/teacher-tracking/src/components/pages/DailyTasksPage.tsx [Client Component Browser]
    ./.gemini/antigravity/scratch/teacher-tracking/src/components/AppShell.tsx [Client Component Browser]
    ./.gemini/antigravity/scratch/teacher-tracking/src/app/page.tsx [Client Component Browser]
    ./.gemini/antigravity/scratch/teacher-tracking/src/app/page.tsx [Server Component]

  Client Component SSR:
    ./.gemini/antigravity/scratch/teacher-tracking/node_modules/lucide-react/dist/esm/lucide-react.mjs [Client Component SSR]
    ./.gemini/antigravity/scratch/teacher-tracking/src/components/pages/DailyTasksPage.tsx [Client Component SSR]
    ./.gemini/antigravity/scratch/teacher-tracking/src/components/AppShell.tsx [Client Component SSR]
    ./.gemini/antigravity/scratch/teacher-tracking/src/app/page.tsx [Client Component SSR]
    ./.gemini/antigravity/scratch/teacher-tracking/src/app/page.tsx [Server Component]

https://nextjs.org/docs/messages/module-not-found


./.gemini/antigravity/scratch/teacher-tracking/node_modules/lucide-react/dist/esm/lucide-react.mjs:1608:1
Module not found: Can't resolve './icons/undo-dot.mjs'
  [90m1606 |[0m ...[33mcideUnderline[0m, [36mdefault[0m [36mas[0m [33mUnderline[0m, [36mdefault[0m [36mas[0m [33mUnderlineIcon[0m } [36mf...[0m
  [90m1607 |[0m ...[33mcideUndo2[0m, [36mdefault[0m [36mas[0m [33mUndo2[0m, [36mdefault[0m [36mas[0m [33mUndo2Icon[0m } [36mfrom[0m [32m'./icons...[0m
[31m[1m>[0m [90m1608 |[0m ...[33mcideUndoDot[0m, [36mdefault[0m [36mas[0m [33mUndoDot[0m, [36mdefault[0m [36mas[0m [33mUndoDotIcon[0m } [36mfrom[0m [32m'....[0m
  [90m     |[0m    [31m[1m^^^^^^^^^^^^^^^^^^^^^^^^^^^^^^^^^^^^^^^^^^^^^^^^^^^^^^^^^^^^^^^^^^^^[0m
  [90m1609 |[0m ...[33mcideUndo[0m, [36mdefault[0m [36mas[0m [33mUndo[0m, [36mdefault[0m [36mas[0m [33mUndoIcon[0m } [36mfrom[0m [32m'./icons/un...[0m
  [90m1610 |[0m ...[33mcideUnfoldHorizontal[0m, [36mdefault[0m [36mas[0m [33mUnfoldHorizontal[0m, [36mdefault[0m [36mas[0m [33mUnf...[0m
  [90m1611 |[0m ...[33mcideUnfoldVertical[0m, [36mdefault[0m [36mas[0m [33mUnfoldVertical[0m, [36mdefault[0m [36mas[0m [33mUnfoldV...[0m



Import traces:
  Client Component Browser:
    ./.gemini/antigravity/scratch/teacher-tracking/node_modules/lucide-react/dist/esm/lucide-react.mjs [Client Component Browser]
    ./.gemini/antigravity/scratch/teacher-tracking/src/components/pages/DailyTasksPage.tsx [Client Component Browser]
    ./.gemini/antigravity/scratch/teacher-tracking/src/components/AppShell.tsx [Client Component Browser]
    ./.gemini/antigravity/scratch/teacher-tracking/src/app/page.tsx [Client Component Browser]
    ./.gemini/antigravity/scratch/teacher-tracking/src/app/page.tsx [Server Component]

  Client Component SSR:
    ./.gemini/antigravity/scratch/teacher-tracking/node_modules/lucide-react/dist/esm/lucide-react.mjs [Client Component SSR]
    ./.gemini/antigravity/scratch/teacher-tracking/src/components/pages/DailyTasksPage.tsx [Client Component SSR]
    ./.gemini/antigravity/scratch/teacher-tracking/src/components/AppShell.tsx [Client Component SSR]
    ./.gemini/antigravity/scratch/teacher-tracking/src/app/page.tsx [Client Component SSR]
    ./.gemini/antigravity/scratch/teacher-tracking/src/app/page.tsx [Server Component]

https://nextjs.org/docs/messages/module-not-found


./.gemini/antigravity/scratch/teacher-tracking/node_modules/lucide-react/dist/esm/lucide-react.mjs:1609:1
Module not found: Can't resolve './icons/undo.mjs'
  [90m1607 |[0m ...[36mt[0m [36mas[0m [33mLucideUndo2[0m, [36mdefault[0m [36mas[0m [33mUndo2[0m, [36mdefault[0m [36mas[0m [33mUndo2Icon[0m } [36mfrom[0m [32m'...[0m
  [90m1608 |[0m ...[36mt[0m [36mas[0m [33mLucideUndoDot[0m, [36mdefault[0m [36mas[0m [33mUndoDot[0m, [36mdefault[0m [36mas[0m [33mUndoDotIcon[0m } [36m...[0m
[31m[1m>[0m [90m1609 |[0m ...[36mt[0m [36mas[0m [33mLucideUndo[0m, [36mdefault[0m [36mas[0m [33mUndo[0m, [36mdefault[0m [36mas[0m [33mUndoIcon[0m } [36mfrom[0m [32m'./i...[0m
  [90m     |[0m    [31m[1m^^^^^^^^^^^^^^^^^^^^^^^^^^^^^^^^^^^^^^^^^^^^^^^^^^^^^^^^^^^^^^^^^^^^[0m
  [90m1610 |[0m ...[36mt[0m [36mas[0m [33mLucideUnfoldHorizontal[0m, [36mdefault[0m [36mas[0m [33mUnfoldHorizontal[0m, [36mdefault[0m.[36m..[0m
  [90m1611 |[0m ...[36mt[0m [36mas[0m [33mLucideUnfoldVertical[0m, [36mdefault[0m [36mas[0m [33mUnfoldVertical[0m, [36mdefault[0m [36mas[0m [33m...[0m
  [90m1612 |[0m ...[36mt[0m [36mas[0m [33mLucideUngroup[0m, [36mdefault[0m [36mas[0m [33mUngroup[0m, [36mdefault[0m [36mas[0m [33mUngroupIcon[0m } [36m...[0m



Import traces:
  Client Component Browser:
    ./.gemini/antigravity/scratch/teacher-tracking/node_modules/lucide-react/dist/esm/lucide-react.mjs [Client Component Browser]
    ./.gemini/antigravity/scratch/teacher-tracking/src/components/pages/DailyTasksPage.tsx [Client Component Browser]
    ./.gemini/antigravity/scratch/teacher-tracking/src/components/AppShell.tsx [Client Component Browser]
    ./.gemini/antigravity/scratch/teacher-tracking/src/app/page.tsx [Client Component Browser]
    ./.gemini/antigravity/scratch/teacher-tracking/src/app/page.tsx [Server Component]

  Client Component SSR:
    ./.gemini/antigravity/scratch/teacher-tracking/node_modules/lucide-react/dist/esm/lucide-react.mjs [Client Component SSR]
    ./.gemini/antigravity/scratch/teacher-tracking/src/components/pages/DailyTasksPage.tsx [Client Component SSR]
    ./.gemini/antigravity/scratch/teacher-tracking/src/components/AppShell.tsx [Client Component SSR]
    ./.gemini/antigravity/scratch/teacher-tracking/src/app/page.tsx [Client Component SSR]
    ./.gemini/antigravity/scratch/teacher-tracking/src/app/page.tsx [Server Component]

https://nextjs.org/docs/messages/module-not-found


./.gemini/antigravity/scratch/teacher-tracking/node_modules/lucide-react/dist/esm/lucide-react.mjs:1610:1
Module not found: Can't resolve './icons/unfold-horizontal.mjs'
  [90m1608 |[0m ...[36mlt[0m [36mas[0m [33mUndoDot[0m, [36mdefault[0m [36mas[0m [33mUndoDotIcon[0m } [36mfrom[0m [32m'./icons/undo-dot.mjs'[0m;
  [90m1609 |[0m ...[36mas[0m [33mUndo[0m, [36mdefault[0m [36mas[0m [33mUndoIcon[0m } [36mfrom[0m [32m'./icons/undo.mjs'[0m;
[31m[1m>[0m [90m1610 |[0m ...[33mal[0m, [36mdefault[0m [36mas[0m [33mUnfoldHorizontal[0m, [36mdefault[0m [36mas[0m [33mUnfoldHorizontalIcon[0m ..[36m.[0m
  [90m     |[0m    [31m[1m^^^^^^^^^^^^^^^^^^^^^^^^^^^^^^^^^^^^^^^^^^^^^^^^^^^^^^^^^^^^^^^^^^^^[0m
  [90m1611 |[0m ..., [36mdefault[0m [36mas[0m [33mUnfoldVertical[0m, [36mdefault[0m [36mas[0m [33mUnfoldVerticalIcon[0m } [36mfrom[0m.[32m..[0m
  [90m1612 |[0m ...[36mlt[0m [36mas[0m [33mUngroup[0m, [36mdefault[0m [36mas[0m [33mUngroupIcon[0m } [36mfrom[0m [32m'./icons/ungroup.mjs'[0m;
  [90m1613 |[0m ...[36mt[0m [36mas[0m [33mUnlink[0m, [36mdefault[0m [36mas[0m [33mUnlinkIcon[0m } [36mfrom[0m [32m'./icons/unlink.mjs'[0m;



Import traces:
  Client Component Browser:
    ./.gemini/antigravity/scratch/teacher-tracking/node_modules/lucide-react/dist/esm/lucide-react.mjs [Client Component Browser]
    ./.gemini/antigravity/scratch/teacher-tracking/src/components/pages/DailyTasksPage.tsx [Client Component Browser]
    ./.gemini/antigravity/scratch/teacher-tracking/src/components/AppShell.tsx [Client Component Browser]
    ./.gemini/antigravity/scratch/teacher-tracking/src/app/page.tsx [Client Component Browser]
    ./.gemini/antigravity/scratch/teacher-tracking/src/app/page.tsx [Server Component]

  Client Component SSR:
    ./.gemini/antigravity/scratch/teacher-tracking/node_modules/lucide-react/dist/esm/lucide-react.mjs [Client Component SSR]
    ./.gemini/antigravity/scratch/teacher-tracking/src/components/pages/DailyTasksPage.tsx [Client Component SSR]
    ./.gemini/antigravity/scratch/teacher-tracking/src/components/AppShell.tsx [Client Component SSR]
    ./.gemini/antigravity/scratch/teacher-tracking/src/app/page.tsx [Client Component SSR]
    ./.gemini/antigravity/scratch/teacher-tracking/src/app/page.tsx [Server Component]

https://nextjs.org/docs/messages/module-not-found


./.gemini/antigravity/scratch/teacher-tracking/node_modules/lucide-react/dist/esm/lucide-react.mjs:1611:1
Module not found: Can't resolve './icons/unfold-vertical.mjs'
  [90m1609 |[0m ...[36mult[0m [36mas[0m [33mUndo[0m, [36mdefault[0m [36mas[0m [33mUndoIcon[0m } [36mfrom[0m [32m'./icons/undo.mjs'[0m;
  [90m1610 |[0m ...[33mzontal[0m, [36mdefault[0m [36mas[0m [33mUnfoldHorizontal[0m, [36mdefault[0m [36mas[0m [33mUnfoldHorizontalI...[0m
[31m[1m>[0m [90m1611 |[0m ...[33mical[0m, [36mdefault[0m [36mas[0m [33mUnfoldVertical[0m, [36mdefault[0m [36mas[0m [33mUnfoldVerticalIcon[0m } [36m...[0m
  [90m     |[0m    [31m[1m^^^^^^^^^^^^^^^^^^^^^^^^^^^^^^^^^^^^^^^^^^^^^^^^^^^^^^^^^^^^^^^^^^^^[0m
  [90m1612 |[0m ...[36mefault[0m [36mas[0m [33mUngroup[0m, [36mdefault[0m [36mas[0m [33mUngroupIcon[0m } [36mfrom[0m [32m'./icons/ungroup...[0m
  [90m1613 |[0m ...[36mfault[0m [36mas[0m [33mUnlink[0m, [36mdefault[0m [36mas[0m [33mUnlinkIcon[0m } [36mfrom[0m [32m'./icons/unlink.mjs'[0m;
  [90m1614 |[0m ...[36mefault[0m [36mas[0m [33mUnlink2[0m, [36mdefault[0m [36mas[0m [33mUnlink2Icon[0m } [36mfrom[0m [32m'./icons/unlink-...[0m



Import traces:
  Client Component Browser:
    ./.gemini/antigravity/scratch/teacher-tracking/node_modules/lucide-react/dist/esm/lucide-react.mjs [Client Component Browser]
    ./.gemini/antigravity/scratch/teacher-tracking/src/components/pages/DailyTasksPage.tsx [Client Component Browser]
    ./.gemini/antigravity/scratch/teacher-tracking/src/components/AppShell.tsx [Client Component Browser]
    ./.gemini/antigravity/scratch/teacher-tracking/src/app/page.tsx [Client Component Browser]
    ./.gemini/antigravity/scratch/teacher-tracking/src/app/page.tsx [Server Component]

  Client Component SSR:
    ./.gemini/antigravity/scratch/teacher-tracking/node_modules/lucide-react/dist/esm/lucide-react.mjs [Client Component SSR]
    ./.gemini/antigravity/scratch/teacher-tracking/src/components/pages/DailyTasksPage.tsx [Client Component SSR]
    ./.gemini/antigravity/scratch/teacher-tracking/src/components/AppShell.tsx [Client Component SSR]
    ./.gemini/antigravity/scratch/teacher-tracking/src/app/page.tsx [Client Component SSR]
    ./.gemini/antigravity/scratch/teacher-tracking/src/app/page.tsx [Server Component]

https://nextjs.org/docs/messages/module-not-found


./.gemini/antigravity/scratch/teacher-tracking/node_modules/lucide-react/dist/esm/lucide-react.mjs:1612:1
Module not found: Can't resolve './icons/ungroup.mjs'
  [90m1610 |[0m ...[33mucideUnfoldHorizontal[0m, [36mdefault[0m [36mas[0m [33mUnfoldHorizontal[0m, [36mdefault[0m [36mas[0m [33mUn...[0m
  [90m1611 |[0m ...[33mucideUnfoldVertical[0m, [36mdefault[0m [36mas[0m [33mUnfoldVertical[0m, [36mdefault[0m [36mas[0m [33mUnfold...[0m
[31m[1m>[0m [90m1612 |[0m ...[33mucideUngroup[0m, [36mdefault[0m [36mas[0m [33mUngroup[0m, [36mdefault[0m [36mas[0m [33mUngroupIcon[0m } [36mfrom[0m [32m'...[0m
  [90m     |[0m    [31m[1m^^^^^^^^^^^^^^^^^^^^^^^^^^^^^^^^^^^^^^^^^^^^^^^^^^^^^^^^^^^^^^^^^^^^[0m
  [90m1613 |[0m ...[33mucideUnlink[0m, [36mdefault[0m [36mas[0m [33mUnlink[0m, [36mdefault[0m [36mas[0m [33mUnlinkIcon[0m } [36mfrom[0m [32m'./i...[0m
  [90m1614 |[0m ...[33mucideUnlink2[0m, [36mdefault[0m [36mas[0m [33mUnlink2[0m, [36mdefault[0m [36mas[0m [33mUnlink2Icon[0m } [36mfrom[0m [32m'...[0m
  [90m1615 |[0m ...[33mucideUnplug[0m, [36mdefault[0m [36mas[0m [33mUnplug[0m, [36mdefault[0m [36mas[0m [33mUnplugIcon[0m } [36mfrom[0m [32m'./i...[0m



Import traces:
  Client Component Browser:
    ./.gemini/antigravity/scratch/teacher-tracking/node_modules/lucide-react/dist/esm/lucide-react.mjs [Client Component Browser]
    ./.gemini/antigravity/scratch/teacher-tracking/src/components/pages/DailyTasksPage.tsx [Client Component Browser]
    ./.gemini/antigravity/scratch/teacher-tracking/src/components/AppShell.tsx [Client Component Browser]
    ./.gemini/antigravity/scratch/teacher-tracking/src/app/page.tsx [Client Component Browser]
    ./.gemini/antigravity/scratch/teacher-tracking/src/app/page.tsx [Server Component]

  Client Component SSR:
    ./.gemini/antigravity/scratch/teacher-tracking/node_modules/lucide-react/dist/esm/lucide-react.mjs [Client Component SSR]
    ./.gemini/antigravity/scratch/teacher-tracking/src/components/pages/DailyTasksPage.tsx [Client Component SSR]
    ./.gemini/antigravity/scratch/teacher-tracking/src/components/AppShell.tsx [Client Component SSR]
    ./.gemini/antigravity/scratch/teacher-tracking/src/app/page.tsx [Client Component SSR]
    ./.gemini/antigravity/scratch/teacher-tracking/src/app/page.tsx [Server Component]

https://nextjs.org/docs/messages/module-not-found


./.gemini/antigravity/scratch/teacher-tracking/node_modules/lucide-react/dist/esm/lucide-react.mjs:232:1
Module not found: Can't resolve './icons/university.mjs'
  [90m230 |[0m ...[33mon[0m, [36mdefault[0m [36mas[0m [33mLucideAlertTriangle[0m, [36mdefault[0m [36mas[0m [33mLucideTriangleAlert[0m..[36m.[0m
  [90m231 |[0m ...[36mfault[0m [36mas[0m [33mTv2[0m, [36mdefault[0m [36mas[0m [33mTv2Icon[0m, [36mdefault[0m [36mas[0m [33mTvMinimal[0m, [36mdefault[0m [36mas[0m.[33m..[0m
[31m[1m>[0m [90m232 |[0m ...[33my[0m, [36mdefault[0m [36mas[0m [33mSchool2[0m, [36mdefault[0m [36mas[0m [33mSchool2Icon[0m, [36mdefault[0m [36mas[0m [33mUniversi..[0m.
  [90m    |[0m    [31m[1m^^^^^^^^^^^^^^^^^^^^^^^^^^^^^^^^^^^^^^^^^^^^^^^^^^^^^^^^^^^^^^^^^^^^^[0m
  [90m233 |[0m ...[33mundCheck[0m, [36mdefault[0m [36mas[0m [33mUserCheck2[0m, [36mdefault[0m [36mas[0m [33mUserCheck2Icon[0m, [36mdefaul.[0m.[36m.[0m
  [90m234 |[0m ...[33mdCog[0m, [36mdefault[0m [36mas[0m [33mUserCog2[0m, [36mdefault[0m [36mas[0m [33mUserCog2Icon[0m, [36mdefault[0m [36mas[0m [33mUse...[0m
  [90m235 |[0m ...[33mundMinus[0m, [36mdefault[0m [36mas[0m [33mUserMinus2[0m, [36mdefault[0m [36mas[0m [33mUserMinus2Icon[0m, [36mdefaul.[0m.[36m.[0m



Import traces:
  Client Component Browser:
    ./.gemini/antigravity/scratch/teacher-tracking/node_modules/lucide-react/dist/esm/lucide-react.mjs [Client Component Browser]
    ./.gemini/antigravity/scratch/teacher-tracking/src/components/pages/DailyTasksPage.tsx [Client Component Browser]
    ./.gemini/antigravity/scratch/teacher-tracking/src/components/AppShell.tsx [Client Component Browser]
    ./.gemini/antigravity/scratch/teacher-tracking/src/app/page.tsx [Client Component Browser]
    ./.gemini/antigravity/scratch/teacher-tracking/src/app/page.tsx [Server Component]

  Client Component SSR:
    ./.gemini/antigravity/scratch/teacher-tracking/node_modules/lucide-react/dist/esm/lucide-react.mjs [Client Component SSR]
    ./.gemini/antigravity/scratch/teacher-tracking/src/components/pages/DailyTasksPage.tsx [Client Component SSR]
    ./.gemini/antigravity/scratch/teacher-tracking/src/components/AppShell.tsx [Client Component SSR]
    ./.gemini/antigravity/scratch/teacher-tracking/src/app/page.tsx [Client Component SSR]
    ./.gemini/antigravity/scratch/teacher-tracking/src/app/page.tsx [Server Component]

https://nextjs.org/docs/messages/module-not-found


./.gemini/antigravity/scratch/teacher-tracking/node_modules/lucide-react/dist/esm/lucide-react.mjs:1614:1
Module not found: Can't resolve './icons/unlink-2.mjs'
  [90m1612 |[0m ...[33mcideUngroup[0m, [36mdefault[0m [36mas[0m [33mUngroup[0m, [36mdefault[0m [36mas[0m [33mUngroupIcon[0m } [36mfrom[0m [32m'....[0m
  [90m1613 |[0m ...[33mcideUnlink[0m, [36mdefault[0m [36mas[0m [33mUnlink[0m, [36mdefault[0m [36mas[0m [33mUnlinkIcon[0m } [36mfrom[0m [32m'./ic...[0m
[31m[1m>[0m [90m1614 |[0m ...[33mcideUnlink2[0m, [36mdefault[0m [36mas[0m [33mUnlink2[0m, [36mdefault[0m [36mas[0m [33mUnlink2Icon[0m } [36mfrom[0m [32m'....[0m
  [90m     |[0m    [31m[1m^^^^^^^^^^^^^^^^^^^^^^^^^^^^^^^^^^^^^^^^^^^^^^^^^^^^^^^^^^^^^^^^^^^^[0m
  [90m1615 |[0m ...[33mcideUnplug[0m, [36mdefault[0m [36mas[0m [33mUnplug[0m, [36mdefault[0m [36mas[0m [33mUnplugIcon[0m } [36mfrom[0m [32m'./ic...[0m
  [90m1616 |[0m ...[33mcideUpload[0m, [36mdefault[0m [36mas[0m [33mUpload[0m, [36mdefault[0m [36mas[0m [33mUploadIcon[0m } [36mfrom[0m [32m'./ic...[0m
  [90m1617 |[0m ...[33mcideUsb[0m, [36mdefault[0m [36mas[0m [33mUsb[0m, [36mdefault[0m [36mas[0m [33mUsbIcon[0m } [36mfrom[0m [32m'./icons/usb.m...[0m



Import traces:
  Client Component Browser:
    ./.gemini/antigravity/scratch/teacher-tracking/node_modules/lucide-react/dist/esm/lucide-react.mjs [Client Component Browser]
    ./.gemini/antigravity/scratch/teacher-tracking/src/components/pages/DailyTasksPage.tsx [Client Component Browser]
    ./.gemini/antigravity/scratch/teacher-tracking/src/components/AppShell.tsx [Client Component Browser]
    ./.gemini/antigravity/scratch/teacher-tracking/src/app/page.tsx [Client Component Browser]
    ./.gemini/antigravity/scratch/teacher-tracking/src/app/page.tsx [Server Component]

  Client Component SSR:
    ./.gemini/antigravity/scratch/teacher-tracking/node_modules/lucide-react/dist/esm/lucide-react.mjs [Client Component SSR]
    ./.gemini/antigravity/scratch/teacher-tracking/src/components/pages/DailyTasksPage.tsx [Client Component SSR]
    ./.gemini/antigravity/scratch/teacher-tracking/src/components/AppShell.tsx [Client Component SSR]
    ./.gemini/antigravity/scratch/teacher-tracking/src/app/page.tsx [Client Component SSR]
    ./.gemini/antigravity/scratch/teacher-tracking/src/app/page.tsx [Server Component]

https://nextjs.org/docs/messages/module-not-found


./.gemini/antigravity/scratch/teacher-tracking/node_modules/lucide-react/dist/esm/lucide-react.mjs:1613:1
Module not found: Can't resolve './icons/unlink.mjs'
  [90m1611 |[0m ... [33mLucideUnfoldVertical[0m, [36mdefault[0m [36mas[0m [33mUnfoldVertical[0m, [36mdefault[0m [36mas[0m [33mUnfo...[0m
  [90m1612 |[0m ... [33mLucideUngroup[0m, [36mdefault[0m [36mas[0m [33mUngroup[0m, [36mdefault[0m [36mas[0m [33mUngroupIcon[0m } [36mfrom[0m.[32m..[0m
[31m[1m>[0m [90m1613 |[0m ... [33mLucideUnlink[0m, [36mdefault[0m [36mas[0m [33mUnlink[0m, [36mdefault[0m [36mas[0m [33mUnlinkIcon[0m } [36mfrom[0m [32m'....[0m
  [90m     |[0m    [31m[1m^^^^^^^^^^^^^^^^^^^^^^^^^^^^^^^^^^^^^^^^^^^^^^^^^^^^^^^^^^^^^^^^^^^^[0m
  [90m1614 |[0m ... [33mLucideUnlink2[0m, [36mdefault[0m [36mas[0m [33mUnlink2[0m, [36mdefault[0m [36mas[0m [33mUnlink2Icon[0m } [36mfrom[0m.[32m..[0m
  [90m1615 |[0m ... [33mLucideUnplug[0m, [36mdefault[0m [36mas[0m [33mUnplug[0m, [36mdefault[0m [36mas[0m [33mUnplugIcon[0m } [36mfrom[0m [32m'....[0m
  [90m1616 |[0m ... [33mLucideUpload[0m, [36mdefault[0m [36mas[0m [33mUpload[0m, [36mdefault[0m [36mas[0m [33mUploadIcon[0m } [36mfrom[0m [32m'....[0m



Import traces:
  Client Component Browser:
    ./.gemini/antigravity/scratch/teacher-tracking/node_modules/lucide-react/dist/esm/lucide-react.mjs [Client Component Browser]
    ./.gemini/antigravity/scratch/teacher-tracking/src/components/pages/DailyTasksPage.tsx [Client Component Browser]
    ./.gemini/antigravity/scratch/teacher-tracking/src/components/AppShell.tsx [Client Component Browser]
    ./.gemini/antigravity/scratch/teacher-tracking/src/app/page.tsx [Client Component Browser]
    ./.gemini/antigravity/scratch/teacher-tracking/src/app/page.tsx [Server Component]

  Client Component SSR:
    ./.gemini/antigravity/scratch/teacher-tracking/node_modules/lucide-react/dist/esm/lucide-react.mjs [Client Component SSR]
    ./.gemini/antigravity/scratch/teacher-tracking/src/components/pages/DailyTasksPage.tsx [Client Component SSR]
    ./.gemini/antigravity/scratch/teacher-tracking/src/components/AppShell.tsx [Client Component SSR]
    ./.gemini/antigravity/scratch/teacher-tracking/src/app/page.tsx [Client Component SSR]
    ./.gemini/antigravity/scratch/teacher-tracking/src/app/page.tsx [Server Component]

https://nextjs.org/docs/messages/module-not-found


./.gemini/antigravity/scratch/teacher-tracking/node_modules/lucide-react/dist/esm/lucide-react.mjs:1615:1
Module not found: Can't resolve './icons/unplug.mjs'
  [90m1613 |[0m ... [33mLucideUnlink[0m, [36mdefault[0m [36mas[0m [33mUnlink[0m, [36mdefault[0m [36mas[0m [33mUnlinkIcon[0m } [36mfrom[0m [32m'....[0m
  [90m1614 |[0m ... [33mLucideUnlink2[0m, [36mdefault[0m [36mas[0m [33mUnlink2[0m, [36mdefault[0m [36mas[0m [33mUnlink2Icon[0m } [36mfrom[0m.[32m..[0m
[31m[1m>[0m [90m1615 |[0m ... [33mLucideUnplug[0m, [36mdefault[0m [36mas[0m [33mUnplug[0m, [36mdefault[0m [36mas[0m [33mUnplugIcon[0m } [36mfrom[0m [32m'....[0m
  [90m     |[0m    [31m[1m^^^^^^^^^^^^^^^^^^^^^^^^^^^^^^^^^^^^^^^^^^^^^^^^^^^^^^^^^^^^^^^^^^^^[0m
  [90m1616 |[0m ... [33mLucideUpload[0m, [36mdefault[0m [36mas[0m [33mUpload[0m, [36mdefault[0m [36mas[0m [33mUploadIcon[0m } [36mfrom[0m [32m'....[0m
  [90m1617 |[0m ... [33mLucideUsb[0m, [36mdefault[0m [36mas[0m [33mUsb[0m, [36mdefault[0m [36mas[0m [33mUsbIcon[0m } [36mfrom[0m [32m'./icons/us...[0m
  [90m1618 |[0m ... [33mLucideUserCheck[0m, [36mdefault[0m [36mas[0m [33mUserCheck[0m, [36mdefault[0m [36mas[0m [33mUserCheckIcon[0m ..[36m.[0m



Import traces:
  Client Component Browser:
    ./.gemini/antigravity/scratch/teacher-tracking/node_modules/lucide-react/dist/esm/lucide-react.mjs [Client Component Browser]
    ./.gemini/antigravity/scratch/teacher-tracking/src/components/pages/DailyTasksPage.tsx [Client Component Browser]
    ./.gemini/antigravity/scratch/teacher-tracking/src/components/AppShell.tsx [Client Component Browser]
    ./.gemini/antigravity/scratch/teacher-tracking/src/app/page.tsx [Client Component Browser]
    ./.gemini/antigravity/scratch/teacher-tracking/src/app/page.tsx [Server Component]

  Client Component SSR:
    ./.gemini/antigravity/scratch/teacher-tracking/node_modules/lucide-react/dist/esm/lucide-react.mjs [Client Component SSR]
    ./.gemini/antigravity/scratch/teacher-tracking/src/components/pages/DailyTasksPage.tsx [Client Component SSR]
    ./.gemini/antigravity/scratch/teacher-tracking/src/components/AppShell.tsx [Client Component SSR]
    ./.gemini/antigravity/scratch/teacher-tracking/src/app/page.tsx [Client Component SSR]
    ./.gemini/antigravity/scratch/teacher-tracking/src/app/page.tsx [Server Component]

https://nextjs.org/docs/messages/module-not-found


./.gemini/antigravity/scratch/teacher-tracking/node_modules/lucide-react/dist/esm/lucide-react.mjs:1616:1
Module not found: Can't resolve './icons/upload.mjs'
  [90m1614 |[0m ... [33mLucideUnlink2[0m, [36mdefault[0m [36mas[0m [33mUnlink2[0m, [36mdefault[0m [36mas[0m [33mUnlink2Icon[0m } [36mfrom[0m.[32m..[0m
  [90m1615 |[0m ... [33mLucideUnplug[0m, [36mdefault[0m [36mas[0m [33mUnplug[0m, [36mdefault[0m [36mas[0m [33mUnplugIcon[0m } [36mfrom[0m [32m'....[0m
[31m[1m>[0m [90m1616 |[0m ... [33mLucideUpload[0m, [36mdefault[0m [36mas[0m [33mUpload[0m, [36mdefault[0m [36mas[0m [33mUploadIcon[0m } [36mfrom[0m [32m'....[0m
  [90m     |[0m    [31m[1m^^^^^^^^^^^^^^^^^^^^^^^^^^^^^^^^^^^^^^^^^^^^^^^^^^^^^^^^^^^^^^^^^^^^[0m
  [90m1617 |[0m ... [33mLucideUsb[0m, [36mdefault[0m [36mas[0m [33mUsb[0m, [36mdefault[0m [36mas[0m [33mUsbIcon[0m } [36mfrom[0m [32m'./icons/us...[0m
  [90m1618 |[0m ... [33mLucideUserCheck[0m, [36mdefault[0m [36mas[0m [33mUserCheck[0m, [36mdefault[0m [36mas[0m [33mUserCheckIcon[0m ..[36m.[0m
  [90m1619 |[0m ... [33mLucideUserCog[0m, [36mdefault[0m [36mas[0m [33mUserCog[0m, [36mdefault[0m [36mas[0m [33mUserCogIcon[0m } [36mfrom[0m.[32m..[0m



Import traces:
  Client Component Browser:
    ./.gemini/antigravity/scratch/teacher-tracking/node_modules/lucide-react/dist/esm/lucide-react.mjs [Client Component Browser]
    ./.gemini/antigravity/scratch/teacher-tracking/src/components/pages/DailyTasksPage.tsx [Client Component Browser]
    ./.gemini/antigravity/scratch/teacher-tracking/src/components/AppShell.tsx [Client Component Browser]
    ./.gemini/antigravity/scratch/teacher-tracking/src/app/page.tsx [Client Component Browser]
    ./.gemini/antigravity/scratch/teacher-tracking/src/app/page.tsx [Server Component]

  Client Component SSR:
    ./.gemini/antigravity/scratch/teacher-tracking/node_modules/lucide-react/dist/esm/lucide-react.mjs [Client Component SSR]
    ./.gemini/antigravity/scratch/teacher-tracking/src/components/pages/DailyTasksPage.tsx [Client Component SSR]
    ./.gemini/antigravity/scratch/teacher-tracking/src/components/AppShell.tsx [Client Component SSR]
    ./.gemini/antigravity/scratch/teacher-tracking/src/app/page.tsx [Client Component SSR]
    ./.gemini/antigravity/scratch/teacher-tracking/src/app/page.tsx [Server Component]

https://nextjs.org/docs/messages/module-not-found


./.gemini/antigravity/scratch/teacher-tracking/node_modules/lucide-react/dist/esm/lucide-react.mjs:1617:1
Module not found: Can't resolve './icons/usb.mjs'
  [90m1615 |[0m ...[36mult[0m [36mas[0m [33mLucideUnplug[0m, [36mdefault[0m [36mas[0m [33mUnplug[0m, [36mdefault[0m [36mas[0m [33mUnplugIcon[0m } [36mf...[0m
  [90m1616 |[0m ...[36mult[0m [36mas[0m [33mLucideUpload[0m, [36mdefault[0m [36mas[0m [33mUpload[0m, [36mdefault[0m [36mas[0m [33mUploadIcon[0m } [36mf...[0m
[31m[1m>[0m [90m1617 |[0m ...[36mult[0m [36mas[0m [33mLucideUsb[0m, [36mdefault[0m [36mas[0m [33mUsb[0m, [36mdefault[0m [36mas[0m [33mUsbIcon[0m } [36mfrom[0m [32m'./ic...[0m
  [90m     |[0m    [31m[1m^^^^^^^^^^^^^^^^^^^^^^^^^^^^^^^^^^^^^^^^^^^^^^^^^^^^^^^^^^^^^^^^^^^^[0m
  [90m1618 |[0m ...[36mult[0m [36mas[0m [33mLucideUserCheck[0m, [36mdefault[0m [36mas[0m [33mUserCheck[0m, [36mdefault[0m [36mas[0m [33mUserChec...[0m
  [90m1619 |[0m ...[36mult[0m [36mas[0m [33mLucideUserCog[0m, [36mdefault[0m [36mas[0m [33mUserCog[0m, [36mdefault[0m [36mas[0m [33mUserCogIcon[0m ..[36m.[0m
  [90m1620 |[0m ...[36mult[0m [36mas[0m [33mLucideUserKey[0m, [36mdefault[0m [36mas[0m [33mUserKey[0m, [36mdefault[0m [36mas[0m [33mUserKeyIcon[0m ..[36m.[0m



Import traces:
  Client Component Browser:
    ./.gemini/antigravity/scratch/teacher-tracking/node_modules/lucide-react/dist/esm/lucide-react.mjs [Client Component Browser]
    ./.gemini/antigravity/scratch/teacher-tracking/src/components/pages/DailyTasksPage.tsx [Client Component Browser]
    ./.gemini/antigravity/scratch/teacher-tracking/src/components/AppShell.tsx [Client Component Browser]
    ./.gemini/antigravity/scratch/teacher-tracking/src/app/page.tsx [Client Component Browser]
    ./.gemini/antigravity/scratch/teacher-tracking/src/app/page.tsx [Server Component]

  Client Component SSR:
    ./.gemini/antigravity/scratch/teacher-tracking/node_modules/lucide-react/dist/esm/lucide-react.mjs [Client Component SSR]
    ./.gemini/antigravity/scratch/teacher-tracking/src/components/pages/DailyTasksPage.tsx [Client Component SSR]
    ./.gemini/antigravity/scratch/teacher-tracking/src/components/AppShell.tsx [Client Component SSR]
    ./.gemini/antigravity/scratch/teacher-tracking/src/app/page.tsx [Client Component SSR]
    ./.gemini/antigravity/scratch/teacher-tracking/src/app/page.tsx [Server Component]

https://nextjs.org/docs/messages/module-not-found


./.gemini/antigravity/scratch/teacher-tracking/node_modules/lucide-react/dist/esm/lucide-react.mjs:1618:1
Module not found: Can't resolve './icons/user-check.mjs'
  [90m1616 |[0m ...[33mUpload[0m, [36mdefault[0m [36mas[0m [33mUpload[0m, [36mdefault[0m [36mas[0m [33mUploadIcon[0m } [36mfrom[0m [32m'./icons/...[0m
  [90m1617 |[0m ...[33mUsb[0m, [36mdefault[0m [36mas[0m [33mUsb[0m, [36mdefault[0m [36mas[0m [33mUsbIcon[0m } [36mfrom[0m [32m'./icons/usb.mjs'[0m;
[31m[1m>[0m [90m1618 |[0m ...[33mUserCheck[0m, [36mdefault[0m [36mas[0m [33mUserCheck[0m, [36mdefault[0m [36mas[0m [33mUserCheckIcon[0m } [36mfrom[0m [32m...[0m
  [90m     |[0m    [31m[1m^^^^^^^^^^^^^^^^^^^^^^^^^^^^^^^^^^^^^^^^^^^^^^^^^^^^^^^^^^^^^^^^^^^^[0m
  [90m1619 |[0m ...[33mUserCog[0m, [36mdefault[0m [36mas[0m [33mUserCog[0m, [36mdefault[0m [36mas[0m [33mUserCogIcon[0m } [36mfrom[0m [32m'./ico...[0m
  [90m1620 |[0m ...[33mUserKey[0m, [36mdefault[0m [36mas[0m [33mUserKey[0m, [36mdefault[0m [36mas[0m [33mUserKeyIcon[0m } [36mfrom[0m [32m'./ico...[0m
  [90m1621 |[0m ...[33mUserLock[0m, [36mdefault[0m [36mas[0m [33mUserLock[0m, [36mdefault[0m [36mas[0m [33mUserLockIcon[0m } [36mfrom[0m [32m'./...[0m



Import traces:
  Client Component Browser:
    ./.gemini/antigravity/scratch/teacher-tracking/node_modules/lucide-react/dist/esm/lucide-react.mjs [Client Component Browser]
    ./.gemini/antigravity/scratch/teacher-tracking/src/components/pages/DailyTasksPage.tsx [Client Component Browser]
    ./.gemini/antigravity/scratch/teacher-tracking/src/components/AppShell.tsx [Client Component Browser]
    ./.gemini/antigravity/scratch/teacher-tracking/src/app/page.tsx [Client Component Browser]
    ./.gemini/antigravity/scratch/teacher-tracking/src/app/page.tsx [Server Component]

  Client Component SSR:
    ./.gemini/antigravity/scratch/teacher-tracking/node_modules/lucide-react/dist/esm/lucide-react.mjs [Client Component SSR]
    ./.gemini/antigravity/scratch/teacher-tracking/src/components/pages/DailyTasksPage.tsx [Client Component SSR]
    ./.gemini/antigravity/scratch/teacher-tracking/src/components/AppShell.tsx [Client Component SSR]
    ./.gemini/antigravity/scratch/teacher-tracking/src/app/page.tsx [Client Component SSR]
    ./.gemini/antigravity/scratch/teacher-tracking/src/app/page.tsx [Server Component]

https://nextjs.org/docs/messages/module-not-found


./.gemini/antigravity/scratch/teacher-tracking/node_modules/lucide-react/dist/esm/lucide-react.mjs:1619:1
Module not found: Can't resolve './icons/user-cog.mjs'
  [90m1617 |[0m ...[33mcideUsb[0m, [36mdefault[0m [36mas[0m [33mUsb[0m, [36mdefault[0m [36mas[0m [33mUsbIcon[0m } [36mfrom[0m [32m'./icons/usb.m...[0m
  [90m1618 |[0m ...[33mcideUserCheck[0m, [36mdefault[0m [36mas[0m [33mUserCheck[0m, [36mdefault[0m [36mas[0m [33mUserCheckIcon[0m } [36mf...[0m
[31m[1m>[0m [90m1619 |[0m ...[33mcideUserCog[0m, [36mdefault[0m [36mas[0m [33mUserCog[0m, [36mdefault[0m [36mas[0m [33mUserCogIcon[0m } [36mfrom[0m [32m'....[0m
  [90m     |[0m    [31m[1m^^^^^^^^^^^^^^^^^^^^^^^^^^^^^^^^^^^^^^^^^^^^^^^^^^^^^^^^^^^^^^^^^^^^[0m
  [90m1620 |[0m ...[33mcideUserKey[0m, [36mdefault[0m [36mas[0m [33mUserKey[0m, [36mdefault[0m [36mas[0m [33mUserKeyIcon[0m } [36mfrom[0m [32m'....[0m
  [90m1621 |[0m ...[33mcideUserLock[0m, [36mdefault[0m [36mas[0m [33mUserLock[0m, [36mdefault[0m [36mas[0m [33mUserLockIcon[0m } [36mfrom[0m.[32m..[0m
  [90m1622 |[0m ...[33mcideUserMinus[0m, [36mdefault[0m [36mas[0m [33mUserMinus[0m, [36mdefault[0m [36mas[0m [33mUserMinusIcon[0m } [36mf...[0m



Import traces:
  Client Component Browser:
    ./.gemini/antigravity/scratch/teacher-tracking/node_modules/lucide-react/dist/esm/lucide-react.mjs [Client Component Browser]
    ./.gemini/antigravity/scratch/teacher-tracking/src/components/pages/DailyTasksPage.tsx [Client Component Browser]
    ./.gemini/antigravity/scratch/teacher-tracking/src/components/AppShell.tsx [Client Component Browser]
    ./.gemini/antigravity/scratch/teacher-tracking/src/app/page.tsx [Client Component Browser]
    ./.gemini/antigravity/scratch/teacher-tracking/src/app/page.tsx [Server Component]

  Client Component SSR:
    ./.gemini/antigravity/scratch/teacher-tracking/node_modules/lucide-react/dist/esm/lucide-react.mjs [Client Component SSR]
    ./.gemini/antigravity/scratch/teacher-tracking/src/components/pages/DailyTasksPage.tsx [Client Component SSR]
    ./.gemini/antigravity/scratch/teacher-tracking/src/components/AppShell.tsx [Client Component SSR]
    ./.gemini/antigravity/scratch/teacher-tracking/src/app/page.tsx [Client Component SSR]
    ./.gemini/antigravity/scratch/teacher-tracking/src/app/page.tsx [Server Component]

https://nextjs.org/docs/messages/module-not-found


./.gemini/antigravity/scratch/teacher-tracking/node_modules/lucide-react/dist/esm/lucide-react.mjs:1620:1
Module not found: Can't resolve './icons/user-key.mjs'
  [90m1618 |[0m ...[33mcideUserCheck[0m, [36mdefault[0m [36mas[0m [33mUserCheck[0m, [36mdefault[0m [36mas[0m [33mUserCheckIcon[0m } [36mf...[0m
  [90m1619 |[0m ...[33mcideUserCog[0m, [36mdefault[0m [36mas[0m [33mUserCog[0m, [36mdefault[0m [36mas[0m [33mUserCogIcon[0m } [36mfrom[0m [32m'....[0m
[31m[1m>[0m [90m1620 |[0m ...[33mcideUserKey[0m, [36mdefault[0m [36mas[0m [33mUserKey[0m, [36mdefault[0m [36mas[0m [33mUserKeyIcon[0m } [36mfrom[0m [32m'....[0m
  [90m     |[0m    [31m[1m^^^^^^^^^^^^^^^^^^^^^^^^^^^^^^^^^^^^^^^^^^^^^^^^^^^^^^^^^^^^^^^^^^^^[0m
  [90m1621 |[0m ...[33mcideUserLock[0m, [36mdefault[0m [36mas[0m [33mUserLock[0m, [36mdefault[0m [36mas[0m [33mUserLockIcon[0m } [36mfrom[0m.[32m..[0m
  [90m1622 |[0m ...[33mcideUserMinus[0m, [36mdefault[0m [36mas[0m [33mUserMinus[0m, [36mdefault[0m [36mas[0m [33mUserMinusIcon[0m } [36mf...[0m
  [90m1623 |[0m ...[33mcideUserPen[0m, [36mdefault[0m [36mas[0m [33mUserPen[0m, [36mdefault[0m [36mas[0m [33mUserPenIcon[0m } [36mfrom[0m [32m'....[0m



Import traces:
  Client Component Browser:
    ./.gemini/antigravity/scratch/teacher-tracking/node_modules/lucide-react/dist/esm/lucide-react.mjs [Client Component Browser]
    ./.gemini/antigravity/scratch/teacher-tracking/src/components/pages/DailyTasksPage.tsx [Client Component Browser]
    ./.gemini/antigravity/scratch/teacher-tracking/src/components/AppShell.tsx [Client Component Browser]
    ./.gemini/antigravity/scratch/teacher-tracking/src/app/page.tsx [Client Component Browser]
    ./.gemini/antigravity/scratch/teacher-tracking/src/app/page.tsx [Server Component]

  Client Component SSR:
    ./.gemini/antigravity/scratch/teacher-tracking/node_modules/lucide-react/dist/esm/lucide-react.mjs [Client Component SSR]
    ./.gemini/antigravity/scratch/teacher-tracking/src/components/pages/DailyTasksPage.tsx [Client Component SSR]
    ./.gemini/antigravity/scratch/teacher-tracking/src/components/AppShell.tsx [Client Component SSR]
    ./.gemini/antigravity/scratch/teacher-tracking/src/app/page.tsx [Client Component SSR]
    ./.gemini/antigravity/scratch/teacher-tracking/src/app/page.tsx [Server Component]

https://nextjs.org/docs/messages/module-not-found


./.gemini/antigravity/scratch/teacher-tracking/node_modules/lucide-react/dist/esm/lucide-react.mjs:1621:1
Module not found: Can't resolve './icons/user-lock.mjs'
  [90m1619 |[0m ...[33mdeUserCog[0m, [36mdefault[0m [36mas[0m [33mUserCog[0m, [36mdefault[0m [36mas[0m [33mUserCogIcon[0m } [36mfrom[0m [32m'./i...[0m
  [90m1620 |[0m ...[33mdeUserKey[0m, [36mdefault[0m [36mas[0m [33mUserKey[0m, [36mdefault[0m [36mas[0m [33mUserKeyIcon[0m } [36mfrom[0m [32m'./i...[0m
[31m[1m>[0m [90m1621 |[0m ...[33mdeUserLock[0m, [36mdefault[0m [36mas[0m [33mUserLock[0m, [36mdefault[0m [36mas[0m [33mUserLockIcon[0m } [36mfrom[0m [32m'...[0m
  [90m     |[0m    [31m[1m^^^^^^^^^^^^^^^^^^^^^^^^^^^^^^^^^^^^^^^^^^^^^^^^^^^^^^^^^^^^^^^^^^^^[0m
  [90m1622 |[0m ...[33mdeUserMinus[0m, [36mdefault[0m [36mas[0m [33mUserMinus[0m, [36mdefault[0m [36mas[0m [33mUserMinusIcon[0m } [36mfro.[0m.[32m.[0m
  [90m1623 |[0m ...[33mdeUserPen[0m, [36mdefault[0m [36mas[0m [33mUserPen[0m, [36mdefault[0m [36mas[0m [33mUserPenIcon[0m } [36mfrom[0m [32m'./i...[0m
  [90m1624 |[0m ...[33mdeUserPlus[0m, [36mdefault[0m [36mas[0m [33mUserPlus[0m, [36mdefault[0m [36mas[0m [33mUserPlusIcon[0m } [36mfrom[0m [32m'...[0m



Import traces:
  Client Component Browser:
    ./.gemini/antigravity/scratch/teacher-tracking/node_modules/lucide-react/dist/esm/lucide-react.mjs [Client Component Browser]
    ./.gemini/antigravity/scratch/teacher-tracking/src/components/pages/DailyTasksPage.tsx [Client Component Browser]
    ./.gemini/antigravity/scratch/teacher-tracking/src/components/AppShell.tsx [Client Component Browser]
    ./.gemini/antigravity/scratch/teacher-tracking/src/app/page.tsx [Client Component Browser]
    ./.gemini/antigravity/scratch/teacher-tracking/src/app/page.tsx [Server Component]

  Client Component SSR:
    ./.gemini/antigravity/scratch/teacher-tracking/node_modules/lucide-react/dist/esm/lucide-react.mjs [Client Component SSR]
    ./.gemini/antigravity/scratch/teacher-tracking/src/components/pages/DailyTasksPage.tsx [Client Component SSR]
    ./.gemini/antigravity/scratch/teacher-tracking/src/components/AppShell.tsx [Client Component SSR]
    ./.gemini/antigravity/scratch/teacher-tracking/src/app/page.tsx [Client Component SSR]
    ./.gemini/antigravity/scratch/teacher-tracking/src/app/page.tsx [Server Component]

https://nextjs.org/docs/messages/module-not-found


./.gemini/antigravity/scratch/teacher-tracking/node_modules/lucide-react/dist/esm/lucide-react.mjs:1622:1
Module not found: Can't resolve './icons/user-minus.mjs'
  [90m1620 |[0m ...[33mUserKey[0m, [36mdefault[0m [36mas[0m [33mUserKey[0m, [36mdefault[0m [36mas[0m [33mUserKeyIcon[0m } [36mfrom[0m [32m'./ico...[0m
  [90m1621 |[0m ...[33mUserLock[0m, [36mdefault[0m [36mas[0m [33mUserLock[0m, [36mdefault[0m [36mas[0m [33mUserLockIcon[0m } [36mfrom[0m [32m'./...[0m
[31m[1m>[0m [90m1622 |[0m ...[33mUserMinus[0m, [36mdefault[0m [36mas[0m [33mUserMinus[0m, [36mdefault[0m [36mas[0m [33mUserMinusIcon[0m } [36mfrom[0m [32m...[0m
  [90m     |[0m    [31m[1m^^^^^^^^^^^^^^^^^^^^^^^^^^^^^^^^^^^^^^^^^^^^^^^^^^^^^^^^^^^^^^^^^^^^[0m
  [90m1623 |[0m ...[33mUserPen[0m, [36mdefault[0m [36mas[0m [33mUserPen[0m, [36mdefault[0m [36mas[0m [33mUserPenIcon[0m } [36mfrom[0m [32m'./ico...[0m
  [90m1624 |[0m ...[33mUserPlus[0m, [36mdefault[0m [36mas[0m [33mUserPlus[0m, [36mdefault[0m [36mas[0m [33mUserPlusIcon[0m } [36mfrom[0m [32m'./...[0m
  [90m1625 |[0m ...[33mUserRoundKey[0m, [36mdefault[0m [36mas[0m [33mUserRoundKey[0m, [36mdefault[0m [36mas[0m [33mUserRoundKeyIco.[0m..



Import traces:
  Client Component Browser:
    ./.gemini/antigravity/scratch/teacher-tracking/node_modules/lucide-react/dist/esm/lucide-react.mjs [Client Component Browser]
    ./.gemini/antigravity/scratch/teacher-tracking/src/components/pages/DailyTasksPage.tsx [Client Component Browser]
    ./.gemini/antigravity/scratch/teacher-tracking/src/components/AppShell.tsx [Client Component Browser]
    ./.gemini/antigravity/scratch/teacher-tracking/src/app/page.tsx [Client Component Browser]
    ./.gemini/antigravity/scratch/teacher-tracking/src/app/page.tsx [Server Component]

  Client Component SSR:
    ./.gemini/antigravity/scratch/teacher-tracking/node_modules/lucide-react/dist/esm/lucide-react.mjs [Client Component SSR]
    ./.gemini/antigravity/scratch/teacher-tracking/src/components/pages/DailyTasksPage.tsx [Client Component SSR]
    ./.gemini/antigravity/scratch/teacher-tracking/src/components/AppShell.tsx [Client Component SSR]
    ./.gemini/antigravity/scratch/teacher-tracking/src/app/page.tsx [Client Component SSR]
    ./.gemini/antigravity/scratch/teacher-tracking/src/app/page.tsx [Server Component]

https://nextjs.org/docs/messages/module-not-found


./.gemini/antigravity/scratch/teacher-tracking/node_modules/lucide-react/dist/esm/lucide-react.mjs:1623:1
Module not found: Can't resolve './icons/user-pen.mjs'
  [90m1621 |[0m ...[33mcideUserLock[0m, [36mdefault[0m [36mas[0m [33mUserLock[0m, [36mdefault[0m [36mas[0m [33mUserLockIcon[0m } [36mfrom[0m.[32m..[0m
  [90m1622 |[0m ...[33mcideUserMinus[0m, [36mdefault[0m [36mas[0m [33mUserMinus[0m, [36mdefault[0m [36mas[0m [33mUserMinusIcon[0m } [36mf...[0m
[31m[1m>[0m [90m1623 |[0m ...[33mcideUserPen[0m, [36mdefault[0m [36mas[0m [33mUserPen[0m, [36mdefault[0m [36mas[0m [33mUserPenIcon[0m } [36mfrom[0m [32m'....[0m
  [90m     |[0m    [31m[1m^^^^^^^^^^^^^^^^^^^^^^^^^^^^^^^^^^^^^^^^^^^^^^^^^^^^^^^^^^^^^^^^^^^^[0m
  [90m1624 |[0m ...[33mcideUserPlus[0m, [36mdefault[0m [36mas[0m [33mUserPlus[0m, [36mdefault[0m [36mas[0m [33mUserPlusIcon[0m } [36mfrom[0m.[32m..[0m
  [90m1625 |[0m ...[33mcideUserRoundKey[0m, [36mdefault[0m [36mas[0m [33mUserRoundKey[0m, [36mdefault[0m [36mas[0m [33mUserRoundKe...[0m
  [90m1626 |[0m ...[33mcideUserRoundPen[0m, [36mdefault[0m [36mas[0m [33mUserRoundPen[0m, [36mdefault[0m [36mas[0m [33mUserRoundPe...[0m



Import traces:
  Client Component Browser:
    ./.gemini/antigravity/scratch/teacher-tracking/node_modules/lucide-react/dist/esm/lucide-react.mjs [Client Component Browser]
    ./.gemini/antigravity/scratch/teacher-tracking/src/components/pages/DailyTasksPage.tsx [Client Component Browser]
    ./.gemini/antigravity/scratch/teacher-tracking/src/components/AppShell.tsx [Client Component Browser]
    ./.gemini/antigravity/scratch/teacher-tracking/src/app/page.tsx [Client Component Browser]
    ./.gemini/antigravity/scratch/teacher-tracking/src/app/page.tsx [Server Component]

  Client Component SSR:
    ./.gemini/antigravity/scratch/teacher-tracking/node_modules/lucide-react/dist/esm/lucide-react.mjs [Client Component SSR]
    ./.gemini/antigravity/scratch/teacher-tracking/src/components/pages/DailyTasksPage.tsx [Client Component SSR]
    ./.gemini/antigravity/scratch/teacher-tracking/src/components/AppShell.tsx [Client Component SSR]
    ./.gemini/antigravity/scratch/teacher-tracking/src/app/page.tsx [Client Component SSR]
    ./.gemini/antigravity/scratch/teacher-tracking/src/app/page.tsx [Server Component]

https://nextjs.org/docs/messages/module-not-found


./.gemini/antigravity/scratch/teacher-tracking/node_modules/lucide-react/dist/esm/lucide-react.mjs:1624:1
Module not found: Can't resolve './icons/user-plus.mjs'
  [90m1622 |[0m ...[33mdeUserMinus[0m, [36mdefault[0m [36mas[0m [33mUserMinus[0m, [36mdefault[0m [36mas[0m [33mUserMinusIcon[0m } [36mfro.[0m.[32m.[0m
  [90m1623 |[0m ...[33mdeUserPen[0m, [36mdefault[0m [36mas[0m [33mUserPen[0m, [36mdefault[0m [36mas[0m [33mUserPenIcon[0m } [36mfrom[0m [32m'./i...[0m
[31m[1m>[0m [90m1624 |[0m ...[33mdeUserPlus[0m, [36mdefault[0m [36mas[0m [33mUserPlus[0m, [36mdefault[0m [36mas[0m [33mUserPlusIcon[0m } [36mfrom[0m [32m'...[0m
  [90m     |[0m    [31m[1m^^^^^^^^^^^^^^^^^^^^^^^^^^^^^^^^^^^^^^^^^^^^^^^^^^^^^^^^^^^^^^^^^^^^[0m
  [90m1625 |[0m ...[33mdeUserRoundKey[0m, [36mdefault[0m [36mas[0m [33mUserRoundKey[0m, [36mdefault[0m [36mas[0m [33mUserRoundKeyI...[0m
  [90m1626 |[0m ...[33mdeUserRoundPen[0m, [36mdefault[0m [36mas[0m [33mUserRoundPen[0m, [36mdefault[0m [36mas[0m [33mUserRoundPenI...[0m
  [90m1627 |[0m ...[33mdeUserRoundSearch[0m, [36mdefault[0m [36mas[0m [33mUserRoundSearch[0m, [36mdefault[0m [36mas[0m [33mUserRou...[0m



Import traces:
  Client Component Browser:
    ./.gemini/antigravity/scratch/teacher-tracking/node_modules/lucide-react/dist/esm/lucide-react.mjs [Client Component Browser]
    ./.gemini/antigravity/scratch/teacher-tracking/src/components/pages/DailyTasksPage.tsx [Client Component Browser]
    ./.gemini/antigravity/scratch/teacher-tracking/src/components/AppShell.tsx [Client Component Browser]
    ./.gemini/antigravity/scratch/teacher-tracking/src/app/page.tsx [Client Component Browser]
    ./.gemini/antigravity/scratch/teacher-tracking/src/app/page.tsx [Server Component]

  Client Component SSR:
    ./.gemini/antigravity/scratch/teacher-tracking/node_modules/lucide-react/dist/esm/lucide-react.mjs [Client Component SSR]
    ./.gemini/antigravity/scratch/teacher-tracking/src/components/pages/DailyTasksPage.tsx [Client Component SSR]
    ./.gemini/antigravity/scratch/teacher-tracking/src/components/AppShell.tsx [Client Component SSR]
    ./.gemini/antigravity/scratch/teacher-tracking/src/app/page.tsx [Client Component SSR]
    ./.gemini/antigravity/scratch/teacher-tracking/src/app/page.tsx [Server Component]

https://nextjs.org/docs/messages/module-not-found


./.gemini/antigravity/scratch/teacher-tracking/node_modules/lucide-react/dist/esm/lucide-react.mjs:233:1
Module not found: Can't resolve './icons/user-round-check.mjs'
  [90m231 |[0m ...[36mdefault[0m [36mas[0m [33mTv2Icon[0m, [36mdefault[0m [36mas[0m [33mTvMinimal[0m, [36mdefault[0m [36mas[0m [33mTvMinimalIcon[0m...
  [90m232 |[0m ...[33mSchool2[0m, [36mdefault[0m [36mas[0m [33mSchool2Icon[0m, [36mdefault[0m [36mas[0m [33mUniversity[0m, [36mdefault[0m [36mas[0m.[33m..[0m
[31m[1m>[0m [90m233 |[0m ...[36mult[0m [36mas[0m [33mUserCheck2[0m, [36mdefault[0m [36mas[0m [33mUserCheck2Icon[0m, [36mdefault[0m [36mas[0m [33mUserRound...[0m
  [90m    |[0m    [31m[1m^^^^^^^^^^^^^^^^^^^^^^^^^^^^^^^^^^^^^^^^^^^^^^^^^^^^^^^^^^^^^^^^^^^^^[0m
  [90m234 |[0m ...[36mas[0m [33mUserCog2[0m, [36mdefault[0m [36mas[0m [33mUserCog2Icon[0m, [36mdefault[0m [36mas[0m [33mUserRoundCog[0m, [36mdef...[0m
  [90m235 |[0m ...[36mult[0m [36mas[0m [33mUserMinus2[0m, [36mdefault[0m [36mas[0m [33mUserMinus2Icon[0m, [36mdefault[0m [36mas[0m [33mUserRound...[0m
  [90m236 |[0m ...[36mt[0m [36mas[0m [33mUserPlus2[0m, [36mdefault[0m [36mas[0m [33mUserPlus2Icon[0m, [36mdefault[0m [36mas[0m [33mUserRoundPlus[0m...



Import traces:
  Client Component Browser:
    ./.gemini/antigravity/scratch/teacher-tracking/node_modules/lucide-react/dist/esm/lucide-react.mjs [Client Component Browser]
    ./.gemini/antigravity/scratch/teacher-tracking/src/components/pages/DailyTasksPage.tsx [Client Component Browser]
    ./.gemini/antigravity/scratch/teacher-tracking/src/components/AppShell.tsx [Client Component Browser]
    ./.gemini/antigravity/scratch/teacher-tracking/src/app/page.tsx [Client Component Browser]
    ./.gemini/antigravity/scratch/teacher-tracking/src/app/page.tsx [Server Component]

  Client Component SSR:
    ./.gemini/antigravity/scratch/teacher-tracking/node_modules/lucide-react/dist/esm/lucide-react.mjs [Client Component SSR]
    ./.gemini/antigravity/scratch/teacher-tracking/src/components/pages/DailyTasksPage.tsx [Client Component SSR]
    ./.gemini/antigravity/scratch/teacher-tracking/src/components/AppShell.tsx [Client Component SSR]
    ./.gemini/antigravity/scratch/teacher-tracking/src/app/page.tsx [Client Component SSR]
    ./.gemini/antigravity/scratch/teacher-tracking/src/app/page.tsx [Server Component]

https://nextjs.org/docs/messages/module-not-found


./.gemini/antigravity/scratch/teacher-tracking/node_modules/lucide-react/dist/esm/lucide-react.mjs:234:1
Module not found: Can't resolve './icons/user-round-cog.mjs'
  [90m232 |[0m ...[36mult[0m [36mas[0m [33mSchool2[0m, [36mdefault[0m [36mas[0m [33mSchool2Icon[0m, [36mdefault[0m [36mas[0m [33mUniversity[0m, [36mdef...[0m
  [90m233 |[0m ...[33mk[0m, [36mdefault[0m [36mas[0m [33mUserCheck2[0m, [36mdefault[0m [36mas[0m [33mUserCheck2Icon[0m, [36mdefault[0m [36mas[0m [33mUs...[0m
[31m[1m>[0m [90m234 |[0m ...[36mefault[0m [36mas[0m [33mUserCog2[0m, [36mdefault[0m [36mas[0m [33mUserCog2Icon[0m, [36mdefault[0m [36mas[0m [33mUserRoundC..[0m.
  [90m    |[0m    [31m[1m^^^^^^^^^^^^^^^^^^^^^^^^^^^^^^^^^^^^^^^^^^^^^^^^^^^^^^^^^^^^^^^^^^^^^[0m
  [90m235 |[0m ...[33ms[0m, [36mdefault[0m [36mas[0m [33mUserMinus2[0m, [36mdefault[0m [36mas[0m [33mUserMinus2Icon[0m, [36mdefault[0m [36mas[0m [33mUs...[0m
  [90m236 |[0m ... [36mdefault[0m [36mas[0m [33mUserPlus2[0m, [36mdefault[0m [36mas[0m [33mUserPlus2Icon[0m, [36mdefault[0m [36mas[0m [33mUserRo...[0m
  [90m237 |[0m ...[36mlt[0m [36mas[0m [33mUserRoundX[0m, [36mdefault[0m [36mas[0m [33mUserRoundXIcon[0m, [36mdefault[0m [36mas[0m [33mUserX2[0m, [36mde...[0m



Import traces:
  Client Component Browser:
    ./.gemini/antigravity/scratch/teacher-tracking/node_modules/lucide-react/dist/esm/lucide-react.mjs [Client Component Browser]
    ./.gemini/antigravity/scratch/teacher-tracking/src/components/pages/DailyTasksPage.tsx [Client Component Browser]
    ./.gemini/antigravity/scratch/teacher-tracking/src/components/AppShell.tsx [Client Component Browser]
    ./.gemini/antigravity/scratch/teacher-tracking/src/app/page.tsx [Client Component Browser]
    ./.gemini/antigravity/scratch/teacher-tracking/src/app/page.tsx [Server Component]

  Client Component SSR:
    ./.gemini/antigravity/scratch/teacher-tracking/node_modules/lucide-react/dist/esm/lucide-react.mjs [Client Component SSR]
    ./.gemini/antigravity/scratch/teacher-tracking/src/components/pages/DailyTasksPage.tsx [Client Component SSR]
    ./.gemini/antigravity/scratch/teacher-tracking/src/components/AppShell.tsx [Client Component SSR]
    ./.gemini/antigravity/scratch/teacher-tracking/src/app/page.tsx [Client Component SSR]
    ./.gemini/antigravity/scratch/teacher-tracking/src/app/page.tsx [Server Component]

https://nextjs.org/docs/messages/module-not-found


./.gemini/antigravity/scratch/teacher-tracking/node_modules/lucide-react/dist/esm/lucide-react.mjs:1625:1
Module not found: Can't resolve './icons/user-round-key.mjs'
  [90m1623 |[0m ...[33mn[0m, [36mdefault[0m [36mas[0m [33mUserPen[0m, [36mdefault[0m [36mas[0m [33mUserPenIcon[0m } [36mfrom[0m [32m'./icons/use...[0m
  [90m1624 |[0m ...[33mus[0m, [36mdefault[0m [36mas[0m [33mUserPlus[0m, [36mdefault[0m [36mas[0m [33mUserPlusIcon[0m } [36mfrom[0m [32m'./icons/...[0m
[31m[1m>[0m [90m1625 |[0m ...[33mundKey[0m, [36mdefault[0m [36mas[0m [33mUserRoundKey[0m, [36mdefault[0m [36mas[0m [33mUserRoundKeyIcon[0m } [36mfr..[0m.
  [90m     |[0m    [31m[1m^^^^^^^^^^^^^^^^^^^^^^^^^^^^^^^^^^^^^^^^^^^^^^^^^^^^^^^^^^^^^^^^^^^^[0m
  [90m1626 |[0m ...[33mundPen[0m, [36mdefault[0m [36mas[0m [33mUserRoundPen[0m, [36mdefault[0m [36mas[0m [33mUserRoundPenIcon[0m } [36mfr..[0m.
  [90m1627 |[0m ...[33mundSearch[0m, [36mdefault[0m [36mas[0m [33mUserRoundSearch[0m, [36mdefault[0m [36mas[0m [33mUserRoundSearch...[0m
  [90m1628 |[0m ...[33march[0m, [36mdefault[0m [36mas[0m [33mUserSearch[0m, [36mdefault[0m [36mas[0m [33mUserSearchIcon[0m } [36mfrom[0m [32m'./...[0m



Import traces:
  Client Component Browser:
    ./.gemini/antigravity/scratch/teacher-tracking/node_modules/lucide-react/dist/esm/lucide-react.mjs [Client Component Browser]
    ./.gemini/antigravity/scratch/teacher-tracking/src/components/pages/DailyTasksPage.tsx [Client Component Browser]
    ./.gemini/antigravity/scratch/teacher-tracking/src/components/AppShell.tsx [Client Component Browser]
    ./.gemini/antigravity/scratch/teacher-tracking/src/app/page.tsx [Client Component Browser]
    ./.gemini/antigravity/scratch/teacher-tracking/src/app/page.tsx [Server Component]

  Client Component SSR:
    ./.gemini/antigravity/scratch/teacher-tracking/node_modules/lucide-react/dist/esm/lucide-react.mjs [Client Component SSR]
    ./.gemini/antigravity/scratch/teacher-tracking/src/components/pages/DailyTasksPage.tsx [Client Component SSR]
    ./.gemini/antigravity/scratch/teacher-tracking/src/components/AppShell.tsx [Client Component SSR]
    ./.gemini/antigravity/scratch/teacher-tracking/src/app/page.tsx [Client Component SSR]
    ./.gemini/antigravity/scratch/teacher-tracking/src/app/page.tsx [Server Component]

https://nextjs.org/docs/messages/module-not-found


./.gemini/antigravity/scratch/teacher-tracking/node_modules/lucide-react/dist/esm/lucide-react.mjs:235:1
Module not found: Can't resolve './icons/user-round-minus.mjs'
  [90m233 |[0m ...[36mult[0m [36mas[0m [33mUserCheck2[0m, [36mdefault[0m [36mas[0m [33mUserCheck2Icon[0m, [36mdefault[0m [36mas[0m [33mUserRound...[0m
  [90m234 |[0m ...[36mas[0m [33mUserCog2[0m, [36mdefault[0m [36mas[0m [33mUserCog2Icon[0m, [36mdefault[0m [36mas[0m [33mUserRoundCog[0m, [36mdef...[0m
[31m[1m>[0m [90m235 |[0m ...[36mult[0m [36mas[0m [33mUserMinus2[0m, [36mdefault[0m [36mas[0m [33mUserMinus2Icon[0m, [36mdefault[0m [36mas[0m [33mUserRound...[0m
  [90m    |[0m    [31m[1m^^^^^^^^^^^^^^^^^^^^^^^^^^^^^^^^^^^^^^^^^^^^^^^^^^^^^^^^^^^^^^^^^^^^^[0m
  [90m236 |[0m ...[36mt[0m [36mas[0m [33mUserPlus2[0m, [36mdefault[0m [36mas[0m [33mUserPlus2Icon[0m, [36mdefault[0m [36mas[0m [33mUserRoundPlus[0m..[36m.[0m
  [90m237 |[0m ...[33mserRoundX[0m, [36mdefault[0m [36mas[0m [33mUserRoundXIcon[0m, [36mdefault[0m [36mas[0m [33mUserX2[0m, [36mdefault[0m [36ma.[0m.[33m.[0m
  [90m238 |[0m ...[33mr2[0m, [36mdefault[0m [36mas[0m [33mUser2Icon[0m, [36mdefault[0m [36mas[0m [33mUserRound[0m, [36mdefault[0m [36mas[0m [33mUserRou...[0m



Import traces:
  Client Component Browser:
    ./.gemini/antigravity/scratch/teacher-tracking/node_modules/lucide-react/dist/esm/lucide-react.mjs [Client Component Browser]
    ./.gemini/antigravity/scratch/teacher-tracking/src/components/pages/DailyTasksPage.tsx [Client Component Browser]
    ./.gemini/antigravity/scratch/teacher-tracking/src/components/AppShell.tsx [Client Component Browser]
    ./.gemini/antigravity/scratch/teacher-tracking/src/app/page.tsx [Client Component Browser]
    ./.gemini/antigravity/scratch/teacher-tracking/src/app/page.tsx [Server Component]

  Client Component SSR:
    ./.gemini/antigravity/scratch/teacher-tracking/node_modules/lucide-react/dist/esm/lucide-react.mjs [Client Component SSR]
    ./.gemini/antigravity/scratch/teacher-tracking/src/components/pages/DailyTasksPage.tsx [Client Component SSR]
    ./.gemini/antigravity/scratch/teacher-tracking/src/components/AppShell.tsx [Client Component SSR]
    ./.gemini/antigravity/scratch/teacher-tracking/src/app/page.tsx [Client Component SSR]
    ./.gemini/antigravity/scratch/teacher-tracking/src/app/page.tsx [Server Component]

https://nextjs.org/docs/messages/module-not-found


./.gemini/antigravity/scratch/teacher-tracking/node_modules/lucide-react/dist/esm/lucide-react.mjs:1626:1
Module not found: Can't resolve './icons/user-round-pen.mjs'
  [90m1624 |[0m ...[33mus[0m, [36mdefault[0m [36mas[0m [33mUserPlus[0m, [36mdefault[0m [36mas[0m [33mUserPlusIcon[0m } [36mfrom[0m [32m'./icons/...[0m
  [90m1625 |[0m ...[33mundKey[0m, [36mdefault[0m [36mas[0m [33mUserRoundKey[0m, [36mdefault[0m [36mas[0m [33mUserRoundKeyIcon[0m } [36mfr..[0m.
[31m[1m>[0m [90m1626 |[0m ...[33mundPen[0m, [36mdefault[0m [36mas[0m [33mUserRoundPen[0m, [36mdefault[0m [36mas[0m [33mUserRoundPenIcon[0m } [36mfr..[0m.
  [90m     |[0m    [31m[1m^^^^^^^^^^^^^^^^^^^^^^^^^^^^^^^^^^^^^^^^^^^^^^^^^^^^^^^^^^^^^^^^^^^^[0m
  [90m1627 |[0m ...[33mundSearch[0m, [36mdefault[0m [36mas[0m [33mUserRoundSearch[0m, [36mdefault[0m [36mas[0m [33mUserRoundSearch...[0m
  [90m1628 |[0m ...[33march[0m, [36mdefault[0m [36mas[0m [33mUserSearch[0m, [36mdefault[0m [36mas[0m [33mUserSearchIcon[0m } [36mfrom[0m [32m'./...[0m
  [90m1629 |[0m ...[33mar[0m, [36mdefault[0m [36mas[0m [33mUserStar[0m, [36mdefault[0m [36mas[0m [33mUserStarIcon[0m } [36mfrom[0m [32m'./icons/...[0m



Import traces:
  Client Component Browser:
    ./.gemini/antigravity/scratch/teacher-tracking/node_modules/lucide-react/dist/esm/lucide-react.mjs [Client Component Browser]
    ./.gemini/antigravity/scratch/teacher-tracking/src/components/pages/DailyTasksPage.tsx [Client Component Browser]
    ./.gemini/antigravity/scratch/teacher-tracking/src/components/AppShell.tsx [Client Component Browser]
    ./.gemini/antigravity/scratch/teacher-tracking/src/app/page.tsx [Client Component Browser]
    ./.gemini/antigravity/scratch/teacher-tracking/src/app/page.tsx [Server Component]

  Client Component SSR:
    ./.gemini/antigravity/scratch/teacher-tracking/node_modules/lucide-react/dist/esm/lucide-react.mjs [Client Component SSR]
    ./.gemini/antigravity/scratch/teacher-tracking/src/components/pages/DailyTasksPage.tsx [Client Component SSR]
    ./.gemini/antigravity/scratch/teacher-tracking/src/components/AppShell.tsx [Client Component SSR]
    ./.gemini/antigravity/scratch/teacher-tracking/src/app/page.tsx [Client Component SSR]
    ./.gemini/antigravity/scratch/teacher-tracking/src/app/page.tsx [Server Component]

https://nextjs.org/docs/messages/module-not-found


./.gemini/antigravity/scratch/teacher-tracking/node_modules/lucide-react/dist/esm/lucide-react.mjs:236:1
Module not found: Can't resolve './icons/user-round-plus.mjs'
  [90m234 |[0m ...[36mult[0m [36mas[0m [33mUserCog2[0m, [36mdefault[0m [36mas[0m [33mUserCog2Icon[0m, [36mdefault[0m [36mas[0m [33mUserRoundCog[0m,.[36m..[0m
  [90m235 |[0m ...[36mdefault[0m [36mas[0m [33mUserMinus2[0m, [36mdefault[0m [36mas[0m [33mUserMinus2Icon[0m, [36mdefault[0m [36mas[0m [33mUserR...[0m
[31m[1m>[0m [90m236 |[0m ...[36mfault[0m [36mas[0m [33mUserPlus2[0m, [36mdefault[0m [36mas[0m [33mUserPlus2Icon[0m, [36mdefault[0m [36mas[0m [33mUserRound...[0m
  [90m    |[0m    [31m[1m^^^^^^^^^^^^^^^^^^^^^^^^^^^^^^^^^^^^^^^^^^^^^^^^^^^^^^^^^^^^^^^^^^^^^[0m
  [90m237 |[0m ...[36mas[0m [33mUserRoundX[0m, [36mdefault[0m [36mas[0m [33mUserRoundXIcon[0m, [36mdefault[0m [36mas[0m [33mUserX2[0m, [36mdefau..[0m.
  [90m238 |[0m ... [33mUser2[0m, [36mdefault[0m [36mas[0m [33mUser2Icon[0m, [36mdefault[0m [36mas[0m [33mUserRound[0m, [36mdefault[0m [36mas[0m [33mUse...[0m
  [90m239 |[0m ...[36mas[0m [33mUsers2[0m, [36mdefault[0m [36mas[0m [33mUsers2Icon[0m, [36mdefault[0m [36mas[0m [33mUsersRound[0m, [36mdefault[0m [36ma.[0m.[33m.[0m



Import traces:
  Client Component Browser:
    ./.gemini/antigravity/scratch/teacher-tracking/node_modules/lucide-react/dist/esm/lucide-react.mjs [Client Component Browser]
    ./.gemini/antigravity/scratch/teacher-tracking/src/components/pages/DailyTasksPage.tsx [Client Component Browser]
    ./.gemini/antigravity/scratch/teacher-tracking/src/components/AppShell.tsx [Client Component Browser]
    ./.gemini/antigravity/scratch/teacher-tracking/src/app/page.tsx [Client Component Browser]
    ./.gemini/antigravity/scratch/teacher-tracking/src/app/page.tsx [Server Component]

  Client Component SSR:
    ./.gemini/antigravity/scratch/teacher-tracking/node_modules/lucide-react/dist/esm/lucide-react.mjs [Client Component SSR]
    ./.gemini/antigravity/scratch/teacher-tracking/src/components/pages/DailyTasksPage.tsx [Client Component SSR]
    ./.gemini/antigravity/scratch/teacher-tracking/src/components/AppShell.tsx [Client Component SSR]
    ./.gemini/antigravity/scratch/teacher-tracking/src/app/page.tsx [Client Component SSR]
    ./.gemini/antigravity/scratch/teacher-tracking/src/app/page.tsx [Server Component]

https://nextjs.org/docs/messages/module-not-found


./.gemini/antigravity/scratch/teacher-tracking/node_modules/lucide-react/dist/esm/lucide-react.mjs:1627:1
Module not found: Can't resolve './icons/user-round-search.mjs'
  [90m1625 |[0m ..., [36mdefault[0m [36mas[0m [33mUserRoundKey[0m, [36mdefault[0m [36mas[0m [33mUserRoundKeyIcon[0m } [36mfrom[0m [32m'./...[0m
  [90m1626 |[0m ..., [36mdefault[0m [36mas[0m [33mUserRoundPen[0m, [36mdefault[0m [36mas[0m [33mUserRoundPenIcon[0m } [36mfrom[0m [32m'./...[0m
[31m[1m>[0m [90m1627 |[0m ...[33mrch[0m, [36mdefault[0m [36mas[0m [33mUserRoundSearch[0m, [36mdefault[0m [36mas[0m [33mUserRoundSearchIcon[0m }.[36m..[0m
  [90m     |[0m    [31m[1m^^^^^^^^^^^^^^^^^^^^^^^^^^^^^^^^^^^^^^^^^^^^^^^^^^^^^^^^^^^^^^^^^^^^[0m
  [90m1628 |[0m ...[36mdefault[0m [36mas[0m [33mUserSearch[0m, [36mdefault[0m [36mas[0m [33mUserSearchIcon[0m } [36mfrom[0m [32m'./icons/...[0m
  [90m1629 |[0m ...[36mfault[0m [36mas[0m [33mUserStar[0m, [36mdefault[0m [36mas[0m [33mUserStarIcon[0m } [36mfrom[0m [32m'./icons/user-s...[0m
  [90m1630 |[0m ...[36mlt[0m [36mas[0m [33mUserX[0m, [36mdefault[0m [36mas[0m [33mUserXIcon[0m } [36mfrom[0m [32m'./icons/user-x.mjs'[0m;



Import traces:
  Client Component Browser:
    ./.gemini/antigravity/scratch/teacher-tracking/node_modules/lucide-react/dist/esm/lucide-react.mjs [Client Component Browser]
    ./.gemini/antigravity/scratch/teacher-tracking/src/components/pages/DailyTasksPage.tsx [Client Component Browser]
    ./.gemini/antigravity/scratch/teacher-tracking/src/components/AppShell.tsx [Client Component Browser]
    ./.gemini/antigravity/scratch/teacher-tracking/src/app/page.tsx [Client Component Browser]
    ./.gemini/antigravity/scratch/teacher-tracking/src/app/page.tsx [Server Component]

  Client Component SSR:
    ./.gemini/antigravity/scratch/teacher-tracking/node_modules/lucide-react/dist/esm/lucide-react.mjs [Client Component SSR]
    ./.gemini/antigravity/scratch/teacher-tracking/src/components/pages/DailyTasksPage.tsx [Client Component SSR]
    ./.gemini/antigravity/scratch/teacher-tracking/src/components/AppShell.tsx [Client Component SSR]
    ./.gemini/antigravity/scratch/teacher-tracking/src/app/page.tsx [Client Component SSR]
    ./.gemini/antigravity/scratch/teacher-tracking/src/app/page.tsx [Server Component]

https://nextjs.org/docs/messages/module-not-found


./.gemini/antigravity/scratch/teacher-tracking/node_modules/lucide-react/dist/esm/lucide-react.mjs:237:1
Module not found: Can't resolve './icons/user-round-x.mjs'
  [90m235 |[0m ...[33mundMinus[0m, [36mdefault[0m [36mas[0m [33mUserMinus2[0m, [36mdefault[0m [36mas[0m [33mUserMinus2Icon[0m, [36mdefaul.[0m.[36m.[0m
  [90m236 |[0m ...[33mndPlus[0m, [36mdefault[0m [36mas[0m [33mUserPlus2[0m, [36mdefault[0m [36mas[0m [33mUserPlus2Icon[0m, [36mdefault[0m [36mas[0m.[33m..[0m
[31m[1m>[0m [90m237 |[0m ..., [36mdefault[0m [36mas[0m [33mUserRoundX[0m, [36mdefault[0m [36mas[0m [33mUserRoundXIcon[0m, [36mdefault[0m [36mas[0m [33mUse...[0m
  [90m    |[0m    [31m[1m^^^^^^^^^^^^^^^^^^^^^^^^^^^^^^^^^^^^^^^^^^^^^^^^^^^^^^^^^^^^^^^^^^^^^[0m
  [90m238 |[0m ...[36mdefault[0m [36mas[0m [33mUser2[0m, [36mdefault[0m [36mas[0m [33mUser2Icon[0m, [36mdefault[0m [36mas[0m [33mUserRound[0m, [36mdefa...[0m
  [90m239 |[0m ..., [36mdefault[0m [36mas[0m [33mUsers2[0m, [36mdefault[0m [36mas[0m [33mUsers2Icon[0m, [36mdefault[0m [36mas[0m [33mUsersRound[0m,.[36m..[0m
  [90m240 |[0m ...[33mssedIcon[0m, [36mdefault[0m [36mas[0m [33mLucideForkKnifeCrossed[0m, [36mdefault[0m [36mas[0m [33mLucideUten...[0m



Import traces:
  Client Component Browser:
    ./.gemini/antigravity/scratch/teacher-tracking/node_modules/lucide-react/dist/esm/lucide-react.mjs [Client Component Browser]
    ./.gemini/antigravity/scratch/teacher-tracking/src/components/pages/DailyTasksPage.tsx [Client Component Browser]
    ./.gemini/antigravity/scratch/teacher-tracking/src/components/AppShell.tsx [Client Component Browser]
    ./.gemini/antigravity/scratch/teacher-tracking/src/app/page.tsx [Client Component Browser]
    ./.gemini/antigravity/scratch/teacher-tracking/src/app/page.tsx [Server Component]

  Client Component SSR:
    ./.gemini/antigravity/scratch/teacher-tracking/node_modules/lucide-react/dist/esm/lucide-react.mjs [Client Component SSR]
    ./.gemini/antigravity/scratch/teacher-tracking/src/components/pages/DailyTasksPage.tsx [Client Component SSR]
    ./.gemini/antigravity/scratch/teacher-tracking/src/components/AppShell.tsx [Client Component SSR]
    ./.gemini/antigravity/scratch/teacher-tracking/src/app/page.tsx [Client Component SSR]
    ./.gemini/antigravity/scratch/teacher-tracking/src/app/page.tsx [Server Component]

https://nextjs.org/docs/messages/module-not-found


./.gemini/antigravity/scratch/teacher-tracking/node_modules/lucide-react/dist/esm/lucide-react.mjs:238:1
Module not found: Can't resolve './icons/user-round.mjs'
  [90m236 |[0m ...[33mrRoundPlus[0m, [36mdefault[0m [36mas[0m [33mUserPlus2[0m, [36mdefault[0m [36mas[0m [33mUserPlus2Icon[0m, [36mdefaul.[0m.[36m.[0m
  [90m237 |[0m ...[33merX2[0m, [36mdefault[0m [36mas[0m [33mUserRoundX[0m, [36mdefault[0m [36mas[0m [33mUserRoundXIcon[0m, [36mdefault[0m [36mas[0m.[33m..[0m
[31m[1m>[0m [90m238 |[0m ...[33mnd[0m, [36mdefault[0m [36mas[0m [33mUser2[0m, [36mdefault[0m [36mas[0m [33mUser2Icon[0m, [36mdefault[0m [36mas[0m [33mUserRound[0m, [36m...[0m
  [90m    |[0m    [31m[1m^^^^^^^^^^^^^^^^^^^^^^^^^^^^^^^^^^^^^^^^^^^^^^^^^^^^^^^^^^^^^^^^^^^^^[0m
  [90m239 |[0m ...[33mound[0m, [36mdefault[0m [36mas[0m [33mUsers2[0m, [36mdefault[0m [36mas[0m [33mUsers2Icon[0m, [36mdefault[0m [36mas[0m [33mUsersRo...[0m
  [90m240 |[0m ...[33meCrossedIcon[0m, [36mdefault[0m [36mas[0m [33mLucideForkKnifeCrossed[0m, [36mdefault[0m [36mas[0m [33mLucide...[0m
  [90m241 |[0m ...[36mdefault[0m [36mas[0m [33mLucideForkKnife[0m, [36mdefault[0m [36mas[0m [33mLucideUtensils[0m, [36mdefault[0m [36mas[0m [33m...[0m



Import traces:
  Client Component Browser:
    ./.gemini/antigravity/scratch/teacher-tracking/node_modules/lucide-react/dist/esm/lucide-react.mjs [Client Component Browser]
    ./.gemini/antigravity/scratch/teacher-tracking/src/components/pages/DailyTasksPage.tsx [Client Component Browser]
    ./.gemini/antigravity/scratch/teacher-tracking/src/components/AppShell.tsx [Client Component Browser]
    ./.gemini/antigravity/scratch/teacher-tracking/src/app/page.tsx [Client Component Browser]
    ./.gemini/antigravity/scratch/teacher-tracking/src/app/page.tsx [Server Component]

  Client Component SSR:
    ./.gemini/antigravity/scratch/teacher-tracking/node_modules/lucide-react/dist/esm/lucide-react.mjs [Client Component SSR]
    ./.gemini/antigravity/scratch/teacher-tracking/src/components/pages/DailyTasksPage.tsx [Client Component SSR]
    ./.gemini/antigravity/scratch/teacher-tracking/src/components/AppShell.tsx [Client Component SSR]
    ./.gemini/antigravity/scratch/teacher-tracking/src/app/page.tsx [Client Component SSR]
    ./.gemini/antigravity/scratch/teacher-tracking/src/app/page.tsx [Server Component]

https://nextjs.org/docs/messages/module-not-found


./.gemini/antigravity/scratch/teacher-tracking/node_modules/lucide-react/dist/esm/lucide-react.mjs:1628:1
Module not found: Can't resolve './icons/user-search.mjs'
  [90m1626 |[0m ...[33merRoundPen[0m, [36mdefault[0m [36mas[0m [33mUserRoundPen[0m, [36mdefault[0m [36mas[0m [33mUserRoundPenIcon[0m ..[36m.[0m
  [90m1627 |[0m ...[33merRoundSearch[0m, [36mdefault[0m [36mas[0m [33mUserRoundSearch[0m, [36mdefault[0m [36mas[0m [33mUserRoundSe...[0m
[31m[1m>[0m [90m1628 |[0m ...[33merSearch[0m, [36mdefault[0m [36mas[0m [33mUserSearch[0m, [36mdefault[0m [36mas[0m [33mUserSearchIcon[0m } [36mfrom[0m.[32m..[0m
  [90m     |[0m    [31m[1m^^^^^^^^^^^^^^^^^^^^^^^^^^^^^^^^^^^^^^^^^^^^^^^^^^^^^^^^^^^^^^^^^^^^[0m
  [90m1629 |[0m ...[33merStar[0m, [36mdefault[0m [36mas[0m [33mUserStar[0m, [36mdefault[0m [36mas[0m [33mUserStarIcon[0m } [36mfrom[0m [32m'./ic...[0m
  [90m1630 |[0m ...[33merX[0m, [36mdefault[0m [36mas[0m [33mUserX[0m, [36mdefault[0m [36mas[0m [33mUserXIcon[0m } [36mfrom[0m [32m'./icons/user-...[0m
  [90m1631 |[0m ...[33mer[0m, [36mdefault[0m [36mas[0m [33mUser[0m, [36mdefault[0m [36mas[0m [33mUserIcon[0m } [36mfrom[0m [32m'./icons/user.mjs'[0m;



Import traces:
  Client Component Browser:
    ./.gemini/antigravity/scratch/teacher-tracking/node_modules/lucide-react/dist/esm/lucide-react.mjs [Client Component Browser]
    ./.gemini/antigravity/scratch/teacher-tracking/src/components/pages/DailyTasksPage.tsx [Client Component Browser]
    ./.gemini/antigravity/scratch/teacher-tracking/src/components/AppShell.tsx [Client Component Browser]
    ./.gemini/antigravity/scratch/teacher-tracking/src/app/page.tsx [Client Component Browser]
    ./.gemini/antigravity/scratch/teacher-tracking/src/app/page.tsx [Server Component]

  Client Component SSR:
    ./.gemini/antigravity/scratch/teacher-tracking/node_modules/lucide-react/dist/esm/lucide-react.mjs [Client Component SSR]
    ./.gemini/antigravity/scratch/teacher-tracking/src/components/pages/DailyTasksPage.tsx [Client Component SSR]
    ./.gemini/antigravity/scratch/teacher-tracking/src/components/AppShell.tsx [Client Component SSR]
    ./.gemini/antigravity/scratch/teacher-tracking/src/app/page.tsx [Client Component SSR]
    ./.gemini/antigravity/scratch/teacher-tracking/src/app/page.tsx [Server Component]

https://nextjs.org/docs/messages/module-not-found


./.gemini/antigravity/scratch/teacher-tracking/node_modules/lucide-react/dist/esm/lucide-react.mjs:1629:1
Module not found: Can't resolve './icons/user-star.mjs'
  [90m1627 |[0m ...[33mdeUserRoundSearch[0m, [36mdefault[0m [36mas[0m [33mUserRoundSearch[0m, [36mdefault[0m [36mas[0m [33mUserRou...[0m
  [90m1628 |[0m ...[33mdeUserSearch[0m, [36mdefault[0m [36mas[0m [33mUserSearch[0m, [36mdefault[0m [36mas[0m [33mUserSearchIcon[0m } [36m...[0m
[31m[1m>[0m [90m1629 |[0m ...[33mdeUserStar[0m, [36mdefault[0m [36mas[0m [33mUserStar[0m, [36mdefault[0m [36mas[0m [33mUserStarIcon[0m } [36mfrom[0m [32m'...[0m
  [90m     |[0m    [31m[1m^^^^^^^^^^^^^^^^^^^^^^^^^^^^^^^^^^^^^^^^^^^^^^^^^^^^^^^^^^^^^^^^^^^^[0m
  [90m1630 |[0m ...[33mdeUserX[0m, [36mdefault[0m [36mas[0m [33mUserX[0m, [36mdefault[0m [36mas[0m [33mUserXIcon[0m } [36mfrom[0m [32m'./icons/u...[0m
  [90m1631 |[0m ...[33mdeUser[0m, [36mdefault[0m [36mas[0m [33mUser[0m, [36mdefault[0m [36mas[0m [33mUserIcon[0m } [36mfrom[0m [32m'./icons/user...[0m
  [90m1632 |[0m ...[33mdeUsers[0m, [36mdefault[0m [36mas[0m [33mUsers[0m, [36mdefault[0m [36mas[0m [33mUsersIcon[0m } [36mfrom[0m [32m'./icons/u...[0m



Import traces:
  Client Component Browser:
    ./.gemini/antigravity/scratch/teacher-tracking/node_modules/lucide-react/dist/esm/lucide-react.mjs [Client Component Browser]
    ./.gemini/antigravity/scratch/teacher-tracking/src/components/pages/DailyTasksPage.tsx [Client Component Browser]
    ./.gemini/antigravity/scratch/teacher-tracking/src/components/AppShell.tsx [Client Component Browser]
    ./.gemini/antigravity/scratch/teacher-tracking/src/app/page.tsx [Client Component Browser]
    ./.gemini/antigravity/scratch/teacher-tracking/src/app/page.tsx [Server Component]

  Client Component SSR:
    ./.gemini/antigravity/scratch/teacher-tracking/node_modules/lucide-react/dist/esm/lucide-react.mjs [Client Component SSR]
    ./.gemini/antigravity/scratch/teacher-tracking/src/components/pages/DailyTasksPage.tsx [Client Component SSR]
    ./.gemini/antigravity/scratch/teacher-tracking/src/components/AppShell.tsx [Client Component SSR]
    ./.gemini/antigravity/scratch/teacher-tracking/src/app/page.tsx [Client Component SSR]
    ./.gemini/antigravity/scratch/teacher-tracking/src/app/page.tsx [Server Component]

https://nextjs.org/docs/messages/module-not-found


./.gemini/antigravity/scratch/teacher-tracking/node_modules/lucide-react/dist/esm/lucide-react.mjs:1630:1
Module not found: Can't resolve './icons/user-x.mjs'
  [90m1628 |[0m ...[36ms[0m [33mLucideUserSearch[0m, [36mdefault[0m [36mas[0m [33mUserSearch[0m, [36mdefault[0m [36mas[0m [33mUserSearchI...[0m
  [90m1629 |[0m ...[36ms[0m [33mLucideUserStar[0m, [36mdefault[0m [36mas[0m [33mUserStar[0m, [36mdefault[0m [36mas[0m [33mUserStarIcon[0m } [36m...[0m
[31m[1m>[0m [90m1630 |[0m ...[36ms[0m [33mLucideUserX[0m, [36mdefault[0m [36mas[0m [33mUserX[0m, [36mdefault[0m [36mas[0m [33mUserXIcon[0m } [36mfrom[0m [32m'./i...[0m
  [90m     |[0m    [31m[1m^^^^^^^^^^^^^^^^^^^^^^^^^^^^^^^^^^^^^^^^^^^^^^^^^^^^^^^^^^^^^^^^^^^^[0m
  [90m1631 |[0m ...[36ms[0m [33mLucideUser[0m, [36mdefault[0m [36mas[0m [33mUser[0m, [36mdefault[0m [36mas[0m [33mUserIcon[0m } [36mfrom[0m [32m'./icon...[0m
  [90m1632 |[0m ...[36ms[0m [33mLucideUsers[0m, [36mdefault[0m [36mas[0m [33mUsers[0m, [36mdefault[0m [36mas[0m [33mUsersIcon[0m } [36mfrom[0m [32m'./i...[0m
  [90m1633 |[0m ...[36ms[0m [33mLucideUtilityPole[0m, [36mdefault[0m [36mas[0m [33mUtilityPole[0m, [36mdefault[0m [36mas[0m [33mUtilityPo...[0m



Import traces:
  Client Component Browser:
    ./.gemini/antigravity/scratch/teacher-tracking/node_modules/lucide-react/dist/esm/lucide-react.mjs [Client Component Browser]
    ./.gemini/antigravity/scratch/teacher-tracking/src/components/pages/DailyTasksPage.tsx [Client Component Browser]
    ./.gemini/antigravity/scratch/teacher-tracking/src/components/AppShell.tsx [Client Component Browser]
    ./.gemini/antigravity/scratch/teacher-tracking/src/app/page.tsx [Client Component Browser]
    ./.gemini/antigravity/scratch/teacher-tracking/src/app/page.tsx [Server Component]

  Client Component SSR:
    ./.gemini/antigravity/scratch/teacher-tracking/node_modules/lucide-react/dist/esm/lucide-react.mjs [Client Component SSR]
    ./.gemini/antigravity/scratch/teacher-tracking/src/components/pages/DailyTasksPage.tsx [Client Component SSR]
    ./.gemini/antigravity/scratch/teacher-tracking/src/components/AppShell.tsx [Client Component SSR]
    ./.gemini/antigravity/scratch/teacher-tracking/src/app/page.tsx [Client Component SSR]
    ./.gemini/antigravity/scratch/teacher-tracking/src/app/page.tsx [Server Component]

https://nextjs.org/docs/messages/module-not-found


./.gemini/antigravity/scratch/teacher-tracking/node_modules/lucide-react/dist/esm/lucide-react.mjs:1631:1
Module not found: Can't resolve './icons/user.mjs'
  [90m1629 |[0m ...[36mt[0m [36mas[0m [33mLucideUserStar[0m, [36mdefault[0m [36mas[0m [33mUserStar[0m, [36mdefault[0m [36mas[0m [33mUserStarIcon[0m...
  [90m1630 |[0m ...[36mt[0m [36mas[0m [33mLucideUserX[0m, [36mdefault[0m [36mas[0m [33mUserX[0m, [36mdefault[0m [36mas[0m [33mUserXIcon[0m } [36mfrom[0m [32m'...[0m
[31m[1m>[0m [90m1631 |[0m ...[36mt[0m [36mas[0m [33mLucideUser[0m, [36mdefault[0m [36mas[0m [33mUser[0m, [36mdefault[0m [36mas[0m [33mUserIcon[0m } [36mfrom[0m [32m'./i...[0m
  [90m     |[0m    [31m[1m^^^^^^^^^^^^^^^^^^^^^^^^^^^^^^^^^^^^^^^^^^^^^^^^^^^^^^^^^^^^^^^^^^^^[0m
  [90m1632 |[0m ...[36mt[0m [36mas[0m [33mLucideUsers[0m, [36mdefault[0m [36mas[0m [33mUsers[0m, [36mdefault[0m [36mas[0m [33mUsersIcon[0m } [36mfrom[0m [32m'...[0m
  [90m1633 |[0m ...[36mt[0m [36mas[0m [33mLucideUtilityPole[0m, [36mdefault[0m [36mas[0m [33mUtilityPole[0m, [36mdefault[0m [36mas[0m [33mUtilit...[0m
  [90m1634 |[0m ...[36mt[0m [36mas[0m [33mLucideVan[0m, [36mdefault[0m [36mas[0m [33mVan[0m, [36mdefault[0m [36mas[0m [33mVanIcon[0m } [36mfrom[0m [32m'./icon...[0m



Import traces:
  Client Component Browser:
    ./.gemini/antigravity/scratch/teacher-tracking/node_modules/lucide-react/dist/esm/lucide-react.mjs [Client Component Browser]
    ./.gemini/antigravity/scratch/teacher-tracking/src/components/pages/DailyTasksPage.tsx [Client Component Browser]
    ./.gemini/antigravity/scratch/teacher-tracking/src/components/AppShell.tsx [Client Component Browser]
    ./.gemini/antigravity/scratch/teacher-tracking/src/app/page.tsx [Client Component Browser]
    ./.gemini/antigravity/scratch/teacher-tracking/src/app/page.tsx [Server Component]

  Client Component SSR:
    ./.gemini/antigravity/scratch/teacher-tracking/node_modules/lucide-react/dist/esm/lucide-react.mjs [Client Component SSR]
    ./.gemini/antigravity/scratch/teacher-tracking/src/components/pages/DailyTasksPage.tsx [Client Component SSR]
    ./.gemini/antigravity/scratch/teacher-tracking/src/components/AppShell.tsx [Client Component SSR]
    ./.gemini/antigravity/scratch/teacher-tracking/src/app/page.tsx [Client Component SSR]
    ./.gemini/antigravity/scratch/teacher-tracking/src/app/page.tsx [Server Component]

https://nextjs.org/docs/messages/module-not-found


./.gemini/antigravity/scratch/teacher-tracking/node_modules/lucide-react/dist/esm/lucide-react.mjs:239:1
Module not found: Can't resolve './icons/users-round.mjs'
  [90m237 |[0m ...[33m2[0m, [36mdefault[0m [36mas[0m [33mUserRoundX[0m, [36mdefault[0m [36mas[0m [33mUserRoundXIcon[0m, [36mdefault[0m [36mas[0m [33mUs...[0m
  [90m238 |[0m ... [36mdefault[0m [36mas[0m [33mUser2[0m, [36mdefault[0m [36mas[0m [33mUser2Icon[0m, [36mdefault[0m [36mas[0m [33mUserRound[0m, [36mdef...[0m
[31m[1m>[0m [90m239 |[0m ...[33md[0m, [36mdefault[0m [36mas[0m [33mUsers2[0m, [36mdefault[0m [36mas[0m [33mUsers2Icon[0m, [36mdefault[0m [36mas[0m [33mUsersRound[0m..[36m.[0m
  [90m    |[0m    [31m[1m^^^^^^^^^^^^^^^^^^^^^^^^^^^^^^^^^^^^^^^^^^^^^^^^^^^^^^^^^^^^^^^^^^^^^[0m
  [90m240 |[0m ...[33mossedIcon[0m, [36mdefault[0m [36mas[0m [33mLucideForkKnifeCrossed[0m, [36mdefault[0m [36mas[0m [33mLucideUte...[0m
  [90m241 |[0m ...[36mault[0m [36mas[0m [33mLucideForkKnife[0m, [36mdefault[0m [36mas[0m [33mLucideUtensils[0m, [36mdefault[0m [36mas[0m [33mUte...[0m
  [90m242 |[0m ...[33mes[0m, [36mdefault[0m [36mas[0m [33mWand2[0m, [36mdefault[0m [36mas[0m [33mWand2Icon[0m, [36mdefault[0m [36mas[0m [33mWandSparkle.[0m..



Import traces:
  Client Component Browser:
    ./.gemini/antigravity/scratch/teacher-tracking/node_modules/lucide-react/dist/esm/lucide-react.mjs [Client Component Browser]
    ./.gemini/antigravity/scratch/teacher-tracking/src/components/pages/DailyTasksPage.tsx [Client Component Browser]
    ./.gemini/antigravity/scratch/teacher-tracking/src/components/AppShell.tsx [Client Component Browser]
    ./.gemini/antigravity/scratch/teacher-tracking/src/app/page.tsx [Client Component Browser]
    ./.gemini/antigravity/scratch/teacher-tracking/src/app/page.tsx [Server Component]

  Client Component SSR:
    ./.gemini/antigravity/scratch/teacher-tracking/node_modules/lucide-react/dist/esm/lucide-react.mjs [Client Component SSR]
    ./.gemini/antigravity/scratch/teacher-tracking/src/components/pages/DailyTasksPage.tsx [Client Component SSR]
    ./.gemini/antigravity/scratch/teacher-tracking/src/components/AppShell.tsx [Client Component SSR]
    ./.gemini/antigravity/scratch/teacher-tracking/src/app/page.tsx [Client Component SSR]
    ./.gemini/antigravity/scratch/teacher-tracking/src/app/page.tsx [Server Component]

https://nextjs.org/docs/messages/module-not-found


./.gemini/antigravity/scratch/teacher-tracking/node_modules/lucide-react/dist/esm/lucide-react.mjs:1632:1
Module not found: Can't resolve './icons/users.mjs'
  [90m1630 |[0m ...[36mas[0m [33mLucideUserX[0m, [36mdefault[0m [36mas[0m [33mUserX[0m, [36mdefault[0m [36mas[0m [33mUserXIcon[0m } [36mfrom[0m [32m'./...[0m
  [90m1631 |[0m ...[36mas[0m [33mLucideUser[0m, [36mdefault[0m [36mas[0m [33mUser[0m, [36mdefault[0m [36mas[0m [33mUserIcon[0m } [36mfrom[0m [32m'./ico...[0m
[31m[1m>[0m [90m1632 |[0m ...[36mas[0m [33mLucideUsers[0m, [36mdefault[0m [36mas[0m [33mUsers[0m, [36mdefault[0m [36mas[0m [33mUsersIcon[0m } [36mfrom[0m [32m'./...[0m
  [90m     |[0m    [31m[1m^^^^^^^^^^^^^^^^^^^^^^^^^^^^^^^^^^^^^^^^^^^^^^^^^^^^^^^^^^^^^^^^^^^^[0m
  [90m1633 |[0m ...[36mas[0m [33mLucideUtilityPole[0m, [36mdefault[0m [36mas[0m [33mUtilityPole[0m, [36mdefault[0m [36mas[0m [33mUtilityP...[0m
  [90m1634 |[0m ...[36mas[0m [33mLucideVan[0m, [36mdefault[0m [36mas[0m [33mVan[0m, [36mdefault[0m [36mas[0m [33mVanIcon[0m } [36mfrom[0m [32m'./icons/...[0m
  [90m1635 |[0m ...[36mas[0m [33mLucideVariable[0m, [36mdefault[0m [36mas[0m [33mVariable[0m, [36mdefault[0m [36mas[0m [33mVariableIcon[0m }.[36m..[0m



Import traces:
  Client Component Browser:
    ./.gemini/antigravity/scratch/teacher-tracking/node_modules/lucide-react/dist/esm/lucide-react.mjs [Client Component Browser]
    ./.gemini/antigravity/scratch/teacher-tracking/src/components/pages/DailyTasksPage.tsx [Client Component Browser]
    ./.gemini/antigravity/scratch/teacher-tracking/src/components/AppShell.tsx [Client Component Browser]
    ./.gemini/antigravity/scratch/teacher-tracking/src/app/page.tsx [Client Component Browser]
    ./.gemini/antigravity/scratch/teacher-tracking/src/app/page.tsx [Server Component]

  Client Component SSR:
    ./.gemini/antigravity/scratch/teacher-tracking/node_modules/lucide-react/dist/esm/lucide-react.mjs [Client Component SSR]
    ./.gemini/antigravity/scratch/teacher-tracking/src/components/pages/DailyTasksPage.tsx [Client Component SSR]
    ./.gemini/antigravity/scratch/teacher-tracking/src/components/AppShell.tsx [Client Component SSR]
    ./.gemini/antigravity/scratch/teacher-tracking/src/app/page.tsx [Client Component SSR]
    ./.gemini/antigravity/scratch/teacher-tracking/src/app/page.tsx [Server Component]

https://nextjs.org/docs/messages/module-not-found


./.gemini/antigravity/scratch/teacher-tracking/node_modules/lucide-react/dist/esm/lucide-react.mjs:240:1
Module not found: Can't resolve './icons/utensils-crossed.mjs'
  [90m238 |[0m ...[36mt[0m [36mas[0m [33mUser2Icon[0m, [36mdefault[0m [36mas[0m [33mUserRound[0m, [36mdefault[0m [36mas[0m [33mUserRoundIcon[0m } [36mf...[0m
  [90m239 |[0m ...[36mault[0m [36mas[0m [33mUsers2Icon[0m, [36mdefault[0m [36mas[0m [33mUsersRound[0m, [36mdefault[0m [36mas[0m [33mUsersRoundIc..[0m.
[31m[1m>[0m [90m240 |[0m ...[33mideForkKnifeCrossed[0m, [36mdefault[0m [36mas[0m [33mLucideUtensilsCrossed[0m, [36mdefault[0m [36mas[0m [33m...[0m
  [90m    |[0m    [31m[1m^^^^^^^^^^^^^^^^^^^^^^^^^^^^^^^^^^^^^^^^^^^^^^^^^^^^^^^^^^^^^^^^^^^^^[0m
  [90m241 |[0m ...[36mdefault[0m [36mas[0m [33mLucideUtensils[0m, [36mdefault[0m [36mas[0m [33mUtensils[0m, [36mdefault[0m [36mas[0m [33mUtensil...[0m
  [90m242 |[0m ...[36mault[0m [36mas[0m [33mWand2Icon[0m, [36mdefault[0m [36mas[0m [33mWandSparkles[0m, [36mdefault[0m [36mas[0m [33mWandSparkle...[0m
  [90m243 |[0m ..., [36mdefault[0m [36mas[0m [33mWallet2Icon[0m, [36mdefault[0m [36mas[0m [33mWalletMinimal[0m, [36mdefault[0m [36mas[0m [33mWal...[0m



Import traces:
  Client Component Browser:
    ./.gemini/antigravity/scratch/teacher-tracking/node_modules/lucide-react/dist/esm/lucide-react.mjs [Client Component Browser]
    ./.gemini/antigravity/scratch/teacher-tracking/src/components/pages/DailyTasksPage.tsx [Client Component Browser]
    ./.gemini/antigravity/scratch/teacher-tracking/src/components/AppShell.tsx [Client Component Browser]
    ./.gemini/antigravity/scratch/teacher-tracking/src/app/page.tsx [Client Component Browser]
    ./.gemini/antigravity/scratch/teacher-tracking/src/app/page.tsx [Server Component]

  Client Component SSR:
    ./.gemini/antigravity/scratch/teacher-tracking/node_modules/lucide-react/dist/esm/lucide-react.mjs [Client Component SSR]
    ./.gemini/antigravity/scratch/teacher-tracking/src/components/pages/DailyTasksPage.tsx [Client Component SSR]
    ./.gemini/antigravity/scratch/teacher-tracking/src/components/AppShell.tsx [Client Component SSR]
    ./.gemini/antigravity/scratch/teacher-tracking/src/app/page.tsx [Client Component SSR]
    ./.gemini/antigravity/scratch/teacher-tracking/src/app/page.tsx [Server Component]

https://nextjs.org/docs/messages/module-not-found


./.gemini/antigravity/scratch/teacher-tracking/node_modules/lucide-react/dist/esm/lucide-react.mjs:241:1
Module not found: Can't resolve './icons/utensils.mjs'
  [90m239 |[0m ...[33md[0m, [36mdefault[0m [36mas[0m [33mUsers2[0m, [36mdefault[0m [36mas[0m [33mUsers2Icon[0m, [36mdefault[0m [36mas[0m [33mUsersRound[0m..[36m.[0m
  [90m240 |[0m ...[33mossedIcon[0m, [36mdefault[0m [36mas[0m [33mLucideForkKnifeCrossed[0m, [36mdefault[0m [36mas[0m [33mLucideUte...[0m
[31m[1m>[0m [90m241 |[0m ...[36mault[0m [36mas[0m [33mLucideForkKnife[0m, [36mdefault[0m [36mas[0m [33mLucideUtensils[0m, [36mdefault[0m [36mas[0m [33mUte...[0m
  [90m    |[0m    [31m[1m^^^^^^^^^^^^^^^^^^^^^^^^^^^^^^^^^^^^^^^^^^^^^^^^^^^^^^^^^^^^^^^^^^^^^[0m
  [90m242 |[0m ...[33mes[0m, [36mdefault[0m [36mas[0m [33mWand2[0m, [36mdefault[0m [36mas[0m [33mWand2Icon[0m, [36mdefault[0m [36mas[0m [33mWandSparkle.[0m..
  [90m243 |[0m ...[33mnimal[0m, [36mdefault[0m [36mas[0m [33mWallet2[0m, [36mdefault[0m [36mas[0m [33mWallet2Icon[0m, [36mdefault[0m [36mas[0m [33mWall...[0m
  [90m244 |[0m ...[33montal[0m, [36mdefault[0m [36mas[0m [33mWaves[0m, [36mdefault[0m [36mas[0m [33mWavesHorizontal[0m, [36mdefault[0m [36mas[0m [33mWa...[0m



Import traces:
  Client Component Browser:
    ./.gemini/antigravity/scratch/teacher-tracking/node_modules/lucide-react/dist/esm/lucide-react.mjs [Client Component Browser]
    ./.gemini/antigravity/scratch/teacher-tracking/src/components/pages/DailyTasksPage.tsx [Client Component Browser]
    ./.gemini/antigravity/scratch/teacher-tracking/src/components/AppShell.tsx [Client Component Browser]
    ./.gemini/antigravity/scratch/teacher-tracking/src/app/page.tsx [Client Component Browser]
    ./.gemini/antigravity/scratch/teacher-tracking/src/app/page.tsx [Server Component]

  Client Component SSR:
    ./.gemini/antigravity/scratch/teacher-tracking/node_modules/lucide-react/dist/esm/lucide-react.mjs [Client Component SSR]
    ./.gemini/antigravity/scratch/teacher-tracking/src/components/pages/DailyTasksPage.tsx [Client Component SSR]
    ./.gemini/antigravity/scratch/teacher-tracking/src/components/AppShell.tsx [Client Component SSR]
    ./.gemini/antigravity/scratch/teacher-tracking/src/app/page.tsx [Client Component SSR]
    ./.gemini/antigravity/scratch/teacher-tracking/src/app/page.tsx [Server Component]

https://nextjs.org/docs/messages/module-not-found


./.gemini/antigravity/scratch/teacher-tracking/node_modules/lucide-react/dist/esm/lucide-react.mjs:1633:1
Module not found: Can't resolve './icons/utility-pole.mjs'
  [90m1631 |[0m ..., [36mdefault[0m [36mas[0m [33mUser[0m, [36mdefault[0m [36mas[0m [33mUserIcon[0m } [36mfrom[0m [32m'./icons/user.mjs'[0m;
  [90m1632 |[0m ...[33ms[0m, [36mdefault[0m [36mas[0m [33mUsers[0m, [36mdefault[0m [36mas[0m [33mUsersIcon[0m } [36mfrom[0m [32m'./icons/users.m...[0m
[31m[1m>[0m [90m1633 |[0m ...[33mityPole[0m, [36mdefault[0m [36mas[0m [33mUtilityPole[0m, [36mdefault[0m [36mas[0m [33mUtilityPoleIcon[0m } [36mfro.[0m.[32m.[0m
  [90m     |[0m    [31m[1m^^^^^^^^^^^^^^^^^^^^^^^^^^^^^^^^^^^^^^^^^^^^^^^^^^^^^^^^^^^^^^^^^^^^[0m
  [90m1634 |[0m ... [36mdefault[0m [36mas[0m [33mVan[0m, [36mdefault[0m [36mas[0m [33mVanIcon[0m } [36mfrom[0m [32m'./icons/van.mjs'[0m;
  [90m1635 |[0m ...[33mable[0m, [36mdefault[0m [36mas[0m [33mVariable[0m, [36mdefault[0m [36mas[0m [33mVariableIcon[0m } [36mfrom[0m [32m'./icon...[0m
  [90m1636 |[0m ...[33morSquare[0m, [36mdefault[0m [36mas[0m [33mVectorSquare[0m, [36mdefault[0m [36mas[0m [33mVectorSquareIcon[0m } [36m...[0m



Import traces:
  Client Component Browser:
    ./.gemini/antigravity/scratch/teacher-tracking/node_modules/lucide-react/dist/esm/lucide-react.mjs [Client Component Browser]
    ./.gemini/antigravity/scratch/teacher-tracking/src/components/pages/DailyTasksPage.tsx [Client Component Browser]
    ./.gemini/antigravity/scratch/teacher-tracking/src/components/AppShell.tsx [Client Component Browser]
    ./.gemini/antigravity/scratch/teacher-tracking/src/app/page.tsx [Client Component Browser]
    ./.gemini/antigravity/scratch/teacher-tracking/src/app/page.tsx [Server Component]

  Client Component SSR:
    ./.gemini/antigravity/scratch/teacher-tracking/node_modules/lucide-react/dist/esm/lucide-react.mjs [Client Component SSR]
    ./.gemini/antigravity/scratch/teacher-tracking/src/components/pages/DailyTasksPage.tsx [Client Component SSR]
    ./.gemini/antigravity/scratch/teacher-tracking/src/components/AppShell.tsx [Client Component SSR]
    ./.gemini/antigravity/scratch/teacher-tracking/src/app/page.tsx [Client Component SSR]
    ./.gemini/antigravity/scratch/teacher-tracking/src/app/page.tsx [Server Component]

https://nextjs.org/docs/messages/module-not-found


./.gemini/antigravity/scratch/teacher-tracking/node_modules/lucide-react/dist/esm/lucide-react.mjs:1634:1
Module not found: Can't resolve './icons/van.mjs'
  [90m1632 |[0m ...[36mult[0m [36mas[0m [33mLucideUsers[0m, [36mdefault[0m [36mas[0m [33mUsers[0m, [36mdefault[0m [36mas[0m [33mUsersIcon[0m } [36mfrom[0m.[32m..[0m
  [90m1633 |[0m ...[36mult[0m [36mas[0m [33mLucideUtilityPole[0m, [36mdefault[0m [36mas[0m [33mUtilityPole[0m, [36mdefault[0m [36mas[0m [33mUtil...[0m
[31m[1m>[0m [90m1634 |[0m ...[36mult[0m [36mas[0m [33mLucideVan[0m, [36mdefault[0m [36mas[0m [33mVan[0m, [36mdefault[0m [36mas[0m [33mVanIcon[0m } [36mfrom[0m [32m'./ic...[0m
  [90m     |[0m    [31m[1m^^^^^^^^^^^^^^^^^^^^^^^^^^^^^^^^^^^^^^^^^^^^^^^^^^^^^^^^^^^^^^^^^^^^[0m
  [90m1635 |[0m ...[36mult[0m [36mas[0m [33mLucideVariable[0m, [36mdefault[0m [36mas[0m [33mVariable[0m, [36mdefault[0m [36mas[0m [33mVariableIc..[0m.
  [90m1636 |[0m ...[36mult[0m [36mas[0m [33mLucideVectorSquare[0m, [36mdefault[0m [36mas[0m [33mVectorSquare[0m, [36mdefault[0m [36mas[0m [33mVe...[0m
  [90m1637 |[0m ...[36mult[0m [36mas[0m [33mLucideVault[0m, [36mdefault[0m [36mas[0m [33mVault[0m, [36mdefault[0m [36mas[0m [33mVaultIcon[0m } [36mfrom[0m.[32m..[0m



Import traces:
  Client Component Browser:
    ./.gemini/antigravity/scratch/teacher-tracking/node_modules/lucide-react/dist/esm/lucide-react.mjs [Client Component Browser]
    ./.gemini/antigravity/scratch/teacher-tracking/src/components/pages/DailyTasksPage.tsx [Client Component Browser]
    ./.gemini/antigravity/scratch/teacher-tracking/src/components/AppShell.tsx [Client Component Browser]
    ./.gemini/antigravity/scratch/teacher-tracking/src/app/page.tsx [Client Component Browser]
    ./.gemini/antigravity/scratch/teacher-tracking/src/app/page.tsx [Server Component]

  Client Component SSR:
    ./.gemini/antigravity/scratch/teacher-tracking/node_modules/lucide-react/dist/esm/lucide-react.mjs [Client Component SSR]
    ./.gemini/antigravity/scratch/teacher-tracking/src/components/pages/DailyTasksPage.tsx [Client Component SSR]
    ./.gemini/antigravity/scratch/teacher-tracking/src/components/AppShell.tsx [Client Component SSR]
    ./.gemini/antigravity/scratch/teacher-tracking/src/app/page.tsx [Client Component SSR]
    ./.gemini/antigravity/scratch/teacher-tracking/src/app/page.tsx [Server Component]

https://nextjs.org/docs/messages/module-not-found


./.gemini/antigravity/scratch/teacher-tracking/node_modules/lucide-react/dist/esm/lucide-react.mjs:1635:1
Module not found: Can't resolve './icons/variable.mjs'
  [90m1633 |[0m ...[33mideUtilityPole[0m, [36mdefault[0m [36mas[0m [33mUtilityPole[0m, [36mdefault[0m [36mas[0m [33mUtilityPoleIco.[0m..
  [90m1634 |[0m ...[33mideVan[0m, [36mdefault[0m [36mas[0m [33mVan[0m, [36mdefault[0m [36mas[0m [33mVanIcon[0m } [36mfrom[0m [32m'./icons/van.mjs'[0m;
[31m[1m>[0m [90m1635 |[0m ...[33mideVariable[0m, [36mdefault[0m [36mas[0m [33mVariable[0m, [36mdefault[0m [36mas[0m [33mVariableIcon[0m } [36mfrom[0m [32m...[0m
  [90m     |[0m    [31m[1m^^^^^^^^^^^^^^^^^^^^^^^^^^^^^^^^^^^^^^^^^^^^^^^^^^^^^^^^^^^^^^^^^^^^[0m
  [90m1636 |[0m ...[33mideVectorSquare[0m, [36mdefault[0m [36mas[0m [33mVectorSquare[0m, [36mdefault[0m [36mas[0m [33mVectorSquare...[0m
  [90m1637 |[0m ...[33mideVault[0m, [36mdefault[0m [36mas[0m [33mVault[0m, [36mdefault[0m [36mas[0m [33mVaultIcon[0m } [36mfrom[0m [32m'./icons/...[0m
  [90m1638 |[0m ...[33mideVegan[0m, [36mdefault[0m [36mas[0m [33mVegan[0m, [36mdefault[0m [36mas[0m [33mVeganIcon[0m } [36mfrom[0m [32m'./icons/...[0m



Import traces:
  Client Component Browser:
    ./.gemini/antigravity/scratch/teacher-tracking/node_modules/lucide-react/dist/esm/lucide-react.mjs [Client Component Browser]
    ./.gemini/antigravity/scratch/teacher-tracking/src/components/pages/DailyTasksPage.tsx [Client Component Browser]
    ./.gemini/antigravity/scratch/teacher-tracking/src/components/AppShell.tsx [Client Component Browser]
    ./.gemini/antigravity/scratch/teacher-tracking/src/app/page.tsx [Client Component Browser]
    ./.gemini/antigravity/scratch/teacher-tracking/src/app/page.tsx [Server Component]

  Client Component SSR:
    ./.gemini/antigravity/scratch/teacher-tracking/node_modules/lucide-react/dist/esm/lucide-react.mjs [Client Component SSR]
    ./.gemini/antigravity/scratch/teacher-tracking/src/components/pages/DailyTasksPage.tsx [Client Component SSR]
    ./.gemini/antigravity/scratch/teacher-tracking/src/components/AppShell.tsx [Client Component SSR]
    ./.gemini/antigravity/scratch/teacher-tracking/src/app/page.tsx [Client Component SSR]
    ./.gemini/antigravity/scratch/teacher-tracking/src/app/page.tsx [Server Component]

https://nextjs.org/docs/messages/module-not-found


./.gemini/antigravity/scratch/teacher-tracking/node_modules/lucide-react/dist/esm/lucide-react.mjs:1637:1
Module not found: Can't resolve './icons/vault.mjs'
  [90m1635 |[0m ...[36mas[0m [33mLucideVariable[0m, [36mdefault[0m [36mas[0m [33mVariable[0m, [36mdefault[0m [36mas[0m [33mVariableIcon[0m }.[36m..[0m
  [90m1636 |[0m ...[36mas[0m [33mLucideVectorSquare[0m, [36mdefault[0m [36mas[0m [33mVectorSquare[0m, [36mdefault[0m [36mas[0m [33mVector...[0m
[31m[1m>[0m [90m1637 |[0m ...[36mas[0m [33mLucideVault[0m, [36mdefault[0m [36mas[0m [33mVault[0m, [36mdefault[0m [36mas[0m [33mVaultIcon[0m } [36mfrom[0m [32m'./...[0m
  [90m     |[0m    [31m[1m^^^^^^^^^^^^^^^^^^^^^^^^^^^^^^^^^^^^^^^^^^^^^^^^^^^^^^^^^^^^^^^^^^^^[0m
  [90m1638 |[0m ...[36mas[0m [33mLucideVegan[0m, [36mdefault[0m [36mas[0m [33mVegan[0m, [36mdefault[0m [36mas[0m [33mVeganIcon[0m } [36mfrom[0m [32m'./...[0m
  [90m1639 |[0m ...[36mas[0m [33mLucideVenetianMask[0m, [36mdefault[0m [36mas[0m [33mVenetianMask[0m, [36mdefault[0m [36mas[0m [33mVeneti...[0m
  [90m1640 |[0m ...[36mas[0m [33mLucideVenusAndMars[0m, [36mdefault[0m [36mas[0m [33mVenusAndMars[0m, [36mdefault[0m [36mas[0m [33mVenusA...[0m



Import traces:
  Client Component Browser:
    ./.gemini/antigravity/scratch/teacher-tracking/node_modules/lucide-react/dist/esm/lucide-react.mjs [Client Component Browser]
    ./.gemini/antigravity/scratch/teacher-tracking/src/components/pages/DailyTasksPage.tsx [Client Component Browser]
    ./.gemini/antigravity/scratch/teacher-tracking/src/components/AppShell.tsx [Client Component Browser]
    ./.gemini/antigravity/scratch/teacher-tracking/src/app/page.tsx [Client Component Browser]
    ./.gemini/antigravity/scratch/teacher-tracking/src/app/page.tsx [Server Component]

  Client Component SSR:
    ./.gemini/antigravity/scratch/teacher-tracking/node_modules/lucide-react/dist/esm/lucide-react.mjs [Client Component SSR]
    ./.gemini/antigravity/scratch/teacher-tracking/src/components/pages/DailyTasksPage.tsx [Client Component SSR]
    ./.gemini/antigravity/scratch/teacher-tracking/src/components/AppShell.tsx [Client Component SSR]
    ./.gemini/antigravity/scratch/teacher-tracking/src/app/page.tsx [Client Component SSR]
    ./.gemini/antigravity/scratch/teacher-tracking/src/app/page.tsx [Server Component]

https://nextjs.org/docs/messages/module-not-found


./.gemini/antigravity/scratch/teacher-tracking/node_modules/lucide-react/dist/esm/lucide-react.mjs:1636:1
Module not found: Can't resolve './icons/vector-square.mjs'
  [90m1634 |[0m ...[36mefault[0m [36mas[0m [33mVan[0m, [36mdefault[0m [36mas[0m [33mVanIcon[0m } [36mfrom[0m [32m'./icons/van.mjs'[0m;
  [90m1635 |[0m ...[33mle[0m, [36mdefault[0m [36mas[0m [33mVariable[0m, [36mdefault[0m [36mas[0m [33mVariableIcon[0m } [36mfrom[0m [32m'./icons/...[0m
[31m[1m>[0m [90m1636 |[0m ...[33mSquare[0m, [36mdefault[0m [36mas[0m [33mVectorSquare[0m, [36mdefault[0m [36mas[0m [33mVectorSquareIcon[0m } [36mfr..[0m.
  [90m     |[0m    [31m[1m^^^^^^^^^^^^^^^^^^^^^^^^^^^^^^^^^^^^^^^^^^^^^^^^^^^^^^^^^^^^^^^^^^^^[0m
  [90m1637 |[0m ... [36mdefault[0m [36mas[0m [33mVault[0m, [36mdefault[0m [36mas[0m [33mVaultIcon[0m } [36mfrom[0m [32m'./icons/vault.mjs'[0m;
  [90m1638 |[0m ... [36mdefault[0m [36mas[0m [33mVegan[0m, [36mdefault[0m [36mas[0m [33mVeganIcon[0m } [36mfrom[0m [32m'./icons/vegan.mjs'[0m;
  [90m1639 |[0m ...[33manMask[0m, [36mdefault[0m [36mas[0m [33mVenetianMask[0m, [36mdefault[0m [36mas[0m [33mVenetianMaskIcon[0m } [36mfr..[0m.



Import traces:
  Client Component Browser:
    ./.gemini/antigravity/scratch/teacher-tracking/node_modules/lucide-react/dist/esm/lucide-react.mjs [Client Component Browser]
    ./.gemini/antigravity/scratch/teacher-tracking/src/components/pages/DailyTasksPage.tsx [Client Component Browser]
    ./.gemini/antigravity/scratch/teacher-tracking/src/components/AppShell.tsx [Client Component Browser]
    ./.gemini/antigravity/scratch/teacher-tracking/src/app/page.tsx [Client Component Browser]
    ./.gemini/antigravity/scratch/teacher-tracking/src/app/page.tsx [Server Component]

  Client Component SSR:
    ./.gemini/antigravity/scratch/teacher-tracking/node_modules/lucide-react/dist/esm/lucide-react.mjs [Client Component SSR]
    ./.gemini/antigravity/scratch/teacher-tracking/src/components/pages/DailyTasksPage.tsx [Client Component SSR]
    ./.gemini/antigravity/scratch/teacher-tracking/src/components/AppShell.tsx [Client Component SSR]
    ./.gemini/antigravity/scratch/teacher-tracking/src/app/page.tsx [Client Component SSR]
    ./.gemini/antigravity/scratch/teacher-tracking/src/app/page.tsx [Server Component]

https://nextjs.org/docs/messages/module-not-found


./.gemini/antigravity/scratch/teacher-tracking/node_modules/lucide-react/dist/esm/lucide-react.mjs:1638:1
Module not found: Can't resolve './icons/vegan.mjs'
  [90m1636 |[0m ...[36mas[0m [33mLucideVectorSquare[0m, [36mdefault[0m [36mas[0m [33mVectorSquare[0m, [36mdefault[0m [36mas[0m [33mVector...[0m
  [90m1637 |[0m ...[36mas[0m [33mLucideVault[0m, [36mdefault[0m [36mas[0m [33mVault[0m, [36mdefault[0m [36mas[0m [33mVaultIcon[0m } [36mfrom[0m [32m'./...[0m
[31m[1m>[0m [90m1638 |[0m ...[36mas[0m [33mLucideVegan[0m, [36mdefault[0m [36mas[0m [33mVegan[0m, [36mdefault[0m [36mas[0m [33mVeganIcon[0m } [36mfrom[0m [32m'./...[0m
  [90m     |[0m    [31m[1m^^^^^^^^^^^^^^^^^^^^^^^^^^^^^^^^^^^^^^^^^^^^^^^^^^^^^^^^^^^^^^^^^^^^[0m
  [90m1639 |[0m ...[36mas[0m [33mLucideVenetianMask[0m, [36mdefault[0m [36mas[0m [33mVenetianMask[0m, [36mdefault[0m [36mas[0m [33mVeneti...[0m
  [90m1640 |[0m ...[36mas[0m [33mLucideVenusAndMars[0m, [36mdefault[0m [36mas[0m [33mVenusAndMars[0m, [36mdefault[0m [36mas[0m [33mVenusA...[0m
  [90m1641 |[0m ...[36mas[0m [33mLucideVenus[0m, [36mdefault[0m [36mas[0m [33mVenus[0m, [36mdefault[0m [36mas[0m [33mVenusIcon[0m } [36mfrom[0m [32m'./...[0m



Import traces:
  Client Component Browser:
    ./.gemini/antigravity/scratch/teacher-tracking/node_modules/lucide-react/dist/esm/lucide-react.mjs [Client Component Browser]
    ./.gemini/antigravity/scratch/teacher-tracking/src/components/pages/DailyTasksPage.tsx [Client Component Browser]
    ./.gemini/antigravity/scratch/teacher-tracking/src/components/AppShell.tsx [Client Component Browser]
    ./.gemini/antigravity/scratch/teacher-tracking/src/app/page.tsx [Client Component Browser]
    ./.gemini/antigravity/scratch/teacher-tracking/src/app/page.tsx [Server Component]

  Client Component SSR:
    ./.gemini/antigravity/scratch/teacher-tracking/node_modules/lucide-react/dist/esm/lucide-react.mjs [Client Component SSR]
    ./.gemini/antigravity/scratch/teacher-tracking/src/components/pages/DailyTasksPage.tsx [Client Component SSR]
    ./.gemini/antigravity/scratch/teacher-tracking/src/components/AppShell.tsx [Client Component SSR]
    ./.gemini/antigravity/scratch/teacher-tracking/src/app/page.tsx [Client Component SSR]
    ./.gemini/antigravity/scratch/teacher-tracking/src/app/page.tsx [Server Component]

https://nextjs.org/docs/messages/module-not-found


./.gemini/antigravity/scratch/teacher-tracking/node_modules/lucide-react/dist/esm/lucide-react.mjs:1639:1
Module not found: Can't resolve './icons/venetian-mask.mjs'
  [90m1637 |[0m ... [36mdefault[0m [36mas[0m [33mVault[0m, [36mdefault[0m [36mas[0m [33mVaultIcon[0m } [36mfrom[0m [32m'./icons/vault.mjs'[0m;
  [90m1638 |[0m ... [36mdefault[0m [36mas[0m [33mVegan[0m, [36mdefault[0m [36mas[0m [33mVeganIcon[0m } [36mfrom[0m [32m'./icons/vegan.mjs'[0m;
[31m[1m>[0m [90m1639 |[0m ...[33manMask[0m, [36mdefault[0m [36mas[0m [33mVenetianMask[0m, [36mdefault[0m [36mas[0m [33mVenetianMaskIcon[0m } [36mfr..[0m.
  [90m     |[0m    [31m[1m^^^^^^^^^^^^^^^^^^^^^^^^^^^^^^^^^^^^^^^^^^^^^^^^^^^^^^^^^^^^^^^^^^^^[0m
  [90m1640 |[0m ...[33mndMars[0m, [36mdefault[0m [36mas[0m [33mVenusAndMars[0m, [36mdefault[0m [36mas[0m [33mVenusAndMarsIcon[0m } [36mfr..[0m.
  [90m1641 |[0m ... [36mdefault[0m [36mas[0m [33mVenus[0m, [36mdefault[0m [36mas[0m [33mVenusIcon[0m } [36mfrom[0m [32m'./icons/venus.mjs'[0m;
  [90m1642 |[0m ...[33meOff[0m, [36mdefault[0m [36mas[0m [33mVibrateOff[0m, [36mdefault[0m [36mas[0m [33mVibrateOffIcon[0m } [36mfrom[0m [32m'./...[0m



Import traces:
  Client Component Browser:
    ./.gemini/antigravity/scratch/teacher-tracking/node_modules/lucide-react/dist/esm/lucide-react.mjs [Client Component Browser]
    ./.gemini/antigravity/scratch/teacher-tracking/src/components/pages/DailyTasksPage.tsx [Client Component Browser]
    ./.gemini/antigravity/scratch/teacher-tracking/src/components/AppShell.tsx [Client Component Browser]
    ./.gemini/antigravity/scratch/teacher-tracking/src/app/page.tsx [Client Component Browser]
    ./.gemini/antigravity/scratch/teacher-tracking/src/app/page.tsx [Server Component]

  Client Component SSR:
    ./.gemini/antigravity/scratch/teacher-tracking/node_modules/lucide-react/dist/esm/lucide-react.mjs [Client Component SSR]
    ./.gemini/antigravity/scratch/teacher-tracking/src/components/pages/DailyTasksPage.tsx [Client Component SSR]
    ./.gemini/antigravity/scratch/teacher-tracking/src/components/AppShell.tsx [Client Component SSR]
    ./.gemini/antigravity/scratch/teacher-tracking/src/app/page.tsx [Client Component SSR]
    ./.gemini/antigravity/scratch/teacher-tracking/src/app/page.tsx [Server Component]

https://nextjs.org/docs/messages/module-not-found


./.gemini/antigravity/scratch/teacher-tracking/node_modules/lucide-react/dist/esm/lucide-react.mjs:1640:1
Module not found: Can't resolve './icons/venus-and-mars.mjs'
  [90m1638 |[0m ... [36mdefault[0m [36mas[0m [33mVegan[0m, [36mdefault[0m [36mas[0m [33mVeganIcon[0m } [36mfrom[0m [32m'./icons/vegan.mjs'[0m;
  [90m1639 |[0m ...[33manMask[0m, [36mdefault[0m [36mas[0m [33mVenetianMask[0m, [36mdefault[0m [36mas[0m [33mVenetianMaskIcon[0m } [36mfr..[0m.
[31m[1m>[0m [90m1640 |[0m ...[33mndMars[0m, [36mdefault[0m [36mas[0m [33mVenusAndMars[0m, [36mdefault[0m [36mas[0m [33mVenusAndMarsIcon[0m } [36mfr..[0m.
  [90m     |[0m    [31m[1m^^^^^^^^^^^^^^^^^^^^^^^^^^^^^^^^^^^^^^^^^^^^^^^^^^^^^^^^^^^^^^^^^^^^[0m
  [90m1641 |[0m ... [36mdefault[0m [36mas[0m [33mVenus[0m, [36mdefault[0m [36mas[0m [33mVenusIcon[0m } [36mfrom[0m [32m'./icons/venus.mjs'[0m;
  [90m1642 |[0m ...[33meOff[0m, [36mdefault[0m [36mas[0m [33mVibrateOff[0m, [36mdefault[0m [36mas[0m [33mVibrateOffIcon[0m } [36mfrom[0m [32m'./...[0m
  [90m1643 |[0m ...[33mff[0m, [36mdefault[0m [36mas[0m [33mVideoOff[0m, [36mdefault[0m [36mas[0m [33mVideoOffIcon[0m } [36mfrom[0m [32m'./icons/...[0m



Import traces:
  Client Component Browser:
    ./.gemini/antigravity/scratch/teacher-tracking/node_modules/lucide-react/dist/esm/lucide-react.mjs [Client Component Browser]
    ./.gemini/antigravity/scratch/teacher-tracking/src/components/pages/DailyTasksPage.tsx [Client Component Browser]
    ./.gemini/antigravity/scratch/teacher-tracking/src/components/AppShell.tsx [Client Component Browser]
    ./.gemini/antigravity/scratch/teacher-tracking/src/app/page.tsx [Client Component Browser]
    ./.gemini/antigravity/scratch/teacher-tracking/src/app/page.tsx [Server Component]

  Client Component SSR:
    ./.gemini/antigravity/scratch/teacher-tracking/node_modules/lucide-react/dist/esm/lucide-react.mjs [Client Component SSR]
    ./.gemini/antigravity/scratch/teacher-tracking/src/components/pages/DailyTasksPage.tsx [Client Component SSR]
    ./.gemini/antigravity/scratch/teacher-tracking/src/components/AppShell.tsx [Client Component SSR]
    ./.gemini/antigravity/scratch/teacher-tracking/src/app/page.tsx [Client Component SSR]
    ./.gemini/antigravity/scratch/teacher-tracking/src/app/page.tsx [Server Component]

https://nextjs.org/docs/messages/module-not-found


./.gemini/antigravity/scratch/teacher-tracking/node_modules/lucide-react/dist/esm/lucide-react.mjs:1641:1
Module not found: Can't resolve './icons/venus.mjs'
  [90m1639 |[0m ...[36mas[0m [33mLucideVenetianMask[0m, [36mdefault[0m [36mas[0m [33mVenetianMask[0m, [36mdefault[0m [36mas[0m [33mVeneti...[0m
  [90m1640 |[0m ...[36mas[0m [33mLucideVenusAndMars[0m, [36mdefault[0m [36mas[0m [33mVenusAndMars[0m, [36mdefault[0m [36mas[0m [33mVenusA...[0m
[31m[1m>[0m [90m1641 |[0m ...[36mas[0m [33mLucideVenus[0m, [36mdefault[0m [36mas[0m [33mVenus[0m, [36mdefault[0m [36mas[0m [33mVenusIcon[0m } [36mfrom[0m [32m'./...[0m
  [90m     |[0m    [31m[1m^^^^^^^^^^^^^^^^^^^^^^^^^^^^^^^^^^^^^^^^^^^^^^^^^^^^^^^^^^^^^^^^^^^^[0m
  [90m1642 |[0m ...[36mas[0m [33mLucideVibrateOff[0m, [36mdefault[0m [36mas[0m [33mVibrateOff[0m, [36mdefault[0m [36mas[0m [33mVibrateOff...[0m
  [90m1643 |[0m ...[36mas[0m [33mLucideVideoOff[0m, [36mdefault[0m [36mas[0m [33mVideoOff[0m, [36mdefault[0m [36mas[0m [33mVideoOffIcon[0m }.[36m..[0m
  [90m1644 |[0m ...[36mas[0m [33mLucideVideo[0m, [36mdefault[0m [36mas[0m [33mVideo[0m, [36mdefault[0m [36mas[0m [33mVideoIcon[0m } [36mfrom[0m [32m'./...[0m



Import traces:
  Client Component Browser:
    ./.gemini/antigravity/scratch/teacher-tracking/node_modules/lucide-react/dist/esm/lucide-react.mjs [Client Component Browser]
    ./.gemini/antigravity/scratch/teacher-tracking/src/components/pages/DailyTasksPage.tsx [Client Component Browser]
    ./.gemini/antigravity/scratch/teacher-tracking/src/components/AppShell.tsx [Client Component Browser]
    ./.gemini/antigravity/scratch/teacher-tracking/src/app/page.tsx [Client Component Browser]
    ./.gemini/antigravity/scratch/teacher-tracking/src/app/page.tsx [Server Component]

  Client Component SSR:
    ./.gemini/antigravity/scratch/teacher-tracking/node_modules/lucide-react/dist/esm/lucide-react.mjs [Client Component SSR]
    ./.gemini/antigravity/scratch/teacher-tracking/src/components/pages/DailyTasksPage.tsx [Client Component SSR]
    ./.gemini/antigravity/scratch/teacher-tracking/src/components/AppShell.tsx [Client Component SSR]
    ./.gemini/antigravity/scratch/teacher-tracking/src/app/page.tsx [Client Component SSR]
    ./.gemini/antigravity/scratch/teacher-tracking/src/app/page.tsx [Server Component]

https://nextjs.org/docs/messages/module-not-found


./.gemini/antigravity/scratch/teacher-tracking/node_modules/lucide-react/dist/esm/lucide-react.mjs:1642:1
Module not found: Can't resolve './icons/vibrate-off.mjs'
  [90m1640 |[0m ...[33mnusAndMars[0m, [36mdefault[0m [36mas[0m [33mVenusAndMars[0m, [36mdefault[0m [36mas[0m [33mVenusAndMarsIcon[0m ..[36m.[0m
  [90m1641 |[0m ...[33mnus[0m, [36mdefault[0m [36mas[0m [33mVenus[0m, [36mdefault[0m [36mas[0m [33mVenusIcon[0m } [36mfrom[0m [32m'./icons/venus...[0m
[31m[1m>[0m [90m1642 |[0m ...[33mbrateOff[0m, [36mdefault[0m [36mas[0m [33mVibrateOff[0m, [36mdefault[0m [36mas[0m [33mVibrateOffIcon[0m } [36mfrom[0m.[32m..[0m
  [90m     |[0m    [31m[1m^^^^^^^^^^^^^^^^^^^^^^^^^^^^^^^^^^^^^^^^^^^^^^^^^^^^^^^^^^^^^^^^^^^^[0m
  [90m1643 |[0m ...[33mdeoOff[0m, [36mdefault[0m [36mas[0m [33mVideoOff[0m, [36mdefault[0m [36mas[0m [33mVideoOffIcon[0m } [36mfrom[0m [32m'./ic...[0m
  [90m1644 |[0m ...[33mdeo[0m, [36mdefault[0m [36mas[0m [33mVideo[0m, [36mdefault[0m [36mas[0m [33mVideoIcon[0m } [36mfrom[0m [32m'./icons/video...[0m
  [90m1645 |[0m ...[33mbrate[0m, [36mdefault[0m [36mas[0m [33mVibrate[0m, [36mdefault[0m [36mas[0m [33mVibrateIcon[0m } [36mfrom[0m [32m'./icons...[0m



Import traces:
  Client Component Browser:
    ./.gemini/antigravity/scratch/teacher-tracking/node_modules/lucide-react/dist/esm/lucide-react.mjs [Client Component Browser]
    ./.gemini/antigravity/scratch/teacher-tracking/src/components/pages/DailyTasksPage.tsx [Client Component Browser]
    ./.gemini/antigravity/scratch/teacher-tracking/src/components/AppShell.tsx [Client Component Browser]
    ./.gemini/antigravity/scratch/teacher-tracking/src/app/page.tsx [Client Component Browser]
    ./.gemini/antigravity/scratch/teacher-tracking/src/app/page.tsx [Server Component]

  Client Component SSR:
    ./.gemini/antigravity/scratch/teacher-tracking/node_modules/lucide-react/dist/esm/lucide-react.mjs [Client Component SSR]
    ./.gemini/antigravity/scratch/teacher-tracking/src/components/pages/DailyTasksPage.tsx [Client Component SSR]
    ./.gemini/antigravity/scratch/teacher-tracking/src/components/AppShell.tsx [Client Component SSR]
    ./.gemini/antigravity/scratch/teacher-tracking/src/app/page.tsx [Client Component SSR]
    ./.gemini/antigravity/scratch/teacher-tracking/src/app/page.tsx [Server Component]

https://nextjs.org/docs/messages/module-not-found


./.gemini/antigravity/scratch/teacher-tracking/node_modules/lucide-react/dist/esm/lucide-react.mjs:1645:1
Module not found: Can't resolve './icons/vibrate.mjs'
  [90m1643 |[0m ...[33mucideVideoOff[0m, [36mdefault[0m [36mas[0m [33mVideoOff[0m, [36mdefault[0m [36mas[0m [33mVideoOffIcon[0m } [36mfro.[0m.[32m.[0m
  [90m1644 |[0m ...[33mucideVideo[0m, [36mdefault[0m [36mas[0m [33mVideo[0m, [36mdefault[0m [36mas[0m [33mVideoIcon[0m } [36mfrom[0m [32m'./icon...[0m
[31m[1m>[0m [90m1645 |[0m ...[33mucideVibrate[0m, [36mdefault[0m [36mas[0m [33mVibrate[0m, [36mdefault[0m [36mas[0m [33mVibrateIcon[0m } [36mfrom[0m [32m'...[0m
  [90m     |[0m    [31m[1m^^^^^^^^^^^^^^^^^^^^^^^^^^^^^^^^^^^^^^^^^^^^^^^^^^^^^^^^^^^^^^^^^^^^[0m
  [90m1646 |[0m ...[33mucideVideotape[0m, [36mdefault[0m [36mas[0m [33mVideotape[0m, [36mdefault[0m [36mas[0m [33mVideotapeIcon[0m } [36m...[0m
  [90m1647 |[0m ...[33mucideView[0m, [36mdefault[0m [36mas[0m [33mView[0m, [36mdefault[0m [36mas[0m [33mViewIcon[0m } [36mfrom[0m [32m'./icons/v...[0m
  [90m1648 |[0m ...[33mucideVolleyball[0m, [36mdefault[0m [36mas[0m [33mVolleyball[0m, [36mdefault[0m [36mas[0m [33mVolleyballIcon[0m...



Import traces:
  Client Component Browser:
    ./.gemini/antigravity/scratch/teacher-tracking/node_modules/lucide-react/dist/esm/lucide-react.mjs [Client Component Browser]
    ./.gemini/antigravity/scratch/teacher-tracking/src/components/pages/DailyTasksPage.tsx [Client Component Browser]
    ./.gemini/antigravity/scratch/teacher-tracking/src/components/AppShell.tsx [Client Component Browser]
    ./.gemini/antigravity/scratch/teacher-tracking/src/app/page.tsx [Client Component Browser]
    ./.gemini/antigravity/scratch/teacher-tracking/src/app/page.tsx [Server Component]

  Client Component SSR:
    ./.gemini/antigravity/scratch/teacher-tracking/node_modules/lucide-react/dist/esm/lucide-react.mjs [Client Component SSR]
    ./.gemini/antigravity/scratch/teacher-tracking/src/components/pages/DailyTasksPage.tsx [Client Component SSR]
    ./.gemini/antigravity/scratch/teacher-tracking/src/components/AppShell.tsx [Client Component SSR]
    ./.gemini/antigravity/scratch/teacher-tracking/src/app/page.tsx [Client Component SSR]
    ./.gemini/antigravity/scratch/teacher-tracking/src/app/page.tsx [Server Component]

https://nextjs.org/docs/messages/module-not-found


./.gemini/antigravity/scratch/teacher-tracking/node_modules/lucide-react/dist/esm/lucide-react.mjs:1643:1
Module not found: Can't resolve './icons/video-off.mjs'
  [90m1641 |[0m ...[33mdeVenus[0m, [36mdefault[0m [36mas[0m [33mVenus[0m, [36mdefault[0m [36mas[0m [33mVenusIcon[0m } [36mfrom[0m [32m'./icons/v...[0m
  [90m1642 |[0m ...[33mdeVibrateOff[0m, [36mdefault[0m [36mas[0m [33mVibrateOff[0m, [36mdefault[0m [36mas[0m [33mVibrateOffIcon[0m } [36m...[0m
[31m[1m>[0m [90m1643 |[0m ...[33mdeVideoOff[0m, [36mdefault[0m [36mas[0m [33mVideoOff[0m, [36mdefault[0m [36mas[0m [33mVideoOffIcon[0m } [36mfrom[0m [32m'...[0m
  [90m     |[0m    [31m[1m^^^^^^^^^^^^^^^^^^^^^^^^^^^^^^^^^^^^^^^^^^^^^^^^^^^^^^^^^^^^^^^^^^^^[0m
  [90m1644 |[0m ...[33mdeVideo[0m, [36mdefault[0m [36mas[0m [33mVideo[0m, [36mdefault[0m [36mas[0m [33mVideoIcon[0m } [36mfrom[0m [32m'./icons/v...[0m
  [90m1645 |[0m ...[33mdeVibrate[0m, [36mdefault[0m [36mas[0m [33mVibrate[0m, [36mdefault[0m [36mas[0m [33mVibrateIcon[0m } [36mfrom[0m [32m'./i...[0m
  [90m1646 |[0m ...[33mdeVideotape[0m, [36mdefault[0m [36mas[0m [33mVideotape[0m, [36mdefault[0m [36mas[0m [33mVideotapeIcon[0m } [36mfro.[0m.[32m.[0m



Import traces:
  Client Component Browser:
    ./.gemini/antigravity/scratch/teacher-tracking/node_modules/lucide-react/dist/esm/lucide-react.mjs [Client Component Browser]
    ./.gemini/antigravity/scratch/teacher-tracking/src/components/pages/DailyTasksPage.tsx [Client Component Browser]
    ./.gemini/antigravity/scratch/teacher-tracking/src/components/AppShell.tsx [Client Component Browser]
    ./.gemini/antigravity/scratch/teacher-tracking/src/app/page.tsx [Client Component Browser]
    ./.gemini/antigravity/scratch/teacher-tracking/src/app/page.tsx [Server Component]

  Client Component SSR:
    ./.gemini/antigravity/scratch/teacher-tracking/node_modules/lucide-react/dist/esm/lucide-react.mjs [Client Component SSR]
    ./.gemini/antigravity/scratch/teacher-tracking/src/components/pages/DailyTasksPage.tsx [Client Component SSR]
    ./.gemini/antigravity/scratch/teacher-tracking/src/components/AppShell.tsx [Client Component SSR]
    ./.gemini/antigravity/scratch/teacher-tracking/src/app/page.tsx [Client Component SSR]
    ./.gemini/antigravity/scratch/teacher-tracking/src/app/page.tsx [Server Component]

https://nextjs.org/docs/messages/module-not-found


./.gemini/antigravity/scratch/teacher-tracking/node_modules/lucide-react/dist/esm/lucide-react.mjs:1644:1
Module not found: Can't resolve './icons/video.mjs'
  [90m1642 |[0m ...[36mas[0m [33mLucideVibrateOff[0m, [36mdefault[0m [36mas[0m [33mVibrateOff[0m, [36mdefault[0m [36mas[0m [33mVibrateOff...[0m
  [90m1643 |[0m ...[36mas[0m [33mLucideVideoOff[0m, [36mdefault[0m [36mas[0m [33mVideoOff[0m, [36mdefault[0m [36mas[0m [33mVideoOffIcon[0m }.[36m..[0m
[31m[1m>[0m [90m1644 |[0m ...[36mas[0m [33mLucideVideo[0m, [36mdefault[0m [36mas[0m [33mVideo[0m, [36mdefault[0m [36mas[0m [33mVideoIcon[0m } [36mfrom[0m [32m'./...[0m
  [90m     |[0m    [31m[1m^^^^^^^^^^^^^^^^^^^^^^^^^^^^^^^^^^^^^^^^^^^^^^^^^^^^^^^^^^^^^^^^^^^^[0m
  [90m1645 |[0m ...[36mas[0m [33mLucideVibrate[0m, [36mdefault[0m [36mas[0m [33mVibrate[0m, [36mdefault[0m [36mas[0m [33mVibrateIcon[0m } [36mfr..[0m.
  [90m1646 |[0m ...[36mas[0m [33mLucideVideotape[0m, [36mdefault[0m [36mas[0m [33mVideotape[0m, [36mdefault[0m [36mas[0m [33mVideotapeIco.[0m..
  [90m1647 |[0m ...[36mas[0m [33mLucideView[0m, [36mdefault[0m [36mas[0m [33mView[0m, [36mdefault[0m [36mas[0m [33mViewIcon[0m } [36mfrom[0m [32m'./ico...[0m



Import traces:
  Client Component Browser:
    ./.gemini/antigravity/scratch/teacher-tracking/node_modules/lucide-react/dist/esm/lucide-react.mjs [Client Component Browser]
    ./.gemini/antigravity/scratch/teacher-tracking/src/components/pages/DailyTasksPage.tsx [Client Component Browser]
    ./.gemini/antigravity/scratch/teacher-tracking/src/components/AppShell.tsx [Client Component Browser]
    ./.gemini/antigravity/scratch/teacher-tracking/src/app/page.tsx [Client Component Browser]
    ./.gemini/antigravity/scratch/teacher-tracking/src/app/page.tsx [Server Component]

  Client Component SSR:
    ./.gemini/antigravity/scratch/teacher-tracking/node_modules/lucide-react/dist/esm/lucide-react.mjs [Client Component SSR]
    ./.gemini/antigravity/scratch/teacher-tracking/src/components/pages/DailyTasksPage.tsx [Client Component SSR]
    ./.gemini/antigravity/scratch/teacher-tracking/src/components/AppShell.tsx [Client Component SSR]
    ./.gemini/antigravity/scratch/teacher-tracking/src/app/page.tsx [Client Component SSR]
    ./.gemini/antigravity/scratch/teacher-tracking/src/app/page.tsx [Server Component]

https://nextjs.org/docs/messages/module-not-found


./.gemini/antigravity/scratch/teacher-tracking/node_modules/lucide-react/dist/esm/lucide-react.mjs:1646:1
Module not found: Can't resolve './icons/videotape.mjs'
  [90m1644 |[0m ...[33meVideo[0m, [36mdefault[0m [36mas[0m [33mVideo[0m, [36mdefault[0m [36mas[0m [33mVideoIcon[0m } [36mfrom[0m [32m'./icons/vi...[0m
  [90m1645 |[0m ...[33meVibrate[0m, [36mdefault[0m [36mas[0m [33mVibrate[0m, [36mdefault[0m [36mas[0m [33mVibrateIcon[0m } [36mfrom[0m [32m'./ic...[0m
[31m[1m>[0m [90m1646 |[0m ...[33meVideotape[0m, [36mdefault[0m [36mas[0m [33mVideotape[0m, [36mdefault[0m [36mas[0m [33mVideotapeIcon[0m } [36mfrom[0m.[32m..[0m
  [90m     |[0m    [31m[1m^^^^^^^^^^^^^^^^^^^^^^^^^^^^^^^^^^^^^^^^^^^^^^^^^^^^^^^^^^^^^^^^^^^^[0m
  [90m1647 |[0m ...[33meView[0m, [36mdefault[0m [36mas[0m [33mView[0m, [36mdefault[0m [36mas[0m [33mViewIcon[0m } [36mfrom[0m [32m'./icons/view....[0m
  [90m1648 |[0m ...[33meVolleyball[0m, [36mdefault[0m [36mas[0m [33mVolleyball[0m, [36mdefault[0m [36mas[0m [33mVolleyballIcon[0m } [36mf...[0m
  [90m1649 |[0m ...[33meVolume1[0m, [36mdefault[0m [36mas[0m [33mVolume1[0m, [36mdefault[0m [36mas[0m [33mVolume1Icon[0m } [36mfrom[0m [32m'./ic...[0m



Import traces:
  Client Component Browser:
    ./.gemini/antigravity/scratch/teacher-tracking/node_modules/lucide-react/dist/esm/lucide-react.mjs [Client Component Browser]
    ./.gemini/antigravity/scratch/teacher-tracking/src/components/pages/DailyTasksPage.tsx [Client Component Browser]
    ./.gemini/antigravity/scratch/teacher-tracking/src/components/AppShell.tsx [Client Component Browser]
    ./.gemini/antigravity/scratch/teacher-tracking/src/app/page.tsx [Client Component Browser]
    ./.gemini/antigravity/scratch/teacher-tracking/src/app/page.tsx [Server Component]

  Client Component SSR:
    ./.gemini/antigravity/scratch/teacher-tracking/node_modules/lucide-react/dist/esm/lucide-react.mjs [Client Component SSR]
    ./.gemini/antigravity/scratch/teacher-tracking/src/components/pages/DailyTasksPage.tsx [Client Component SSR]
    ./.gemini/antigravity/scratch/teacher-tracking/src/components/AppShell.tsx [Client Component SSR]
    ./.gemini/antigravity/scratch/teacher-tracking/src/app/page.tsx [Client Component SSR]
    ./.gemini/antigravity/scratch/teacher-tracking/src/app/page.tsx [Server Component]

https://nextjs.org/docs/messages/module-not-found


./.gemini/antigravity/scratch/teacher-tracking/node_modules/lucide-react/dist/esm/lucide-react.mjs:1647:1
Module not found: Can't resolve './icons/view.mjs'
  [90m1645 |[0m ...[36mt[0m [36mas[0m [33mLucideVibrate[0m, [36mdefault[0m [36mas[0m [33mVibrate[0m, [36mdefault[0m [36mas[0m [33mVibrateIcon[0m } [36m...[0m
  [90m1646 |[0m ...[36mt[0m [36mas[0m [33mLucideVideotape[0m, [36mdefault[0m [36mas[0m [33mVideotape[0m, [36mdefault[0m [36mas[0m [33mVideotapeI...[0m
[31m[1m>[0m [90m1647 |[0m ...[36mt[0m [36mas[0m [33mLucideView[0m, [36mdefault[0m [36mas[0m [33mView[0m, [36mdefault[0m [36mas[0m [33mViewIcon[0m } [36mfrom[0m [32m'./i...[0m
  [90m     |[0m    [31m[1m^^^^^^^^^^^^^^^^^^^^^^^^^^^^^^^^^^^^^^^^^^^^^^^^^^^^^^^^^^^^^^^^^^^^[0m
  [90m1648 |[0m ...[36mt[0m [36mas[0m [33mLucideVolleyball[0m, [36mdefault[0m [36mas[0m [33mVolleyball[0m, [36mdefault[0m [36mas[0m [33mVolleyba...[0m
  [90m1649 |[0m ...[36mt[0m [36mas[0m [33mLucideVolume1[0m, [36mdefault[0m [36mas[0m [33mVolume1[0m, [36mdefault[0m [36mas[0m [33mVolume1Icon[0m } [36m...[0m
  [90m1650 |[0m ...[36mt[0m [36mas[0m [33mLucideVoicemail[0m, [36mdefault[0m [36mas[0m [33mVoicemail[0m, [36mdefault[0m [36mas[0m [33mVoicemailI...[0m



Import traces:
  Client Component Browser:
    ./.gemini/antigravity/scratch/teacher-tracking/node_modules/lucide-react/dist/esm/lucide-react.mjs [Client Component Browser]
    ./.gemini/antigravity/scratch/teacher-tracking/src/components/pages/DailyTasksPage.tsx [Client Component Browser]
    ./.gemini/antigravity/scratch/teacher-tracking/src/components/AppShell.tsx [Client Component Browser]
    ./.gemini/antigravity/scratch/teacher-tracking/src/app/page.tsx [Client Component Browser]
    ./.gemini/antigravity/scratch/teacher-tracking/src/app/page.tsx [Server Component]

  Client Component SSR:
    ./.gemini/antigravity/scratch/teacher-tracking/node_modules/lucide-react/dist/esm/lucide-react.mjs [Client Component SSR]
    ./.gemini/antigravity/scratch/teacher-tracking/src/components/pages/DailyTasksPage.tsx [Client Component SSR]
    ./.gemini/antigravity/scratch/teacher-tracking/src/components/AppShell.tsx [Client Component SSR]
    ./.gemini/antigravity/scratch/teacher-tracking/src/app/page.tsx [Client Component SSR]
    ./.gemini/antigravity/scratch/teacher-tracking/src/app/page.tsx [Server Component]

https://nextjs.org/docs/messages/module-not-found


./.gemini/antigravity/scratch/teacher-tracking/node_modules/lucide-react/dist/esm/lucide-react.mjs:1650:1
Module not found: Can't resolve './icons/voicemail.mjs'
  [90m1648 |[0m ...[33meVolleyball[0m, [36mdefault[0m [36mas[0m [33mVolleyball[0m, [36mdefault[0m [36mas[0m [33mVolleyballIcon[0m } [36mf...[0m
  [90m1649 |[0m ...[33meVolume1[0m, [36mdefault[0m [36mas[0m [33mVolume1[0m, [36mdefault[0m [36mas[0m [33mVolume1Icon[0m } [36mfrom[0m [32m'./ic...[0m
[31m[1m>[0m [90m1650 |[0m ...[33meVoicemail[0m, [36mdefault[0m [36mas[0m [33mVoicemail[0m, [36mdefault[0m [36mas[0m [33mVoicemailIcon[0m } [36mfrom[0m.[32m..[0m
  [90m     |[0m    [31m[1m^^^^^^^^^^^^^^^^^^^^^^^^^^^^^^^^^^^^^^^^^^^^^^^^^^^^^^^^^^^^^^^^^^^^[0m
  [90m1651 |[0m ...[33meVolumeOff[0m, [36mdefault[0m [36mas[0m [33mVolumeOff[0m, [36mdefault[0m [36mas[0m [33mVolumeOffIcon[0m } [36mfrom[0m.[32m..[0m
  [90m1652 |[0m ...[33meVolume2[0m, [36mdefault[0m [36mas[0m [33mVolume2[0m, [36mdefault[0m [36mas[0m [33mVolume2Icon[0m } [36mfrom[0m [32m'./ic...[0m
  [90m1653 |[0m ...[33meVolumeX[0m, [36mdefault[0m [36mas[0m [33mVolumeX[0m, [36mdefault[0m [36mas[0m [33mVolumeXIcon[0m } [36mfrom[0m [32m'./ic...[0m



Import traces:
  Client Component Browser:
    ./.gemini/antigravity/scratch/teacher-tracking/node_modules/lucide-react/dist/esm/lucide-react.mjs [Client Component Browser]
    ./.gemini/antigravity/scratch/teacher-tracking/src/components/pages/DailyTasksPage.tsx [Client Component Browser]
    ./.gemini/antigravity/scratch/teacher-tracking/src/components/AppShell.tsx [Client Component Browser]
    ./.gemini/antigravity/scratch/teacher-tracking/src/app/page.tsx [Client Component Browser]
    ./.gemini/antigravity/scratch/teacher-tracking/src/app/page.tsx [Server Component]

  Client Component SSR:
    ./.gemini/antigravity/scratch/teacher-tracking/node_modules/lucide-react/dist/esm/lucide-react.mjs [Client Component SSR]
    ./.gemini/antigravity/scratch/teacher-tracking/src/components/pages/DailyTasksPage.tsx [Client Component SSR]
    ./.gemini/antigravity/scratch/teacher-tracking/src/components/AppShell.tsx [Client Component SSR]
    ./.gemini/antigravity/scratch/teacher-tracking/src/app/page.tsx [Client Component SSR]
    ./.gemini/antigravity/scratch/teacher-tracking/src/app/page.tsx [Server Component]

https://nextjs.org/docs/messages/module-not-found


./.gemini/antigravity/scratch/teacher-tracking/node_modules/lucide-react/dist/esm/lucide-react.mjs:1648:1
Module not found: Can't resolve './icons/volleyball.mjs'
  [90m1646 |[0m ...[33mideotape[0m, [36mdefault[0m [36mas[0m [33mVideotape[0m, [36mdefault[0m [36mas[0m [33mVideotapeIcon[0m } [36mfrom[0m [32m'...[0m
  [90m1647 |[0m ...[33miew[0m, [36mdefault[0m [36mas[0m [33mView[0m, [36mdefault[0m [36mas[0m [33mViewIcon[0m } [36mfrom[0m [32m'./icons/view.mjs'[0m;
[31m[1m>[0m [90m1648 |[0m ...[33molleyball[0m, [36mdefault[0m [36mas[0m [33mVolleyball[0m, [36mdefault[0m [36mas[0m [33mVolleyballIcon[0m } [36mfro.[0m.[32m.[0m
  [90m     |[0m    [31m[1m^^^^^^^^^^^^^^^^^^^^^^^^^^^^^^^^^^^^^^^^^^^^^^^^^^^^^^^^^^^^^^^^^^^^[0m
  [90m1649 |[0m ...[33molume1[0m, [36mdefault[0m [36mas[0m [33mVolume1[0m, [36mdefault[0m [36mas[0m [33mVolume1Icon[0m } [36mfrom[0m [32m'./icon...[0m
  [90m1650 |[0m ...[33moicemail[0m, [36mdefault[0m [36mas[0m [33mVoicemail[0m, [36mdefault[0m [36mas[0m [33mVoicemailIcon[0m } [36mfrom[0m [32m'...[0m
  [90m1651 |[0m ...[33molumeOff[0m, [36mdefault[0m [36mas[0m [33mVolumeOff[0m, [36mdefault[0m [36mas[0m [33mVolumeOffIcon[0m } [36mfrom[0m [32m'...[0m



Import traces:
  Client Component Browser:
    ./.gemini/antigravity/scratch/teacher-tracking/node_modules/lucide-react/dist/esm/lucide-react.mjs [Client Component Browser]
    ./.gemini/antigravity/scratch/teacher-tracking/src/components/pages/DailyTasksPage.tsx [Client Component Browser]
    ./.gemini/antigravity/scratch/teacher-tracking/src/components/AppShell.tsx [Client Component Browser]
    ./.gemini/antigravity/scratch/teacher-tracking/src/app/page.tsx [Client Component Browser]
    ./.gemini/antigravity/scratch/teacher-tracking/src/app/page.tsx [Server Component]

  Client Component SSR:
    ./.gemini/antigravity/scratch/teacher-tracking/node_modules/lucide-react/dist/esm/lucide-react.mjs [Client Component SSR]
    ./.gemini/antigravity/scratch/teacher-tracking/src/components/pages/DailyTasksPage.tsx [Client Component SSR]
    ./.gemini/antigravity/scratch/teacher-tracking/src/components/AppShell.tsx [Client Component SSR]
    ./.gemini/antigravity/scratch/teacher-tracking/src/app/page.tsx [Client Component SSR]
    ./.gemini/antigravity/scratch/teacher-tracking/src/app/page.tsx [Server Component]

https://nextjs.org/docs/messages/module-not-found


./.gemini/antigravity/scratch/teacher-tracking/node_modules/lucide-react/dist/esm/lucide-react.mjs:1649:1
Module not found: Can't resolve './icons/volume-1.mjs'
  [90m1647 |[0m ...[33mcideView[0m, [36mdefault[0m [36mas[0m [33mView[0m, [36mdefault[0m [36mas[0m [33mViewIcon[0m } [36mfrom[0m [32m'./icons/vi...[0m
  [90m1648 |[0m ...[33mcideVolleyball[0m, [36mdefault[0m [36mas[0m [33mVolleyball[0m, [36mdefault[0m [36mas[0m [33mVolleyballIcon[0m ..[36m.[0m
[31m[1m>[0m [90m1649 |[0m ...[33mcideVolume1[0m, [36mdefault[0m [36mas[0m [33mVolume1[0m, [36mdefault[0m [36mas[0m [33mVolume1Icon[0m } [36mfrom[0m [32m'....[0m
  [90m     |[0m    [31m[1m^^^^^^^^^^^^^^^^^^^^^^^^^^^^^^^^^^^^^^^^^^^^^^^^^^^^^^^^^^^^^^^^^^^^[0m
  [90m1650 |[0m ...[33mcideVoicemail[0m, [36mdefault[0m [36mas[0m [33mVoicemail[0m, [36mdefault[0m [36mas[0m [33mVoicemailIcon[0m } [36mf...[0m
  [90m1651 |[0m ...[33mcideVolumeOff[0m, [36mdefault[0m [36mas[0m [33mVolumeOff[0m, [36mdefault[0m [36mas[0m [33mVolumeOffIcon[0m } [36mf...[0m
  [90m1652 |[0m ...[33mcideVolume2[0m, [36mdefault[0m [36mas[0m [33mVolume2[0m, [36mdefault[0m [36mas[0m [33mVolume2Icon[0m } [36mfrom[0m [32m'....[0m



Import traces:
  Client Component Browser:
    ./.gemini/antigravity/scratch/teacher-tracking/node_modules/lucide-react/dist/esm/lucide-react.mjs [Client Component Browser]
    ./.gemini/antigravity/scratch/teacher-tracking/src/components/pages/DailyTasksPage.tsx [Client Component Browser]
    ./.gemini/antigravity/scratch/teacher-tracking/src/components/AppShell.tsx [Client Component Browser]
    ./.gemini/antigravity/scratch/teacher-tracking/src/app/page.tsx [Client Component Browser]
    ./.gemini/antigravity/scratch/teacher-tracking/src/app/page.tsx [Server Component]

  Client Component SSR:
    ./.gemini/antigravity/scratch/teacher-tracking/node_modules/lucide-react/dist/esm/lucide-react.mjs [Client Component SSR]
    ./.gemini/antigravity/scratch/teacher-tracking/src/components/pages/DailyTasksPage.tsx [Client Component SSR]
    ./.gemini/antigravity/scratch/teacher-tracking/src/components/AppShell.tsx [Client Component SSR]
    ./.gemini/antigravity/scratch/teacher-tracking/src/app/page.tsx [Client Component SSR]
    ./.gemini/antigravity/scratch/teacher-tracking/src/app/page.tsx [Server Component]

https://nextjs.org/docs/messages/module-not-found


./.gemini/antigravity/scratch/teacher-tracking/node_modules/lucide-react/dist/esm/lucide-react.mjs:1652:1
Module not found: Can't resolve './icons/volume-2.mjs'
  [90m1650 |[0m ...[33mcideVoicemail[0m, [36mdefault[0m [36mas[0m [33mVoicemail[0m, [36mdefault[0m [36mas[0m [33mVoicemailIcon[0m } [36mf...[0m
  [90m1651 |[0m ...[33mcideVolumeOff[0m, [36mdefault[0m [36mas[0m [33mVolumeOff[0m, [36mdefault[0m [36mas[0m [33mVolumeOffIcon[0m } [36mf...[0m
[31m[1m>[0m [90m1652 |[0m ...[33mcideVolume2[0m, [36mdefault[0m [36mas[0m [33mVolume2[0m, [36mdefault[0m [36mas[0m [33mVolume2Icon[0m } [36mfrom[0m [32m'....[0m
  [90m     |[0m    [31m[1m^^^^^^^^^^^^^^^^^^^^^^^^^^^^^^^^^^^^^^^^^^^^^^^^^^^^^^^^^^^^^^^^^^^^[0m
  [90m1653 |[0m ...[33mcideVolumeX[0m, [36mdefault[0m [36mas[0m [33mVolumeX[0m, [36mdefault[0m [36mas[0m [33mVolumeXIcon[0m } [36mfrom[0m [32m'....[0m
  [90m1654 |[0m ...[33mcideVolume[0m, [36mdefault[0m [36mas[0m [33mVolume[0m, [36mdefault[0m [36mas[0m [33mVolumeIcon[0m } [36mfrom[0m [32m'./ic...[0m
  [90m1655 |[0m ...[33mcideVote[0m, [36mdefault[0m [36mas[0m [33mVote[0m, [36mdefault[0m [36mas[0m [33mVoteIcon[0m } [36mfrom[0m [32m'./icons/vo...[0m



Import traces:
  Client Component Browser:
    ./.gemini/antigravity/scratch/teacher-tracking/node_modules/lucide-react/dist/esm/lucide-react.mjs [Client Component Browser]
    ./.gemini/antigravity/scratch/teacher-tracking/src/components/pages/DailyTasksPage.tsx [Client Component Browser]
    ./.gemini/antigravity/scratch/teacher-tracking/src/components/AppShell.tsx [Client Component Browser]
    ./.gemini/antigravity/scratch/teacher-tracking/src/app/page.tsx [Client Component Browser]
    ./.gemini/antigravity/scratch/teacher-tracking/src/app/page.tsx [Server Component]

  Client Component SSR:
    ./.gemini/antigravity/scratch/teacher-tracking/node_modules/lucide-react/dist/esm/lucide-react.mjs [Client Component SSR]
    ./.gemini/antigravity/scratch/teacher-tracking/src/components/pages/DailyTasksPage.tsx [Client Component SSR]
    ./.gemini/antigravity/scratch/teacher-tracking/src/components/AppShell.tsx [Client Component SSR]
    ./.gemini/antigravity/scratch/teacher-tracking/src/app/page.tsx [Client Component SSR]
    ./.gemini/antigravity/scratch/teacher-tracking/src/app/page.tsx [Server Component]

https://nextjs.org/docs/messages/module-not-found


./.gemini/antigravity/scratch/teacher-tracking/node_modules/lucide-react/dist/esm/lucide-react.mjs:1651:1
Module not found: Can't resolve './icons/volume-off.mjs'
  [90m1649 |[0m ...[33mVolume1[0m, [36mdefault[0m [36mas[0m [33mVolume1[0m, [36mdefault[0m [36mas[0m [33mVolume1Icon[0m } [36mfrom[0m [32m'./ico...[0m
  [90m1650 |[0m ...[33mVoicemail[0m, [36mdefault[0m [36mas[0m [33mVoicemail[0m, [36mdefault[0m [36mas[0m [33mVoicemailIcon[0m } [36mfrom[0m [32m...[0m
[31m[1m>[0m [90m1651 |[0m ...[33mVolumeOff[0m, [36mdefault[0m [36mas[0m [33mVolumeOff[0m, [36mdefault[0m [36mas[0m [33mVolumeOffIcon[0m } [36mfrom[0m [32m...[0m
  [90m     |[0m    [31m[1m^^^^^^^^^^^^^^^^^^^^^^^^^^^^^^^^^^^^^^^^^^^^^^^^^^^^^^^^^^^^^^^^^^^^[0m
  [90m1652 |[0m ...[33mVolume2[0m, [36mdefault[0m [36mas[0m [33mVolume2[0m, [36mdefault[0m [36mas[0m [33mVolume2Icon[0m } [36mfrom[0m [32m'./ico...[0m
  [90m1653 |[0m ...[33mVolumeX[0m, [36mdefault[0m [36mas[0m [33mVolumeX[0m, [36mdefault[0m [36mas[0m [33mVolumeXIcon[0m } [36mfrom[0m [32m'./ico...[0m
  [90m1654 |[0m ...[33mVolume[0m, [36mdefault[0m [36mas[0m [33mVolume[0m, [36mdefault[0m [36mas[0m [33mVolumeIcon[0m } [36mfrom[0m [32m'./icons/...[0m



Import traces:
  Client Component Browser:
    ./.gemini/antigravity/scratch/teacher-tracking/node_modules/lucide-react/dist/esm/lucide-react.mjs [Client Component Browser]
    ./.gemini/antigravity/scratch/teacher-tracking/src/components/pages/DailyTasksPage.tsx [Client Component Browser]
    ./.gemini/antigravity/scratch/teacher-tracking/src/components/AppShell.tsx [Client Component Browser]
    ./.gemini/antigravity/scratch/teacher-tracking/src/app/page.tsx [Client Component Browser]
    ./.gemini/antigravity/scratch/teacher-tracking/src/app/page.tsx [Server Component]

  Client Component SSR:
    ./.gemini/antigravity/scratch/teacher-tracking/node_modules/lucide-react/dist/esm/lucide-react.mjs [Client Component SSR]
    ./.gemini/antigravity/scratch/teacher-tracking/src/components/pages/DailyTasksPage.tsx [Client Component SSR]
    ./.gemini/antigravity/scratch/teacher-tracking/src/components/AppShell.tsx [Client Component SSR]
    ./.gemini/antigravity/scratch/teacher-tracking/src/app/page.tsx [Client Component SSR]
    ./.gemini/antigravity/scratch/teacher-tracking/src/app/page.tsx [Server Component]

https://nextjs.org/docs/messages/module-not-found


./.gemini/antigravity/scratch/teacher-tracking/node_modules/lucide-react/dist/esm/lucide-react.mjs:1653:1
Module not found: Can't resolve './icons/volume-x.mjs'
  [90m1651 |[0m ...[33mcideVolumeOff[0m, [36mdefault[0m [36mas[0m [33mVolumeOff[0m, [36mdefault[0m [36mas[0m [33mVolumeOffIcon[0m } [36mf...[0m
  [90m1652 |[0m ...[33mcideVolume2[0m, [36mdefault[0m [36mas[0m [33mVolume2[0m, [36mdefault[0m [36mas[0m [33mVolume2Icon[0m } [36mfrom[0m [32m'....[0m
[31m[1m>[0m [90m1653 |[0m ...[33mcideVolumeX[0m, [36mdefault[0m [36mas[0m [33mVolumeX[0m, [36mdefault[0m [36mas[0m [33mVolumeXIcon[0m } [36mfrom[0m [32m'....[0m
  [90m     |[0m    [31m[1m^^^^^^^^^^^^^^^^^^^^^^^^^^^^^^^^^^^^^^^^^^^^^^^^^^^^^^^^^^^^^^^^^^^^[0m
  [90m1654 |[0m ...[33mcideVolume[0m, [36mdefault[0m [36mas[0m [33mVolume[0m, [36mdefault[0m [36mas[0m [33mVolumeIcon[0m } [36mfrom[0m [32m'./ic...[0m
  [90m1655 |[0m ...[33mcideVote[0m, [36mdefault[0m [36mas[0m [33mVote[0m, [36mdefault[0m [36mas[0m [33mVoteIcon[0m } [36mfrom[0m [32m'./icons/vo...[0m
  [90m1656 |[0m ...[33mcideWalletCards[0m, [36mdefault[0m [36mas[0m [33mWalletCards[0m, [36mdefault[0m [36mas[0m [33mWalletCardsIc..[0m.



Import traces:
  Client Component Browser:
    ./.gemini/antigravity/scratch/teacher-tracking/node_modules/lucide-react/dist/esm/lucide-react.mjs [Client Component Browser]
    ./.gemini/antigravity/scratch/teacher-tracking/src/components/pages/DailyTasksPage.tsx [Client Component Browser]
    ./.gemini/antigravity/scratch/teacher-tracking/src/components/AppShell.tsx [Client Component Browser]
    ./.gemini/antigravity/scratch/teacher-tracking/src/app/page.tsx [Client Component Browser]
    ./.gemini/antigravity/scratch/teacher-tracking/src/app/page.tsx [Server Component]

  Client Component SSR:
    ./.gemini/antigravity/scratch/teacher-tracking/node_modules/lucide-react/dist/esm/lucide-react.mjs [Client Component SSR]
    ./.gemini/antigravity/scratch/teacher-tracking/src/components/pages/DailyTasksPage.tsx [Client Component SSR]
    ./.gemini/antigravity/scratch/teacher-tracking/src/components/AppShell.tsx [Client Component SSR]
    ./.gemini/antigravity/scratch/teacher-tracking/src/app/page.tsx [Client Component SSR]
    ./.gemini/antigravity/scratch/teacher-tracking/src/app/page.tsx [Server Component]

https://nextjs.org/docs/messages/module-not-found


./.gemini/antigravity/scratch/teacher-tracking/node_modules/lucide-react/dist/esm/lucide-react.mjs:1654:1
Module not found: Can't resolve './icons/volume.mjs'
  [90m1652 |[0m ... [33mLucideVolume2[0m, [36mdefault[0m [36mas[0m [33mVolume2[0m, [36mdefault[0m [36mas[0m [33mVolume2Icon[0m } [36mfrom[0m.[32m..[0m
  [90m1653 |[0m ... [33mLucideVolumeX[0m, [36mdefault[0m [36mas[0m [33mVolumeX[0m, [36mdefault[0m [36mas[0m [33mVolumeXIcon[0m } [36mfrom[0m.[32m..[0m
[31m[1m>[0m [90m1654 |[0m ... [33mLucideVolume[0m, [36mdefault[0m [36mas[0m [33mVolume[0m, [36mdefault[0m [36mas[0m [33mVolumeIcon[0m } [36mfrom[0m [32m'....[0m
  [90m     |[0m    [31m[1m^^^^^^^^^^^^^^^^^^^^^^^^^^^^^^^^^^^^^^^^^^^^^^^^^^^^^^^^^^^^^^^^^^^^[0m
  [90m1655 |[0m ... [33mLucideVote[0m, [36mdefault[0m [36mas[0m [33mVote[0m, [36mdefault[0m [36mas[0m [33mVoteIcon[0m } [36mfrom[0m [32m'./icons...[0m
  [90m1656 |[0m ... [33mLucideWalletCards[0m, [36mdefault[0m [36mas[0m [33mWalletCards[0m, [36mdefault[0m [36mas[0m [33mWalletCard...[0m
  [90m1657 |[0m ... [33mLucideWallet[0m, [36mdefault[0m [36mas[0m [33mWallet[0m, [36mdefault[0m [36mas[0m [33mWalletIcon[0m } [36mfrom[0m [32m'....[0m



Import traces:
  Client Component Browser:
    ./.gemini/antigravity/scratch/teacher-tracking/node_modules/lucide-react/dist/esm/lucide-react.mjs [Client Component Browser]
    ./.gemini/antigravity/scratch/teacher-tracking/src/components/pages/DailyTasksPage.tsx [Client Component Browser]
    ./.gemini/antigravity/scratch/teacher-tracking/src/components/AppShell.tsx [Client Component Browser]
    ./.gemini/antigravity/scratch/teacher-tracking/src/app/page.tsx [Client Component Browser]
    ./.gemini/antigravity/scratch/teacher-tracking/src/app/page.tsx [Server Component]

  Client Component SSR:
    ./.gemini/antigravity/scratch/teacher-tracking/node_modules/lucide-react/dist/esm/lucide-react.mjs [Client Component SSR]
    ./.gemini/antigravity/scratch/teacher-tracking/src/components/pages/DailyTasksPage.tsx [Client Component SSR]
    ./.gemini/antigravity/scratch/teacher-tracking/src/components/AppShell.tsx [Client Component SSR]
    ./.gemini/antigravity/scratch/teacher-tracking/src/app/page.tsx [Client Component SSR]
    ./.gemini/antigravity/scratch/teacher-tracking/src/app/page.tsx [Server Component]

https://nextjs.org/docs/messages/module-not-found


./.gemini/antigravity/scratch/teacher-tracking/node_modules/lucide-react/dist/esm/lucide-react.mjs:1655:1
Module not found: Can't resolve './icons/vote.mjs'
  [90m1653 |[0m ...[36mt[0m [36mas[0m [33mLucideVolumeX[0m, [36mdefault[0m [36mas[0m [33mVolumeX[0m, [36mdefault[0m [36mas[0m [33mVolumeXIcon[0m } [36m...[0m
  [90m1654 |[0m ...[36mt[0m [36mas[0m [33mLucideVolume[0m, [36mdefault[0m [36mas[0m [33mVolume[0m, [36mdefault[0m [36mas[0m [33mVolumeIcon[0m } [36mfro.[0m.[32m.[0m
[31m[1m>[0m [90m1655 |[0m ...[36mt[0m [36mas[0m [33mLucideVote[0m, [36mdefault[0m [36mas[0m [33mVote[0m, [36mdefault[0m [36mas[0m [33mVoteIcon[0m } [36mfrom[0m [32m'./i...[0m
  [90m     |[0m    [31m[1m^^^^^^^^^^^^^^^^^^^^^^^^^^^^^^^^^^^^^^^^^^^^^^^^^^^^^^^^^^^^^^^^^^^^[0m
  [90m1656 |[0m ...[36mt[0m [36mas[0m [33mLucideWalletCards[0m, [36mdefault[0m [36mas[0m [33mWalletCards[0m, [36mdefault[0m [36mas[0m [33mWallet...[0m
  [90m1657 |[0m ...[36mt[0m [36mas[0m [33mLucideWallet[0m, [36mdefault[0m [36mas[0m [33mWallet[0m, [36mdefault[0m [36mas[0m [33mWalletIcon[0m } [36mfro.[0m.[32m.[0m
  [90m1658 |[0m ...[36mt[0m [36mas[0m [33mLucideWallpaper[0m, [36mdefault[0m [36mas[0m [33mWallpaper[0m, [36mdefault[0m [36mas[0m [33mWallpaperI...[0m



Import traces:
  Client Component Browser:
    ./.gemini/antigravity/scratch/teacher-tracking/node_modules/lucide-react/dist/esm/lucide-react.mjs [Client Component Browser]
    ./.gemini/antigravity/scratch/teacher-tracking/src/components/pages/DailyTasksPage.tsx [Client Component Browser]
    ./.gemini/antigravity/scratch/teacher-tracking/src/components/AppShell.tsx [Client Component Browser]
    ./.gemini/antigravity/scratch/teacher-tracking/src/app/page.tsx [Client Component Browser]
    ./.gemini/antigravity/scratch/teacher-tracking/src/app/page.tsx [Server Component]

  Client Component SSR:
    ./.gemini/antigravity/scratch/teacher-tracking/node_modules/lucide-react/dist/esm/lucide-react.mjs [Client Component SSR]
    ./.gemini/antigravity/scratch/teacher-tracking/src/components/pages/DailyTasksPage.tsx [Client Component SSR]
    ./.gemini/antigravity/scratch/teacher-tracking/src/components/AppShell.tsx [Client Component SSR]
    ./.gemini/antigravity/scratch/teacher-tracking/src/app/page.tsx [Client Component SSR]
    ./.gemini/antigravity/scratch/teacher-tracking/src/app/page.tsx [Server Component]

https://nextjs.org/docs/messages/module-not-found


./.gemini/antigravity/scratch/teacher-tracking/node_modules/lucide-react/dist/esm/lucide-react.mjs:1656:1
Module not found: Can't resolve './icons/wallet-cards.mjs'
  [90m1654 |[0m ...[33mme[0m, [36mdefault[0m [36mas[0m [33mVolume[0m, [36mdefault[0m [36mas[0m [33mVolumeIcon[0m } [36mfrom[0m [32m'./icons/volu...[0m
  [90m1655 |[0m ..., [36mdefault[0m [36mas[0m [33mVote[0m, [36mdefault[0m [36mas[0m [33mVoteIcon[0m } [36mfrom[0m [32m'./icons/vote.mjs'[0m;
[31m[1m>[0m [90m1656 |[0m ...[33metCards[0m, [36mdefault[0m [36mas[0m [33mWalletCards[0m, [36mdefault[0m [36mas[0m [33mWalletCardsIcon[0m } [36mfro.[0m.[32m.[0m
  [90m     |[0m    [31m[1m^^^^^^^^^^^^^^^^^^^^^^^^^^^^^^^^^^^^^^^^^^^^^^^^^^^^^^^^^^^^^^^^^^^^[0m
  [90m1657 |[0m ...[33met[0m, [36mdefault[0m [36mas[0m [33mWallet[0m, [36mdefault[0m [36mas[0m [33mWalletIcon[0m } [36mfrom[0m [32m'./icons/wall...[0m
  [90m1658 |[0m ...[33mpaper[0m, [36mdefault[0m [36mas[0m [33mWallpaper[0m, [36mdefault[0m [36mas[0m [33mWallpaperIcon[0m } [36mfrom[0m [32m'./i...[0m
  [90m1659 |[0m ..., [36mdefault[0m [36mas[0m [33mWand[0m, [36mdefault[0m [36mas[0m [33mWandIcon[0m } [36mfrom[0m [32m'./icons/wand.mjs'[0m;



Import traces:
  Client Component Browser:
    ./.gemini/antigravity/scratch/teacher-tracking/node_modules/lucide-react/dist/esm/lucide-react.mjs [Client Component Browser]
    ./.gemini/antigravity/scratch/teacher-tracking/src/components/pages/DailyTasksPage.tsx [Client Component Browser]
    ./.gemini/antigravity/scratch/teacher-tracking/src/components/AppShell.tsx [Client Component Browser]
    ./.gemini/antigravity/scratch/teacher-tracking/src/app/page.tsx [Client Component Browser]
    ./.gemini/antigravity/scratch/teacher-tracking/src/app/page.tsx [Server Component]

  Client Component SSR:
    ./.gemini/antigravity/scratch/teacher-tracking/node_modules/lucide-react/dist/esm/lucide-react.mjs [Client Component SSR]
    ./.gemini/antigravity/scratch/teacher-tracking/src/components/pages/DailyTasksPage.tsx [Client Component SSR]
    ./.gemini/antigravity/scratch/teacher-tracking/src/components/AppShell.tsx [Client Component SSR]
    ./.gemini/antigravity/scratch/teacher-tracking/src/app/page.tsx [Client Component SSR]
    ./.gemini/antigravity/scratch/teacher-tracking/src/app/page.tsx [Server Component]

https://nextjs.org/docs/messages/module-not-found


./.gemini/antigravity/scratch/teacher-tracking/node_modules/lucide-react/dist/esm/lucide-react.mjs:243:1
Module not found: Can't resolve './icons/wallet-minimal.mjs'
  [90m241 |[0m ...[33mLucideForkKnife[0m, [36mdefault[0m [36mas[0m [33mLucideUtensils[0m, [36mdefault[0m [36mas[0m [33mUtensils[0m, [36md...[0m
  [90m242 |[0m ...[36mult[0m [36mas[0m [33mWand2[0m, [36mdefault[0m [36mas[0m [33mWand2Icon[0m, [36mdefault[0m [36mas[0m [33mWandSparkles[0m, [36mdefau..[0m.
[31m[1m>[0m [90m243 |[0m ...[36mefault[0m [36mas[0m [33mWallet2[0m, [36mdefault[0m [36mas[0m [33mWallet2Icon[0m, [36mdefault[0m [36mas[0m [33mWalletMinima.[0m..
  [90m    |[0m    [31m[1m^^^^^^^^^^^^^^^^^^^^^^^^^^^^^^^^^^^^^^^^^^^^^^^^^^^^^^^^^^^^^^^^^^^^^[0m
  [90m244 |[0m ...[36mefault[0m [36mas[0m [33mWaves[0m, [36mdefault[0m [36mas[0m [33mWavesHorizontal[0m, [36mdefault[0m [36mas[0m [33mWavesHoriz...[0m
  [90m245 |[0m ...[36ms[0m [33mLucideAArrowDown[0m } [36mfrom[0m [32m'./icons/a-arrow-down.mjs'[0m;
  [90m246 |[0m ...[33mcideAArrowUp[0m } [36mfrom[0m [32m'./icons/a-arrow-up.mjs'[0m;



Import traces:
  Client Component Browser:
    ./.gemini/antigravity/scratch/teacher-tracking/node_modules/lucide-react/dist/esm/lucide-react.mjs [Client Component Browser]
    ./.gemini/antigravity/scratch/teacher-tracking/src/components/pages/DailyTasksPage.tsx [Client Component Browser]
    ./.gemini/antigravity/scratch/teacher-tracking/src/components/AppShell.tsx [Client Component Browser]
    ./.gemini/antigravity/scratch/teacher-tracking/src/app/page.tsx [Client Component Browser]
    ./.gemini/antigravity/scratch/teacher-tracking/src/app/page.tsx [Server Component]

  Client Component SSR:
    ./.gemini/antigravity/scratch/teacher-tracking/node_modules/lucide-react/dist/esm/lucide-react.mjs [Client Component SSR]
    ./.gemini/antigravity/scratch/teacher-tracking/src/components/pages/DailyTasksPage.tsx [Client Component SSR]
    ./.gemini/antigravity/scratch/teacher-tracking/src/components/AppShell.tsx [Client Component SSR]
    ./.gemini/antigravity/scratch/teacher-tracking/src/app/page.tsx [Client Component SSR]
    ./.gemini/antigravity/scratch/teacher-tracking/src/app/page.tsx [Server Component]

https://nextjs.org/docs/messages/module-not-found


./.gemini/antigravity/scratch/teacher-tracking/node_modules/lucide-react/dist/esm/lucide-react.mjs:1657:1
Module not found: Can't resolve './icons/wallet.mjs'
  [90m1655 |[0m ... [33mLucideVote[0m, [36mdefault[0m [36mas[0m [33mVote[0m, [36mdefault[0m [36mas[0m [33mVoteIcon[0m } [36mfrom[0m [32m'./icons...[0m
  [90m1656 |[0m ... [33mLucideWalletCards[0m, [36mdefault[0m [36mas[0m [33mWalletCards[0m, [36mdefault[0m [36mas[0m [33mWalletCard...[0m
[31m[1m>[0m [90m1657 |[0m ... [33mLucideWallet[0m, [36mdefault[0m [36mas[0m [33mWallet[0m, [36mdefault[0m [36mas[0m [33mWalletIcon[0m } [36mfrom[0m [32m'....[0m
  [90m     |[0m    [31m[1m^^^^^^^^^^^^^^^^^^^^^^^^^^^^^^^^^^^^^^^^^^^^^^^^^^^^^^^^^^^^^^^^^^^^[0m
  [90m1658 |[0m ... [33mLucideWallpaper[0m, [36mdefault[0m [36mas[0m [33mWallpaper[0m, [36mdefault[0m [36mas[0m [33mWallpaperIcon[0m ..[36m.[0m
  [90m1659 |[0m ... [33mLucideWand[0m, [36mdefault[0m [36mas[0m [33mWand[0m, [36mdefault[0m [36mas[0m [33mWandIcon[0m } [36mfrom[0m [32m'./icons...[0m
  [90m1660 |[0m ... [33mLucideWarehouse[0m, [36mdefault[0m [36mas[0m [33mWarehouse[0m, [36mdefault[0m [36mas[0m [33mWarehouseIcon[0m ..[36m.[0m



Import traces:
  Client Component Browser:
    ./.gemini/antigravity/scratch/teacher-tracking/node_modules/lucide-react/dist/esm/lucide-react.mjs [Client Component Browser]
    ./.gemini/antigravity/scratch/teacher-tracking/src/components/pages/DailyTasksPage.tsx [Client Component Browser]
    ./.gemini/antigravity/scratch/teacher-tracking/src/components/AppShell.tsx [Client Component Browser]
    ./.gemini/antigravity/scratch/teacher-tracking/src/app/page.tsx [Client Component Browser]
    ./.gemini/antigravity/scratch/teacher-tracking/src/app/page.tsx [Server Component]

  Client Component SSR:
    ./.gemini/antigravity/scratch/teacher-tracking/node_modules/lucide-react/dist/esm/lucide-react.mjs [Client Component SSR]
    ./.gemini/antigravity/scratch/teacher-tracking/src/components/pages/DailyTasksPage.tsx [Client Component SSR]
    ./.gemini/antigravity/scratch/teacher-tracking/src/components/AppShell.tsx [Client Component SSR]
    ./.gemini/antigravity/scratch/teacher-tracking/src/app/page.tsx [Client Component SSR]
    ./.gemini/antigravity/scratch/teacher-tracking/src/app/page.tsx [Server Component]

https://nextjs.org/docs/messages/module-not-found


./.gemini/antigravity/scratch/teacher-tracking/node_modules/lucide-react/dist/esm/lucide-react.mjs:1658:1
Module not found: Can't resolve './icons/wallpaper.mjs'
  [90m1656 |[0m ...[33meWalletCards[0m, [36mdefault[0m [36mas[0m [33mWalletCards[0m, [36mdefault[0m [36mas[0m [33mWalletCardsIcon[0m ..[36m.[0m
  [90m1657 |[0m ...[33meWallet[0m, [36mdefault[0m [36mas[0m [33mWallet[0m, [36mdefault[0m [36mas[0m [33mWalletIcon[0m } [36mfrom[0m [32m'./icons...[0m
[31m[1m>[0m [90m1658 |[0m ...[33meWallpaper[0m, [36mdefault[0m [36mas[0m [33mWallpaper[0m, [36mdefault[0m [36mas[0m [33mWallpaperIcon[0m } [36mfrom[0m.[32m..[0m
  [90m     |[0m    [31m[1m^^^^^^^^^^^^^^^^^^^^^^^^^^^^^^^^^^^^^^^^^^^^^^^^^^^^^^^^^^^^^^^^^^^^[0m
  [90m1659 |[0m ...[33meWand[0m, [36mdefault[0m [36mas[0m [33mWand[0m, [36mdefault[0m [36mas[0m [33mWandIcon[0m } [36mfrom[0m [32m'./icons/wand....[0m
  [90m1660 |[0m ...[33meWarehouse[0m, [36mdefault[0m [36mas[0m [33mWarehouse[0m, [36mdefault[0m [36mas[0m [33mWarehouseIcon[0m } [36mfrom[0m.[32m..[0m
  [90m1661 |[0m ...[33meWashingMachine[0m, [36mdefault[0m [36mas[0m [33mWashingMachine[0m, [36mdefault[0m [36mas[0m [33mWashingMac...[0m



Import traces:
  Client Component Browser:
    ./.gemini/antigravity/scratch/teacher-tracking/node_modules/lucide-react/dist/esm/lucide-react.mjs [Client Component Browser]
    ./.gemini/antigravity/scratch/teacher-tracking/src/components/pages/DailyTasksPage.tsx [Client Component Browser]
    ./.gemini/antigravity/scratch/teacher-tracking/src/components/AppShell.tsx [Client Component Browser]
    ./.gemini/antigravity/scratch/teacher-tracking/src/app/page.tsx [Client Component Browser]
    ./.gemini/antigravity/scratch/teacher-tracking/src/app/page.tsx [Server Component]

  Client Component SSR:
    ./.gemini/antigravity/scratch/teacher-tracking/node_modules/lucide-react/dist/esm/lucide-react.mjs [Client Component SSR]
    ./.gemini/antigravity/scratch/teacher-tracking/src/components/pages/DailyTasksPage.tsx [Client Component SSR]
    ./.gemini/antigravity/scratch/teacher-tracking/src/components/AppShell.tsx [Client Component SSR]
    ./.gemini/antigravity/scratch/teacher-tracking/src/app/page.tsx [Client Component SSR]
    ./.gemini/antigravity/scratch/teacher-tracking/src/app/page.tsx [Server Component]

https://nextjs.org/docs/messages/module-not-found


./.gemini/antigravity/scratch/teacher-tracking/node_modules/lucide-react/dist/esm/lucide-react.mjs:242:1
Module not found: Can't resolve './icons/wand-sparkles.mjs'
  [90m240 |[0m ...[33medIcon[0m, [36mdefault[0m [36mas[0m [33mLucideForkKnifeCrossed[0m, [36mdefault[0m [36mas[0m [33mLucideUtensi...[0m
  [90m241 |[0m ...[36mt[0m [36mas[0m [33mLucideForkKnife[0m, [36mdefault[0m [36mas[0m [33mLucideUtensils[0m, [36mdefault[0m [36mas[0m [33mUtensi..[0m.
[31m[1m>[0m [90m242 |[0m ... [36mdefault[0m [36mas[0m [33mWand2[0m, [36mdefault[0m [36mas[0m [33mWand2Icon[0m, [36mdefault[0m [36mas[0m [33mWandSparkles[0m, [36m...[0m
  [90m    |[0m    [31m[1m^^^^^^^^^^^^^^^^^^^^^^^^^^^^^^^^^^^^^^^^^^^^^^^^^^^^^^^^^^^^^^^^^^^^^[0m
  [90m243 |[0m ...[33mal[0m, [36mdefault[0m [36mas[0m [33mWallet2[0m, [36mdefault[0m [36mas[0m [33mWallet2Icon[0m, [36mdefault[0m [36mas[0m [33mWalletM...[0m
  [90m244 |[0m ...[33mal[0m, [36mdefault[0m [36mas[0m [33mWaves[0m, [36mdefault[0m [36mas[0m [33mWavesHorizontal[0m, [36mdefault[0m [36mas[0m [33mWaves...[0m
  [90m245 |[0m ...[36mult[0m [36mas[0m [33mLucideAArrowDown[0m } [36mfrom[0m [32m'./icons/a-arrow-down.mjs'[0m;



Import traces:
  Client Component Browser:
    ./.gemini/antigravity/scratch/teacher-tracking/node_modules/lucide-react/dist/esm/lucide-react.mjs [Client Component Browser]
    ./.gemini/antigravity/scratch/teacher-tracking/src/components/pages/DailyTasksPage.tsx [Client Component Browser]
    ./.gemini/antigravity/scratch/teacher-tracking/src/components/AppShell.tsx [Client Component Browser]
    ./.gemini/antigravity/scratch/teacher-tracking/src/app/page.tsx [Client Component Browser]
    ./.gemini/antigravity/scratch/teacher-tracking/src/app/page.tsx [Server Component]

  Client Component SSR:
    ./.gemini/antigravity/scratch/teacher-tracking/node_modules/lucide-react/dist/esm/lucide-react.mjs [Client Component SSR]
    ./.gemini/antigravity/scratch/teacher-tracking/src/components/pages/DailyTasksPage.tsx [Client Component SSR]
    ./.gemini/antigravity/scratch/teacher-tracking/src/components/AppShell.tsx [Client Component SSR]
    ./.gemini/antigravity/scratch/teacher-tracking/src/app/page.tsx [Client Component SSR]
    ./.gemini/antigravity/scratch/teacher-tracking/src/app/page.tsx [Server Component]

https://nextjs.org/docs/messages/module-not-found


./.gemini/antigravity/scratch/teacher-tracking/node_modules/lucide-react/dist/esm/lucide-react.mjs:1659:1
Module not found: Can't resolve './icons/wand.mjs'
  [90m1657 |[0m ...[36mt[0m [36mas[0m [33mLucideWallet[0m, [36mdefault[0m [36mas[0m [33mWallet[0m, [36mdefault[0m [36mas[0m [33mWalletIcon[0m } [36mfro.[0m.[32m.[0m
  [90m1658 |[0m ...[36mt[0m [36mas[0m [33mLucideWallpaper[0m, [36mdefault[0m [36mas[0m [33mWallpaper[0m, [36mdefault[0m [36mas[0m [33mWallpaperI...[0m
[31m[1m>[0m [90m1659 |[0m ...[36mt[0m [36mas[0m [33mLucideWand[0m, [36mdefault[0m [36mas[0m [33mWand[0m, [36mdefault[0m [36mas[0m [33mWandIcon[0m } [36mfrom[0m [32m'./i...[0m
  [90m     |[0m    [31m[1m^^^^^^^^^^^^^^^^^^^^^^^^^^^^^^^^^^^^^^^^^^^^^^^^^^^^^^^^^^^^^^^^^^^^[0m
  [90m1660 |[0m ...[36mt[0m [36mas[0m [33mLucideWarehouse[0m, [36mdefault[0m [36mas[0m [33mWarehouse[0m, [36mdefault[0m [36mas[0m [33mWarehouseI...[0m
  [90m1661 |[0m ...[36mt[0m [36mas[0m [33mLucideWashingMachine[0m, [36mdefault[0m [36mas[0m [33mWashingMachine[0m, [36mdefault[0m [36mas[0m [33m...[0m
  [90m1662 |[0m ...[36mt[0m [36mas[0m [33mLucideWavesArrowDown[0m, [36mdefault[0m [36mas[0m [33mWavesArrowDown[0m, [36mdefault[0m [36mas[0m [33m...[0m



Import traces:
  Client Component Browser:
    ./.gemini/antigravity/scratch/teacher-tracking/node_modules/lucide-react/dist/esm/lucide-react.mjs [Client Component Browser]
    ./.gemini/antigravity/scratch/teacher-tracking/src/components/pages/DailyTasksPage.tsx [Client Component Browser]
    ./.gemini/antigravity/scratch/teacher-tracking/src/components/AppShell.tsx [Client Component Browser]
    ./.gemini/antigravity/scratch/teacher-tracking/src/app/page.tsx [Client Component Browser]
    ./.gemini/antigravity/scratch/teacher-tracking/src/app/page.tsx [Server Component]

  Client Component SSR:
    ./.gemini/antigravity/scratch/teacher-tracking/node_modules/lucide-react/dist/esm/lucide-react.mjs [Client Component SSR]
    ./.gemini/antigravity/scratch/teacher-tracking/src/components/pages/DailyTasksPage.tsx [Client Component SSR]
    ./.gemini/antigravity/scratch/teacher-tracking/src/components/AppShell.tsx [Client Component SSR]
    ./.gemini/antigravity/scratch/teacher-tracking/src/app/page.tsx [Client Component SSR]
    ./.gemini/antigravity/scratch/teacher-tracking/src/app/page.tsx [Server Component]

https://nextjs.org/docs/messages/module-not-found


./.gemini/antigravity/scratch/teacher-tracking/node_modules/lucide-react/dist/esm/lucide-react.mjs:1660:1
Module not found: Can't resolve './icons/warehouse.mjs'
  [90m1658 |[0m ...[33meWallpaper[0m, [36mdefault[0m [36mas[0m [33mWallpaper[0m, [36mdefault[0m [36mas[0m [33mWallpaperIcon[0m } [36mfrom[0m.[32m..[0m
  [90m1659 |[0m ...[33meWand[0m, [36mdefault[0m [36mas[0m [33mWand[0m, [36mdefault[0m [36mas[0m [33mWandIcon[0m } [36mfrom[0m [32m'./icons/wand....[0m
[31m[1m>[0m [90m1660 |[0m ...[33meWarehouse[0m, [36mdefault[0m [36mas[0m [33mWarehouse[0m, [36mdefault[0m [36mas[0m [33mWarehouseIcon[0m } [36mfrom[0m.[32m..[0m
  [90m     |[0m    [31m[1m^^^^^^^^^^^^^^^^^^^^^^^^^^^^^^^^^^^^^^^^^^^^^^^^^^^^^^^^^^^^^^^^^^^^[0m
  [90m1661 |[0m ...[33meWashingMachine[0m, [36mdefault[0m [36mas[0m [33mWashingMachine[0m, [36mdefault[0m [36mas[0m [33mWashingMac...[0m
  [90m1662 |[0m ...[33meWavesArrowDown[0m, [36mdefault[0m [36mas[0m [33mWavesArrowDown[0m, [36mdefault[0m [36mas[0m [33mWavesArrow...[0m
  [90m1663 |[0m ...[33meWatch[0m, [36mdefault[0m [36mas[0m [33mWatch[0m, [36mdefault[0m [36mas[0m [33mWatchIcon[0m } [36mfrom[0m [32m'./icons/wa...[0m



Import traces:
  Client Component Browser:
    ./.gemini/antigravity/scratch/teacher-tracking/node_modules/lucide-react/dist/esm/lucide-react.mjs [Client Component Browser]
    ./.gemini/antigravity/scratch/teacher-tracking/src/components/pages/DailyTasksPage.tsx [Client Component Browser]
    ./.gemini/antigravity/scratch/teacher-tracking/src/components/AppShell.tsx [Client Component Browser]
    ./.gemini/antigravity/scratch/teacher-tracking/src/app/page.tsx [Client Component Browser]
    ./.gemini/antigravity/scratch/teacher-tracking/src/app/page.tsx [Server Component]

  Client Component SSR:
    ./.gemini/antigravity/scratch/teacher-tracking/node_modules/lucide-react/dist/esm/lucide-react.mjs [Client Component SSR]
    ./.gemini/antigravity/scratch/teacher-tracking/src/components/pages/DailyTasksPage.tsx [Client Component SSR]
    ./.gemini/antigravity/scratch/teacher-tracking/src/components/AppShell.tsx [Client Component SSR]
    ./.gemini/antigravity/scratch/teacher-tracking/src/app/page.tsx [Client Component SSR]
    ./.gemini/antigravity/scratch/teacher-tracking/src/app/page.tsx [Server Component]

https://nextjs.org/docs/messages/module-not-found


./.gemini/antigravity/scratch/teacher-tracking/node_modules/lucide-react/dist/esm/lucide-react.mjs:1661:1
Module not found: Can't resolve './icons/washing-machine.mjs'
  [90m1659 |[0m ...[36mult[0m [36mas[0m [33mWand[0m, [36mdefault[0m [36mas[0m [33mWandIcon[0m } [36mfrom[0m [32m'./icons/wand.mjs'[0m;
  [90m1660 |[0m ... [36mdefault[0m [36mas[0m [33mWarehouse[0m, [36mdefault[0m [36mas[0m [33mWarehouseIcon[0m } [36mfrom[0m [32m'./icons/w...[0m
[31m[1m>[0m [90m1661 |[0m ...[33mhine[0m, [36mdefault[0m [36mas[0m [33mWashingMachine[0m, [36mdefault[0m [36mas[0m [33mWashingMachineIcon[0m } [36m...[0m
  [90m     |[0m    [31m[1m^^^^^^^^^^^^^^^^^^^^^^^^^^^^^^^^^^^^^^^^^^^^^^^^^^^^^^^^^^^^^^^^^^^^[0m
  [90m1662 |[0m ...[33mDown[0m, [36mdefault[0m [36mas[0m [33mWavesArrowDown[0m, [36mdefault[0m [36mas[0m [33mWavesArrowDownIcon[0m } [36m...[0m
  [90m1663 |[0m ...[36mault[0m [36mas[0m [33mWatch[0m, [36mdefault[0m [36mas[0m [33mWatchIcon[0m } [36mfrom[0m [32m'./icons/watch.mjs'[0m;
  [90m1664 |[0m ...[33mUp[0m, [36mdefault[0m [36mas[0m [33mWavesArrowUp[0m, [36mdefault[0m [36mas[0m [33mWavesArrowUpIcon[0m } [36mfrom[0m [32m'...[0m



Import traces:
  Client Component Browser:
    ./.gemini/antigravity/scratch/teacher-tracking/node_modules/lucide-react/dist/esm/lucide-react.mjs [Client Component Browser]
    ./.gemini/antigravity/scratch/teacher-tracking/src/components/pages/DailyTasksPage.tsx [Client Component Browser]
    ./.gemini/antigravity/scratch/teacher-tracking/src/components/AppShell.tsx [Client Component Browser]
    ./.gemini/antigravity/scratch/teacher-tracking/src/app/page.tsx [Client Component Browser]
    ./.gemini/antigravity/scratch/teacher-tracking/src/app/page.tsx [Server Component]

  Client Component SSR:
    ./.gemini/antigravity/scratch/teacher-tracking/node_modules/lucide-react/dist/esm/lucide-react.mjs [Client Component SSR]
    ./.gemini/antigravity/scratch/teacher-tracking/src/components/pages/DailyTasksPage.tsx [Client Component SSR]
    ./.gemini/antigravity/scratch/teacher-tracking/src/components/AppShell.tsx [Client Component SSR]
    ./.gemini/antigravity/scratch/teacher-tracking/src/app/page.tsx [Client Component SSR]
    ./.gemini/antigravity/scratch/teacher-tracking/src/app/page.tsx [Server Component]

https://nextjs.org/docs/messages/module-not-found


./.gemini/antigravity/scratch/teacher-tracking/node_modules/lucide-react/dist/esm/lucide-react.mjs:1663:1
Module not found: Can't resolve './icons/watch.mjs'
  [90m1661 |[0m ...[36mas[0m [33mLucideWashingMachine[0m, [36mdefault[0m [36mas[0m [33mWashingMachine[0m, [36mdefault[0m [36mas[0m [33mWa...[0m
  [90m1662 |[0m ...[36mas[0m [33mLucideWavesArrowDown[0m, [36mdefault[0m [36mas[0m [33mWavesArrowDown[0m, [36mdefault[0m [36mas[0m [33mWa...[0m
[31m[1m>[0m [90m1663 |[0m ...[36mas[0m [33mLucideWatch[0m, [36mdefault[0m [36mas[0m [33mWatch[0m, [36mdefault[0m [36mas[0m [33mWatchIcon[0m } [36mfrom[0m [32m'./...[0m
  [90m     |[0m    [31m[1m^^^^^^^^^^^^^^^^^^^^^^^^^^^^^^^^^^^^^^^^^^^^^^^^^^^^^^^^^^^^^^^^^^^^[0m
  [90m1664 |[0m ...[36mas[0m [33mLucideWavesArrowUp[0m, [36mdefault[0m [36mas[0m [33mWavesArrowUp[0m, [36mdefault[0m [36mas[0m [33mWavesA...[0m
  [90m1665 |[0m ...[36mas[0m [33mLucideWavesLadder[0m, [36mdefault[0m [36mas[0m [33mWavesLadder[0m, [36mdefault[0m [36mas[0m [33mWavesLad...[0m
  [90m1666 |[0m ...[36mas[0m [33mLucideWavesVertical[0m, [36mdefault[0m [36mas[0m [33mWavesVertical[0m, [36mdefault[0m [36mas[0m [33mWave...[0m



Import traces:
  Client Component Browser:
    ./.gemini/antigravity/scratch/teacher-tracking/node_modules/lucide-react/dist/esm/lucide-react.mjs [Client Component Browser]
    ./.gemini/antigravity/scratch/teacher-tracking/src/components/pages/DailyTasksPage.tsx [Client Component Browser]
    ./.gemini/antigravity/scratch/teacher-tracking/src/components/AppShell.tsx [Client Component Browser]
    ./.gemini/antigravity/scratch/teacher-tracking/src/app/page.tsx [Client Component Browser]
    ./.gemini/antigravity/scratch/teacher-tracking/src/app/page.tsx [Server Component]

  Client Component SSR:
    ./.gemini/antigravity/scratch/teacher-tracking/node_modules/lucide-react/dist/esm/lucide-react.mjs [Client Component SSR]
    ./.gemini/antigravity/scratch/teacher-tracking/src/components/pages/DailyTasksPage.tsx [Client Component SSR]
    ./.gemini/antigravity/scratch/teacher-tracking/src/components/AppShell.tsx [Client Component SSR]
    ./.gemini/antigravity/scratch/teacher-tracking/src/app/page.tsx [Client Component SSR]
    ./.gemini/antigravity/scratch/teacher-tracking/src/app/page.tsx [Server Component]

https://nextjs.org/docs/messages/module-not-found


./.gemini/antigravity/scratch/teacher-tracking/node_modules/lucide-react/dist/esm/lucide-react.mjs:1662:1
Module not found: Can't resolve './icons/waves-arrow-down.mjs'
  [90m1660 |[0m ... [36mdefault[0m [36mas[0m [33mWarehouse[0m, [36mdefault[0m [36mas[0m [33mWarehouseIcon[0m } [36mfrom[0m [32m'./icons/w...[0m
  [90m1661 |[0m ...[33mhine[0m, [36mdefault[0m [36mas[0m [33mWashingMachine[0m, [36mdefault[0m [36mas[0m [33mWashingMachineIcon[0m } [36m...[0m
[31m[1m>[0m [90m1662 |[0m ...[33mDown[0m, [36mdefault[0m [36mas[0m [33mWavesArrowDown[0m, [36mdefault[0m [36mas[0m [33mWavesArrowDownIcon[0m } [36m...[0m
  [90m     |[0m    [31m[1m^^^^^^^^^^^^^^^^^^^^^^^^^^^^^^^^^^^^^^^^^^^^^^^^^^^^^^^^^^^^^^^^^^^^[0m
  [90m1663 |[0m ...[36mault[0m [36mas[0m [33mWatch[0m, [36mdefault[0m [36mas[0m [33mWatchIcon[0m } [36mfrom[0m [32m'./icons/watch.mjs'[0m;
  [90m1664 |[0m ...[33mUp[0m, [36mdefault[0m [36mas[0m [33mWavesArrowUp[0m, [36mdefault[0m [36mas[0m [33mWavesArrowUpIcon[0m } [36mfrom[0m [32m'...[0m
  [90m1665 |[0m ...[33mr[0m, [36mdefault[0m [36mas[0m [33mWavesLadder[0m, [36mdefault[0m [36mas[0m [33mWavesLadderIcon[0m } [36mfrom[0m [32m'./i...[0m



Import traces:
  Client Component Browser:
    ./.gemini/antigravity/scratch/teacher-tracking/node_modules/lucide-react/dist/esm/lucide-react.mjs [Client Component Browser]
    ./.gemini/antigravity/scratch/teacher-tracking/src/components/pages/DailyTasksPage.tsx [Client Component Browser]
    ./.gemini/antigravity/scratch/teacher-tracking/src/components/AppShell.tsx [Client Component Browser]
    ./.gemini/antigravity/scratch/teacher-tracking/src/app/page.tsx [Client Component Browser]
    ./.gemini/antigravity/scratch/teacher-tracking/src/app/page.tsx [Server Component]

  Client Component SSR:
    ./.gemini/antigravity/scratch/teacher-tracking/node_modules/lucide-react/dist/esm/lucide-react.mjs [Client Component SSR]
    ./.gemini/antigravity/scratch/teacher-tracking/src/components/pages/DailyTasksPage.tsx [Client Component SSR]
    ./.gemini/antigravity/scratch/teacher-tracking/src/components/AppShell.tsx [Client Component SSR]
    ./.gemini/antigravity/scratch/teacher-tracking/src/app/page.tsx [Client Component SSR]
    ./.gemini/antigravity/scratch/teacher-tracking/src/app/page.tsx [Server Component]

https://nextjs.org/docs/messages/module-not-found


./.gemini/antigravity/scratch/teacher-tracking/node_modules/lucide-react/dist/esm/lucide-react.mjs:1664:1
Module not found: Can't resolve './icons/waves-arrow-up.mjs'
  [90m1662 |[0m ...[33mrrowDown[0m, [36mdefault[0m [36mas[0m [33mWavesArrowDown[0m, [36mdefault[0m [36mas[0m [33mWavesArrowDownIco.[0m..
  [90m1663 |[0m ... [36mdefault[0m [36mas[0m [33mWatch[0m, [36mdefault[0m [36mas[0m [33mWatchIcon[0m } [36mfrom[0m [32m'./icons/watch.mjs'[0m;
[31m[1m>[0m [90m1664 |[0m ...[33mrrowUp[0m, [36mdefault[0m [36mas[0m [33mWavesArrowUp[0m, [36mdefault[0m [36mas[0m [33mWavesArrowUpIcon[0m } [36mfr..[0m.
  [90m     |[0m    [31m[1m^^^^^^^^^^^^^^^^^^^^^^^^^^^^^^^^^^^^^^^^^^^^^^^^^^^^^^^^^^^^^^^^^^^^[0m
  [90m1665 |[0m ...[33madder[0m, [36mdefault[0m [36mas[0m [33mWavesLadder[0m, [36mdefault[0m [36mas[0m [33mWavesLadderIcon[0m } [36mfrom[0m [32m...[0m
  [90m1666 |[0m ...[33mertical[0m, [36mdefault[0m [36mas[0m [33mWavesVertical[0m, [36mdefault[0m [36mas[0m [33mWavesVerticalIcon[0m }.[36m..[0m
  [90m1667 |[0m ...[33mnts[0m, [36mdefault[0m [36mas[0m [33mWaypoints[0m, [36mdefault[0m [36mas[0m [33mWaypointsIcon[0m } [36mfrom[0m [32m'./ico...[0m



Import traces:
  Client Component Browser:
    ./.gemini/antigravity/scratch/teacher-tracking/node_modules/lucide-react/dist/esm/lucide-react.mjs [Client Component Browser]
    ./.gemini/antigravity/scratch/teacher-tracking/src/components/pages/DailyTasksPage.tsx [Client Component Browser]
    ./.gemini/antigravity/scratch/teacher-tracking/src/components/AppShell.tsx [Client Component Browser]
    ./.gemini/antigravity/scratch/teacher-tracking/src/app/page.tsx [Client Component Browser]
    ./.gemini/antigravity/scratch/teacher-tracking/src/app/page.tsx [Server Component]

  Client Component SSR:
    ./.gemini/antigravity/scratch/teacher-tracking/node_modules/lucide-react/dist/esm/lucide-react.mjs [Client Component SSR]
    ./.gemini/antigravity/scratch/teacher-tracking/src/components/pages/DailyTasksPage.tsx [Client Component SSR]
    ./.gemini/antigravity/scratch/teacher-tracking/src/components/AppShell.tsx [Client Component SSR]
    ./.gemini/antigravity/scratch/teacher-tracking/src/app/page.tsx [Client Component SSR]
    ./.gemini/antigravity/scratch/teacher-tracking/src/app/page.tsx [Server Component]

https://nextjs.org/docs/messages/module-not-found


./.gemini/antigravity/scratch/teacher-tracking/node_modules/lucide-react/dist/esm/lucide-react.mjs:244:1
Module not found: Can't resolve './icons/waves-horizontal.mjs'
  [90m242 |[0m ...[36mlt[0m [36mas[0m [33mWand2[0m, [36mdefault[0m [36mas[0m [33mWand2Icon[0m, [36mdefault[0m [36mas[0m [33mWandSparkles[0m, [36mdefaul.[0m.[36m.[0m
  [90m243 |[0m ...[36mfault[0m [36mas[0m [33mWallet2[0m, [36mdefault[0m [36mas[0m [33mWallet2Icon[0m, [36mdefault[0m [36mas[0m [33mWalletMinimal[0m..[36m.[0m
[31m[1m>[0m [90m244 |[0m ...[36mfault[0m [36mas[0m [33mWaves[0m, [36mdefault[0m [36mas[0m [33mWavesHorizontal[0m, [36mdefault[0m [36mas[0m [33mWavesHorizo...[0m
  [90m    |[0m    [31m[1m^^^^^^^^^^^^^^^^^^^^^^^^^^^^^^^^^^^^^^^^^^^^^^^^^^^^^^^^^^^^^^^^^^^^^[0m
  [90m245 |[0m ... [33mLucideAArrowDown[0m } [36mfrom[0m [32m'./icons/a-arrow-down.mjs'[0m;
  [90m246 |[0m ...[33mideAArrowUp[0m } [36mfrom[0m [32m'./icons/a-arrow-up.mjs'[0m;
  [90m247 |[0m ...[36mas[0m [33mLucideALargeSmall[0m } [36mfrom[0m [32m'./icons/a-large-small.mjs'[0m;



Import traces:
  Client Component Browser:
    ./.gemini/antigravity/scratch/teacher-tracking/node_modules/lucide-react/dist/esm/lucide-react.mjs [Client Component Browser]
    ./.gemini/antigravity/scratch/teacher-tracking/src/components/pages/DailyTasksPage.tsx [Client Component Browser]
    ./.gemini/antigravity/scratch/teacher-tracking/src/components/AppShell.tsx [Client Component Browser]
    ./.gemini/antigravity/scratch/teacher-tracking/src/app/page.tsx [Client Component Browser]
    ./.gemini/antigravity/scratch/teacher-tracking/src/app/page.tsx [Server Component]

  Client Component SSR:
    ./.gemini/antigravity/scratch/teacher-tracking/node_modules/lucide-react/dist/esm/lucide-react.mjs [Client Component SSR]
    ./.gemini/antigravity/scratch/teacher-tracking/src/components/pages/DailyTasksPage.tsx [Client Component SSR]
    ./.gemini/antigravity/scratch/teacher-tracking/src/components/AppShell.tsx [Client Component SSR]
    ./.gemini/antigravity/scratch/teacher-tracking/src/app/page.tsx [Client Component SSR]
    ./.gemini/antigravity/scratch/teacher-tracking/src/app/page.tsx [Server Component]

https://nextjs.org/docs/messages/module-not-found


./.gemini/antigravity/scratch/teacher-tracking/node_modules/lucide-react/dist/esm/lucide-react.mjs:1665:1
Module not found: Can't resolve './icons/waves-ladder.mjs'
  [90m1663 |[0m ...[33mh[0m, [36mdefault[0m [36mas[0m [33mWatch[0m, [36mdefault[0m [36mas[0m [33mWatchIcon[0m } [36mfrom[0m [32m'./icons/watch.m...[0m
  [90m1664 |[0m ...[33msArrowUp[0m, [36mdefault[0m [36mas[0m [33mWavesArrowUp[0m, [36mdefault[0m [36mas[0m [33mWavesArrowUpIcon[0m } [36m...[0m
[31m[1m>[0m [90m1665 |[0m ...[33msLadder[0m, [36mdefault[0m [36mas[0m [33mWavesLadder[0m, [36mdefault[0m [36mas[0m [33mWavesLadderIcon[0m } [36mfro.[0m.[32m.[0m
  [90m     |[0m    [31m[1m^^^^^^^^^^^^^^^^^^^^^^^^^^^^^^^^^^^^^^^^^^^^^^^^^^^^^^^^^^^^^^^^^^^^[0m
  [90m1666 |[0m ...[33msVertical[0m, [36mdefault[0m [36mas[0m [33mWavesVertical[0m, [36mdefault[0m [36mas[0m [33mWavesVerticalIcon[0m...
  [90m1667 |[0m ...[33moints[0m, [36mdefault[0m [36mas[0m [33mWaypoints[0m, [36mdefault[0m [36mas[0m [33mWaypointsIcon[0m } [36mfrom[0m [32m'./i...[0m
  [90m1668 |[0m ...[33mam[0m, [36mdefault[0m [36mas[0m [33mWebcam[0m, [36mdefault[0m [36mas[0m [33mWebcamIcon[0m } [36mfrom[0m [32m'./icons/webc...[0m



Import traces:
  Client Component Browser:
    ./.gemini/antigravity/scratch/teacher-tracking/node_modules/lucide-react/dist/esm/lucide-react.mjs [Client Component Browser]
    ./.gemini/antigravity/scratch/teacher-tracking/src/components/pages/DailyTasksPage.tsx [Client Component Browser]
    ./.gemini/antigravity/scratch/teacher-tracking/src/components/AppShell.tsx [Client Component Browser]
    ./.gemini/antigravity/scratch/teacher-tracking/src/app/page.tsx [Client Component Browser]
    ./.gemini/antigravity/scratch/teacher-tracking/src/app/page.tsx [Server Component]

  Client Component SSR:
    ./.gemini/antigravity/scratch/teacher-tracking/node_modules/lucide-react/dist/esm/lucide-react.mjs [Client Component SSR]
    ./.gemini/antigravity/scratch/teacher-tracking/src/components/pages/DailyTasksPage.tsx [Client Component SSR]
    ./.gemini/antigravity/scratch/teacher-tracking/src/components/AppShell.tsx [Client Component SSR]
    ./.gemini/antigravity/scratch/teacher-tracking/src/app/page.tsx [Client Component SSR]
    ./.gemini/antigravity/scratch/teacher-tracking/src/app/page.tsx [Server Component]

https://nextjs.org/docs/messages/module-not-found


./.gemini/antigravity/scratch/teacher-tracking/node_modules/lucide-react/dist/esm/lucide-react.mjs:1666:1
Module not found: Can't resolve './icons/waves-vertical.mjs'
  [90m1664 |[0m ...[33mowUp[0m, [36mdefault[0m [36mas[0m [33mWavesArrowUp[0m, [36mdefault[0m [36mas[0m [33mWavesArrowUpIcon[0m } [36mfrom[0m.[32m..[0m
  [90m1665 |[0m ...[33mder[0m, [36mdefault[0m [36mas[0m [33mWavesLadder[0m, [36mdefault[0m [36mas[0m [33mWavesLadderIcon[0m } [36mfrom[0m [32m'....[0m
[31m[1m>[0m [90m1666 |[0m ...[33mtical[0m, [36mdefault[0m [36mas[0m [33mWavesVertical[0m, [36mdefault[0m [36mas[0m [33mWavesVerticalIcon[0m } [36mf...[0m
  [90m     |[0m    [31m[1m^^^^^^^^^^^^^^^^^^^^^^^^^^^^^^^^^^^^^^^^^^^^^^^^^^^^^^^^^^^^^^^^^^^^[0m
  [90m1667 |[0m ...[33ms[0m, [36mdefault[0m [36mas[0m [33mWaypoints[0m, [36mdefault[0m [36mas[0m [33mWaypointsIcon[0m } [36mfrom[0m [32m'./icons...[0m
  [90m1668 |[0m ...[36mdefault[0m [36mas[0m [33mWebcam[0m, [36mdefault[0m [36mas[0m [33mWebcamIcon[0m } [36mfrom[0m [32m'./icons/webcam.m...[0m
  [90m1669 |[0m ...[33mff[0m, [36mdefault[0m [36mas[0m [33mWebhookOff[0m, [36mdefault[0m [36mas[0m [33mWebhookOffIcon[0m } [36mfrom[0m [32m'./ic...[0m



Import traces:
  Client Component Browser:
    ./.gemini/antigravity/scratch/teacher-tracking/node_modules/lucide-react/dist/esm/lucide-react.mjs [Client Component Browser]
    ./.gemini/antigravity/scratch/teacher-tracking/src/components/pages/DailyTasksPage.tsx [Client Component Browser]
    ./.gemini/antigravity/scratch/teacher-tracking/src/components/AppShell.tsx [Client Component Browser]
    ./.gemini/antigravity/scratch/teacher-tracking/src/app/page.tsx [Client Component Browser]
    ./.gemini/antigravity/scratch/teacher-tracking/src/app/page.tsx [Server Component]

  Client Component SSR:
    ./.gemini/antigravity/scratch/teacher-tracking/node_modules/lucide-react/dist/esm/lucide-react.mjs [Client Component SSR]
    ./.gemini/antigravity/scratch/teacher-tracking/src/components/pages/DailyTasksPage.tsx [Client Component SSR]
    ./.gemini/antigravity/scratch/teacher-tracking/src/components/AppShell.tsx [Client Component SSR]
    ./.gemini/antigravity/scratch/teacher-tracking/src/app/page.tsx [Client Component SSR]
    ./.gemini/antigravity/scratch/teacher-tracking/src/app/page.tsx [Server Component]

https://nextjs.org/docs/messages/module-not-found


./.gemini/antigravity/scratch/teacher-tracking/node_modules/lucide-react/dist/esm/lucide-react.mjs:1667:1
Module not found: Can't resolve './icons/waypoints.mjs'
  [90m1665 |[0m ...[33meWavesLadder[0m, [36mdefault[0m [36mas[0m [33mWavesLadder[0m, [36mdefault[0m [36mas[0m [33mWavesLadderIcon[0m ..[36m.[0m
  [90m1666 |[0m ...[33meWavesVertical[0m, [36mdefault[0m [36mas[0m [33mWavesVertical[0m, [36mdefault[0m [36mas[0m [33mWavesVertica...[0m
[31m[1m>[0m [90m1667 |[0m ...[33meWaypoints[0m, [36mdefault[0m [36mas[0m [33mWaypoints[0m, [36mdefault[0m [36mas[0m [33mWaypointsIcon[0m } [36mfrom[0m.[32m..[0m
  [90m     |[0m    [31m[1m^^^^^^^^^^^^^^^^^^^^^^^^^^^^^^^^^^^^^^^^^^^^^^^^^^^^^^^^^^^^^^^^^^^^[0m
  [90m1668 |[0m ...[33meWebcam[0m, [36mdefault[0m [36mas[0m [33mWebcam[0m, [36mdefault[0m [36mas[0m [33mWebcamIcon[0m } [36mfrom[0m [32m'./icons...[0m
  [90m1669 |[0m ...[33meWebhookOff[0m, [36mdefault[0m [36mas[0m [33mWebhookOff[0m, [36mdefault[0m [36mas[0m [33mWebhookOffIcon[0m } [36mf...[0m
  [90m1670 |[0m ...[33meWebhook[0m, [36mdefault[0m [36mas[0m [33mWebhook[0m, [36mdefault[0m [36mas[0m [33mWebhookIcon[0m } [36mfrom[0m [32m'./ic...[0m



Import traces:
  Client Component Browser:
    ./.gemini/antigravity/scratch/teacher-tracking/node_modules/lucide-react/dist/esm/lucide-react.mjs [Client Component Browser]
    ./.gemini/antigravity/scratch/teacher-tracking/src/components/pages/DailyTasksPage.tsx [Client Component Browser]
    ./.gemini/antigravity/scratch/teacher-tracking/src/components/AppShell.tsx [Client Component Browser]
    ./.gemini/antigravity/scratch/teacher-tracking/src/app/page.tsx [Client Component Browser]
    ./.gemini/antigravity/scratch/teacher-tracking/src/app/page.tsx [Server Component]

  Client Component SSR:
    ./.gemini/antigravity/scratch/teacher-tracking/node_modules/lucide-react/dist/esm/lucide-react.mjs [Client Component SSR]
    ./.gemini/antigravity/scratch/teacher-tracking/src/components/pages/DailyTasksPage.tsx [Client Component SSR]
    ./.gemini/antigravity/scratch/teacher-tracking/src/components/AppShell.tsx [Client Component SSR]
    ./.gemini/antigravity/scratch/teacher-tracking/src/app/page.tsx [Client Component SSR]
    ./.gemini/antigravity/scratch/teacher-tracking/src/app/page.tsx [Server Component]

https://nextjs.org/docs/messages/module-not-found


./.gemini/antigravity/scratch/teacher-tracking/node_modules/lucide-react/dist/esm/lucide-react.mjs:1668:1
Module not found: Can't resolve './icons/webcam.mjs'
  [90m1666 |[0m ... [33mLucideWavesVertical[0m, [36mdefault[0m [36mas[0m [33mWavesVertical[0m, [36mdefault[0m [36mas[0m [33mWavesV...[0m
  [90m1667 |[0m ... [33mLucideWaypoints[0m, [36mdefault[0m [36mas[0m [33mWaypoints[0m, [36mdefault[0m [36mas[0m [33mWaypointsIcon[0m ..[36m.[0m
[31m[1m>[0m [90m1668 |[0m ... [33mLucideWebcam[0m, [36mdefault[0m [36mas[0m [33mWebcam[0m, [36mdefault[0m [36mas[0m [33mWebcamIcon[0m } [36mfrom[0m [32m'....[0m
  [90m     |[0m    [31m[1m^^^^^^^^^^^^^^^^^^^^^^^^^^^^^^^^^^^^^^^^^^^^^^^^^^^^^^^^^^^^^^^^^^^^[0m
  [90m1669 |[0m ... [33mLucideWebhookOff[0m, [36mdefault[0m [36mas[0m [33mWebhookOff[0m, [36mdefault[0m [36mas[0m [33mWebhookOffIc..[0m.
  [90m1670 |[0m ... [33mLucideWebhook[0m, [36mdefault[0m [36mas[0m [33mWebhook[0m, [36mdefault[0m [36mas[0m [33mWebhookIcon[0m } [36mfrom[0m.[32m..[0m
  [90m1671 |[0m ... [33mLucideWeightTilde[0m, [36mdefault[0m [36mas[0m [33mWeightTilde[0m, [36mdefault[0m [36mas[0m [33mWeightTild...[0m



Import traces:
  Client Component Browser:
    ./.gemini/antigravity/scratch/teacher-tracking/node_modules/lucide-react/dist/esm/lucide-react.mjs [Client Component Browser]
    ./.gemini/antigravity/scratch/teacher-tracking/src/components/pages/DailyTasksPage.tsx [Client Component Browser]
    ./.gemini/antigravity/scratch/teacher-tracking/src/components/AppShell.tsx [Client Component Browser]
    ./.gemini/antigravity/scratch/teacher-tracking/src/app/page.tsx [Client Component Browser]
    ./.gemini/antigravity/scratch/teacher-tracking/src/app/page.tsx [Server Component]

  Client Component SSR:
    ./.gemini/antigravity/scratch/teacher-tracking/node_modules/lucide-react/dist/esm/lucide-react.mjs [Client Component SSR]
    ./.gemini/antigravity/scratch/teacher-tracking/src/components/pages/DailyTasksPage.tsx [Client Component SSR]
    ./.gemini/antigravity/scratch/teacher-tracking/src/components/AppShell.tsx [Client Component SSR]
    ./.gemini/antigravity/scratch/teacher-tracking/src/app/page.tsx [Client Component SSR]
    ./.gemini/antigravity/scratch/teacher-tracking/src/app/page.tsx [Server Component]

https://nextjs.org/docs/messages/module-not-found


./.gemini/antigravity/scratch/teacher-tracking/node_modules/lucide-react/dist/esm/lucide-react.mjs:1669:1
Module not found: Can't resolve './icons/webhook-off.mjs'
  [90m1667 |[0m ...[33mypoints[0m, [36mdefault[0m [36mas[0m [33mWaypoints[0m, [36mdefault[0m [36mas[0m [33mWaypointsIcon[0m } [36mfrom[0m [32m'....[0m
  [90m1668 |[0m ...[33mbcam[0m, [36mdefault[0m [36mas[0m [33mWebcam[0m, [36mdefault[0m [36mas[0m [33mWebcamIcon[0m } [36mfrom[0m [32m'./icons/we...[0m
[31m[1m>[0m [90m1669 |[0m ...[33mbhookOff[0m, [36mdefault[0m [36mas[0m [33mWebhookOff[0m, [36mdefault[0m [36mas[0m [33mWebhookOffIcon[0m } [36mfrom[0m.[32m..[0m
  [90m     |[0m    [31m[1m^^^^^^^^^^^^^^^^^^^^^^^^^^^^^^^^^^^^^^^^^^^^^^^^^^^^^^^^^^^^^^^^^^^^[0m
  [90m1670 |[0m ...[33mbhook[0m, [36mdefault[0m [36mas[0m [33mWebhook[0m, [36mdefault[0m [36mas[0m [33mWebhookIcon[0m } [36mfrom[0m [32m'./icons...[0m
  [90m1671 |[0m ...[33mightTilde[0m, [36mdefault[0m [36mas[0m [33mWeightTilde[0m, [36mdefault[0m [36mas[0m [33mWeightTildeIcon[0m } [36mf...[0m
  [90m1672 |[0m ...[33might[0m, [36mdefault[0m [36mas[0m [33mWeight[0m, [36mdefault[0m [36mas[0m [33mWeightIcon[0m } [36mfrom[0m [32m'./icons/we...[0m



Import traces:
  Client Component Browser:
    ./.gemini/antigravity/scratch/teacher-tracking/node_modules/lucide-react/dist/esm/lucide-react.mjs [Client Component Browser]
    ./.gemini/antigravity/scratch/teacher-tracking/src/components/pages/DailyTasksPage.tsx [Client Component Browser]
    ./.gemini/antigravity/scratch/teacher-tracking/src/components/AppShell.tsx [Client Component Browser]
    ./.gemini/antigravity/scratch/teacher-tracking/src/app/page.tsx [Client Component Browser]
    ./.gemini/antigravity/scratch/teacher-tracking/src/app/page.tsx [Server Component]

  Client Component SSR:
    ./.gemini/antigravity/scratch/teacher-tracking/node_modules/lucide-react/dist/esm/lucide-react.mjs [Client Component SSR]
    ./.gemini/antigravity/scratch/teacher-tracking/src/components/pages/DailyTasksPage.tsx [Client Component SSR]
    ./.gemini/antigravity/scratch/teacher-tracking/src/components/AppShell.tsx [Client Component SSR]
    ./.gemini/antigravity/scratch/teacher-tracking/src/app/page.tsx [Client Component SSR]
    ./.gemini/antigravity/scratch/teacher-tracking/src/app/page.tsx [Server Component]

https://nextjs.org/docs/messages/module-not-found


./.gemini/antigravity/scratch/teacher-tracking/node_modules/lucide-react/dist/esm/lucide-react.mjs:1670:1
Module not found: Can't resolve './icons/webhook.mjs'
  [90m1668 |[0m ...[33mucideWebcam[0m, [36mdefault[0m [36mas[0m [33mWebcam[0m, [36mdefault[0m [36mas[0m [33mWebcamIcon[0m } [36mfrom[0m [32m'./i...[0m
  [90m1669 |[0m ...[33mucideWebhookOff[0m, [36mdefault[0m [36mas[0m [33mWebhookOff[0m, [36mdefault[0m [36mas[0m [33mWebhookOffIcon[0m...
[31m[1m>[0m [90m1670 |[0m ...[33mucideWebhook[0m, [36mdefault[0m [36mas[0m [33mWebhook[0m, [36mdefault[0m [36mas[0m [33mWebhookIcon[0m } [36mfrom[0m [32m'...[0m
  [90m     |[0m    [31m[1m^^^^^^^^^^^^^^^^^^^^^^^^^^^^^^^^^^^^^^^^^^^^^^^^^^^^^^^^^^^^^^^^^^^^[0m
  [90m1671 |[0m ...[33mucideWeightTilde[0m, [36mdefault[0m [36mas[0m [33mWeightTilde[0m, [36mdefault[0m [36mas[0m [33mWeightTildeI...[0m
  [90m1672 |[0m ...[33mucideWeight[0m, [36mdefault[0m [36mas[0m [33mWeight[0m, [36mdefault[0m [36mas[0m [33mWeightIcon[0m } [36mfrom[0m [32m'./i...[0m
  [90m1673 |[0m ...[33mucideWheatOff[0m, [36mdefault[0m [36mas[0m [33mWheatOff[0m, [36mdefault[0m [36mas[0m [33mWheatOffIcon[0m } [36mfro.[0m.[32m.[0m



Import traces:
  Client Component Browser:
    ./.gemini/antigravity/scratch/teacher-tracking/node_modules/lucide-react/dist/esm/lucide-react.mjs [Client Component Browser]
    ./.gemini/antigravity/scratch/teacher-tracking/src/components/pages/DailyTasksPage.tsx [Client Component Browser]
    ./.gemini/antigravity/scratch/teacher-tracking/src/components/AppShell.tsx [Client Component Browser]
    ./.gemini/antigravity/scratch/teacher-tracking/src/app/page.tsx [Client Component Browser]
    ./.gemini/antigravity/scratch/teacher-tracking/src/app/page.tsx [Server Component]

  Client Component SSR:
    ./.gemini/antigravity/scratch/teacher-tracking/node_modules/lucide-react/dist/esm/lucide-react.mjs [Client Component SSR]
    ./.gemini/antigravity/scratch/teacher-tracking/src/components/pages/DailyTasksPage.tsx [Client Component SSR]
    ./.gemini/antigravity/scratch/teacher-tracking/src/components/AppShell.tsx [Client Component SSR]
    ./.gemini/antigravity/scratch/teacher-tracking/src/app/page.tsx [Client Component SSR]
    ./.gemini/antigravity/scratch/teacher-tracking/src/app/page.tsx [Server Component]

https://nextjs.org/docs/messages/module-not-found


./.gemini/antigravity/scratch/teacher-tracking/node_modules/lucide-react/dist/esm/lucide-react.mjs:1671:1
Module not found: Can't resolve './icons/weight-tilde.mjs'
  [90m1669 |[0m ...[33mookOff[0m, [36mdefault[0m [36mas[0m [33mWebhookOff[0m, [36mdefault[0m [36mas[0m [33mWebhookOffIcon[0m } [36mfrom[0m [32m'...[0m
  [90m1670 |[0m ...[33mook[0m, [36mdefault[0m [36mas[0m [33mWebhook[0m, [36mdefault[0m [36mas[0m [33mWebhookIcon[0m } [36mfrom[0m [32m'./icons/w...[0m
[31m[1m>[0m [90m1671 |[0m ...[33mhtTilde[0m, [36mdefault[0m [36mas[0m [33mWeightTilde[0m, [36mdefault[0m [36mas[0m [33mWeightTildeIcon[0m } [36mfro.[0m.[32m.[0m
  [90m     |[0m    [31m[1m^^^^^^^^^^^^^^^^^^^^^^^^^^^^^^^^^^^^^^^^^^^^^^^^^^^^^^^^^^^^^^^^^^^^[0m
  [90m1672 |[0m ...[33mht[0m, [36mdefault[0m [36mas[0m [33mWeight[0m, [36mdefault[0m [36mas[0m [33mWeightIcon[0m } [36mfrom[0m [32m'./icons/weig...[0m
  [90m1673 |[0m ...[33mtOff[0m, [36mdefault[0m [36mas[0m [33mWheatOff[0m, [36mdefault[0m [36mas[0m [33mWheatOffIcon[0m } [36mfrom[0m [32m'./icon...[0m
  [90m1674 |[0m ...[33mt[0m, [36mdefault[0m [36mas[0m [33mWheat[0m, [36mdefault[0m [36mas[0m [33mWheatIcon[0m } [36mfrom[0m [32m'./icons/wheat.m...[0m



Import traces:
  Client Component Browser:
    ./.gemini/antigravity/scratch/teacher-tracking/node_modules/lucide-react/dist/esm/lucide-react.mjs [Client Component Browser]
    ./.gemini/antigravity/scratch/teacher-tracking/src/components/pages/DailyTasksPage.tsx [Client Component Browser]
    ./.gemini/antigravity/scratch/teacher-tracking/src/components/AppShell.tsx [Client Component Browser]
    ./.gemini/antigravity/scratch/teacher-tracking/src/app/page.tsx [Client Component Browser]
    ./.gemini/antigravity/scratch/teacher-tracking/src/app/page.tsx [Server Component]

  Client Component SSR:
    ./.gemini/antigravity/scratch/teacher-tracking/node_modules/lucide-react/dist/esm/lucide-react.mjs [Client Component SSR]
    ./.gemini/antigravity/scratch/teacher-tracking/src/components/pages/DailyTasksPage.tsx [Client Component SSR]
    ./.gemini/antigravity/scratch/teacher-tracking/src/components/AppShell.tsx [Client Component SSR]
    ./.gemini/antigravity/scratch/teacher-tracking/src/app/page.tsx [Client Component SSR]
    ./.gemini/antigravity/scratch/teacher-tracking/src/app/page.tsx [Server Component]

https://nextjs.org/docs/messages/module-not-found


./.gemini/antigravity/scratch/teacher-tracking/node_modules/lucide-react/dist/esm/lucide-react.mjs:1672:1
Module not found: Can't resolve './icons/weight.mjs'
  [90m1670 |[0m ... [33mLucideWebhook[0m, [36mdefault[0m [36mas[0m [33mWebhook[0m, [36mdefault[0m [36mas[0m [33mWebhookIcon[0m } [36mfrom[0m.[32m..[0m
  [90m1671 |[0m ... [33mLucideWeightTilde[0m, [36mdefault[0m [36mas[0m [33mWeightTilde[0m, [36mdefault[0m [36mas[0m [33mWeightTild...[0m
[31m[1m>[0m [90m1672 |[0m ... [33mLucideWeight[0m, [36mdefault[0m [36mas[0m [33mWeight[0m, [36mdefault[0m [36mas[0m [33mWeightIcon[0m } [36mfrom[0m [32m'....[0m
  [90m     |[0m    [31m[1m^^^^^^^^^^^^^^^^^^^^^^^^^^^^^^^^^^^^^^^^^^^^^^^^^^^^^^^^^^^^^^^^^^^^[0m
  [90m1673 |[0m ... [33mLucideWheatOff[0m, [36mdefault[0m [36mas[0m [33mWheatOff[0m, [36mdefault[0m [36mas[0m [33mWheatOffIcon[0m } [36mf...[0m
  [90m1674 |[0m ... [33mLucideWheat[0m, [36mdefault[0m [36mas[0m [33mWheat[0m, [36mdefault[0m [36mas[0m [33mWheatIcon[0m } [36mfrom[0m [32m'./ic...[0m
  [90m1675 |[0m ... [33mLucideWholeWord[0m, [36mdefault[0m [36mas[0m [33mWholeWord[0m, [36mdefault[0m [36mas[0m [33mWholeWordIcon[0m ..[36m.[0m



Import traces:
  Client Component Browser:
    ./.gemini/antigravity/scratch/teacher-tracking/node_modules/lucide-react/dist/esm/lucide-react.mjs [Client Component Browser]
    ./.gemini/antigravity/scratch/teacher-tracking/src/components/pages/DailyTasksPage.tsx [Client Component Browser]
    ./.gemini/antigravity/scratch/teacher-tracking/src/components/AppShell.tsx [Client Component Browser]
    ./.gemini/antigravity/scratch/teacher-tracking/src/app/page.tsx [Client Component Browser]
    ./.gemini/antigravity/scratch/teacher-tracking/src/app/page.tsx [Server Component]

  Client Component SSR:
    ./.gemini/antigravity/scratch/teacher-tracking/node_modules/lucide-react/dist/esm/lucide-react.mjs [Client Component SSR]
    ./.gemini/antigravity/scratch/teacher-tracking/src/components/pages/DailyTasksPage.tsx [Client Component SSR]
    ./.gemini/antigravity/scratch/teacher-tracking/src/components/AppShell.tsx [Client Component SSR]
    ./.gemini/antigravity/scratch/teacher-tracking/src/app/page.tsx [Client Component SSR]
    ./.gemini/antigravity/scratch/teacher-tracking/src/app/page.tsx [Server Component]

https://nextjs.org/docs/messages/module-not-found


./.gemini/antigravity/scratch/teacher-tracking/node_modules/lucide-react/dist/esm/lucide-react.mjs:1673:1
Module not found: Can't resolve './icons/wheat-off.mjs'
  [90m1671 |[0m ...[33mdeWeightTilde[0m, [36mdefault[0m [36mas[0m [33mWeightTilde[0m, [36mdefault[0m [36mas[0m [33mWeightTildeIcon[0m...
  [90m1672 |[0m ...[33mdeWeight[0m, [36mdefault[0m [36mas[0m [33mWeight[0m, [36mdefault[0m [36mas[0m [33mWeightIcon[0m } [36mfrom[0m [32m'./icon...[0m
[31m[1m>[0m [90m1673 |[0m ...[33mdeWheatOff[0m, [36mdefault[0m [36mas[0m [33mWheatOff[0m, [36mdefault[0m [36mas[0m [33mWheatOffIcon[0m } [36mfrom[0m [32m'...[0m
  [90m     |[0m    [31m[1m^^^^^^^^^^^^^^^^^^^^^^^^^^^^^^^^^^^^^^^^^^^^^^^^^^^^^^^^^^^^^^^^^^^^[0m
  [90m1674 |[0m ...[33mdeWheat[0m, [36mdefault[0m [36mas[0m [33mWheat[0m, [36mdefault[0m [36mas[0m [33mWheatIcon[0m } [36mfrom[0m [32m'./icons/w...[0m
  [90m1675 |[0m ...[33mdeWholeWord[0m, [36mdefault[0m [36mas[0m [33mWholeWord[0m, [36mdefault[0m [36mas[0m [33mWholeWordIcon[0m } [36mfro.[0m.[32m.[0m
  [90m1676 |[0m ...[33mdeWifiCog[0m, [36mdefault[0m [36mas[0m [33mWifiCog[0m, [36mdefault[0m [36mas[0m [33mWifiCogIcon[0m } [36mfrom[0m [32m'./i...[0m



Import traces:
  Client Component Browser:
    ./.gemini/antigravity/scratch/teacher-tracking/node_modules/lucide-react/dist/esm/lucide-react.mjs [Client Component Browser]
    ./.gemini/antigravity/scratch/teacher-tracking/src/components/pages/DailyTasksPage.tsx [Client Component Browser]
    ./.gemini/antigravity/scratch/teacher-tracking/src/components/AppShell.tsx [Client Component Browser]
    ./.gemini/antigravity/scratch/teacher-tracking/src/app/page.tsx [Client Component Browser]
    ./.gemini/antigravity/scratch/teacher-tracking/src/app/page.tsx [Server Component]

  Client Component SSR:
    ./.gemini/antigravity/scratch/teacher-tracking/node_modules/lucide-react/dist/esm/lucide-react.mjs [Client Component SSR]
    ./.gemini/antigravity/scratch/teacher-tracking/src/components/pages/DailyTasksPage.tsx [Client Component SSR]
    ./.gemini/antigravity/scratch/teacher-tracking/src/components/AppShell.tsx [Client Component SSR]
    ./.gemini/antigravity/scratch/teacher-tracking/src/app/page.tsx [Client Component SSR]
    ./.gemini/antigravity/scratch/teacher-tracking/src/app/page.tsx [Server Component]

https://nextjs.org/docs/messages/module-not-found


./.gemini/antigravity/scratch/teacher-tracking/node_modules/lucide-react/dist/esm/lucide-react.mjs:1674:1
Module not found: Can't resolve './icons/wheat.mjs'
  [90m1672 |[0m ...[36mas[0m [33mLucideWeight[0m, [36mdefault[0m [36mas[0m [33mWeight[0m, [36mdefault[0m [36mas[0m [33mWeightIcon[0m } [36mfrom[0m [32m...[0m
  [90m1673 |[0m ...[36mas[0m [33mLucideWheatOff[0m, [36mdefault[0m [36mas[0m [33mWheatOff[0m, [36mdefault[0m [36mas[0m [33mWheatOffIcon[0m }.[36m..[0m
[31m[1m>[0m [90m1674 |[0m ...[36mas[0m [33mLucideWheat[0m, [36mdefault[0m [36mas[0m [33mWheat[0m, [36mdefault[0m [36mas[0m [33mWheatIcon[0m } [36mfrom[0m [32m'./...[0m
  [90m     |[0m    [31m[1m^^^^^^^^^^^^^^^^^^^^^^^^^^^^^^^^^^^^^^^^^^^^^^^^^^^^^^^^^^^^^^^^^^^^[0m
  [90m1675 |[0m ...[36mas[0m [33mLucideWholeWord[0m, [36mdefault[0m [36mas[0m [33mWholeWord[0m, [36mdefault[0m [36mas[0m [33mWholeWordIco.[0m..
  [90m1676 |[0m ...[36mas[0m [33mLucideWifiCog[0m, [36mdefault[0m [36mas[0m [33mWifiCog[0m, [36mdefault[0m [36mas[0m [33mWifiCogIcon[0m } [36mfr..[0m.
  [90m1677 |[0m ...[36mas[0m [33mLucideWifiHigh[0m, [36mdefault[0m [36mas[0m [33mWifiHigh[0m, [36mdefault[0m [36mas[0m [33mWifiHighIcon[0m }.[36m..[0m



Import traces:
  Client Component Browser:
    ./.gemini/antigravity/scratch/teacher-tracking/node_modules/lucide-react/dist/esm/lucide-react.mjs [Client Component Browser]
    ./.gemini/antigravity/scratch/teacher-tracking/src/components/pages/DailyTasksPage.tsx [Client Component Browser]
    ./.gemini/antigravity/scratch/teacher-tracking/src/components/AppShell.tsx [Client Component Browser]
    ./.gemini/antigravity/scratch/teacher-tracking/src/app/page.tsx [Client Component Browser]
    ./.gemini/antigravity/scratch/teacher-tracking/src/app/page.tsx [Server Component]

  Client Component SSR:
    ./.gemini/antigravity/scratch/teacher-tracking/node_modules/lucide-react/dist/esm/lucide-react.mjs [Client Component SSR]
    ./.gemini/antigravity/scratch/teacher-tracking/src/components/pages/DailyTasksPage.tsx [Client Component SSR]
    ./.gemini/antigravity/scratch/teacher-tracking/src/components/AppShell.tsx [Client Component SSR]
    ./.gemini/antigravity/scratch/teacher-tracking/src/app/page.tsx [Client Component SSR]
    ./.gemini/antigravity/scratch/teacher-tracking/src/app/page.tsx [Server Component]

https://nextjs.org/docs/messages/module-not-found


./.gemini/antigravity/scratch/teacher-tracking/node_modules/lucide-react/dist/esm/lucide-react.mjs:1675:1
Module not found: Can't resolve './icons/whole-word.mjs'
  [90m1673 |[0m ...[33mWheatOff[0m, [36mdefault[0m [36mas[0m [33mWheatOff[0m, [36mdefault[0m [36mas[0m [33mWheatOffIcon[0m } [36mfrom[0m [32m'./...[0m
  [90m1674 |[0m ...[33mWheat[0m, [36mdefault[0m [36mas[0m [33mWheat[0m, [36mdefault[0m [36mas[0m [33mWheatIcon[0m } [36mfrom[0m [32m'./icons/whe...[0m
[31m[1m>[0m [90m1675 |[0m ...[33mWholeWord[0m, [36mdefault[0m [36mas[0m [33mWholeWord[0m, [36mdefault[0m [36mas[0m [33mWholeWordIcon[0m } [36mfrom[0m [32m...[0m
  [90m     |[0m    [31m[1m^^^^^^^^^^^^^^^^^^^^^^^^^^^^^^^^^^^^^^^^^^^^^^^^^^^^^^^^^^^^^^^^^^^^[0m
  [90m1676 |[0m ...[33mWifiCog[0m, [36mdefault[0m [36mas[0m [33mWifiCog[0m, [36mdefault[0m [36mas[0m [33mWifiCogIcon[0m } [36mfrom[0m [32m'./ico...[0m
  [90m1677 |[0m ...[33mWifiHigh[0m, [36mdefault[0m [36mas[0m [33mWifiHigh[0m, [36mdefault[0m [36mas[0m [33mWifiHighIcon[0m } [36mfrom[0m [32m'./...[0m
  [90m1678 |[0m ...[33mWifiLow[0m, [36mdefault[0m [36mas[0m [33mWifiLow[0m, [36mdefault[0m [36mas[0m [33mWifiLowIcon[0m } [36mfrom[0m [32m'./ico...[0m



Import traces:
  Client Component Browser:
    ./.gemini/antigravity/scratch/teacher-tracking/node_modules/lucide-react/dist/esm/lucide-react.mjs [Client Component Browser]
    ./.gemini/antigravity/scratch/teacher-tracking/src/components/pages/DailyTasksPage.tsx [Client Component Browser]
    ./.gemini/antigravity/scratch/teacher-tracking/src/components/AppShell.tsx [Client Component Browser]
    ./.gemini/antigravity/scratch/teacher-tracking/src/app/page.tsx [Client Component Browser]
    ./.gemini/antigravity/scratch/teacher-tracking/src/app/page.tsx [Server Component]

  Client Component SSR:
    ./.gemini/antigravity/scratch/teacher-tracking/node_modules/lucide-react/dist/esm/lucide-react.mjs [Client Component SSR]
    ./.gemini/antigravity/scratch/teacher-tracking/src/components/pages/DailyTasksPage.tsx [Client Component SSR]
    ./.gemini/antigravity/scratch/teacher-tracking/src/components/AppShell.tsx [Client Component SSR]
    ./.gemini/antigravity/scratch/teacher-tracking/src/app/page.tsx [Client Component SSR]
    ./.gemini/antigravity/scratch/teacher-tracking/src/app/page.tsx [Server Component]

https://nextjs.org/docs/messages/module-not-found


./.gemini/antigravity/scratch/teacher-tracking/node_modules/lucide-react/dist/esm/lucide-react.mjs:1676:1
Module not found: Can't resolve './icons/wifi-cog.mjs'
  [90m1674 |[0m ...[33mcideWheat[0m, [36mdefault[0m [36mas[0m [33mWheat[0m, [36mdefault[0m [36mas[0m [33mWheatIcon[0m } [36mfrom[0m [32m'./icons...[0m
  [90m1675 |[0m ...[33mcideWholeWord[0m, [36mdefault[0m [36mas[0m [33mWholeWord[0m, [36mdefault[0m [36mas[0m [33mWholeWordIcon[0m } [36mf...[0m
[31m[1m>[0m [90m1676 |[0m ...[33mcideWifiCog[0m, [36mdefault[0m [36mas[0m [33mWifiCog[0m, [36mdefault[0m [36mas[0m [33mWifiCogIcon[0m } [36mfrom[0m [32m'....[0m
  [90m     |[0m    [31m[1m^^^^^^^^^^^^^^^^^^^^^^^^^^^^^^^^^^^^^^^^^^^^^^^^^^^^^^^^^^^^^^^^^^^^[0m
  [90m1677 |[0m ...[33mcideWifiHigh[0m, [36mdefault[0m [36mas[0m [33mWifiHigh[0m, [36mdefault[0m [36mas[0m [33mWifiHighIcon[0m } [36mfrom[0m.[32m..[0m
  [90m1678 |[0m ...[33mcideWifiLow[0m, [36mdefault[0m [36mas[0m [33mWifiLow[0m, [36mdefault[0m [36mas[0m [33mWifiLowIcon[0m } [36mfrom[0m [32m'....[0m
  [90m1679 |[0m ...[33mcideWifiOff[0m, [36mdefault[0m [36mas[0m [33mWifiOff[0m, [36mdefault[0m [36mas[0m [33mWifiOffIcon[0m } [36mfrom[0m [32m'....[0m



Import traces:
  Client Component Browser:
    ./.gemini/antigravity/scratch/teacher-tracking/node_modules/lucide-react/dist/esm/lucide-react.mjs [Client Component Browser]
    ./.gemini/antigravity/scratch/teacher-tracking/src/components/pages/DailyTasksPage.tsx [Client Component Browser]
    ./.gemini/antigravity/scratch/teacher-tracking/src/components/AppShell.tsx [Client Component Browser]
    ./.gemini/antigravity/scratch/teacher-tracking/src/app/page.tsx [Client Component Browser]
    ./.gemini/antigravity/scratch/teacher-tracking/src/app/page.tsx [Server Component]

  Client Component SSR:
    ./.gemini/antigravity/scratch/teacher-tracking/node_modules/lucide-react/dist/esm/lucide-react.mjs [Client Component SSR]
    ./.gemini/antigravity/scratch/teacher-tracking/src/components/pages/DailyTasksPage.tsx [Client Component SSR]
    ./.gemini/antigravity/scratch/teacher-tracking/src/components/AppShell.tsx [Client Component SSR]
    ./.gemini/antigravity/scratch/teacher-tracking/src/app/page.tsx [Client Component SSR]
    ./.gemini/antigravity/scratch/teacher-tracking/src/app/page.tsx [Server Component]

https://nextjs.org/docs/messages/module-not-found


./.gemini/antigravity/scratch/teacher-tracking/node_modules/lucide-react/dist/esm/lucide-react.mjs:1677:1
Module not found: Can't resolve './icons/wifi-high.mjs'
  [90m1675 |[0m ...[33mdeWholeWord[0m, [36mdefault[0m [36mas[0m [33mWholeWord[0m, [36mdefault[0m [36mas[0m [33mWholeWordIcon[0m } [36mfro.[0m.[32m.[0m
  [90m1676 |[0m ...[33mdeWifiCog[0m, [36mdefault[0m [36mas[0m [33mWifiCog[0m, [36mdefault[0m [36mas[0m [33mWifiCogIcon[0m } [36mfrom[0m [32m'./i...[0m
[31m[1m>[0m [90m1677 |[0m ...[33mdeWifiHigh[0m, [36mdefault[0m [36mas[0m [33mWifiHigh[0m, [36mdefault[0m [36mas[0m [33mWifiHighIcon[0m } [36mfrom[0m [32m'...[0m
  [90m     |[0m    [31m[1m^^^^^^^^^^^^^^^^^^^^^^^^^^^^^^^^^^^^^^^^^^^^^^^^^^^^^^^^^^^^^^^^^^^^[0m
  [90m1678 |[0m ...[33mdeWifiLow[0m, [36mdefault[0m [36mas[0m [33mWifiLow[0m, [36mdefault[0m [36mas[0m [33mWifiLowIcon[0m } [36mfrom[0m [32m'./i...[0m
  [90m1679 |[0m ...[33mdeWifiOff[0m, [36mdefault[0m [36mas[0m [33mWifiOff[0m, [36mdefault[0m [36mas[0m [33mWifiOffIcon[0m } [36mfrom[0m [32m'./i...[0m
  [90m1680 |[0m ...[33mdeWifiPen[0m, [36mdefault[0m [36mas[0m [33mWifiPen[0m, [36mdefault[0m [36mas[0m [33mWifiPenIcon[0m } [36mfrom[0m [32m'./i...[0m



Import traces:
  Client Component Browser:
    ./.gemini/antigravity/scratch/teacher-tracking/node_modules/lucide-react/dist/esm/lucide-react.mjs [Client Component Browser]
    ./.gemini/antigravity/scratch/teacher-tracking/src/components/pages/DailyTasksPage.tsx [Client Component Browser]
    ./.gemini/antigravity/scratch/teacher-tracking/src/components/AppShell.tsx [Client Component Browser]
    ./.gemini/antigravity/scratch/teacher-tracking/src/app/page.tsx [Client Component Browser]
    ./.gemini/antigravity/scratch/teacher-tracking/src/app/page.tsx [Server Component]

  Client Component SSR:
    ./.gemini/antigravity/scratch/teacher-tracking/node_modules/lucide-react/dist/esm/lucide-react.mjs [Client Component SSR]
    ./.gemini/antigravity/scratch/teacher-tracking/src/components/pages/DailyTasksPage.tsx [Client Component SSR]
    ./.gemini/antigravity/scratch/teacher-tracking/src/components/AppShell.tsx [Client Component SSR]
    ./.gemini/antigravity/scratch/teacher-tracking/src/app/page.tsx [Client Component SSR]
    ./.gemini/antigravity/scratch/teacher-tracking/src/app/page.tsx [Server Component]

https://nextjs.org/docs/messages/module-not-found


./.gemini/antigravity/scratch/teacher-tracking/node_modules/lucide-react/dist/esm/lucide-react.mjs:1678:1
Module not found: Can't resolve './icons/wifi-low.mjs'
  [90m1676 |[0m ...[33mcideWifiCog[0m, [36mdefault[0m [36mas[0m [33mWifiCog[0m, [36mdefault[0m [36mas[0m [33mWifiCogIcon[0m } [36mfrom[0m [32m'....[0m
  [90m1677 |[0m ...[33mcideWifiHigh[0m, [36mdefault[0m [36mas[0m [33mWifiHigh[0m, [36mdefault[0m [36mas[0m [33mWifiHighIcon[0m } [36mfrom[0m.[32m..[0m
[31m[1m>[0m [90m1678 |[0m ...[33mcideWifiLow[0m, [36mdefault[0m [36mas[0m [33mWifiLow[0m, [36mdefault[0m [36mas[0m [33mWifiLowIcon[0m } [36mfrom[0m [32m'....[0m
  [90m     |[0m    [31m[1m^^^^^^^^^^^^^^^^^^^^^^^^^^^^^^^^^^^^^^^^^^^^^^^^^^^^^^^^^^^^^^^^^^^^[0m
  [90m1679 |[0m ...[33mcideWifiOff[0m, [36mdefault[0m [36mas[0m [33mWifiOff[0m, [36mdefault[0m [36mas[0m [33mWifiOffIcon[0m } [36mfrom[0m [32m'....[0m
  [90m1680 |[0m ...[33mcideWifiPen[0m, [36mdefault[0m [36mas[0m [33mWifiPen[0m, [36mdefault[0m [36mas[0m [33mWifiPenIcon[0m } [36mfrom[0m [32m'....[0m
  [90m1681 |[0m ...[33mcideWifiSync[0m, [36mdefault[0m [36mas[0m [33mWifiSync[0m, [36mdefault[0m [36mas[0m [33mWifiSyncIcon[0m } [36mfrom[0m.[32m..[0m



Import traces:
  Client Component Browser:
    ./.gemini/antigravity/scratch/teacher-tracking/node_modules/lucide-react/dist/esm/lucide-react.mjs [Client Component Browser]
    ./.gemini/antigravity/scratch/teacher-tracking/src/components/pages/DailyTasksPage.tsx [Client Component Browser]
    ./.gemini/antigravity/scratch/teacher-tracking/src/components/AppShell.tsx [Client Component Browser]
    ./.gemini/antigravity/scratch/teacher-tracking/src/app/page.tsx [Client Component Browser]
    ./.gemini/antigravity/scratch/teacher-tracking/src/app/page.tsx [Server Component]

  Client Component SSR:
    ./.gemini/antigravity/scratch/teacher-tracking/node_modules/lucide-react/dist/esm/lucide-react.mjs [Client Component SSR]
    ./.gemini/antigravity/scratch/teacher-tracking/src/components/pages/DailyTasksPage.tsx [Client Component SSR]
    ./.gemini/antigravity/scratch/teacher-tracking/src/components/AppShell.tsx [Client Component SSR]
    ./.gemini/antigravity/scratch/teacher-tracking/src/app/page.tsx [Client Component SSR]
    ./.gemini/antigravity/scratch/teacher-tracking/src/app/page.tsx [Server Component]

https://nextjs.org/docs/messages/module-not-found


./.gemini/antigravity/scratch/teacher-tracking/node_modules/lucide-react/dist/esm/lucide-react.mjs:1679:1
Module not found: Can't resolve './icons/wifi-off.mjs'
  [90m1677 |[0m ...[33mcideWifiHigh[0m, [36mdefault[0m [36mas[0m [33mWifiHigh[0m, [36mdefault[0m [36mas[0m [33mWifiHighIcon[0m } [36mfrom[0m.[32m..[0m
  [90m1678 |[0m ...[33mcideWifiLow[0m, [36mdefault[0m [36mas[0m [33mWifiLow[0m, [36mdefault[0m [36mas[0m [33mWifiLowIcon[0m } [36mfrom[0m [32m'....[0m
[31m[1m>[0m [90m1679 |[0m ...[33mcideWifiOff[0m, [36mdefault[0m [36mas[0m [33mWifiOff[0m, [36mdefault[0m [36mas[0m [33mWifiOffIcon[0m } [36mfrom[0m [32m'....[0m
  [90m     |[0m    [31m[1m^^^^^^^^^^^^^^^^^^^^^^^^^^^^^^^^^^^^^^^^^^^^^^^^^^^^^^^^^^^^^^^^^^^^[0m
  [90m1680 |[0m ...[33mcideWifiPen[0m, [36mdefault[0m [36mas[0m [33mWifiPen[0m, [36mdefault[0m [36mas[0m [33mWifiPenIcon[0m } [36mfrom[0m [32m'....[0m
  [90m1681 |[0m ...[33mcideWifiSync[0m, [36mdefault[0m [36mas[0m [33mWifiSync[0m, [36mdefault[0m [36mas[0m [33mWifiSyncIcon[0m } [36mfrom[0m.[32m..[0m
  [90m1682 |[0m ...[33mcideWifiZero[0m, [36mdefault[0m [36mas[0m [33mWifiZero[0m, [36mdefault[0m [36mas[0m [33mWifiZeroIcon[0m } [36mfrom[0m.[32m..[0m



Import traces:
  Client Component Browser:
    ./.gemini/antigravity/scratch/teacher-tracking/node_modules/lucide-react/dist/esm/lucide-react.mjs [Client Component Browser]
    ./.gemini/antigravity/scratch/teacher-tracking/src/components/pages/DailyTasksPage.tsx [Client Component Browser]
    ./.gemini/antigravity/scratch/teacher-tracking/src/components/AppShell.tsx [Client Component Browser]
    ./.gemini/antigravity/scratch/teacher-tracking/src/app/page.tsx [Client Component Browser]
    ./.gemini/antigravity/scratch/teacher-tracking/src/app/page.tsx [Server Component]

  Client Component SSR:
    ./.gemini/antigravity/scratch/teacher-tracking/node_modules/lucide-react/dist/esm/lucide-react.mjs [Client Component SSR]
    ./.gemini/antigravity/scratch/teacher-tracking/src/components/pages/DailyTasksPage.tsx [Client Component SSR]
    ./.gemini/antigravity/scratch/teacher-tracking/src/components/AppShell.tsx [Client Component SSR]
    ./.gemini/antigravity/scratch/teacher-tracking/src/app/page.tsx [Client Component SSR]
    ./.gemini/antigravity/scratch/teacher-tracking/src/app/page.tsx [Server Component]

https://nextjs.org/docs/messages/module-not-found


./.gemini/antigravity/scratch/teacher-tracking/node_modules/lucide-react/dist/esm/lucide-react.mjs:1680:1
Module not found: Can't resolve './icons/wifi-pen.mjs'
  [90m1678 |[0m ...[33mcideWifiLow[0m, [36mdefault[0m [36mas[0m [33mWifiLow[0m, [36mdefault[0m [36mas[0m [33mWifiLowIcon[0m } [36mfrom[0m [32m'....[0m
  [90m1679 |[0m ...[33mcideWifiOff[0m, [36mdefault[0m [36mas[0m [33mWifiOff[0m, [36mdefault[0m [36mas[0m [33mWifiOffIcon[0m } [36mfrom[0m [32m'....[0m
[31m[1m>[0m [90m1680 |[0m ...[33mcideWifiPen[0m, [36mdefault[0m [36mas[0m [33mWifiPen[0m, [36mdefault[0m [36mas[0m [33mWifiPenIcon[0m } [36mfrom[0m [32m'....[0m
  [90m     |[0m    [31m[1m^^^^^^^^^^^^^^^^^^^^^^^^^^^^^^^^^^^^^^^^^^^^^^^^^^^^^^^^^^^^^^^^^^^^[0m
  [90m1681 |[0m ...[33mcideWifiSync[0m, [36mdefault[0m [36mas[0m [33mWifiSync[0m, [36mdefault[0m [36mas[0m [33mWifiSyncIcon[0m } [36mfrom[0m.[32m..[0m
  [90m1682 |[0m ...[33mcideWifiZero[0m, [36mdefault[0m [36mas[0m [33mWifiZero[0m, [36mdefault[0m [36mas[0m [33mWifiZeroIcon[0m } [36mfrom[0m.[32m..[0m
  [90m1683 |[0m ...[33mcideWindArrowDown[0m, [36mdefault[0m [36mas[0m [33mWindArrowDown[0m, [36mdefault[0m [36mas[0m [33mWindArrow...[0m



Import traces:
  Client Component Browser:
    ./.gemini/antigravity/scratch/teacher-tracking/node_modules/lucide-react/dist/esm/lucide-react.mjs [Client Component Browser]
    ./.gemini/antigravity/scratch/teacher-tracking/src/components/pages/DailyTasksPage.tsx [Client Component Browser]
    ./.gemini/antigravity/scratch/teacher-tracking/src/components/AppShell.tsx [Client Component Browser]
    ./.gemini/antigravity/scratch/teacher-tracking/src/app/page.tsx [Client Component Browser]
    ./.gemini/antigravity/scratch/teacher-tracking/src/app/page.tsx [Server Component]

  Client Component SSR:
    ./.gemini/antigravity/scratch/teacher-tracking/node_modules/lucide-react/dist/esm/lucide-react.mjs [Client Component SSR]
    ./.gemini/antigravity/scratch/teacher-tracking/src/components/pages/DailyTasksPage.tsx [Client Component SSR]
    ./.gemini/antigravity/scratch/teacher-tracking/src/components/AppShell.tsx [Client Component SSR]
    ./.gemini/antigravity/scratch/teacher-tracking/src/app/page.tsx [Client Component SSR]
    ./.gemini/antigravity/scratch/teacher-tracking/src/app/page.tsx [Server Component]

https://nextjs.org/docs/messages/module-not-found


./.gemini/antigravity/scratch/teacher-tracking/node_modules/lucide-react/dist/esm/lucide-react.mjs:1681:1
Module not found: Can't resolve './icons/wifi-sync.mjs'
  [90m1679 |[0m ...[33mdeWifiOff[0m, [36mdefault[0m [36mas[0m [33mWifiOff[0m, [36mdefault[0m [36mas[0m [33mWifiOffIcon[0m } [36mfrom[0m [32m'./i...[0m
  [90m1680 |[0m ...[33mdeWifiPen[0m, [36mdefault[0m [36mas[0m [33mWifiPen[0m, [36mdefault[0m [36mas[0m [33mWifiPenIcon[0m } [36mfrom[0m [32m'./i...[0m
[31m[1m>[0m [90m1681 |[0m ...[33mdeWifiSync[0m, [36mdefault[0m [36mas[0m [33mWifiSync[0m, [36mdefault[0m [36mas[0m [33mWifiSyncIcon[0m } [36mfrom[0m [32m'...[0m
  [90m     |[0m    [31m[1m^^^^^^^^^^^^^^^^^^^^^^^^^^^^^^^^^^^^^^^^^^^^^^^^^^^^^^^^^^^^^^^^^^^^[0m
  [90m1682 |[0m ...[33mdeWifiZero[0m, [36mdefault[0m [36mas[0m [33mWifiZero[0m, [36mdefault[0m [36mas[0m [33mWifiZeroIcon[0m } [36mfrom[0m [32m'...[0m
  [90m1683 |[0m ...[33mdeWindArrowDown[0m, [36mdefault[0m [36mas[0m [33mWindArrowDown[0m, [36mdefault[0m [36mas[0m [33mWindArrowDo...[0m
  [90m1684 |[0m ...[33mdeWifi[0m, [36mdefault[0m [36mas[0m [33mWifi[0m, [36mdefault[0m [36mas[0m [33mWifiIcon[0m } [36mfrom[0m [32m'./icons/wifi...[0m



Import traces:
  Client Component Browser:
    ./.gemini/antigravity/scratch/teacher-tracking/node_modules/lucide-react/dist/esm/lucide-react.mjs [Client Component Browser]
    ./.gemini/antigravity/scratch/teacher-tracking/src/components/pages/DailyTasksPage.tsx [Client Component Browser]
    ./.gemini/antigravity/scratch/teacher-tracking/src/components/AppShell.tsx [Client Component Browser]
    ./.gemini/antigravity/scratch/teacher-tracking/src/app/page.tsx [Client Component Browser]
    ./.gemini/antigravity/scratch/teacher-tracking/src/app/page.tsx [Server Component]

  Client Component SSR:
    ./.gemini/antigravity/scratch/teacher-tracking/node_modules/lucide-react/dist/esm/lucide-react.mjs [Client Component SSR]
    ./.gemini/antigravity/scratch/teacher-tracking/src/components/pages/DailyTasksPage.tsx [Client Component SSR]
    ./.gemini/antigravity/scratch/teacher-tracking/src/components/AppShell.tsx [Client Component SSR]
    ./.gemini/antigravity/scratch/teacher-tracking/src/app/page.tsx [Client Component SSR]
    ./.gemini/antigravity/scratch/teacher-tracking/src/app/page.tsx [Server Component]

https://nextjs.org/docs/messages/module-not-found


./.gemini/antigravity/scratch/teacher-tracking/node_modules/lucide-react/dist/esm/lucide-react.mjs:1682:1
Module not found: Can't resolve './icons/wifi-zero.mjs'
  [90m1680 |[0m ...[33mdeWifiPen[0m, [36mdefault[0m [36mas[0m [33mWifiPen[0m, [36mdefault[0m [36mas[0m [33mWifiPenIcon[0m } [36mfrom[0m [32m'./i...[0m
  [90m1681 |[0m ...[33mdeWifiSync[0m, [36mdefault[0m [36mas[0m [33mWifiSync[0m, [36mdefault[0m [36mas[0m [33mWifiSyncIcon[0m } [36mfrom[0m [32m'...[0m
[31m[1m>[0m [90m1682 |[0m ...[33mdeWifiZero[0m, [36mdefault[0m [36mas[0m [33mWifiZero[0m, [36mdefault[0m [36mas[0m [33mWifiZeroIcon[0m } [36mfrom[0m [32m'...[0m
  [90m     |[0m    [31m[1m^^^^^^^^^^^^^^^^^^^^^^^^^^^^^^^^^^^^^^^^^^^^^^^^^^^^^^^^^^^^^^^^^^^^[0m
  [90m1683 |[0m ...[33mdeWindArrowDown[0m, [36mdefault[0m [36mas[0m [33mWindArrowDown[0m, [36mdefault[0m [36mas[0m [33mWindArrowDo...[0m
  [90m1684 |[0m ...[33mdeWifi[0m, [36mdefault[0m [36mas[0m [33mWifi[0m, [36mdefault[0m [36mas[0m [33mWifiIcon[0m } [36mfrom[0m [32m'./icons/wifi...[0m
  [90m1685 |[0m ...[33mdeWind[0m, [36mdefault[0m [36mas[0m [33mWind[0m, [36mdefault[0m [36mas[0m [33mWindIcon[0m } [36mfrom[0m [32m'./icons/wind...[0m



Import traces:
  Client Component Browser:
    ./.gemini/antigravity/scratch/teacher-tracking/node_modules/lucide-react/dist/esm/lucide-react.mjs [Client Component Browser]
    ./.gemini/antigravity/scratch/teacher-tracking/src/components/pages/DailyTasksPage.tsx [Client Component Browser]
    ./.gemini/antigravity/scratch/teacher-tracking/src/components/AppShell.tsx [Client Component Browser]
    ./.gemini/antigravity/scratch/teacher-tracking/src/app/page.tsx [Client Component Browser]
    ./.gemini/antigravity/scratch/teacher-tracking/src/app/page.tsx [Server Component]

  Client Component SSR:
    ./.gemini/antigravity/scratch/teacher-tracking/node_modules/lucide-react/dist/esm/lucide-react.mjs [Client Component SSR]
    ./.gemini/antigravity/scratch/teacher-tracking/src/components/pages/DailyTasksPage.tsx [Client Component SSR]
    ./.gemini/antigravity/scratch/teacher-tracking/src/components/AppShell.tsx [Client Component SSR]
    ./.gemini/antigravity/scratch/teacher-tracking/src/app/page.tsx [Client Component SSR]
    ./.gemini/antigravity/scratch/teacher-tracking/src/app/page.tsx [Server Component]

https://nextjs.org/docs/messages/module-not-found


./.gemini/antigravity/scratch/teacher-tracking/node_modules/lucide-react/dist/esm/lucide-react.mjs:1684:1
Module not found: Can't resolve './icons/wifi.mjs'
  [90m1682 |[0m ...[36mt[0m [36mas[0m [33mLucideWifiZero[0m, [36mdefault[0m [36mas[0m [33mWifiZero[0m, [36mdefault[0m [36mas[0m [33mWifiZeroIcon[0m...
  [90m1683 |[0m ...[36mt[0m [36mas[0m [33mLucideWindArrowDown[0m, [36mdefault[0m [36mas[0m [33mWindArrowDown[0m, [36mdefault[0m [36mas[0m [33mWi...[0m
[31m[1m>[0m [90m1684 |[0m ...[36mt[0m [36mas[0m [33mLucideWifi[0m, [36mdefault[0m [36mas[0m [33mWifi[0m, [36mdefault[0m [36mas[0m [33mWifiIcon[0m } [36mfrom[0m [32m'./i...[0m
  [90m     |[0m    [31m[1m^^^^^^^^^^^^^^^^^^^^^^^^^^^^^^^^^^^^^^^^^^^^^^^^^^^^^^^^^^^^^^^^^^^^[0m
  [90m1685 |[0m ...[36mt[0m [36mas[0m [33mLucideWind[0m, [36mdefault[0m [36mas[0m [33mWind[0m, [36mdefault[0m [36mas[0m [33mWindIcon[0m } [36mfrom[0m [32m'./i...[0m
  [90m1686 |[0m ...[36mt[0m [36mas[0m [33mLucideWineOff[0m, [36mdefault[0m [36mas[0m [33mWineOff[0m, [36mdefault[0m [36mas[0m [33mWineOffIcon[0m } [36m...[0m
  [90m1687 |[0m ...[36mt[0m [36mas[0m [33mLucideWine[0m, [36mdefault[0m [36mas[0m [33mWine[0m, [36mdefault[0m [36mas[0m [33mWineIcon[0m } [36mfrom[0m [32m'./i...[0m



Import traces:
  Client Component Browser:
    ./.gemini/antigravity/scratch/teacher-tracking/node_modules/lucide-react/dist/esm/lucide-react.mjs [Client Component Browser]
    ./.gemini/antigravity/scratch/teacher-tracking/src/components/pages/DailyTasksPage.tsx [Client Component Browser]
    ./.gemini/antigravity/scratch/teacher-tracking/src/components/AppShell.tsx [Client Component Browser]
    ./.gemini/antigravity/scratch/teacher-tracking/src/app/page.tsx [Client Component Browser]
    ./.gemini/antigravity/scratch/teacher-tracking/src/app/page.tsx [Server Component]

  Client Component SSR:
    ./.gemini/antigravity/scratch/teacher-tracking/node_modules/lucide-react/dist/esm/lucide-react.mjs [Client Component SSR]
    ./.gemini/antigravity/scratch/teacher-tracking/src/components/pages/DailyTasksPage.tsx [Client Component SSR]
    ./.gemini/antigravity/scratch/teacher-tracking/src/components/AppShell.tsx [Client Component SSR]
    ./.gemini/antigravity/scratch/teacher-tracking/src/app/page.tsx [Client Component SSR]
    ./.gemini/antigravity/scratch/teacher-tracking/src/app/page.tsx [Server Component]

https://nextjs.org/docs/messages/module-not-found


./.gemini/antigravity/scratch/teacher-tracking/node_modules/lucide-react/dist/esm/lucide-react.mjs:1683:1
Module not found: Can't resolve './icons/wind-arrow-down.mjs'
  [90m1681 |[0m ..., [36mdefault[0m [36mas[0m [33mWifiSync[0m, [36mdefault[0m [36mas[0m [33mWifiSyncIcon[0m } [36mfrom[0m [32m'./icons/wi...[0m
  [90m1682 |[0m ..., [36mdefault[0m [36mas[0m [33mWifiZero[0m, [36mdefault[0m [36mas[0m [33mWifiZeroIcon[0m } [36mfrom[0m [32m'./icons/wi...[0m
[31m[1m>[0m [90m1683 |[0m ...[33mwDown[0m, [36mdefault[0m [36mas[0m [33mWindArrowDown[0m, [36mdefault[0m [36mas[0m [33mWindArrowDownIcon[0m } [36mf...[0m
  [90m     |[0m    [31m[1m^^^^^^^^^^^^^^^^^^^^^^^^^^^^^^^^^^^^^^^^^^^^^^^^^^^^^^^^^^^^^^^^^^^^[0m
  [90m1684 |[0m ...[36mfault[0m [36mas[0m [33mWifi[0m, [36mdefault[0m [36mas[0m [33mWifiIcon[0m } [36mfrom[0m [32m'./icons/wifi.mjs'[0m;
  [90m1685 |[0m ...[36mfault[0m [36mas[0m [33mWind[0m, [36mdefault[0m [36mas[0m [33mWindIcon[0m } [36mfrom[0m [32m'./icons/wind.mjs'[0m;
  [90m1686 |[0m ... [36mdefault[0m [36mas[0m [33mWineOff[0m, [36mdefault[0m [36mas[0m [33mWineOffIcon[0m } [36mfrom[0m [32m'./icons/wine-...[0m



Import traces:
  Client Component Browser:
    ./.gemini/antigravity/scratch/teacher-tracking/node_modules/lucide-react/dist/esm/lucide-react.mjs [Client Component Browser]
    ./.gemini/antigravity/scratch/teacher-tracking/src/components/pages/DailyTasksPage.tsx [Client Component Browser]
    ./.gemini/antigravity/scratch/teacher-tracking/src/components/AppShell.tsx [Client Component Browser]
    ./.gemini/antigravity/scratch/teacher-tracking/src/app/page.tsx [Client Component Browser]
    ./.gemini/antigravity/scratch/teacher-tracking/src/app/page.tsx [Server Component]

  Client Component SSR:
    ./.gemini/antigravity/scratch/teacher-tracking/node_modules/lucide-react/dist/esm/lucide-react.mjs [Client Component SSR]
    ./.gemini/antigravity/scratch/teacher-tracking/src/components/pages/DailyTasksPage.tsx [Client Component SSR]
    ./.gemini/antigravity/scratch/teacher-tracking/src/components/AppShell.tsx [Client Component SSR]
    ./.gemini/antigravity/scratch/teacher-tracking/src/app/page.tsx [Client Component SSR]
    ./.gemini/antigravity/scratch/teacher-tracking/src/app/page.tsx [Server Component]

https://nextjs.org/docs/messages/module-not-found


./.gemini/antigravity/scratch/teacher-tracking/node_modules/lucide-react/dist/esm/lucide-react.mjs:1685:1
Module not found: Can't resolve './icons/wind.mjs'
  [90m1683 |[0m ...[36mt[0m [36mas[0m [33mLucideWindArrowDown[0m, [36mdefault[0m [36mas[0m [33mWindArrowDown[0m, [36mdefault[0m [36mas[0m [33mWi...[0m
  [90m1684 |[0m ...[36mt[0m [36mas[0m [33mLucideWifi[0m, [36mdefault[0m [36mas[0m [33mWifi[0m, [36mdefault[0m [36mas[0m [33mWifiIcon[0m } [36mfrom[0m [32m'./i...[0m
[31m[1m>[0m [90m1685 |[0m ...[36mt[0m [36mas[0m [33mLucideWind[0m, [36mdefault[0m [36mas[0m [33mWind[0m, [36mdefault[0m [36mas[0m [33mWindIcon[0m } [36mfrom[0m [32m'./i...[0m
  [90m     |[0m    [31m[1m^^^^^^^^^^^^^^^^^^^^^^^^^^^^^^^^^^^^^^^^^^^^^^^^^^^^^^^^^^^^^^^^^^^^[0m
  [90m1686 |[0m ...[36mt[0m [36mas[0m [33mLucideWineOff[0m, [36mdefault[0m [36mas[0m [33mWineOff[0m, [36mdefault[0m [36mas[0m [33mWineOffIcon[0m } [36m...[0m
  [90m1687 |[0m ...[36mt[0m [36mas[0m [33mLucideWine[0m, [36mdefault[0m [36mas[0m [33mWine[0m, [36mdefault[0m [36mas[0m [33mWineIcon[0m } [36mfrom[0m [32m'./i...[0m
  [90m1688 |[0m ...[36mt[0m [36mas[0m [33mLucideWorkflow[0m, [36mdefault[0m [36mas[0m [33mWorkflow[0m, [36mdefault[0m [36mas[0m [33mWorkflowIcon[0m...



Import traces:
  Client Component Browser:
    ./.gemini/antigravity/scratch/teacher-tracking/node_modules/lucide-react/dist/esm/lucide-react.mjs [Client Component Browser]
    ./.gemini/antigravity/scratch/teacher-tracking/src/components/pages/DailyTasksPage.tsx [Client Component Browser]
    ./.gemini/antigravity/scratch/teacher-tracking/src/components/AppShell.tsx [Client Component Browser]
    ./.gemini/antigravity/scratch/teacher-tracking/src/app/page.tsx [Client Component Browser]
    ./.gemini/antigravity/scratch/teacher-tracking/src/app/page.tsx [Server Component]

  Client Component SSR:
    ./.gemini/antigravity/scratch/teacher-tracking/node_modules/lucide-react/dist/esm/lucide-react.mjs [Client Component SSR]
    ./.gemini/antigravity/scratch/teacher-tracking/src/components/pages/DailyTasksPage.tsx [Client Component SSR]
    ./.gemini/antigravity/scratch/teacher-tracking/src/components/AppShell.tsx [Client Component SSR]
    ./.gemini/antigravity/scratch/teacher-tracking/src/app/page.tsx [Client Component SSR]
    ./.gemini/antigravity/scratch/teacher-tracking/src/app/page.tsx [Server Component]

https://nextjs.org/docs/messages/module-not-found


./.gemini/antigravity/scratch/teacher-tracking/node_modules/lucide-react/dist/esm/lucide-react.mjs:1686:1
Module not found: Can't resolve './icons/wine-off.mjs'
  [90m1684 |[0m ...[33mcideWifi[0m, [36mdefault[0m [36mas[0m [33mWifi[0m, [36mdefault[0m [36mas[0m [33mWifiIcon[0m } [36mfrom[0m [32m'./icons/wi...[0m
  [90m1685 |[0m ...[33mcideWind[0m, [36mdefault[0m [36mas[0m [33mWind[0m, [36mdefault[0m [36mas[0m [33mWindIcon[0m } [36mfrom[0m [32m'./icons/wi...[0m
[31m[1m>[0m [90m1686 |[0m ...[33mcideWineOff[0m, [36mdefault[0m [36mas[0m [33mWineOff[0m, [36mdefault[0m [36mas[0m [33mWineOffIcon[0m } [36mfrom[0m [32m'....[0m
  [90m     |[0m    [31m[1m^^^^^^^^^^^^^^^^^^^^^^^^^^^^^^^^^^^^^^^^^^^^^^^^^^^^^^^^^^^^^^^^^^^^[0m
  [90m1687 |[0m ...[33mcideWine[0m, [36mdefault[0m [36mas[0m [33mWine[0m, [36mdefault[0m [36mas[0m [33mWineIcon[0m } [36mfrom[0m [32m'./icons/wi...[0m
  [90m1688 |[0m ...[33mcideWorkflow[0m, [36mdefault[0m [36mas[0m [33mWorkflow[0m, [36mdefault[0m [36mas[0m [33mWorkflowIcon[0m } [36mfrom[0m.[32m..[0m
  [90m1689 |[0m ...[33mcideWrench[0m, [36mdefault[0m [36mas[0m [33mWrench[0m, [36mdefault[0m [36mas[0m [33mWrenchIcon[0m } [36mfrom[0m [32m'./ic...[0m



Import traces:
  Client Component Browser:
    ./.gemini/antigravity/scratch/teacher-tracking/node_modules/lucide-react/dist/esm/lucide-react.mjs [Client Component Browser]
    ./.gemini/antigravity/scratch/teacher-tracking/src/components/pages/DailyTasksPage.tsx [Client Component Browser]
    ./.gemini/antigravity/scratch/teacher-tracking/src/components/AppShell.tsx [Client Component Browser]
    ./.gemini/antigravity/scratch/teacher-tracking/src/app/page.tsx [Client Component Browser]
    ./.gemini/antigravity/scratch/teacher-tracking/src/app/page.tsx [Server Component]

  Client Component SSR:
    ./.gemini/antigravity/scratch/teacher-tracking/node_modules/lucide-react/dist/esm/lucide-react.mjs [Client Component SSR]
    ./.gemini/antigravity/scratch/teacher-tracking/src/components/pages/DailyTasksPage.tsx [Client Component SSR]
    ./.gemini/antigravity/scratch/teacher-tracking/src/components/AppShell.tsx [Client Component SSR]
    ./.gemini/antigravity/scratch/teacher-tracking/src/app/page.tsx [Client Component SSR]
    ./.gemini/antigravity/scratch/teacher-tracking/src/app/page.tsx [Server Component]

https://nextjs.org/docs/messages/module-not-found


./.gemini/antigravity/scratch/teacher-tracking/node_modules/lucide-react/dist/esm/lucide-react.mjs:1687:1
Module not found: Can't resolve './icons/wine.mjs'
  [90m1685 |[0m ...[36mt[0m [36mas[0m [33mLucideWind[0m, [36mdefault[0m [36mas[0m [33mWind[0m, [36mdefault[0m [36mas[0m [33mWindIcon[0m } [36mfrom[0m [32m'./i...[0m
  [90m1686 |[0m ...[36mt[0m [36mas[0m [33mLucideWineOff[0m, [36mdefault[0m [36mas[0m [33mWineOff[0m, [36mdefault[0m [36mas[0m [33mWineOffIcon[0m } [36m...[0m
[31m[1m>[0m [90m1687 |[0m ...[36mt[0m [36mas[0m [33mLucideWine[0m, [36mdefault[0m [36mas[0m [33mWine[0m, [36mdefault[0m [36mas[0m [33mWineIcon[0m } [36mfrom[0m [32m'./i...[0m
  [90m     |[0m    [31m[1m^^^^^^^^^^^^^^^^^^^^^^^^^^^^^^^^^^^^^^^^^^^^^^^^^^^^^^^^^^^^^^^^^^^^[0m
  [90m1688 |[0m ...[36mt[0m [36mas[0m [33mLucideWorkflow[0m, [36mdefault[0m [36mas[0m [33mWorkflow[0m, [36mdefault[0m [36mas[0m [33mWorkflowIcon[0m...
  [90m1689 |[0m ...[36mt[0m [36mas[0m [33mLucideWrench[0m, [36mdefault[0m [36mas[0m [33mWrench[0m, [36mdefault[0m [36mas[0m [33mWrenchIcon[0m } [36mfro.[0m.[32m.[0m
  [90m1690 |[0m ...[36mt[0m [36mas[0m [33mLucideWorm[0m, [36mdefault[0m [36mas[0m [33mWorm[0m, [36mdefault[0m [36mas[0m [33mWormIcon[0m } [36mfrom[0m [32m'./i...[0m



Import traces:
  Client Component Browser:
    ./.gemini/antigravity/scratch/teacher-tracking/node_modules/lucide-react/dist/esm/lucide-react.mjs [Client Component Browser]
    ./.gemini/antigravity/scratch/teacher-tracking/src/components/pages/DailyTasksPage.tsx [Client Component Browser]
    ./.gemini/antigravity/scratch/teacher-tracking/src/components/AppShell.tsx [Client Component Browser]
    ./.gemini/antigravity/scratch/teacher-tracking/src/app/page.tsx [Client Component Browser]
    ./.gemini/antigravity/scratch/teacher-tracking/src/app/page.tsx [Server Component]

  Client Component SSR:
    ./.gemini/antigravity/scratch/teacher-tracking/node_modules/lucide-react/dist/esm/lucide-react.mjs [Client Component SSR]
    ./.gemini/antigravity/scratch/teacher-tracking/src/components/pages/DailyTasksPage.tsx [Client Component SSR]
    ./.gemini/antigravity/scratch/teacher-tracking/src/components/AppShell.tsx [Client Component SSR]
    ./.gemini/antigravity/scratch/teacher-tracking/src/app/page.tsx [Client Component SSR]
    ./.gemini/antigravity/scratch/teacher-tracking/src/app/page.tsx [Server Component]

https://nextjs.org/docs/messages/module-not-found


./.gemini/antigravity/scratch/teacher-tracking/node_modules/lucide-react/dist/esm/lucide-react.mjs:1688:1
Module not found: Can't resolve './icons/workflow.mjs'
  [90m1686 |[0m ...[33mideWineOff[0m, [36mdefault[0m [36mas[0m [33mWineOff[0m, [36mdefault[0m [36mas[0m [33mWineOffIcon[0m } [36mfrom[0m [32m'./...[0m
  [90m1687 |[0m ...[33mideWine[0m, [36mdefault[0m [36mas[0m [33mWine[0m, [36mdefault[0m [36mas[0m [33mWineIcon[0m } [36mfrom[0m [32m'./icons/win...[0m
[31m[1m>[0m [90m1688 |[0m ...[33mideWorkflow[0m, [36mdefault[0m [36mas[0m [33mWorkflow[0m, [36mdefault[0m [36mas[0m [33mWorkflowIcon[0m } [36mfrom[0m [32m...[0m
  [90m     |[0m    [31m[1m^^^^^^^^^^^^^^^^^^^^^^^^^^^^^^^^^^^^^^^^^^^^^^^^^^^^^^^^^^^^^^^^^^^^[0m
  [90m1689 |[0m ...[33mideWrench[0m, [36mdefault[0m [36mas[0m [33mWrench[0m, [36mdefault[0m [36mas[0m [33mWrenchIcon[0m } [36mfrom[0m [32m'./ico...[0m
  [90m1690 |[0m ...[33mideWorm[0m, [36mdefault[0m [36mas[0m [33mWorm[0m, [36mdefault[0m [36mas[0m [33mWormIcon[0m } [36mfrom[0m [32m'./icons/wor...[0m
  [90m1691 |[0m ...[33mideXLineTop[0m, [36mdefault[0m [36mas[0m [33mXLineTop[0m, [36mdefault[0m [36mas[0m [33mXLineTopIcon[0m } [36mfrom[0m [32m...[0m



Import traces:
  Client Component Browser:
    ./.gemini/antigravity/scratch/teacher-tracking/node_modules/lucide-react/dist/esm/lucide-react.mjs [Client Component Browser]
    ./.gemini/antigravity/scratch/teacher-tracking/src/components/pages/DailyTasksPage.tsx [Client Component Browser]
    ./.gemini/antigravity/scratch/teacher-tracking/src/components/AppShell.tsx [Client Component Browser]
    ./.gemini/antigravity/scratch/teacher-tracking/src/app/page.tsx [Client Component Browser]
    ./.gemini/antigravity/scratch/teacher-tracking/src/app/page.tsx [Server Component]

  Client Component SSR:
    ./.gemini/antigravity/scratch/teacher-tracking/node_modules/lucide-react/dist/esm/lucide-react.mjs [Client Component SSR]
    ./.gemini/antigravity/scratch/teacher-tracking/src/components/pages/DailyTasksPage.tsx [Client Component SSR]
    ./.gemini/antigravity/scratch/teacher-tracking/src/components/AppShell.tsx [Client Component SSR]
    ./.gemini/antigravity/scratch/teacher-tracking/src/app/page.tsx [Client Component SSR]
    ./.gemini/antigravity/scratch/teacher-tracking/src/app/page.tsx [Server Component]

https://nextjs.org/docs/messages/module-not-found


./.gemini/antigravity/scratch/teacher-tracking/node_modules/lucide-react/dist/esm/lucide-react.mjs:1690:1
Module not found: Can't resolve './icons/worm.mjs'
  [90m1688 |[0m ...[36mt[0m [36mas[0m [33mLucideWorkflow[0m, [36mdefault[0m [36mas[0m [33mWorkflow[0m, [36mdefault[0m [36mas[0m [33mWorkflowIcon[0m...
  [90m1689 |[0m ...[36mt[0m [36mas[0m [33mLucideWrench[0m, [36mdefault[0m [36mas[0m [33mWrench[0m, [36mdefault[0m [36mas[0m [33mWrenchIcon[0m } [36mfro.[0m.[32m.[0m
[31m[1m>[0m [90m1690 |[0m ...[36mt[0m [36mas[0m [33mLucideWorm[0m, [36mdefault[0m [36mas[0m [33mWorm[0m, [36mdefault[0m [36mas[0m [33mWormIcon[0m } [36mfrom[0m [32m'./i...[0m
  [90m     |[0m    [31m[1m^^^^^^^^^^^^^^^^^^^^^^^^^^^^^^^^^^^^^^^^^^^^^^^^^^^^^^^^^^^^^^^^^^^^[0m
  [90m1691 |[0m ...[36mt[0m [36mas[0m [33mLucideXLineTop[0m, [36mdefault[0m [36mas[0m [33mXLineTop[0m, [36mdefault[0m [36mas[0m [33mXLineTopIcon[0m...
  [90m1692 |[0m ...[36mt[0m [36mas[0m [33mLucideX[0m, [36mdefault[0m [36mas[0m [33mX[0m, [36mdefault[0m [36mas[0m [33mXIcon[0m } [36mfrom[0m [32m'./icons/x.mjs'[0m;
  [90m1693 |[0m ...[36mt[0m [36mas[0m [33mLucideZapOff[0m, [36mdefault[0m [36mas[0m [33mZapOff[0m, [36mdefault[0m [36mas[0m [33mZapOffIcon[0m } [36mfro.[0m.[32m.[0m



Import traces:
  Client Component Browser:
    ./.gemini/antigravity/scratch/teacher-tracking/node_modules/lucide-react/dist/esm/lucide-react.mjs [Client Component Browser]
    ./.gemini/antigravity/scratch/teacher-tracking/src/components/pages/DailyTasksPage.tsx [Client Component Browser]
    ./.gemini/antigravity/scratch/teacher-tracking/src/components/AppShell.tsx [Client Component Browser]
    ./.gemini/antigravity/scratch/teacher-tracking/src/app/page.tsx [Client Component Browser]
    ./.gemini/antigravity/scratch/teacher-tracking/src/app/page.tsx [Server Component]

  Client Component SSR:
    ./.gemini/antigravity/scratch/teacher-tracking/node_modules/lucide-react/dist/esm/lucide-react.mjs [Client Component SSR]
    ./.gemini/antigravity/scratch/teacher-tracking/src/components/pages/DailyTasksPage.tsx [Client Component SSR]
    ./.gemini/antigravity/scratch/teacher-tracking/src/components/AppShell.tsx [Client Component SSR]
    ./.gemini/antigravity/scratch/teacher-tracking/src/app/page.tsx [Client Component SSR]
    ./.gemini/antigravity/scratch/teacher-tracking/src/app/page.tsx [Server Component]

https://nextjs.org/docs/messages/module-not-found


./.gemini/antigravity/scratch/teacher-tracking/node_modules/lucide-react/dist/esm/lucide-react.mjs:1689:1
Module not found: Can't resolve './icons/wrench.mjs'
  [90m1687 |[0m ... [33mLucideWine[0m, [36mdefault[0m [36mas[0m [33mWine[0m, [36mdefault[0m [36mas[0m [33mWineIcon[0m } [36mfrom[0m [32m'./icons...[0m
  [90m1688 |[0m ... [33mLucideWorkflow[0m, [36mdefault[0m [36mas[0m [33mWorkflow[0m, [36mdefault[0m [36mas[0m [33mWorkflowIcon[0m } [36mf...[0m
[31m[1m>[0m [90m1689 |[0m ... [33mLucideWrench[0m, [36mdefault[0m [36mas[0m [33mWrench[0m, [36mdefault[0m [36mas[0m [33mWrenchIcon[0m } [36mfrom[0m [32m'....[0m
  [90m     |[0m    [31m[1m^^^^^^^^^^^^^^^^^^^^^^^^^^^^^^^^^^^^^^^^^^^^^^^^^^^^^^^^^^^^^^^^^^^^[0m
  [90m1690 |[0m ... [33mLucideWorm[0m, [36mdefault[0m [36mas[0m [33mWorm[0m, [36mdefault[0m [36mas[0m [33mWormIcon[0m } [36mfrom[0m [32m'./icons...[0m
  [90m1691 |[0m ... [33mLucideXLineTop[0m, [36mdefault[0m [36mas[0m [33mXLineTop[0m, [36mdefault[0m [36mas[0m [33mXLineTopIcon[0m } [36mf...[0m
  [90m1692 |[0m ... [33mLucideX[0m, [36mdefault[0m [36mas[0m [33mX[0m, [36mdefault[0m [36mas[0m [33mXIcon[0m } [36mfrom[0m [32m'./icons/x.mjs'[0m;



Import traces:
  Client Component Browser:
    ./.gemini/antigravity/scratch/teacher-tracking/node_modules/lucide-react/dist/esm/lucide-react.mjs [Client Component Browser]
    ./.gemini/antigravity/scratch/teacher-tracking/src/components/pages/DailyTasksPage.tsx [Client Component Browser]
    ./.gemini/antigravity/scratch/teacher-tracking/src/components/AppShell.tsx [Client Component Browser]
    ./.gemini/antigravity/scratch/teacher-tracking/src/app/page.tsx [Client Component Browser]
    ./.gemini/antigravity/scratch/teacher-tracking/src/app/page.tsx [Server Component]

  Client Component SSR:
    ./.gemini/antigravity/scratch/teacher-tracking/node_modules/lucide-react/dist/esm/lucide-react.mjs [Client Component SSR]
    ./.gemini/antigravity/scratch/teacher-tracking/src/components/pages/DailyTasksPage.tsx [Client Component SSR]
    ./.gemini/antigravity/scratch/teacher-tracking/src/components/AppShell.tsx [Client Component SSR]
    ./.gemini/antigravity/scratch/teacher-tracking/src/app/page.tsx [Client Component SSR]
    ./.gemini/antigravity/scratch/teacher-tracking/src/app/page.tsx [Server Component]

https://nextjs.org/docs/messages/module-not-found


./.gemini/antigravity/scratch/teacher-tracking/node_modules/lucide-react/dist/esm/lucide-react.mjs:1691:1
Module not found: Can't resolve './icons/x-line-top.mjs'
  [90m1689 |[0m ...[33mdeWrench[0m, [36mdefault[0m [36mas[0m [33mWrench[0m, [36mdefault[0m [36mas[0m [33mWrenchIcon[0m } [36mfrom[0m [32m'./icon...[0m
  [90m1690 |[0m ...[33mdeWorm[0m, [36mdefault[0m [36mas[0m [33mWorm[0m, [36mdefault[0m [36mas[0m [33mWormIcon[0m } [36mfrom[0m [32m'./icons/worm...[0m
[31m[1m>[0m [90m1691 |[0m ...[33mdeXLineTop[0m, [36mdefault[0m [36mas[0m [33mXLineTop[0m, [36mdefault[0m [36mas[0m [33mXLineTopIcon[0m } [36mfrom[0m [32m'...[0m
  [90m     |[0m    [31m[1m^^^^^^^^^^^^^^^^^^^^^^^^^^^^^^^^^^^^^^^^^^^^^^^^^^^^^^^^^^^^^^^^^^^^[0m
  [90m1692 |[0m ...[33mdeX[0m, [36mdefault[0m [36mas[0m [33mX[0m, [36mdefault[0m [36mas[0m [33mXIcon[0m } [36mfrom[0m [32m'./icons/x.mjs'[0m;
  [90m1693 |[0m ...[33mdeZapOff[0m, [36mdefault[0m [36mas[0m [33mZapOff[0m, [36mdefault[0m [36mas[0m [33mZapOffIcon[0m } [36mfrom[0m [32m'./icon...[0m
  [90m1694 |[0m ...[33mdeZap[0m, [36mdefault[0m [36mas[0m [33mZap[0m, [36mdefault[0m [36mas[0m [33mZapIcon[0m } [36mfrom[0m [32m'./icons/zap.mjs'[0m;



Import traces:
  Client Component Browser:
    ./.gemini/antigravity/scratch/teacher-tracking/node_modules/lucide-react/dist/esm/lucide-react.mjs [Client Component Browser]
    ./.gemini/antigravity/scratch/teacher-tracking/src/components/pages/DailyTasksPage.tsx [Client Component Browser]
    ./.gemini/antigravity/scratch/teacher-tracking/src/components/AppShell.tsx [Client Component Browser]
    ./.gemini/antigravity/scratch/teacher-tracking/src/app/page.tsx [Client Component Browser]
    ./.gemini/antigravity/scratch/teacher-tracking/src/app/page.tsx [Server Component]

  Client Component SSR:
    ./.gemini/antigravity/scratch/teacher-tracking/node_modules/lucide-react/dist/esm/lucide-react.mjs [Client Component SSR]
    ./.gemini/antigravity/scratch/teacher-tracking/src/components/pages/DailyTasksPage.tsx [Client Component SSR]
    ./.gemini/antigravity/scratch/teacher-tracking/src/components/AppShell.tsx [Client Component SSR]
    ./.gemini/antigravity/scratch/teacher-tracking/src/app/page.tsx [Client Component SSR]
    ./.gemini/antigravity/scratch/teacher-tracking/src/app/page.tsx [Server Component]

https://nextjs.org/docs/messages/module-not-found


./.gemini/antigravity/scratch/teacher-tracking/node_modules/lucide-react/dist/esm/lucide-react.mjs:1692:1
Module not found: Can't resolve './icons/x.mjs'
  [90m1690 |[0m ...[36mdefault[0m [36mas[0m [33mLucideWorm[0m, [36mdefault[0m [36mas[0m [33mWorm[0m, [36mdefault[0m [36mas[0m [33mWormIcon[0m } [36mfro.[0m.[32m.[0m
  [90m1691 |[0m ...[36mdefault[0m [36mas[0m [33mLucideXLineTop[0m, [36mdefault[0m [36mas[0m [33mXLineTop[0m, [36mdefault[0m [36mas[0m [33mXLineT...[0m
[31m[1m>[0m [90m1692 |[0m ...[36mdefault[0m [36mas[0m [33mLucideX[0m, [36mdefault[0m [36mas[0m [33mX[0m, [36mdefault[0m [36mas[0m [33mXIcon[0m } [36mfrom[0m [32m'./icon...[0m
  [90m     |[0m    [31m[1m^^^^^^^^^^^^^^^^^^^^^^^^^^^^^^^^^^^^^^^^^^^^^^^^^^^^^^^^^^^^^^^^^^^^[0m
  [90m1693 |[0m ...[36mdefault[0m [36mas[0m [33mLucideZapOff[0m, [36mdefault[0m [36mas[0m [33mZapOff[0m, [36mdefault[0m [36mas[0m [33mZapOffIcon[0m...
  [90m1694 |[0m ...[36mdefault[0m [36mas[0m [33mLucideZap[0m, [36mdefault[0m [36mas[0m [33mZap[0m, [36mdefault[0m [36mas[0m [33mZapIcon[0m } [36mfrom[0m [32m'...[0m
  [90m1695 |[0m ...[36mdefault[0m [36mas[0m [33mLucideZodiacAquarius[0m, [36mdefault[0m [36mas[0m [33mZodiacAquarius[0m, [36mdefau..[0m.



Import traces:
  Client Component Browser:
    ./.gemini/antigravity/scratch/teacher-tracking/node_modules/lucide-react/dist/esm/lucide-react.mjs [Client Component Browser]
    ./.gemini/antigravity/scratch/teacher-tracking/src/components/pages/DailyTasksPage.tsx [Client Component Browser]
    ./.gemini/antigravity/scratch/teacher-tracking/src/components/AppShell.tsx [Client Component Browser]
    ./.gemini/antigravity/scratch/teacher-tracking/src/app/page.tsx [Client Component Browser]
    ./.gemini/antigravity/scratch/teacher-tracking/src/app/page.tsx [Server Component]

  Client Component SSR:
    ./.gemini/antigravity/scratch/teacher-tracking/node_modules/lucide-react/dist/esm/lucide-react.mjs [Client Component SSR]
    ./.gemini/antigravity/scratch/teacher-tracking/src/components/pages/DailyTasksPage.tsx [Client Component SSR]
    ./.gemini/antigravity/scratch/teacher-tracking/src/components/AppShell.tsx [Client Component SSR]
    ./.gemini/antigravity/scratch/teacher-tracking/src/app/page.tsx [Client Component SSR]
    ./.gemini/antigravity/scratch/teacher-tracking/src/app/page.tsx [Server Component]

https://nextjs.org/docs/messages/module-not-found


./.gemini/antigravity/scratch/teacher-tracking/node_modules/lucide-react/dist/esm/lucide-react.mjs:1693:1
Module not found: Can't resolve './icons/zap-off.mjs'
  [90m1691 |[0m ...[33mLucideXLineTop[0m, [36mdefault[0m [36mas[0m [33mXLineTop[0m, [36mdefault[0m [36mas[0m [33mXLineTopIcon[0m } [36mfr..[0m.
  [90m1692 |[0m ...[33mLucideX[0m, [36mdefault[0m [36mas[0m [33mX[0m, [36mdefault[0m [36mas[0m [33mXIcon[0m } [36mfrom[0m [32m'./icons/x.mjs'[0m;
[31m[1m>[0m [90m1693 |[0m ...[33mLucideZapOff[0m, [36mdefault[0m [36mas[0m [33mZapOff[0m, [36mdefault[0m [36mas[0m [33mZapOffIcon[0m } [36mfrom[0m [32m'./...[0m
  [90m     |[0m    [31m[1m^^^^^^^^^^^^^^^^^^^^^^^^^^^^^^^^^^^^^^^^^^^^^^^^^^^^^^^^^^^^^^^^^^^^[0m
  [90m1694 |[0m ...[33mLucideZap[0m, [36mdefault[0m [36mas[0m [33mZap[0m, [36mdefault[0m [36mas[0m [33mZapIcon[0m } [36mfrom[0m [32m'./icons/zap...[0m
  [90m1695 |[0m ...[33mLucideZodiacAquarius[0m, [36mdefault[0m [36mas[0m [33mZodiacAquarius[0m, [36mdefault[0m [36mas[0m [33mZodia...[0m
  [90m1696 |[0m ...[33mLucideZodiacCancer[0m, [36mdefault[0m [36mas[0m [33mZodiacCancer[0m, [36mdefault[0m [36mas[0m [33mZodiacCan...[0m



Import traces:
  Client Component Browser:
    ./.gemini/antigravity/scratch/teacher-tracking/node_modules/lucide-react/dist/esm/lucide-react.mjs [Client Component Browser]
    ./.gemini/antigravity/scratch/teacher-tracking/src/components/pages/DailyTasksPage.tsx [Client Component Browser]
    ./.gemini/antigravity/scratch/teacher-tracking/src/components/AppShell.tsx [Client Component Browser]
    ./.gemini/antigravity/scratch/teacher-tracking/src/app/page.tsx [Client Component Browser]
    ./.gemini/antigravity/scratch/teacher-tracking/src/app/page.tsx [Server Component]

  Client Component SSR:
    ./.gemini/antigravity/scratch/teacher-tracking/node_modules/lucide-react/dist/esm/lucide-react.mjs [Client Component SSR]
    ./.gemini/antigravity/scratch/teacher-tracking/src/components/pages/DailyTasksPage.tsx [Client Component SSR]
    ./.gemini/antigravity/scratch/teacher-tracking/src/components/AppShell.tsx [Client Component SSR]
    ./.gemini/antigravity/scratch/teacher-tracking/src/app/page.tsx [Client Component SSR]
    ./.gemini/antigravity/scratch/teacher-tracking/src/app/page.tsx [Server Component]

https://nextjs.org/docs/messages/module-not-found


./.gemini/antigravity/scratch/teacher-tracking/node_modules/lucide-react/dist/esm/lucide-react.mjs:1694:1
Module not found: Can't resolve './icons/zap.mjs'
  [90m1692 |[0m ...[36mult[0m [36mas[0m [33mLucideX[0m, [36mdefault[0m [36mas[0m [33mX[0m, [36mdefault[0m [36mas[0m [33mXIcon[0m } [36mfrom[0m [32m'./icons/x....[0m
  [90m1693 |[0m ...[36mult[0m [36mas[0m [33mLucideZapOff[0m, [36mdefault[0m [36mas[0m [33mZapOff[0m, [36mdefault[0m [36mas[0m [33mZapOffIcon[0m } [36mf...[0m
[31m[1m>[0m [90m1694 |[0m ...[36mult[0m [36mas[0m [33mLucideZap[0m, [36mdefault[0m [36mas[0m [33mZap[0m, [36mdefault[0m [36mas[0m [33mZapIcon[0m } [36mfrom[0m [32m'./ic...[0m
  [90m     |[0m    [31m[1m^^^^^^^^^^^^^^^^^^^^^^^^^^^^^^^^^^^^^^^^^^^^^^^^^^^^^^^^^^^^^^^^^^^^[0m
  [90m1695 |[0m ...[36mult[0m [36mas[0m [33mLucideZodiacAquarius[0m, [36mdefault[0m [36mas[0m [33mZodiacAquarius[0m, [36mdefault[0m [36ma.[0m.[33m.[0m
  [90m1696 |[0m ...[36mult[0m [36mas[0m [33mLucideZodiacCancer[0m, [36mdefault[0m [36mas[0m [33mZodiacCancer[0m, [36mdefault[0m [36mas[0m [33mZo...[0m
  [90m1697 |[0m ...[36mult[0m [36mas[0m [33mLucideZodiacCapricorn[0m, [36mdefault[0m [36mas[0m [33mZodiacCapricorn[0m, [36mdefault[0m.[36m..[0m



Import traces:
  Client Component Browser:
    ./.gemini/antigravity/scratch/teacher-tracking/node_modules/lucide-react/dist/esm/lucide-react.mjs [Client Component Browser]
    ./.gemini/antigravity/scratch/teacher-tracking/src/components/pages/DailyTasksPage.tsx [Client Component Browser]
    ./.gemini/antigravity/scratch/teacher-tracking/src/components/AppShell.tsx [Client Component Browser]
    ./.gemini/antigravity/scratch/teacher-tracking/src/app/page.tsx [Client Component Browser]
    ./.gemini/antigravity/scratch/teacher-tracking/src/app/page.tsx [Server Component]

  Client Component SSR:
    ./.gemini/antigravity/scratch/teacher-tracking/node_modules/lucide-react/dist/esm/lucide-react.mjs [Client Component SSR]
    ./.gemini/antigravity/scratch/teacher-tracking/src/components/pages/DailyTasksPage.tsx [Client Component SSR]
    ./.gemini/antigravity/scratch/teacher-tracking/src/components/AppShell.tsx [Client Component SSR]
    ./.gemini/antigravity/scratch/teacher-tracking/src/app/page.tsx [Client Component SSR]
    ./.gemini/antigravity/scratch/teacher-tracking/src/app/page.tsx [Server Component]

https://nextjs.org/docs/messages/module-not-found


./.gemini/antigravity/scratch/teacher-tracking/node_modules/lucide-react/dist/esm/lucide-react.mjs:1695:1
Module not found: Can't resolve './icons/zodiac-aquarius.mjs'
  [90m1693 |[0m ...[36mfault[0m [36mas[0m [33mZapOff[0m, [36mdefault[0m [36mas[0m [33mZapOffIcon[0m } [36mfrom[0m [32m'./icons/zap-off.mjs'[0m;
  [90m1694 |[0m ...[36mlt[0m [36mas[0m [33mZap[0m, [36mdefault[0m [36mas[0m [33mZapIcon[0m } [36mfrom[0m [32m'./icons/zap.mjs'[0m;
[31m[1m>[0m [90m1695 |[0m ...[33mrius[0m, [36mdefault[0m [36mas[0m [33mZodiacAquarius[0m, [36mdefault[0m [36mas[0m [33mZodiacAquariusIcon[0m } [36m...[0m
  [90m     |[0m    [31m[1m^^^^^^^^^^^^^^^^^^^^^^^^^^^^^^^^^^^^^^^^^^^^^^^^^^^^^^^^^^^^^^^^^^^^[0m
  [90m1696 |[0m ...[33mer[0m, [36mdefault[0m [36mas[0m [33mZodiacCancer[0m, [36mdefault[0m [36mas[0m [33mZodiacCancerIcon[0m } [36mfrom[0m [32m'...[0m
  [90m1697 |[0m ...[33micorn[0m, [36mdefault[0m [36mas[0m [33mZodiacCapricorn[0m, [36mdefault[0m [36mas[0m [33mZodiacCapricornIcon[0m...
  [90m1698 |[0m ...[33ms[0m, [36mdefault[0m [36mas[0m [33mZodiacAries[0m, [36mdefault[0m [36mas[0m [33mZodiacAriesIcon[0m } [36mfrom[0m [32m'./i...[0m



Import traces:
  Client Component Browser:
    ./.gemini/antigravity/scratch/teacher-tracking/node_modules/lucide-react/dist/esm/lucide-react.mjs [Client Component Browser]
    ./.gemini/antigravity/scratch/teacher-tracking/src/components/pages/DailyTasksPage.tsx [Client Component Browser]
    ./.gemini/antigravity/scratch/teacher-tracking/src/components/AppShell.tsx [Client Component Browser]
    ./.gemini/antigravity/scratch/teacher-tracking/src/app/page.tsx [Client Component Browser]
    ./.gemini/antigravity/scratch/teacher-tracking/src/app/page.tsx [Server Component]

  Client Component SSR:
    ./.gemini/antigravity/scratch/teacher-tracking/node_modules/lucide-react/dist/esm/lucide-react.mjs [Client Component SSR]
    ./.gemini/antigravity/scratch/teacher-tracking/src/components/pages/DailyTasksPage.tsx [Client Component SSR]
    ./.gemini/antigravity/scratch/teacher-tracking/src/components/AppShell.tsx [Client Component SSR]
    ./.gemini/antigravity/scratch/teacher-tracking/src/app/page.tsx [Client Component SSR]
    ./.gemini/antigravity/scratch/teacher-tracking/src/app/page.tsx [Server Component]

https://nextjs.org/docs/messages/module-not-found


./.gemini/antigravity/scratch/teacher-tracking/node_modules/lucide-react/dist/esm/lucide-react.mjs:1698:1
Module not found: Can't resolve './icons/zodiac-aries.mjs'
  [90m1696 |[0m ...[33macCancer[0m, [36mdefault[0m [36mas[0m [33mZodiacCancer[0m, [36mdefault[0m [36mas[0m [33mZodiacCancerIcon[0m } [36m...[0m
  [90m1697 |[0m ...[33macCapricorn[0m, [36mdefault[0m [36mas[0m [33mZodiacCapricorn[0m, [36mdefault[0m [36mas[0m [33mZodiacCaprico...[0m
[31m[1m>[0m [90m1698 |[0m ...[33macAries[0m, [36mdefault[0m [36mas[0m [33mZodiacAries[0m, [36mdefault[0m [36mas[0m [33mZodiacAriesIcon[0m } [36mfro.[0m.[32m.[0m
  [90m     |[0m    [31m[1m^^^^^^^^^^^^^^^^^^^^^^^^^^^^^^^^^^^^^^^^^^^^^^^^^^^^^^^^^^^^^^^^^^^^[0m
  [90m1699 |[0m ...[33macGemini[0m, [36mdefault[0m [36mas[0m [33mZodiacGemini[0m, [36mdefault[0m [36mas[0m [33mZodiacGeminiIcon[0m } [36m...[0m
  [90m1700 |[0m ...[33macLeo[0m, [36mdefault[0m [36mas[0m [33mZodiacLeo[0m, [36mdefault[0m [36mas[0m [33mZodiacLeoIcon[0m } [36mfrom[0m [32m'./i...[0m
  [90m1701 |[0m ...[33macLibra[0m, [36mdefault[0m [36mas[0m [33mZodiacLibra[0m, [36mdefault[0m [36mas[0m [33mZodiacLibraIcon[0m } [36mfro.[0m.[32m.[0m



Import traces:
  Client Component Browser:
    ./.gemini/antigravity/scratch/teacher-tracking/node_modules/lucide-react/dist/esm/lucide-react.mjs [Client Component Browser]
    ./.gemini/antigravity/scratch/teacher-tracking/src/components/pages/DailyTasksPage.tsx [Client Component Browser]
    ./.gemini/antigravity/scratch/teacher-tracking/src/components/AppShell.tsx [Client Component Browser]
    ./.gemini/antigravity/scratch/teacher-tracking/src/app/page.tsx [Client Component Browser]
    ./.gemini/antigravity/scratch/teacher-tracking/src/app/page.tsx [Server Component]

  Client Component SSR:
    ./.gemini/antigravity/scratch/teacher-tracking/node_modules/lucide-react/dist/esm/lucide-react.mjs [Client Component SSR]
    ./.gemini/antigravity/scratch/teacher-tracking/src/components/pages/DailyTasksPage.tsx [Client Component SSR]
    ./.gemini/antigravity/scratch/teacher-tracking/src/components/AppShell.tsx [Client Component SSR]
    ./.gemini/antigravity/scratch/teacher-tracking/src/app/page.tsx [Client Component SSR]
    ./.gemini/antigravity/scratch/teacher-tracking/src/app/page.tsx [Server Component]

https://nextjs.org/docs/messages/module-not-found


./.gemini/antigravity/scratch/teacher-tracking/node_modules/lucide-react/dist/esm/lucide-react.mjs:1696:1
Module not found: Can't resolve './icons/zodiac-cancer.mjs'
  [90m1694 |[0m ...[36mefault[0m [36mas[0m [33mZap[0m, [36mdefault[0m [36mas[0m [33mZapIcon[0m } [36mfrom[0m [32m'./icons/zap.mjs'[0m;
  [90m1695 |[0m ...[33mAquarius[0m, [36mdefault[0m [36mas[0m [33mZodiacAquarius[0m, [36mdefault[0m [36mas[0m [33mZodiacAquariusIco.[0m..
[31m[1m>[0m [90m1696 |[0m ...[33mCancer[0m, [36mdefault[0m [36mas[0m [33mZodiacCancer[0m, [36mdefault[0m [36mas[0m [33mZodiacCancerIcon[0m } [36mfr..[0m.
  [90m     |[0m    [31m[1m^^^^^^^^^^^^^^^^^^^^^^^^^^^^^^^^^^^^^^^^^^^^^^^^^^^^^^^^^^^^^^^^^^^^[0m
  [90m1697 |[0m ...[33mCapricorn[0m, [36mdefault[0m [36mas[0m [33mZodiacCapricorn[0m, [36mdefault[0m [36mas[0m [33mZodiacCapricorn...[0m
  [90m1698 |[0m ...[33mAries[0m, [36mdefault[0m [36mas[0m [33mZodiacAries[0m, [36mdefault[0m [36mas[0m [33mZodiacAriesIcon[0m } [36mfrom[0m [32m...[0m
  [90m1699 |[0m ...[33mGemini[0m, [36mdefault[0m [36mas[0m [33mZodiacGemini[0m, [36mdefault[0m [36mas[0m [33mZodiacGeminiIcon[0m } [36mfr..[0m.



Import traces:
  Client Component Browser:
    ./.gemini/antigravity/scratch/teacher-tracking/node_modules/lucide-react/dist/esm/lucide-react.mjs [Client Component Browser]
    ./.gemini/antigravity/scratch/teacher-tracking/src/components/pages/DailyTasksPage.tsx [Client Component Browser]
    ./.gemini/antigravity/scratch/teacher-tracking/src/components/AppShell.tsx [Client Component Browser]
    ./.gemini/antigravity/scratch/teacher-tracking/src/app/page.tsx [Client Component Browser]
    ./.gemini/antigravity/scratch/teacher-tracking/src/app/page.tsx [Server Component]

  Client Component SSR:
    ./.gemini/antigravity/scratch/teacher-tracking/node_modules/lucide-react/dist/esm/lucide-react.mjs [Client Component SSR]
    ./.gemini/antigravity/scratch/teacher-tracking/src/components/pages/DailyTasksPage.tsx [Client Component SSR]
    ./.gemini/antigravity/scratch/teacher-tracking/src/components/AppShell.tsx [Client Component SSR]
    ./.gemini/antigravity/scratch/teacher-tracking/src/app/page.tsx [Client Component SSR]
    ./.gemini/antigravity/scratch/teacher-tracking/src/app/page.tsx [Server Component]

https://nextjs.org/docs/messages/module-not-found


./.gemini/antigravity/scratch/teacher-tracking/node_modules/lucide-react/dist/esm/lucide-react.mjs:1697:1
Module not found: Can't resolve './icons/zodiac-capricorn.mjs'
  [90m1695 |[0m ...[33mus[0m, [36mdefault[0m [36mas[0m [33mZodiacAquarius[0m, [36mdefault[0m [36mas[0m [33mZodiacAquariusIcon[0m } [36mfr..[0m.
  [90m1696 |[0m ..., [36mdefault[0m [36mas[0m [33mZodiacCancer[0m, [36mdefault[0m [36mas[0m [33mZodiacCancerIcon[0m } [36mfrom[0m [32m'./...[0m
[31m[1m>[0m [90m1697 |[0m ...[33morn[0m, [36mdefault[0m [36mas[0m [33mZodiacCapricorn[0m, [36mdefault[0m [36mas[0m [33mZodiacCapricornIcon[0m }.[36m..[0m
  [90m     |[0m    [31m[1m^^^^^^^^^^^^^^^^^^^^^^^^^^^^^^^^^^^^^^^^^^^^^^^^^^^^^^^^^^^^^^^^^^^^[0m
  [90m1698 |[0m ... [36mdefault[0m [36mas[0m [33mZodiacAries[0m, [36mdefault[0m [36mas[0m [33mZodiacAriesIcon[0m } [36mfrom[0m [32m'./ico...[0m
  [90m1699 |[0m ..., [36mdefault[0m [36mas[0m [33mZodiacGemini[0m, [36mdefault[0m [36mas[0m [33mZodiacGeminiIcon[0m } [36mfrom[0m [32m'./...[0m
  [90m1700 |[0m ...[36mefault[0m [36mas[0m [33mZodiacLeo[0m, [36mdefault[0m [36mas[0m [33mZodiacLeoIcon[0m } [36mfrom[0m [32m'./icons/zod...[0m



Import traces:
  Client Component Browser:
    ./.gemini/antigravity/scratch/teacher-tracking/node_modules/lucide-react/dist/esm/lucide-react.mjs [Client Component Browser]
    ./.gemini/antigravity/scratch/teacher-tracking/src/components/pages/DailyTasksPage.tsx [Client Component Browser]
    ./.gemini/antigravity/scratch/teacher-tracking/src/components/AppShell.tsx [Client Component Browser]
    ./.gemini/antigravity/scratch/teacher-tracking/src/app/page.tsx [Client Component Browser]
    ./.gemini/antigravity/scratch/teacher-tracking/src/app/page.tsx [Server Component]

  Client Component SSR:
    ./.gemini/antigravity/scratch/teacher-tracking/node_modules/lucide-react/dist/esm/lucide-react.mjs [Client Component SSR]
    ./.gemini/antigravity/scratch/teacher-tracking/src/components/pages/DailyTasksPage.tsx [Client Component SSR]
    ./.gemini/antigravity/scratch/teacher-tracking/src/components/AppShell.tsx [Client Component SSR]
    ./.gemini/antigravity/scratch/teacher-tracking/src/app/page.tsx [Client Component SSR]
    ./.gemini/antigravity/scratch/teacher-tracking/src/app/page.tsx [Server Component]

https://nextjs.org/docs/messages/module-not-found


./.gemini/antigravity/scratch/teacher-tracking/node_modules/lucide-react/dist/esm/lucide-react.mjs:1699:1
Module not found: Can't resolve './icons/zodiac-gemini.mjs'
  [90m1697 |[0m ...[33mCapricorn[0m, [36mdefault[0m [36mas[0m [33mZodiacCapricorn[0m, [36mdefault[0m [36mas[0m [33mZodiacCapricorn...[0m
  [90m1698 |[0m ...[33mAries[0m, [36mdefault[0m [36mas[0m [33mZodiacAries[0m, [36mdefault[0m [36mas[0m [33mZodiacAriesIcon[0m } [36mfrom[0m [32m...[0m
[31m[1m>[0m [90m1699 |[0m ...[33mGemini[0m, [36mdefault[0m [36mas[0m [33mZodiacGemini[0m, [36mdefault[0m [36mas[0m [33mZodiacGeminiIcon[0m } [36mfr..[0m.
  [90m     |[0m    [31m[1m^^^^^^^^^^^^^^^^^^^^^^^^^^^^^^^^^^^^^^^^^^^^^^^^^^^^^^^^^^^^^^^^^^^^[0m
  [90m1700 |[0m ...[33mLeo[0m, [36mdefault[0m [36mas[0m [33mZodiacLeo[0m, [36mdefault[0m [36mas[0m [33mZodiacLeoIcon[0m } [36mfrom[0m [32m'./ico...[0m
  [90m1701 |[0m ...[33mLibra[0m, [36mdefault[0m [36mas[0m [33mZodiacLibra[0m, [36mdefault[0m [36mas[0m [33mZodiacLibraIcon[0m } [36mfrom[0m [32m...[0m
  [90m1702 |[0m ...[33mOphiuchus[0m, [36mdefault[0m [36mas[0m [33mZodiacOphiuchus[0m, [36mdefault[0m [36mas[0m [33mZodiacOphiuchus...[0m



Import traces:
  Client Component Browser:
    ./.gemini/antigravity/scratch/teacher-tracking/node_modules/lucide-react/dist/esm/lucide-react.mjs [Client Component Browser]
    ./.gemini/antigravity/scratch/teacher-tracking/src/components/pages/DailyTasksPage.tsx [Client Component Browser]
    ./.gemini/antigravity/scratch/teacher-tracking/src/components/AppShell.tsx [Client Component Browser]
    ./.gemini/antigravity/scratch/teacher-tracking/src/app/page.tsx [Client Component Browser]
    ./.gemini/antigravity/scratch/teacher-tracking/src/app/page.tsx [Server Component]

  Client Component SSR:
    ./.gemini/antigravity/scratch/teacher-tracking/node_modules/lucide-react/dist/esm/lucide-react.mjs [Client Component SSR]
    ./.gemini/antigravity/scratch/teacher-tracking/src/components/pages/DailyTasksPage.tsx [Client Component SSR]
    ./.gemini/antigravity/scratch/teacher-tracking/src/components/AppShell.tsx [Client Component SSR]
    ./.gemini/antigravity/scratch/teacher-tracking/src/app/page.tsx [Client Component SSR]
    ./.gemini/antigravity/scratch/teacher-tracking/src/app/page.tsx [Server Component]

https://nextjs.org/docs/messages/module-not-found


./.gemini/antigravity/scratch/teacher-tracking/node_modules/lucide-react/dist/esm/lucide-react.mjs:1700:1
Module not found: Can't resolve './icons/zodiac-leo.mjs'
  [90m1698 |[0m ...[33mZodiacAries[0m, [36mdefault[0m [36mas[0m [33mZodiacAries[0m, [36mdefault[0m [36mas[0m [33mZodiacAriesIcon[0m }.[36m..[0m
  [90m1699 |[0m ...[33mZodiacGemini[0m, [36mdefault[0m [36mas[0m [33mZodiacGemini[0m, [36mdefault[0m [36mas[0m [33mZodiacGeminiIco.[0m..
[31m[1m>[0m [90m1700 |[0m ...[33mZodiacLeo[0m, [36mdefault[0m [36mas[0m [33mZodiacLeo[0m, [36mdefault[0m [36mas[0m [33mZodiacLeoIcon[0m } [36mfrom[0m [32m...[0m
  [90m     |[0m    [31m[1m^^^^^^^^^^^^^^^^^^^^^^^^^^^^^^^^^^^^^^^^^^^^^^^^^^^^^^^^^^^^^^^^^^^^[0m
  [90m1701 |[0m ...[33mZodiacLibra[0m, [36mdefault[0m [36mas[0m [33mZodiacLibra[0m, [36mdefault[0m [36mas[0m [33mZodiacLibraIcon[0m }.[36m..[0m
  [90m1702 |[0m ...[33mZodiacOphiuchus[0m, [36mdefault[0m [36mas[0m [33mZodiacOphiuchus[0m, [36mdefault[0m [36mas[0m [33mZodiacOph...[0m
  [90m1703 |[0m ...[33mZodiacPisces[0m, [36mdefault[0m [36mas[0m [33mZodiacPisces[0m, [36mdefault[0m [36mas[0m [33mZodiacPiscesIco.[0m..



Import traces:
  Client Component Browser:
    ./.gemini/antigravity/scratch/teacher-tracking/node_modules/lucide-react/dist/esm/lucide-react.mjs [Client Component Browser]
    ./.gemini/antigravity/scratch/teacher-tracking/src/components/pages/DailyTasksPage.tsx [Client Component Browser]
    ./.gemini/antigravity/scratch/teacher-tracking/src/components/AppShell.tsx [Client Component Browser]
    ./.gemini/antigravity/scratch/teacher-tracking/src/app/page.tsx [Client Component Browser]
    ./.gemini/antigravity/scratch/teacher-tracking/src/app/page.tsx [Server Component]

  Client Component SSR:
    ./.gemini/antigravity/scratch/teacher-tracking/node_modules/lucide-react/dist/esm/lucide-react.mjs [Client Component SSR]
    ./.gemini/antigravity/scratch/teacher-tracking/src/components/pages/DailyTasksPage.tsx [Client Component SSR]
    ./.gemini/antigravity/scratch/teacher-tracking/src/components/AppShell.tsx [Client Component SSR]
    ./.gemini/antigravity/scratch/teacher-tracking/src/app/page.tsx [Client Component SSR]
    ./.gemini/antigravity/scratch/teacher-tracking/src/app/page.tsx [Server Component]

https://nextjs.org/docs/messages/module-not-found


./.gemini/antigravity/scratch/teacher-tracking/node_modules/lucide-react/dist/esm/lucide-react.mjs:1701:1
Module not found: Can't resolve './icons/zodiac-libra.mjs'
  [90m1699 |[0m ...[33macGemini[0m, [36mdefault[0m [36mas[0m [33mZodiacGemini[0m, [36mdefault[0m [36mas[0m [33mZodiacGeminiIcon[0m } [36m...[0m
  [90m1700 |[0m ...[33macLeo[0m, [36mdefault[0m [36mas[0m [33mZodiacLeo[0m, [36mdefault[0m [36mas[0m [33mZodiacLeoIcon[0m } [36mfrom[0m [32m'./i...[0m
[31m[1m>[0m [90m1701 |[0m ...[33macLibra[0m, [36mdefault[0m [36mas[0m [33mZodiacLibra[0m, [36mdefault[0m [36mas[0m [33mZodiacLibraIcon[0m } [36mfro.[0m.[32m.[0m
  [90m     |[0m    [31m[1m^^^^^^^^^^^^^^^^^^^^^^^^^^^^^^^^^^^^^^^^^^^^^^^^^^^^^^^^^^^^^^^^^^^^[0m
  [90m1702 |[0m ...[33macOphiuchus[0m, [36mdefault[0m [36mas[0m [33mZodiacOphiuchus[0m, [36mdefault[0m [36mas[0m [33mZodiacOphiuch...[0m
  [90m1703 |[0m ...[33macPisces[0m, [36mdefault[0m [36mas[0m [33mZodiacPisces[0m, [36mdefault[0m [36mas[0m [33mZodiacPiscesIcon[0m } [36m...[0m
  [90m1704 |[0m ...[33macSagittarius[0m, [36mdefault[0m [36mas[0m [33mZodiacSagittarius[0m, [36mdefault[0m [36mas[0m [33mZodiacSag...[0m



Import traces:
  Client Component Browser:
    ./.gemini/antigravity/scratch/teacher-tracking/node_modules/lucide-react/dist/esm/lucide-react.mjs [Client Component Browser]
    ./.gemini/antigravity/scratch/teacher-tracking/src/components/pages/DailyTasksPage.tsx [Client Component Browser]
    ./.gemini/antigravity/scratch/teacher-tracking/src/components/AppShell.tsx [Client Component Browser]
    ./.gemini/antigravity/scratch/teacher-tracking/src/app/page.tsx [Client Component Browser]
    ./.gemini/antigravity/scratch/teacher-tracking/src/app/page.tsx [Server Component]

  Client Component SSR:
    ./.gemini/antigravity/scratch/teacher-tracking/node_modules/lucide-react/dist/esm/lucide-react.mjs [Client Component SSR]
    ./.gemini/antigravity/scratch/teacher-tracking/src/components/pages/DailyTasksPage.tsx [Client Component SSR]
    ./.gemini/antigravity/scratch/teacher-tracking/src/components/AppShell.tsx [Client Component SSR]
    ./.gemini/antigravity/scratch/teacher-tracking/src/app/page.tsx [Client Component SSR]
    ./.gemini/antigravity/scratch/teacher-tracking/src/app/page.tsx [Server Component]

https://nextjs.org/docs/messages/module-not-found


./.gemini/antigravity/scratch/teacher-tracking/node_modules/lucide-react/dist/esm/lucide-react.mjs:1702:1
Module not found: Can't resolve './icons/zodiac-ophiuchus.mjs'
  [90m1700 |[0m ...[36mefault[0m [36mas[0m [33mZodiacLeo[0m, [36mdefault[0m [36mas[0m [33mZodiacLeoIcon[0m } [36mfrom[0m [32m'./icons/zod...[0m
  [90m1701 |[0m ... [36mdefault[0m [36mas[0m [33mZodiacLibra[0m, [36mdefault[0m [36mas[0m [33mZodiacLibraIcon[0m } [36mfrom[0m [32m'./ico...[0m
[31m[1m>[0m [90m1702 |[0m ...[33mhus[0m, [36mdefault[0m [36mas[0m [33mZodiacOphiuchus[0m, [36mdefault[0m [36mas[0m [33mZodiacOphiuchusIcon[0m }.[36m..[0m
  [90m     |[0m    [31m[1m^^^^^^^^^^^^^^^^^^^^^^^^^^^^^^^^^^^^^^^^^^^^^^^^^^^^^^^^^^^^^^^^^^^^[0m
  [90m1703 |[0m ..., [36mdefault[0m [36mas[0m [33mZodiacPisces[0m, [36mdefault[0m [36mas[0m [33mZodiacPiscesIcon[0m } [36mfrom[0m [32m'./...[0m
  [90m1704 |[0m ...[33marius[0m, [36mdefault[0m [36mas[0m [33mZodiacSagittarius[0m, [36mdefault[0m [36mas[0m [33mZodiacSagittarius...[0m
  [90m1705 |[0m ...[33mo[0m, [36mdefault[0m [36mas[0m [33mZodiacScorpio[0m, [36mdefault[0m [36mas[0m [33mZodiacScorpioIcon[0m } [36mfrom[0m [32m...[0m



Import traces:
  Client Component Browser:
    ./.gemini/antigravity/scratch/teacher-tracking/node_modules/lucide-react/dist/esm/lucide-react.mjs [Client Component Browser]
    ./.gemini/antigravity/scratch/teacher-tracking/src/components/pages/DailyTasksPage.tsx [Client Component Browser]
    ./.gemini/antigravity/scratch/teacher-tracking/src/components/AppShell.tsx [Client Component Browser]
    ./.gemini/antigravity/scratch/teacher-tracking/src/app/page.tsx [Client Component Browser]
    ./.gemini/antigravity/scratch/teacher-tracking/src/app/page.tsx [Server Component]

  Client Component SSR:
    ./.gemini/antigravity/scratch/teacher-tracking/node_modules/lucide-react/dist/esm/lucide-react.mjs [Client Component SSR]
    ./.gemini/antigravity/scratch/teacher-tracking/src/components/pages/DailyTasksPage.tsx [Client Component SSR]
    ./.gemini/antigravity/scratch/teacher-tracking/src/components/AppShell.tsx [Client Component SSR]
    ./.gemini/antigravity/scratch/teacher-tracking/src/app/page.tsx [Client Component SSR]
    ./.gemini/antigravity/scratch/teacher-tracking/src/app/page.tsx [Server Component]

https://nextjs.org/docs/messages/module-not-found


./.gemini/antigravity/scratch/teacher-tracking/node_modules/lucide-react/dist/esm/lucide-react.mjs:1703:1
Module not found: Can't resolve './icons/zodiac-pisces.mjs'
  [90m1701 |[0m ...[33mLibra[0m, [36mdefault[0m [36mas[0m [33mZodiacLibra[0m, [36mdefault[0m [36mas[0m [33mZodiacLibraIcon[0m } [36mfrom[0m [32m...[0m
  [90m1702 |[0m ...[33mOphiuchus[0m, [36mdefault[0m [36mas[0m [33mZodiacOphiuchus[0m, [36mdefault[0m [36mas[0m [33mZodiacOphiuchus...[0m
[31m[1m>[0m [90m1703 |[0m ...[33mPisces[0m, [36mdefault[0m [36mas[0m [33mZodiacPisces[0m, [36mdefault[0m [36mas[0m [33mZodiacPiscesIcon[0m } [36mfr..[0m.
  [90m     |[0m    [31m[1m^^^^^^^^^^^^^^^^^^^^^^^^^^^^^^^^^^^^^^^^^^^^^^^^^^^^^^^^^^^^^^^^^^^^[0m
  [90m1704 |[0m ...[33mSagittarius[0m, [36mdefault[0m [36mas[0m [33mZodiacSagittarius[0m, [36mdefault[0m [36mas[0m [33mZodiacSagit...[0m
  [90m1705 |[0m ...[33mScorpio[0m, [36mdefault[0m [36mas[0m [33mZodiacScorpio[0m, [36mdefault[0m [36mas[0m [33mZodiacScorpioIcon[0m }.[36m..[0m
  [90m1706 |[0m ...[33mTaurus[0m, [36mdefault[0m [36mas[0m [33mZodiacTaurus[0m, [36mdefault[0m [36mas[0m [33mZodiacTaurusIcon[0m } [36mfr..[0m.



Import traces:
  Client Component Browser:
    ./.gemini/antigravity/scratch/teacher-tracking/node_modules/lucide-react/dist/esm/lucide-react.mjs [Client Component Browser]
    ./.gemini/antigravity/scratch/teacher-tracking/src/components/pages/DailyTasksPage.tsx [Client Component Browser]
    ./.gemini/antigravity/scratch/teacher-tracking/src/components/AppShell.tsx [Client Component Browser]
    ./.gemini/antigravity/scratch/teacher-tracking/src/app/page.tsx [Client Component Browser]
    ./.gemini/antigravity/scratch/teacher-tracking/src/app/page.tsx [Server Component]

  Client Component SSR:
    ./.gemini/antigravity/scratch/teacher-tracking/node_modules/lucide-react/dist/esm/lucide-react.mjs [Client Component SSR]
    ./.gemini/antigravity/scratch/teacher-tracking/src/components/pages/DailyTasksPage.tsx [Client Component SSR]
    ./.gemini/antigravity/scratch/teacher-tracking/src/components/AppShell.tsx [Client Component SSR]
    ./.gemini/antigravity/scratch/teacher-tracking/src/app/page.tsx [Client Component SSR]
    ./.gemini/antigravity/scratch/teacher-tracking/src/app/page.tsx [Server Component]

https://nextjs.org/docs/messages/module-not-found


./.gemini/antigravity/scratch/teacher-tracking/node_modules/lucide-react/dist/esm/lucide-react.mjs:1704:1
Module not found: Can't resolve './icons/zodiac-sagittarius.mjs'
  [90m1702 |[0m ... [36mdefault[0m [36mas[0m [33mZodiacOphiuchus[0m, [36mdefault[0m [36mas[0m [33mZodiacOphiuchusIcon[0m } [36mfro.[0m.[32m.[0m
  [90m1703 |[0m ...[36mfault[0m [36mas[0m [33mZodiacPisces[0m, [36mdefault[0m [36mas[0m [33mZodiacPiscesIcon[0m } [36mfrom[0m [32m'./icon...[0m
[31m[1m>[0m [90m1704 |[0m ...[33ms[0m, [36mdefault[0m [36mas[0m [33mZodiacSagittarius[0m, [36mdefault[0m [36mas[0m [33mZodiacSagittariusIcon[0m...
  [90m     |[0m    [31m[1m^^^^^^^^^^^^^^^^^^^^^^^^^^^^^^^^^^^^^^^^^^^^^^^^^^^^^^^^^^^^^^^^^^^^[0m
  [90m1705 |[0m ...[36mefault[0m [36mas[0m [33mZodiacScorpio[0m, [36mdefault[0m [36mas[0m [33mZodiacScorpioIcon[0m } [36mfrom[0m [32m'./i...[0m
  [90m1706 |[0m ...[36mfault[0m [36mas[0m [33mZodiacTaurus[0m, [36mdefault[0m [36mas[0m [33mZodiacTaurusIcon[0m } [36mfrom[0m [32m'./icon...[0m
  [90m1707 |[0m ...[36mas[0m [33mZoomIn[0m, [36mdefault[0m [36mas[0m [33mZoomInIcon[0m } [36mfrom[0m [32m'./icons/zoom-in.mjs'[0m;



Import traces:
  Client Component Browser:
    ./.gemini/antigravity/scratch/teacher-tracking/node_modules/lucide-react/dist/esm/lucide-react.mjs [Client Component Browser]
    ./.gemini/antigravity/scratch/teacher-tracking/src/components/pages/DailyTasksPage.tsx [Client Component Browser]
    ./.gemini/antigravity/scratch/teacher-tracking/src/components/AppShell.tsx [Client Component Browser]
    ./.gemini/antigravity/scratch/teacher-tracking/src/app/page.tsx [Client Component Browser]
    ./.gemini/antigravity/scratch/teacher-tracking/src/app/page.tsx [Server Component]

  Client Component SSR:
    ./.gemini/antigravity/scratch/teacher-tracking/node_modules/lucide-react/dist/esm/lucide-react.mjs [Client Component SSR]
    ./.gemini/antigravity/scratch/teacher-tracking/src/components/pages/DailyTasksPage.tsx [Client Component SSR]
    ./.gemini/antigravity/scratch/teacher-tracking/src/components/AppShell.tsx [Client Component SSR]
    ./.gemini/antigravity/scratch/teacher-tracking/src/app/page.tsx [Client Component SSR]
    ./.gemini/antigravity/scratch/teacher-tracking/src/app/page.tsx [Server Component]

https://nextjs.org/docs/messages/module-not-found


./.gemini/antigravity/scratch/teacher-tracking/node_modules/lucide-react/dist/esm/lucide-react.mjs:1705:1
Module not found: Can't resolve './icons/zodiac-scorpio.mjs'
  [90m1703 |[0m ...[33msces[0m, [36mdefault[0m [36mas[0m [33mZodiacPisces[0m, [36mdefault[0m [36mas[0m [33mZodiacPiscesIcon[0m } [36mfrom[0m.[32m..[0m
  [90m1704 |[0m ...[33mgittarius[0m, [36mdefault[0m [36mas[0m [33mZodiacSagittarius[0m, [36mdefault[0m [36mas[0m [33mZodiacSagitta...[0m
[31m[1m>[0m [90m1705 |[0m ...[33morpio[0m, [36mdefault[0m [36mas[0m [33mZodiacScorpio[0m, [36mdefault[0m [36mas[0m [33mZodiacScorpioIcon[0m } [36mf...[0m
  [90m     |[0m    [31m[1m^^^^^^^^^^^^^^^^^^^^^^^^^^^^^^^^^^^^^^^^^^^^^^^^^^^^^^^^^^^^^^^^^^^^[0m
  [90m1706 |[0m ...[33murus[0m, [36mdefault[0m [36mas[0m [33mZodiacTaurus[0m, [36mdefault[0m [36mas[0m [33mZodiacTaurusIcon[0m } [36mfrom[0m.[32m..[0m
  [90m1707 |[0m ...[36mdefault[0m [36mas[0m [33mZoomIn[0m, [36mdefault[0m [36mas[0m [33mZoomInIcon[0m } [36mfrom[0m [32m'./icons/zoom-in....[0m
  [90m1708 |[0m ...[33mrgo[0m, [36mdefault[0m [36mas[0m [33mZodiacVirgo[0m, [36mdefault[0m [36mas[0m [33mZodiacVirgoIcon[0m } [36mfrom[0m [32m'....[0m



Import traces:
  Client Component Browser:
    ./.gemini/antigravity/scratch/teacher-tracking/node_modules/lucide-react/dist/esm/lucide-react.mjs [Client Component Browser]
    ./.gemini/antigravity/scratch/teacher-tracking/src/components/pages/DailyTasksPage.tsx [Client Component Browser]
    ./.gemini/antigravity/scratch/teacher-tracking/src/components/AppShell.tsx [Client Component Browser]
    ./.gemini/antigravity/scratch/teacher-tracking/src/app/page.tsx [Client Component Browser]
    ./.gemini/antigravity/scratch/teacher-tracking/src/app/page.tsx [Server Component]

  Client Component SSR:
    ./.gemini/antigravity/scratch/teacher-tracking/node_modules/lucide-react/dist/esm/lucide-react.mjs [Client Component SSR]
    ./.gemini/antigravity/scratch/teacher-tracking/src/components/pages/DailyTasksPage.tsx [Client Component SSR]
    ./.gemini/antigravity/scratch/teacher-tracking/src/components/AppShell.tsx [Client Component SSR]
    ./.gemini/antigravity/scratch/teacher-tracking/src/app/page.tsx [Client Component SSR]
    ./.gemini/antigravity/scratch/teacher-tracking/src/app/page.tsx [Server Component]

https://nextjs.org/docs/messages/module-not-found


./.gemini/antigravity/scratch/teacher-tracking/node_modules/lucide-react/dist/esm/lucide-react.mjs:1706:1
Module not found: Can't resolve './icons/zodiac-taurus.mjs'
  [90m1704 |[0m ...[33mSagittarius[0m, [36mdefault[0m [36mas[0m [33mZodiacSagittarius[0m, [36mdefault[0m [36mas[0m [33mZodiacSagit...[0m
  [90m1705 |[0m ...[33mScorpio[0m, [36mdefault[0m [36mas[0m [33mZodiacScorpio[0m, [36mdefault[0m [36mas[0m [33mZodiacScorpioIcon[0m }.[36m..[0m
[31m[1m>[0m [90m1706 |[0m ...[33mTaurus[0m, [36mdefault[0m [36mas[0m [33mZodiacTaurus[0m, [36mdefault[0m [36mas[0m [33mZodiacTaurusIcon[0m } [36mfr..[0m.
  [90m     |[0m    [31m[1m^^^^^^^^^^^^^^^^^^^^^^^^^^^^^^^^^^^^^^^^^^^^^^^^^^^^^^^^^^^^^^^^^^^^[0m
  [90m1707 |[0m ..., [36mdefault[0m [36mas[0m [33mZoomIn[0m, [36mdefault[0m [36mas[0m [33mZoomInIcon[0m } [36mfrom[0m [32m'./icons/zoom-i...[0m
  [90m1708 |[0m ...[33mVirgo[0m, [36mdefault[0m [36mas[0m [33mZodiacVirgo[0m, [36mdefault[0m [36mas[0m [33mZodiacVirgoIcon[0m } [36mfrom[0m [32m...[0m
  [90m1709 |[0m ...[33mt[0m, [36mdefault[0m [36mas[0m [33mZoomOut[0m, [36mdefault[0m [36mas[0m [33mZoomOutIcon[0m } [36mfrom[0m [32m'./icons/zoo...[0m



Import traces:
  Client Component Browser:
    ./.gemini/antigravity/scratch/teacher-tracking/node_modules/lucide-react/dist/esm/lucide-react.mjs [Client Component Browser]
    ./.gemini/antigravity/scratch/teacher-tracking/src/components/pages/DailyTasksPage.tsx [Client Component Browser]
    ./.gemini/antigravity/scratch/teacher-tracking/src/components/AppShell.tsx [Client Component Browser]
    ./.gemini/antigravity/scratch/teacher-tracking/src/app/page.tsx [Client Component Browser]
    ./.gemini/antigravity/scratch/teacher-tracking/src/app/page.tsx [Server Component]

  Client Component SSR:
    ./.gemini/antigravity/scratch/teacher-tracking/node_modules/lucide-react/dist/esm/lucide-react.mjs [Client Component SSR]
    ./.gemini/antigravity/scratch/teacher-tracking/src/components/pages/DailyTasksPage.tsx [Client Component SSR]
    ./.gemini/antigravity/scratch/teacher-tracking/src/components/AppShell.tsx [Client Component SSR]
    ./.gemini/antigravity/scratch/teacher-tracking/src/app/page.tsx [Client Component SSR]
    ./.gemini/antigravity/scratch/teacher-tracking/src/app/page.tsx [Server Component]

https://nextjs.org/docs/messages/module-not-found


./.gemini/antigravity/scratch/teacher-tracking/node_modules/lucide-react/dist/esm/lucide-react.mjs:1708:1
Module not found: Can't resolve './icons/zodiac-virgo.mjs'
  [90m1706 |[0m ...[33macTaurus[0m, [36mdefault[0m [36mas[0m [33mZodiacTaurus[0m, [36mdefault[0m [36mas[0m [33mZodiacTaurusIcon[0m } [36m...[0m
  [90m1707 |[0m ...[33mIn[0m, [36mdefault[0m [36mas[0m [33mZoomIn[0m, [36mdefault[0m [36mas[0m [33mZoomInIcon[0m } [36mfrom[0m [32m'./icons/zoom...[0m
[31m[1m>[0m [90m1708 |[0m ...[33macVirgo[0m, [36mdefault[0m [36mas[0m [33mZodiacVirgo[0m, [36mdefault[0m [36mas[0m [33mZodiacVirgoIcon[0m } [36mfro.[0m.[32m.[0m
  [90m     |[0m    [31m[1m^^^^^^^^^^^^^^^^^^^^^^^^^^^^^^^^^^^^^^^^^^^^^^^^^^^^^^^^^^^^^^^^^^^^[0m
  [90m1709 |[0m ...[33mOut[0m, [36mdefault[0m [36mas[0m [33mZoomOut[0m, [36mdefault[0m [36mas[0m [33mZoomOutIcon[0m } [36mfrom[0m [32m'./icons/z...[0m
  [90m1710 |[0m ...[33m1[0m, [36mdefault[0m [36mas[0m [33mArrowDown01Icon[0m, [36mdefault[0m [36mas[0m [33mLucideArrowDown01[0m } [36mfro.[0m.[32m.[0m
  [90m1711 |[0m ...[33m0[0m, [36mdefault[0m [36mas[0m [33mArrowDown10Icon[0m, [36mdefault[0m [36mas[0m [33mLucideArrowDown10[0m } [36mfro.[0m.[32m.[0m



Import traces:
  Client Component Browser:
    ./.gemini/antigravity/scratch/teacher-tracking/node_modules/lucide-react/dist/esm/lucide-react.mjs [Client Component Browser]
    ./.gemini/antigravity/scratch/teacher-tracking/src/components/pages/DailyTasksPage.tsx [Client Component Browser]
    ./.gemini/antigravity/scratch/teacher-tracking/src/components/AppShell.tsx [Client Component Browser]
    ./.gemini/antigravity/scratch/teacher-tracking/src/app/page.tsx [Client Component Browser]
    ./.gemini/antigravity/scratch/teacher-tracking/src/app/page.tsx [Server Component]

  Client Component SSR:
    ./.gemini/antigravity/scratch/teacher-tracking/node_modules/lucide-react/dist/esm/lucide-react.mjs [Client Component SSR]
    ./.gemini/antigravity/scratch/teacher-tracking/src/components/pages/DailyTasksPage.tsx [Client Component SSR]
    ./.gemini/antigravity/scratch/teacher-tracking/src/components/AppShell.tsx [Client Component SSR]
    ./.gemini/antigravity/scratch/teacher-tracking/src/app/page.tsx [Client Component SSR]
    ./.gemini/antigravity/scratch/teacher-tracking/src/app/page.tsx [Server Component]

https://nextjs.org/docs/messages/module-not-found


./.gemini/antigravity/scratch/teacher-tracking/node_modules/lucide-react/dist/esm/lucide-react.mjs:1707:1
Module not found: Can't resolve './icons/zoom-in.mjs'
  [90m1705 |[0m ...[33mLucideZodiacScorpio[0m, [36mdefault[0m [36mas[0m [33mZodiacScorpio[0m, [36mdefault[0m [36mas[0m [33mZodiacS...[0m
  [90m1706 |[0m ...[33mLucideZodiacTaurus[0m, [36mdefault[0m [36mas[0m [33mZodiacTaurus[0m, [36mdefault[0m [36mas[0m [33mZodiacTau...[0m
[31m[1m>[0m [90m1707 |[0m ...[33mLucideZoomIn[0m, [36mdefault[0m [36mas[0m [33mZoomIn[0m, [36mdefault[0m [36mas[0m [33mZoomInIcon[0m } [36mfrom[0m [32m'./...[0m
  [90m     |[0m    [31m[1m^^^^^^^^^^^^^^^^^^^^^^^^^^^^^^^^^^^^^^^^^^^^^^^^^^^^^^^^^^^^^^^^^^^^[0m
  [90m1708 |[0m ...[33mLucideZodiacVirgo[0m, [36mdefault[0m [36mas[0m [33mZodiacVirgo[0m, [36mdefault[0m [36mas[0m [33mZodiacVirgo...[0m
  [90m1709 |[0m ...[33mLucideZoomOut[0m, [36mdefault[0m [36mas[0m [33mZoomOut[0m, [36mdefault[0m [36mas[0m [33mZoomOutIcon[0m } [36mfrom[0m [32m...[0m
  [90m1710 |[0m ...[33mArrowDown01[0m, [36mdefault[0m [36mas[0m [33mArrowDown01Icon[0m, [36mdefault[0m [36mas[0m [33mLucideArrowDo...[0m



Import traces:
  Client Component Browser:
    ./.gemini/antigravity/scratch/teacher-tracking/node_modules/lucide-react/dist/esm/lucide-react.mjs [Client Component Browser]
    ./.gemini/antigravity/scratch/teacher-tracking/src/components/pages/DailyTasksPage.tsx [Client Component Browser]
    ./.gemini/antigravity/scratch/teacher-tracking/src/components/AppShell.tsx [Client Component Browser]
    ./.gemini/antigravity/scratch/teacher-tracking/src/app/page.tsx [Client Component Browser]
    ./.gemini/antigravity/scratch/teacher-tracking/src/app/page.tsx [Server Component]

  Client Component SSR:
    ./.gemini/antigravity/scratch/teacher-tracking/node_modules/lucide-react/dist/esm/lucide-react.mjs [Client Component SSR]
    ./.gemini/antigravity/scratch/teacher-tracking/src/components/pages/DailyTasksPage.tsx [Client Component SSR]
    ./.gemini/antigravity/scratch/teacher-tracking/src/components/AppShell.tsx [Client Component SSR]
    ./.gemini/antigravity/scratch/teacher-tracking/src/app/page.tsx [Client Component SSR]
    ./.gemini/antigravity/scratch/teacher-tracking/src/app/page.tsx [Server Component]

https://nextjs.org/docs/messages/module-not-found


./.gemini/antigravity/scratch/teacher-tracking/node_modules/lucide-react/dist/esm/lucide-react.mjs:1709:1
Module not found: Can't resolve './icons/zoom-out.mjs'
  [90m1707 |[0m ...[33mcideZoomIn[0m, [36mdefault[0m [36mas[0m [33mZoomIn[0m, [36mdefault[0m [36mas[0m [33mZoomInIcon[0m } [36mfrom[0m [32m'./ic...[0m
  [90m1708 |[0m ...[33mcideZodiacVirgo[0m, [36mdefault[0m [36mas[0m [33mZodiacVirgo[0m, [36mdefault[0m [36mas[0m [33mZodiacVirgoIc..[0m.
[31m[1m>[0m [90m1709 |[0m ...[33mcideZoomOut[0m, [36mdefault[0m [36mas[0m [33mZoomOut[0m, [36mdefault[0m [36mas[0m [33mZoomOutIcon[0m } [36mfrom[0m [32m'....[0m
  [90m     |[0m    [31m[1m^^^^^^^^^^^^^^^^^^^^^^^^^^^^^^^^^^^^^^^^^^^^^^^^^^^^^^^^^^^^^^^^^^^^[0m
  [90m1710 |[0m ...[33mrowDown01[0m, [36mdefault[0m [36mas[0m [33mArrowDown01Icon[0m, [36mdefault[0m [36mas[0m [33mLucideArrowDown..[0m.
  [90m1711 |[0m ...[33mrowDown10[0m, [36mdefault[0m [36mas[0m [33mArrowDown10Icon[0m, [36mdefault[0m [36mas[0m [33mLucideArrowDown..[0m.
  [90m1712 |[0m ...[33mrowUp01[0m, [36mdefault[0m [36mas[0m [33mArrowUp01Icon[0m, [36mdefault[0m [36mas[0m [33mLucideArrowUp01[0m } [36mf...[0m



Import traces:
  Client Component Browser:
    ./.gemini/antigravity/scratch/teacher-tracking/node_modules/lucide-react/dist/esm/lucide-react.mjs [Client Component Browser]
    ./.gemini/antigravity/scratch/teacher-tracking/src/components/pages/DailyTasksPage.tsx [Client Component Browser]
    ./.gemini/antigravity/scratch/teacher-tracking/src/components/AppShell.tsx [Client Component Browser]
    ./.gemini/antigravity/scratch/teacher-tracking/src/app/page.tsx [Client Component Browser]
    ./.gemini/antigravity/scratch/teacher-tracking/src/app/page.tsx [Server Component]

  Client Component SSR:
    ./.gemini/antigravity/scratch/teacher-tracking/node_modules/lucide-react/dist/esm/lucide-react.mjs [Client Component SSR]
    ./.gemini/antigravity/scratch/teacher-tracking/src/components/pages/DailyTasksPage.tsx [Client Component SSR]
    ./.gemini/antigravity/scratch/teacher-tracking/src/components/AppShell.tsx [Client Component SSR]
    ./.gemini/antigravity/scratch/teacher-tracking/src/app/page.tsx [Client Component SSR]
    ./.gemini/antigravity/scratch/teacher-tracking/src/app/page.tsx [Server Component]

https://nextjs.org/docs/messages/module-not-found


./.gemini/antigravity/scratch/teacher-tracking/node_modules/lucide-react/dist/esm/icons/index.mjs:1092:1
Module not found: Can't resolve './package-minus.mjs'
  [90m1090 |[0m [36mexport[0m { [36mdefault[0m [36mas[0m [33mOrigami[0m } [36mfrom[0m [32m'./origami.mjs'[0m;
  [90m1091 |[0m [36mexport[0m { [36mdefault[0m [36mas[0m [33mPackage2[0m } [36mfrom[0m [32m'./package-2.mjs'[0m;
[31m[1m>[0m [90m1092 |[0m [36mexport[0m { [36mdefault[0m [36mas[0m [33mPackageMinus[0m } [36mfrom[0m [32m'./package-minus.mjs'[0m;
  [90m     |[0m [31m[1m^^^^^^^^^^^^^^^^^^^^^^^^^^^^^^^^^^^^^^^^^^^^^^^^^^^^^^^^^^^^^^[0m
  [90m1093 |[0m [36mexport[0m { [36mdefault[0m [36mas[0m [33mPackageCheck[0m } [36mfrom[0m [32m'./package-check.mjs'[0m;
  [90m1094 |[0m [36mexport[0m { [36mdefault[0m [36mas[0m [33mPackageOpen[0m } [36mfrom[0m [32m'./package-open.mjs'[0m;
  [90m1095 |[0m [36mexport[0m { [36mdefault[0m [36mas[0m [33mPackagePlus[0m } [36mfrom[0m [32m'./package-plus.mjs'[0m;



Import traces:
  Client Component Browser:
    ./.gemini/antigravity/scratch/teacher-tracking/node_modules/lucide-react/dist/esm/icons/index.mjs [Client Component Browser]
    ./.gemini/antigravity/scratch/teacher-tracking/node_modules/lucide-react/dist/esm/lucide-react.mjs [Client Component Browser]
    ./.gemini/antigravity/scratch/teacher-tracking/src/components/pages/DailyTasksPage.tsx [Client Component Browser]
    ./.gemini/antigravity/scratch/teacher-tracking/src/components/AppShell.tsx [Client Component Browser]
    ./.gemini/antigravity/scratch/teacher-tracking/src/app/page.tsx [Client Component Browser]
    ./.gemini/antigravity/scratch/teacher-tracking/src/app/page.tsx [Server Component]

  Client Component SSR:
    ./.gemini/antigravity/scratch/teacher-tracking/node_modules/lucide-react/dist/esm/icons/index.mjs [Client Component SSR]
    ./.gemini/antigravity/scratch/teacher-tracking/node_modules/lucide-react/dist/esm/lucide-react.mjs [Client Component SSR]
    ./.gemini/antigravity/scratch/teacher-tracking/src/components/pages/DailyTasksPage.tsx [Client Component SSR]
    ./.gemini/antigravity/scratch/teacher-tracking/src/components/AppShell.tsx [Client Component SSR]
    ./.gemini/antigravity/scratch/teacher-tracking/src/app/page.tsx [Client Component SSR]
    ./.gemini/antigravity/scratch/teacher-tracking/src/app/page.tsx [Server Component]

https://nextjs.org/docs/messages/module-not-found


./.gemini/antigravity/scratch/teacher-tracking/node_modules/lucide-react/dist/esm/icons/index.mjs:1120:1
Module not found: Can't resolve './panel-top-open.mjs'
  [90m1118 |[0m [36mexport[0m { [36mdefault[0m [36mas[0m [33mPanelTopBottomDashed[0m } [36mfrom[0m [32m'./panel-top-bottom-...[0m
  [90m1119 |[0m [36mexport[0m { [36mdefault[0m [36mas[0m [33mPanelTopClose[0m } [36mfrom[0m [32m'./panel-top-close.mjs'[0m;
[31m[1m>[0m [90m1120 |[0m [36mexport[0m { [36mdefault[0m [36mas[0m [33mPanelTopOpen[0m } [36mfrom[0m [32m'./panel-top-open.mjs'[0m;
  [90m     |[0m [31m[1m^^^^^^^^^^^^^^^^^^^^^^^^^^^^^^^^^^^^^^^^^^^^^^^^^^^^^^^^^^^^^^^[0m
  [90m1121 |[0m [36mexport[0m { [36mdefault[0m [36mas[0m [33mPanelTopDashed[0m } [36mfrom[0m [32m'./panel-top-dashed.mjs'[0m;
  [90m1122 |[0m [36mexport[0m { [36mdefault[0m [36mas[0m [33mPanelTop[0m } [36mfrom[0m [32m'./panel-top.mjs'[0m;
  [90m1123 |[0m [36mexport[0m { [36mdefault[0m [36mas[0m [33mPanelsLeftBottom[0m } [36mfrom[0m [32m'./panels-left-bottom.mjs'[0m;



Import traces:
  Client Component Browser:
    ./.gemini/antigravity/scratch/teacher-tracking/node_modules/lucide-react/dist/esm/icons/index.mjs [Client Component Browser]
    ./.gemini/antigravity/scratch/teacher-tracking/node_modules/lucide-react/dist/esm/lucide-react.mjs [Client Component Browser]
    ./.gemini/antigravity/scratch/teacher-tracking/src/components/pages/DailyTasksPage.tsx [Client Component Browser]
    ./.gemini/antigravity/scratch/teacher-tracking/src/components/AppShell.tsx [Client Component Browser]
    ./.gemini/antigravity/scratch/teacher-tracking/src/app/page.tsx [Client Component Browser]
    ./.gemini/antigravity/scratch/teacher-tracking/src/app/page.tsx [Server Component]

  Client Component SSR:
    ./.gemini/antigravity/scratch/teacher-tracking/node_modules/lucide-react/dist/esm/icons/index.mjs [Client Component SSR]
    ./.gemini/antigravity/scratch/teacher-tracking/node_modules/lucide-react/dist/esm/lucide-react.mjs [Client Component SSR]
    ./.gemini/antigravity/scratch/teacher-tracking/src/components/pages/DailyTasksPage.tsx [Client Component SSR]
    ./.gemini/antigravity/scratch/teacher-tracking/src/components/AppShell.tsx [Client Component SSR]
    ./.gemini/antigravity/scratch/teacher-tracking/src/app/page.tsx [Client Component SSR]
    ./.gemini/antigravity/scratch/teacher-tracking/src/app/page.tsx [Server Component]

https://nextjs.org/docs/messages/module-not-found


./.gemini/antigravity/scratch/teacher-tracking/node_modules/lucide-react/dist/esm/icons/index.mjs:1122:1
Module not found: Can't resolve './panel-top.mjs'
  [90m1120 |[0m [36mexport[0m { [36mdefault[0m [36mas[0m [33mPanelTopOpen[0m } [36mfrom[0m [32m'./panel-top-open.mjs'[0m;
  [90m1121 |[0m [36mexport[0m { [36mdefault[0m [36mas[0m [33mPanelTopDashed[0m } [36mfrom[0m [32m'./panel-top-dashed.mjs'[0m;
[31m[1m>[0m [90m1122 |[0m [36mexport[0m { [36mdefault[0m [36mas[0m [33mPanelTop[0m } [36mfrom[0m [32m'./panel-top.mjs'[0m;
  [90m     |[0m [31m[1m^^^^^^^^^^^^^^^^^^^^^^^^^^^^^^^^^^^^^^^^^^^^^^^^^^^^^^[0m
  [90m1123 |[0m [36mexport[0m { [36mdefault[0m [36mas[0m [33mPanelsLeftBottom[0m } [36mfrom[0m [32m'./panels-left-bottom.mjs'[0m;
  [90m1124 |[0m [36mexport[0m { [36mdefault[0m [36mas[0m [33mPanelsRightBottom[0m } [36mfrom[0m [32m'./panels-right-bottom....[0m
  [90m1125 |[0m [36mexport[0m { [36mdefault[0m [36mas[0m [33mPanelsTopLeft[0m } [36mfrom[0m [32m'./panels-top-left.mjs'[0m;



Import traces:
  Client Component Browser:
    ./.gemini/antigravity/scratch/teacher-tracking/node_modules/lucide-react/dist/esm/icons/index.mjs [Client Component Browser]
    ./.gemini/antigravity/scratch/teacher-tracking/node_modules/lucide-react/dist/esm/lucide-react.mjs [Client Component Browser]
    ./.gemini/antigravity/scratch/teacher-tracking/src/components/pages/DailyTasksPage.tsx [Client Component Browser]
    ./.gemini/antigravity/scratch/teacher-tracking/src/components/AppShell.tsx [Client Component Browser]
    ./.gemini/antigravity/scratch/teacher-tracking/src/app/page.tsx [Client Component Browser]
    ./.gemini/antigravity/scratch/teacher-tracking/src/app/page.tsx [Server Component]

  Client Component SSR:
    ./.gemini/antigravity/scratch/teacher-tracking/node_modules/lucide-react/dist/esm/icons/index.mjs [Client Component SSR]
    ./.gemini/antigravity/scratch/teacher-tracking/node_modules/lucide-react/dist/esm/lucide-react.mjs [Client Component SSR]
    ./.gemini/antigravity/scratch/teacher-tracking/src/components/pages/DailyTasksPage.tsx [Client Component SSR]
    ./.gemini/antigravity/scratch/teacher-tracking/src/components/AppShell.tsx [Client Component SSR]
    ./.gemini/antigravity/scratch/teacher-tracking/src/app/page.tsx [Client Component SSR]
    ./.gemini/antigravity/scratch/teacher-tracking/src/app/page.tsx [Server Component]

https://nextjs.org/docs/messages/module-not-found


./.gemini/antigravity/scratch/teacher-tracking/node_modules/lucide-react/dist/esm/icons/index.mjs:1123:1
Module not found: Can't resolve './panels-left-bottom.mjs'
  [90m1121 |[0m ...[36mort[0m { [36mdefault[0m [36mas[0m [33mPanelTopDashed[0m } [36mfrom[0m [32m'./panel-top-dashed.mjs'[0m;
  [90m1122 |[0m ...[36mort[0m { [36mdefault[0m [36mas[0m [33mPanelTop[0m } [36mfrom[0m [32m'./panel-top.mjs'[0m;
[31m[1m>[0m [90m1123 |[0m ...[36mort[0m { [36mdefault[0m [36mas[0m [33mPanelsLeftBottom[0m } [36mfrom[0m [32m'./panels-left-bottom.mjs'[0m;
  [90m     |[0m    [31m[1m^^^^^^^^^^^^^^^^^^^^^^^^^^^^^^^^^^^^^^^^^^^^^^^^^^^^^^^^^^^^^^^^^^^^[0m
  [90m1124 |[0m ...[36mort[0m { [36mdefault[0m [36mas[0m [33mPanelsRightBottom[0m } [36mfrom[0m [32m'./panels-right-bottom....[0m
  [90m1125 |[0m ...[36mort[0m { [36mdefault[0m [36mas[0m [33mPanelsTopLeft[0m } [36mfrom[0m [32m'./panels-top-left.mjs'[0m;
  [90m1126 |[0m ...[36mort[0m { [36mdefault[0m [36mas[0m [33mPaperclip[0m } [36mfrom[0m [32m'./paperclip.mjs'[0m;



Import traces:
  Client Component Browser:
    ./.gemini/antigravity/scratch/teacher-tracking/node_modules/lucide-react/dist/esm/icons/index.mjs [Client Component Browser]
    ./.gemini/antigravity/scratch/teacher-tracking/node_modules/lucide-react/dist/esm/lucide-react.mjs [Client Component Browser]
    ./.gemini/antigravity/scratch/teacher-tracking/src/components/pages/DailyTasksPage.tsx [Client Component Browser]
    ./.gemini/antigravity/scratch/teacher-tracking/src/components/AppShell.tsx [Client Component Browser]
    ./.gemini/antigravity/scratch/teacher-tracking/src/app/page.tsx [Client Component Browser]
    ./.gemini/antigravity/scratch/teacher-tracking/src/app/page.tsx [Server Component]

  Client Component SSR:
    ./.gemini/antigravity/scratch/teacher-tracking/node_modules/lucide-react/dist/esm/icons/index.mjs [Client Component SSR]
    ./.gemini/antigravity/scratch/teacher-tracking/node_modules/lucide-react/dist/esm/lucide-react.mjs [Client Component SSR]
    ./.gemini/antigravity/scratch/teacher-tracking/src/components/pages/DailyTasksPage.tsx [Client Component SSR]
    ./.gemini/antigravity/scratch/teacher-tracking/src/components/AppShell.tsx [Client Component SSR]
    ./.gemini/antigravity/scratch/teacher-tracking/src/app/page.tsx [Client Component SSR]
    ./.gemini/antigravity/scratch/teacher-tracking/src/app/page.tsx [Server Component]

https://nextjs.org/docs/messages/module-not-found


./.gemini/antigravity/scratch/teacher-tracking/node_modules/lucide-react/dist/esm/icons/index.mjs:1135:1
Module not found: Can't resolve './pen-line.mjs'
  [90m1133 |[0m [36mexport[0m { [36mdefault[0m [36mas[0m [33mPenOff[0m } [36mfrom[0m [32m'./pen-off.mjs'[0m;
  [90m1134 |[0m [36mexport[0m { [36mdefault[0m [36mas[0m [33mPenTool[0m } [36mfrom[0m [32m'./pen-tool.mjs'[0m;
[31m[1m>[0m [90m1135 |[0m [36mexport[0m { [36mdefault[0m [36mas[0m [33mPenLine[0m } [36mfrom[0m [32m'./pen-line.mjs'[0m;
  [90m     |[0m [31m[1m^^^^^^^^^^^^^^^^^^^^^^^^^^^^^^^^^^^^^^^^^^^^^^^^^^^^[0m
  [90m1136 |[0m [36mexport[0m { [36mdefault[0m [36mas[0m [33mPen[0m } [36mfrom[0m [32m'./pen.mjs'[0m;
  [90m1137 |[0m [36mexport[0m { [36mdefault[0m [36mas[0m [33mPencilLine[0m } [36mfrom[0m [32m'./pencil-line.mjs'[0m;
  [90m1138 |[0m [36mexport[0m { [36mdefault[0m [36mas[0m [33mPencilOff[0m } [36mfrom[0m [32m'./pencil-off.mjs'[0m;



Import traces:
  Client Component Browser:
    ./.gemini/antigravity/scratch/teacher-tracking/node_modules/lucide-react/dist/esm/icons/index.mjs [Client Component Browser]
    ./.gemini/antigravity/scratch/teacher-tracking/node_modules/lucide-react/dist/esm/lucide-react.mjs [Client Component Browser]
    ./.gemini/antigravity/scratch/teacher-tracking/src/components/pages/DailyTasksPage.tsx [Client Component Browser]
    ./.gemini/antigravity/scratch/teacher-tracking/src/components/AppShell.tsx [Client Component Browser]
    ./.gemini/antigravity/scratch/teacher-tracking/src/app/page.tsx [Client Component Browser]
    ./.gemini/antigravity/scratch/teacher-tracking/src/app/page.tsx [Server Component]

  Client Component SSR:
    ./.gemini/antigravity/scratch/teacher-tracking/node_modules/lucide-react/dist/esm/icons/index.mjs [Client Component SSR]
    ./.gemini/antigravity/scratch/teacher-tracking/node_modules/lucide-react/dist/esm/lucide-react.mjs [Client Component SSR]
    ./.gemini/antigravity/scratch/teacher-tracking/src/components/pages/DailyTasksPage.tsx [Client Component SSR]
    ./.gemini/antigravity/scratch/teacher-tracking/src/components/AppShell.tsx [Client Component SSR]
    ./.gemini/antigravity/scratch/teacher-tracking/src/app/page.tsx [Client Component SSR]
    ./.gemini/antigravity/scratch/teacher-tracking/src/app/page.tsx [Server Component]

https://nextjs.org/docs/messages/module-not-found


./.gemini/antigravity/scratch/teacher-tracking/node_modules/lucide-react/dist/esm/icons/index.mjs:1133:1
Module not found: Can't resolve './pen-off.mjs'
  [90m1131 |[0m [36mexport[0m { [36mdefault[0m [36mas[0m [33mPawPrint[0m } [36mfrom[0m [32m'./paw-print.mjs'[0m;
  [90m1132 |[0m [36mexport[0m { [36mdefault[0m [36mas[0m [33mPcCase[0m } [36mfrom[0m [32m'./pc-case.mjs'[0m;
[31m[1m>[0m [90m1133 |[0m [36mexport[0m { [36mdefault[0m [36mas[0m [33mPenOff[0m } [36mfrom[0m [32m'./pen-off.mjs'[0m;
  [90m     |[0m [31m[1m^^^^^^^^^^^^^^^^^^^^^^^^^^^^^^^^^^^^^^^^^^^^^^^^^^[0m
  [90m1134 |[0m [36mexport[0m { [36mdefault[0m [36mas[0m [33mPenTool[0m } [36mfrom[0m [32m'./pen-tool.mjs'[0m;
  [90m1135 |[0m [36mexport[0m { [36mdefault[0m [36mas[0m [33mPenLine[0m } [36mfrom[0m [32m'./pen-line.mjs'[0m;
  [90m1136 |[0m [36mexport[0m { [36mdefault[0m [36mas[0m [33mPen[0m } [36mfrom[0m [32m'./pen.mjs'[0m;



Import traces:
  Client Component Browser:
    ./.gemini/antigravity/scratch/teacher-tracking/node_modules/lucide-react/dist/esm/icons/index.mjs [Client Component Browser]
    ./.gemini/antigravity/scratch/teacher-tracking/node_modules/lucide-react/dist/esm/lucide-react.mjs [Client Component Browser]
    ./.gemini/antigravity/scratch/teacher-tracking/src/components/pages/DailyTasksPage.tsx [Client Component Browser]
    ./.gemini/antigravity/scratch/teacher-tracking/src/components/AppShell.tsx [Client Component Browser]
    ./.gemini/antigravity/scratch/teacher-tracking/src/app/page.tsx [Client Component Browser]
    ./.gemini/antigravity/scratch/teacher-tracking/src/app/page.tsx [Server Component]

  Client Component SSR:
    ./.gemini/antigravity/scratch/teacher-tracking/node_modules/lucide-react/dist/esm/icons/index.mjs [Client Component SSR]
    ./.gemini/antigravity/scratch/teacher-tracking/node_modules/lucide-react/dist/esm/lucide-react.mjs [Client Component SSR]
    ./.gemini/antigravity/scratch/teacher-tracking/src/components/pages/DailyTasksPage.tsx [Client Component SSR]
    ./.gemini/antigravity/scratch/teacher-tracking/src/components/AppShell.tsx [Client Component SSR]
    ./.gemini/antigravity/scratch/teacher-tracking/src/app/page.tsx [Client Component SSR]
    ./.gemini/antigravity/scratch/teacher-tracking/src/app/page.tsx [Server Component]

https://nextjs.org/docs/messages/module-not-found


./.gemini/antigravity/scratch/teacher-tracking/node_modules/lucide-react/dist/esm/icons/index.mjs:1142:1
Module not found: Can't resolve './percent.mjs'
  [90m1140 |[0m [36mexport[0m { [36mdefault[0m [36mas[0m [33mPencil[0m } [36mfrom[0m [32m'./pencil.mjs'[0m;
  [90m1141 |[0m [36mexport[0m { [36mdefault[0m [36mas[0m [33mPentagon[0m } [36mfrom[0m [32m'./pentagon.mjs'[0m;
[31m[1m>[0m [90m1142 |[0m [36mexport[0m { [36mdefault[0m [36mas[0m [33mPercent[0m } [36mfrom[0m [32m'./percent.mjs'[0m;
  [90m     |[0m [31m[1m^^^^^^^^^^^^^^^^^^^^^^^^^^^^^^^^^^^^^^^^^^^^^^^^^^^[0m
  [90m1143 |[0m [36mexport[0m { [36mdefault[0m [36mas[0m [33mPersonStanding[0m } [36mfrom[0m [32m'./person-standing.mjs'[0m;
  [90m1144 |[0m [36mexport[0m { [36mdefault[0m [36mas[0m [33mPhoneCall[0m } [36mfrom[0m [32m'./phone-call.mjs'[0m;
  [90m1145 |[0m [36mexport[0m { [36mdefault[0m [36mas[0m [33mPhilippinePeso[0m } [36mfrom[0m [32m'./philippine-peso.mjs'[0m;



Import traces:
  Client Component Browser:
    ./.gemini/antigravity/scratch/teacher-tracking/node_modules/lucide-react/dist/esm/icons/index.mjs [Client Component Browser]
    ./.gemini/antigravity/scratch/teacher-tracking/node_modules/lucide-react/dist/esm/lucide-react.mjs [Client Component Browser]
    ./.gemini/antigravity/scratch/teacher-tracking/src/components/pages/DailyTasksPage.tsx [Client Component Browser]
    ./.gemini/antigravity/scratch/teacher-tracking/src/components/AppShell.tsx [Client Component Browser]
    ./.gemini/antigravity/scratch/teacher-tracking/src/app/page.tsx [Client Component Browser]
    ./.gemini/antigravity/scratch/teacher-tracking/src/app/page.tsx [Server Component]

  Client Component SSR:
    ./.gemini/antigravity/scratch/teacher-tracking/node_modules/lucide-react/dist/esm/icons/index.mjs [Client Component SSR]
    ./.gemini/antigravity/scratch/teacher-tracking/node_modules/lucide-react/dist/esm/lucide-react.mjs [Client Component SSR]
    ./.gemini/antigravity/scratch/teacher-tracking/src/components/pages/DailyTasksPage.tsx [Client Component SSR]
    ./.gemini/antigravity/scratch/teacher-tracking/src/components/AppShell.tsx [Client Component SSR]
    ./.gemini/antigravity/scratch/teacher-tracking/src/app/page.tsx [Client Component SSR]
    ./.gemini/antigravity/scratch/teacher-tracking/src/app/page.tsx [Server Component]

https://nextjs.org/docs/messages/module-not-found


./.gemini/antigravity/scratch/teacher-tracking/node_modules/lucide-react/dist/esm/icons/index.mjs:1143:1
Module not found: Can't resolve './person-standing.mjs'
  [90m1141 |[0m [36mexport[0m { [36mdefault[0m [36mas[0m [33mPentagon[0m } [36mfrom[0m [32m'./pentagon.mjs'[0m;
  [90m1142 |[0m [36mexport[0m { [36mdefault[0m [36mas[0m [33mPercent[0m } [36mfrom[0m [32m'./percent.mjs'[0m;
[31m[1m>[0m [90m1143 |[0m [36mexport[0m { [36mdefault[0m [36mas[0m [33mPersonStanding[0m } [36mfrom[0m [32m'./person-standing.mjs'[0m;
  [90m     |[0m [31m[1m^^^^^^^^^^^^^^^^^^^^^^^^^^^^^^^^^^^^^^^^^^^^^^^^^^^^^^^^^^^^^^^^^^[0m
  [90m1144 |[0m [36mexport[0m { [36mdefault[0m [36mas[0m [33mPhoneCall[0m } [36mfrom[0m [32m'./phone-call.mjs'[0m;
  [90m1145 |[0m [36mexport[0m { [36mdefault[0m [36mas[0m [33mPhilippinePeso[0m } [36mfrom[0m [32m'./philippine-peso.mjs'[0m;
  [90m1146 |[0m [36mexport[0m { [36mdefault[0m [36mas[0m [33mPhoneForwarded[0m } [36mfrom[0m [32m'./phone-forwarded.mjs'[0m;



Import traces:
  Client Component Browser:
    ./.gemini/antigravity/scratch/teacher-tracking/node_modules/lucide-react/dist/esm/icons/index.mjs [Client Component Browser]
    ./.gemini/antigravity/scratch/teacher-tracking/node_modules/lucide-react/dist/esm/lucide-react.mjs [Client Component Browser]
    ./.gemini/antigravity/scratch/teacher-tracking/src/components/pages/DailyTasksPage.tsx [Client Component Browser]
    ./.gemini/antigravity/scratch/teacher-tracking/src/components/AppShell.tsx [Client Component Browser]
    ./.gemini/antigravity/scratch/teacher-tracking/src/app/page.tsx [Client Component Browser]
    ./.gemini/antigravity/scratch/teacher-tracking/src/app/page.tsx [Server Component]

  Client Component SSR:
    ./.gemini/antigravity/scratch/teacher-tracking/node_modules/lucide-react/dist/esm/icons/index.mjs [Client Component SSR]
    ./.gemini/antigravity/scratch/teacher-tracking/node_modules/lucide-react/dist/esm/lucide-react.mjs [Client Component SSR]
    ./.gemini/antigravity/scratch/teacher-tracking/src/components/pages/DailyTasksPage.tsx [Client Component SSR]
    ./.gemini/antigravity/scratch/teacher-tracking/src/components/AppShell.tsx [Client Component SSR]
    ./.gemini/antigravity/scratch/teacher-tracking/src/app/page.tsx [Client Component SSR]
    ./.gemini/antigravity/scratch/teacher-tracking/src/app/page.tsx [Server Component]

https://nextjs.org/docs/messages/module-not-found


./.gemini/antigravity/scratch/teacher-tracking/node_modules/lucide-react/dist/esm/icons/index.mjs:1148:1
Module not found: Can't resolve './phone-missed.mjs'
  [90m1146 |[0m [36mexport[0m { [36mdefault[0m [36mas[0m [33mPhoneForwarded[0m } [36mfrom[0m [32m'./phone-forwarded.mjs'[0m;
  [90m1147 |[0m [36mexport[0m { [36mdefault[0m [36mas[0m [33mPhoneIncoming[0m } [36mfrom[0m [32m'./phone-incoming.mjs'[0m;
[31m[1m>[0m [90m1148 |[0m [36mexport[0m { [36mdefault[0m [36mas[0m [33mPhoneMissed[0m } [36mfrom[0m [32m'./phone-missed.mjs'[0m;
  [90m     |[0m [31m[1m^^^^^^^^^^^^^^^^^^^^^^^^^^^^^^^^^^^^^^^^^^^^^^^^^^^^^^^^^^^^[0m
  [90m1149 |[0m [36mexport[0m { [36mdefault[0m [36mas[0m [33mPhoneOff[0m } [36mfrom[0m [32m'./phone-off.mjs'[0m;
  [90m1150 |[0m [36mexport[0m { [36mdefault[0m [36mas[0m [33mPhoneOutgoing[0m } [36mfrom[0m [32m'./phone-outgoing.mjs'[0m;
  [90m1151 |[0m [36mexport[0m { [36mdefault[0m [36mas[0m [33mPi[0m } [36mfrom[0m [32m'./pi.mjs'[0m;



Import traces:
  Client Component Browser:
    ./.gemini/antigravity/scratch/teacher-tracking/node_modules/lucide-react/dist/esm/icons/index.mjs [Client Component Browser]
    ./.gemini/antigravity/scratch/teacher-tracking/node_modules/lucide-react/dist/esm/lucide-react.mjs [Client Component Browser]
    ./.gemini/antigravity/scratch/teacher-tracking/src/components/pages/DailyTasksPage.tsx [Client Component Browser]
    ./.gemini/antigravity/scratch/teacher-tracking/src/components/AppShell.tsx [Client Component Browser]
    ./.gemini/antigravity/scratch/teacher-tracking/src/app/page.tsx [Client Component Browser]
    ./.gemini/antigravity/scratch/teacher-tracking/src/app/page.tsx [Server Component]

  Client Component SSR:
    ./.gemini/antigravity/scratch/teacher-tracking/node_modules/lucide-react/dist/esm/icons/index.mjs [Client Component SSR]
    ./.gemini/antigravity/scratch/teacher-tracking/node_modules/lucide-react/dist/esm/lucide-react.mjs [Client Component SSR]
    ./.gemini/antigravity/scratch/teacher-tracking/src/components/pages/DailyTasksPage.tsx [Client Component SSR]
    ./.gemini/antigravity/scratch/teacher-tracking/src/components/AppShell.tsx [Client Component SSR]
    ./.gemini/antigravity/scratch/teacher-tracking/src/app/page.tsx [Client Component SSR]
    ./.gemini/antigravity/scratch/teacher-tracking/src/app/page.tsx [Server Component]

https://nextjs.org/docs/messages/module-not-found


./.gemini/antigravity/scratch/teacher-tracking/node_modules/lucide-react/dist/esm/icons/index.mjs:1149:1
Module not found: Can't resolve './phone-off.mjs'
  [90m1147 |[0m [36mexport[0m { [36mdefault[0m [36mas[0m [33mPhoneIncoming[0m } [36mfrom[0m [32m'./phone-incoming.mjs'[0m;
  [90m1148 |[0m [36mexport[0m { [36mdefault[0m [36mas[0m [33mPhoneMissed[0m } [36mfrom[0m [32m'./phone-missed.mjs'[0m;
[31m[1m>[0m [90m1149 |[0m [36mexport[0m { [36mdefault[0m [36mas[0m [33mPhoneOff[0m } [36mfrom[0m [32m'./phone-off.mjs'[0m;
  [90m     |[0m [31m[1m^^^^^^^^^^^^^^^^^^^^^^^^^^^^^^^^^^^^^^^^^^^^^^^^^^^^^^[0m
  [90m1150 |[0m [36mexport[0m { [36mdefault[0m [36mas[0m [33mPhoneOutgoing[0m } [36mfrom[0m [32m'./phone-outgoing.mjs'[0m;
  [90m1151 |[0m [36mexport[0m { [36mdefault[0m [36mas[0m [33mPi[0m } [36mfrom[0m [32m'./pi.mjs'[0m;
  [90m1152 |[0m [36mexport[0m { [36mdefault[0m [36mas[0m [33mPiano[0m } [36mfrom[0m [32m'./piano.mjs'[0m;



Import traces:
  Client Component Browser:
    ./.gemini/antigravity/scratch/teacher-tracking/node_modules/lucide-react/dist/esm/icons/index.mjs [Client Component Browser]
    ./.gemini/antigravity/scratch/teacher-tracking/node_modules/lucide-react/dist/esm/lucide-react.mjs [Client Component Browser]
    ./.gemini/antigravity/scratch/teacher-tracking/src/components/pages/DailyTasksPage.tsx [Client Component Browser]
    ./.gemini/antigravity/scratch/teacher-tracking/src/components/AppShell.tsx [Client Component Browser]
    ./.gemini/antigravity/scratch/teacher-tracking/src/app/page.tsx [Client Component Browser]
    ./.gemini/antigravity/scratch/teacher-tracking/src/app/page.tsx [Server Component]

  Client Component SSR:
    ./.gemini/antigravity/scratch/teacher-tracking/node_modules/lucide-react/dist/esm/icons/index.mjs [Client Component SSR]
    ./.gemini/antigravity/scratch/teacher-tracking/node_modules/lucide-react/dist/esm/lucide-react.mjs [Client Component SSR]
    ./.gemini/antigravity/scratch/teacher-tracking/src/components/pages/DailyTasksPage.tsx [Client Component SSR]
    ./.gemini/antigravity/scratch/teacher-tracking/src/components/AppShell.tsx [Client Component SSR]
    ./.gemini/antigravity/scratch/teacher-tracking/src/app/page.tsx [Client Component SSR]
    ./.gemini/antigravity/scratch/teacher-tracking/src/app/page.tsx [Server Component]

https://nextjs.org/docs/messages/module-not-found


./.gemini/antigravity/scratch/teacher-tracking/node_modules/lucide-react/dist/esm/icons/index.mjs:1150:1
Module not found: Can't resolve './phone-outgoing.mjs'
  [90m1148 |[0m [36mexport[0m { [36mdefault[0m [36mas[0m [33mPhoneMissed[0m } [36mfrom[0m [32m'./phone-missed.mjs'[0m;
  [90m1149 |[0m [36mexport[0m { [36mdefault[0m [36mas[0m [33mPhoneOff[0m } [36mfrom[0m [32m'./phone-off.mjs'[0m;
[31m[1m>[0m [90m1150 |[0m [36mexport[0m { [36mdefault[0m [36mas[0m [33mPhoneOutgoing[0m } [36mfrom[0m [32m'./phone-outgoing.mjs'[0m;
  [90m     |[0m [31m[1m^^^^^^^^^^^^^^^^^^^^^^^^^^^^^^^^^^^^^^^^^^^^^^^^^^^^^^^^^^^^^^^^[0m
  [90m1151 |[0m [36mexport[0m { [36mdefault[0m [36mas[0m [33mPi[0m } [36mfrom[0m [32m'./pi.mjs'[0m;
  [90m1152 |[0m [36mexport[0m { [36mdefault[0m [36mas[0m [33mPiano[0m } [36mfrom[0m [32m'./piano.mjs'[0m;
  [90m1153 |[0m [36mexport[0m { [36mdefault[0m [36mas[0m [33mPhone[0m } [36mfrom[0m [32m'./phone.mjs'[0m;



Import traces:
  Client Component Browser:
    ./.gemini/antigravity/scratch/teacher-tracking/node_modules/lucide-react/dist/esm/icons/index.mjs [Client Component Browser]
    ./.gemini/antigravity/scratch/teacher-tracking/node_modules/lucide-react/dist/esm/lucide-react.mjs [Client Component Browser]
    ./.gemini/antigravity/scratch/teacher-tracking/src/components/pages/DailyTasksPage.tsx [Client Component Browser]
    ./.gemini/antigravity/scratch/teacher-tracking/src/components/AppShell.tsx [Client Component Browser]
    ./.gemini/antigravity/scratch/teacher-tracking/src/app/page.tsx [Client Component Browser]
    ./.gemini/antigravity/scratch/teacher-tracking/src/app/page.tsx [Server Component]

  Client Component SSR:
    ./.gemini/antigravity/scratch/teacher-tracking/node_modules/lucide-react/dist/esm/icons/index.mjs [Client Component SSR]
    ./.gemini/antigravity/scratch/teacher-tracking/node_modules/lucide-react/dist/esm/lucide-react.mjs [Client Component SSR]
    ./.gemini/antigravity/scratch/teacher-tracking/src/components/pages/DailyTasksPage.tsx [Client Component SSR]
    ./.gemini/antigravity/scratch/teacher-tracking/src/components/AppShell.tsx [Client Component SSR]
    ./.gemini/antigravity/scratch/teacher-tracking/src/app/page.tsx [Client Component SSR]
    ./.gemini/antigravity/scratch/teacher-tracking/src/app/page.tsx [Server Component]

https://nextjs.org/docs/messages/module-not-found


./.gemini/antigravity/scratch/teacher-tracking/node_modules/lucide-react/dist/esm/icons/index.mjs:1151:1
Module not found: Can't resolve './pi.mjs'
  [90m1149 |[0m [36mexport[0m { [36mdefault[0m [36mas[0m [33mPhoneOff[0m } [36mfrom[0m [32m'./phone-off.mjs'[0m;
  [90m1150 |[0m [36mexport[0m { [36mdefault[0m [36mas[0m [33mPhoneOutgoing[0m } [36mfrom[0m [32m'./phone-outgoing.mjs'[0m;
[31m[1m>[0m [90m1151 |[0m [36mexport[0m { [36mdefault[0m [36mas[0m [33mPi[0m } [36mfrom[0m [32m'./pi.mjs'[0m;
  [90m     |[0m [31m[1m^^^^^^^^^^^^^^^^^^^^^^^^^^^^^^^^^^^^^^^^^[0m
  [90m1152 |[0m [36mexport[0m { [36mdefault[0m [36mas[0m [33mPiano[0m } [36mfrom[0m [32m'./piano.mjs'[0m;
  [90m1153 |[0m [36mexport[0m { [36mdefault[0m [36mas[0m [33mPhone[0m } [36mfrom[0m [32m'./phone.mjs'[0m;
  [90m1154 |[0m [36mexport[0m { [36mdefault[0m [36mas[0m [33mPickaxe[0m } [36mfrom[0m [32m'./pickaxe.mjs'[0m;



Import traces:
  Client Component Browser:
    ./.gemini/antigravity/scratch/teacher-tracking/node_modules/lucide-react/dist/esm/icons/index.mjs [Client Component Browser]
    ./.gemini/antigravity/scratch/teacher-tracking/node_modules/lucide-react/dist/esm/lucide-react.mjs [Client Component Browser]
    ./.gemini/antigravity/scratch/teacher-tracking/src/components/pages/DailyTasksPage.tsx [Client Component Browser]
    ./.gemini/antigravity/scratch/teacher-tracking/src/components/AppShell.tsx [Client Component Browser]
    ./.gemini/antigravity/scratch/teacher-tracking/src/app/page.tsx [Client Component Browser]
    ./.gemini/antigravity/scratch/teacher-tracking/src/app/page.tsx [Server Component]

  Client Component SSR:
    ./.gemini/antigravity/scratch/teacher-tracking/node_modules/lucide-react/dist/esm/icons/index.mjs [Client Component SSR]
    ./.gemini/antigravity/scratch/teacher-tracking/node_modules/lucide-react/dist/esm/lucide-react.mjs [Client Component SSR]
    ./.gemini/antigravity/scratch/teacher-tracking/src/components/pages/DailyTasksPage.tsx [Client Component SSR]
    ./.gemini/antigravity/scratch/teacher-tracking/src/components/AppShell.tsx [Client Component SSR]
    ./.gemini/antigravity/scratch/teacher-tracking/src/app/page.tsx [Client Component SSR]
    ./.gemini/antigravity/scratch/teacher-tracking/src/app/page.tsx [Server Component]

https://nextjs.org/docs/messages/module-not-found


./.gemini/antigravity/scratch/teacher-tracking/node_modules/lucide-react/dist/esm/icons/index.mjs:1152:1
Module not found: Can't resolve './piano.mjs'
  [90m1150 |[0m [36mexport[0m { [36mdefault[0m [36mas[0m [33mPhoneOutgoing[0m } [36mfrom[0m [32m'./phone-outgoing.mjs'[0m;
  [90m1151 |[0m [36mexport[0m { [36mdefault[0m [36mas[0m [33mPi[0m } [36mfrom[0m [32m'./pi.mjs'[0m;
[31m[1m>[0m [90m1152 |[0m [36mexport[0m { [36mdefault[0m [36mas[0m [33mPiano[0m } [36mfrom[0m [32m'./piano.mjs'[0m;
  [90m     |[0m [31m[1m^^^^^^^^^^^^^^^^^^^^^^^^^^^^^^^^^^^^^^^^^^^^^^^[0m
  [90m1153 |[0m [36mexport[0m { [36mdefault[0m [36mas[0m [33mPhone[0m } [36mfrom[0m [32m'./phone.mjs'[0m;
  [90m1154 |[0m [36mexport[0m { [36mdefault[0m [36mas[0m [33mPickaxe[0m } [36mfrom[0m [32m'./pickaxe.mjs'[0m;
  [90m1155 |[0m [36mexport[0m { [36mdefault[0m [36mas[0m [33mPictureInPicture2[0m } [36mfrom[0m [32m'./picture-in-picture-2...[0m



Import traces:
  Client Component Browser:
    ./.gemini/antigravity/scratch/teacher-tracking/node_modules/lucide-react/dist/esm/icons/index.mjs [Client Component Browser]
    ./.gemini/antigravity/scratch/teacher-tracking/node_modules/lucide-react/dist/esm/lucide-react.mjs [Client Component Browser]
    ./.gemini/antigravity/scratch/teacher-tracking/src/components/pages/DailyTasksPage.tsx [Client Component Browser]
    ./.gemini/antigravity/scratch/teacher-tracking/src/components/AppShell.tsx [Client Component Browser]
    ./.gemini/antigravity/scratch/teacher-tracking/src/app/page.tsx [Client Component Browser]
    ./.gemini/antigravity/scratch/teacher-tracking/src/app/page.tsx [Server Component]

  Client Component SSR:
    ./.gemini/antigravity/scratch/teacher-tracking/node_modules/lucide-react/dist/esm/icons/index.mjs [Client Component SSR]
    ./.gemini/antigravity/scratch/teacher-tracking/node_modules/lucide-react/dist/esm/lucide-react.mjs [Client Component SSR]
    ./.gemini/antigravity/scratch/teacher-tracking/src/components/pages/DailyTasksPage.tsx [Client Component SSR]
    ./.gemini/antigravity/scratch/teacher-tracking/src/components/AppShell.tsx [Client Component SSR]
    ./.gemini/antigravity/scratch/teacher-tracking/src/app/page.tsx [Client Component SSR]
    ./.gemini/antigravity/scratch/teacher-tracking/src/app/page.tsx [Server Component]

https://nextjs.org/docs/messages/module-not-found


./.gemini/antigravity/scratch/teacher-tracking/node_modules/lucide-react/dist/esm/icons/index.mjs:1154:1
Module not found: Can't resolve './pickaxe.mjs'
  [90m1152 |[0m [36mexport[0m { [36mdefault[0m [36mas[0m [33mPiano[0m } [36mfrom[0m [32m'./piano.mjs'[0m;
  [90m1153 |[0m [36mexport[0m { [36mdefault[0m [36mas[0m [33mPhone[0m } [36mfrom[0m [32m'./phone.mjs'[0m;
[31m[1m>[0m [90m1154 |[0m [36mexport[0m { [36mdefault[0m [36mas[0m [33mPickaxe[0m } [36mfrom[0m [32m'./pickaxe.mjs'[0m;
  [90m     |[0m [31m[1m^^^^^^^^^^^^^^^^^^^^^^^^^^^^^^^^^^^^^^^^^^^^^^^^^^^[0m
  [90m1155 |[0m [36mexport[0m { [36mdefault[0m [36mas[0m [33mPictureInPicture2[0m } [36mfrom[0m [32m'./picture-in-picture-2...[0m
  [90m1156 |[0m [36mexport[0m { [36mdefault[0m [36mas[0m [33mPictureInPicture[0m } [36mfrom[0m [32m'./picture-in-picture.mjs'[0m;
  [90m1157 |[0m [36mexport[0m { [36mdefault[0m [36mas[0m [33mPiggyBank[0m } [36mfrom[0m [32m'./piggy-bank.mjs'[0m;



Import traces:
  Client Component Browser:
    ./.gemini/antigravity/scratch/teacher-tracking/node_modules/lucide-react/dist/esm/icons/index.mjs [Client Component Browser]
    ./.gemini/antigravity/scratch/teacher-tracking/node_modules/lucide-react/dist/esm/lucide-react.mjs [Client Component Browser]
    ./.gemini/antigravity/scratch/teacher-tracking/src/components/pages/DailyTasksPage.tsx [Client Component Browser]
    ./.gemini/antigravity/scratch/teacher-tracking/src/components/AppShell.tsx [Client Component Browser]
    ./.gemini/antigravity/scratch/teacher-tracking/src/app/page.tsx [Client Component Browser]
    ./.gemini/antigravity/scratch/teacher-tracking/src/app/page.tsx [Server Component]

  Client Component SSR:
    ./.gemini/antigravity/scratch/teacher-tracking/node_modules/lucide-react/dist/esm/icons/index.mjs [Client Component SSR]
    ./.gemini/antigravity/scratch/teacher-tracking/node_modules/lucide-react/dist/esm/lucide-react.mjs [Client Component SSR]
    ./.gemini/antigravity/scratch/teacher-tracking/src/components/pages/DailyTasksPage.tsx [Client Component SSR]
    ./.gemini/antigravity/scratch/teacher-tracking/src/components/AppShell.tsx [Client Component SSR]
    ./.gemini/antigravity/scratch/teacher-tracking/src/app/page.tsx [Client Component SSR]
    ./.gemini/antigravity/scratch/teacher-tracking/src/app/page.tsx [Server Component]

https://nextjs.org/docs/messages/module-not-found


./.gemini/antigravity/scratch/teacher-tracking/node_modules/lucide-react/dist/esm/icons/index.mjs:1155:1
Module not found: Can't resolve './picture-in-picture-2.mjs'
  [90m1153 |[0m ...[36mt[0m { [36mdefault[0m [36mas[0m [33mPhone[0m } [36mfrom[0m [32m'./phone.mjs'[0m;
  [90m1154 |[0m ...[36mt[0m { [36mdefault[0m [36mas[0m [33mPickaxe[0m } [36mfrom[0m [32m'./pickaxe.mjs'[0m;
[31m[1m>[0m [90m1155 |[0m ...[36mt[0m { [36mdefault[0m [36mas[0m [33mPictureInPicture2[0m } [36mfrom[0m [32m'./picture-in-picture-2.m...[0m
  [90m     |[0m    [31m[1m^^^^^^^^^^^^^^^^^^^^^^^^^^^^^^^^^^^^^^^^^^^^^^^^^^^^^^^^^^^^^^^^^^^^[0m
  [90m1156 |[0m ...[36mt[0m { [36mdefault[0m [36mas[0m [33mPictureInPicture[0m } [36mfrom[0m [32m'./picture-in-picture.mjs'[0m;
  [90m1157 |[0m ...[36mt[0m { [36mdefault[0m [36mas[0m [33mPiggyBank[0m } [36mfrom[0m [32m'./piggy-bank.mjs'[0m;
  [90m1158 |[0m ...[36mt[0m { [36mdefault[0m [36mas[0m [33mPilcrowLeft[0m } [36mfrom[0m [32m'./pilcrow-left.mjs'[0m;



Import traces:
  Client Component Browser:
    ./.gemini/antigravity/scratch/teacher-tracking/node_modules/lucide-react/dist/esm/icons/index.mjs [Client Component Browser]
    ./.gemini/antigravity/scratch/teacher-tracking/node_modules/lucide-react/dist/esm/lucide-react.mjs [Client Component Browser]
    ./.gemini/antigravity/scratch/teacher-tracking/src/components/pages/DailyTasksPage.tsx [Client Component Browser]
    ./.gemini/antigravity/scratch/teacher-tracking/src/components/AppShell.tsx [Client Component Browser]
    ./.gemini/antigravity/scratch/teacher-tracking/src/app/page.tsx [Client Component Browser]
    ./.gemini/antigravity/scratch/teacher-tracking/src/app/page.tsx [Server Component]

  Client Component SSR:
    ./.gemini/antigravity/scratch/teacher-tracking/node_modules/lucide-react/dist/esm/icons/index.mjs [Client Component SSR]
    ./.gemini/antigravity/scratch/teacher-tracking/node_modules/lucide-react/dist/esm/lucide-react.mjs [Client Component SSR]
    ./.gemini/antigravity/scratch/teacher-tracking/src/components/pages/DailyTasksPage.tsx [Client Component SSR]
    ./.gemini/antigravity/scratch/teacher-tracking/src/components/AppShell.tsx [Client Component SSR]
    ./.gemini/antigravity/scratch/teacher-tracking/src/app/page.tsx [Client Component SSR]
    ./.gemini/antigravity/scratch/teacher-tracking/src/app/page.tsx [Server Component]

https://nextjs.org/docs/messages/module-not-found


./.gemini/antigravity/scratch/teacher-tracking/node_modules/lucide-react/dist/esm/icons/index.mjs:1156:1
Module not found: Can't resolve './picture-in-picture.mjs'
  [90m1154 |[0m ...[36mort[0m { [36mdefault[0m [36mas[0m [33mPickaxe[0m } [36mfrom[0m [32m'./pickaxe.mjs'[0m;
  [90m1155 |[0m ...[36mort[0m { [36mdefault[0m [36mas[0m [33mPictureInPicture2[0m } [36mfrom[0m [32m'./picture-in-picture-2...[0m
[31m[1m>[0m [90m1156 |[0m ...[36mort[0m { [36mdefault[0m [36mas[0m [33mPictureInPicture[0m } [36mfrom[0m [32m'./picture-in-picture.mjs'[0m;
  [90m     |[0m    [31m[1m^^^^^^^^^^^^^^^^^^^^^^^^^^^^^^^^^^^^^^^^^^^^^^^^^^^^^^^^^^^^^^^^^^^^[0m
  [90m1157 |[0m ...[36mort[0m { [36mdefault[0m [36mas[0m [33mPiggyBank[0m } [36mfrom[0m [32m'./piggy-bank.mjs'[0m;
  [90m1158 |[0m ...[36mort[0m { [36mdefault[0m [36mas[0m [33mPilcrowLeft[0m } [36mfrom[0m [32m'./pilcrow-left.mjs'[0m;
  [90m1159 |[0m ...[36mort[0m { [36mdefault[0m [36mas[0m [33mPilcrowRight[0m } [36mfrom[0m [32m'./pilcrow-right.mjs'[0m;



Import traces:
  Client Component Browser:
    ./.gemini/antigravity/scratch/teacher-tracking/node_modules/lucide-react/dist/esm/icons/index.mjs [Client Component Browser]
    ./.gemini/antigravity/scratch/teacher-tracking/node_modules/lucide-react/dist/esm/lucide-react.mjs [Client Component Browser]
    ./.gemini/antigravity/scratch/teacher-tracking/src/components/pages/DailyTasksPage.tsx [Client Component Browser]
    ./.gemini/antigravity/scratch/teacher-tracking/src/components/AppShell.tsx [Client Component Browser]
    ./.gemini/antigravity/scratch/teacher-tracking/src/app/page.tsx [Client Component Browser]
    ./.gemini/antigravity/scratch/teacher-tracking/src/app/page.tsx [Server Component]

  Client Component SSR:
    ./.gemini/antigravity/scratch/teacher-tracking/node_modules/lucide-react/dist/esm/icons/index.mjs [Client Component SSR]
    ./.gemini/antigravity/scratch/teacher-tracking/node_modules/lucide-react/dist/esm/lucide-react.mjs [Client Component SSR]
    ./.gemini/antigravity/scratch/teacher-tracking/src/components/pages/DailyTasksPage.tsx [Client Component SSR]
    ./.gemini/antigravity/scratch/teacher-tracking/src/components/AppShell.tsx [Client Component SSR]
    ./.gemini/antigravity/scratch/teacher-tracking/src/app/page.tsx [Client Component SSR]
    ./.gemini/antigravity/scratch/teacher-tracking/src/app/page.tsx [Server Component]

https://nextjs.org/docs/messages/module-not-found


./.gemini/antigravity/scratch/teacher-tracking/node_modules/lucide-react/dist/esm/icons/index.mjs:1157:1
Module not found: Can't resolve './piggy-bank.mjs'
  [90m1155 |[0m [36mexport[0m { [36mdefault[0m [36mas[0m [33mPictureInPicture2[0m } [36mfrom[0m [32m'./picture-in-picture-2...[0m
  [90m1156 |[0m [36mexport[0m { [36mdefault[0m [36mas[0m [33mPictureInPicture[0m } [36mfrom[0m [32m'./picture-in-picture.mjs'[0m;
[31m[1m>[0m [90m1157 |[0m [36mexport[0m { [36mdefault[0m [36mas[0m [33mPiggyBank[0m } [36mfrom[0m [32m'./piggy-bank.mjs'[0m;
  [90m     |[0m [31m[1m^^^^^^^^^^^^^^^^^^^^^^^^^^^^^^^^^^^^^^^^^^^^^^^^^^^^^^^^[0m
  [90m1158 |[0m [36mexport[0m { [36mdefault[0m [36mas[0m [33mPilcrowLeft[0m } [36mfrom[0m [32m'./pilcrow-left.mjs'[0m;
  [90m1159 |[0m [36mexport[0m { [36mdefault[0m [36mas[0m [33mPilcrowRight[0m } [36mfrom[0m [32m'./pilcrow-right.mjs'[0m;
  [90m1160 |[0m [36mexport[0m { [36mdefault[0m [36mas[0m [33mPilcrow[0m } [36mfrom[0m [32m'./pilcrow.mjs'[0m;



Import traces:
  Client Component Browser:
    ./.gemini/antigravity/scratch/teacher-tracking/node_modules/lucide-react/dist/esm/icons/index.mjs [Client Component Browser]
    ./.gemini/antigravity/scratch/teacher-tracking/node_modules/lucide-react/dist/esm/lucide-react.mjs [Client Component Browser]
    ./.gemini/antigravity/scratch/teacher-tracking/src/components/pages/DailyTasksPage.tsx [Client Component Browser]
    ./.gemini/antigravity/scratch/teacher-tracking/src/components/AppShell.tsx [Client Component Browser]
    ./.gemini/antigravity/scratch/teacher-tracking/src/app/page.tsx [Client Component Browser]
    ./.gemini/antigravity/scratch/teacher-tracking/src/app/page.tsx [Server Component]

  Client Component SSR:
    ./.gemini/antigravity/scratch/teacher-tracking/node_modules/lucide-react/dist/esm/icons/index.mjs [Client Component SSR]
    ./.gemini/antigravity/scratch/teacher-tracking/node_modules/lucide-react/dist/esm/lucide-react.mjs [Client Component SSR]
    ./.gemini/antigravity/scratch/teacher-tracking/src/components/pages/DailyTasksPage.tsx [Client Component SSR]
    ./.gemini/antigravity/scratch/teacher-tracking/src/components/AppShell.tsx [Client Component SSR]
    ./.gemini/antigravity/scratch/teacher-tracking/src/app/page.tsx [Client Component SSR]
    ./.gemini/antigravity/scratch/teacher-tracking/src/app/page.tsx [Server Component]

https://nextjs.org/docs/messages/module-not-found


./.gemini/antigravity/scratch/teacher-tracking/node_modules/lucide-react/dist/esm/icons/index.mjs:1158:1
Module not found: Can't resolve './pilcrow-left.mjs'
  [90m1156 |[0m [36mexport[0m { [36mdefault[0m [36mas[0m [33mPictureInPicture[0m } [36mfrom[0m [32m'./picture-in-picture.mjs'[0m;
  [90m1157 |[0m [36mexport[0m { [36mdefault[0m [36mas[0m [33mPiggyBank[0m } [36mfrom[0m [32m'./piggy-bank.mjs'[0m;
[31m[1m>[0m [90m1158 |[0m [36mexport[0m { [36mdefault[0m [36mas[0m [33mPilcrowLeft[0m } [36mfrom[0m [32m'./pilcrow-left.mjs'[0m;
  [90m     |[0m [31m[1m^^^^^^^^^^^^^^^^^^^^^^^^^^^^^^^^^^^^^^^^^^^^^^^^^^^^^^^^^^^^[0m
  [90m1159 |[0m [36mexport[0m { [36mdefault[0m [36mas[0m [33mPilcrowRight[0m } [36mfrom[0m [32m'./pilcrow-right.mjs'[0m;
  [90m1160 |[0m [36mexport[0m { [36mdefault[0m [36mas[0m [33mPilcrow[0m } [36mfrom[0m [32m'./pilcrow.mjs'[0m;
  [90m1161 |[0m [36mexport[0m { [36mdefault[0m [36mas[0m [33mPillBottle[0m } [36mfrom[0m [32m'./pill-bottle.mjs'[0m;



Import traces:
  Client Component Browser:
    ./.gemini/antigravity/scratch/teacher-tracking/node_modules/lucide-react/dist/esm/icons/index.mjs [Client Component Browser]
    ./.gemini/antigravity/scratch/teacher-tracking/node_modules/lucide-react/dist/esm/lucide-react.mjs [Client Component Browser]
    ./.gemini/antigravity/scratch/teacher-tracking/src/components/pages/DailyTasksPage.tsx [Client Component Browser]
    ./.gemini/antigravity/scratch/teacher-tracking/src/components/AppShell.tsx [Client Component Browser]
    ./.gemini/antigravity/scratch/teacher-tracking/src/app/page.tsx [Client Component Browser]
    ./.gemini/antigravity/scratch/teacher-tracking/src/app/page.tsx [Server Component]

  Client Component SSR:
    ./.gemini/antigravity/scratch/teacher-tracking/node_modules/lucide-react/dist/esm/icons/index.mjs [Client Component SSR]
    ./.gemini/antigravity/scratch/teacher-tracking/node_modules/lucide-react/dist/esm/lucide-react.mjs [Client Component SSR]
    ./.gemini/antigravity/scratch/teacher-tracking/src/components/pages/DailyTasksPage.tsx [Client Component SSR]
    ./.gemini/antigravity/scratch/teacher-tracking/src/components/AppShell.tsx [Client Component SSR]
    ./.gemini/antigravity/scratch/teacher-tracking/src/app/page.tsx [Client Component SSR]
    ./.gemini/antigravity/scratch/teacher-tracking/src/app/page.tsx [Server Component]

https://nextjs.org/docs/messages/module-not-found


./.gemini/antigravity/scratch/teacher-tracking/node_modules/lucide-react/dist/esm/icons/index.mjs:1159:1
Module not found: Can't resolve './pilcrow-right.mjs'
  [90m1157 |[0m [36mexport[0m { [36mdefault[0m [36mas[0m [33mPiggyBank[0m } [36mfrom[0m [32m'./piggy-bank.mjs'[0m;
  [90m1158 |[0m [36mexport[0m { [36mdefault[0m [36mas[0m [33mPilcrowLeft[0m } [36mfrom[0m [32m'./pilcrow-left.mjs'[0m;
[31m[1m>[0m [90m1159 |[0m [36mexport[0m { [36mdefault[0m [36mas[0m [33mPilcrowRight[0m } [36mfrom[0m [32m'./pilcrow-right.mjs'[0m;
  [90m     |[0m [31m[1m^^^^^^^^^^^^^^^^^^^^^^^^^^^^^^^^^^^^^^^^^^^^^^^^^^^^^^^^^^^^^^[0m
  [90m1160 |[0m [36mexport[0m { [36mdefault[0m [36mas[0m [33mPilcrow[0m } [36mfrom[0m [32m'./pilcrow.mjs'[0m;
  [90m1161 |[0m [36mexport[0m { [36mdefault[0m [36mas[0m [33mPillBottle[0m } [36mfrom[0m [32m'./pill-bottle.mjs'[0m;
  [90m1162 |[0m [36mexport[0m { [36mdefault[0m [36mas[0m [33mPill[0m } [36mfrom[0m [32m'./pill.mjs'[0m;



Import traces:
  Client Component Browser:
    ./.gemini/antigravity/scratch/teacher-tracking/node_modules/lucide-react/dist/esm/icons/index.mjs [Client Component Browser]
    ./.gemini/antigravity/scratch/teacher-tracking/node_modules/lucide-react/dist/esm/lucide-react.mjs [Client Component Browser]
    ./.gemini/antigravity/scratch/teacher-tracking/src/components/pages/DailyTasksPage.tsx [Client Component Browser]
    ./.gemini/antigravity/scratch/teacher-tracking/src/components/AppShell.tsx [Client Component Browser]
    ./.gemini/antigravity/scratch/teacher-tracking/src/app/page.tsx [Client Component Browser]
    ./.gemini/antigravity/scratch/teacher-tracking/src/app/page.tsx [Server Component]

  Client Component SSR:
    ./.gemini/antigravity/scratch/teacher-tracking/node_modules/lucide-react/dist/esm/icons/index.mjs [Client Component SSR]
    ./.gemini/antigravity/scratch/teacher-tracking/node_modules/lucide-react/dist/esm/lucide-react.mjs [Client Component SSR]
    ./.gemini/antigravity/scratch/teacher-tracking/src/components/pages/DailyTasksPage.tsx [Client Component SSR]
    ./.gemini/antigravity/scratch/teacher-tracking/src/components/AppShell.tsx [Client Component SSR]
    ./.gemini/antigravity/scratch/teacher-tracking/src/app/page.tsx [Client Component SSR]
    ./.gemini/antigravity/scratch/teacher-tracking/src/app/page.tsx [Server Component]

https://nextjs.org/docs/messages/module-not-found


./.gemini/antigravity/scratch/teacher-tracking/node_modules/lucide-react/dist/esm/icons/index.mjs:1160:1
Module not found: Can't resolve './pilcrow.mjs'
  [90m1158 |[0m [36mexport[0m { [36mdefault[0m [36mas[0m [33mPilcrowLeft[0m } [36mfrom[0m [32m'./pilcrow-left.mjs'[0m;
  [90m1159 |[0m [36mexport[0m { [36mdefault[0m [36mas[0m [33mPilcrowRight[0m } [36mfrom[0m [32m'./pilcrow-right.mjs'[0m;
[31m[1m>[0m [90m1160 |[0m [36mexport[0m { [36mdefault[0m [36mas[0m [33mPilcrow[0m } [36mfrom[0m [32m'./pilcrow.mjs'[0m;
  [90m     |[0m [31m[1m^^^^^^^^^^^^^^^^^^^^^^^^^^^^^^^^^^^^^^^^^^^^^^^^^^^[0m
  [90m1161 |[0m [36mexport[0m { [36mdefault[0m [36mas[0m [33mPillBottle[0m } [36mfrom[0m [32m'./pill-bottle.mjs'[0m;
  [90m1162 |[0m [36mexport[0m { [36mdefault[0m [36mas[0m [33mPill[0m } [36mfrom[0m [32m'./pill.mjs'[0m;
  [90m1163 |[0m [36mexport[0m { [36mdefault[0m [36mas[0m [33mPinOff[0m } [36mfrom[0m [32m'./pin-off.mjs'[0m;



Import traces:
  Client Component Browser:
    ./.gemini/antigravity/scratch/teacher-tracking/node_modules/lucide-react/dist/esm/icons/index.mjs [Client Component Browser]
    ./.gemini/antigravity/scratch/teacher-tracking/node_modules/lucide-react/dist/esm/lucide-react.mjs [Client Component Browser]
    ./.gemini/antigravity/scratch/teacher-tracking/src/components/pages/DailyTasksPage.tsx [Client Component Browser]
    ./.gemini/antigravity/scratch/teacher-tracking/src/components/AppShell.tsx [Client Component Browser]
    ./.gemini/antigravity/scratch/teacher-tracking/src/app/page.tsx [Client Component Browser]
    ./.gemini/antigravity/scratch/teacher-tracking/src/app/page.tsx [Server Component]

  Client Component SSR:
    ./.gemini/antigravity/scratch/teacher-tracking/node_modules/lucide-react/dist/esm/icons/index.mjs [Client Component SSR]
    ./.gemini/antigravity/scratch/teacher-tracking/node_modules/lucide-react/dist/esm/lucide-react.mjs [Client Component SSR]
    ./.gemini/antigravity/scratch/teacher-tracking/src/components/pages/DailyTasksPage.tsx [Client Component SSR]
    ./.gemini/antigravity/scratch/teacher-tracking/src/components/AppShell.tsx [Client Component SSR]
    ./.gemini/antigravity/scratch/teacher-tracking/src/app/page.tsx [Client Component SSR]
    ./.gemini/antigravity/scratch/teacher-tracking/src/app/page.tsx [Server Component]

https://nextjs.org/docs/messages/module-not-found


./.gemini/antigravity/scratch/teacher-tracking/node_modules/lucide-react/dist/esm/icons/index.mjs:1161:1
Module not found: Can't resolve './pill-bottle.mjs'
  [90m1159 |[0m [36mexport[0m { [36mdefault[0m [36mas[0m [33mPilcrowRight[0m } [36mfrom[0m [32m'./pilcrow-right.mjs'[0m;
  [90m1160 |[0m [36mexport[0m { [36mdefault[0m [36mas[0m [33mPilcrow[0m } [36mfrom[0m [32m'./pilcrow.mjs'[0m;
[31m[1m>[0m [90m1161 |[0m [36mexport[0m { [36mdefault[0m [36mas[0m [33mPillBottle[0m } [36mfrom[0m [32m'./pill-bottle.mjs'[0m;
  [90m     |[0m [31m[1m^^^^^^^^^^^^^^^^^^^^^^^^^^^^^^^^^^^^^^^^^^^^^^^^^^^^^^^^^^[0m
  [90m1162 |[0m [36mexport[0m { [36mdefault[0m [36mas[0m [33mPill[0m } [36mfrom[0m [32m'./pill.mjs'[0m;
  [90m1163 |[0m [36mexport[0m { [36mdefault[0m [36mas[0m [33mPinOff[0m } [36mfrom[0m [32m'./pin-off.mjs'[0m;
  [90m1164 |[0m [36mexport[0m { [36mdefault[0m [36mas[0m [33mPin[0m } [36mfrom[0m [32m'./pin.mjs'[0m;



Import traces:
  Client Component Browser:
    ./.gemini/antigravity/scratch/teacher-tracking/node_modules/lucide-react/dist/esm/icons/index.mjs [Client Component Browser]
    ./.gemini/antigravity/scratch/teacher-tracking/node_modules/lucide-react/dist/esm/lucide-react.mjs [Client Component Browser]
    ./.gemini/antigravity/scratch/teacher-tracking/src/components/pages/DailyTasksPage.tsx [Client Component Browser]
    ./.gemini/antigravity/scratch/teacher-tracking/src/components/AppShell.tsx [Client Component Browser]
    ./.gemini/antigravity/scratch/teacher-tracking/src/app/page.tsx [Client Component Browser]
    ./.gemini/antigravity/scratch/teacher-tracking/src/app/page.tsx [Server Component]

  Client Component SSR:
    ./.gemini/antigravity/scratch/teacher-tracking/node_modules/lucide-react/dist/esm/icons/index.mjs [Client Component SSR]
    ./.gemini/antigravity/scratch/teacher-tracking/node_modules/lucide-react/dist/esm/lucide-react.mjs [Client Component SSR]
    ./.gemini/antigravity/scratch/teacher-tracking/src/components/pages/DailyTasksPage.tsx [Client Component SSR]
    ./.gemini/antigravity/scratch/teacher-tracking/src/components/AppShell.tsx [Client Component SSR]
    ./.gemini/antigravity/scratch/teacher-tracking/src/app/page.tsx [Client Component SSR]
    ./.gemini/antigravity/scratch/teacher-tracking/src/app/page.tsx [Server Component]

https://nextjs.org/docs/messages/module-not-found


./.gemini/antigravity/scratch/teacher-tracking/node_modules/lucide-react/dist/esm/icons/index.mjs:1162:1
Module not found: Can't resolve './pill.mjs'
  [90m1160 |[0m [36mexport[0m { [36mdefault[0m [36mas[0m [33mPilcrow[0m } [36mfrom[0m [32m'./pilcrow.mjs'[0m;
  [90m1161 |[0m [36mexport[0m { [36mdefault[0m [36mas[0m [33mPillBottle[0m } [36mfrom[0m [32m'./pill-bottle.mjs'[0m;
[31m[1m>[0m [90m1162 |[0m [36mexport[0m { [36mdefault[0m [36mas[0m [33mPill[0m } [36mfrom[0m [32m'./pill.mjs'[0m;
  [90m     |[0m [31m[1m^^^^^^^^^^^^^^^^^^^^^^^^^^^^^^^^^^^^^^^^^^^^^[0m
  [90m1163 |[0m [36mexport[0m { [36mdefault[0m [36mas[0m [33mPinOff[0m } [36mfrom[0m [32m'./pin-off.mjs'[0m;
  [90m1164 |[0m [36mexport[0m { [36mdefault[0m [36mas[0m [33mPin[0m } [36mfrom[0m [32m'./pin.mjs'[0m;
  [90m1165 |[0m [36mexport[0m { [36mdefault[0m [36mas[0m [33mPipette[0m } [36mfrom[0m [32m'./pipette.mjs'[0m;



Import traces:
  Client Component Browser:
    ./.gemini/antigravity/scratch/teacher-tracking/node_modules/lucide-react/dist/esm/icons/index.mjs [Client Component Browser]
    ./.gemini/antigravity/scratch/teacher-tracking/node_modules/lucide-react/dist/esm/lucide-react.mjs [Client Component Browser]
    ./.gemini/antigravity/scratch/teacher-tracking/src/components/pages/DailyTasksPage.tsx [Client Component Browser]
    ./.gemini/antigravity/scratch/teacher-tracking/src/components/AppShell.tsx [Client Component Browser]
    ./.gemini/antigravity/scratch/teacher-tracking/src/app/page.tsx [Client Component Browser]
    ./.gemini/antigravity/scratch/teacher-tracking/src/app/page.tsx [Server Component]

  Client Component SSR:
    ./.gemini/antigravity/scratch/teacher-tracking/node_modules/lucide-react/dist/esm/icons/index.mjs [Client Component SSR]
    ./.gemini/antigravity/scratch/teacher-tracking/node_modules/lucide-react/dist/esm/lucide-react.mjs [Client Component SSR]
    ./.gemini/antigravity/scratch/teacher-tracking/src/components/pages/DailyTasksPage.tsx [Client Component SSR]
    ./.gemini/antigravity/scratch/teacher-tracking/src/components/AppShell.tsx [Client Component SSR]
    ./.gemini/antigravity/scratch/teacher-tracking/src/app/page.tsx [Client Component SSR]
    ./.gemini/antigravity/scratch/teacher-tracking/src/app/page.tsx [Server Component]

https://nextjs.org/docs/messages/module-not-found


./.gemini/antigravity/scratch/teacher-tracking/node_modules/lucide-react/dist/esm/icons/index.mjs:1163:1
Module not found: Can't resolve './pin-off.mjs'
  [90m1161 |[0m [36mexport[0m { [36mdefault[0m [36mas[0m [33mPillBottle[0m } [36mfrom[0m [32m'./pill-bottle.mjs'[0m;
  [90m1162 |[0m [36mexport[0m { [36mdefault[0m [36mas[0m [33mPill[0m } [36mfrom[0m [32m'./pill.mjs'[0m;
[31m[1m>[0m [90m1163 |[0m [36mexport[0m { [36mdefault[0m [36mas[0m [33mPinOff[0m } [36mfrom[0m [32m'./pin-off.mjs'[0m;
  [90m     |[0m [31m[1m^^^^^^^^^^^^^^^^^^^^^^^^^^^^^^^^^^^^^^^^^^^^^^^^^^[0m
  [90m1164 |[0m [36mexport[0m { [36mdefault[0m [36mas[0m [33mPin[0m } [36mfrom[0m [32m'./pin.mjs'[0m;
  [90m1165 |[0m [36mexport[0m { [36mdefault[0m [36mas[0m [33mPipette[0m } [36mfrom[0m [32m'./pipette.mjs'[0m;
  [90m1166 |[0m [36mexport[0m { [36mdefault[0m [36mas[0m [33mPizza[0m } [36mfrom[0m [32m'./pizza.mjs'[0m;



Import traces:
  Client Component Browser:
    ./.gemini/antigravity/scratch/teacher-tracking/node_modules/lucide-react/dist/esm/icons/index.mjs [Client Component Browser]
    ./.gemini/antigravity/scratch/teacher-tracking/node_modules/lucide-react/dist/esm/lucide-react.mjs [Client Component Browser]
    ./.gemini/antigravity/scratch/teacher-tracking/src/components/pages/DailyTasksPage.tsx [Client Component Browser]
    ./.gemini/antigravity/scratch/teacher-tracking/src/components/AppShell.tsx [Client Component Browser]
    ./.gemini/antigravity/scratch/teacher-tracking/src/app/page.tsx [Client Component Browser]
    ./.gemini/antigravity/scratch/teacher-tracking/src/app/page.tsx [Server Component]

  Client Component SSR:
    ./.gemini/antigravity/scratch/teacher-tracking/node_modules/lucide-react/dist/esm/icons/index.mjs [Client Component SSR]
    ./.gemini/antigravity/scratch/teacher-tracking/node_modules/lucide-react/dist/esm/lucide-react.mjs [Client Component SSR]
    ./.gemini/antigravity/scratch/teacher-tracking/src/components/pages/DailyTasksPage.tsx [Client Component SSR]
    ./.gemini/antigravity/scratch/teacher-tracking/src/components/AppShell.tsx [Client Component SSR]
    ./.gemini/antigravity/scratch/teacher-tracking/src/app/page.tsx [Client Component SSR]
    ./.gemini/antigravity/scratch/teacher-tracking/src/app/page.tsx [Server Component]

https://nextjs.org/docs/messages/module-not-found


./.gemini/antigravity/scratch/teacher-tracking/node_modules/lucide-react/dist/esm/icons/index.mjs:1164:1
Module not found: Can't resolve './pin.mjs'
  [90m1162 |[0m [36mexport[0m { [36mdefault[0m [36mas[0m [33mPill[0m } [36mfrom[0m [32m'./pill.mjs'[0m;
  [90m1163 |[0m [36mexport[0m { [36mdefault[0m [36mas[0m [33mPinOff[0m } [36mfrom[0m [32m'./pin-off.mjs'[0m;
[31m[1m>[0m [90m1164 |[0m [36mexport[0m { [36mdefault[0m [36mas[0m [33mPin[0m } [36mfrom[0m [32m'./pin.mjs'[0m;
  [90m     |[0m [31m[1m^^^^^^^^^^^^^^^^^^^^^^^^^^^^^^^^^^^^^^^^^^^[0m
  [90m1165 |[0m [36mexport[0m { [36mdefault[0m [36mas[0m [33mPipette[0m } [36mfrom[0m [32m'./pipette.mjs'[0m;
  [90m1166 |[0m [36mexport[0m { [36mdefault[0m [36mas[0m [33mPizza[0m } [36mfrom[0m [32m'./pizza.mjs'[0m;
  [90m1167 |[0m [36mexport[0m { [36mdefault[0m [36mas[0m [33mPlaneLanding[0m } [36mfrom[0m [32m'./plane-landing.mjs'[0m;



Import traces:
  Client Component Browser:
    ./.gemini/antigravity/scratch/teacher-tracking/node_modules/lucide-react/dist/esm/icons/index.mjs [Client Component Browser]
    ./.gemini/antigravity/scratch/teacher-tracking/node_modules/lucide-react/dist/esm/lucide-react.mjs [Client Component Browser]
    ./.gemini/antigravity/scratch/teacher-tracking/src/components/pages/DailyTasksPage.tsx [Client Component Browser]
    ./.gemini/antigravity/scratch/teacher-tracking/src/components/AppShell.tsx [Client Component Browser]
    ./.gemini/antigravity/scratch/teacher-tracking/src/app/page.tsx [Client Component Browser]
    ./.gemini/antigravity/scratch/teacher-tracking/src/app/page.tsx [Server Component]

  Client Component SSR:
    ./.gemini/antigravity/scratch/teacher-tracking/node_modules/lucide-react/dist/esm/icons/index.mjs [Client Component SSR]
    ./.gemini/antigravity/scratch/teacher-tracking/node_modules/lucide-react/dist/esm/lucide-react.mjs [Client Component SSR]
    ./.gemini/antigravity/scratch/teacher-tracking/src/components/pages/DailyTasksPage.tsx [Client Component SSR]
    ./.gemini/antigravity/scratch/teacher-tracking/src/components/AppShell.tsx [Client Component SSR]
    ./.gemini/antigravity/scratch/teacher-tracking/src/app/page.tsx [Client Component SSR]
    ./.gemini/antigravity/scratch/teacher-tracking/src/app/page.tsx [Server Component]

https://nextjs.org/docs/messages/module-not-found


./.gemini/antigravity/scratch/teacher-tracking/node_modules/lucide-react/dist/esm/icons/index.mjs:1165:1
Module not found: Can't resolve './pipette.mjs'
  [90m1163 |[0m [36mexport[0m { [36mdefault[0m [36mas[0m [33mPinOff[0m } [36mfrom[0m [32m'./pin-off.mjs'[0m;
  [90m1164 |[0m [36mexport[0m { [36mdefault[0m [36mas[0m [33mPin[0m } [36mfrom[0m [32m'./pin.mjs'[0m;
[31m[1m>[0m [90m1165 |[0m [36mexport[0m { [36mdefault[0m [36mas[0m [33mPipette[0m } [36mfrom[0m [32m'./pipette.mjs'[0m;
  [90m     |[0m [31m[1m^^^^^^^^^^^^^^^^^^^^^^^^^^^^^^^^^^^^^^^^^^^^^^^^^^^[0m
  [90m1166 |[0m [36mexport[0m { [36mdefault[0m [36mas[0m [33mPizza[0m } [36mfrom[0m [32m'./pizza.mjs'[0m;
  [90m1167 |[0m [36mexport[0m { [36mdefault[0m [36mas[0m [33mPlaneLanding[0m } [36mfrom[0m [32m'./plane-landing.mjs'[0m;
  [90m1168 |[0m [36mexport[0m { [36mdefault[0m [36mas[0m [33mPlaneTakeoff[0m } [36mfrom[0m [32m'./plane-takeoff.mjs'[0m;



Import traces:
  Client Component Browser:
    ./.gemini/antigravity/scratch/teacher-tracking/node_modules/lucide-react/dist/esm/icons/index.mjs [Client Component Browser]
    ./.gemini/antigravity/scratch/teacher-tracking/node_modules/lucide-react/dist/esm/lucide-react.mjs [Client Component Browser]
    ./.gemini/antigravity/scratch/teacher-tracking/src/components/pages/DailyTasksPage.tsx [Client Component Browser]
    ./.gemini/antigravity/scratch/teacher-tracking/src/components/AppShell.tsx [Client Component Browser]
    ./.gemini/antigravity/scratch/teacher-tracking/src/app/page.tsx [Client Component Browser]
    ./.gemini/antigravity/scratch/teacher-tracking/src/app/page.tsx [Server Component]

  Client Component SSR:
    ./.gemini/antigravity/scratch/teacher-tracking/node_modules/lucide-react/dist/esm/icons/index.mjs [Client Component SSR]
    ./.gemini/antigravity/scratch/teacher-tracking/node_modules/lucide-react/dist/esm/lucide-react.mjs [Client Component SSR]
    ./.gemini/antigravity/scratch/teacher-tracking/src/components/pages/DailyTasksPage.tsx [Client Component SSR]
    ./.gemini/antigravity/scratch/teacher-tracking/src/components/AppShell.tsx [Client Component SSR]
    ./.gemini/antigravity/scratch/teacher-tracking/src/app/page.tsx [Client Component SSR]
    ./.gemini/antigravity/scratch/teacher-tracking/src/app/page.tsx [Server Component]

https://nextjs.org/docs/messages/module-not-found


./.gemini/antigravity/scratch/teacher-tracking/node_modules/lucide-react/dist/esm/icons/index.mjs:1166:1
Module not found: Can't resolve './pizza.mjs'
  [90m1164 |[0m [36mexport[0m { [36mdefault[0m [36mas[0m [33mPin[0m } [36mfrom[0m [32m'./pin.mjs'[0m;
  [90m1165 |[0m [36mexport[0m { [36mdefault[0m [36mas[0m [33mPipette[0m } [36mfrom[0m [32m'./pipette.mjs'[0m;
[31m[1m>[0m [90m1166 |[0m [36mexport[0m { [36mdefault[0m [36mas[0m [33mPizza[0m } [36mfrom[0m [32m'./pizza.mjs'[0m;
  [90m     |[0m [31m[1m^^^^^^^^^^^^^^^^^^^^^^^^^^^^^^^^^^^^^^^^^^^^^^^[0m
  [90m1167 |[0m [36mexport[0m { [36mdefault[0m [36mas[0m [33mPlaneLanding[0m } [36mfrom[0m [32m'./plane-landing.mjs'[0m;
  [90m1168 |[0m [36mexport[0m { [36mdefault[0m [36mas[0m [33mPlaneTakeoff[0m } [36mfrom[0m [32m'./plane-takeoff.mjs'[0m;
  [90m1169 |[0m [36mexport[0m { [36mdefault[0m [36mas[0m [33mPlane[0m } [36mfrom[0m [32m'./plane.mjs'[0m;



Import traces:
  Client Component Browser:
    ./.gemini/antigravity/scratch/teacher-tracking/node_modules/lucide-react/dist/esm/icons/index.mjs [Client Component Browser]
    ./.gemini/antigravity/scratch/teacher-tracking/node_modules/lucide-react/dist/esm/lucide-react.mjs [Client Component Browser]
    ./.gemini/antigravity/scratch/teacher-tracking/src/components/pages/DailyTasksPage.tsx [Client Component Browser]
    ./.gemini/antigravity/scratch/teacher-tracking/src/components/AppShell.tsx [Client Component Browser]
    ./.gemini/antigravity/scratch/teacher-tracking/src/app/page.tsx [Client Component Browser]
    ./.gemini/antigravity/scratch/teacher-tracking/src/app/page.tsx [Server Component]

  Client Component SSR:
    ./.gemini/antigravity/scratch/teacher-tracking/node_modules/lucide-react/dist/esm/icons/index.mjs [Client Component SSR]
    ./.gemini/antigravity/scratch/teacher-tracking/node_modules/lucide-react/dist/esm/lucide-react.mjs [Client Component SSR]
    ./.gemini/antigravity/scratch/teacher-tracking/src/components/pages/DailyTasksPage.tsx [Client Component SSR]
    ./.gemini/antigravity/scratch/teacher-tracking/src/components/AppShell.tsx [Client Component SSR]
    ./.gemini/antigravity/scratch/teacher-tracking/src/app/page.tsx [Client Component SSR]
    ./.gemini/antigravity/scratch/teacher-tracking/src/app/page.tsx [Server Component]

https://nextjs.org/docs/messages/module-not-found


./.gemini/antigravity/scratch/teacher-tracking/node_modules/lucide-react/dist/esm/icons/index.mjs:1167:1
Module not found: Can't resolve './plane-landing.mjs'
  [90m1165 |[0m [36mexport[0m { [36mdefault[0m [36mas[0m [33mPipette[0m } [36mfrom[0m [32m'./pipette.mjs'[0m;
  [90m1166 |[0m [36mexport[0m { [36mdefault[0m [36mas[0m [33mPizza[0m } [36mfrom[0m [32m'./pizza.mjs'[0m;
[31m[1m>[0m [90m1167 |[0m [36mexport[0m { [36mdefault[0m [36mas[0m [33mPlaneLanding[0m } [36mfrom[0m [32m'./plane-landing.mjs'[0m;
  [90m     |[0m [31m[1m^^^^^^^^^^^^^^^^^^^^^^^^^^^^^^^^^^^^^^^^^^^^^^^^^^^^^^^^^^^^^^[0m
  [90m1168 |[0m [36mexport[0m { [36mdefault[0m [36mas[0m [33mPlaneTakeoff[0m } [36mfrom[0m [32m'./plane-takeoff.mjs'[0m;
  [90m1169 |[0m [36mexport[0m { [36mdefault[0m [36mas[0m [33mPlane[0m } [36mfrom[0m [32m'./plane.mjs'[0m;
  [90m1170 |[0m [36mexport[0m { [36mdefault[0m [36mas[0m [33mPlay[0m } [36mfrom[0m [32m'./play.mjs'[0m;



Import traces:
  Client Component Browser:
    ./.gemini/antigravity/scratch/teacher-tracking/node_modules/lucide-react/dist/esm/icons/index.mjs [Client Component Browser]
    ./.gemini/antigravity/scratch/teacher-tracking/node_modules/lucide-react/dist/esm/lucide-react.mjs [Client Component Browser]
    ./.gemini/antigravity/scratch/teacher-tracking/src/components/pages/DailyTasksPage.tsx [Client Component Browser]
    ./.gemini/antigravity/scratch/teacher-tracking/src/components/AppShell.tsx [Client Component Browser]
    ./.gemini/antigravity/scratch/teacher-tracking/src/app/page.tsx [Client Component Browser]
    ./.gemini/antigravity/scratch/teacher-tracking/src/app/page.tsx [Server Component]

  Client Component SSR:
    ./.gemini/antigravity/scratch/teacher-tracking/node_modules/lucide-react/dist/esm/icons/index.mjs [Client Component SSR]
    ./.gemini/antigravity/scratch/teacher-tracking/node_modules/lucide-react/dist/esm/lucide-react.mjs [Client Component SSR]
    ./.gemini/antigravity/scratch/teacher-tracking/src/components/pages/DailyTasksPage.tsx [Client Component SSR]
    ./.gemini/antigravity/scratch/teacher-tracking/src/components/AppShell.tsx [Client Component SSR]
    ./.gemini/antigravity/scratch/teacher-tracking/src/app/page.tsx [Client Component SSR]
    ./.gemini/antigravity/scratch/teacher-tracking/src/app/page.tsx [Server Component]

https://nextjs.org/docs/messages/module-not-found


./.gemini/antigravity/scratch/teacher-tracking/node_modules/lucide-react/dist/esm/icons/index.mjs:1168:1
Module not found: Can't resolve './plane-takeoff.mjs'
  [90m1166 |[0m [36mexport[0m { [36mdefault[0m [36mas[0m [33mPizza[0m } [36mfrom[0m [32m'./pizza.mjs'[0m;
  [90m1167 |[0m [36mexport[0m { [36mdefault[0m [36mas[0m [33mPlaneLanding[0m } [36mfrom[0m [32m'./plane-landing.mjs'[0m;
[31m[1m>[0m [90m1168 |[0m [36mexport[0m { [36mdefault[0m [36mas[0m [33mPlaneTakeoff[0m } [36mfrom[0m [32m'./plane-takeoff.mjs'[0m;
  [90m     |[0m [31m[1m^^^^^^^^^^^^^^^^^^^^^^^^^^^^^^^^^^^^^^^^^^^^^^^^^^^^^^^^^^^^^^[0m
  [90m1169 |[0m [36mexport[0m { [36mdefault[0m [36mas[0m [33mPlane[0m } [36mfrom[0m [32m'./plane.mjs'[0m;
  [90m1170 |[0m [36mexport[0m { [36mdefault[0m [36mas[0m [33mPlay[0m } [36mfrom[0m [32m'./play.mjs'[0m;
  [90m1171 |[0m [36mexport[0m { [36mdefault[0m [36mas[0m [33mPlug2[0m } [36mfrom[0m [32m'./plug-2.mjs'[0m;



Import traces:
  Client Component Browser:
    ./.gemini/antigravity/scratch/teacher-tracking/node_modules/lucide-react/dist/esm/icons/index.mjs [Client Component Browser]
    ./.gemini/antigravity/scratch/teacher-tracking/node_modules/lucide-react/dist/esm/lucide-react.mjs [Client Component Browser]
    ./.gemini/antigravity/scratch/teacher-tracking/src/components/pages/DailyTasksPage.tsx [Client Component Browser]
    ./.gemini/antigravity/scratch/teacher-tracking/src/components/AppShell.tsx [Client Component Browser]
    ./.gemini/antigravity/scratch/teacher-tracking/src/app/page.tsx [Client Component Browser]
    ./.gemini/antigravity/scratch/teacher-tracking/src/app/page.tsx [Server Component]

  Client Component SSR:
    ./.gemini/antigravity/scratch/teacher-tracking/node_modules/lucide-react/dist/esm/icons/index.mjs [Client Component SSR]
    ./.gemini/antigravity/scratch/teacher-tracking/node_modules/lucide-react/dist/esm/lucide-react.mjs [Client Component SSR]
    ./.gemini/antigravity/scratch/teacher-tracking/src/components/pages/DailyTasksPage.tsx [Client Component SSR]
    ./.gemini/antigravity/scratch/teacher-tracking/src/components/AppShell.tsx [Client Component SSR]
    ./.gemini/antigravity/scratch/teacher-tracking/src/app/page.tsx [Client Component SSR]
    ./.gemini/antigravity/scratch/teacher-tracking/src/app/page.tsx [Server Component]

https://nextjs.org/docs/messages/module-not-found


./.gemini/antigravity/scratch/teacher-tracking/node_modules/lucide-react/dist/esm/icons/index.mjs:1169:1
Module not found: Can't resolve './plane.mjs'
  [90m1167 |[0m [36mexport[0m { [36mdefault[0m [36mas[0m [33mPlaneLanding[0m } [36mfrom[0m [32m'./plane-landing.mjs'[0m;
  [90m1168 |[0m [36mexport[0m { [36mdefault[0m [36mas[0m [33mPlaneTakeoff[0m } [36mfrom[0m [32m'./plane-takeoff.mjs'[0m;
[31m[1m>[0m [90m1169 |[0m [36mexport[0m { [36mdefault[0m [36mas[0m [33mPlane[0m } [36mfrom[0m [32m'./plane.mjs'[0m;
  [90m     |[0m [31m[1m^^^^^^^^^^^^^^^^^^^^^^^^^^^^^^^^^^^^^^^^^^^^^^^[0m
  [90m1170 |[0m [36mexport[0m { [36mdefault[0m [36mas[0m [33mPlay[0m } [36mfrom[0m [32m'./play.mjs'[0m;
  [90m1171 |[0m [36mexport[0m { [36mdefault[0m [36mas[0m [33mPlug2[0m } [36mfrom[0m [32m'./plug-2.mjs'[0m;
  [90m1172 |[0m [36mexport[0m { [36mdefault[0m [36mas[0m [33mPlugZap[0m } [36mfrom[0m [32m'./plug-zap.mjs'[0m;



Import traces:
  Client Component Browser:
    ./.gemini/antigravity/scratch/teacher-tracking/node_modules/lucide-react/dist/esm/icons/index.mjs [Client Component Browser]
    ./.gemini/antigravity/scratch/teacher-tracking/node_modules/lucide-react/dist/esm/lucide-react.mjs [Client Component Browser]
    ./.gemini/antigravity/scratch/teacher-tracking/src/components/pages/DailyTasksPage.tsx [Client Component Browser]
    ./.gemini/antigravity/scratch/teacher-tracking/src/components/AppShell.tsx [Client Component Browser]
    ./.gemini/antigravity/scratch/teacher-tracking/src/app/page.tsx [Client Component Browser]
    ./.gemini/antigravity/scratch/teacher-tracking/src/app/page.tsx [Server Component]

  Client Component SSR:
    ./.gemini/antigravity/scratch/teacher-tracking/node_modules/lucide-react/dist/esm/icons/index.mjs [Client Component SSR]
    ./.gemini/antigravity/scratch/teacher-tracking/node_modules/lucide-react/dist/esm/lucide-react.mjs [Client Component SSR]
    ./.gemini/antigravity/scratch/teacher-tracking/src/components/pages/DailyTasksPage.tsx [Client Component SSR]
    ./.gemini/antigravity/scratch/teacher-tracking/src/components/AppShell.tsx [Client Component SSR]
    ./.gemini/antigravity/scratch/teacher-tracking/src/app/page.tsx [Client Component SSR]
    ./.gemini/antigravity/scratch/teacher-tracking/src/app/page.tsx [Server Component]

https://nextjs.org/docs/messages/module-not-found


./.gemini/antigravity/scratch/teacher-tracking/node_modules/lucide-react/dist/esm/icons/index.mjs:1170:1
Module not found: Can't resolve './play.mjs'
  [90m1168 |[0m [36mexport[0m { [36mdefault[0m [36mas[0m [33mPlaneTakeoff[0m } [36mfrom[0m [32m'./plane-takeoff.mjs'[0m;
  [90m1169 |[0m [36mexport[0m { [36mdefault[0m [36mas[0m [33mPlane[0m } [36mfrom[0m [32m'./plane.mjs'[0m;
[31m[1m>[0m [90m1170 |[0m [36mexport[0m { [36mdefault[0m [36mas[0m [33mPlay[0m } [36mfrom[0m [32m'./play.mjs'[0m;
  [90m     |[0m [31m[1m^^^^^^^^^^^^^^^^^^^^^^^^^^^^^^^^^^^^^^^^^^^^^[0m
  [90m1171 |[0m [36mexport[0m { [36mdefault[0m [36mas[0m [33mPlug2[0m } [36mfrom[0m [32m'./plug-2.mjs'[0m;
  [90m1172 |[0m [36mexport[0m { [36mdefault[0m [36mas[0m [33mPlugZap[0m } [36mfrom[0m [32m'./plug-zap.mjs'[0m;
  [90m1173 |[0m [36mexport[0m { [36mdefault[0m [36mas[0m [33mPlus[0m } [36mfrom[0m [32m'./plus.mjs'[0m;



Import traces:
  Client Component Browser:
    ./.gemini/antigravity/scratch/teacher-tracking/node_modules/lucide-react/dist/esm/icons/index.mjs [Client Component Browser]
    ./.gemini/antigravity/scratch/teacher-tracking/node_modules/lucide-react/dist/esm/lucide-react.mjs [Client Component Browser]
    ./.gemini/antigravity/scratch/teacher-tracking/src/components/pages/DailyTasksPage.tsx [Client Component Browser]
    ./.gemini/antigravity/scratch/teacher-tracking/src/components/AppShell.tsx [Client Component Browser]
    ./.gemini/antigravity/scratch/teacher-tracking/src/app/page.tsx [Client Component Browser]
    ./.gemini/antigravity/scratch/teacher-tracking/src/app/page.tsx [Server Component]

  Client Component SSR:
    ./.gemini/antigravity/scratch/teacher-tracking/node_modules/lucide-react/dist/esm/icons/index.mjs [Client Component SSR]
    ./.gemini/antigravity/scratch/teacher-tracking/node_modules/lucide-react/dist/esm/lucide-react.mjs [Client Component SSR]
    ./.gemini/antigravity/scratch/teacher-tracking/src/components/pages/DailyTasksPage.tsx [Client Component SSR]
    ./.gemini/antigravity/scratch/teacher-tracking/src/components/AppShell.tsx [Client Component SSR]
    ./.gemini/antigravity/scratch/teacher-tracking/src/app/page.tsx [Client Component SSR]
    ./.gemini/antigravity/scratch/teacher-tracking/src/app/page.tsx [Server Component]

https://nextjs.org/docs/messages/module-not-found


./.gemini/antigravity/scratch/teacher-tracking/node_modules/lucide-react/dist/esm/icons/index.mjs:1171:1
Module not found: Can't resolve './plug-2.mjs'
  [90m1169 |[0m [36mexport[0m { [36mdefault[0m [36mas[0m [33mPlane[0m } [36mfrom[0m [32m'./plane.mjs'[0m;
  [90m1170 |[0m [36mexport[0m { [36mdefault[0m [36mas[0m [33mPlay[0m } [36mfrom[0m [32m'./play.mjs'[0m;
[31m[1m>[0m [90m1171 |[0m [36mexport[0m { [36mdefault[0m [36mas[0m [33mPlug2[0m } [36mfrom[0m [32m'./plug-2.mjs'[0m;
  [90m     |[0m [31m[1m^^^^^^^^^^^^^^^^^^^^^^^^^^^^^^^^^^^^^^^^^^^^^^^^[0m
  [90m1172 |[0m [36mexport[0m { [36mdefault[0m [36mas[0m [33mPlugZap[0m } [36mfrom[0m [32m'./plug-zap.mjs'[0m;
  [90m1173 |[0m [36mexport[0m { [36mdefault[0m [36mas[0m [33mPlus[0m } [36mfrom[0m [32m'./plus.mjs'[0m;
  [90m1174 |[0m [36mexport[0m { [36mdefault[0m [36mas[0m [33mPlug[0m } [36mfrom[0m [32m'./plug.mjs'[0m;



Import traces:
  Client Component Browser:
    ./.gemini/antigravity/scratch/teacher-tracking/node_modules/lucide-react/dist/esm/icons/index.mjs [Client Component Browser]
    ./.gemini/antigravity/scratch/teacher-tracking/node_modules/lucide-react/dist/esm/lucide-react.mjs [Client Component Browser]
    ./.gemini/antigravity/scratch/teacher-tracking/src/components/pages/DailyTasksPage.tsx [Client Component Browser]
    ./.gemini/antigravity/scratch/teacher-tracking/src/components/AppShell.tsx [Client Component Browser]
    ./.gemini/antigravity/scratch/teacher-tracking/src/app/page.tsx [Client Component Browser]
    ./.gemini/antigravity/scratch/teacher-tracking/src/app/page.tsx [Server Component]

  Client Component SSR:
    ./.gemini/antigravity/scratch/teacher-tracking/node_modules/lucide-react/dist/esm/icons/index.mjs [Client Component SSR]
    ./.gemini/antigravity/scratch/teacher-tracking/node_modules/lucide-react/dist/esm/lucide-react.mjs [Client Component SSR]
    ./.gemini/antigravity/scratch/teacher-tracking/src/components/pages/DailyTasksPage.tsx [Client Component SSR]
    ./.gemini/antigravity/scratch/teacher-tracking/src/components/AppShell.tsx [Client Component SSR]
    ./.gemini/antigravity/scratch/teacher-tracking/src/app/page.tsx [Client Component SSR]
    ./.gemini/antigravity/scratch/teacher-tracking/src/app/page.tsx [Server Component]

https://nextjs.org/docs/messages/module-not-found


./.gemini/antigravity/scratch/teacher-tracking/node_modules/lucide-react/dist/esm/icons/index.mjs:1172:1
Module not found: Can't resolve './plug-zap.mjs'
  [90m1170 |[0m [36mexport[0m { [36mdefault[0m [36mas[0m [33mPlay[0m } [36mfrom[0m [32m'./play.mjs'[0m;
  [90m1171 |[0m [36mexport[0m { [36mdefault[0m [36mas[0m [33mPlug2[0m } [36mfrom[0m [32m'./plug-2.mjs'[0m;
[31m[1m>[0m [90m1172 |[0m [36mexport[0m { [36mdefault[0m [36mas[0m [33mPlugZap[0m } [36mfrom[0m [32m'./plug-zap.mjs'[0m;
  [90m     |[0m [31m[1m^^^^^^^^^^^^^^^^^^^^^^^^^^^^^^^^^^^^^^^^^^^^^^^^^^^^[0m
  [90m1173 |[0m [36mexport[0m { [36mdefault[0m [36mas[0m [33mPlus[0m } [36mfrom[0m [32m'./plus.mjs'[0m;
  [90m1174 |[0m [36mexport[0m { [36mdefault[0m [36mas[0m [33mPlug[0m } [36mfrom[0m [32m'./plug.mjs'[0m;
  [90m1175 |[0m [36mexport[0m { [36mdefault[0m [36mas[0m [33mPocketKnife[0m } [36mfrom[0m [32m'./pocket-knife.mjs'[0m;



Import traces:
  Client Component Browser:
    ./.gemini/antigravity/scratch/teacher-tracking/node_modules/lucide-react/dist/esm/icons/index.mjs [Client Component Browser]
    ./.gemini/antigravity/scratch/teacher-tracking/node_modules/lucide-react/dist/esm/lucide-react.mjs [Client Component Browser]
    ./.gemini/antigravity/scratch/teacher-tracking/src/components/pages/DailyTasksPage.tsx [Client Component Browser]
    ./.gemini/antigravity/scratch/teacher-tracking/src/components/AppShell.tsx [Client Component Browser]
    ./.gemini/antigravity/scratch/teacher-tracking/src/app/page.tsx [Client Component Browser]
    ./.gemini/antigravity/scratch/teacher-tracking/src/app/page.tsx [Server Component]

  Client Component SSR:
    ./.gemini/antigravity/scratch/teacher-tracking/node_modules/lucide-react/dist/esm/icons/index.mjs [Client Component SSR]
    ./.gemini/antigravity/scratch/teacher-tracking/node_modules/lucide-react/dist/esm/lucide-react.mjs [Client Component SSR]
    ./.gemini/antigravity/scratch/teacher-tracking/src/components/pages/DailyTasksPage.tsx [Client Component SSR]
    ./.gemini/antigravity/scratch/teacher-tracking/src/components/AppShell.tsx [Client Component SSR]
    ./.gemini/antigravity/scratch/teacher-tracking/src/app/page.tsx [Client Component SSR]
    ./.gemini/antigravity/scratch/teacher-tracking/src/app/page.tsx [Server Component]

https://nextjs.org/docs/messages/module-not-found


./.gemini/antigravity/scratch/teacher-tracking/node_modules/lucide-react/dist/esm/icons/index.mjs:1174:1
Module not found: Can't resolve './plug.mjs'
  [90m1172 |[0m [36mexport[0m { [36mdefault[0m [36mas[0m [33mPlugZap[0m } [36mfrom[0m [32m'./plug-zap.mjs'[0m;
  [90m1173 |[0m [36mexport[0m { [36mdefault[0m [36mas[0m [33mPlus[0m } [36mfrom[0m [32m'./plus.mjs'[0m;
[31m[1m>[0m [90m1174 |[0m [36mexport[0m { [36mdefault[0m [36mas[0m [33mPlug[0m } [36mfrom[0m [32m'./plug.mjs'[0m;
  [90m     |[0m [31m[1m^^^^^^^^^^^^^^^^^^^^^^^^^^^^^^^^^^^^^^^^^^^^^[0m
  [90m1175 |[0m [36mexport[0m { [36mdefault[0m [36mas[0m [33mPocketKnife[0m } [36mfrom[0m [32m'./pocket-knife.mjs'[0m;
  [90m1176 |[0m [36mexport[0m { [36mdefault[0m [36mas[0m [33mPodcast[0m } [36mfrom[0m [32m'./podcast.mjs'[0m;
  [90m1177 |[0m [36mexport[0m { [36mdefault[0m [36mas[0m [33mPointerOff[0m } [36mfrom[0m [32m'./pointer-off.mjs'[0m;



Import traces:
  Client Component Browser:
    ./.gemini/antigravity/scratch/teacher-tracking/node_modules/lucide-react/dist/esm/icons/index.mjs [Client Component Browser]
    ./.gemini/antigravity/scratch/teacher-tracking/node_modules/lucide-react/dist/esm/lucide-react.mjs [Client Component Browser]
    ./.gemini/antigravity/scratch/teacher-tracking/src/components/pages/DailyTasksPage.tsx [Client Component Browser]
    ./.gemini/antigravity/scratch/teacher-tracking/src/components/AppShell.tsx [Client Component Browser]
    ./.gemini/antigravity/scratch/teacher-tracking/src/app/page.tsx [Client Component Browser]
    ./.gemini/antigravity/scratch/teacher-tracking/src/app/page.tsx [Server Component]

  Client Component SSR:
    ./.gemini/antigravity/scratch/teacher-tracking/node_modules/lucide-react/dist/esm/icons/index.mjs [Client Component SSR]
    ./.gemini/antigravity/scratch/teacher-tracking/node_modules/lucide-react/dist/esm/lucide-react.mjs [Client Component SSR]
    ./.gemini/antigravity/scratch/teacher-tracking/src/components/pages/DailyTasksPage.tsx [Client Component SSR]
    ./.gemini/antigravity/scratch/teacher-tracking/src/components/AppShell.tsx [Client Component SSR]
    ./.gemini/antigravity/scratch/teacher-tracking/src/app/page.tsx [Client Component SSR]
    ./.gemini/antigravity/scratch/teacher-tracking/src/app/page.tsx [Server Component]

https://nextjs.org/docs/messages/module-not-found


./.gemini/antigravity/scratch/teacher-tracking/node_modules/lucide-react/dist/esm/icons/index.mjs:1173:1
Module not found: Can't resolve './plus.mjs'
  [90m1171 |[0m [36mexport[0m { [36mdefault[0m [36mas[0m [33mPlug2[0m } [36mfrom[0m [32m'./plug-2.mjs'[0m;
  [90m1172 |[0m [36mexport[0m { [36mdefault[0m [36mas[0m [33mPlugZap[0m } [36mfrom[0m [32m'./plug-zap.mjs'[0m;
[31m[1m>[0m [90m1173 |[0m [36mexport[0m { [36mdefault[0m [36mas[0m [33mPlus[0m } [36mfrom[0m [32m'./plus.mjs'[0m;
  [90m     |[0m [31m[1m^^^^^^^^^^^^^^^^^^^^^^^^^^^^^^^^^^^^^^^^^^^^^[0m
  [90m1174 |[0m [36mexport[0m { [36mdefault[0m [36mas[0m [33mPlug[0m } [36mfrom[0m [32m'./plug.mjs'[0m;
  [90m1175 |[0m [36mexport[0m { [36mdefault[0m [36mas[0m [33mPocketKnife[0m } [36mfrom[0m [32m'./pocket-knife.mjs'[0m;
  [90m1176 |[0m [36mexport[0m { [36mdefault[0m [36mas[0m [33mPodcast[0m } [36mfrom[0m [32m'./podcast.mjs'[0m;



Import traces:
  Client Component Browser:
    ./.gemini/antigravity/scratch/teacher-tracking/node_modules/lucide-react/dist/esm/icons/index.mjs [Client Component Browser]
    ./.gemini/antigravity/scratch/teacher-tracking/node_modules/lucide-react/dist/esm/lucide-react.mjs [Client Component Browser]
    ./.gemini/antigravity/scratch/teacher-tracking/src/components/pages/DailyTasksPage.tsx [Client Component Browser]
    ./.gemini/antigravity/scratch/teacher-tracking/src/components/AppShell.tsx [Client Component Browser]
    ./.gemini/antigravity/scratch/teacher-tracking/src/app/page.tsx [Client Component Browser]
    ./.gemini/antigravity/scratch/teacher-tracking/src/app/page.tsx [Server Component]

  Client Component SSR:
    ./.gemini/antigravity/scratch/teacher-tracking/node_modules/lucide-react/dist/esm/icons/index.mjs [Client Component SSR]
    ./.gemini/antigravity/scratch/teacher-tracking/node_modules/lucide-react/dist/esm/lucide-react.mjs [Client Component SSR]
    ./.gemini/antigravity/scratch/teacher-tracking/src/components/pages/DailyTasksPage.tsx [Client Component SSR]
    ./.gemini/antigravity/scratch/teacher-tracking/src/components/AppShell.tsx [Client Component SSR]
    ./.gemini/antigravity/scratch/teacher-tracking/src/app/page.tsx [Client Component SSR]
    ./.gemini/antigravity/scratch/teacher-tracking/src/app/page.tsx [Server Component]

https://nextjs.org/docs/messages/module-not-found


./.gemini/antigravity/scratch/teacher-tracking/node_modules/lucide-react/dist/esm/icons/index.mjs:1175:1
Module not found: Can't resolve './pocket-knife.mjs'
  [90m1173 |[0m [36mexport[0m { [36mdefault[0m [36mas[0m [33mPlus[0m } [36mfrom[0m [32m'./plus.mjs'[0m;
  [90m1174 |[0m [36mexport[0m { [36mdefault[0m [36mas[0m [33mPlug[0m } [36mfrom[0m [32m'./plug.mjs'[0m;
[31m[1m>[0m [90m1175 |[0m [36mexport[0m { [36mdefault[0m [36mas[0m [33mPocketKnife[0m } [36mfrom[0m [32m'./pocket-knife.mjs'[0m;
  [90m     |[0m [31m[1m^^^^^^^^^^^^^^^^^^^^^^^^^^^^^^^^^^^^^^^^^^^^^^^^^^^^^^^^^^^^[0m
  [90m1176 |[0m [36mexport[0m { [36mdefault[0m [36mas[0m [33mPodcast[0m } [36mfrom[0m [32m'./podcast.mjs'[0m;
  [90m1177 |[0m [36mexport[0m { [36mdefault[0m [36mas[0m [33mPointerOff[0m } [36mfrom[0m [32m'./pointer-off.mjs'[0m;
  [90m1178 |[0m [36mexport[0m { [36mdefault[0m [36mas[0m [33mPointer[0m } [36mfrom[0m [32m'./pointer.mjs'[0m;



Import traces:
  Client Component Browser:
    ./.gemini/antigravity/scratch/teacher-tracking/node_modules/lucide-react/dist/esm/icons/index.mjs [Client Component Browser]
    ./.gemini/antigravity/scratch/teacher-tracking/node_modules/lucide-react/dist/esm/lucide-react.mjs [Client Component Browser]
    ./.gemini/antigravity/scratch/teacher-tracking/src/components/pages/DailyTasksPage.tsx [Client Component Browser]
    ./.gemini/antigravity/scratch/teacher-tracking/src/components/AppShell.tsx [Client Component Browser]
    ./.gemini/antigravity/scratch/teacher-tracking/src/app/page.tsx [Client Component Browser]
    ./.gemini/antigravity/scratch/teacher-tracking/src/app/page.tsx [Server Component]

  Client Component SSR:
    ./.gemini/antigravity/scratch/teacher-tracking/node_modules/lucide-react/dist/esm/icons/index.mjs [Client Component SSR]
    ./.gemini/antigravity/scratch/teacher-tracking/node_modules/lucide-react/dist/esm/lucide-react.mjs [Client Component SSR]
    ./.gemini/antigravity/scratch/teacher-tracking/src/components/pages/DailyTasksPage.tsx [Client Component SSR]
    ./.gemini/antigravity/scratch/teacher-tracking/src/components/AppShell.tsx [Client Component SSR]
    ./.gemini/antigravity/scratch/teacher-tracking/src/app/page.tsx [Client Component SSR]
    ./.gemini/antigravity/scratch/teacher-tracking/src/app/page.tsx [Server Component]

https://nextjs.org/docs/messages/module-not-found


./.gemini/antigravity/scratch/teacher-tracking/node_modules/lucide-react/dist/esm/icons/index.mjs:1176:1
Module not found: Can't resolve './podcast.mjs'
  [90m1174 |[0m [36mexport[0m { [36mdefault[0m [36mas[0m [33mPlug[0m } [36mfrom[0m [32m'./plug.mjs'[0m;
  [90m1175 |[0m [36mexport[0m { [36mdefault[0m [36mas[0m [33mPocketKnife[0m } [36mfrom[0m [32m'./pocket-knife.mjs'[0m;
[31m[1m>[0m [90m1176 |[0m [36mexport[0m { [36mdefault[0m [36mas[0m [33mPodcast[0m } [36mfrom[0m [32m'./podcast.mjs'[0m;
  [90m     |[0m [31m[1m^^^^^^^^^^^^^^^^^^^^^^^^^^^^^^^^^^^^^^^^^^^^^^^^^^^[0m
  [90m1177 |[0m [36mexport[0m { [36mdefault[0m [36mas[0m [33mPointerOff[0m } [36mfrom[0m [32m'./pointer-off.mjs'[0m;
  [90m1178 |[0m [36mexport[0m { [36mdefault[0m [36mas[0m [33mPointer[0m } [36mfrom[0m [32m'./pointer.mjs'[0m;
  [90m1179 |[0m [36mexport[0m { [36mdefault[0m [36mas[0m [33mPopcorn[0m } [36mfrom[0m [32m'./popcorn.mjs'[0m;



Import traces:
  Client Component Browser:
    ./.gemini/antigravity/scratch/teacher-tracking/node_modules/lucide-react/dist/esm/icons/index.mjs [Client Component Browser]
    ./.gemini/antigravity/scratch/teacher-tracking/node_modules/lucide-react/dist/esm/lucide-react.mjs [Client Component Browser]
    ./.gemini/antigravity/scratch/teacher-tracking/src/components/pages/DailyTasksPage.tsx [Client Component Browser]
    ./.gemini/antigravity/scratch/teacher-tracking/src/components/AppShell.tsx [Client Component Browser]
    ./.gemini/antigravity/scratch/teacher-tracking/src/app/page.tsx [Client Component Browser]
    ./.gemini/antigravity/scratch/teacher-tracking/src/app/page.tsx [Server Component]

  Client Component SSR:
    ./.gemini/antigravity/scratch/teacher-tracking/node_modules/lucide-react/dist/esm/icons/index.mjs [Client Component SSR]
    ./.gemini/antigravity/scratch/teacher-tracking/node_modules/lucide-react/dist/esm/lucide-react.mjs [Client Component SSR]
    ./.gemini/antigravity/scratch/teacher-tracking/src/components/pages/DailyTasksPage.tsx [Client Component SSR]
    ./.gemini/antigravity/scratch/teacher-tracking/src/components/AppShell.tsx [Client Component SSR]
    ./.gemini/antigravity/scratch/teacher-tracking/src/app/page.tsx [Client Component SSR]
    ./.gemini/antigravity/scratch/teacher-tracking/src/app/page.tsx [Server Component]

https://nextjs.org/docs/messages/module-not-found


./.gemini/antigravity/scratch/teacher-tracking/node_modules/lucide-react/dist/esm/icons/index.mjs:1177:1
Module not found: Can't resolve './pointer-off.mjs'
  [90m1175 |[0m [36mexport[0m { [36mdefault[0m [36mas[0m [33mPocketKnife[0m } [36mfrom[0m [32m'./pocket-knife.mjs'[0m;
  [90m1176 |[0m [36mexport[0m { [36mdefault[0m [36mas[0m [33mPodcast[0m } [36mfrom[0m [32m'./podcast.mjs'[0m;
[31m[1m>[0m [90m1177 |[0m [36mexport[0m { [36mdefault[0m [36mas[0m [33mPointerOff[0m } [36mfrom[0m [32m'./pointer-off.mjs'[0m;
  [90m     |[0m [31m[1m^^^^^^^^^^^^^^^^^^^^^^^^^^^^^^^^^^^^^^^^^^^^^^^^^^^^^^^^^^[0m
  [90m1178 |[0m [36mexport[0m { [36mdefault[0m [36mas[0m [33mPointer[0m } [36mfrom[0m [32m'./pointer.mjs'[0m;
  [90m1179 |[0m [36mexport[0m { [36mdefault[0m [36mas[0m [33mPopcorn[0m } [36mfrom[0m [32m'./popcorn.mjs'[0m;
  [90m1180 |[0m [36mexport[0m { [36mdefault[0m [36mas[0m [33mPopsicle[0m } [36mfrom[0m [32m'./popsicle.mjs'[0m;



Import traces:
  Client Component Browser:
    ./.gemini/antigravity/scratch/teacher-tracking/node_modules/lucide-react/dist/esm/icons/index.mjs [Client Component Browser]
    ./.gemini/antigravity/scratch/teacher-tracking/node_modules/lucide-react/dist/esm/lucide-react.mjs [Client Component Browser]
    ./.gemini/antigravity/scratch/teacher-tracking/src/components/pages/DailyTasksPage.tsx [Client Component Browser]
    ./.gemini/antigravity/scratch/teacher-tracking/src/components/AppShell.tsx [Client Component Browser]
    ./.gemini/antigravity/scratch/teacher-tracking/src/app/page.tsx [Client Component Browser]
    ./.gemini/antigravity/scratch/teacher-tracking/src/app/page.tsx [Server Component]

  Client Component SSR:
    ./.gemini/antigravity/scratch/teacher-tracking/node_modules/lucide-react/dist/esm/icons/index.mjs [Client Component SSR]
    ./.gemini/antigravity/scratch/teacher-tracking/node_modules/lucide-react/dist/esm/lucide-react.mjs [Client Component SSR]
    ./.gemini/antigravity/scratch/teacher-tracking/src/components/pages/DailyTasksPage.tsx [Client Component SSR]
    ./.gemini/antigravity/scratch/teacher-tracking/src/components/AppShell.tsx [Client Component SSR]
    ./.gemini/antigravity/scratch/teacher-tracking/src/app/page.tsx [Client Component SSR]
    ./.gemini/antigravity/scratch/teacher-tracking/src/app/page.tsx [Server Component]

https://nextjs.org/docs/messages/module-not-found


./.gemini/antigravity/scratch/teacher-tracking/node_modules/lucide-react/dist/esm/icons/index.mjs:1178:1
Module not found: Can't resolve './pointer.mjs'
  [90m1176 |[0m [36mexport[0m { [36mdefault[0m [36mas[0m [33mPodcast[0m } [36mfrom[0m [32m'./podcast.mjs'[0m;
  [90m1177 |[0m [36mexport[0m { [36mdefault[0m [36mas[0m [33mPointerOff[0m } [36mfrom[0m [32m'./pointer-off.mjs'[0m;
[31m[1m>[0m [90m1178 |[0m [36mexport[0m { [36mdefault[0m [36mas[0m [33mPointer[0m } [36mfrom[0m [32m'./pointer.mjs'[0m;
  [90m     |[0m [31m[1m^^^^^^^^^^^^^^^^^^^^^^^^^^^^^^^^^^^^^^^^^^^^^^^^^^^[0m
  [90m1179 |[0m [36mexport[0m { [36mdefault[0m [36mas[0m [33mPopcorn[0m } [36mfrom[0m [32m'./popcorn.mjs'[0m;
  [90m1180 |[0m [36mexport[0m { [36mdefault[0m [36mas[0m [33mPopsicle[0m } [36mfrom[0m [32m'./popsicle.mjs'[0m;
  [90m1181 |[0m [36mexport[0m { [36mdefault[0m [36mas[0m [33mPoundSterling[0m } [36mfrom[0m [32m'./pound-sterling.mjs'[0m;



Import traces:
  Client Component Browser:
    ./.gemini/antigravity/scratch/teacher-tracking/node_modules/lucide-react/dist/esm/icons/index.mjs [Client Component Browser]
    ./.gemini/antigravity/scratch/teacher-tracking/node_modules/lucide-react/dist/esm/lucide-react.mjs [Client Component Browser]
    ./.gemini/antigravity/scratch/teacher-tracking/src/components/pages/DailyTasksPage.tsx [Client Component Browser]
    ./.gemini/antigravity/scratch/teacher-tracking/src/components/AppShell.tsx [Client Component Browser]
    ./.gemini/antigravity/scratch/teacher-tracking/src/app/page.tsx [Client Component Browser]
    ./.gemini/antigravity/scratch/teacher-tracking/src/app/page.tsx [Server Component]

  Client Component SSR:
    ./.gemini/antigravity/scratch/teacher-tracking/node_modules/lucide-react/dist/esm/icons/index.mjs [Client Component SSR]
    ./.gemini/antigravity/scratch/teacher-tracking/node_modules/lucide-react/dist/esm/lucide-react.mjs [Client Component SSR]
    ./.gemini/antigravity/scratch/teacher-tracking/src/components/pages/DailyTasksPage.tsx [Client Component SSR]
    ./.gemini/antigravity/scratch/teacher-tracking/src/components/AppShell.tsx [Client Component SSR]
    ./.gemini/antigravity/scratch/teacher-tracking/src/app/page.tsx [Client Component SSR]
    ./.gemini/antigravity/scratch/teacher-tracking/src/app/page.tsx [Server Component]

https://nextjs.org/docs/messages/module-not-found


./.gemini/antigravity/scratch/teacher-tracking/node_modules/lucide-react/dist/esm/icons/index.mjs:1179:1
Module not found: Can't resolve './popcorn.mjs'
  [90m1177 |[0m [36mexport[0m { [36mdefault[0m [36mas[0m [33mPointerOff[0m } [36mfrom[0m [32m'./pointer-off.mjs'[0m;
  [90m1178 |[0m [36mexport[0m { [36mdefault[0m [36mas[0m [33mPointer[0m } [36mfrom[0m [32m'./pointer.mjs'[0m;
[31m[1m>[0m [90m1179 |[0m [36mexport[0m { [36mdefault[0m [36mas[0m [33mPopcorn[0m } [36mfrom[0m [32m'./popcorn.mjs'[0m;
  [90m     |[0m [31m[1m^^^^^^^^^^^^^^^^^^^^^^^^^^^^^^^^^^^^^^^^^^^^^^^^^^^[0m
  [90m1180 |[0m [36mexport[0m { [36mdefault[0m [36mas[0m [33mPopsicle[0m } [36mfrom[0m [32m'./popsicle.mjs'[0m;
  [90m1181 |[0m [36mexport[0m { [36mdefault[0m [36mas[0m [33mPoundSterling[0m } [36mfrom[0m [32m'./pound-sterling.mjs'[0m;
  [90m1182 |[0m [36mexport[0m { [36mdefault[0m [36mas[0m [33mPowerOff[0m } [36mfrom[0m [32m'./power-off.mjs'[0m;



Import traces:
  Client Component Browser:
    ./.gemini/antigravity/scratch/teacher-tracking/node_modules/lucide-react/dist/esm/icons/index.mjs [Client Component Browser]
    ./.gemini/antigravity/scratch/teacher-tracking/node_modules/lucide-react/dist/esm/lucide-react.mjs [Client Component Browser]
    ./.gemini/antigravity/scratch/teacher-tracking/src/components/pages/DailyTasksPage.tsx [Client Component Browser]
    ./.gemini/antigravity/scratch/teacher-tracking/src/components/AppShell.tsx [Client Component Browser]
    ./.gemini/antigravity/scratch/teacher-tracking/src/app/page.tsx [Client Component Browser]
    ./.gemini/antigravity/scratch/teacher-tracking/src/app/page.tsx [Server Component]

  Client Component SSR:
    ./.gemini/antigravity/scratch/teacher-tracking/node_modules/lucide-react/dist/esm/icons/index.mjs [Client Component SSR]
    ./.gemini/antigravity/scratch/teacher-tracking/node_modules/lucide-react/dist/esm/lucide-react.mjs [Client Component SSR]
    ./.gemini/antigravity/scratch/teacher-tracking/src/components/pages/DailyTasksPage.tsx [Client Component SSR]
    ./.gemini/antigravity/scratch/teacher-tracking/src/components/AppShell.tsx [Client Component SSR]
    ./.gemini/antigravity/scratch/teacher-tracking/src/app/page.tsx [Client Component SSR]
    ./.gemini/antigravity/scratch/teacher-tracking/src/app/page.tsx [Server Component]

https://nextjs.org/docs/messages/module-not-found


./.gemini/antigravity/scratch/teacher-tracking/node_modules/lucide-react/dist/esm/icons/index.mjs:1180:1
Module not found: Can't resolve './popsicle.mjs'
  [90m1178 |[0m [36mexport[0m { [36mdefault[0m [36mas[0m [33mPointer[0m } [36mfrom[0m [32m'./pointer.mjs'[0m;
  [90m1179 |[0m [36mexport[0m { [36mdefault[0m [36mas[0m [33mPopcorn[0m } [36mfrom[0m [32m'./popcorn.mjs'[0m;
[31m[1m>[0m [90m1180 |[0m [36mexport[0m { [36mdefault[0m [36mas[0m [33mPopsicle[0m } [36mfrom[0m [32m'./popsicle.mjs'[0m;
  [90m     |[0m [31m[1m^^^^^^^^^^^^^^^^^^^^^^^^^^^^^^^^^^^^^^^^^^^^^^^^^^^^^[0m
  [90m1181 |[0m [36mexport[0m { [36mdefault[0m [36mas[0m [33mPoundSterling[0m } [36mfrom[0m [32m'./pound-sterling.mjs'[0m;
  [90m1182 |[0m [36mexport[0m { [36mdefault[0m [36mas[0m [33mPowerOff[0m } [36mfrom[0m [32m'./power-off.mjs'[0m;
  [90m1183 |[0m [36mexport[0m { [36mdefault[0m [36mas[0m [33mPower[0m } [36mfrom[0m [32m'./power.mjs'[0m;



Import traces:
  Client Component Browser:
    ./.gemini/antigravity/scratch/teacher-tracking/node_modules/lucide-react/dist/esm/icons/index.mjs [Client Component Browser]
    ./.gemini/antigravity/scratch/teacher-tracking/node_modules/lucide-react/dist/esm/lucide-react.mjs [Client Component Browser]
    ./.gemini/antigravity/scratch/teacher-tracking/src/components/pages/DailyTasksPage.tsx [Client Component Browser]
    ./.gemini/antigravity/scratch/teacher-tracking/src/components/AppShell.tsx [Client Component Browser]
    ./.gemini/antigravity/scratch/teacher-tracking/src/app/page.tsx [Client Component Browser]
    ./.gemini/antigravity/scratch/teacher-tracking/src/app/page.tsx [Server Component]

  Client Component SSR:
    ./.gemini/antigravity/scratch/teacher-tracking/node_modules/lucide-react/dist/esm/icons/index.mjs [Client Component SSR]
    ./.gemini/antigravity/scratch/teacher-tracking/node_modules/lucide-react/dist/esm/lucide-react.mjs [Client Component SSR]
    ./.gemini/antigravity/scratch/teacher-tracking/src/components/pages/DailyTasksPage.tsx [Client Component SSR]
    ./.gemini/antigravity/scratch/teacher-tracking/src/components/AppShell.tsx [Client Component SSR]
    ./.gemini/antigravity/scratch/teacher-tracking/src/app/page.tsx [Client Component SSR]
    ./.gemini/antigravity/scratch/teacher-tracking/src/app/page.tsx [Server Component]

https://nextjs.org/docs/messages/module-not-found


./.gemini/antigravity/scratch/teacher-tracking/node_modules/lucide-react/dist/esm/icons/index.mjs:1181:1
Module not found: Can't resolve './pound-sterling.mjs'
  [90m1179 |[0m [36mexport[0m { [36mdefault[0m [36mas[0m [33mPopcorn[0m } [36mfrom[0m [32m'./popcorn.mjs'[0m;
  [90m1180 |[0m [36mexport[0m { [36mdefault[0m [36mas[0m [33mPopsicle[0m } [36mfrom[0m [32m'./popsicle.mjs'[0m;
[31m[1m>[0m [90m1181 |[0m [36mexport[0m { [36mdefault[0m [36mas[0m [33mPoundSterling[0m } [36mfrom[0m [32m'./pound-sterling.mjs'[0m;
  [90m     |[0m [31m[1m^^^^^^^^^^^^^^^^^^^^^^^^^^^^^^^^^^^^^^^^^^^^^^^^^^^^^^^^^^^^^^^^[0m
  [90m1182 |[0m [36mexport[0m { [36mdefault[0m [36mas[0m [33mPowerOff[0m } [36mfrom[0m [32m'./power-off.mjs'[0m;
  [90m1183 |[0m [36mexport[0m { [36mdefault[0m [36mas[0m [33mPower[0m } [36mfrom[0m [32m'./power.mjs'[0m;
  [90m1184 |[0m [36mexport[0m { [36mdefault[0m [36mas[0m [33mPresentation[0m } [36mfrom[0m [32m'./presentation.mjs'[0m;



Import traces:
  Client Component Browser:
    ./.gemini/antigravity/scratch/teacher-tracking/node_modules/lucide-react/dist/esm/icons/index.mjs [Client Component Browser]
    ./.gemini/antigravity/scratch/teacher-tracking/node_modules/lucide-react/dist/esm/lucide-react.mjs [Client Component Browser]
    ./.gemini/antigravity/scratch/teacher-tracking/src/components/pages/DailyTasksPage.tsx [Client Component Browser]
    ./.gemini/antigravity/scratch/teacher-tracking/src/components/AppShell.tsx [Client Component Browser]
    ./.gemini/antigravity/scratch/teacher-tracking/src/app/page.tsx [Client Component Browser]
    ./.gemini/antigravity/scratch/teacher-tracking/src/app/page.tsx [Server Component]

  Client Component SSR:
    ./.gemini/antigravity/scratch/teacher-tracking/node_modules/lucide-react/dist/esm/icons/index.mjs [Client Component SSR]
    ./.gemini/antigravity/scratch/teacher-tracking/node_modules/lucide-react/dist/esm/lucide-react.mjs [Client Component SSR]
    ./.gemini/antigravity/scratch/teacher-tracking/src/components/pages/DailyTasksPage.tsx [Client Component SSR]
    ./.gemini/antigravity/scratch/teacher-tracking/src/components/AppShell.tsx [Client Component SSR]
    ./.gemini/antigravity/scratch/teacher-tracking/src/app/page.tsx [Client Component SSR]
    ./.gemini/antigravity/scratch/teacher-tracking/src/app/page.tsx [Server Component]

https://nextjs.org/docs/messages/module-not-found


./.gemini/antigravity/scratch/teacher-tracking/node_modules/lucide-react/dist/esm/icons/index.mjs:1182:1
Module not found: Can't resolve './power-off.mjs'
  [90m1180 |[0m [36mexport[0m { [36mdefault[0m [36mas[0m [33mPopsicle[0m } [36mfrom[0m [32m'./popsicle.mjs'[0m;
  [90m1181 |[0m [36mexport[0m { [36mdefault[0m [36mas[0m [33mPoundSterling[0m } [36mfrom[0m [32m'./pound-sterling.mjs'[0m;
[31m[1m>[0m [90m1182 |[0m [36mexport[0m { [36mdefault[0m [36mas[0m [33mPowerOff[0m } [36mfrom[0m [32m'./power-off.mjs'[0m;
  [90m     |[0m [31m[1m^^^^^^^^^^^^^^^^^^^^^^^^^^^^^^^^^^^^^^^^^^^^^^^^^^^^^^[0m
  [90m1183 |[0m [36mexport[0m { [36mdefault[0m [36mas[0m [33mPower[0m } [36mfrom[0m [32m'./power.mjs'[0m;
  [90m1184 |[0m [36mexport[0m { [36mdefault[0m [36mas[0m [33mPresentation[0m } [36mfrom[0m [32m'./presentation.mjs'[0m;
  [90m1185 |[0m [36mexport[0m { [36mdefault[0m [36mas[0m [33mPrinterCheck[0m } [36mfrom[0m [32m'./printer-check.mjs'[0m;



Import traces:
  Client Component Browser:
    ./.gemini/antigravity/scratch/teacher-tracking/node_modules/lucide-react/dist/esm/icons/index.mjs [Client Component Browser]
    ./.gemini/antigravity/scratch/teacher-tracking/node_modules/lucide-react/dist/esm/lucide-react.mjs [Client Component Browser]
    ./.gemini/antigravity/scratch/teacher-tracking/src/components/pages/DailyTasksPage.tsx [Client Component Browser]
    ./.gemini/antigravity/scratch/teacher-tracking/src/components/AppShell.tsx [Client Component Browser]
    ./.gemini/antigravity/scratch/teacher-tracking/src/app/page.tsx [Client Component Browser]
    ./.gemini/antigravity/scratch/teacher-tracking/src/app/page.tsx [Server Component]

  Client Component SSR:
    ./.gemini/antigravity/scratch/teacher-tracking/node_modules/lucide-react/dist/esm/icons/index.mjs [Client Component SSR]
    ./.gemini/antigravity/scratch/teacher-tracking/node_modules/lucide-react/dist/esm/lucide-react.mjs [Client Component SSR]
    ./.gemini/antigravity/scratch/teacher-tracking/src/components/pages/DailyTasksPage.tsx [Client Component SSR]
    ./.gemini/antigravity/scratch/teacher-tracking/src/components/AppShell.tsx [Client Component SSR]
    ./.gemini/antigravity/scratch/teacher-tracking/src/app/page.tsx [Client Component SSR]
    ./.gemini/antigravity/scratch/teacher-tracking/src/app/page.tsx [Server Component]

https://nextjs.org/docs/messages/module-not-found


./.gemini/antigravity/scratch/teacher-tracking/node_modules/lucide-react/dist/esm/icons/index.mjs:1183:1
Module not found: Can't resolve './power.mjs'
  [90m1181 |[0m [36mexport[0m { [36mdefault[0m [36mas[0m [33mPoundSterling[0m } [36mfrom[0m [32m'./pound-sterling.mjs'[0m;
  [90m1182 |[0m [36mexport[0m { [36mdefault[0m [36mas[0m [33mPowerOff[0m } [36mfrom[0m [32m'./power-off.mjs'[0m;
[31m[1m>[0m [90m1183 |[0m [36mexport[0m { [36mdefault[0m [36mas[0m [33mPower[0m } [36mfrom[0m [32m'./power.mjs'[0m;
  [90m     |[0m [31m[1m^^^^^^^^^^^^^^^^^^^^^^^^^^^^^^^^^^^^^^^^^^^^^^^[0m
  [90m1184 |[0m [36mexport[0m { [36mdefault[0m [36mas[0m [33mPresentation[0m } [36mfrom[0m [32m'./presentation.mjs'[0m;
  [90m1185 |[0m [36mexport[0m { [36mdefault[0m [36mas[0m [33mPrinterCheck[0m } [36mfrom[0m [32m'./printer-check.mjs'[0m;
  [90m1186 |[0m [36mexport[0m { [36mdefault[0m [36mas[0m [33mPrinterX[0m } [36mfrom[0m [32m'./printer-x.mjs'[0m;



Import traces:
  Client Component Browser:
    ./.gemini/antigravity/scratch/teacher-tracking/node_modules/lucide-react/dist/esm/icons/index.mjs [Client Component Browser]
    ./.gemini/antigravity/scratch/teacher-tracking/node_modules/lucide-react/dist/esm/lucide-react.mjs [Client Component Browser]
    ./.gemini/antigravity/scratch/teacher-tracking/src/components/pages/DailyTasksPage.tsx [Client Component Browser]
    ./.gemini/antigravity/scratch/teacher-tracking/src/components/AppShell.tsx [Client Component Browser]
    ./.gemini/antigravity/scratch/teacher-tracking/src/app/page.tsx [Client Component Browser]
    ./.gemini/antigravity/scratch/teacher-tracking/src/app/page.tsx [Server Component]

  Client Component SSR:
    ./.gemini/antigravity/scratch/teacher-tracking/node_modules/lucide-react/dist/esm/icons/index.mjs [Client Component SSR]
    ./.gemini/antigravity/scratch/teacher-tracking/node_modules/lucide-react/dist/esm/lucide-react.mjs [Client Component SSR]
    ./.gemini/antigravity/scratch/teacher-tracking/src/components/pages/DailyTasksPage.tsx [Client Component SSR]
    ./.gemini/antigravity/scratch/teacher-tracking/src/components/AppShell.tsx [Client Component SSR]
    ./.gemini/antigravity/scratch/teacher-tracking/src/app/page.tsx [Client Component SSR]
    ./.gemini/antigravity/scratch/teacher-tracking/src/app/page.tsx [Server Component]

https://nextjs.org/docs/messages/module-not-found


./.gemini/antigravity/scratch/teacher-tracking/node_modules/lucide-react/dist/esm/icons/index.mjs:1184:1
Module not found: Can't resolve './presentation.mjs'
  [90m1182 |[0m [36mexport[0m { [36mdefault[0m [36mas[0m [33mPowerOff[0m } [36mfrom[0m [32m'./power-off.mjs'[0m;
  [90m1183 |[0m [36mexport[0m { [36mdefault[0m [36mas[0m [33mPower[0m } [36mfrom[0m [32m'./power.mjs'[0m;
[31m[1m>[0m [90m1184 |[0m [36mexport[0m { [36mdefault[0m [36mas[0m [33mPresentation[0m } [36mfrom[0m [32m'./presentation.mjs'[0m;
  [90m     |[0m [31m[1m^^^^^^^^^^^^^^^^^^^^^^^^^^^^^^^^^^^^^^^^^^^^^^^^^^^^^^^^^^^^^[0m
  [90m1185 |[0m [36mexport[0m { [36mdefault[0m [36mas[0m [33mPrinterCheck[0m } [36mfrom[0m [32m'./printer-check.mjs'[0m;
  [90m1186 |[0m [36mexport[0m { [36mdefault[0m [36mas[0m [33mPrinterX[0m } [36mfrom[0m [32m'./printer-x.mjs'[0m;
  [90m1187 |[0m [36mexport[0m { [36mdefault[0m [36mas[0m [33mPrinter[0m } [36mfrom[0m [32m'./printer.mjs'[0m;



Import traces:
  Client Component Browser:
    ./.gemini/antigravity/scratch/teacher-tracking/node_modules/lucide-react/dist/esm/icons/index.mjs [Client Component Browser]
    ./.gemini/antigravity/scratch/teacher-tracking/node_modules/lucide-react/dist/esm/lucide-react.mjs [Client Component Browser]
    ./.gemini/antigravity/scratch/teacher-tracking/src/components/pages/DailyTasksPage.tsx [Client Component Browser]
    ./.gemini/antigravity/scratch/teacher-tracking/src/components/AppShell.tsx [Client Component Browser]
    ./.gemini/antigravity/scratch/teacher-tracking/src/app/page.tsx [Client Component Browser]
    ./.gemini/antigravity/scratch/teacher-tracking/src/app/page.tsx [Server Component]

  Client Component SSR:
    ./.gemini/antigravity/scratch/teacher-tracking/node_modules/lucide-react/dist/esm/icons/index.mjs [Client Component SSR]
    ./.gemini/antigravity/scratch/teacher-tracking/node_modules/lucide-react/dist/esm/lucide-react.mjs [Client Component SSR]
    ./.gemini/antigravity/scratch/teacher-tracking/src/components/pages/DailyTasksPage.tsx [Client Component SSR]
    ./.gemini/antigravity/scratch/teacher-tracking/src/components/AppShell.tsx [Client Component SSR]
    ./.gemini/antigravity/scratch/teacher-tracking/src/app/page.tsx [Client Component SSR]
    ./.gemini/antigravity/scratch/teacher-tracking/src/app/page.tsx [Server Component]

https://nextjs.org/docs/messages/module-not-found


./.gemini/antigravity/scratch/teacher-tracking/node_modules/lucide-react/dist/esm/icons/index.mjs:1185:1
Module not found: Can't resolve './printer-check.mjs'
  [90m1183 |[0m [36mexport[0m { [36mdefault[0m [36mas[0m [33mPower[0m } [36mfrom[0m [32m'./power.mjs'[0m;
  [90m1184 |[0m [36mexport[0m { [36mdefault[0m [36mas[0m [33mPresentation[0m } [36mfrom[0m [32m'./presentation.mjs'[0m;
[31m[1m>[0m [90m1185 |[0m [36mexport[0m { [36mdefault[0m [36mas[0m [33mPrinterCheck[0m } [36mfrom[0m [32m'./printer-check.mjs'[0m;
  [90m     |[0m [31m[1m^^^^^^^^^^^^^^^^^^^^^^^^^^^^^^^^^^^^^^^^^^^^^^^^^^^^^^^^^^^^^^[0m
  [90m1186 |[0m [36mexport[0m { [36mdefault[0m [36mas[0m [33mPrinterX[0m } [36mfrom[0m [32m'./printer-x.mjs'[0m;
  [90m1187 |[0m [36mexport[0m { [36mdefault[0m [36mas[0m [33mPrinter[0m } [36mfrom[0m [32m'./printer.mjs'[0m;
  [90m1188 |[0m [36mexport[0m { [36mdefault[0m [36mas[0m [33mProportions[0m } [36mfrom[0m [32m'./proportions.mjs'[0m;



Import traces:
  Client Component Browser:
    ./.gemini/antigravity/scratch/teacher-tracking/node_modules/lucide-react/dist/esm/icons/index.mjs [Client Component Browser]
    ./.gemini/antigravity/scratch/teacher-tracking/node_modules/lucide-react/dist/esm/lucide-react.mjs [Client Component Browser]
    ./.gemini/antigravity/scratch/teacher-tracking/src/components/pages/DailyTasksPage.tsx [Client Component Browser]
    ./.gemini/antigravity/scratch/teacher-tracking/src/components/AppShell.tsx [Client Component Browser]
    ./.gemini/antigravity/scratch/teacher-tracking/src/app/page.tsx [Client Component Browser]
    ./.gemini/antigravity/scratch/teacher-tracking/src/app/page.tsx [Server Component]

  Client Component SSR:
    ./.gemini/antigravity/scratch/teacher-tracking/node_modules/lucide-react/dist/esm/icons/index.mjs [Client Component SSR]
    ./.gemini/antigravity/scratch/teacher-tracking/node_modules/lucide-react/dist/esm/lucide-react.mjs [Client Component SSR]
    ./.gemini/antigravity/scratch/teacher-tracking/src/components/pages/DailyTasksPage.tsx [Client Component SSR]
    ./.gemini/antigravity/scratch/teacher-tracking/src/components/AppShell.tsx [Client Component SSR]
    ./.gemini/antigravity/scratch/teacher-tracking/src/app/page.tsx [Client Component SSR]
    ./.gemini/antigravity/scratch/teacher-tracking/src/app/page.tsx [Server Component]

https://nextjs.org/docs/messages/module-not-found


./.gemini/antigravity/scratch/teacher-tracking/node_modules/lucide-react/dist/esm/icons/index.mjs:1186:1
Module not found: Can't resolve './printer-x.mjs'
  [90m1184 |[0m [36mexport[0m { [36mdefault[0m [36mas[0m [33mPresentation[0m } [36mfrom[0m [32m'./presentation.mjs'[0m;
  [90m1185 |[0m [36mexport[0m { [36mdefault[0m [36mas[0m [33mPrinterCheck[0m } [36mfrom[0m [32m'./printer-check.mjs'[0m;
[31m[1m>[0m [90m1186 |[0m [36mexport[0m { [36mdefault[0m [36mas[0m [33mPrinterX[0m } [36mfrom[0m [32m'./printer-x.mjs'[0m;
  [90m     |[0m [31m[1m^^^^^^^^^^^^^^^^^^^^^^^^^^^^^^^^^^^^^^^^^^^^^^^^^^^^^^[0m
  [90m1187 |[0m [36mexport[0m { [36mdefault[0m [36mas[0m [33mPrinter[0m } [36mfrom[0m [32m'./printer.mjs'[0m;
  [90m1188 |[0m [36mexport[0m { [36mdefault[0m [36mas[0m [33mProportions[0m } [36mfrom[0m [32m'./proportions.mjs'[0m;
  [90m1189 |[0m [36mexport[0m { [36mdefault[0m [36mas[0m [33mProjector[0m } [36mfrom[0m [32m'./projector.mjs'[0m;



Import traces:
  Client Component Browser:
    ./.gemini/antigravity/scratch/teacher-tracking/node_modules/lucide-react/dist/esm/icons/index.mjs [Client Component Browser]
    ./.gemini/antigravity/scratch/teacher-tracking/node_modules/lucide-react/dist/esm/lucide-react.mjs [Client Component Browser]
    ./.gemini/antigravity/scratch/teacher-tracking/src/components/pages/DailyTasksPage.tsx [Client Component Browser]
    ./.gemini/antigravity/scratch/teacher-tracking/src/components/AppShell.tsx [Client Component Browser]
    ./.gemini/antigravity/scratch/teacher-tracking/src/app/page.tsx [Client Component Browser]
    ./.gemini/antigravity/scratch/teacher-tracking/src/app/page.tsx [Server Component]

  Client Component SSR:
    ./.gemini/antigravity/scratch/teacher-tracking/node_modules/lucide-react/dist/esm/icons/index.mjs [Client Component SSR]
    ./.gemini/antigravity/scratch/teacher-tracking/node_modules/lucide-react/dist/esm/lucide-react.mjs [Client Component SSR]
    ./.gemini/antigravity/scratch/teacher-tracking/src/components/pages/DailyTasksPage.tsx [Client Component SSR]
    ./.gemini/antigravity/scratch/teacher-tracking/src/components/AppShell.tsx [Client Component SSR]
    ./.gemini/antigravity/scratch/teacher-tracking/src/app/page.tsx [Client Component SSR]
    ./.gemini/antigravity/scratch/teacher-tracking/src/app/page.tsx [Server Component]

https://nextjs.org/docs/messages/module-not-found


./.gemini/antigravity/scratch/teacher-tracking/node_modules/lucide-react/dist/esm/icons/index.mjs:1187:1
Module not found: Can't resolve './printer.mjs'
  [90m1185 |[0m [36mexport[0m { [36mdefault[0m [36mas[0m [33mPrinterCheck[0m } [36mfrom[0m [32m'./printer-check.mjs'[0m;
  [90m1186 |[0m [36mexport[0m { [36mdefault[0m [36mas[0m [33mPrinterX[0m } [36mfrom[0m [32m'./printer-x.mjs'[0m;
[31m[1m>[0m [90m1187 |[0m [36mexport[0m { [36mdefault[0m [36mas[0m [33mPrinter[0m } [36mfrom[0m [32m'./printer.mjs'[0m;
  [90m     |[0m [31m[1m^^^^^^^^^^^^^^^^^^^^^^^^^^^^^^^^^^^^^^^^^^^^^^^^^^^[0m
  [90m1188 |[0m [36mexport[0m { [36mdefault[0m [36mas[0m [33mProportions[0m } [36mfrom[0m [32m'./proportions.mjs'[0m;
  [90m1189 |[0m [36mexport[0m { [36mdefault[0m [36mas[0m [33mProjector[0m } [36mfrom[0m [32m'./projector.mjs'[0m;
  [90m1190 |[0m [36mexport[0m { [36mdefault[0m [36mas[0m [33mPuzzle[0m } [36mfrom[0m [32m'./puzzle.mjs'[0m;



Import traces:
  Client Component Browser:
    ./.gemini/antigravity/scratch/teacher-tracking/node_modules/lucide-react/dist/esm/icons/index.mjs [Client Component Browser]
    ./.gemini/antigravity/scratch/teacher-tracking/node_modules/lucide-react/dist/esm/lucide-react.mjs [Client Component Browser]
    ./.gemini/antigravity/scratch/teacher-tracking/src/components/pages/DailyTasksPage.tsx [Client Component Browser]
    ./.gemini/antigravity/scratch/teacher-tracking/src/components/AppShell.tsx [Client Component Browser]
    ./.gemini/antigravity/scratch/teacher-tracking/src/app/page.tsx [Client Component Browser]
    ./.gemini/antigravity/scratch/teacher-tracking/src/app/page.tsx [Server Component]

  Client Component SSR:
    ./.gemini/antigravity/scratch/teacher-tracking/node_modules/lucide-react/dist/esm/icons/index.mjs [Client Component SSR]
    ./.gemini/antigravity/scratch/teacher-tracking/node_modules/lucide-react/dist/esm/lucide-react.mjs [Client Component SSR]
    ./.gemini/antigravity/scratch/teacher-tracking/src/components/pages/DailyTasksPage.tsx [Client Component SSR]
    ./.gemini/antigravity/scratch/teacher-tracking/src/components/AppShell.tsx [Client Component SSR]
    ./.gemini/antigravity/scratch/teacher-tracking/src/app/page.tsx [Client Component SSR]
    ./.gemini/antigravity/scratch/teacher-tracking/src/app/page.tsx [Server Component]

https://nextjs.org/docs/messages/module-not-found


./.gemini/antigravity/scratch/teacher-tracking/node_modules/lucide-react/dist/esm/icons/index.mjs:1189:1
Module not found: Can't resolve './projector.mjs'
  [90m1187 |[0m [36mexport[0m { [36mdefault[0m [36mas[0m [33mPrinter[0m } [36mfrom[0m [32m'./printer.mjs'[0m;
  [90m1188 |[0m [36mexport[0m { [36mdefault[0m [36mas[0m [33mProportions[0m } [36mfrom[0m [32m'./proportions.mjs'[0m;
[31m[1m>[0m [90m1189 |[0m [36mexport[0m { [36mdefault[0m [36mas[0m [33mProjector[0m } [36mfrom[0m [32m'./projector.mjs'[0m;
  [90m     |[0m [31m[1m^^^^^^^^^^^^^^^^^^^^^^^^^^^^^^^^^^^^^^^^^^^^^^^^^^^^^^^[0m
  [90m1190 |[0m [36mexport[0m { [36mdefault[0m [36mas[0m [33mPuzzle[0m } [36mfrom[0m [32m'./puzzle.mjs'[0m;
  [90m1191 |[0m [36mexport[0m { [36mdefault[0m [36mas[0m [33mPyramid[0m } [36mfrom[0m [32m'./pyramid.mjs'[0m;
  [90m1192 |[0m [36mexport[0m { [36mdefault[0m [36mas[0m [33mQrCode[0m } [36mfrom[0m [32m'./qr-code.mjs'[0m;



Import traces:
  Client Component Browser:
    ./.gemini/antigravity/scratch/teacher-tracking/node_modules/lucide-react/dist/esm/icons/index.mjs [Client Component Browser]
    ./.gemini/antigravity/scratch/teacher-tracking/node_modules/lucide-react/dist/esm/lucide-react.mjs [Client Component Browser]
    ./.gemini/antigravity/scratch/teacher-tracking/src/components/pages/DailyTasksPage.tsx [Client Component Browser]
    ./.gemini/antigravity/scratch/teacher-tracking/src/components/AppShell.tsx [Client Component Browser]
    ./.gemini/antigravity/scratch/teacher-tracking/src/app/page.tsx [Client Component Browser]
    ./.gemini/antigravity/scratch/teacher-tracking/src/app/page.tsx [Server Component]

  Client Component SSR:
    ./.gemini/antigravity/scratch/teacher-tracking/node_modules/lucide-react/dist/esm/icons/index.mjs [Client Component SSR]
    ./.gemini/antigravity/scratch/teacher-tracking/node_modules/lucide-react/dist/esm/lucide-react.mjs [Client Component SSR]
    ./.gemini/antigravity/scratch/teacher-tracking/src/components/pages/DailyTasksPage.tsx [Client Component SSR]
    ./.gemini/antigravity/scratch/teacher-tracking/src/components/AppShell.tsx [Client Component SSR]
    ./.gemini/antigravity/scratch/teacher-tracking/src/app/page.tsx [Client Component SSR]
    ./.gemini/antigravity/scratch/teacher-tracking/src/app/page.tsx [Server Component]

https://nextjs.org/docs/messages/module-not-found


./.gemini/antigravity/scratch/teacher-tracking/node_modules/lucide-react/dist/esm/icons/index.mjs:1188:1
Module not found: Can't resolve './proportions.mjs'
  [90m1186 |[0m [36mexport[0m { [36mdefault[0m [36mas[0m [33mPrinterX[0m } [36mfrom[0m [32m'./printer-x.mjs'[0m;
  [90m1187 |[0m [36mexport[0m { [36mdefault[0m [36mas[0m [33mPrinter[0m } [36mfrom[0m [32m'./printer.mjs'[0m;
[31m[1m>[0m [90m1188 |[0m [36mexport[0m { [36mdefault[0m [36mas[0m [33mProportions[0m } [36mfrom[0m [32m'./proportions.mjs'[0m;
  [90m     |[0m [31m[1m^^^^^^^^^^^^^^^^^^^^^^^^^^^^^^^^^^^^^^^^^^^^^^^^^^^^^^^^^^^[0m
  [90m1189 |[0m [36mexport[0m { [36mdefault[0m [36mas[0m [33mProjector[0m } [36mfrom[0m [32m'./projector.mjs'[0m;
  [90m1190 |[0m [36mexport[0m { [36mdefault[0m [36mas[0m [33mPuzzle[0m } [36mfrom[0m [32m'./puzzle.mjs'[0m;
  [90m1191 |[0m [36mexport[0m { [36mdefault[0m [36mas[0m [33mPyramid[0m } [36mfrom[0m [32m'./pyramid.mjs'[0m;



Import traces:
  Client Component Browser:
    ./.gemini/antigravity/scratch/teacher-tracking/node_modules/lucide-react/dist/esm/icons/index.mjs [Client Component Browser]
    ./.gemini/antigravity/scratch/teacher-tracking/node_modules/lucide-react/dist/esm/lucide-react.mjs [Client Component Browser]
    ./.gemini/antigravity/scratch/teacher-tracking/src/components/pages/DailyTasksPage.tsx [Client Component Browser]
    ./.gemini/antigravity/scratch/teacher-tracking/src/components/AppShell.tsx [Client Component Browser]
    ./.gemini/antigravity/scratch/teacher-tracking/src/app/page.tsx [Client Component Browser]
    ./.gemini/antigravity/scratch/teacher-tracking/src/app/page.tsx [Server Component]

  Client Component SSR:
    ./.gemini/antigravity/scratch/teacher-tracking/node_modules/lucide-react/dist/esm/icons/index.mjs [Client Component SSR]
    ./.gemini/antigravity/scratch/teacher-tracking/node_modules/lucide-react/dist/esm/lucide-react.mjs [Client Component SSR]
    ./.gemini/antigravity/scratch/teacher-tracking/src/components/pages/DailyTasksPage.tsx [Client Component SSR]
    ./.gemini/antigravity/scratch/teacher-tracking/src/components/AppShell.tsx [Client Component SSR]
    ./.gemini/antigravity/scratch/teacher-tracking/src/app/page.tsx [Client Component SSR]
    ./.gemini/antigravity/scratch/teacher-tracking/src/app/page.tsx [Server Component]

https://nextjs.org/docs/messages/module-not-found


./.gemini/antigravity/scratch/teacher-tracking/node_modules/lucide-react/dist/esm/icons/index.mjs:1190:1
Module not found: Can't resolve './puzzle.mjs'
  [90m1188 |[0m [36mexport[0m { [36mdefault[0m [36mas[0m [33mProportions[0m } [36mfrom[0m [32m'./proportions.mjs'[0m;
  [90m1189 |[0m [36mexport[0m { [36mdefault[0m [36mas[0m [33mProjector[0m } [36mfrom[0m [32m'./projector.mjs'[0m;
[31m[1m>[0m [90m1190 |[0m [36mexport[0m { [36mdefault[0m [36mas[0m [33mPuzzle[0m } [36mfrom[0m [32m'./puzzle.mjs'[0m;
  [90m     |[0m [31m[1m^^^^^^^^^^^^^^^^^^^^^^^^^^^^^^^^^^^^^^^^^^^^^^^^^[0m
  [90m1191 |[0m [36mexport[0m { [36mdefault[0m [36mas[0m [33mPyramid[0m } [36mfrom[0m [32m'./pyramid.mjs'[0m;
  [90m1192 |[0m [36mexport[0m { [36mdefault[0m [36mas[0m [33mQrCode[0m } [36mfrom[0m [32m'./qr-code.mjs'[0m;
  [90m1193 |[0m [36mexport[0m { [36mdefault[0m [36mas[0m [33mQuote[0m } [36mfrom[0m [32m'./quote.mjs'[0m;



Import traces:
  Client Component Browser:
    ./.gemini/antigravity/scratch/teacher-tracking/node_modules/lucide-react/dist/esm/icons/index.mjs [Client Component Browser]
    ./.gemini/antigravity/scratch/teacher-tracking/node_modules/lucide-react/dist/esm/lucide-react.mjs [Client Component Browser]
    ./.gemini/antigravity/scratch/teacher-tracking/src/components/pages/DailyTasksPage.tsx [Client Component Browser]
    ./.gemini/antigravity/scratch/teacher-tracking/src/components/AppShell.tsx [Client Component Browser]
    ./.gemini/antigravity/scratch/teacher-tracking/src/app/page.tsx [Client Component Browser]
    ./.gemini/antigravity/scratch/teacher-tracking/src/app/page.tsx [Server Component]

  Client Component SSR:
    ./.gemini/antigravity/scratch/teacher-tracking/node_modules/lucide-react/dist/esm/icons/index.mjs [Client Component SSR]
    ./.gemini/antigravity/scratch/teacher-tracking/node_modules/lucide-react/dist/esm/lucide-react.mjs [Client Component SSR]
    ./.gemini/antigravity/scratch/teacher-tracking/src/components/pages/DailyTasksPage.tsx [Client Component SSR]
    ./.gemini/antigravity/scratch/teacher-tracking/src/components/AppShell.tsx [Client Component SSR]
    ./.gemini/antigravity/scratch/teacher-tracking/src/app/page.tsx [Client Component SSR]
    ./.gemini/antigravity/scratch/teacher-tracking/src/app/page.tsx [Server Component]

https://nextjs.org/docs/messages/module-not-found


./.gemini/antigravity/scratch/teacher-tracking/node_modules/lucide-react/dist/esm/icons/index.mjs:1191:1
Module not found: Can't resolve './pyramid.mjs'
  [90m1189 |[0m [36mexport[0m { [36mdefault[0m [36mas[0m [33mProjector[0m } [36mfrom[0m [32m'./projector.mjs'[0m;
  [90m1190 |[0m [36mexport[0m { [36mdefault[0m [36mas[0m [33mPuzzle[0m } [36mfrom[0m [32m'./puzzle.mjs'[0m;
[31m[1m>[0m [90m1191 |[0m [36mexport[0m { [36mdefault[0m [36mas[0m [33mPyramid[0m } [36mfrom[0m [32m'./pyramid.mjs'[0m;
  [90m     |[0m [31m[1m^^^^^^^^^^^^^^^^^^^^^^^^^^^^^^^^^^^^^^^^^^^^^^^^^^^[0m
  [90m1192 |[0m [36mexport[0m { [36mdefault[0m [36mas[0m [33mQrCode[0m } [36mfrom[0m [32m'./qr-code.mjs'[0m;
  [90m1193 |[0m [36mexport[0m { [36mdefault[0m [36mas[0m [33mQuote[0m } [36mfrom[0m [32m'./quote.mjs'[0m;
  [90m1194 |[0m [36mexport[0m { [36mdefault[0m [36mas[0m [33mRabbit[0m } [36mfrom[0m [32m'./rabbit.mjs'[0m;



Import traces:
  Client Component Browser:
    ./.gemini/antigravity/scratch/teacher-tracking/node_modules/lucide-react/dist/esm/icons/index.mjs [Client Component Browser]
    ./.gemini/antigravity/scratch/teacher-tracking/node_modules/lucide-react/dist/esm/lucide-react.mjs [Client Component Browser]
    ./.gemini/antigravity/scratch/teacher-tracking/src/components/pages/DailyTasksPage.tsx [Client Component Browser]
    ./.gemini/antigravity/scratch/teacher-tracking/src/components/AppShell.tsx [Client Component Browser]
    ./.gemini/antigravity/scratch/teacher-tracking/src/app/page.tsx [Client Component Browser]
    ./.gemini/antigravity/scratch/teacher-tracking/src/app/page.tsx [Server Component]

  Client Component SSR:
    ./.gemini/antigravity/scratch/teacher-tracking/node_modules/lucide-react/dist/esm/icons/index.mjs [Client Component SSR]
    ./.gemini/antigravity/scratch/teacher-tracking/node_modules/lucide-react/dist/esm/lucide-react.mjs [Client Component SSR]
    ./.gemini/antigravity/scratch/teacher-tracking/src/components/pages/DailyTasksPage.tsx [Client Component SSR]
    ./.gemini/antigravity/scratch/teacher-tracking/src/components/AppShell.tsx [Client Component SSR]
    ./.gemini/antigravity/scratch/teacher-tracking/src/app/page.tsx [Client Component SSR]
    ./.gemini/antigravity/scratch/teacher-tracking/src/app/page.tsx [Server Component]

https://nextjs.org/docs/messages/module-not-found


./.gemini/antigravity/scratch/teacher-tracking/node_modules/lucide-react/dist/esm/icons/index.mjs:1192:1
Module not found: Can't resolve './qr-code.mjs'
  [90m1190 |[0m [36mexport[0m { [36mdefault[0m [36mas[0m [33mPuzzle[0m } [36mfrom[0m [32m'./puzzle.mjs'[0m;
  [90m1191 |[0m [36mexport[0m { [36mdefault[0m [36mas[0m [33mPyramid[0m } [36mfrom[0m [32m'./pyramid.mjs'[0m;
[31m[1m>[0m [90m1192 |[0m [36mexport[0m { [36mdefault[0m [36mas[0m [33mQrCode[0m } [36mfrom[0m [32m'./qr-code.mjs'[0m;
  [90m     |[0m [31m[1m^^^^^^^^^^^^^^^^^^^^^^^^^^^^^^^^^^^^^^^^^^^^^^^^^^[0m
  [90m1193 |[0m [36mexport[0m { [36mdefault[0m [36mas[0m [33mQuote[0m } [36mfrom[0m [32m'./quote.mjs'[0m;
  [90m1194 |[0m [36mexport[0m { [36mdefault[0m [36mas[0m [33mRabbit[0m } [36mfrom[0m [32m'./rabbit.mjs'[0m;
  [90m1195 |[0m [36mexport[0m { [36mdefault[0m [36mas[0m [33mRadar[0m } [36mfrom[0m [32m'./radar.mjs'[0m;



Import traces:
  Client Component Browser:
    ./.gemini/antigravity/scratch/teacher-tracking/node_modules/lucide-react/dist/esm/icons/index.mjs [Client Component Browser]
    ./.gemini/antigravity/scratch/teacher-tracking/node_modules/lucide-react/dist/esm/lucide-react.mjs [Client Component Browser]
    ./.gemini/antigravity/scratch/teacher-tracking/src/components/pages/DailyTasksPage.tsx [Client Component Browser]
    ./.gemini/antigravity/scratch/teacher-tracking/src/components/AppShell.tsx [Client Component Browser]
    ./.gemini/antigravity/scratch/teacher-tracking/src/app/page.tsx [Client Component Browser]
    ./.gemini/antigravity/scratch/teacher-tracking/src/app/page.tsx [Server Component]

  Client Component SSR:
    ./.gemini/antigravity/scratch/teacher-tracking/node_modules/lucide-react/dist/esm/icons/index.mjs [Client Component SSR]
    ./.gemini/antigravity/scratch/teacher-tracking/node_modules/lucide-react/dist/esm/lucide-react.mjs [Client Component SSR]
    ./.gemini/antigravity/scratch/teacher-tracking/src/components/pages/DailyTasksPage.tsx [Client Component SSR]
    ./.gemini/antigravity/scratch/teacher-tracking/src/components/AppShell.tsx [Client Component SSR]
    ./.gemini/antigravity/scratch/teacher-tracking/src/app/page.tsx [Client Component SSR]
    ./.gemini/antigravity/scratch/teacher-tracking/src/app/page.tsx [Server Component]

https://nextjs.org/docs/messages/module-not-found


./.gemini/antigravity/scratch/teacher-tracking/node_modules/lucide-react/dist/esm/icons/index.mjs:1193:1
Module not found: Can't resolve './quote.mjs'
  [90m1191 |[0m [36mexport[0m { [36mdefault[0m [36mas[0m [33mPyramid[0m } [36mfrom[0m [32m'./pyramid.mjs'[0m;
  [90m1192 |[0m [36mexport[0m { [36mdefault[0m [36mas[0m [33mQrCode[0m } [36mfrom[0m [32m'./qr-code.mjs'[0m;
[31m[1m>[0m [90m1193 |[0m [36mexport[0m { [36mdefault[0m [36mas[0m [33mQuote[0m } [36mfrom[0m [32m'./quote.mjs'[0m;
  [90m     |[0m [31m[1m^^^^^^^^^^^^^^^^^^^^^^^^^^^^^^^^^^^^^^^^^^^^^^^[0m
  [90m1194 |[0m [36mexport[0m { [36mdefault[0m [36mas[0m [33mRabbit[0m } [36mfrom[0m [32m'./rabbit.mjs'[0m;
  [90m1195 |[0m [36mexport[0m { [36mdefault[0m [36mas[0m [33mRadar[0m } [36mfrom[0m [32m'./radar.mjs'[0m;
  [90m1196 |[0m [36mexport[0m { [36mdefault[0m [36mas[0m [33mRadiation[0m } [36mfrom[0m [32m'./radiation.mjs'[0m;



Import traces:
  Client Component Browser:
    ./.gemini/antigravity/scratch/teacher-tracking/node_modules/lucide-react/dist/esm/icons/index.mjs [Client Component Browser]
    ./.gemini/antigravity/scratch/teacher-tracking/node_modules/lucide-react/dist/esm/lucide-react.mjs [Client Component Browser]
    ./.gemini/antigravity/scratch/teacher-tracking/src/components/pages/DailyTasksPage.tsx [Client Component Browser]
    ./.gemini/antigravity/scratch/teacher-tracking/src/components/AppShell.tsx [Client Component Browser]
    ./.gemini/antigravity/scratch/teacher-tracking/src/app/page.tsx [Client Component Browser]
    ./.gemini/antigravity/scratch/teacher-tracking/src/app/page.tsx [Server Component]

  Client Component SSR:
    ./.gemini/antigravity/scratch/teacher-tracking/node_modules/lucide-react/dist/esm/icons/index.mjs [Client Component SSR]
    ./.gemini/antigravity/scratch/teacher-tracking/node_modules/lucide-react/dist/esm/lucide-react.mjs [Client Component SSR]
    ./.gemini/antigravity/scratch/teacher-tracking/src/components/pages/DailyTasksPage.tsx [Client Component SSR]
    ./.gemini/antigravity/scratch/teacher-tracking/src/components/AppShell.tsx [Client Component SSR]
    ./.gemini/antigravity/scratch/teacher-tracking/src/app/page.tsx [Client Component SSR]
    ./.gemini/antigravity/scratch/teacher-tracking/src/app/page.tsx [Server Component]

https://nextjs.org/docs/messages/module-not-found


./.gemini/antigravity/scratch/teacher-tracking/node_modules/lucide-react/dist/esm/icons/index.mjs:1194:1
Module not found: Can't resolve './rabbit.mjs'
  [90m1192 |[0m [36mexport[0m { [36mdefault[0m [36mas[0m [33mQrCode[0m } [36mfrom[0m [32m'./qr-code.mjs'[0m;
  [90m1193 |[0m [36mexport[0m { [36mdefault[0m [36mas[0m [33mQuote[0m } [36mfrom[0m [32m'./quote.mjs'[0m;
[31m[1m>[0m [90m1194 |[0m [36mexport[0m { [36mdefault[0m [36mas[0m [33mRabbit[0m } [36mfrom[0m [32m'./rabbit.mjs'[0m;
  [90m     |[0m [31m[1m^^^^^^^^^^^^^^^^^^^^^^^^^^^^^^^^^^^^^^^^^^^^^^^^^[0m
  [90m1195 |[0m [36mexport[0m { [36mdefault[0m [36mas[0m [33mRadar[0m } [36mfrom[0m [32m'./radar.mjs'[0m;
  [90m1196 |[0m [36mexport[0m { [36mdefault[0m [36mas[0m [33mRadiation[0m } [36mfrom[0m [32m'./radiation.mjs'[0m;
  [90m1197 |[0m [36mexport[0m { [36mdefault[0m [36mas[0m [33mRadical[0m } [36mfrom[0m [32m'./radical.mjs'[0m;



Import traces:
  Client Component Browser:
    ./.gemini/antigravity/scratch/teacher-tracking/node_modules/lucide-react/dist/esm/icons/index.mjs [Client Component Browser]
    ./.gemini/antigravity/scratch/teacher-tracking/node_modules/lucide-react/dist/esm/lucide-react.mjs [Client Component Browser]
    ./.gemini/antigravity/scratch/teacher-tracking/src/components/pages/DailyTasksPage.tsx [Client Component Browser]
    ./.gemini/antigravity/scratch/teacher-tracking/src/components/AppShell.tsx [Client Component Browser]
    ./.gemini/antigravity/scratch/teacher-tracking/src/app/page.tsx [Client Component Browser]
    ./.gemini/antigravity/scratch/teacher-tracking/src/app/page.tsx [Server Component]

  Client Component SSR:
    ./.gemini/antigravity/scratch/teacher-tracking/node_modules/lucide-react/dist/esm/icons/index.mjs [Client Component SSR]
    ./.gemini/antigravity/scratch/teacher-tracking/node_modules/lucide-react/dist/esm/lucide-react.mjs [Client Component SSR]
    ./.gemini/antigravity/scratch/teacher-tracking/src/components/pages/DailyTasksPage.tsx [Client Component SSR]
    ./.gemini/antigravity/scratch/teacher-tracking/src/components/AppShell.tsx [Client Component SSR]
    ./.gemini/antigravity/scratch/teacher-tracking/src/app/page.tsx [Client Component SSR]
    ./.gemini/antigravity/scratch/teacher-tracking/src/app/page.tsx [Server Component]

https://nextjs.org/docs/messages/module-not-found


./.gemini/antigravity/scratch/teacher-tracking/node_modules/lucide-react/dist/esm/icons/index.mjs:1195:1
Module not found: Can't resolve './radar.mjs'
  [90m1193 |[0m [36mexport[0m { [36mdefault[0m [36mas[0m [33mQuote[0m } [36mfrom[0m [32m'./quote.mjs'[0m;
  [90m1194 |[0m [36mexport[0m { [36mdefault[0m [36mas[0m [33mRabbit[0m } [36mfrom[0m [32m'./rabbit.mjs'[0m;
[31m[1m>[0m [90m1195 |[0m [36mexport[0m { [36mdefault[0m [36mas[0m [33mRadar[0m } [36mfrom[0m [32m'./radar.mjs'[0m;
  [90m     |[0m [31m[1m^^^^^^^^^^^^^^^^^^^^^^^^^^^^^^^^^^^^^^^^^^^^^^^[0m
  [90m1196 |[0m [36mexport[0m { [36mdefault[0m [36mas[0m [33mRadiation[0m } [36mfrom[0m [32m'./radiation.mjs'[0m;
  [90m1197 |[0m [36mexport[0m { [36mdefault[0m [36mas[0m [33mRadical[0m } [36mfrom[0m [32m'./radical.mjs'[0m;
  [90m1198 |[0m [36mexport[0m { [36mdefault[0m [36mas[0m [33mRadioOff[0m } [36mfrom[0m [32m'./radio-off.mjs'[0m;



Import traces:
  Client Component Browser:
    ./.gemini/antigravity/scratch/teacher-tracking/node_modules/lucide-react/dist/esm/icons/index.mjs [Client Component Browser]
    ./.gemini/antigravity/scratch/teacher-tracking/node_modules/lucide-react/dist/esm/lucide-react.mjs [Client Component Browser]
    ./.gemini/antigravity/scratch/teacher-tracking/src/components/pages/DailyTasksPage.tsx [Client Component Browser]
    ./.gemini/antigravity/scratch/teacher-tracking/src/components/AppShell.tsx [Client Component Browser]
    ./.gemini/antigravity/scratch/teacher-tracking/src/app/page.tsx [Client Component Browser]
    ./.gemini/antigravity/scratch/teacher-tracking/src/app/page.tsx [Server Component]

  Client Component SSR:
    ./.gemini/antigravity/scratch/teacher-tracking/node_modules/lucide-react/dist/esm/icons/index.mjs [Client Component SSR]
    ./.gemini/antigravity/scratch/teacher-tracking/node_modules/lucide-react/dist/esm/lucide-react.mjs [Client Component SSR]
    ./.gemini/antigravity/scratch/teacher-tracking/src/components/pages/DailyTasksPage.tsx [Client Component SSR]
    ./.gemini/antigravity/scratch/teacher-tracking/src/components/AppShell.tsx [Client Component SSR]
    ./.gemini/antigravity/scratch/teacher-tracking/src/app/page.tsx [Client Component SSR]
    ./.gemini/antigravity/scratch/teacher-tracking/src/app/page.tsx [Server Component]

https://nextjs.org/docs/messages/module-not-found


./.gemini/antigravity/scratch/teacher-tracking/node_modules/lucide-react/dist/esm/icons/index.mjs:1196:1
Module not found: Can't resolve './radiation.mjs'
  [90m1194 |[0m [36mexport[0m { [36mdefault[0m [36mas[0m [33mRabbit[0m } [36mfrom[0m [32m'./rabbit.mjs'[0m;
  [90m1195 |[0m [36mexport[0m { [36mdefault[0m [36mas[0m [33mRadar[0m } [36mfrom[0m [32m'./radar.mjs'[0m;
[31m[1m>[0m [90m1196 |[0m [36mexport[0m { [36mdefault[0m [36mas[0m [33mRadiation[0m } [36mfrom[0m [32m'./radiation.mjs'[0m;
  [90m     |[0m [31m[1m^^^^^^^^^^^^^^^^^^^^^^^^^^^^^^^^^^^^^^^^^^^^^^^^^^^^^^^[0m
  [90m1197 |[0m [36mexport[0m { [36mdefault[0m [36mas[0m [33mRadical[0m } [36mfrom[0m [32m'./radical.mjs'[0m;
  [90m1198 |[0m [36mexport[0m { [36mdefault[0m [36mas[0m [33mRadioOff[0m } [36mfrom[0m [32m'./radio-off.mjs'[0m;
  [90m1199 |[0m [36mexport[0m { [36mdefault[0m [36mas[0m [33mRadioReceiver[0m } [36mfrom[0m [32m'./radio-receiver.mjs'[0m;



Import traces:
  Client Component Browser:
    ./.gemini/antigravity/scratch/teacher-tracking/node_modules/lucide-react/dist/esm/icons/index.mjs [Client Component Browser]
    ./.gemini/antigravity/scratch/teacher-tracking/node_modules/lucide-react/dist/esm/lucide-react.mjs [Client Component Browser]
    ./.gemini/antigravity/scratch/teacher-tracking/src/components/pages/DailyTasksPage.tsx [Client Component Browser]
    ./.gemini/antigravity/scratch/teacher-tracking/src/components/AppShell.tsx [Client Component Browser]
    ./.gemini/antigravity/scratch/teacher-tracking/src/app/page.tsx [Client Component Browser]
    ./.gemini/antigravity/scratch/teacher-tracking/src/app/page.tsx [Server Component]

  Client Component SSR:
    ./.gemini/antigravity/scratch/teacher-tracking/node_modules/lucide-react/dist/esm/icons/index.mjs [Client Component SSR]
    ./.gemini/antigravity/scratch/teacher-tracking/node_modules/lucide-react/dist/esm/lucide-react.mjs [Client Component SSR]
    ./.gemini/antigravity/scratch/teacher-tracking/src/components/pages/DailyTasksPage.tsx [Client Component SSR]
    ./.gemini/antigravity/scratch/teacher-tracking/src/components/AppShell.tsx [Client Component SSR]
    ./.gemini/antigravity/scratch/teacher-tracking/src/app/page.tsx [Client Component SSR]
    ./.gemini/antigravity/scratch/teacher-tracking/src/app/page.tsx [Server Component]

https://nextjs.org/docs/messages/module-not-found


./.gemini/antigravity/scratch/teacher-tracking/node_modules/lucide-react/dist/esm/icons/index.mjs:1197:1
Module not found: Can't resolve './radical.mjs'
  [90m1195 |[0m [36mexport[0m { [36mdefault[0m [36mas[0m [33mRadar[0m } [36mfrom[0m [32m'./radar.mjs'[0m;
  [90m1196 |[0m [36mexport[0m { [36mdefault[0m [36mas[0m [33mRadiation[0m } [36mfrom[0m [32m'./radiation.mjs'[0m;
[31m[1m>[0m [90m1197 |[0m [36mexport[0m { [36mdefault[0m [36mas[0m [33mRadical[0m } [36mfrom[0m [32m'./radical.mjs'[0m;
  [90m     |[0m [31m[1m^^^^^^^^^^^^^^^^^^^^^^^^^^^^^^^^^^^^^^^^^^^^^^^^^^^[0m
  [90m1198 |[0m [36mexport[0m { [36mdefault[0m [36mas[0m [33mRadioOff[0m } [36mfrom[0m [32m'./radio-off.mjs'[0m;
  [90m1199 |[0m [36mexport[0m { [36mdefault[0m [36mas[0m [33mRadioReceiver[0m } [36mfrom[0m [32m'./radio-receiver.mjs'[0m;
  [90m1200 |[0m [36mexport[0m { [36mdefault[0m [36mas[0m [33mRadioTower[0m } [36mfrom[0m [32m'./radio-tower.mjs'[0m;



Import traces:
  Client Component Browser:
    ./.gemini/antigravity/scratch/teacher-tracking/node_modules/lucide-react/dist/esm/icons/index.mjs [Client Component Browser]
    ./.gemini/antigravity/scratch/teacher-tracking/node_modules/lucide-react/dist/esm/lucide-react.mjs [Client Component Browser]
    ./.gemini/antigravity/scratch/teacher-tracking/src/components/pages/DailyTasksPage.tsx [Client Component Browser]
    ./.gemini/antigravity/scratch/teacher-tracking/src/components/AppShell.tsx [Client Component Browser]
    ./.gemini/antigravity/scratch/teacher-tracking/src/app/page.tsx [Client Component Browser]
    ./.gemini/antigravity/scratch/teacher-tracking/src/app/page.tsx [Server Component]

  Client Component SSR:
    ./.gemini/antigravity/scratch/teacher-tracking/node_modules/lucide-react/dist/esm/icons/index.mjs [Client Component SSR]
    ./.gemini/antigravity/scratch/teacher-tracking/node_modules/lucide-react/dist/esm/lucide-react.mjs [Client Component SSR]
    ./.gemini/antigravity/scratch/teacher-tracking/src/components/pages/DailyTasksPage.tsx [Client Component SSR]
    ./.gemini/antigravity/scratch/teacher-tracking/src/components/AppShell.tsx [Client Component SSR]
    ./.gemini/antigravity/scratch/teacher-tracking/src/app/page.tsx [Client Component SSR]
    ./.gemini/antigravity/scratch/teacher-tracking/src/app/page.tsx [Server Component]

https://nextjs.org/docs/messages/module-not-found


./.gemini/antigravity/scratch/teacher-tracking/node_modules/lucide-react/dist/esm/icons/index.mjs:1198:1
Module not found: Can't resolve './radio-off.mjs'
  [90m1196 |[0m [36mexport[0m { [36mdefault[0m [36mas[0m [33mRadiation[0m } [36mfrom[0m [32m'./radiation.mjs'[0m;
  [90m1197 |[0m [36mexport[0m { [36mdefault[0m [36mas[0m [33mRadical[0m } [36mfrom[0m [32m'./radical.mjs'[0m;
[31m[1m>[0m [90m1198 |[0m [36mexport[0m { [36mdefault[0m [36mas[0m [33mRadioOff[0m } [36mfrom[0m [32m'./radio-off.mjs'[0m;
  [90m     |[0m [31m[1m^^^^^^^^^^^^^^^^^^^^^^^^^^^^^^^^^^^^^^^^^^^^^^^^^^^^^^[0m
  [90m1199 |[0m [36mexport[0m { [36mdefault[0m [36mas[0m [33mRadioReceiver[0m } [36mfrom[0m [32m'./radio-receiver.mjs'[0m;
  [90m1200 |[0m [36mexport[0m { [36mdefault[0m [36mas[0m [33mRadioTower[0m } [36mfrom[0m [32m'./radio-tower.mjs'[0m;
  [90m1201 |[0m [36mexport[0m { [36mdefault[0m [36mas[0m [33mRadio[0m } [36mfrom[0m [32m'./radio.mjs'[0m;



Import traces:
  Client Component Browser:
    ./.gemini/antigravity/scratch/teacher-tracking/node_modules/lucide-react/dist/esm/icons/index.mjs [Client Component Browser]
    ./.gemini/antigravity/scratch/teacher-tracking/node_modules/lucide-react/dist/esm/lucide-react.mjs [Client Component Browser]
    ./.gemini/antigravity/scratch/teacher-tracking/src/components/pages/DailyTasksPage.tsx [Client Component Browser]
    ./.gemini/antigravity/scratch/teacher-tracking/src/components/AppShell.tsx [Client Component Browser]
    ./.gemini/antigravity/scratch/teacher-tracking/src/app/page.tsx [Client Component Browser]
    ./.gemini/antigravity/scratch/teacher-tracking/src/app/page.tsx [Server Component]

  Client Component SSR:
    ./.gemini/antigravity/scratch/teacher-tracking/node_modules/lucide-react/dist/esm/icons/index.mjs [Client Component SSR]
    ./.gemini/antigravity/scratch/teacher-tracking/node_modules/lucide-react/dist/esm/lucide-react.mjs [Client Component SSR]
    ./.gemini/antigravity/scratch/teacher-tracking/src/components/pages/DailyTasksPage.tsx [Client Component SSR]
    ./.gemini/antigravity/scratch/teacher-tracking/src/components/AppShell.tsx [Client Component SSR]
    ./.gemini/antigravity/scratch/teacher-tracking/src/app/page.tsx [Client Component SSR]
    ./.gemini/antigravity/scratch/teacher-tracking/src/app/page.tsx [Server Component]

https://nextjs.org/docs/messages/module-not-found


./.gemini/antigravity/scratch/teacher-tracking/node_modules/lucide-react/dist/esm/icons/index.mjs:1199:1
Module not found: Can't resolve './radio-receiver.mjs'
  [90m1197 |[0m [36mexport[0m { [36mdefault[0m [36mas[0m [33mRadical[0m } [36mfrom[0m [32m'./radical.mjs'[0m;
  [90m1198 |[0m [36mexport[0m { [36mdefault[0m [36mas[0m [33mRadioOff[0m } [36mfrom[0m [32m'./radio-off.mjs'[0m;
[31m[1m>[0m [90m1199 |[0m [36mexport[0m { [36mdefault[0m [36mas[0m [33mRadioReceiver[0m } [36mfrom[0m [32m'./radio-receiver.mjs'[0m;
  [90m     |[0m [31m[1m^^^^^^^^^^^^^^^^^^^^^^^^^^^^^^^^^^^^^^^^^^^^^^^^^^^^^^^^^^^^^^^^[0m
  [90m1200 |[0m [36mexport[0m { [36mdefault[0m [36mas[0m [33mRadioTower[0m } [36mfrom[0m [32m'./radio-tower.mjs'[0m;
  [90m1201 |[0m [36mexport[0m { [36mdefault[0m [36mas[0m [33mRadio[0m } [36mfrom[0m [32m'./radio.mjs'[0m;
  [90m1202 |[0m [36mexport[0m { [36mdefault[0m [36mas[0m [33mRadius[0m } [36mfrom[0m [32m'./radius.mjs'[0m;



Import traces:
  Client Component Browser:
    ./.gemini/antigravity/scratch/teacher-tracking/node_modules/lucide-react/dist/esm/icons/index.mjs [Client Component Browser]
    ./.gemini/antigravity/scratch/teacher-tracking/node_modules/lucide-react/dist/esm/lucide-react.mjs [Client Component Browser]
    ./.gemini/antigravity/scratch/teacher-tracking/src/components/pages/DailyTasksPage.tsx [Client Component Browser]
    ./.gemini/antigravity/scratch/teacher-tracking/src/components/AppShell.tsx [Client Component Browser]
    ./.gemini/antigravity/scratch/teacher-tracking/src/app/page.tsx [Client Component Browser]
    ./.gemini/antigravity/scratch/teacher-tracking/src/app/page.tsx [Server Component]

  Client Component SSR:
    ./.gemini/antigravity/scratch/teacher-tracking/node_modules/lucide-react/dist/esm/icons/index.mjs [Client Component SSR]
    ./.gemini/antigravity/scratch/teacher-tracking/node_modules/lucide-react/dist/esm/lucide-react.mjs [Client Component SSR]
    ./.gemini/antigravity/scratch/teacher-tracking/src/components/pages/DailyTasksPage.tsx [Client Component SSR]
    ./.gemini/antigravity/scratch/teacher-tracking/src/components/AppShell.tsx [Client Component SSR]
    ./.gemini/antigravity/scratch/teacher-tracking/src/app/page.tsx [Client Component SSR]
    ./.gemini/antigravity/scratch/teacher-tracking/src/app/page.tsx [Server Component]

https://nextjs.org/docs/messages/module-not-found


./.gemini/antigravity/scratch/teacher-tracking/node_modules/lucide-react/dist/esm/icons/index.mjs:1200:1
Module not found: Can't resolve './radio-tower.mjs'
  [90m1198 |[0m [36mexport[0m { [36mdefault[0m [36mas[0m [33mRadioOff[0m } [36mfrom[0m [32m'./radio-off.mjs'[0m;
  [90m1199 |[0m [36mexport[0m { [36mdefault[0m [36mas[0m [33mRadioReceiver[0m } [36mfrom[0m [32m'./radio-receiver.mjs'[0m;
[31m[1m>[0m [90m1200 |[0m [36mexport[0m { [36mdefault[0m [36mas[0m [33mRadioTower[0m } [36mfrom[0m [32m'./radio-tower.mjs'[0m;
  [90m     |[0m [31m[1m^^^^^^^^^^^^^^^^^^^^^^^^^^^^^^^^^^^^^^^^^^^^^^^^^^^^^^^^^^[0m
  [90m1201 |[0m [36mexport[0m { [36mdefault[0m [36mas[0m [33mRadio[0m } [36mfrom[0m [32m'./radio.mjs'[0m;
  [90m1202 |[0m [36mexport[0m { [36mdefault[0m [36mas[0m [33mRadius[0m } [36mfrom[0m [32m'./radius.mjs'[0m;
  [90m1203 |[0m [36mexport[0m { [36mdefault[0m [36mas[0m [33mRat[0m } [36mfrom[0m [32m'./rat.mjs'[0m;



Import traces:
  Client Component Browser:
    ./.gemini/antigravity/scratch/teacher-tracking/node_modules/lucide-react/dist/esm/icons/index.mjs [Client Component Browser]
    ./.gemini/antigravity/scratch/teacher-tracking/node_modules/lucide-react/dist/esm/lucide-react.mjs [Client Component Browser]
    ./.gemini/antigravity/scratch/teacher-tracking/src/components/pages/DailyTasksPage.tsx [Client Component Browser]
    ./.gemini/antigravity/scratch/teacher-tracking/src/components/AppShell.tsx [Client Component Browser]
    ./.gemini/antigravity/scratch/teacher-tracking/src/app/page.tsx [Client Component Browser]
    ./.gemini/antigravity/scratch/teacher-tracking/src/app/page.tsx [Server Component]

  Client Component SSR:
    ./.gemini/antigravity/scratch/teacher-tracking/node_modules/lucide-react/dist/esm/icons/index.mjs [Client Component SSR]
    ./.gemini/antigravity/scratch/teacher-tracking/node_modules/lucide-react/dist/esm/lucide-react.mjs [Client Component SSR]
    ./.gemini/antigravity/scratch/teacher-tracking/src/components/pages/DailyTasksPage.tsx [Client Component SSR]
    ./.gemini/antigravity/scratch/teacher-tracking/src/components/AppShell.tsx [Client Component SSR]
    ./.gemini/antigravity/scratch/teacher-tracking/src/app/page.tsx [Client Component SSR]
    ./.gemini/antigravity/scratch/teacher-tracking/src/app/page.tsx [Server Component]

https://nextjs.org/docs/messages/module-not-found


./.gemini/antigravity/scratch/teacher-tracking/node_modules/lucide-react/dist/esm/icons/index.mjs:1201:1
Module not found: Can't resolve './radio.mjs'
  [90m1199 |[0m [36mexport[0m { [36mdefault[0m [36mas[0m [33mRadioReceiver[0m } [36mfrom[0m [32m'./radio-receiver.mjs'[0m;
  [90m1200 |[0m [36mexport[0m { [36mdefault[0m [36mas[0m [33mRadioTower[0m } [36mfrom[0m [32m'./radio-tower.mjs'[0m;
[31m[1m>[0m [90m1201 |[0m [36mexport[0m { [36mdefault[0m [36mas[0m [33mRadio[0m } [36mfrom[0m [32m'./radio.mjs'[0m;
  [90m     |[0m [31m[1m^^^^^^^^^^^^^^^^^^^^^^^^^^^^^^^^^^^^^^^^^^^^^^^[0m
  [90m1202 |[0m [36mexport[0m { [36mdefault[0m [36mas[0m [33mRadius[0m } [36mfrom[0m [32m'./radius.mjs'[0m;
  [90m1203 |[0m [36mexport[0m { [36mdefault[0m [36mas[0m [33mRat[0m } [36mfrom[0m [32m'./rat.mjs'[0m;
  [90m1204 |[0m [36mexport[0m { [36mdefault[0m [36mas[0m [33mRainbow[0m } [36mfrom[0m [32m'./rainbow.mjs'[0m;



Import traces:
  Client Component Browser:
    ./.gemini/antigravity/scratch/teacher-tracking/node_modules/lucide-react/dist/esm/icons/index.mjs [Client Component Browser]
    ./.gemini/antigravity/scratch/teacher-tracking/node_modules/lucide-react/dist/esm/lucide-react.mjs [Client Component Browser]
    ./.gemini/antigravity/scratch/teacher-tracking/src/components/pages/DailyTasksPage.tsx [Client Component Browser]
    ./.gemini/antigravity/scratch/teacher-tracking/src/components/AppShell.tsx [Client Component Browser]
    ./.gemini/antigravity/scratch/teacher-tracking/src/app/page.tsx [Client Component Browser]
    ./.gemini/antigravity/scratch/teacher-tracking/src/app/page.tsx [Server Component]

  Client Component SSR:
    ./.gemini/antigravity/scratch/teacher-tracking/node_modules/lucide-react/dist/esm/icons/index.mjs [Client Component SSR]
    ./.gemini/antigravity/scratch/teacher-tracking/node_modules/lucide-react/dist/esm/lucide-react.mjs [Client Component SSR]
    ./.gemini/antigravity/scratch/teacher-tracking/src/components/pages/DailyTasksPage.tsx [Client Component SSR]
    ./.gemini/antigravity/scratch/teacher-tracking/src/components/AppShell.tsx [Client Component SSR]
    ./.gemini/antigravity/scratch/teacher-tracking/src/app/page.tsx [Client Component SSR]
    ./.gemini/antigravity/scratch/teacher-tracking/src/app/page.tsx [Server Component]

https://nextjs.org/docs/messages/module-not-found


./.gemini/antigravity/scratch/teacher-tracking/node_modules/lucide-react/dist/esm/icons/index.mjs:1202:1
Module not found: Can't resolve './radius.mjs'
  [90m1200 |[0m [36mexport[0m { [36mdefault[0m [36mas[0m [33mRadioTower[0m } [36mfrom[0m [32m'./radio-tower.mjs'[0m;
  [90m1201 |[0m [36mexport[0m { [36mdefault[0m [36mas[0m [33mRadio[0m } [36mfrom[0m [32m'./radio.mjs'[0m;
[31m[1m>[0m [90m1202 |[0m [36mexport[0m { [36mdefault[0m [36mas[0m [33mRadius[0m } [36mfrom[0m [32m'./radius.mjs'[0m;
  [90m     |[0m [31m[1m^^^^^^^^^^^^^^^^^^^^^^^^^^^^^^^^^^^^^^^^^^^^^^^^^[0m
  [90m1203 |[0m [36mexport[0m { [36mdefault[0m [36mas[0m [33mRat[0m } [36mfrom[0m [32m'./rat.mjs'[0m;
  [90m1204 |[0m [36mexport[0m { [36mdefault[0m [36mas[0m [33mRainbow[0m } [36mfrom[0m [32m'./rainbow.mjs'[0m;
  [90m1205 |[0m [36mexport[0m { [36mdefault[0m [36mas[0m [33mRatio[0m } [36mfrom[0m [32m'./ratio.mjs'[0m;



Import traces:
  Client Component Browser:
    ./.gemini/antigravity/scratch/teacher-tracking/node_modules/lucide-react/dist/esm/icons/index.mjs [Client Component Browser]
    ./.gemini/antigravity/scratch/teacher-tracking/node_modules/lucide-react/dist/esm/lucide-react.mjs [Client Component Browser]
    ./.gemini/antigravity/scratch/teacher-tracking/src/components/pages/DailyTasksPage.tsx [Client Component Browser]
    ./.gemini/antigravity/scratch/teacher-tracking/src/components/AppShell.tsx [Client Component Browser]
    ./.gemini/antigravity/scratch/teacher-tracking/src/app/page.tsx [Client Component Browser]
    ./.gemini/antigravity/scratch/teacher-tracking/src/app/page.tsx [Server Component]

  Client Component SSR:
    ./.gemini/antigravity/scratch/teacher-tracking/node_modules/lucide-react/dist/esm/icons/index.mjs [Client Component SSR]
    ./.gemini/antigravity/scratch/teacher-tracking/node_modules/lucide-react/dist/esm/lucide-react.mjs [Client Component SSR]
    ./.gemini/antigravity/scratch/teacher-tracking/src/components/pages/DailyTasksPage.tsx [Client Component SSR]
    ./.gemini/antigravity/scratch/teacher-tracking/src/components/AppShell.tsx [Client Component SSR]
    ./.gemini/antigravity/scratch/teacher-tracking/src/app/page.tsx [Client Component SSR]
    ./.gemini/antigravity/scratch/teacher-tracking/src/app/page.tsx [Server Component]

https://nextjs.org/docs/messages/module-not-found


./.gemini/antigravity/scratch/teacher-tracking/node_modules/lucide-react/dist/esm/icons/index.mjs:1204:1
Module not found: Can't resolve './rainbow.mjs'
  [90m1202 |[0m [36mexport[0m { [36mdefault[0m [36mas[0m [33mRadius[0m } [36mfrom[0m [32m'./radius.mjs'[0m;
  [90m1203 |[0m [36mexport[0m { [36mdefault[0m [36mas[0m [33mRat[0m } [36mfrom[0m [32m'./rat.mjs'[0m;
[31m[1m>[0m [90m1204 |[0m [36mexport[0m { [36mdefault[0m [36mas[0m [33mRainbow[0m } [36mfrom[0m [32m'./rainbow.mjs'[0m;
  [90m     |[0m [31m[1m^^^^^^^^^^^^^^^^^^^^^^^^^^^^^^^^^^^^^^^^^^^^^^^^^^^[0m
  [90m1205 |[0m [36mexport[0m { [36mdefault[0m [36mas[0m [33mRatio[0m } [36mfrom[0m [32m'./ratio.mjs'[0m;
  [90m1206 |[0m [36mexport[0m { [36mdefault[0m [36mas[0m [33mReceiptCent[0m } [36mfrom[0m [32m'./receipt-cent.mjs'[0m;
  [90m1207 |[0m [36mexport[0m { [36mdefault[0m [36mas[0m [33mReceiptEuro[0m } [36mfrom[0m [32m'./receipt-euro.mjs'[0m;



Import traces:
  Client Component Browser:
    ./.gemini/antigravity/scratch/teacher-tracking/node_modules/lucide-react/dist/esm/icons/index.mjs [Client Component Browser]
    ./.gemini/antigravity/scratch/teacher-tracking/node_modules/lucide-react/dist/esm/lucide-react.mjs [Client Component Browser]
    ./.gemini/antigravity/scratch/teacher-tracking/src/components/pages/DailyTasksPage.tsx [Client Component Browser]
    ./.gemini/antigravity/scratch/teacher-tracking/src/components/AppShell.tsx [Client Component Browser]
    ./.gemini/antigravity/scratch/teacher-tracking/src/app/page.tsx [Client Component Browser]
    ./.gemini/antigravity/scratch/teacher-tracking/src/app/page.tsx [Server Component]

  Client Component SSR:
    ./.gemini/antigravity/scratch/teacher-tracking/node_modules/lucide-react/dist/esm/icons/index.mjs [Client Component SSR]
    ./.gemini/antigravity/scratch/teacher-tracking/node_modules/lucide-react/dist/esm/lucide-react.mjs [Client Component SSR]
    ./.gemini/antigravity/scratch/teacher-tracking/src/components/pages/DailyTasksPage.tsx [Client Component SSR]
    ./.gemini/antigravity/scratch/teacher-tracking/src/components/AppShell.tsx [Client Component SSR]
    ./.gemini/antigravity/scratch/teacher-tracking/src/app/page.tsx [Client Component SSR]
    ./.gemini/antigravity/scratch/teacher-tracking/src/app/page.tsx [Server Component]

https://nextjs.org/docs/messages/module-not-found


./.gemini/antigravity/scratch/teacher-tracking/node_modules/lucide-react/dist/esm/icons/index.mjs:1203:1
Module not found: Can't resolve './rat.mjs'
  [90m1201 |[0m [36mexport[0m { [36mdefault[0m [36mas[0m [33mRadio[0m } [36mfrom[0m [32m'./radio.mjs'[0m;
  [90m1202 |[0m [36mexport[0m { [36mdefault[0m [36mas[0m [33mRadius[0m } [36mfrom[0m [32m'./radius.mjs'[0m;
[31m[1m>[0m [90m1203 |[0m [36mexport[0m { [36mdefault[0m [36mas[0m [33mRat[0m } [36mfrom[0m [32m'./rat.mjs'[0m;
  [90m     |[0m [31m[1m^^^^^^^^^^^^^^^^^^^^^^^^^^^^^^^^^^^^^^^^^^^[0m
  [90m1204 |[0m [36mexport[0m { [36mdefault[0m [36mas[0m [33mRainbow[0m } [36mfrom[0m [32m'./rainbow.mjs'[0m;
  [90m1205 |[0m [36mexport[0m { [36mdefault[0m [36mas[0m [33mRatio[0m } [36mfrom[0m [32m'./ratio.mjs'[0m;
  [90m1206 |[0m [36mexport[0m { [36mdefault[0m [36mas[0m [33mReceiptCent[0m } [36mfrom[0m [32m'./receipt-cent.mjs'[0m;



Import traces:
  Client Component Browser:
    ./.gemini/antigravity/scratch/teacher-tracking/node_modules/lucide-react/dist/esm/icons/index.mjs [Client Component Browser]
    ./.gemini/antigravity/scratch/teacher-tracking/node_modules/lucide-react/dist/esm/lucide-react.mjs [Client Component Browser]
    ./.gemini/antigravity/scratch/teacher-tracking/src/components/pages/DailyTasksPage.tsx [Client Component Browser]
    ./.gemini/antigravity/scratch/teacher-tracking/src/components/AppShell.tsx [Client Component Browser]
    ./.gemini/antigravity/scratch/teacher-tracking/src/app/page.tsx [Client Component Browser]
    ./.gemini/antigravity/scratch/teacher-tracking/src/app/page.tsx [Server Component]

  Client Component SSR:
    ./.gemini/antigravity/scratch/teacher-tracking/node_modules/lucide-react/dist/esm/icons/index.mjs [Client Component SSR]
    ./.gemini/antigravity/scratch/teacher-tracking/node_modules/lucide-react/dist/esm/lucide-react.mjs [Client Component SSR]
    ./.gemini/antigravity/scratch/teacher-tracking/src/components/pages/DailyTasksPage.tsx [Client Component SSR]
    ./.gemini/antigravity/scratch/teacher-tracking/src/components/AppShell.tsx [Client Component SSR]
    ./.gemini/antigravity/scratch/teacher-tracking/src/app/page.tsx [Client Component SSR]
    ./.gemini/antigravity/scratch/teacher-tracking/src/app/page.tsx [Server Component]

https://nextjs.org/docs/messages/module-not-found


./.gemini/antigravity/scratch/teacher-tracking/node_modules/lucide-react/dist/esm/icons/index.mjs:1205:1
Module not found: Can't resolve './ratio.mjs'
  [90m1203 |[0m [36mexport[0m { [36mdefault[0m [36mas[0m [33mRat[0m } [36mfrom[0m [32m'./rat.mjs'[0m;
  [90m1204 |[0m [36mexport[0m { [36mdefault[0m [36mas[0m [33mRainbow[0m } [36mfrom[0m [32m'./rainbow.mjs'[0m;
[31m[1m>[0m [90m1205 |[0m [36mexport[0m { [36mdefault[0m [36mas[0m [33mRatio[0m } [36mfrom[0m [32m'./ratio.mjs'[0m;
  [90m     |[0m [31m[1m^^^^^^^^^^^^^^^^^^^^^^^^^^^^^^^^^^^^^^^^^^^^^^^[0m
  [90m1206 |[0m [36mexport[0m { [36mdefault[0m [36mas[0m [33mReceiptCent[0m } [36mfrom[0m [32m'./receipt-cent.mjs'[0m;
  [90m1207 |[0m [36mexport[0m { [36mdefault[0m [36mas[0m [33mReceiptEuro[0m } [36mfrom[0m [32m'./receipt-euro.mjs'[0m;
  [90m1208 |[0m [36mexport[0m { [36mdefault[0m [36mas[0m [33mReceiptIndianRupee[0m } [36mfrom[0m [32m'./receipt-indian-rupe...[0m



Import traces:
  Client Component Browser:
    ./.gemini/antigravity/scratch/teacher-tracking/node_modules/lucide-react/dist/esm/icons/index.mjs [Client Component Browser]
    ./.gemini/antigravity/scratch/teacher-tracking/node_modules/lucide-react/dist/esm/lucide-react.mjs [Client Component Browser]
    ./.gemini/antigravity/scratch/teacher-tracking/src/components/pages/DailyTasksPage.tsx [Client Component Browser]
    ./.gemini/antigravity/scratch/teacher-tracking/src/components/AppShell.tsx [Client Component Browser]
    ./.gemini/antigravity/scratch/teacher-tracking/src/app/page.tsx [Client Component Browser]
    ./.gemini/antigravity/scratch/teacher-tracking/src/app/page.tsx [Server Component]

  Client Component SSR:
    ./.gemini/antigravity/scratch/teacher-tracking/node_modules/lucide-react/dist/esm/icons/index.mjs [Client Component SSR]
    ./.gemini/antigravity/scratch/teacher-tracking/node_modules/lucide-react/dist/esm/lucide-react.mjs [Client Component SSR]
    ./.gemini/antigravity/scratch/teacher-tracking/src/components/pages/DailyTasksPage.tsx [Client Component SSR]
    ./.gemini/antigravity/scratch/teacher-tracking/src/components/AppShell.tsx [Client Component SSR]
    ./.gemini/antigravity/scratch/teacher-tracking/src/app/page.tsx [Client Component SSR]
    ./.gemini/antigravity/scratch/teacher-tracking/src/app/page.tsx [Server Component]

https://nextjs.org/docs/messages/module-not-found


./.gemini/antigravity/scratch/teacher-tracking/node_modules/lucide-react/dist/esm/icons/index.mjs:1206:1
Module not found: Can't resolve './receipt-cent.mjs'
  [90m1204 |[0m [36mexport[0m { [36mdefault[0m [36mas[0m [33mRainbow[0m } [36mfrom[0m [32m'./rainbow.mjs'[0m;
  [90m1205 |[0m [36mexport[0m { [36mdefault[0m [36mas[0m [33mRatio[0m } [36mfrom[0m [32m'./ratio.mjs'[0m;
[31m[1m>[0m [90m1206 |[0m [36mexport[0m { [36mdefault[0m [36mas[0m [33mReceiptCent[0m } [36mfrom[0m [32m'./receipt-cent.mjs'[0m;
  [90m     |[0m [31m[1m^^^^^^^^^^^^^^^^^^^^^^^^^^^^^^^^^^^^^^^^^^^^^^^^^^^^^^^^^^^^[0m
  [90m1207 |[0m [36mexport[0m { [36mdefault[0m [36mas[0m [33mReceiptEuro[0m } [36mfrom[0m [32m'./receipt-euro.mjs'[0m;
  [90m1208 |[0m [36mexport[0m { [36mdefault[0m [36mas[0m [33mReceiptIndianRupee[0m } [36mfrom[0m [32m'./receipt-indian-rupe...[0m
  [90m1209 |[0m [36mexport[0m { [36mdefault[0m [36mas[0m [33mReceiptJapaneseYen[0m } [36mfrom[0m [32m'./receipt-japanese-ye...[0m



Import traces:
  Client Component Browser:
    ./.gemini/antigravity/scratch/teacher-tracking/node_modules/lucide-react/dist/esm/icons/index.mjs [Client Component Browser]
    ./.gemini/antigravity/scratch/teacher-tracking/node_modules/lucide-react/dist/esm/lucide-react.mjs [Client Component Browser]
    ./.gemini/antigravity/scratch/teacher-tracking/src/components/pages/DailyTasksPage.tsx [Client Component Browser]
    ./.gemini/antigravity/scratch/teacher-tracking/src/components/AppShell.tsx [Client Component Browser]
    ./.gemini/antigravity/scratch/teacher-tracking/src/app/page.tsx [Client Component Browser]
    ./.gemini/antigravity/scratch/teacher-tracking/src/app/page.tsx [Server Component]

  Client Component SSR:
    ./.gemini/antigravity/scratch/teacher-tracking/node_modules/lucide-react/dist/esm/icons/index.mjs [Client Component SSR]
    ./.gemini/antigravity/scratch/teacher-tracking/node_modules/lucide-react/dist/esm/lucide-react.mjs [Client Component SSR]
    ./.gemini/antigravity/scratch/teacher-tracking/src/components/pages/DailyTasksPage.tsx [Client Component SSR]
    ./.gemini/antigravity/scratch/teacher-tracking/src/components/AppShell.tsx [Client Component SSR]
    ./.gemini/antigravity/scratch/teacher-tracking/src/app/page.tsx [Client Component SSR]
    ./.gemini/antigravity/scratch/teacher-tracking/src/app/page.tsx [Server Component]

https://nextjs.org/docs/messages/module-not-found


./.gemini/antigravity/scratch/teacher-tracking/node_modules/lucide-react/dist/esm/icons/index.mjs:1207:1
Module not found: Can't resolve './receipt-euro.mjs'
  [90m1205 |[0m [36mexport[0m { [36mdefault[0m [36mas[0m [33mRatio[0m } [36mfrom[0m [32m'./ratio.mjs'[0m;
  [90m1206 |[0m [36mexport[0m { [36mdefault[0m [36mas[0m [33mReceiptCent[0m } [36mfrom[0m [32m'./receipt-cent.mjs'[0m;
[31m[1m>[0m [90m1207 |[0m [36mexport[0m { [36mdefault[0m [36mas[0m [33mReceiptEuro[0m } [36mfrom[0m [32m'./receipt-euro.mjs'[0m;
  [90m     |[0m [31m[1m^^^^^^^^^^^^^^^^^^^^^^^^^^^^^^^^^^^^^^^^^^^^^^^^^^^^^^^^^^^^[0m
  [90m1208 |[0m [36mexport[0m { [36mdefault[0m [36mas[0m [33mReceiptIndianRupee[0m } [36mfrom[0m [32m'./receipt-indian-rupe...[0m
  [90m1209 |[0m [36mexport[0m { [36mdefault[0m [36mas[0m [33mReceiptJapaneseYen[0m } [36mfrom[0m [32m'./receipt-japanese-ye...[0m
  [90m1210 |[0m [36mexport[0m { [36mdefault[0m [36mas[0m [33mReceiptPoundSterling[0m } [36mfrom[0m [32m'./receipt-pound-ste...[0m



Import traces:
  Client Component Browser:
    ./.gemini/antigravity/scratch/teacher-tracking/node_modules/lucide-react/dist/esm/icons/index.mjs [Client Component Browser]
    ./.gemini/antigravity/scratch/teacher-tracking/node_modules/lucide-react/dist/esm/lucide-react.mjs [Client Component Browser]
    ./.gemini/antigravity/scratch/teacher-tracking/src/components/pages/DailyTasksPage.tsx [Client Component Browser]
    ./.gemini/antigravity/scratch/teacher-tracking/src/components/AppShell.tsx [Client Component Browser]
    ./.gemini/antigravity/scratch/teacher-tracking/src/app/page.tsx [Client Component Browser]
    ./.gemini/antigravity/scratch/teacher-tracking/src/app/page.tsx [Server Component]

  Client Component SSR:
    ./.gemini/antigravity/scratch/teacher-tracking/node_modules/lucide-react/dist/esm/icons/index.mjs [Client Component SSR]
    ./.gemini/antigravity/scratch/teacher-tracking/node_modules/lucide-react/dist/esm/lucide-react.mjs [Client Component SSR]
    ./.gemini/antigravity/scratch/teacher-tracking/src/components/pages/DailyTasksPage.tsx [Client Component SSR]
    ./.gemini/antigravity/scratch/teacher-tracking/src/components/AppShell.tsx [Client Component SSR]
    ./.gemini/antigravity/scratch/teacher-tracking/src/app/page.tsx [Client Component SSR]
    ./.gemini/antigravity/scratch/teacher-tracking/src/app/page.tsx [Server Component]

https://nextjs.org/docs/messages/module-not-found


./.gemini/antigravity/scratch/teacher-tracking/node_modules/lucide-react/dist/esm/icons/index.mjs:1208:1
Module not found: Can't resolve './receipt-indian-rupee.mjs'
  [90m1206 |[0m ...[36mt[0m { [36mdefault[0m [36mas[0m [33mReceiptCent[0m } [36mfrom[0m [32m'./receipt-cent.mjs'[0m;
  [90m1207 |[0m ...[36mt[0m { [36mdefault[0m [36mas[0m [33mReceiptEuro[0m } [36mfrom[0m [32m'./receipt-euro.mjs'[0m;
[31m[1m>[0m [90m1208 |[0m ...[36mt[0m { [36mdefault[0m [36mas[0m [33mReceiptIndianRupee[0m } [36mfrom[0m [32m'./receipt-indian-rupee....[0m
  [90m     |[0m    [31m[1m^^^^^^^^^^^^^^^^^^^^^^^^^^^^^^^^^^^^^^^^^^^^^^^^^^^^^^^^^^^^^^^^^^^^[0m
  [90m1209 |[0m ...[36mt[0m { [36mdefault[0m [36mas[0m [33mReceiptJapaneseYen[0m } [36mfrom[0m [32m'./receipt-japanese-yen....[0m
  [90m1210 |[0m ...[36mt[0m { [36mdefault[0m [36mas[0m [33mReceiptPoundSterling[0m } [36mfrom[0m [32m'./receipt-pound-sterl...[0m
  [90m1211 |[0m ...[36mt[0m { [36mdefault[0m [36mas[0m [33mReceiptRussianRuble[0m } [36mfrom[0m [32m'./receipt-russian-rubl...[0m



Import traces:
  Client Component Browser:
    ./.gemini/antigravity/scratch/teacher-tracking/node_modules/lucide-react/dist/esm/icons/index.mjs [Client Component Browser]
    ./.gemini/antigravity/scratch/teacher-tracking/node_modules/lucide-react/dist/esm/lucide-react.mjs [Client Component Browser]
    ./.gemini/antigravity/scratch/teacher-tracking/src/components/pages/DailyTasksPage.tsx [Client Component Browser]
    ./.gemini/antigravity/scratch/teacher-tracking/src/components/AppShell.tsx [Client Component Browser]
    ./.gemini/antigravity/scratch/teacher-tracking/src/app/page.tsx [Client Component Browser]
    ./.gemini/antigravity/scratch/teacher-tracking/src/app/page.tsx [Server Component]

  Client Component SSR:
    ./.gemini/antigravity/scratch/teacher-tracking/node_modules/lucide-react/dist/esm/icons/index.mjs [Client Component SSR]
    ./.gemini/antigravity/scratch/teacher-tracking/node_modules/lucide-react/dist/esm/lucide-react.mjs [Client Component SSR]
    ./.gemini/antigravity/scratch/teacher-tracking/src/components/pages/DailyTasksPage.tsx [Client Component SSR]
    ./.gemini/antigravity/scratch/teacher-tracking/src/components/AppShell.tsx [Client Component SSR]
    ./.gemini/antigravity/scratch/teacher-tracking/src/app/page.tsx [Client Component SSR]
    ./.gemini/antigravity/scratch/teacher-tracking/src/app/page.tsx [Server Component]

https://nextjs.org/docs/messages/module-not-found


./.gemini/antigravity/scratch/teacher-tracking/node_modules/lucide-react/dist/esm/icons/index.mjs:1209:1
Module not found: Can't resolve './receipt-japanese-yen.mjs'
  [90m1207 |[0m ...[36mt[0m { [36mdefault[0m [36mas[0m [33mReceiptEuro[0m } [36mfrom[0m [32m'./receipt-euro.mjs'[0m;
  [90m1208 |[0m ...[36mt[0m { [36mdefault[0m [36mas[0m [33mReceiptIndianRupee[0m } [36mfrom[0m [32m'./receipt-indian-rupee....[0m
[31m[1m>[0m [90m1209 |[0m ...[36mt[0m { [36mdefault[0m [36mas[0m [33mReceiptJapaneseYen[0m } [36mfrom[0m [32m'./receipt-japanese-yen....[0m
  [90m     |[0m    [31m[1m^^^^^^^^^^^^^^^^^^^^^^^^^^^^^^^^^^^^^^^^^^^^^^^^^^^^^^^^^^^^^^^^^^^^[0m
  [90m1210 |[0m ...[36mt[0m { [36mdefault[0m [36mas[0m [33mReceiptPoundSterling[0m } [36mfrom[0m [32m'./receipt-pound-sterl...[0m
  [90m1211 |[0m ...[36mt[0m { [36mdefault[0m [36mas[0m [33mReceiptRussianRuble[0m } [36mfrom[0m [32m'./receipt-russian-rubl...[0m
  [90m1212 |[0m ...[36mt[0m { [36mdefault[0m [36mas[0m [33mReceiptSwissFranc[0m } [36mfrom[0m [32m'./receipt-swiss-franc.mjs'[0m;



Import traces:
  Client Component Browser:
    ./.gemini/antigravity/scratch/teacher-tracking/node_modules/lucide-react/dist/esm/icons/index.mjs [Client Component Browser]
    ./.gemini/antigravity/scratch/teacher-tracking/node_modules/lucide-react/dist/esm/lucide-react.mjs [Client Component Browser]
    ./.gemini/antigravity/scratch/teacher-tracking/src/components/pages/DailyTasksPage.tsx [Client Component Browser]
    ./.gemini/antigravity/scratch/teacher-tracking/src/components/AppShell.tsx [Client Component Browser]
    ./.gemini/antigravity/scratch/teacher-tracking/src/app/page.tsx [Client Component Browser]
    ./.gemini/antigravity/scratch/teacher-tracking/src/app/page.tsx [Server Component]

  Client Component SSR:
    ./.gemini/antigravity/scratch/teacher-tracking/node_modules/lucide-react/dist/esm/icons/index.mjs [Client Component SSR]
    ./.gemini/antigravity/scratch/teacher-tracking/node_modules/lucide-react/dist/esm/lucide-react.mjs [Client Component SSR]
    ./.gemini/antigravity/scratch/teacher-tracking/src/components/pages/DailyTasksPage.tsx [Client Component SSR]
    ./.gemini/antigravity/scratch/teacher-tracking/src/components/AppShell.tsx [Client Component SSR]
    ./.gemini/antigravity/scratch/teacher-tracking/src/app/page.tsx [Client Component SSR]
    ./.gemini/antigravity/scratch/teacher-tracking/src/app/page.tsx [Server Component]

https://nextjs.org/docs/messages/module-not-found


./.gemini/antigravity/scratch/teacher-tracking/node_modules/lucide-react/dist/esm/icons/index.mjs:1210:1
Module not found: Can't resolve './receipt-pound-sterling.mjs'
  [90m1208 |[0m ...{ [36mdefault[0m [36mas[0m [33mReceiptIndianRupee[0m } [36mfrom[0m [32m'./receipt-indian-rupee.mjs'[0m;
  [90m1209 |[0m ...{ [36mdefault[0m [36mas[0m [33mReceiptJapaneseYen[0m } [36mfrom[0m [32m'./receipt-japanese-yen.mjs'[0m;
[31m[1m>[0m [90m1210 |[0m ...{ [36mdefault[0m [36mas[0m [33mReceiptPoundSterling[0m } [36mfrom[0m [32m'./receipt-pound-sterlin...[0m
  [90m     |[0m    [31m[1m^^^^^^^^^^^^^^^^^^^^^^^^^^^^^^^^^^^^^^^^^^^^^^^^^^^^^^^^^^^^^^^^^^^^[0m
  [90m1211 |[0m ...{ [36mdefault[0m [36mas[0m [33mReceiptRussianRuble[0m } [36mfrom[0m [32m'./receipt-russian-ruble....[0m
  [90m1212 |[0m ...{ [36mdefault[0m [36mas[0m [33mReceiptSwissFranc[0m } [36mfrom[0m [32m'./receipt-swiss-franc.mjs'[0m;
  [90m1213 |[0m ...{ [36mdefault[0m [36mas[0m [33mReceiptText[0m } [36mfrom[0m [32m'./receipt-text.mjs'[0m;



Import traces:
  Client Component Browser:
    ./.gemini/antigravity/scratch/teacher-tracking/node_modules/lucide-react/dist/esm/icons/index.mjs [Client Component Browser]
    ./.gemini/antigravity/scratch/teacher-tracking/node_modules/lucide-react/dist/esm/lucide-react.mjs [Client Component Browser]
    ./.gemini/antigravity/scratch/teacher-tracking/src/components/pages/DailyTasksPage.tsx [Client Component Browser]
    ./.gemini/antigravity/scratch/teacher-tracking/src/components/AppShell.tsx [Client Component Browser]
    ./.gemini/antigravity/scratch/teacher-tracking/src/app/page.tsx [Client Component Browser]
    ./.gemini/antigravity/scratch/teacher-tracking/src/app/page.tsx [Server Component]

  Client Component SSR:
    ./.gemini/antigravity/scratch/teacher-tracking/node_modules/lucide-react/dist/esm/icons/index.mjs [Client Component SSR]
    ./.gemini/antigravity/scratch/teacher-tracking/node_modules/lucide-react/dist/esm/lucide-react.mjs [Client Component SSR]
    ./.gemini/antigravity/scratch/teacher-tracking/src/components/pages/DailyTasksPage.tsx [Client Component SSR]
    ./.gemini/antigravity/scratch/teacher-tracking/src/components/AppShell.tsx [Client Component SSR]
    ./.gemini/antigravity/scratch/teacher-tracking/src/app/page.tsx [Client Component SSR]
    ./.gemini/antigravity/scratch/teacher-tracking/src/app/page.tsx [Server Component]

https://nextjs.org/docs/messages/module-not-found


./.gemini/antigravity/scratch/teacher-tracking/node_modules/lucide-react/dist/esm/icons/index.mjs:1211:1
Module not found: Can't resolve './receipt-russian-ruble.mjs'
  [90m1209 |[0m ... { [36mdefault[0m [36mas[0m [33mReceiptJapaneseYen[0m } [36mfrom[0m [32m'./receipt-japanese-yen.m...[0m
  [90m1210 |[0m ... { [36mdefault[0m [36mas[0m [33mReceiptPoundSterling[0m } [36mfrom[0m [32m'./receipt-pound-sterli...[0m
[31m[1m>[0m [90m1211 |[0m ... { [36mdefault[0m [36mas[0m [33mReceiptRussianRuble[0m } [36mfrom[0m [32m'./receipt-russian-ruble...[0m
  [90m     |[0m    [31m[1m^^^^^^^^^^^^^^^^^^^^^^^^^^^^^^^^^^^^^^^^^^^^^^^^^^^^^^^^^^^^^^^^^^^^[0m
  [90m1212 |[0m ... { [36mdefault[0m [36mas[0m [33mReceiptSwissFranc[0m } [36mfrom[0m [32m'./receipt-swiss-franc.mjs'[0m;
  [90m1213 |[0m ... { [36mdefault[0m [36mas[0m [33mReceiptText[0m } [36mfrom[0m [32m'./receipt-text.mjs'[0m;
  [90m1214 |[0m ... { [36mdefault[0m [36mas[0m [33mReceiptTurkishLira[0m } [36mfrom[0m [32m'./receipt-turkish-lira.m...[0m



Import traces:
  Client Component Browser:
    ./.gemini/antigravity/scratch/teacher-tracking/node_modules/lucide-react/dist/esm/icons/index.mjs [Client Component Browser]
    ./.gemini/antigravity/scratch/teacher-tracking/node_modules/lucide-react/dist/esm/lucide-react.mjs [Client Component Browser]
    ./.gemini/antigravity/scratch/teacher-tracking/src/components/pages/DailyTasksPage.tsx [Client Component Browser]
    ./.gemini/antigravity/scratch/teacher-tracking/src/components/AppShell.tsx [Client Component Browser]
    ./.gemini/antigravity/scratch/teacher-tracking/src/app/page.tsx [Client Component Browser]
    ./.gemini/antigravity/scratch/teacher-tracking/src/app/page.tsx [Server Component]

  Client Component SSR:
    ./.gemini/antigravity/scratch/teacher-tracking/node_modules/lucide-react/dist/esm/icons/index.mjs [Client Component SSR]
    ./.gemini/antigravity/scratch/teacher-tracking/node_modules/lucide-react/dist/esm/lucide-react.mjs [Client Component SSR]
    ./.gemini/antigravity/scratch/teacher-tracking/src/components/pages/DailyTasksPage.tsx [Client Component SSR]
    ./.gemini/antigravity/scratch/teacher-tracking/src/components/AppShell.tsx [Client Component SSR]
    ./.gemini/antigravity/scratch/teacher-tracking/src/app/page.tsx [Client Component SSR]
    ./.gemini/antigravity/scratch/teacher-tracking/src/app/page.tsx [Server Component]

https://nextjs.org/docs/messages/module-not-found


./.gemini/antigravity/scratch/teacher-tracking/node_modules/lucide-react/dist/esm/icons/index.mjs:1212:1
Module not found: Can't resolve './receipt-swiss-franc.mjs'
  [90m1210 |[0m ...[36mrt[0m { [36mdefault[0m [36mas[0m [33mReceiptPoundSterling[0m } [36mfrom[0m [32m'./receipt-pound-ster...[0m
  [90m1211 |[0m ...[36mrt[0m { [36mdefault[0m [36mas[0m [33mReceiptRussianRuble[0m } [36mfrom[0m [32m'./receipt-russian-rub...[0m
[31m[1m>[0m [90m1212 |[0m ...[36mrt[0m { [36mdefault[0m [36mas[0m [33mReceiptSwissFranc[0m } [36mfrom[0m [32m'./receipt-swiss-franc.m...[0m
  [90m     |[0m    [31m[1m^^^^^^^^^^^^^^^^^^^^^^^^^^^^^^^^^^^^^^^^^^^^^^^^^^^^^^^^^^^^^^^^^^^^[0m
  [90m1213 |[0m ...[36mrt[0m { [36mdefault[0m [36mas[0m [33mReceiptText[0m } [36mfrom[0m [32m'./receipt-text.mjs'[0m;
  [90m1214 |[0m ...[36mrt[0m { [36mdefault[0m [36mas[0m [33mReceiptTurkishLira[0m } [36mfrom[0m [32m'./receipt-turkish-lira...[0m
  [90m1215 |[0m ...[36mrt[0m { [36mdefault[0m [36mas[0m [33mReceipt[0m } [36mfrom[0m [32m'./receipt.mjs'[0m;



Import traces:
  Client Component Browser:
    ./.gemini/antigravity/scratch/teacher-tracking/node_modules/lucide-react/dist/esm/icons/index.mjs [Client Component Browser]
    ./.gemini/antigravity/scratch/teacher-tracking/node_modules/lucide-react/dist/esm/lucide-react.mjs [Client Component Browser]
    ./.gemini/antigravity/scratch/teacher-tracking/src/components/pages/DailyTasksPage.tsx [Client Component Browser]
    ./.gemini/antigravity/scratch/teacher-tracking/src/components/AppShell.tsx [Client Component Browser]
    ./.gemini/antigravity/scratch/teacher-tracking/src/app/page.tsx [Client Component Browser]
    ./.gemini/antigravity/scratch/teacher-tracking/src/app/page.tsx [Server Component]

  Client Component SSR:
    ./.gemini/antigravity/scratch/teacher-tracking/node_modules/lucide-react/dist/esm/icons/index.mjs [Client Component SSR]
    ./.gemini/antigravity/scratch/teacher-tracking/node_modules/lucide-react/dist/esm/lucide-react.mjs [Client Component SSR]
    ./.gemini/antigravity/scratch/teacher-tracking/src/components/pages/DailyTasksPage.tsx [Client Component SSR]
    ./.gemini/antigravity/scratch/teacher-tracking/src/components/AppShell.tsx [Client Component SSR]
    ./.gemini/antigravity/scratch/teacher-tracking/src/app/page.tsx [Client Component SSR]
    ./.gemini/antigravity/scratch/teacher-tracking/src/app/page.tsx [Server Component]

https://nextjs.org/docs/messages/module-not-found


./.gemini/antigravity/scratch/teacher-tracking/node_modules/lucide-react/dist/esm/icons/index.mjs:1213:1
Module not found: Can't resolve './receipt-text.mjs'
  [90m1211 |[0m [36mexport[0m { [36mdefault[0m [36mas[0m [33mReceiptRussianRuble[0m } [36mfrom[0m [32m'./receipt-russian-ru...[0m
  [90m1212 |[0m [36mexport[0m { [36mdefault[0m [36mas[0m [33mReceiptSwissFranc[0m } [36mfrom[0m [32m'./receipt-swiss-franc....[0m
[31m[1m>[0m [90m1213 |[0m [36mexport[0m { [36mdefault[0m [36mas[0m [33mReceiptText[0m } [36mfrom[0m [32m'./receipt-text.mjs'[0m;
  [90m     |[0m [31m[1m^^^^^^^^^^^^^^^^^^^^^^^^^^^^^^^^^^^^^^^^^^^^^^^^^^^^^^^^^^^^[0m
  [90m1214 |[0m [36mexport[0m { [36mdefault[0m [36mas[0m [33mReceiptTurkishLira[0m } [36mfrom[0m [32m'./receipt-turkish-lir...[0m
  [90m1215 |[0m [36mexport[0m { [36mdefault[0m [36mas[0m [33mReceipt[0m } [36mfrom[0m [32m'./receipt.mjs'[0m;
  [90m1216 |[0m [36mexport[0m { [36mdefault[0m [36mas[0m [33mRectangleCircle[0m } [36mfrom[0m [32m'./rectangle-circle.mjs'[0m;



Import traces:
  Client Component Browser:
    ./.gemini/antigravity/scratch/teacher-tracking/node_modules/lucide-react/dist/esm/icons/index.mjs [Client Component Browser]
    ./.gemini/antigravity/scratch/teacher-tracking/node_modules/lucide-react/dist/esm/lucide-react.mjs [Client Component Browser]
    ./.gemini/antigravity/scratch/teacher-tracking/src/components/pages/DailyTasksPage.tsx [Client Component Browser]
    ./.gemini/antigravity/scratch/teacher-tracking/src/components/AppShell.tsx [Client Component Browser]
    ./.gemini/antigravity/scratch/teacher-tracking/src/app/page.tsx [Client Component Browser]
    ./.gemini/antigravity/scratch/teacher-tracking/src/app/page.tsx [Server Component]

  Client Component SSR:
    ./.gemini/antigravity/scratch/teacher-tracking/node_modules/lucide-react/dist/esm/icons/index.mjs [Client Component SSR]
    ./.gemini/antigravity/scratch/teacher-tracking/node_modules/lucide-react/dist/esm/lucide-react.mjs [Client Component SSR]
    ./.gemini/antigravity/scratch/teacher-tracking/src/components/pages/DailyTasksPage.tsx [Client Component SSR]
    ./.gemini/antigravity/scratch/teacher-tracking/src/components/AppShell.tsx [Client Component SSR]
    ./.gemini/antigravity/scratch/teacher-tracking/src/app/page.tsx [Client Component SSR]
    ./.gemini/antigravity/scratch/teacher-tracking/src/app/page.tsx [Server Component]

https://nextjs.org/docs/messages/module-not-found


./.gemini/antigravity/scratch/teacher-tracking/node_modules/lucide-react/dist/esm/icons/index.mjs:1214:1
Module not found: Can't resolve './receipt-turkish-lira.mjs'
  [90m1212 |[0m ...[36mt[0m { [36mdefault[0m [36mas[0m [33mReceiptSwissFranc[0m } [36mfrom[0m [32m'./receipt-swiss-franc.mjs'[0m;
  [90m1213 |[0m ...[36mt[0m { [36mdefault[0m [36mas[0m [33mReceiptText[0m } [36mfrom[0m [32m'./receipt-text.mjs'[0m;
[31m[1m>[0m [90m1214 |[0m ...[36mt[0m { [36mdefault[0m [36mas[0m [33mReceiptTurkishLira[0m } [36mfrom[0m [32m'./receipt-turkish-lira....[0m
  [90m     |[0m    [31m[1m^^^^^^^^^^^^^^^^^^^^^^^^^^^^^^^^^^^^^^^^^^^^^^^^^^^^^^^^^^^^^^^^^^^^[0m
  [90m1215 |[0m ...[36mt[0m { [36mdefault[0m [36mas[0m [33mReceipt[0m } [36mfrom[0m [32m'./receipt.mjs'[0m;
  [90m1216 |[0m ...[36mt[0m { [36mdefault[0m [36mas[0m [33mRectangleCircle[0m } [36mfrom[0m [32m'./rectangle-circle.mjs'[0m;
  [90m1217 |[0m ...[36mt[0m { [36mdefault[0m [36mas[0m [33mRectangleEllipsis[0m } [36mfrom[0m [32m'./rectangle-ellipsis.mjs'[0m;



Import traces:
  Client Component Browser:
    ./.gemini/antigravity/scratch/teacher-tracking/node_modules/lucide-react/dist/esm/icons/index.mjs [Client Component Browser]
    ./.gemini/antigravity/scratch/teacher-tracking/node_modules/lucide-react/dist/esm/lucide-react.mjs [Client Component Browser]
    ./.gemini/antigravity/scratch/teacher-tracking/src/components/pages/DailyTasksPage.tsx [Client Component Browser]
    ./.gemini/antigravity/scratch/teacher-tracking/src/components/AppShell.tsx [Client Component Browser]
    ./.gemini/antigravity/scratch/teacher-tracking/src/app/page.tsx [Client Component Browser]
    ./.gemini/antigravity/scratch/teacher-tracking/src/app/page.tsx [Server Component]

  Client Component SSR:
    ./.gemini/antigravity/scratch/teacher-tracking/node_modules/lucide-react/dist/esm/icons/index.mjs [Client Component SSR]
    ./.gemini/antigravity/scratch/teacher-tracking/node_modules/lucide-react/dist/esm/lucide-react.mjs [Client Component SSR]
    ./.gemini/antigravity/scratch/teacher-tracking/src/components/pages/DailyTasksPage.tsx [Client Component SSR]
    ./.gemini/antigravity/scratch/teacher-tracking/src/components/AppShell.tsx [Client Component SSR]
    ./.gemini/antigravity/scratch/teacher-tracking/src/app/page.tsx [Client Component SSR]
    ./.gemini/antigravity/scratch/teacher-tracking/src/app/page.tsx [Server Component]

https://nextjs.org/docs/messages/module-not-found


./.gemini/antigravity/scratch/teacher-tracking/node_modules/lucide-react/dist/esm/icons/index.mjs:1215:1
Module not found: Can't resolve './receipt.mjs'
  [90m1213 |[0m [36mexport[0m { [36mdefault[0m [36mas[0m [33mReceiptText[0m } [36mfrom[0m [32m'./receipt-text.mjs'[0m;
  [90m1214 |[0m [36mexport[0m { [36mdefault[0m [36mas[0m [33mReceiptTurkishLira[0m } [36mfrom[0m [32m'./receipt-turkish-lir...[0m
[31m[1m>[0m [90m1215 |[0m [36mexport[0m { [36mdefault[0m [36mas[0m [33mReceipt[0m } [36mfrom[0m [32m'./receipt.mjs'[0m;
  [90m     |[0m [31m[1m^^^^^^^^^^^^^^^^^^^^^^^^^^^^^^^^^^^^^^^^^^^^^^^^^^^[0m
  [90m1216 |[0m [36mexport[0m { [36mdefault[0m [36mas[0m [33mRectangleCircle[0m } [36mfrom[0m [32m'./rectangle-circle.mjs'[0m;
  [90m1217 |[0m [36mexport[0m { [36mdefault[0m [36mas[0m [33mRectangleEllipsis[0m } [36mfrom[0m [32m'./rectangle-ellipsis.m...[0m
  [90m1218 |[0m [36mexport[0m { [36mdefault[0m [36mas[0m [33mRectangleGoggles[0m } [36mfrom[0m [32m'./rectangle-goggles.mjs'[0m;



Import traces:
  Client Component Browser:
    ./.gemini/antigravity/scratch/teacher-tracking/node_modules/lucide-react/dist/esm/icons/index.mjs [Client Component Browser]
    ./.gemini/antigravity/scratch/teacher-tracking/node_modules/lucide-react/dist/esm/lucide-react.mjs [Client Component Browser]
    ./.gemini/antigravity/scratch/teacher-tracking/src/components/pages/DailyTasksPage.tsx [Client Component Browser]
    ./.gemini/antigravity/scratch/teacher-tracking/src/components/AppShell.tsx [Client Component Browser]
    ./.gemini/antigravity/scratch/teacher-tracking/src/app/page.tsx [Client Component Browser]
    ./.gemini/antigravity/scratch/teacher-tracking/src/app/page.tsx [Server Component]

  Client Component SSR:
    ./.gemini/antigravity/scratch/teacher-tracking/node_modules/lucide-react/dist/esm/icons/index.mjs [Client Component SSR]
    ./.gemini/antigravity/scratch/teacher-tracking/node_modules/lucide-react/dist/esm/lucide-react.mjs [Client Component SSR]
    ./.gemini/antigravity/scratch/teacher-tracking/src/components/pages/DailyTasksPage.tsx [Client Component SSR]
    ./.gemini/antigravity/scratch/teacher-tracking/src/components/AppShell.tsx [Client Component SSR]
    ./.gemini/antigravity/scratch/teacher-tracking/src/app/page.tsx [Client Component SSR]
    ./.gemini/antigravity/scratch/teacher-tracking/src/app/page.tsx [Server Component]

https://nextjs.org/docs/messages/module-not-found


./.gemini/antigravity/scratch/teacher-tracking/node_modules/lucide-react/dist/esm/icons/index.mjs:1216:1
Module not found: Can't resolve './rectangle-circle.mjs'
  [90m1214 |[0m ...[36mport[0m { [36mdefault[0m [36mas[0m [33mReceiptTurkishLira[0m } [36mfrom[0m [32m'./receipt-turkish-li...[0m
  [90m1215 |[0m ...[36mport[0m { [36mdefault[0m [36mas[0m [33mReceipt[0m } [36mfrom[0m [32m'./receipt.mjs'[0m;
[31m[1m>[0m [90m1216 |[0m ...[36mport[0m { [36mdefault[0m [36mas[0m [33mRectangleCircle[0m } [36mfrom[0m [32m'./rectangle-circle.mjs'[0m;
  [90m     |[0m    [31m[1m^^^^^^^^^^^^^^^^^^^^^^^^^^^^^^^^^^^^^^^^^^^^^^^^^^^^^^^^^^^^^^^^^^^^[0m
  [90m1217 |[0m ...[36mport[0m { [36mdefault[0m [36mas[0m [33mRectangleEllipsis[0m } [36mfrom[0m [32m'./rectangle-ellipsis....[0m
  [90m1218 |[0m ...[36mport[0m { [36mdefault[0m [36mas[0m [33mRectangleGoggles[0m } [36mfrom[0m [32m'./rectangle-goggles.mjs'[0m;
  [90m1219 |[0m ...[36mport[0m { [36mdefault[0m [36mas[0m [33mRectangleHorizontal[0m } [36mfrom[0m [32m'./rectangle-horizon...[0m



Import traces:
  Client Component Browser:
    ./.gemini/antigravity/scratch/teacher-tracking/node_modules/lucide-react/dist/esm/icons/index.mjs [Client Component Browser]
    ./.gemini/antigravity/scratch/teacher-tracking/node_modules/lucide-react/dist/esm/lucide-react.mjs [Client Component Browser]
    ./.gemini/antigravity/scratch/teacher-tracking/src/components/pages/DailyTasksPage.tsx [Client Component Browser]
    ./.gemini/antigravity/scratch/teacher-tracking/src/components/AppShell.tsx [Client Component Browser]
    ./.gemini/antigravity/scratch/teacher-tracking/src/app/page.tsx [Client Component Browser]
    ./.gemini/antigravity/scratch/teacher-tracking/src/app/page.tsx [Server Component]

  Client Component SSR:
    ./.gemini/antigravity/scratch/teacher-tracking/node_modules/lucide-react/dist/esm/icons/index.mjs [Client Component SSR]
    ./.gemini/antigravity/scratch/teacher-tracking/node_modules/lucide-react/dist/esm/lucide-react.mjs [Client Component SSR]
    ./.gemini/antigravity/scratch/teacher-tracking/src/components/pages/DailyTasksPage.tsx [Client Component SSR]
    ./.gemini/antigravity/scratch/teacher-tracking/src/components/AppShell.tsx [Client Component SSR]
    ./.gemini/antigravity/scratch/teacher-tracking/src/app/page.tsx [Client Component SSR]
    ./.gemini/antigravity/scratch/teacher-tracking/src/app/page.tsx [Server Component]

https://nextjs.org/docs/messages/module-not-found


./.gemini/antigravity/scratch/teacher-tracking/node_modules/lucide-react/dist/esm/icons/index.mjs:1217:1
Module not found: Can't resolve './rectangle-ellipsis.mjs'
  [90m1215 |[0m ...[36mrt[0m { [36mdefault[0m [36mas[0m [33mReceipt[0m } [36mfrom[0m [32m'./receipt.mjs'[0m;
  [90m1216 |[0m ...[36mrt[0m { [36mdefault[0m [36mas[0m [33mRectangleCircle[0m } [36mfrom[0m [32m'./rectangle-circle.mjs'[0m;
[31m[1m>[0m [90m1217 |[0m ...[36mrt[0m { [36mdefault[0m [36mas[0m [33mRectangleEllipsis[0m } [36mfrom[0m [32m'./rectangle-ellipsis.mjs'[0m;
  [90m     |[0m    [31m[1m^^^^^^^^^^^^^^^^^^^^^^^^^^^^^^^^^^^^^^^^^^^^^^^^^^^^^^^^^^^^^^^^^^^^[0m
  [90m1218 |[0m ...[36mrt[0m { [36mdefault[0m [36mas[0m [33mRectangleGoggles[0m } [36mfrom[0m [32m'./rectangle-goggles.mjs'[0m;
  [90m1219 |[0m ...[36mrt[0m { [36mdefault[0m [36mas[0m [33mRectangleHorizontal[0m } [36mfrom[0m [32m'./rectangle-horizonta...[0m
  [90m1220 |[0m ...[36mrt[0m { [36mdefault[0m [36mas[0m [33mRectangleVertical[0m } [36mfrom[0m [32m'./rectangle-vertical.mjs'[0m;



Import traces:
  Client Component Browser:
    ./.gemini/antigravity/scratch/teacher-tracking/node_modules/lucide-react/dist/esm/icons/index.mjs [Client Component Browser]
    ./.gemini/antigravity/scratch/teacher-tracking/node_modules/lucide-react/dist/esm/lucide-react.mjs [Client Component Browser]
    ./.gemini/antigravity/scratch/teacher-tracking/src/components/pages/DailyTasksPage.tsx [Client Component Browser]
    ./.gemini/antigravity/scratch/teacher-tracking/src/components/AppShell.tsx [Client Component Browser]
    ./.gemini/antigravity/scratch/teacher-tracking/src/app/page.tsx [Client Component Browser]
    ./.gemini/antigravity/scratch/teacher-tracking/src/app/page.tsx [Server Component]

  Client Component SSR:
    ./.gemini/antigravity/scratch/teacher-tracking/node_modules/lucide-react/dist/esm/icons/index.mjs [Client Component SSR]
    ./.gemini/antigravity/scratch/teacher-tracking/node_modules/lucide-react/dist/esm/lucide-react.mjs [Client Component SSR]
    ./.gemini/antigravity/scratch/teacher-tracking/src/components/pages/DailyTasksPage.tsx [Client Component SSR]
    ./.gemini/antigravity/scratch/teacher-tracking/src/components/AppShell.tsx [Client Component SSR]
    ./.gemini/antigravity/scratch/teacher-tracking/src/app/page.tsx [Client Component SSR]
    ./.gemini/antigravity/scratch/teacher-tracking/src/app/page.tsx [Server Component]

https://nextjs.org/docs/messages/module-not-found


./.gemini/antigravity/scratch/teacher-tracking/node_modules/lucide-react/dist/esm/icons/index.mjs:1218:1
Module not found: Can't resolve './rectangle-goggles.mjs'
  [90m1216 |[0m ...[36mort[0m { [36mdefault[0m [36mas[0m [33mRectangleCircle[0m } [36mfrom[0m [32m'./rectangle-circle.mjs'[0m;
  [90m1217 |[0m ...[36mort[0m { [36mdefault[0m [36mas[0m [33mRectangleEllipsis[0m } [36mfrom[0m [32m'./rectangle-ellipsis.m...[0m
[31m[1m>[0m [90m1218 |[0m ...[36mort[0m { [36mdefault[0m [36mas[0m [33mRectangleGoggles[0m } [36mfrom[0m [32m'./rectangle-goggles.mjs'[0m;
  [90m     |[0m    [31m[1m^^^^^^^^^^^^^^^^^^^^^^^^^^^^^^^^^^^^^^^^^^^^^^^^^^^^^^^^^^^^^^^^^^^^[0m
  [90m1219 |[0m ...[36mort[0m { [36mdefault[0m [36mas[0m [33mRectangleHorizontal[0m } [36mfrom[0m [32m'./rectangle-horizont...[0m
  [90m1220 |[0m ...[36mort[0m { [36mdefault[0m [36mas[0m [33mRectangleVertical[0m } [36mfrom[0m [32m'./rectangle-vertical.m...[0m
  [90m1221 |[0m ...[36mort[0m { [36mdefault[0m [36mas[0m [33mRecycle[0m } [36mfrom[0m [32m'./recycle.mjs'[0m;



Import traces:
  Client Component Browser:
    ./.gemini/antigravity/scratch/teacher-tracking/node_modules/lucide-react/dist/esm/icons/index.mjs [Client Component Browser]
    ./.gemini/antigravity/scratch/teacher-tracking/node_modules/lucide-react/dist/esm/lucide-react.mjs [Client Component Browser]
    ./.gemini/antigravity/scratch/teacher-tracking/src/components/pages/DailyTasksPage.tsx [Client Component Browser]
    ./.gemini/antigravity/scratch/teacher-tracking/src/components/AppShell.tsx [Client Component Browser]
    ./.gemini/antigravity/scratch/teacher-tracking/src/app/page.tsx [Client Component Browser]
    ./.gemini/antigravity/scratch/teacher-tracking/src/app/page.tsx [Server Component]

  Client Component SSR:
    ./.gemini/antigravity/scratch/teacher-tracking/node_modules/lucide-react/dist/esm/icons/index.mjs [Client Component SSR]
    ./.gemini/antigravity/scratch/teacher-tracking/node_modules/lucide-react/dist/esm/lucide-react.mjs [Client Component SSR]
    ./.gemini/antigravity/scratch/teacher-tracking/src/components/pages/DailyTasksPage.tsx [Client Component SSR]
    ./.gemini/antigravity/scratch/teacher-tracking/src/components/AppShell.tsx [Client Component SSR]
    ./.gemini/antigravity/scratch/teacher-tracking/src/app/page.tsx [Client Component SSR]
    ./.gemini/antigravity/scratch/teacher-tracking/src/app/page.tsx [Server Component]

https://nextjs.org/docs/messages/module-not-found


./.gemini/antigravity/scratch/teacher-tracking/node_modules/lucide-react/dist/esm/icons/index.mjs:1219:1
Module not found: Can't resolve './rectangle-horizontal.mjs'
  [90m1217 |[0m ... { [36mdefault[0m [36mas[0m [33mRectangleEllipsis[0m } [36mfrom[0m [32m'./rectangle-ellipsis.mjs'[0m;
  [90m1218 |[0m ... { [36mdefault[0m [36mas[0m [33mRectangleGoggles[0m } [36mfrom[0m [32m'./rectangle-goggles.mjs'[0m;
[31m[1m>[0m [90m1219 |[0m ... { [36mdefault[0m [36mas[0m [33mRectangleHorizontal[0m } [36mfrom[0m [32m'./rectangle-horizontal....[0m
  [90m     |[0m    [31m[1m^^^^^^^^^^^^^^^^^^^^^^^^^^^^^^^^^^^^^^^^^^^^^^^^^^^^^^^^^^^^^^^^^^^^[0m
  [90m1220 |[0m ... { [36mdefault[0m [36mas[0m [33mRectangleVertical[0m } [36mfrom[0m [32m'./rectangle-vertical.mjs'[0m;
  [90m1221 |[0m ... { [36mdefault[0m [36mas[0m [33mRecycle[0m } [36mfrom[0m [32m'./recycle.mjs'[0m;
  [90m1222 |[0m ... { [36mdefault[0m [36mas[0m [33mRedo2[0m } [36mfrom[0m [32m'./redo-2.mjs'[0m;



Import traces:
  Client Component Browser:
    ./.gemini/antigravity/scratch/teacher-tracking/node_modules/lucide-react/dist/esm/icons/index.mjs [Client Component Browser]
    ./.gemini/antigravity/scratch/teacher-tracking/node_modules/lucide-react/dist/esm/lucide-react.mjs [Client Component Browser]
    ./.gemini/antigravity/scratch/teacher-tracking/src/components/pages/DailyTasksPage.tsx [Client Component Browser]
    ./.gemini/antigravity/scratch/teacher-tracking/src/components/AppShell.tsx [Client Component Browser]
    ./.gemini/antigravity/scratch/teacher-tracking/src/app/page.tsx [Client Component Browser]
    ./.gemini/antigravity/scratch/teacher-tracking/src/app/page.tsx [Server Component]

  Client Component SSR:
    ./.gemini/antigravity/scratch/teacher-tracking/node_modules/lucide-react/dist/esm/icons/index.mjs [Client Component SSR]
    ./.gemini/antigravity/scratch/teacher-tracking/node_modules/lucide-react/dist/esm/lucide-react.mjs [Client Component SSR]
    ./.gemini/antigravity/scratch/teacher-tracking/src/components/pages/DailyTasksPage.tsx [Client Component SSR]
    ./.gemini/antigravity/scratch/teacher-tracking/src/components/AppShell.tsx [Client Component SSR]
    ./.gemini/antigravity/scratch/teacher-tracking/src/app/page.tsx [Client Component SSR]
    ./.gemini/antigravity/scratch/teacher-tracking/src/app/page.tsx [Server Component]

https://nextjs.org/docs/messages/module-not-found


./.gemini/antigravity/scratch/teacher-tracking/node_modules/lucide-react/dist/esm/icons/index.mjs:1220:1
Module not found: Can't resolve './rectangle-vertical.mjs'
  [90m1218 |[0m ...[36mrt[0m { [36mdefault[0m [36mas[0m [33mRectangleGoggles[0m } [36mfrom[0m [32m'./rectangle-goggles.mjs'[0m;
  [90m1219 |[0m ...[36mrt[0m { [36mdefault[0m [36mas[0m [33mRectangleHorizontal[0m } [36mfrom[0m [32m'./rectangle-horizonta...[0m
[31m[1m>[0m [90m1220 |[0m ...[36mrt[0m { [36mdefault[0m [36mas[0m [33mRectangleVertical[0m } [36mfrom[0m [32m'./rectangle-vertical.mjs'[0m;
  [90m     |[0m    [31m[1m^^^^^^^^^^^^^^^^^^^^^^^^^^^^^^^^^^^^^^^^^^^^^^^^^^^^^^^^^^^^^^^^^^^^[0m
  [90m1221 |[0m ...[36mrt[0m { [36mdefault[0m [36mas[0m [33mRecycle[0m } [36mfrom[0m [32m'./recycle.mjs'[0m;
  [90m1222 |[0m ...[36mrt[0m { [36mdefault[0m [36mas[0m [33mRedo2[0m } [36mfrom[0m [32m'./redo-2.mjs'[0m;
  [90m1223 |[0m ...[36mrt[0m { [36mdefault[0m [36mas[0m [33mRedoDot[0m } [36mfrom[0m [32m'./redo-dot.mjs'[0m;



Import traces:
  Client Component Browser:
    ./.gemini/antigravity/scratch/teacher-tracking/node_modules/lucide-react/dist/esm/icons/index.mjs [Client Component Browser]
    ./.gemini/antigravity/scratch/teacher-tracking/node_modules/lucide-react/dist/esm/lucide-react.mjs [Client Component Browser]
    ./.gemini/antigravity/scratch/teacher-tracking/src/components/pages/DailyTasksPage.tsx [Client Component Browser]
    ./.gemini/antigravity/scratch/teacher-tracking/src/components/AppShell.tsx [Client Component Browser]
    ./.gemini/antigravity/scratch/teacher-tracking/src/app/page.tsx [Client Component Browser]
    ./.gemini/antigravity/scratch/teacher-tracking/src/app/page.tsx [Server Component]

  Client Component SSR:
    ./.gemini/antigravity/scratch/teacher-tracking/node_modules/lucide-react/dist/esm/icons/index.mjs [Client Component SSR]
    ./.gemini/antigravity/scratch/teacher-tracking/node_modules/lucide-react/dist/esm/lucide-react.mjs [Client Component SSR]
    ./.gemini/antigravity/scratch/teacher-tracking/src/components/pages/DailyTasksPage.tsx [Client Component SSR]
    ./.gemini/antigravity/scratch/teacher-tracking/src/components/AppShell.tsx [Client Component SSR]
    ./.gemini/antigravity/scratch/teacher-tracking/src/app/page.tsx [Client Component SSR]
    ./.gemini/antigravity/scratch/teacher-tracking/src/app/page.tsx [Server Component]

https://nextjs.org/docs/messages/module-not-found


./.gemini/antigravity/scratch/teacher-tracking/node_modules/lucide-react/dist/esm/icons/index.mjs:1221:1
Module not found: Can't resolve './recycle.mjs'
  [90m1219 |[0m [36mexport[0m { [36mdefault[0m [36mas[0m [33mRectangleHorizontal[0m } [36mfrom[0m [32m'./rectangle-horizont...[0m
  [90m1220 |[0m [36mexport[0m { [36mdefault[0m [36mas[0m [33mRectangleVertical[0m } [36mfrom[0m [32m'./rectangle-vertical.m...[0m
[31m[1m>[0m [90m1221 |[0m [36mexport[0m { [36mdefault[0m [36mas[0m [33mRecycle[0m } [36mfrom[0m [32m'./recycle.mjs'[0m;
  [90m     |[0m [31m[1m^^^^^^^^^^^^^^^^^^^^^^^^^^^^^^^^^^^^^^^^^^^^^^^^^^^[0m
  [90m1222 |[0m [36mexport[0m { [36mdefault[0m [36mas[0m [33mRedo2[0m } [36mfrom[0m [32m'./redo-2.mjs'[0m;
  [90m1223 |[0m [36mexport[0m { [36mdefault[0m [36mas[0m [33mRedoDot[0m } [36mfrom[0m [32m'./redo-dot.mjs'[0m;
  [90m1224 |[0m [36mexport[0m { [36mdefault[0m [36mas[0m [33mRedo[0m } [36mfrom[0m [32m'./redo.mjs'[0m;



Import traces:
  Client Component Browser:
    ./.gemini/antigravity/scratch/teacher-tracking/node_modules/lucide-react/dist/esm/icons/index.mjs [Client Component Browser]
    ./.gemini/antigravity/scratch/teacher-tracking/node_modules/lucide-react/dist/esm/lucide-react.mjs [Client Component Browser]
    ./.gemini/antigravity/scratch/teacher-tracking/src/components/pages/DailyTasksPage.tsx [Client Component Browser]
    ./.gemini/antigravity/scratch/teacher-tracking/src/components/AppShell.tsx [Client Component Browser]
    ./.gemini/antigravity/scratch/teacher-tracking/src/app/page.tsx [Client Component Browser]
    ./.gemini/antigravity/scratch/teacher-tracking/src/app/page.tsx [Server Component]

  Client Component SSR:
    ./.gemini/antigravity/scratch/teacher-tracking/node_modules/lucide-react/dist/esm/icons/index.mjs [Client Component SSR]
    ./.gemini/antigravity/scratch/teacher-tracking/node_modules/lucide-react/dist/esm/lucide-react.mjs [Client Component SSR]
    ./.gemini/antigravity/scratch/teacher-tracking/src/components/pages/DailyTasksPage.tsx [Client Component SSR]
    ./.gemini/antigravity/scratch/teacher-tracking/src/components/AppShell.tsx [Client Component SSR]
    ./.gemini/antigravity/scratch/teacher-tracking/src/app/page.tsx [Client Component SSR]
    ./.gemini/antigravity/scratch/teacher-tracking/src/app/page.tsx [Server Component]

https://nextjs.org/docs/messages/module-not-found


./.gemini/antigravity/scratch/teacher-tracking/node_modules/lucide-react/dist/esm/icons/index.mjs:1222:1
Module not found: Can't resolve './redo-2.mjs'
  [90m1220 |[0m [36mexport[0m { [36mdefault[0m [36mas[0m [33mRectangleVertical[0m } [36mfrom[0m [32m'./rectangle-vertical.m...[0m
  [90m1221 |[0m [36mexport[0m { [36mdefault[0m [36mas[0m [33mRecycle[0m } [36mfrom[0m [32m'./recycle.mjs'[0m;
[31m[1m>[0m [90m1222 |[0m [36mexport[0m { [36mdefault[0m [36mas[0m [33mRedo2[0m } [36mfrom[0m [32m'./redo-2.mjs'[0m;
  [90m     |[0m [31m[1m^^^^^^^^^^^^^^^^^^^^^^^^^^^^^^^^^^^^^^^^^^^^^^^^[0m
  [90m1223 |[0m [36mexport[0m { [36mdefault[0m [36mas[0m [33mRedoDot[0m } [36mfrom[0m [32m'./redo-dot.mjs'[0m;
  [90m1224 |[0m [36mexport[0m { [36mdefault[0m [36mas[0m [33mRedo[0m } [36mfrom[0m [32m'./redo.mjs'[0m;
  [90m1225 |[0m [36mexport[0m { [36mdefault[0m [36mas[0m [33mRefreshCcw[0m } [36mfrom[0m [32m'./refresh-ccw.mjs'[0m;



Import traces:
  Client Component Browser:
    ./.gemini/antigravity/scratch/teacher-tracking/node_modules/lucide-react/dist/esm/icons/index.mjs [Client Component Browser]
    ./.gemini/antigravity/scratch/teacher-tracking/node_modules/lucide-react/dist/esm/lucide-react.mjs [Client Component Browser]
    ./.gemini/antigravity/scratch/teacher-tracking/src/components/pages/DailyTasksPage.tsx [Client Component Browser]
    ./.gemini/antigravity/scratch/teacher-tracking/src/components/AppShell.tsx [Client Component Browser]
    ./.gemini/antigravity/scratch/teacher-tracking/src/app/page.tsx [Client Component Browser]
    ./.gemini/antigravity/scratch/teacher-tracking/src/app/page.tsx [Server Component]

  Client Component SSR:
    ./.gemini/antigravity/scratch/teacher-tracking/node_modules/lucide-react/dist/esm/icons/index.mjs [Client Component SSR]
    ./.gemini/antigravity/scratch/teacher-tracking/node_modules/lucide-react/dist/esm/lucide-react.mjs [Client Component SSR]
    ./.gemini/antigravity/scratch/teacher-tracking/src/components/pages/DailyTasksPage.tsx [Client Component SSR]
    ./.gemini/antigravity/scratch/teacher-tracking/src/components/AppShell.tsx [Client Component SSR]
    ./.gemini/antigravity/scratch/teacher-tracking/src/app/page.tsx [Client Component SSR]
    ./.gemini/antigravity/scratch/teacher-tracking/src/app/page.tsx [Server Component]

https://nextjs.org/docs/messages/module-not-found


./.gemini/antigravity/scratch/teacher-tracking/node_modules/lucide-react/dist/esm/icons/index.mjs:1223:1
Module not found: Can't resolve './redo-dot.mjs'
  [90m1221 |[0m [36mexport[0m { [36mdefault[0m [36mas[0m [33mRecycle[0m } [36mfrom[0m [32m'./recycle.mjs'[0m;
  [90m1222 |[0m [36mexport[0m { [36mdefault[0m [36mas[0m [33mRedo2[0m } [36mfrom[0m [32m'./redo-2.mjs'[0m;
[31m[1m>[0m [90m1223 |[0m [36mexport[0m { [36mdefault[0m [36mas[0m [33mRedoDot[0m } [36mfrom[0m [32m'./redo-dot.mjs'[0m;
  [90m     |[0m [31m[1m^^^^^^^^^^^^^^^^^^^^^^^^^^^^^^^^^^^^^^^^^^^^^^^^^^^^[0m
  [90m1224 |[0m [36mexport[0m { [36mdefault[0m [36mas[0m [33mRedo[0m } [36mfrom[0m [32m'./redo.mjs'[0m;
  [90m1225 |[0m [36mexport[0m { [36mdefault[0m [36mas[0m [33mRefreshCcw[0m } [36mfrom[0m [32m'./refresh-ccw.mjs'[0m;
  [90m1226 |[0m [36mexport[0m { [36mdefault[0m [36mas[0m [33mRefreshCcwDot[0m } [36mfrom[0m [32m'./refresh-ccw-dot.mjs'[0m;



Import traces:
  Client Component Browser:
    ./.gemini/antigravity/scratch/teacher-tracking/node_modules/lucide-react/dist/esm/icons/index.mjs [Client Component Browser]
    ./.gemini/antigravity/scratch/teacher-tracking/node_modules/lucide-react/dist/esm/lucide-react.mjs [Client Component Browser]
    ./.gemini/antigravity/scratch/teacher-tracking/src/components/pages/DailyTasksPage.tsx [Client Component Browser]
    ./.gemini/antigravity/scratch/teacher-tracking/src/components/AppShell.tsx [Client Component Browser]
    ./.gemini/antigravity/scratch/teacher-tracking/src/app/page.tsx [Client Component Browser]
    ./.gemini/antigravity/scratch/teacher-tracking/src/app/page.tsx [Server Component]

  Client Component SSR:
    ./.gemini/antigravity/scratch/teacher-tracking/node_modules/lucide-react/dist/esm/icons/index.mjs [Client Component SSR]
    ./.gemini/antigravity/scratch/teacher-tracking/node_modules/lucide-react/dist/esm/lucide-react.mjs [Client Component SSR]
    ./.gemini/antigravity/scratch/teacher-tracking/src/components/pages/DailyTasksPage.tsx [Client Component SSR]
    ./.gemini/antigravity/scratch/teacher-tracking/src/components/AppShell.tsx [Client Component SSR]
    ./.gemini/antigravity/scratch/teacher-tracking/src/app/page.tsx [Client Component SSR]
    ./.gemini/antigravity/scratch/teacher-tracking/src/app/page.tsx [Server Component]

https://nextjs.org/docs/messages/module-not-found


./.gemini/antigravity/scratch/teacher-tracking/node_modules/lucide-react/dist/esm/icons/index.mjs:1224:1
Module not found: Can't resolve './redo.mjs'
  [90m1222 |[0m [36mexport[0m { [36mdefault[0m [36mas[0m [33mRedo2[0m } [36mfrom[0m [32m'./redo-2.mjs'[0m;
  [90m1223 |[0m [36mexport[0m { [36mdefault[0m [36mas[0m [33mRedoDot[0m } [36mfrom[0m [32m'./redo-dot.mjs'[0m;
[31m[1m>[0m [90m1224 |[0m [36mexport[0m { [36mdefault[0m [36mas[0m [33mRedo[0m } [36mfrom[0m [32m'./redo.mjs'[0m;
  [90m     |[0m [31m[1m^^^^^^^^^^^^^^^^^^^^^^^^^^^^^^^^^^^^^^^^^^^^^[0m
  [90m1225 |[0m [36mexport[0m { [36mdefault[0m [36mas[0m [33mRefreshCcw[0m } [36mfrom[0m [32m'./refresh-ccw.mjs'[0m;
  [90m1226 |[0m [36mexport[0m { [36mdefault[0m [36mas[0m [33mRefreshCcwDot[0m } [36mfrom[0m [32m'./refresh-ccw-dot.mjs'[0m;
  [90m1227 |[0m [36mexport[0m { [36mdefault[0m [36mas[0m [33mRefreshCwOff[0m } [36mfrom[0m [32m'./refresh-cw-off.mjs'[0m;



Import traces:
  Client Component Browser:
    ./.gemini/antigravity/scratch/teacher-tracking/node_modules/lucide-react/dist/esm/icons/index.mjs [Client Component Browser]
    ./.gemini/antigravity/scratch/teacher-tracking/node_modules/lucide-react/dist/esm/lucide-react.mjs [Client Component Browser]
    ./.gemini/antigravity/scratch/teacher-tracking/src/components/pages/DailyTasksPage.tsx [Client Component Browser]
    ./.gemini/antigravity/scratch/teacher-tracking/src/components/AppShell.tsx [Client Component Browser]
    ./.gemini/antigravity/scratch/teacher-tracking/src/app/page.tsx [Client Component Browser]
    ./.gemini/antigravity/scratch/teacher-tracking/src/app/page.tsx [Server Component]

  Client Component SSR:
    ./.gemini/antigravity/scratch/teacher-tracking/node_modules/lucide-react/dist/esm/icons/index.mjs [Client Component SSR]
    ./.gemini/antigravity/scratch/teacher-tracking/node_modules/lucide-react/dist/esm/lucide-react.mjs [Client Component SSR]
    ./.gemini/antigravity/scratch/teacher-tracking/src/components/pages/DailyTasksPage.tsx [Client Component SSR]
    ./.gemini/antigravity/scratch/teacher-tracking/src/components/AppShell.tsx [Client Component SSR]
    ./.gemini/antigravity/scratch/teacher-tracking/src/app/page.tsx [Client Component SSR]
    ./.gemini/antigravity/scratch/teacher-tracking/src/app/page.tsx [Server Component]

https://nextjs.org/docs/messages/module-not-found


./.gemini/antigravity/scratch/teacher-tracking/node_modules/lucide-react/dist/esm/icons/index.mjs:1226:1
Module not found: Can't resolve './refresh-ccw-dot.mjs'
  [90m1224 |[0m [36mexport[0m { [36mdefault[0m [36mas[0m [33mRedo[0m } [36mfrom[0m [32m'./redo.mjs'[0m;
  [90m1225 |[0m [36mexport[0m { [36mdefault[0m [36mas[0m [33mRefreshCcw[0m } [36mfrom[0m [32m'./refresh-ccw.mjs'[0m;
[31m[1m>[0m [90m1226 |[0m [36mexport[0m { [36mdefault[0m [36mas[0m [33mRefreshCcwDot[0m } [36mfrom[0m [32m'./refresh-ccw-dot.mjs'[0m;
  [90m     |[0m [31m[1m^^^^^^^^^^^^^^^^^^^^^^^^^^^^^^^^^^^^^^^^^^^^^^^^^^^^^^^^^^^^^^^^^[0m
  [90m1227 |[0m [36mexport[0m { [36mdefault[0m [36mas[0m [33mRefreshCwOff[0m } [36mfrom[0m [32m'./refresh-cw-off.mjs'[0m;
  [90m1228 |[0m [36mexport[0m { [36mdefault[0m [36mas[0m [33mRefreshCw[0m } [36mfrom[0m [32m'./refresh-cw.mjs'[0m;
  [90m1229 |[0m [36mexport[0m { [36mdefault[0m [36mas[0m [33mRefrigerator[0m } [36mfrom[0m [32m'./refrigerator.mjs'[0m;



Import traces:
  Client Component Browser:
    ./.gemini/antigravity/scratch/teacher-tracking/node_modules/lucide-react/dist/esm/icons/index.mjs [Client Component Browser]
    ./.gemini/antigravity/scratch/teacher-tracking/node_modules/lucide-react/dist/esm/lucide-react.mjs [Client Component Browser]
    ./.gemini/antigravity/scratch/teacher-tracking/src/components/pages/DailyTasksPage.tsx [Client Component Browser]
    ./.gemini/antigravity/scratch/teacher-tracking/src/components/AppShell.tsx [Client Component Browser]
    ./.gemini/antigravity/scratch/teacher-tracking/src/app/page.tsx [Client Component Browser]
    ./.gemini/antigravity/scratch/teacher-tracking/src/app/page.tsx [Server Component]

  Client Component SSR:
    ./.gemini/antigravity/scratch/teacher-tracking/node_modules/lucide-react/dist/esm/icons/index.mjs [Client Component SSR]
    ./.gemini/antigravity/scratch/teacher-tracking/node_modules/lucide-react/dist/esm/lucide-react.mjs [Client Component SSR]
    ./.gemini/antigravity/scratch/teacher-tracking/src/components/pages/DailyTasksPage.tsx [Client Component SSR]
    ./.gemini/antigravity/scratch/teacher-tracking/src/components/AppShell.tsx [Client Component SSR]
    ./.gemini/antigravity/scratch/teacher-tracking/src/app/page.tsx [Client Component SSR]
    ./.gemini/antigravity/scratch/teacher-tracking/src/app/page.tsx [Server Component]

https://nextjs.org/docs/messages/module-not-found


./.gemini/antigravity/scratch/teacher-tracking/node_modules/lucide-react/dist/esm/icons/index.mjs:1225:1
Module not found: Can't resolve './refresh-ccw.mjs'
  [90m1223 |[0m [36mexport[0m { [36mdefault[0m [36mas[0m [33mRedoDot[0m } [36mfrom[0m [32m'./redo-dot.mjs'[0m;
  [90m1224 |[0m [36mexport[0m { [36mdefault[0m [36mas[0m [33mRedo[0m } [36mfrom[0m [32m'./redo.mjs'[0m;
[31m[1m>[0m [90m1225 |[0m [36mexport[0m { [36mdefault[0m [36mas[0m [33mRefreshCcw[0m } [36mfrom[0m [32m'./refresh-ccw.mjs'[0m;
  [90m     |[0m [31m[1m^^^^^^^^^^^^^^^^^^^^^^^^^^^^^^^^^^^^^^^^^^^^^^^^^^^^^^^^^^[0m
  [90m1226 |[0m [36mexport[0m { [36mdefault[0m [36mas[0m [33mRefreshCcwDot[0m } [36mfrom[0m [32m'./refresh-ccw-dot.mjs'[0m;
  [90m1227 |[0m [36mexport[0m { [36mdefault[0m [36mas[0m [33mRefreshCwOff[0m } [36mfrom[0m [32m'./refresh-cw-off.mjs'[0m;
  [90m1228 |[0m [36mexport[0m { [36mdefault[0m [36mas[0m [33mRefreshCw[0m } [36mfrom[0m [32m'./refresh-cw.mjs'[0m;



Import traces:
  Client Component Browser:
    ./.gemini/antigravity/scratch/teacher-tracking/node_modules/lucide-react/dist/esm/icons/index.mjs [Client Component Browser]
    ./.gemini/antigravity/scratch/teacher-tracking/node_modules/lucide-react/dist/esm/lucide-react.mjs [Client Component Browser]
    ./.gemini/antigravity/scratch/teacher-tracking/src/components/pages/DailyTasksPage.tsx [Client Component Browser]
    ./.gemini/antigravity/scratch/teacher-tracking/src/components/AppShell.tsx [Client Component Browser]
    ./.gemini/antigravity/scratch/teacher-tracking/src/app/page.tsx [Client Component Browser]
    ./.gemini/antigravity/scratch/teacher-tracking/src/app/page.tsx [Server Component]

  Client Component SSR:
    ./.gemini/antigravity/scratch/teacher-tracking/node_modules/lucide-react/dist/esm/icons/index.mjs [Client Component SSR]
    ./.gemini/antigravity/scratch/teacher-tracking/node_modules/lucide-react/dist/esm/lucide-react.mjs [Client Component SSR]
    ./.gemini/antigravity/scratch/teacher-tracking/src/components/pages/DailyTasksPage.tsx [Client Component SSR]
    ./.gemini/antigravity/scratch/teacher-tracking/src/components/AppShell.tsx [Client Component SSR]
    ./.gemini/antigravity/scratch/teacher-tracking/src/app/page.tsx [Client Component SSR]
    ./.gemini/antigravity/scratch/teacher-tracking/src/app/page.tsx [Server Component]

https://nextjs.org/docs/messages/module-not-found


./.gemini/antigravity/scratch/teacher-tracking/node_modules/lucide-react/dist/esm/icons/index.mjs:1227:1
Module not found: Can't resolve './refresh-cw-off.mjs'
  [90m1225 |[0m [36mexport[0m { [36mdefault[0m [36mas[0m [33mRefreshCcw[0m } [36mfrom[0m [32m'./refresh-ccw.mjs'[0m;
  [90m1226 |[0m [36mexport[0m { [36mdefault[0m [36mas[0m [33mRefreshCcwDot[0m } [36mfrom[0m [32m'./refresh-ccw-dot.mjs'[0m;
[31m[1m>[0m [90m1227 |[0m [36mexport[0m { [36mdefault[0m [36mas[0m [33mRefreshCwOff[0m } [36mfrom[0m [32m'./refresh-cw-off.mjs'[0m;
  [90m     |[0m [31m[1m^^^^^^^^^^^^^^^^^^^^^^^^^^^^^^^^^^^^^^^^^^^^^^^^^^^^^^^^^^^^^^^[0m
  [90m1228 |[0m [36mexport[0m { [36mdefault[0m [36mas[0m [33mRefreshCw[0m } [36mfrom[0m [32m'./refresh-cw.mjs'[0m;
  [90m1229 |[0m [36mexport[0m { [36mdefault[0m [36mas[0m [33mRefrigerator[0m } [36mfrom[0m [32m'./refrigerator.mjs'[0m;
  [90m1230 |[0m [36mexport[0m { [36mdefault[0m [36mas[0m [33mRegex[0m } [36mfrom[0m [32m'./regex.mjs'[0m;



Import traces:
  Client Component Browser:
    ./.gemini/antigravity/scratch/teacher-tracking/node_modules/lucide-react/dist/esm/icons/index.mjs [Client Component Browser]
    ./.gemini/antigravity/scratch/teacher-tracking/node_modules/lucide-react/dist/esm/lucide-react.mjs [Client Component Browser]
    ./.gemini/antigravity/scratch/teacher-tracking/src/components/pages/DailyTasksPage.tsx [Client Component Browser]
    ./.gemini/antigravity/scratch/teacher-tracking/src/components/AppShell.tsx [Client Component Browser]
    ./.gemini/antigravity/scratch/teacher-tracking/src/app/page.tsx [Client Component Browser]
    ./.gemini/antigravity/scratch/teacher-tracking/src/app/page.tsx [Server Component]

  Client Component SSR:
    ./.gemini/antigravity/scratch/teacher-tracking/node_modules/lucide-react/dist/esm/icons/index.mjs [Client Component SSR]
    ./.gemini/antigravity/scratch/teacher-tracking/node_modules/lucide-react/dist/esm/lucide-react.mjs [Client Component SSR]
    ./.gemini/antigravity/scratch/teacher-tracking/src/components/pages/DailyTasksPage.tsx [Client Component SSR]
    ./.gemini/antigravity/scratch/teacher-tracking/src/components/AppShell.tsx [Client Component SSR]
    ./.gemini/antigravity/scratch/teacher-tracking/src/app/page.tsx [Client Component SSR]
    ./.gemini/antigravity/scratch/teacher-tracking/src/app/page.tsx [Server Component]

https://nextjs.org/docs/messages/module-not-found


./.gemini/antigravity/scratch/teacher-tracking/node_modules/lucide-react/dist/esm/icons/index.mjs:1228:1
Module not found: Can't resolve './refresh-cw.mjs'
  [90m1226 |[0m [36mexport[0m { [36mdefault[0m [36mas[0m [33mRefreshCcwDot[0m } [36mfrom[0m [32m'./refresh-ccw-dot.mjs'[0m;
  [90m1227 |[0m [36mexport[0m { [36mdefault[0m [36mas[0m [33mRefreshCwOff[0m } [36mfrom[0m [32m'./refresh-cw-off.mjs'[0m;
[31m[1m>[0m [90m1228 |[0m [36mexport[0m { [36mdefault[0m [36mas[0m [33mRefreshCw[0m } [36mfrom[0m [32m'./refresh-cw.mjs'[0m;
  [90m     |[0m [31m[1m^^^^^^^^^^^^^^^^^^^^^^^^^^^^^^^^^^^^^^^^^^^^^^^^^^^^^^^^[0m
  [90m1229 |[0m [36mexport[0m { [36mdefault[0m [36mas[0m [33mRefrigerator[0m } [36mfrom[0m [32m'./refrigerator.mjs'[0m;
  [90m1230 |[0m [36mexport[0m { [36mdefault[0m [36mas[0m [33mRegex[0m } [36mfrom[0m [32m'./regex.mjs'[0m;
  [90m1231 |[0m [36mexport[0m { [36mdefault[0m [36mas[0m [33mRemoveFormatting[0m } [36mfrom[0m [32m'./remove-formatting.mjs'[0m;



Import traces:
  Client Component Browser:
    ./.gemini/antigravity/scratch/teacher-tracking/node_modules/lucide-react/dist/esm/icons/index.mjs [Client Component Browser]
    ./.gemini/antigravity/scratch/teacher-tracking/node_modules/lucide-react/dist/esm/lucide-react.mjs [Client Component Browser]
    ./.gemini/antigravity/scratch/teacher-tracking/src/components/pages/DailyTasksPage.tsx [Client Component Browser]
    ./.gemini/antigravity/scratch/teacher-tracking/src/components/AppShell.tsx [Client Component Browser]
    ./.gemini/antigravity/scratch/teacher-tracking/src/app/page.tsx [Client Component Browser]
    ./.gemini/antigravity/scratch/teacher-tracking/src/app/page.tsx [Server Component]

  Client Component SSR:
    ./.gemini/antigravity/scratch/teacher-tracking/node_modules/lucide-react/dist/esm/icons/index.mjs [Client Component SSR]
    ./.gemini/antigravity/scratch/teacher-tracking/node_modules/lucide-react/dist/esm/lucide-react.mjs [Client Component SSR]
    ./.gemini/antigravity/scratch/teacher-tracking/src/components/pages/DailyTasksPage.tsx [Client Component SSR]
    ./.gemini/antigravity/scratch/teacher-tracking/src/components/AppShell.tsx [Client Component SSR]
    ./.gemini/antigravity/scratch/teacher-tracking/src/app/page.tsx [Client Component SSR]
    ./.gemini/antigravity/scratch/teacher-tracking/src/app/page.tsx [Server Component]

https://nextjs.org/docs/messages/module-not-found


./.gemini/antigravity/scratch/teacher-tracking/node_modules/lucide-react/dist/esm/icons/index.mjs:1229:1
Module not found: Can't resolve './refrigerator.mjs'
  [90m1227 |[0m [36mexport[0m { [36mdefault[0m [36mas[0m [33mRefreshCwOff[0m } [36mfrom[0m [32m'./refresh-cw-off.mjs'[0m;
  [90m1228 |[0m [36mexport[0m { [36mdefault[0m [36mas[0m [33mRefreshCw[0m } [36mfrom[0m [32m'./refresh-cw.mjs'[0m;
[31m[1m>[0m [90m1229 |[0m [36mexport[0m { [36mdefault[0m [36mas[0m [33mRefrigerator[0m } [36mfrom[0m [32m'./refrigerator.mjs'[0m;
  [90m     |[0m [31m[1m^^^^^^^^^^^^^^^^^^^^^^^^^^^^^^^^^^^^^^^^^^^^^^^^^^^^^^^^^^^^^[0m
  [90m1230 |[0m [36mexport[0m { [36mdefault[0m [36mas[0m [33mRegex[0m } [36mfrom[0m [32m'./regex.mjs'[0m;
  [90m1231 |[0m [36mexport[0m { [36mdefault[0m [36mas[0m [33mRemoveFormatting[0m } [36mfrom[0m [32m'./remove-formatting.mjs'[0m;
  [90m1232 |[0m [36mexport[0m { [36mdefault[0m [36mas[0m [33mRepeat1[0m } [36mfrom[0m [32m'./repeat-1.mjs'[0m;



Import traces:
  Client Component Browser:
    ./.gemini/antigravity/scratch/teacher-tracking/node_modules/lucide-react/dist/esm/icons/index.mjs [Client Component Browser]
    ./.gemini/antigravity/scratch/teacher-tracking/node_modules/lucide-react/dist/esm/lucide-react.mjs [Client Component Browser]
    ./.gemini/antigravity/scratch/teacher-tracking/src/components/pages/DailyTasksPage.tsx [Client Component Browser]
    ./.gemini/antigravity/scratch/teacher-tracking/src/components/AppShell.tsx [Client Component Browser]
    ./.gemini/antigravity/scratch/teacher-tracking/src/app/page.tsx [Client Component Browser]
    ./.gemini/antigravity/scratch/teacher-tracking/src/app/page.tsx [Server Component]

  Client Component SSR:
    ./.gemini/antigravity/scratch/teacher-tracking/node_modules/lucide-react/dist/esm/icons/index.mjs [Client Component SSR]
    ./.gemini/antigravity/scratch/teacher-tracking/node_modules/lucide-react/dist/esm/lucide-react.mjs [Client Component SSR]
    ./.gemini/antigravity/scratch/teacher-tracking/src/components/pages/DailyTasksPage.tsx [Client Component SSR]
    ./.gemini/antigravity/scratch/teacher-tracking/src/components/AppShell.tsx [Client Component SSR]
    ./.gemini/antigravity/scratch/teacher-tracking/src/app/page.tsx [Client Component SSR]
    ./.gemini/antigravity/scratch/teacher-tracking/src/app/page.tsx [Server Component]

https://nextjs.org/docs/messages/module-not-found


./.gemini/antigravity/scratch/teacher-tracking/node_modules/lucide-react/dist/esm/icons/index.mjs:1230:1
Module not found: Can't resolve './regex.mjs'
  [90m1228 |[0m [36mexport[0m { [36mdefault[0m [36mas[0m [33mRefreshCw[0m } [36mfrom[0m [32m'./refresh-cw.mjs'[0m;
  [90m1229 |[0m [36mexport[0m { [36mdefault[0m [36mas[0m [33mRefrigerator[0m } [36mfrom[0m [32m'./refrigerator.mjs'[0m;
[31m[1m>[0m [90m1230 |[0m [36mexport[0m { [36mdefault[0m [36mas[0m [33mRegex[0m } [36mfrom[0m [32m'./regex.mjs'[0m;
  [90m     |[0m [31m[1m^^^^^^^^^^^^^^^^^^^^^^^^^^^^^^^^^^^^^^^^^^^^^^^[0m
  [90m1231 |[0m [36mexport[0m { [36mdefault[0m [36mas[0m [33mRemoveFormatting[0m } [36mfrom[0m [32m'./remove-formatting.mjs'[0m;
  [90m1232 |[0m [36mexport[0m { [36mdefault[0m [36mas[0m [33mRepeat1[0m } [36mfrom[0m [32m'./repeat-1.mjs'[0m;
  [90m1233 |[0m [36mexport[0m { [36mdefault[0m [36mas[0m [33mRepeat2[0m } [36mfrom[0m [32m'./repeat-2.mjs'[0m;



Import traces:
  Client Component Browser:
    ./.gemini/antigravity/scratch/teacher-tracking/node_modules/lucide-react/dist/esm/icons/index.mjs [Client Component Browser]
    ./.gemini/antigravity/scratch/teacher-tracking/node_modules/lucide-react/dist/esm/lucide-react.mjs [Client Component Browser]
    ./.gemini/antigravity/scratch/teacher-tracking/src/components/pages/DailyTasksPage.tsx [Client Component Browser]
    ./.gemini/antigravity/scratch/teacher-tracking/src/components/AppShell.tsx [Client Component Browser]
    ./.gemini/antigravity/scratch/teacher-tracking/src/app/page.tsx [Client Component Browser]
    ./.gemini/antigravity/scratch/teacher-tracking/src/app/page.tsx [Server Component]

  Client Component SSR:
    ./.gemini/antigravity/scratch/teacher-tracking/node_modules/lucide-react/dist/esm/icons/index.mjs [Client Component SSR]
    ./.gemini/antigravity/scratch/teacher-tracking/node_modules/lucide-react/dist/esm/lucide-react.mjs [Client Component SSR]
    ./.gemini/antigravity/scratch/teacher-tracking/src/components/pages/DailyTasksPage.tsx [Client Component SSR]
    ./.gemini/antigravity/scratch/teacher-tracking/src/components/AppShell.tsx [Client Component SSR]
    ./.gemini/antigravity/scratch/teacher-tracking/src/app/page.tsx [Client Component SSR]
    ./.gemini/antigravity/scratch/teacher-tracking/src/app/page.tsx [Server Component]

https://nextjs.org/docs/messages/module-not-found


./.gemini/antigravity/scratch/teacher-tracking/node_modules/lucide-react/dist/esm/icons/index.mjs:1231:1
Module not found: Can't resolve './remove-formatting.mjs'
  [90m1229 |[0m [36mexport[0m { [36mdefault[0m [36mas[0m [33mRefrigerator[0m } [36mfrom[0m [32m'./refrigerator.mjs'[0m;
  [90m1230 |[0m [36mexport[0m { [36mdefault[0m [36mas[0m [33mRegex[0m } [36mfrom[0m [32m'./regex.mjs'[0m;
[31m[1m>[0m [90m1231 |[0m [36mexport[0m { [36mdefault[0m [36mas[0m [33mRemoveFormatting[0m } [36mfrom[0m [32m'./remove-formatting.mjs'[0m;
  [90m     |[0m [31m[1m^^^^^^^^^^^^^^^^^^^^^^^^^^^^^^^^^^^^^^^^^^^^^^^^^^^^^^^^^^^^^^^^^^^^^^[0m
  [90m1232 |[0m [36mexport[0m { [36mdefault[0m [36mas[0m [33mRepeat1[0m } [36mfrom[0m [32m'./repeat-1.mjs'[0m;
  [90m1233 |[0m [36mexport[0m { [36mdefault[0m [36mas[0m [33mRepeat2[0m } [36mfrom[0m [32m'./repeat-2.mjs'[0m;
  [90m1234 |[0m [36mexport[0m { [36mdefault[0m [36mas[0m [33mRepeatOff[0m } [36mfrom[0m [32m'./repeat-off.mjs'[0m;



Import traces:
  Client Component Browser:
    ./.gemini/antigravity/scratch/teacher-tracking/node_modules/lucide-react/dist/esm/icons/index.mjs [Client Component Browser]
    ./.gemini/antigravity/scratch/teacher-tracking/node_modules/lucide-react/dist/esm/lucide-react.mjs [Client Component Browser]
    ./.gemini/antigravity/scratch/teacher-tracking/src/components/pages/DailyTasksPage.tsx [Client Component Browser]
    ./.gemini/antigravity/scratch/teacher-tracking/src/components/AppShell.tsx [Client Component Browser]
    ./.gemini/antigravity/scratch/teacher-tracking/src/app/page.tsx [Client Component Browser]
    ./.gemini/antigravity/scratch/teacher-tracking/src/app/page.tsx [Server Component]

  Client Component SSR:
    ./.gemini/antigravity/scratch/teacher-tracking/node_modules/lucide-react/dist/esm/icons/index.mjs [Client Component SSR]
    ./.gemini/antigravity/scratch/teacher-tracking/node_modules/lucide-react/dist/esm/lucide-react.mjs [Client Component SSR]
    ./.gemini/antigravity/scratch/teacher-tracking/src/components/pages/DailyTasksPage.tsx [Client Component SSR]
    ./.gemini/antigravity/scratch/teacher-tracking/src/components/AppShell.tsx [Client Component SSR]
    ./.gemini/antigravity/scratch/teacher-tracking/src/app/page.tsx [Client Component SSR]
    ./.gemini/antigravity/scratch/teacher-tracking/src/app/page.tsx [Server Component]

https://nextjs.org/docs/messages/module-not-found


./.gemini/antigravity/scratch/teacher-tracking/node_modules/lucide-react/dist/esm/icons/index.mjs:1232:1
Module not found: Can't resolve './repeat-1.mjs'
  [90m1230 |[0m [36mexport[0m { [36mdefault[0m [36mas[0m [33mRegex[0m } [36mfrom[0m [32m'./regex.mjs'[0m;
  [90m1231 |[0m [36mexport[0m { [36mdefault[0m [36mas[0m [33mRemoveFormatting[0m } [36mfrom[0m [32m'./remove-formatting.mjs'[0m;
[31m[1m>[0m [90m1232 |[0m [36mexport[0m { [36mdefault[0m [36mas[0m [33mRepeat1[0m } [36mfrom[0m [32m'./repeat-1.mjs'[0m;
  [90m     |[0m [31m[1m^^^^^^^^^^^^^^^^^^^^^^^^^^^^^^^^^^^^^^^^^^^^^^^^^^^^[0m
  [90m1233 |[0m [36mexport[0m { [36mdefault[0m [36mas[0m [33mRepeat2[0m } [36mfrom[0m [32m'./repeat-2.mjs'[0m;
  [90m1234 |[0m [36mexport[0m { [36mdefault[0m [36mas[0m [33mRepeatOff[0m } [36mfrom[0m [32m'./repeat-off.mjs'[0m;
  [90m1235 |[0m [36mexport[0m { [36mdefault[0m [36mas[0m [33mRepeat[0m } [36mfrom[0m [32m'./repeat.mjs'[0m;



Import traces:
  Client Component Browser:
    ./.gemini/antigravity/scratch/teacher-tracking/node_modules/lucide-react/dist/esm/icons/index.mjs [Client Component Browser]
    ./.gemini/antigravity/scratch/teacher-tracking/node_modules/lucide-react/dist/esm/lucide-react.mjs [Client Component Browser]
    ./.gemini/antigravity/scratch/teacher-tracking/src/components/pages/DailyTasksPage.tsx [Client Component Browser]
    ./.gemini/antigravity/scratch/teacher-tracking/src/components/AppShell.tsx [Client Component Browser]
    ./.gemini/antigravity/scratch/teacher-tracking/src/app/page.tsx [Client Component Browser]
    ./.gemini/antigravity/scratch/teacher-tracking/src/app/page.tsx [Server Component]

  Client Component SSR:
    ./.gemini/antigravity/scratch/teacher-tracking/node_modules/lucide-react/dist/esm/icons/index.mjs [Client Component SSR]
    ./.gemini/antigravity/scratch/teacher-tracking/node_modules/lucide-react/dist/esm/lucide-react.mjs [Client Component SSR]
    ./.gemini/antigravity/scratch/teacher-tracking/src/components/pages/DailyTasksPage.tsx [Client Component SSR]
    ./.gemini/antigravity/scratch/teacher-tracking/src/components/AppShell.tsx [Client Component SSR]
    ./.gemini/antigravity/scratch/teacher-tracking/src/app/page.tsx [Client Component SSR]
    ./.gemini/antigravity/scratch/teacher-tracking/src/app/page.tsx [Server Component]

https://nextjs.org/docs/messages/module-not-found


./.gemini/antigravity/scratch/teacher-tracking/node_modules/lucide-react/dist/esm/icons/index.mjs:1233:1
Module not found: Can't resolve './repeat-2.mjs'
  [90m1231 |[0m [36mexport[0m { [36mdefault[0m [36mas[0m [33mRemoveFormatting[0m } [36mfrom[0m [32m'./remove-formatting.mjs'[0m;
  [90m1232 |[0m [36mexport[0m { [36mdefault[0m [36mas[0m [33mRepeat1[0m } [36mfrom[0m [32m'./repeat-1.mjs'[0m;
[31m[1m>[0m [90m1233 |[0m [36mexport[0m { [36mdefault[0m [36mas[0m [33mRepeat2[0m } [36mfrom[0m [32m'./repeat-2.mjs'[0m;
  [90m     |[0m [31m[1m^^^^^^^^^^^^^^^^^^^^^^^^^^^^^^^^^^^^^^^^^^^^^^^^^^^^[0m
  [90m1234 |[0m [36mexport[0m { [36mdefault[0m [36mas[0m [33mRepeatOff[0m } [36mfrom[0m [32m'./repeat-off.mjs'[0m;
  [90m1235 |[0m [36mexport[0m { [36mdefault[0m [36mas[0m [33mRepeat[0m } [36mfrom[0m [32m'./repeat.mjs'[0m;
  [90m1236 |[0m [36mexport[0m { [36mdefault[0m [36mas[0m [33mReplace[0m } [36mfrom[0m [32m'./replace.mjs'[0m;



Import traces:
  Client Component Browser:
    ./.gemini/antigravity/scratch/teacher-tracking/node_modules/lucide-react/dist/esm/icons/index.mjs [Client Component Browser]
    ./.gemini/antigravity/scratch/teacher-tracking/node_modules/lucide-react/dist/esm/lucide-react.mjs [Client Component Browser]
    ./.gemini/antigravity/scratch/teacher-tracking/src/components/pages/DailyTasksPage.tsx [Client Component Browser]
    ./.gemini/antigravity/scratch/teacher-tracking/src/components/AppShell.tsx [Client Component Browser]
    ./.gemini/antigravity/scratch/teacher-tracking/src/app/page.tsx [Client Component Browser]
    ./.gemini/antigravity/scratch/teacher-tracking/src/app/page.tsx [Server Component]

  Client Component SSR:
    ./.gemini/antigravity/scratch/teacher-tracking/node_modules/lucide-react/dist/esm/icons/index.mjs [Client Component SSR]
    ./.gemini/antigravity/scratch/teacher-tracking/node_modules/lucide-react/dist/esm/lucide-react.mjs [Client Component SSR]
    ./.gemini/antigravity/scratch/teacher-tracking/src/components/pages/DailyTasksPage.tsx [Client Component SSR]
    ./.gemini/antigravity/scratch/teacher-tracking/src/components/AppShell.tsx [Client Component SSR]
    ./.gemini/antigravity/scratch/teacher-tracking/src/app/page.tsx [Client Component SSR]
    ./.gemini/antigravity/scratch/teacher-tracking/src/app/page.tsx [Server Component]

https://nextjs.org/docs/messages/module-not-found


./.gemini/antigravity/scratch/teacher-tracking/node_modules/lucide-react/dist/esm/icons/index.mjs:1234:1
Module not found: Can't resolve './repeat-off.mjs'
  [90m1232 |[0m [36mexport[0m { [36mdefault[0m [36mas[0m [33mRepeat1[0m } [36mfrom[0m [32m'./repeat-1.mjs'[0m;
  [90m1233 |[0m [36mexport[0m { [36mdefault[0m [36mas[0m [33mRepeat2[0m } [36mfrom[0m [32m'./repeat-2.mjs'[0m;
[31m[1m>[0m [90m1234 |[0m [36mexport[0m { [36mdefault[0m [36mas[0m [33mRepeatOff[0m } [36mfrom[0m [32m'./repeat-off.mjs'[0m;
  [90m     |[0m [31m[1m^^^^^^^^^^^^^^^^^^^^^^^^^^^^^^^^^^^^^^^^^^^^^^^^^^^^^^^^[0m
  [90m1235 |[0m [36mexport[0m { [36mdefault[0m [36mas[0m [33mRepeat[0m } [36mfrom[0m [32m'./repeat.mjs'[0m;
  [90m1236 |[0m [36mexport[0m { [36mdefault[0m [36mas[0m [33mReplace[0m } [36mfrom[0m [32m'./replace.mjs'[0m;
  [90m1237 |[0m [36mexport[0m { [36mdefault[0m [36mas[0m [33mReplaceAll[0m } [36mfrom[0m [32m'./replace-all.mjs'[0m;



Import traces:
  Client Component Browser:
    ./.gemini/antigravity/scratch/teacher-tracking/node_modules/lucide-react/dist/esm/icons/index.mjs [Client Component Browser]
    ./.gemini/antigravity/scratch/teacher-tracking/node_modules/lucide-react/dist/esm/lucide-react.mjs [Client Component Browser]
    ./.gemini/antigravity/scratch/teacher-tracking/src/components/pages/DailyTasksPage.tsx [Client Component Browser]
    ./.gemini/antigravity/scratch/teacher-tracking/src/components/AppShell.tsx [Client Component Browser]
    ./.gemini/antigravity/scratch/teacher-tracking/src/app/page.tsx [Client Component Browser]
    ./.gemini/antigravity/scratch/teacher-tracking/src/app/page.tsx [Server Component]

  Client Component SSR:
    ./.gemini/antigravity/scratch/teacher-tracking/node_modules/lucide-react/dist/esm/icons/index.mjs [Client Component SSR]
    ./.gemini/antigravity/scratch/teacher-tracking/node_modules/lucide-react/dist/esm/lucide-react.mjs [Client Component SSR]
    ./.gemini/antigravity/scratch/teacher-tracking/src/components/pages/DailyTasksPage.tsx [Client Component SSR]
    ./.gemini/antigravity/scratch/teacher-tracking/src/components/AppShell.tsx [Client Component SSR]
    ./.gemini/antigravity/scratch/teacher-tracking/src/app/page.tsx [Client Component SSR]
    ./.gemini/antigravity/scratch/teacher-tracking/src/app/page.tsx [Server Component]

https://nextjs.org/docs/messages/module-not-found


./.gemini/antigravity/scratch/teacher-tracking/node_modules/lucide-react/dist/esm/icons/index.mjs:1235:1
Module not found: Can't resolve './repeat.mjs'
  [90m1233 |[0m [36mexport[0m { [36mdefault[0m [36mas[0m [33mRepeat2[0m } [36mfrom[0m [32m'./repeat-2.mjs'[0m;
  [90m1234 |[0m [36mexport[0m { [36mdefault[0m [36mas[0m [33mRepeatOff[0m } [36mfrom[0m [32m'./repeat-off.mjs'[0m;
[31m[1m>[0m [90m1235 |[0m [36mexport[0m { [36mdefault[0m [36mas[0m [33mRepeat[0m } [36mfrom[0m [32m'./repeat.mjs'[0m;
  [90m     |[0m [31m[1m^^^^^^^^^^^^^^^^^^^^^^^^^^^^^^^^^^^^^^^^^^^^^^^^^[0m
  [90m1236 |[0m [36mexport[0m { [36mdefault[0m [36mas[0m [33mReplace[0m } [36mfrom[0m [32m'./replace.mjs'[0m;
  [90m1237 |[0m [36mexport[0m { [36mdefault[0m [36mas[0m [33mReplaceAll[0m } [36mfrom[0m [32m'./replace-all.mjs'[0m;
  [90m1238 |[0m [36mexport[0m { [36mdefault[0m [36mas[0m [33mReplyAll[0m } [36mfrom[0m [32m'./reply-all.mjs'[0m;



Import traces:
  Client Component Browser:
    ./.gemini/antigravity/scratch/teacher-tracking/node_modules/lucide-react/dist/esm/icons/index.mjs [Client Component Browser]
    ./.gemini/antigravity/scratch/teacher-tracking/node_modules/lucide-react/dist/esm/lucide-react.mjs [Client Component Browser]
    ./.gemini/antigravity/scratch/teacher-tracking/src/components/pages/DailyTasksPage.tsx [Client Component Browser]
    ./.gemini/antigravity/scratch/teacher-tracking/src/components/AppShell.tsx [Client Component Browser]
    ./.gemini/antigravity/scratch/teacher-tracking/src/app/page.tsx [Client Component Browser]
    ./.gemini/antigravity/scratch/teacher-tracking/src/app/page.tsx [Server Component]

  Client Component SSR:
    ./.gemini/antigravity/scratch/teacher-tracking/node_modules/lucide-react/dist/esm/icons/index.mjs [Client Component SSR]
    ./.gemini/antigravity/scratch/teacher-tracking/node_modules/lucide-react/dist/esm/lucide-react.mjs [Client Component SSR]
    ./.gemini/antigravity/scratch/teacher-tracking/src/components/pages/DailyTasksPage.tsx [Client Component SSR]
    ./.gemini/antigravity/scratch/teacher-tracking/src/components/AppShell.tsx [Client Component SSR]
    ./.gemini/antigravity/scratch/teacher-tracking/src/app/page.tsx [Client Component SSR]
    ./.gemini/antigravity/scratch/teacher-tracking/src/app/page.tsx [Server Component]

https://nextjs.org/docs/messages/module-not-found


./.gemini/antigravity/scratch/teacher-tracking/node_modules/lucide-react/dist/esm/icons/index.mjs:1237:1
Module not found: Can't resolve './replace-all.mjs'
  [90m1235 |[0m [36mexport[0m { [36mdefault[0m [36mas[0m [33mRepeat[0m } [36mfrom[0m [32m'./repeat.mjs'[0m;
  [90m1236 |[0m [36mexport[0m { [36mdefault[0m [36mas[0m [33mReplace[0m } [36mfrom[0m [32m'./replace.mjs'[0m;
[31m[1m>[0m [90m1237 |[0m [36mexport[0m { [36mdefault[0m [36mas[0m [33mReplaceAll[0m } [36mfrom[0m [32m'./replace-all.mjs'[0m;
  [90m     |[0m [31m[1m^^^^^^^^^^^^^^^^^^^^^^^^^^^^^^^^^^^^^^^^^^^^^^^^^^^^^^^^^^[0m
  [90m1238 |[0m [36mexport[0m { [36mdefault[0m [36mas[0m [33mReplyAll[0m } [36mfrom[0m [32m'./reply-all.mjs'[0m;
  [90m1239 |[0m [36mexport[0m { [36mdefault[0m [36mas[0m [33mReply[0m } [36mfrom[0m [32m'./reply.mjs'[0m;
  [90m1240 |[0m [36mexport[0m { [36mdefault[0m [36mas[0m [33mRewind[0m } [36mfrom[0m [32m'./rewind.mjs'[0m;



Import traces:
  Client Component Browser:
    ./.gemini/antigravity/scratch/teacher-tracking/node_modules/lucide-react/dist/esm/icons/index.mjs [Client Component Browser]
    ./.gemini/antigravity/scratch/teacher-tracking/node_modules/lucide-react/dist/esm/lucide-react.mjs [Client Component Browser]
    ./.gemini/antigravity/scratch/teacher-tracking/src/components/pages/DailyTasksPage.tsx [Client Component Browser]
    ./.gemini/antigravity/scratch/teacher-tracking/src/components/AppShell.tsx [Client Component Browser]
    ./.gemini/antigravity/scratch/teacher-tracking/src/app/page.tsx [Client Component Browser]
    ./.gemini/antigravity/scratch/teacher-tracking/src/app/page.tsx [Server Component]

  Client Component SSR:
    ./.gemini/antigravity/scratch/teacher-tracking/node_modules/lucide-react/dist/esm/icons/index.mjs [Client Component SSR]
    ./.gemini/antigravity/scratch/teacher-tracking/node_modules/lucide-react/dist/esm/lucide-react.mjs [Client Component SSR]
    ./.gemini/antigravity/scratch/teacher-tracking/src/components/pages/DailyTasksPage.tsx [Client Component SSR]
    ./.gemini/antigravity/scratch/teacher-tracking/src/components/AppShell.tsx [Client Component SSR]
    ./.gemini/antigravity/scratch/teacher-tracking/src/app/page.tsx [Client Component SSR]
    ./.gemini/antigravity/scratch/teacher-tracking/src/app/page.tsx [Server Component]

https://nextjs.org/docs/messages/module-not-found


./.gemini/antigravity/scratch/teacher-tracking/node_modules/lucide-react/dist/esm/icons/index.mjs:1236:1
Module not found: Can't resolve './replace.mjs'
  [90m1234 |[0m [36mexport[0m { [36mdefault[0m [36mas[0m [33mRepeatOff[0m } [36mfrom[0m [32m'./repeat-off.mjs'[0m;
  [90m1235 |[0m [36mexport[0m { [36mdefault[0m [36mas[0m [33mRepeat[0m } [36mfrom[0m [32m'./repeat.mjs'[0m;
[31m[1m>[0m [90m1236 |[0m [36mexport[0m { [36mdefault[0m [36mas[0m [33mReplace[0m } [36mfrom[0m [32m'./replace.mjs'[0m;
  [90m     |[0m [31m[1m^^^^^^^^^^^^^^^^^^^^^^^^^^^^^^^^^^^^^^^^^^^^^^^^^^^[0m
  [90m1237 |[0m [36mexport[0m { [36mdefault[0m [36mas[0m [33mReplaceAll[0m } [36mfrom[0m [32m'./replace-all.mjs'[0m;
  [90m1238 |[0m [36mexport[0m { [36mdefault[0m [36mas[0m [33mReplyAll[0m } [36mfrom[0m [32m'./reply-all.mjs'[0m;
  [90m1239 |[0m [36mexport[0m { [36mdefault[0m [36mas[0m [33mReply[0m } [36mfrom[0m [32m'./reply.mjs'[0m;



Import traces:
  Client Component Browser:
    ./.gemini/antigravity/scratch/teacher-tracking/node_modules/lucide-react/dist/esm/icons/index.mjs [Client Component Browser]
    ./.gemini/antigravity/scratch/teacher-tracking/node_modules/lucide-react/dist/esm/lucide-react.mjs [Client Component Browser]
    ./.gemini/antigravity/scratch/teacher-tracking/src/components/pages/DailyTasksPage.tsx [Client Component Browser]
    ./.gemini/antigravity/scratch/teacher-tracking/src/components/AppShell.tsx [Client Component Browser]
    ./.gemini/antigravity/scratch/teacher-tracking/src/app/page.tsx [Client Component Browser]
    ./.gemini/antigravity/scratch/teacher-tracking/src/app/page.tsx [Server Component]

  Client Component SSR:
    ./.gemini/antigravity/scratch/teacher-tracking/node_modules/lucide-react/dist/esm/icons/index.mjs [Client Component SSR]
    ./.gemini/antigravity/scratch/teacher-tracking/node_modules/lucide-react/dist/esm/lucide-react.mjs [Client Component SSR]
    ./.gemini/antigravity/scratch/teacher-tracking/src/components/pages/DailyTasksPage.tsx [Client Component SSR]
    ./.gemini/antigravity/scratch/teacher-tracking/src/components/AppShell.tsx [Client Component SSR]
    ./.gemini/antigravity/scratch/teacher-tracking/src/app/page.tsx [Client Component SSR]
    ./.gemini/antigravity/scratch/teacher-tracking/src/app/page.tsx [Server Component]

https://nextjs.org/docs/messages/module-not-found


./.gemini/antigravity/scratch/teacher-tracking/node_modules/lucide-react/dist/esm/icons/index.mjs:1238:1
Module not found: Can't resolve './reply-all.mjs'
  [90m1236 |[0m [36mexport[0m { [36mdefault[0m [36mas[0m [33mReplace[0m } [36mfrom[0m [32m'./replace.mjs'[0m;
  [90m1237 |[0m [36mexport[0m { [36mdefault[0m [36mas[0m [33mReplaceAll[0m } [36mfrom[0m [32m'./replace-all.mjs'[0m;
[31m[1m>[0m [90m1238 |[0m [36mexport[0m { [36mdefault[0m [36mas[0m [33mReplyAll[0m } [36mfrom[0m [32m'./reply-all.mjs'[0m;
  [90m     |[0m [31m[1m^^^^^^^^^^^^^^^^^^^^^^^^^^^^^^^^^^^^^^^^^^^^^^^^^^^^^^[0m
  [90m1239 |[0m [36mexport[0m { [36mdefault[0m [36mas[0m [33mReply[0m } [36mfrom[0m [32m'./reply.mjs'[0m;
  [90m1240 |[0m [36mexport[0m { [36mdefault[0m [36mas[0m [33mRewind[0m } [36mfrom[0m [32m'./rewind.mjs'[0m;
  [90m1241 |[0m [36mexport[0m { [36mdefault[0m [36mas[0m [33mRibbon[0m } [36mfrom[0m [32m'./ribbon.mjs'[0m;



Import traces:
  Client Component Browser:
    ./.gemini/antigravity/scratch/teacher-tracking/node_modules/lucide-react/dist/esm/icons/index.mjs [Client Component Browser]
    ./.gemini/antigravity/scratch/teacher-tracking/node_modules/lucide-react/dist/esm/lucide-react.mjs [Client Component Browser]
    ./.gemini/antigravity/scratch/teacher-tracking/src/components/pages/DailyTasksPage.tsx [Client Component Browser]
    ./.gemini/antigravity/scratch/teacher-tracking/src/components/AppShell.tsx [Client Component Browser]
    ./.gemini/antigravity/scratch/teacher-tracking/src/app/page.tsx [Client Component Browser]
    ./.gemini/antigravity/scratch/teacher-tracking/src/app/page.tsx [Server Component]

  Client Component SSR:
    ./.gemini/antigravity/scratch/teacher-tracking/node_modules/lucide-react/dist/esm/icons/index.mjs [Client Component SSR]
    ./.gemini/antigravity/scratch/teacher-tracking/node_modules/lucide-react/dist/esm/lucide-react.mjs [Client Component SSR]
    ./.gemini/antigravity/scratch/teacher-tracking/src/components/pages/DailyTasksPage.tsx [Client Component SSR]
    ./.gemini/antigravity/scratch/teacher-tracking/src/components/AppShell.tsx [Client Component SSR]
    ./.gemini/antigravity/scratch/teacher-tracking/src/app/page.tsx [Client Component SSR]
    ./.gemini/antigravity/scratch/teacher-tracking/src/app/page.tsx [Server Component]

https://nextjs.org/docs/messages/module-not-found


./.gemini/antigravity/scratch/teacher-tracking/node_modules/lucide-react/dist/esm/icons/index.mjs:1239:1
Module not found: Can't resolve './reply.mjs'
  [90m1237 |[0m [36mexport[0m { [36mdefault[0m [36mas[0m [33mReplaceAll[0m } [36mfrom[0m [32m'./replace-all.mjs'[0m;
  [90m1238 |[0m [36mexport[0m { [36mdefault[0m [36mas[0m [33mReplyAll[0m } [36mfrom[0m [32m'./reply-all.mjs'[0m;
[31m[1m>[0m [90m1239 |[0m [36mexport[0m { [36mdefault[0m [36mas[0m [33mReply[0m } [36mfrom[0m [32m'./reply.mjs'[0m;
  [90m     |[0m [31m[1m^^^^^^^^^^^^^^^^^^^^^^^^^^^^^^^^^^^^^^^^^^^^^^^[0m
  [90m1240 |[0m [36mexport[0m { [36mdefault[0m [36mas[0m [33mRewind[0m } [36mfrom[0m [32m'./rewind.mjs'[0m;
  [90m1241 |[0m [36mexport[0m { [36mdefault[0m [36mas[0m [33mRibbon[0m } [36mfrom[0m [32m'./ribbon.mjs'[0m;
  [90m1242 |[0m [36mexport[0m { [36mdefault[0m [36mas[0m [33mRoad[0m } [36mfrom[0m [32m'./road.mjs'[0m;



Import traces:
  Client Component Browser:
    ./.gemini/antigravity/scratch/teacher-tracking/node_modules/lucide-react/dist/esm/icons/index.mjs [Client Component Browser]
    ./.gemini/antigravity/scratch/teacher-tracking/node_modules/lucide-react/dist/esm/lucide-react.mjs [Client Component Browser]
    ./.gemini/antigravity/scratch/teacher-tracking/src/components/pages/DailyTasksPage.tsx [Client Component Browser]
    ./.gemini/antigravity/scratch/teacher-tracking/src/components/AppShell.tsx [Client Component Browser]
    ./.gemini/antigravity/scratch/teacher-tracking/src/app/page.tsx [Client Component Browser]
    ./.gemini/antigravity/scratch/teacher-tracking/src/app/page.tsx [Server Component]

  Client Component SSR:
    ./.gemini/antigravity/scratch/teacher-tracking/node_modules/lucide-react/dist/esm/icons/index.mjs [Client Component SSR]
    ./.gemini/antigravity/scratch/teacher-tracking/node_modules/lucide-react/dist/esm/lucide-react.mjs [Client Component SSR]
    ./.gemini/antigravity/scratch/teacher-tracking/src/components/pages/DailyTasksPage.tsx [Client Component SSR]
    ./.gemini/antigravity/scratch/teacher-tracking/src/components/AppShell.tsx [Client Component SSR]
    ./.gemini/antigravity/scratch/teacher-tracking/src/app/page.tsx [Client Component SSR]
    ./.gemini/antigravity/scratch/teacher-tracking/src/app/page.tsx [Server Component]

https://nextjs.org/docs/messages/module-not-found


./.gemini/antigravity/scratch/teacher-tracking/node_modules/lucide-react/dist/esm/icons/index.mjs:1240:1
Module not found: Can't resolve './rewind.mjs'
  [90m1238 |[0m [36mexport[0m { [36mdefault[0m [36mas[0m [33mReplyAll[0m } [36mfrom[0m [32m'./reply-all.mjs'[0m;
  [90m1239 |[0m [36mexport[0m { [36mdefault[0m [36mas[0m [33mReply[0m } [36mfrom[0m [32m'./reply.mjs'[0m;
[31m[1m>[0m [90m1240 |[0m [36mexport[0m { [36mdefault[0m [36mas[0m [33mRewind[0m } [36mfrom[0m [32m'./rewind.mjs'[0m;
  [90m     |[0m [31m[1m^^^^^^^^^^^^^^^^^^^^^^^^^^^^^^^^^^^^^^^^^^^^^^^^^[0m
  [90m1241 |[0m [36mexport[0m { [36mdefault[0m [36mas[0m [33mRibbon[0m } [36mfrom[0m [32m'./ribbon.mjs'[0m;
  [90m1242 |[0m [36mexport[0m { [36mdefault[0m [36mas[0m [33mRoad[0m } [36mfrom[0m [32m'./road.mjs'[0m;
  [90m1243 |[0m [36mexport[0m { [36mdefault[0m [36mas[0m [33mRocket[0m } [36mfrom[0m [32m'./rocket.mjs'[0m;



Import traces:
  Client Component Browser:
    ./.gemini/antigravity/scratch/teacher-tracking/node_modules/lucide-react/dist/esm/icons/index.mjs [Client Component Browser]
    ./.gemini/antigravity/scratch/teacher-tracking/node_modules/lucide-react/dist/esm/lucide-react.mjs [Client Component Browser]
    ./.gemini/antigravity/scratch/teacher-tracking/src/components/pages/DailyTasksPage.tsx [Client Component Browser]
    ./.gemini/antigravity/scratch/teacher-tracking/src/components/AppShell.tsx [Client Component Browser]
    ./.gemini/antigravity/scratch/teacher-tracking/src/app/page.tsx [Client Component Browser]
    ./.gemini/antigravity/scratch/teacher-tracking/src/app/page.tsx [Server Component]

  Client Component SSR:
    ./.gemini/antigravity/scratch/teacher-tracking/node_modules/lucide-react/dist/esm/icons/index.mjs [Client Component SSR]
    ./.gemini/antigravity/scratch/teacher-tracking/node_modules/lucide-react/dist/esm/lucide-react.mjs [Client Component SSR]
    ./.gemini/antigravity/scratch/teacher-tracking/src/components/pages/DailyTasksPage.tsx [Client Component SSR]
    ./.gemini/antigravity/scratch/teacher-tracking/src/components/AppShell.tsx [Client Component SSR]
    ./.gemini/antigravity/scratch/teacher-tracking/src/app/page.tsx [Client Component SSR]
    ./.gemini/antigravity/scratch/teacher-tracking/src/app/page.tsx [Server Component]

https://nextjs.org/docs/messages/module-not-found


./.gemini/antigravity/scratch/teacher-tracking/node_modules/lucide-react/dist/esm/icons/index.mjs:1241:1
Module not found: Can't resolve './ribbon.mjs'
  [90m1239 |[0m [36mexport[0m { [36mdefault[0m [36mas[0m [33mReply[0m } [36mfrom[0m [32m'./reply.mjs'[0m;
  [90m1240 |[0m [36mexport[0m { [36mdefault[0m [36mas[0m [33mRewind[0m } [36mfrom[0m [32m'./rewind.mjs'[0m;
[31m[1m>[0m [90m1241 |[0m [36mexport[0m { [36mdefault[0m [36mas[0m [33mRibbon[0m } [36mfrom[0m [32m'./ribbon.mjs'[0m;
  [90m     |[0m [31m[1m^^^^^^^^^^^^^^^^^^^^^^^^^^^^^^^^^^^^^^^^^^^^^^^^^[0m
  [90m1242 |[0m [36mexport[0m { [36mdefault[0m [36mas[0m [33mRoad[0m } [36mfrom[0m [32m'./road.mjs'[0m;
  [90m1243 |[0m [36mexport[0m { [36mdefault[0m [36mas[0m [33mRocket[0m } [36mfrom[0m [32m'./rocket.mjs'[0m;
  [90m1244 |[0m [36mexport[0m { [36mdefault[0m [36mas[0m [33mRockingChair[0m } [36mfrom[0m [32m'./rocking-chair.mjs'[0m;



Import traces:
  Client Component Browser:
    ./.gemini/antigravity/scratch/teacher-tracking/node_modules/lucide-react/dist/esm/icons/index.mjs [Client Component Browser]
    ./.gemini/antigravity/scratch/teacher-tracking/node_modules/lucide-react/dist/esm/lucide-react.mjs [Client Component Browser]
    ./.gemini/antigravity/scratch/teacher-tracking/src/components/pages/DailyTasksPage.tsx [Client Component Browser]
    ./.gemini/antigravity/scratch/teacher-tracking/src/components/AppShell.tsx [Client Component Browser]
    ./.gemini/antigravity/scratch/teacher-tracking/src/app/page.tsx [Client Component Browser]
    ./.gemini/antigravity/scratch/teacher-tracking/src/app/page.tsx [Server Component]

  Client Component SSR:
    ./.gemini/antigravity/scratch/teacher-tracking/node_modules/lucide-react/dist/esm/icons/index.mjs [Client Component SSR]
    ./.gemini/antigravity/scratch/teacher-tracking/node_modules/lucide-react/dist/esm/lucide-react.mjs [Client Component SSR]
    ./.gemini/antigravity/scratch/teacher-tracking/src/components/pages/DailyTasksPage.tsx [Client Component SSR]
    ./.gemini/antigravity/scratch/teacher-tracking/src/components/AppShell.tsx [Client Component SSR]
    ./.gemini/antigravity/scratch/teacher-tracking/src/app/page.tsx [Client Component SSR]
    ./.gemini/antigravity/scratch/teacher-tracking/src/app/page.tsx [Server Component]

https://nextjs.org/docs/messages/module-not-found


./.gemini/antigravity/scratch/teacher-tracking/node_modules/lucide-react/dist/esm/icons/index.mjs:1242:1
Module not found: Can't resolve './road.mjs'
  [90m1240 |[0m [36mexport[0m { [36mdefault[0m [36mas[0m [33mRewind[0m } [36mfrom[0m [32m'./rewind.mjs'[0m;
  [90m1241 |[0m [36mexport[0m { [36mdefault[0m [36mas[0m [33mRibbon[0m } [36mfrom[0m [32m'./ribbon.mjs'[0m;
[31m[1m>[0m [90m1242 |[0m [36mexport[0m { [36mdefault[0m [36mas[0m [33mRoad[0m } [36mfrom[0m [32m'./road.mjs'[0m;
  [90m     |[0m [31m[1m^^^^^^^^^^^^^^^^^^^^^^^^^^^^^^^^^^^^^^^^^^^^^[0m
  [90m1243 |[0m [36mexport[0m { [36mdefault[0m [36mas[0m [33mRocket[0m } [36mfrom[0m [32m'./rocket.mjs'[0m;
  [90m1244 |[0m [36mexport[0m { [36mdefault[0m [36mas[0m [33mRockingChair[0m } [36mfrom[0m [32m'./rocking-chair.mjs'[0m;
  [90m1245 |[0m [36mexport[0m { [36mdefault[0m [36mas[0m [33mRose[0m } [36mfrom[0m [32m'./rose.mjs'[0m;



Import traces:
  Client Component Browser:
    ./.gemini/antigravity/scratch/teacher-tracking/node_modules/lucide-react/dist/esm/icons/index.mjs [Client Component Browser]
    ./.gemini/antigravity/scratch/teacher-tracking/node_modules/lucide-react/dist/esm/lucide-react.mjs [Client Component Browser]
    ./.gemini/antigravity/scratch/teacher-tracking/src/components/pages/DailyTasksPage.tsx [Client Component Browser]
    ./.gemini/antigravity/scratch/teacher-tracking/src/components/AppShell.tsx [Client Component Browser]
    ./.gemini/antigravity/scratch/teacher-tracking/src/app/page.tsx [Client Component Browser]
    ./.gemini/antigravity/scratch/teacher-tracking/src/app/page.tsx [Server Component]

  Client Component SSR:
    ./.gemini/antigravity/scratch/teacher-tracking/node_modules/lucide-react/dist/esm/icons/index.mjs [Client Component SSR]
    ./.gemini/antigravity/scratch/teacher-tracking/node_modules/lucide-react/dist/esm/lucide-react.mjs [Client Component SSR]
    ./.gemini/antigravity/scratch/teacher-tracking/src/components/pages/DailyTasksPage.tsx [Client Component SSR]
    ./.gemini/antigravity/scratch/teacher-tracking/src/components/AppShell.tsx [Client Component SSR]
    ./.gemini/antigravity/scratch/teacher-tracking/src/app/page.tsx [Client Component SSR]
    ./.gemini/antigravity/scratch/teacher-tracking/src/app/page.tsx [Server Component]

https://nextjs.org/docs/messages/module-not-found


./.gemini/antigravity/scratch/teacher-tracking/node_modules/lucide-react/dist/esm/icons/index.mjs:1243:1
Module not found: Can't resolve './rocket.mjs'
  [90m1241 |[0m [36mexport[0m { [36mdefault[0m [36mas[0m [33mRibbon[0m } [36mfrom[0m [32m'./ribbon.mjs'[0m;
  [90m1242 |[0m [36mexport[0m { [36mdefault[0m [36mas[0m [33mRoad[0m } [36mfrom[0m [32m'./road.mjs'[0m;
[31m[1m>[0m [90m1243 |[0m [36mexport[0m { [36mdefault[0m [36mas[0m [33mRocket[0m } [36mfrom[0m [32m'./rocket.mjs'[0m;
  [90m     |[0m [31m[1m^^^^^^^^^^^^^^^^^^^^^^^^^^^^^^^^^^^^^^^^^^^^^^^^^[0m
  [90m1244 |[0m [36mexport[0m { [36mdefault[0m [36mas[0m [33mRockingChair[0m } [36mfrom[0m [32m'./rocking-chair.mjs'[0m;
  [90m1245 |[0m [36mexport[0m { [36mdefault[0m [36mas[0m [33mRose[0m } [36mfrom[0m [32m'./rose.mjs'[0m;
  [90m1246 |[0m [36mexport[0m { [36mdefault[0m [36mas[0m [33mRollerCoaster[0m } [36mfrom[0m [32m'./roller-coaster.mjs'[0m;



Import traces:
  Client Component Browser:
    ./.gemini/antigravity/scratch/teacher-tracking/node_modules/lucide-react/dist/esm/icons/index.mjs [Client Component Browser]
    ./.gemini/antigravity/scratch/teacher-tracking/node_modules/lucide-react/dist/esm/lucide-react.mjs [Client Component Browser]
    ./.gemini/antigravity/scratch/teacher-tracking/src/components/pages/DailyTasksPage.tsx [Client Component Browser]
    ./.gemini/antigravity/scratch/teacher-tracking/src/components/AppShell.tsx [Client Component Browser]
    ./.gemini/antigravity/scratch/teacher-tracking/src/app/page.tsx [Client Component Browser]
    ./.gemini/antigravity/scratch/teacher-tracking/src/app/page.tsx [Server Component]

  Client Component SSR:
    ./.gemini/antigravity/scratch/teacher-tracking/node_modules/lucide-react/dist/esm/icons/index.mjs [Client Component SSR]
    ./.gemini/antigravity/scratch/teacher-tracking/node_modules/lucide-react/dist/esm/lucide-react.mjs [Client Component SSR]
    ./.gemini/antigravity/scratch/teacher-tracking/src/components/pages/DailyTasksPage.tsx [Client Component SSR]
    ./.gemini/antigravity/scratch/teacher-tracking/src/components/AppShell.tsx [Client Component SSR]
    ./.gemini/antigravity/scratch/teacher-tracking/src/app/page.tsx [Client Component SSR]
    ./.gemini/antigravity/scratch/teacher-tracking/src/app/page.tsx [Server Component]

https://nextjs.org/docs/messages/module-not-found


./.gemini/antigravity/scratch/teacher-tracking/node_modules/lucide-react/dist/esm/icons/index.mjs:1244:1
Module not found: Can't resolve './rocking-chair.mjs'
  [90m1242 |[0m [36mexport[0m { [36mdefault[0m [36mas[0m [33mRoad[0m } [36mfrom[0m [32m'./road.mjs'[0m;
  [90m1243 |[0m [36mexport[0m { [36mdefault[0m [36mas[0m [33mRocket[0m } [36mfrom[0m [32m'./rocket.mjs'[0m;
[31m[1m>[0m [90m1244 |[0m [36mexport[0m { [36mdefault[0m [36mas[0m [33mRockingChair[0m } [36mfrom[0m [32m'./rocking-chair.mjs'[0m;
  [90m     |[0m [31m[1m^^^^^^^^^^^^^^^^^^^^^^^^^^^^^^^^^^^^^^^^^^^^^^^^^^^^^^^^^^^^^^[0m
  [90m1245 |[0m [36mexport[0m { [36mdefault[0m [36mas[0m [33mRose[0m } [36mfrom[0m [32m'./rose.mjs'[0m;
  [90m1246 |[0m [36mexport[0m { [36mdefault[0m [36mas[0m [33mRollerCoaster[0m } [36mfrom[0m [32m'./roller-coaster.mjs'[0m;
  [90m1247 |[0m [36mexport[0m { [36mdefault[0m [36mas[0m [33mRotateCcwKey[0m } [36mfrom[0m [32m'./rotate-ccw-key.mjs'[0m;



Import traces:
  Client Component Browser:
    ./.gemini/antigravity/scratch/teacher-tracking/node_modules/lucide-react/dist/esm/icons/index.mjs [Client Component Browser]
    ./.gemini/antigravity/scratch/teacher-tracking/node_modules/lucide-react/dist/esm/lucide-react.mjs [Client Component Browser]
    ./.gemini/antigravity/scratch/teacher-tracking/src/components/pages/DailyTasksPage.tsx [Client Component Browser]
    ./.gemini/antigravity/scratch/teacher-tracking/src/components/AppShell.tsx [Client Component Browser]
    ./.gemini/antigravity/scratch/teacher-tracking/src/app/page.tsx [Client Component Browser]
    ./.gemini/antigravity/scratch/teacher-tracking/src/app/page.tsx [Server Component]

  Client Component SSR:
    ./.gemini/antigravity/scratch/teacher-tracking/node_modules/lucide-react/dist/esm/icons/index.mjs [Client Component SSR]
    ./.gemini/antigravity/scratch/teacher-tracking/node_modules/lucide-react/dist/esm/lucide-react.mjs [Client Component SSR]
    ./.gemini/antigravity/scratch/teacher-tracking/src/components/pages/DailyTasksPage.tsx [Client Component SSR]
    ./.gemini/antigravity/scratch/teacher-tracking/src/components/AppShell.tsx [Client Component SSR]
    ./.gemini/antigravity/scratch/teacher-tracking/src/app/page.tsx [Client Component SSR]
    ./.gemini/antigravity/scratch/teacher-tracking/src/app/page.tsx [Server Component]

https://nextjs.org/docs/messages/module-not-found


./.gemini/antigravity/scratch/teacher-tracking/node_modules/lucide-react/dist/esm/icons/index.mjs:1246:1
Module not found: Can't resolve './roller-coaster.mjs'
  [90m1244 |[0m [36mexport[0m { [36mdefault[0m [36mas[0m [33mRockingChair[0m } [36mfrom[0m [32m'./rocking-chair.mjs'[0m;
  [90m1245 |[0m [36mexport[0m { [36mdefault[0m [36mas[0m [33mRose[0m } [36mfrom[0m [32m'./rose.mjs'[0m;
[31m[1m>[0m [90m1246 |[0m [36mexport[0m { [36mdefault[0m [36mas[0m [33mRollerCoaster[0m } [36mfrom[0m [32m'./roller-coaster.mjs'[0m;
  [90m     |[0m [31m[1m^^^^^^^^^^^^^^^^^^^^^^^^^^^^^^^^^^^^^^^^^^^^^^^^^^^^^^^^^^^^^^^^[0m
  [90m1247 |[0m [36mexport[0m { [36mdefault[0m [36mas[0m [33mRotateCcwKey[0m } [36mfrom[0m [32m'./rotate-ccw-key.mjs'[0m;
  [90m1248 |[0m [36mexport[0m { [36mdefault[0m [36mas[0m [33mRotate3d[0m } [36mfrom[0m [32m'./rotate-3d.mjs'[0m;
  [90m1249 |[0m [36mexport[0m { [36mdefault[0m [36mas[0m [33mRotateCcwSquare[0m } [36mfrom[0m [32m'./rotate-ccw-square.mjs'[0m;



Import traces:
  Client Component Browser:
    ./.gemini/antigravity/scratch/teacher-tracking/node_modules/lucide-react/dist/esm/icons/index.mjs [Client Component Browser]
    ./.gemini/antigravity/scratch/teacher-tracking/node_modules/lucide-react/dist/esm/lucide-react.mjs [Client Component Browser]
    ./.gemini/antigravity/scratch/teacher-tracking/src/components/pages/DailyTasksPage.tsx [Client Component Browser]
    ./.gemini/antigravity/scratch/teacher-tracking/src/components/AppShell.tsx [Client Component Browser]
    ./.gemini/antigravity/scratch/teacher-tracking/src/app/page.tsx [Client Component Browser]
    ./.gemini/antigravity/scratch/teacher-tracking/src/app/page.tsx [Server Component]

  Client Component SSR:
    ./.gemini/antigravity/scratch/teacher-tracking/node_modules/lucide-react/dist/esm/icons/index.mjs [Client Component SSR]
    ./.gemini/antigravity/scratch/teacher-tracking/node_modules/lucide-react/dist/esm/lucide-react.mjs [Client Component SSR]
    ./.gemini/antigravity/scratch/teacher-tracking/src/components/pages/DailyTasksPage.tsx [Client Component SSR]
    ./.gemini/antigravity/scratch/teacher-tracking/src/components/AppShell.tsx [Client Component SSR]
    ./.gemini/antigravity/scratch/teacher-tracking/src/app/page.tsx [Client Component SSR]
    ./.gemini/antigravity/scratch/teacher-tracking/src/app/page.tsx [Server Component]

https://nextjs.org/docs/messages/module-not-found


./.gemini/antigravity/scratch/teacher-tracking/node_modules/lucide-react/dist/esm/icons/index.mjs:1245:1
Module not found: Can't resolve './rose.mjs'
  [90m1243 |[0m [36mexport[0m { [36mdefault[0m [36mas[0m [33mRocket[0m } [36mfrom[0m [32m'./rocket.mjs'[0m;
  [90m1244 |[0m [36mexport[0m { [36mdefault[0m [36mas[0m [33mRockingChair[0m } [36mfrom[0m [32m'./rocking-chair.mjs'[0m;
[31m[1m>[0m [90m1245 |[0m [36mexport[0m { [36mdefault[0m [36mas[0m [33mRose[0m } [36mfrom[0m [32m'./rose.mjs'[0m;
  [90m     |[0m [31m[1m^^^^^^^^^^^^^^^^^^^^^^^^^^^^^^^^^^^^^^^^^^^^^[0m
  [90m1246 |[0m [36mexport[0m { [36mdefault[0m [36mas[0m [33mRollerCoaster[0m } [36mfrom[0m [32m'./roller-coaster.mjs'[0m;
  [90m1247 |[0m [36mexport[0m { [36mdefault[0m [36mas[0m [33mRotateCcwKey[0m } [36mfrom[0m [32m'./rotate-ccw-key.mjs'[0m;
  [90m1248 |[0m [36mexport[0m { [36mdefault[0m [36mas[0m [33mRotate3d[0m } [36mfrom[0m [32m'./rotate-3d.mjs'[0m;



Import traces:
  Client Component Browser:
    ./.gemini/antigravity/scratch/teacher-tracking/node_modules/lucide-react/dist/esm/icons/index.mjs [Client Component Browser]
    ./.gemini/antigravity/scratch/teacher-tracking/node_modules/lucide-react/dist/esm/lucide-react.mjs [Client Component Browser]
    ./.gemini/antigravity/scratch/teacher-tracking/src/components/pages/DailyTasksPage.tsx [Client Component Browser]
    ./.gemini/antigravity/scratch/teacher-tracking/src/components/AppShell.tsx [Client Component Browser]
    ./.gemini/antigravity/scratch/teacher-tracking/src/app/page.tsx [Client Component Browser]
    ./.gemini/antigravity/scratch/teacher-tracking/src/app/page.tsx [Server Component]

  Client Component SSR:
    ./.gemini/antigravity/scratch/teacher-tracking/node_modules/lucide-react/dist/esm/icons/index.mjs [Client Component SSR]
    ./.gemini/antigravity/scratch/teacher-tracking/node_modules/lucide-react/dist/esm/lucide-react.mjs [Client Component SSR]
    ./.gemini/antigravity/scratch/teacher-tracking/src/components/pages/DailyTasksPage.tsx [Client Component SSR]
    ./.gemini/antigravity/scratch/teacher-tracking/src/components/AppShell.tsx [Client Component SSR]
    ./.gemini/antigravity/scratch/teacher-tracking/src/app/page.tsx [Client Component SSR]
    ./.gemini/antigravity/scratch/teacher-tracking/src/app/page.tsx [Server Component]

https://nextjs.org/docs/messages/module-not-found


./.gemini/antigravity/scratch/teacher-tracking/node_modules/lucide-react/dist/esm/icons/index.mjs:1248:1
Module not found: Can't resolve './rotate-3d.mjs'
  [90m1246 |[0m [36mexport[0m { [36mdefault[0m [36mas[0m [33mRollerCoaster[0m } [36mfrom[0m [32m'./roller-coaster.mjs'[0m;
  [90m1247 |[0m [36mexport[0m { [36mdefault[0m [36mas[0m [33mRotateCcwKey[0m } [36mfrom[0m [32m'./rotate-ccw-key.mjs'[0m;
[31m[1m>[0m [90m1248 |[0m [36mexport[0m { [36mdefault[0m [36mas[0m [33mRotate3d[0m } [36mfrom[0m [32m'./rotate-3d.mjs'[0m;
  [90m     |[0m [31m[1m^^^^^^^^^^^^^^^^^^^^^^^^^^^^^^^^^^^^^^^^^^^^^^^^^^^^^^[0m
  [90m1249 |[0m [36mexport[0m { [36mdefault[0m [36mas[0m [33mRotateCcwSquare[0m } [36mfrom[0m [32m'./rotate-ccw-square.mjs'[0m;
  [90m1250 |[0m [36mexport[0m { [36mdefault[0m [36mas[0m [33mRotateCcw[0m } [36mfrom[0m [32m'./rotate-ccw.mjs'[0m;
  [90m1251 |[0m [36mexport[0m { [36mdefault[0m [36mas[0m [33mRotateCwSquare[0m } [36mfrom[0m [32m'./rotate-cw-square.mjs'[0m;



Import traces:
  Client Component Browser:
    ./.gemini/antigravity/scratch/teacher-tracking/node_modules/lucide-react/dist/esm/icons/index.mjs [Client Component Browser]
    ./.gemini/antigravity/scratch/teacher-tracking/node_modules/lucide-react/dist/esm/lucide-react.mjs [Client Component Browser]
    ./.gemini/antigravity/scratch/teacher-tracking/src/components/pages/DailyTasksPage.tsx [Client Component Browser]
    ./.gemini/antigravity/scratch/teacher-tracking/src/components/AppShell.tsx [Client Component Browser]
    ./.gemini/antigravity/scratch/teacher-tracking/src/app/page.tsx [Client Component Browser]
    ./.gemini/antigravity/scratch/teacher-tracking/src/app/page.tsx [Server Component]

  Client Component SSR:
    ./.gemini/antigravity/scratch/teacher-tracking/node_modules/lucide-react/dist/esm/icons/index.mjs [Client Component SSR]
    ./.gemini/antigravity/scratch/teacher-tracking/node_modules/lucide-react/dist/esm/lucide-react.mjs [Client Component SSR]
    ./.gemini/antigravity/scratch/teacher-tracking/src/components/pages/DailyTasksPage.tsx [Client Component SSR]
    ./.gemini/antigravity/scratch/teacher-tracking/src/components/AppShell.tsx [Client Component SSR]
    ./.gemini/antigravity/scratch/teacher-tracking/src/app/page.tsx [Client Component SSR]
    ./.gemini/antigravity/scratch/teacher-tracking/src/app/page.tsx [Server Component]

https://nextjs.org/docs/messages/module-not-found


./.gemini/antigravity/scratch/teacher-tracking/node_modules/lucide-react/dist/esm/icons/index.mjs:1247:1
Module not found: Can't resolve './rotate-ccw-key.mjs'
  [90m1245 |[0m [36mexport[0m { [36mdefault[0m [36mas[0m [33mRose[0m } [36mfrom[0m [32m'./rose.mjs'[0m;
  [90m1246 |[0m [36mexport[0m { [36mdefault[0m [36mas[0m [33mRollerCoaster[0m } [36mfrom[0m [32m'./roller-coaster.mjs'[0m;
[31m[1m>[0m [90m1247 |[0m [36mexport[0m { [36mdefault[0m [36mas[0m [33mRotateCcwKey[0m } [36mfrom[0m [32m'./rotate-ccw-key.mjs'[0m;
  [90m     |[0m [31m[1m^^^^^^^^^^^^^^^^^^^^^^^^^^^^^^^^^^^^^^^^^^^^^^^^^^^^^^^^^^^^^^^[0m
  [90m1248 |[0m [36mexport[0m { [36mdefault[0m [36mas[0m [33mRotate3d[0m } [36mfrom[0m [32m'./rotate-3d.mjs'[0m;
  [90m1249 |[0m [36mexport[0m { [36mdefault[0m [36mas[0m [33mRotateCcwSquare[0m } [36mfrom[0m [32m'./rotate-ccw-square.mjs'[0m;
  [90m1250 |[0m [36mexport[0m { [36mdefault[0m [36mas[0m [33mRotateCcw[0m } [36mfrom[0m [32m'./rotate-ccw.mjs'[0m;



Import traces:
  Client Component Browser:
    ./.gemini/antigravity/scratch/teacher-tracking/node_modules/lucide-react/dist/esm/icons/index.mjs [Client Component Browser]
    ./.gemini/antigravity/scratch/teacher-tracking/node_modules/lucide-react/dist/esm/lucide-react.mjs [Client Component Browser]
    ./.gemini/antigravity/scratch/teacher-tracking/src/components/pages/DailyTasksPage.tsx [Client Component Browser]
    ./.gemini/antigravity/scratch/teacher-tracking/src/components/AppShell.tsx [Client Component Browser]
    ./.gemini/antigravity/scratch/teacher-tracking/src/app/page.tsx [Client Component Browser]
    ./.gemini/antigravity/scratch/teacher-tracking/src/app/page.tsx [Server Component]

  Client Component SSR:
    ./.gemini/antigravity/scratch/teacher-tracking/node_modules/lucide-react/dist/esm/icons/index.mjs [Client Component SSR]
    ./.gemini/antigravity/scratch/teacher-tracking/node_modules/lucide-react/dist/esm/lucide-react.mjs [Client Component SSR]
    ./.gemini/antigravity/scratch/teacher-tracking/src/components/pages/DailyTasksPage.tsx [Client Component SSR]
    ./.gemini/antigravity/scratch/teacher-tracking/src/components/AppShell.tsx [Client Component SSR]
    ./.gemini/antigravity/scratch/teacher-tracking/src/app/page.tsx [Client Component SSR]
    ./.gemini/antigravity/scratch/teacher-tracking/src/app/page.tsx [Server Component]

https://nextjs.org/docs/messages/module-not-found


./.gemini/antigravity/scratch/teacher-tracking/node_modules/lucide-react/dist/esm/icons/index.mjs:1249:1
Module not found: Can't resolve './rotate-ccw-square.mjs'
  [90m1247 |[0m [36mexport[0m { [36mdefault[0m [36mas[0m [33mRotateCcwKey[0m } [36mfrom[0m [32m'./rotate-ccw-key.mjs'[0m;
  [90m1248 |[0m [36mexport[0m { [36mdefault[0m [36mas[0m [33mRotate3d[0m } [36mfrom[0m [32m'./rotate-3d.mjs'[0m;
[31m[1m>[0m [90m1249 |[0m [36mexport[0m { [36mdefault[0m [36mas[0m [33mRotateCcwSquare[0m } [36mfrom[0m [32m'./rotate-ccw-square.mjs'[0m;
  [90m     |[0m [31m[1m^^^^^^^^^^^^^^^^^^^^^^^^^^^^^^^^^^^^^^^^^^^^^^^^^^^^^^^^^^^^^^^^^^^^^[0m
  [90m1250 |[0m [36mexport[0m { [36mdefault[0m [36mas[0m [33mRotateCcw[0m } [36mfrom[0m [32m'./rotate-ccw.mjs'[0m;
  [90m1251 |[0m [36mexport[0m { [36mdefault[0m [36mas[0m [33mRotateCwSquare[0m } [36mfrom[0m [32m'./rotate-cw-square.mjs'[0m;
  [90m1252 |[0m [36mexport[0m { [36mdefault[0m [36mas[0m [33mRotateCw[0m } [36mfrom[0m [32m'./rotate-cw.mjs'[0m;



Import traces:
  Client Component Browser:
    ./.gemini/antigravity/scratch/teacher-tracking/node_modules/lucide-react/dist/esm/icons/index.mjs [Client Component Browser]
    ./.gemini/antigravity/scratch/teacher-tracking/node_modules/lucide-react/dist/esm/lucide-react.mjs [Client Component Browser]
    ./.gemini/antigravity/scratch/teacher-tracking/src/components/pages/DailyTasksPage.tsx [Client Component Browser]
    ./.gemini/antigravity/scratch/teacher-tracking/src/components/AppShell.tsx [Client Component Browser]
    ./.gemini/antigravity/scratch/teacher-tracking/src/app/page.tsx [Client Component Browser]
    ./.gemini/antigravity/scratch/teacher-tracking/src/app/page.tsx [Server Component]

  Client Component SSR:
    ./.gemini/antigravity/scratch/teacher-tracking/node_modules/lucide-react/dist/esm/icons/index.mjs [Client Component SSR]
    ./.gemini/antigravity/scratch/teacher-tracking/node_modules/lucide-react/dist/esm/lucide-react.mjs [Client Component SSR]
    ./.gemini/antigravity/scratch/teacher-tracking/src/components/pages/DailyTasksPage.tsx [Client Component SSR]
    ./.gemini/antigravity/scratch/teacher-tracking/src/components/AppShell.tsx [Client Component SSR]
    ./.gemini/antigravity/scratch/teacher-tracking/src/app/page.tsx [Client Component SSR]
    ./.gemini/antigravity/scratch/teacher-tracking/src/app/page.tsx [Server Component]

https://nextjs.org/docs/messages/module-not-found


./.gemini/antigravity/scratch/teacher-tracking/node_modules/lucide-react/dist/esm/icons/index.mjs:1250:1
Module not found: Can't resolve './rotate-ccw.mjs'
  [90m1248 |[0m [36mexport[0m { [36mdefault[0m [36mas[0m [33mRotate3d[0m } [36mfrom[0m [32m'./rotate-3d.mjs'[0m;
  [90m1249 |[0m [36mexport[0m { [36mdefault[0m [36mas[0m [33mRotateCcwSquare[0m } [36mfrom[0m [32m'./rotate-ccw-square.mjs'[0m;
[31m[1m>[0m [90m1250 |[0m [36mexport[0m { [36mdefault[0m [36mas[0m [33mRotateCcw[0m } [36mfrom[0m [32m'./rotate-ccw.mjs'[0m;
  [90m     |[0m [31m[1m^^^^^^^^^^^^^^^^^^^^^^^^^^^^^^^^^^^^^^^^^^^^^^^^^^^^^^^^[0m
  [90m1251 |[0m [36mexport[0m { [36mdefault[0m [36mas[0m [33mRotateCwSquare[0m } [36mfrom[0m [32m'./rotate-cw-square.mjs'[0m;
  [90m1252 |[0m [36mexport[0m { [36mdefault[0m [36mas[0m [33mRotateCw[0m } [36mfrom[0m [32m'./rotate-cw.mjs'[0m;
  [90m1253 |[0m [36mexport[0m { [36mdefault[0m [36mas[0m [33mRouteOff[0m } [36mfrom[0m [32m'./route-off.mjs'[0m;



Import traces:
  Client Component Browser:
    ./.gemini/antigravity/scratch/teacher-tracking/node_modules/lucide-react/dist/esm/icons/index.mjs [Client Component Browser]
    ./.gemini/antigravity/scratch/teacher-tracking/node_modules/lucide-react/dist/esm/lucide-react.mjs [Client Component Browser]
    ./.gemini/antigravity/scratch/teacher-tracking/src/components/pages/DailyTasksPage.tsx [Client Component Browser]
    ./.gemini/antigravity/scratch/teacher-tracking/src/components/AppShell.tsx [Client Component Browser]
    ./.gemini/antigravity/scratch/teacher-tracking/src/app/page.tsx [Client Component Browser]
    ./.gemini/antigravity/scratch/teacher-tracking/src/app/page.tsx [Server Component]

  Client Component SSR:
    ./.gemini/antigravity/scratch/teacher-tracking/node_modules/lucide-react/dist/esm/icons/index.mjs [Client Component SSR]
    ./.gemini/antigravity/scratch/teacher-tracking/node_modules/lucide-react/dist/esm/lucide-react.mjs [Client Component SSR]
    ./.gemini/antigravity/scratch/teacher-tracking/src/components/pages/DailyTasksPage.tsx [Client Component SSR]
    ./.gemini/antigravity/scratch/teacher-tracking/src/components/AppShell.tsx [Client Component SSR]
    ./.gemini/antigravity/scratch/teacher-tracking/src/app/page.tsx [Client Component SSR]
    ./.gemini/antigravity/scratch/teacher-tracking/src/app/page.tsx [Server Component]

https://nextjs.org/docs/messages/module-not-found


./.gemini/antigravity/scratch/teacher-tracking/node_modules/lucide-react/dist/esm/icons/index.mjs:1251:1
Module not found: Can't resolve './rotate-cw-square.mjs'
  [90m1249 |[0m [36mexport[0m { [36mdefault[0m [36mas[0m [33mRotateCcwSquare[0m } [36mfrom[0m [32m'./rotate-ccw-square.mjs'[0m;
  [90m1250 |[0m [36mexport[0m { [36mdefault[0m [36mas[0m [33mRotateCcw[0m } [36mfrom[0m [32m'./rotate-ccw.mjs'[0m;
[31m[1m>[0m [90m1251 |[0m [36mexport[0m { [36mdefault[0m [36mas[0m [33mRotateCwSquare[0m } [36mfrom[0m [32m'./rotate-cw-square.mjs'[0m;
  [90m     |[0m [31m[1m^^^^^^^^^^^^^^^^^^^^^^^^^^^^^^^^^^^^^^^^^^^^^^^^^^^^^^^^^^^^^^^^^^^[0m
  [90m1252 |[0m [36mexport[0m { [36mdefault[0m [36mas[0m [33mRotateCw[0m } [36mfrom[0m [32m'./rotate-cw.mjs'[0m;
  [90m1253 |[0m [36mexport[0m { [36mdefault[0m [36mas[0m [33mRouteOff[0m } [36mfrom[0m [32m'./route-off.mjs'[0m;
  [90m1254 |[0m [36mexport[0m { [36mdefault[0m [36mas[0m [33mRoute[0m } [36mfrom[0m [32m'./route.mjs'[0m;



Import traces:
  Client Component Browser:
    ./.gemini/antigravity/scratch/teacher-tracking/node_modules/lucide-react/dist/esm/icons/index.mjs [Client Component Browser]
    ./.gemini/antigravity/scratch/teacher-tracking/node_modules/lucide-react/dist/esm/lucide-react.mjs [Client Component Browser]
    ./.gemini/antigravity/scratch/teacher-tracking/src/components/pages/DailyTasksPage.tsx [Client Component Browser]
    ./.gemini/antigravity/scratch/teacher-tracking/src/components/AppShell.tsx [Client Component Browser]
    ./.gemini/antigravity/scratch/teacher-tracking/src/app/page.tsx [Client Component Browser]
    ./.gemini/antigravity/scratch/teacher-tracking/src/app/page.tsx [Server Component]

  Client Component SSR:
    ./.gemini/antigravity/scratch/teacher-tracking/node_modules/lucide-react/dist/esm/icons/index.mjs [Client Component SSR]
    ./.gemini/antigravity/scratch/teacher-tracking/node_modules/lucide-react/dist/esm/lucide-react.mjs [Client Component SSR]
    ./.gemini/antigravity/scratch/teacher-tracking/src/components/pages/DailyTasksPage.tsx [Client Component SSR]
    ./.gemini/antigravity/scratch/teacher-tracking/src/components/AppShell.tsx [Client Component SSR]
    ./.gemini/antigravity/scratch/teacher-tracking/src/app/page.tsx [Client Component SSR]
    ./.gemini/antigravity/scratch/teacher-tracking/src/app/page.tsx [Server Component]

https://nextjs.org/docs/messages/module-not-found


./.gemini/antigravity/scratch/teacher-tracking/node_modules/lucide-react/dist/esm/icons/index.mjs:1252:1
Module not found: Can't resolve './rotate-cw.mjs'
  [90m1250 |[0m [36mexport[0m { [36mdefault[0m [36mas[0m [33mRotateCcw[0m } [36mfrom[0m [32m'./rotate-ccw.mjs'[0m;
  [90m1251 |[0m [36mexport[0m { [36mdefault[0m [36mas[0m [33mRotateCwSquare[0m } [36mfrom[0m [32m'./rotate-cw-square.mjs'[0m;
[31m[1m>[0m [90m1252 |[0m [36mexport[0m { [36mdefault[0m [36mas[0m [33mRotateCw[0m } [36mfrom[0m [32m'./rotate-cw.mjs'[0m;
  [90m     |[0m [31m[1m^^^^^^^^^^^^^^^^^^^^^^^^^^^^^^^^^^^^^^^^^^^^^^^^^^^^^^[0m
  [90m1253 |[0m [36mexport[0m { [36mdefault[0m [36mas[0m [33mRouteOff[0m } [36mfrom[0m [32m'./route-off.mjs'[0m;
  [90m1254 |[0m [36mexport[0m { [36mdefault[0m [36mas[0m [33mRoute[0m } [36mfrom[0m [32m'./route.mjs'[0m;
  [90m1255 |[0m [36mexport[0m { [36mdefault[0m [36mas[0m [33mRouter[0m } [36mfrom[0m [32m'./router.mjs'[0m;



Import traces:
  Client Component Browser:
    ./.gemini/antigravity/scratch/teacher-tracking/node_modules/lucide-react/dist/esm/icons/index.mjs [Client Component Browser]
    ./.gemini/antigravity/scratch/teacher-tracking/node_modules/lucide-react/dist/esm/lucide-react.mjs [Client Component Browser]
    ./.gemini/antigravity/scratch/teacher-tracking/src/components/pages/DailyTasksPage.tsx [Client Component Browser]
    ./.gemini/antigravity/scratch/teacher-tracking/src/components/AppShell.tsx [Client Component Browser]
    ./.gemini/antigravity/scratch/teacher-tracking/src/app/page.tsx [Client Component Browser]
    ./.gemini/antigravity/scratch/teacher-tracking/src/app/page.tsx [Server Component]

  Client Component SSR:
    ./.gemini/antigravity/scratch/teacher-tracking/node_modules/lucide-react/dist/esm/icons/index.mjs [Client Component SSR]
    ./.gemini/antigravity/scratch/teacher-tracking/node_modules/lucide-react/dist/esm/lucide-react.mjs [Client Component SSR]
    ./.gemini/antigravity/scratch/teacher-tracking/src/components/pages/DailyTasksPage.tsx [Client Component SSR]
    ./.gemini/antigravity/scratch/teacher-tracking/src/components/AppShell.tsx [Client Component SSR]
    ./.gemini/antigravity/scratch/teacher-tracking/src/app/page.tsx [Client Component SSR]
    ./.gemini/antigravity/scratch/teacher-tracking/src/app/page.tsx [Server Component]

https://nextjs.org/docs/messages/module-not-found


./.gemini/antigravity/scratch/teacher-tracking/node_modules/lucide-react/dist/esm/icons/index.mjs:1253:1
Module not found: Can't resolve './route-off.mjs'
  [90m1251 |[0m [36mexport[0m { [36mdefault[0m [36mas[0m [33mRotateCwSquare[0m } [36mfrom[0m [32m'./rotate-cw-square.mjs'[0m;
  [90m1252 |[0m [36mexport[0m { [36mdefault[0m [36mas[0m [33mRotateCw[0m } [36mfrom[0m [32m'./rotate-cw.mjs'[0m;
[31m[1m>[0m [90m1253 |[0m [36mexport[0m { [36mdefault[0m [36mas[0m [33mRouteOff[0m } [36mfrom[0m [32m'./route-off.mjs'[0m;
  [90m     |[0m [31m[1m^^^^^^^^^^^^^^^^^^^^^^^^^^^^^^^^^^^^^^^^^^^^^^^^^^^^^^[0m
  [90m1254 |[0m [36mexport[0m { [36mdefault[0m [36mas[0m [33mRoute[0m } [36mfrom[0m [32m'./route.mjs'[0m;
  [90m1255 |[0m [36mexport[0m { [36mdefault[0m [36mas[0m [33mRouter[0m } [36mfrom[0m [32m'./router.mjs'[0m;
  [90m1256 |[0m [36mexport[0m { [36mdefault[0m [36mas[0m [33mRows2[0m } [36mfrom[0m [32m'./rows-2.mjs'[0m;



Import traces:
  Client Component Browser:
    ./.gemini/antigravity/scratch/teacher-tracking/node_modules/lucide-react/dist/esm/icons/index.mjs [Client Component Browser]
    ./.gemini/antigravity/scratch/teacher-tracking/node_modules/lucide-react/dist/esm/lucide-react.mjs [Client Component Browser]
    ./.gemini/antigravity/scratch/teacher-tracking/src/components/pages/DailyTasksPage.tsx [Client Component Browser]
    ./.gemini/antigravity/scratch/teacher-tracking/src/components/AppShell.tsx [Client Component Browser]
    ./.gemini/antigravity/scratch/teacher-tracking/src/app/page.tsx [Client Component Browser]
    ./.gemini/antigravity/scratch/teacher-tracking/src/app/page.tsx [Server Component]

  Client Component SSR:
    ./.gemini/antigravity/scratch/teacher-tracking/node_modules/lucide-react/dist/esm/icons/index.mjs [Client Component SSR]
    ./.gemini/antigravity/scratch/teacher-tracking/node_modules/lucide-react/dist/esm/lucide-react.mjs [Client Component SSR]
    ./.gemini/antigravity/scratch/teacher-tracking/src/components/pages/DailyTasksPage.tsx [Client Component SSR]
    ./.gemini/antigravity/scratch/teacher-tracking/src/components/AppShell.tsx [Client Component SSR]
    ./.gemini/antigravity/scratch/teacher-tracking/src/app/page.tsx [Client Component SSR]
    ./.gemini/antigravity/scratch/teacher-tracking/src/app/page.tsx [Server Component]

https://nextjs.org/docs/messages/module-not-found


./.gemini/antigravity/scratch/teacher-tracking/node_modules/lucide-react/dist/esm/icons/index.mjs:1254:1
Module not found: Can't resolve './route.mjs'
  [90m1252 |[0m [36mexport[0m { [36mdefault[0m [36mas[0m [33mRotateCw[0m } [36mfrom[0m [32m'./rotate-cw.mjs'[0m;
  [90m1253 |[0m [36mexport[0m { [36mdefault[0m [36mas[0m [33mRouteOff[0m } [36mfrom[0m [32m'./route-off.mjs'[0m;
[31m[1m>[0m [90m1254 |[0m [36mexport[0m { [36mdefault[0m [36mas[0m [33mRoute[0m } [36mfrom[0m [32m'./route.mjs'[0m;
  [90m     |[0m [31m[1m^^^^^^^^^^^^^^^^^^^^^^^^^^^^^^^^^^^^^^^^^^^^^^^[0m
  [90m1255 |[0m [36mexport[0m { [36mdefault[0m [36mas[0m [33mRouter[0m } [36mfrom[0m [32m'./router.mjs'[0m;
  [90m1256 |[0m [36mexport[0m { [36mdefault[0m [36mas[0m [33mRows2[0m } [36mfrom[0m [32m'./rows-2.mjs'[0m;
  [90m1257 |[0m [36mexport[0m { [36mdefault[0m [36mas[0m [33mRows3[0m } [36mfrom[0m [32m'./rows-3.mjs'[0m;



Import traces:
  Client Component Browser:
    ./.gemini/antigravity/scratch/teacher-tracking/node_modules/lucide-react/dist/esm/icons/index.mjs [Client Component Browser]
    ./.gemini/antigravity/scratch/teacher-tracking/node_modules/lucide-react/dist/esm/lucide-react.mjs [Client Component Browser]
    ./.gemini/antigravity/scratch/teacher-tracking/src/components/pages/DailyTasksPage.tsx [Client Component Browser]
    ./.gemini/antigravity/scratch/teacher-tracking/src/components/AppShell.tsx [Client Component Browser]
    ./.gemini/antigravity/scratch/teacher-tracking/src/app/page.tsx [Client Component Browser]
    ./.gemini/antigravity/scratch/teacher-tracking/src/app/page.tsx [Server Component]

  Client Component SSR:
    ./.gemini/antigravity/scratch/teacher-tracking/node_modules/lucide-react/dist/esm/icons/index.mjs [Client Component SSR]
    ./.gemini/antigravity/scratch/teacher-tracking/node_modules/lucide-react/dist/esm/lucide-react.mjs [Client Component SSR]
    ./.gemini/antigravity/scratch/teacher-tracking/src/components/pages/DailyTasksPage.tsx [Client Component SSR]
    ./.gemini/antigravity/scratch/teacher-tracking/src/components/AppShell.tsx [Client Component SSR]
    ./.gemini/antigravity/scratch/teacher-tracking/src/app/page.tsx [Client Component SSR]
    ./.gemini/antigravity/scratch/teacher-tracking/src/app/page.tsx [Server Component]

https://nextjs.org/docs/messages/module-not-found


./.gemini/antigravity/scratch/teacher-tracking/node_modules/lucide-react/dist/esm/icons/index.mjs:1255:1
Module not found: Can't resolve './router.mjs'
  [90m1253 |[0m [36mexport[0m { [36mdefault[0m [36mas[0m [33mRouteOff[0m } [36mfrom[0m [32m'./route-off.mjs'[0m;
  [90m1254 |[0m [36mexport[0m { [36mdefault[0m [36mas[0m [33mRoute[0m } [36mfrom[0m [32m'./route.mjs'[0m;
[31m[1m>[0m [90m1255 |[0m [36mexport[0m { [36mdefault[0m [36mas[0m [33mRouter[0m } [36mfrom[0m [32m'./router.mjs'[0m;
  [90m     |[0m [31m[1m^^^^^^^^^^^^^^^^^^^^^^^^^^^^^^^^^^^^^^^^^^^^^^^^^[0m
  [90m1256 |[0m [36mexport[0m { [36mdefault[0m [36mas[0m [33mRows2[0m } [36mfrom[0m [32m'./rows-2.mjs'[0m;
  [90m1257 |[0m [36mexport[0m { [36mdefault[0m [36mas[0m [33mRows3[0m } [36mfrom[0m [32m'./rows-3.mjs'[0m;
  [90m1258 |[0m [36mexport[0m { [36mdefault[0m [36mas[0m [33mRows4[0m } [36mfrom[0m [32m'./rows-4.mjs'[0m;



Import traces:
  Client Component Browser:
    ./.gemini/antigravity/scratch/teacher-tracking/node_modules/lucide-react/dist/esm/icons/index.mjs [Client Component Browser]
    ./.gemini/antigravity/scratch/teacher-tracking/node_modules/lucide-react/dist/esm/lucide-react.mjs [Client Component Browser]
    ./.gemini/antigravity/scratch/teacher-tracking/src/components/pages/DailyTasksPage.tsx [Client Component Browser]
    ./.gemini/antigravity/scratch/teacher-tracking/src/components/AppShell.tsx [Client Component Browser]
    ./.gemini/antigravity/scratch/teacher-tracking/src/app/page.tsx [Client Component Browser]
    ./.gemini/antigravity/scratch/teacher-tracking/src/app/page.tsx [Server Component]

  Client Component SSR:
    ./.gemini/antigravity/scratch/teacher-tracking/node_modules/lucide-react/dist/esm/icons/index.mjs [Client Component SSR]
    ./.gemini/antigravity/scratch/teacher-tracking/node_modules/lucide-react/dist/esm/lucide-react.mjs [Client Component SSR]
    ./.gemini/antigravity/scratch/teacher-tracking/src/components/pages/DailyTasksPage.tsx [Client Component SSR]
    ./.gemini/antigravity/scratch/teacher-tracking/src/components/AppShell.tsx [Client Component SSR]
    ./.gemini/antigravity/scratch/teacher-tracking/src/app/page.tsx [Client Component SSR]
    ./.gemini/antigravity/scratch/teacher-tracking/src/app/page.tsx [Server Component]

https://nextjs.org/docs/messages/module-not-found


./.gemini/antigravity/scratch/teacher-tracking/node_modules/lucide-react/dist/esm/icons/index.mjs:1256:1
Module not found: Can't resolve './rows-2.mjs'
  [90m1254 |[0m [36mexport[0m { [36mdefault[0m [36mas[0m [33mRoute[0m } [36mfrom[0m [32m'./route.mjs'[0m;
  [90m1255 |[0m [36mexport[0m { [36mdefault[0m [36mas[0m [33mRouter[0m } [36mfrom[0m [32m'./router.mjs'[0m;
[31m[1m>[0m [90m1256 |[0m [36mexport[0m { [36mdefault[0m [36mas[0m [33mRows2[0m } [36mfrom[0m [32m'./rows-2.mjs'[0m;
  [90m     |[0m [31m[1m^^^^^^^^^^^^^^^^^^^^^^^^^^^^^^^^^^^^^^^^^^^^^^^^[0m
  [90m1257 |[0m [36mexport[0m { [36mdefault[0m [36mas[0m [33mRows3[0m } [36mfrom[0m [32m'./rows-3.mjs'[0m;
  [90m1258 |[0m [36mexport[0m { [36mdefault[0m [36mas[0m [33mRows4[0m } [36mfrom[0m [32m'./rows-4.mjs'[0m;
  [90m1259 |[0m [36mexport[0m { [36mdefault[0m [36mas[0m [33mRss[0m } [36mfrom[0m [32m'./rss.mjs'[0m;



Import traces:
  Client Component Browser:
    ./.gemini/antigravity/scratch/teacher-tracking/node_modules/lucide-react/dist/esm/icons/index.mjs [Client Component Browser]
    ./.gemini/antigravity/scratch/teacher-tracking/node_modules/lucide-react/dist/esm/lucide-react.mjs [Client Component Browser]
    ./.gemini/antigravity/scratch/teacher-tracking/src/components/pages/DailyTasksPage.tsx [Client Component Browser]
    ./.gemini/antigravity/scratch/teacher-tracking/src/components/AppShell.tsx [Client Component Browser]
    ./.gemini/antigravity/scratch/teacher-tracking/src/app/page.tsx [Client Component Browser]
    ./.gemini/antigravity/scratch/teacher-tracking/src/app/page.tsx [Server Component]

  Client Component SSR:
    ./.gemini/antigravity/scratch/teacher-tracking/node_modules/lucide-react/dist/esm/icons/index.mjs [Client Component SSR]
    ./.gemini/antigravity/scratch/teacher-tracking/node_modules/lucide-react/dist/esm/lucide-react.mjs [Client Component SSR]
    ./.gemini/antigravity/scratch/teacher-tracking/src/components/pages/DailyTasksPage.tsx [Client Component SSR]
    ./.gemini/antigravity/scratch/teacher-tracking/src/components/AppShell.tsx [Client Component SSR]
    ./.gemini/antigravity/scratch/teacher-tracking/src/app/page.tsx [Client Component SSR]
    ./.gemini/antigravity/scratch/teacher-tracking/src/app/page.tsx [Server Component]

https://nextjs.org/docs/messages/module-not-found


./.gemini/antigravity/scratch/teacher-tracking/node_modules/lucide-react/dist/esm/icons/index.mjs:1257:1
Module not found: Can't resolve './rows-3.mjs'
  [90m1255 |[0m [36mexport[0m { [36mdefault[0m [36mas[0m [33mRouter[0m } [36mfrom[0m [32m'./router.mjs'[0m;
  [90m1256 |[0m [36mexport[0m { [36mdefault[0m [36mas[0m [33mRows2[0m } [36mfrom[0m [32m'./rows-2.mjs'[0m;
[31m[1m>[0m [90m1257 |[0m [36mexport[0m { [36mdefault[0m [36mas[0m [33mRows3[0m } [36mfrom[0m [32m'./rows-3.mjs'[0m;
  [90m     |[0m [31m[1m^^^^^^^^^^^^^^^^^^^^^^^^^^^^^^^^^^^^^^^^^^^^^^^^[0m
  [90m1258 |[0m [36mexport[0m { [36mdefault[0m [36mas[0m [33mRows4[0m } [36mfrom[0m [32m'./rows-4.mjs'[0m;
  [90m1259 |[0m [36mexport[0m { [36mdefault[0m [36mas[0m [33mRss[0m } [36mfrom[0m [32m'./rss.mjs'[0m;
  [90m1260 |[0m [36mexport[0m { [36mdefault[0m [36mas[0m [33mRulerDimensionLine[0m } [36mfrom[0m [32m'./ruler-dimension-lin...[0m



Import traces:
  Client Component Browser:
    ./.gemini/antigravity/scratch/teacher-tracking/node_modules/lucide-react/dist/esm/icons/index.mjs [Client Component Browser]
    ./.gemini/antigravity/scratch/teacher-tracking/node_modules/lucide-react/dist/esm/lucide-react.mjs [Client Component Browser]
    ./.gemini/antigravity/scratch/teacher-tracking/src/components/pages/DailyTasksPage.tsx [Client Component Browser]
    ./.gemini/antigravity/scratch/teacher-tracking/src/components/AppShell.tsx [Client Component Browser]
    ./.gemini/antigravity/scratch/teacher-tracking/src/app/page.tsx [Client Component Browser]
    ./.gemini/antigravity/scratch/teacher-tracking/src/app/page.tsx [Server Component]

  Client Component SSR:
    ./.gemini/antigravity/scratch/teacher-tracking/node_modules/lucide-react/dist/esm/icons/index.mjs [Client Component SSR]
    ./.gemini/antigravity/scratch/teacher-tracking/node_modules/lucide-react/dist/esm/lucide-react.mjs [Client Component SSR]
    ./.gemini/antigravity/scratch/teacher-tracking/src/components/pages/DailyTasksPage.tsx [Client Component SSR]
    ./.gemini/antigravity/scratch/teacher-tracking/src/components/AppShell.tsx [Client Component SSR]
    ./.gemini/antigravity/scratch/teacher-tracking/src/app/page.tsx [Client Component SSR]
    ./.gemini/antigravity/scratch/teacher-tracking/src/app/page.tsx [Server Component]

https://nextjs.org/docs/messages/module-not-found


./.gemini/antigravity/scratch/teacher-tracking/node_modules/lucide-react/dist/esm/icons/index.mjs:1258:1
Module not found: Can't resolve './rows-4.mjs'
  [90m1256 |[0m [36mexport[0m { [36mdefault[0m [36mas[0m [33mRows2[0m } [36mfrom[0m [32m'./rows-2.mjs'[0m;
  [90m1257 |[0m [36mexport[0m { [36mdefault[0m [36mas[0m [33mRows3[0m } [36mfrom[0m [32m'./rows-3.mjs'[0m;
[31m[1m>[0m [90m1258 |[0m [36mexport[0m { [36mdefault[0m [36mas[0m [33mRows4[0m } [36mfrom[0m [32m'./rows-4.mjs'[0m;
  [90m     |[0m [31m[1m^^^^^^^^^^^^^^^^^^^^^^^^^^^^^^^^^^^^^^^^^^^^^^^^[0m
  [90m1259 |[0m [36mexport[0m { [36mdefault[0m [36mas[0m [33mRss[0m } [36mfrom[0m [32m'./rss.mjs'[0m;
  [90m1260 |[0m [36mexport[0m { [36mdefault[0m [36mas[0m [33mRulerDimensionLine[0m } [36mfrom[0m [32m'./ruler-dimension-lin...[0m
  [90m1261 |[0m [36mexport[0m { [36mdefault[0m [36mas[0m [33mRuler[0m } [36mfrom[0m [32m'./ruler.mjs'[0m;



Import traces:
  Client Component Browser:
    ./.gemini/antigravity/scratch/teacher-tracking/node_modules/lucide-react/dist/esm/icons/index.mjs [Client Component Browser]
    ./.gemini/antigravity/scratch/teacher-tracking/node_modules/lucide-react/dist/esm/lucide-react.mjs [Client Component Browser]
    ./.gemini/antigravity/scratch/teacher-tracking/src/components/pages/DailyTasksPage.tsx [Client Component Browser]
    ./.gemini/antigravity/scratch/teacher-tracking/src/components/AppShell.tsx [Client Component Browser]
    ./.gemini/antigravity/scratch/teacher-tracking/src/app/page.tsx [Client Component Browser]
    ./.gemini/antigravity/scratch/teacher-tracking/src/app/page.tsx [Server Component]

  Client Component SSR:
    ./.gemini/antigravity/scratch/teacher-tracking/node_modules/lucide-react/dist/esm/icons/index.mjs [Client Component SSR]
    ./.gemini/antigravity/scratch/teacher-tracking/node_modules/lucide-react/dist/esm/lucide-react.mjs [Client Component SSR]
    ./.gemini/antigravity/scratch/teacher-tracking/src/components/pages/DailyTasksPage.tsx [Client Component SSR]
    ./.gemini/antigravity/scratch/teacher-tracking/src/components/AppShell.tsx [Client Component SSR]
    ./.gemini/antigravity/scratch/teacher-tracking/src/app/page.tsx [Client Component SSR]
    ./.gemini/antigravity/scratch/teacher-tracking/src/app/page.tsx [Server Component]

https://nextjs.org/docs/messages/module-not-found


./.gemini/antigravity/scratch/teacher-tracking/node_modules/lucide-react/dist/esm/icons/index.mjs:1259:1
Module not found: Can't resolve './rss.mjs'
  [90m1257 |[0m [36mexport[0m { [36mdefault[0m [36mas[0m [33mRows3[0m } [36mfrom[0m [32m'./rows-3.mjs'[0m;
  [90m1258 |[0m [36mexport[0m { [36mdefault[0m [36mas[0m [33mRows4[0m } [36mfrom[0m [32m'./rows-4.mjs'[0m;
[31m[1m>[0m [90m1259 |[0m [36mexport[0m { [36mdefault[0m [36mas[0m [33mRss[0m } [36mfrom[0m [32m'./rss.mjs'[0m;
  [90m     |[0m [31m[1m^^^^^^^^^^^^^^^^^^^^^^^^^^^^^^^^^^^^^^^^^^^[0m
  [90m1260 |[0m [36mexport[0m { [36mdefault[0m [36mas[0m [33mRulerDimensionLine[0m } [36mfrom[0m [32m'./ruler-dimension-lin...[0m
  [90m1261 |[0m [36mexport[0m { [36mdefault[0m [36mas[0m [33mRuler[0m } [36mfrom[0m [32m'./ruler.mjs'[0m;
  [90m1262 |[0m [36mexport[0m { [36mdefault[0m [36mas[0m [33mRussianRuble[0m } [36mfrom[0m [32m'./russian-ruble.mjs'[0m;



Import traces:
  Client Component Browser:
    ./.gemini/antigravity/scratch/teacher-tracking/node_modules/lucide-react/dist/esm/icons/index.mjs [Client Component Browser]
    ./.gemini/antigravity/scratch/teacher-tracking/node_modules/lucide-react/dist/esm/lucide-react.mjs [Client Component Browser]
    ./.gemini/antigravity/scratch/teacher-tracking/src/components/pages/DailyTasksPage.tsx [Client Component Browser]
    ./.gemini/antigravity/scratch/teacher-tracking/src/components/AppShell.tsx [Client Component Browser]
    ./.gemini/antigravity/scratch/teacher-tracking/src/app/page.tsx [Client Component Browser]
    ./.gemini/antigravity/scratch/teacher-tracking/src/app/page.tsx [Server Component]

  Client Component SSR:
    ./.gemini/antigravity/scratch/teacher-tracking/node_modules/lucide-react/dist/esm/icons/index.mjs [Client Component SSR]
    ./.gemini/antigravity/scratch/teacher-tracking/node_modules/lucide-react/dist/esm/lucide-react.mjs [Client Component SSR]
    ./.gemini/antigravity/scratch/teacher-tracking/src/components/pages/DailyTasksPage.tsx [Client Component SSR]
    ./.gemini/antigravity/scratch/teacher-tracking/src/components/AppShell.tsx [Client Component SSR]
    ./.gemini/antigravity/scratch/teacher-tracking/src/app/page.tsx [Client Component SSR]
    ./.gemini/antigravity/scratch/teacher-tracking/src/app/page.tsx [Server Component]

https://nextjs.org/docs/messages/module-not-found


./.gemini/antigravity/scratch/teacher-tracking/node_modules/lucide-react/dist/esm/icons/index.mjs:1260:1
Module not found: Can't resolve './ruler-dimension-line.mjs'
  [90m1258 |[0m ...[36mt[0m { [36mdefault[0m [36mas[0m [33mRows4[0m } [36mfrom[0m [32m'./rows-4.mjs'[0m;
  [90m1259 |[0m ...[36mt[0m { [36mdefault[0m [36mas[0m [33mRss[0m } [36mfrom[0m [32m'./rss.mjs'[0m;
[31m[1m>[0m [90m1260 |[0m ...[36mt[0m { [36mdefault[0m [36mas[0m [33mRulerDimensionLine[0m } [36mfrom[0m [32m'./ruler-dimension-line....[0m
  [90m     |[0m    [31m[1m^^^^^^^^^^^^^^^^^^^^^^^^^^^^^^^^^^^^^^^^^^^^^^^^^^^^^^^^^^^^^^^^^^^^[0m
  [90m1261 |[0m ...[36mt[0m { [36mdefault[0m [36mas[0m [33mRuler[0m } [36mfrom[0m [32m'./ruler.mjs'[0m;
  [90m1262 |[0m ...[36mt[0m { [36mdefault[0m [36mas[0m [33mRussianRuble[0m } [36mfrom[0m [32m'./russian-ruble.mjs'[0m;
  [90m1263 |[0m ...[36mt[0m { [36mdefault[0m [36mas[0m [33mSailboat[0m } [36mfrom[0m [32m'./sailboat.mjs'[0m;



Import traces:
  Client Component Browser:
    ./.gemini/antigravity/scratch/teacher-tracking/node_modules/lucide-react/dist/esm/icons/index.mjs [Client Component Browser]
    ./.gemini/antigravity/scratch/teacher-tracking/node_modules/lucide-react/dist/esm/lucide-react.mjs [Client Component Browser]
    ./.gemini/antigravity/scratch/teacher-tracking/src/components/pages/DailyTasksPage.tsx [Client Component Browser]
    ./.gemini/antigravity/scratch/teacher-tracking/src/components/AppShell.tsx [Client Component Browser]
    ./.gemini/antigravity/scratch/teacher-tracking/src/app/page.tsx [Client Component Browser]
    ./.gemini/antigravity/scratch/teacher-tracking/src/app/page.tsx [Server Component]

  Client Component SSR:
    ./.gemini/antigravity/scratch/teacher-tracking/node_modules/lucide-react/dist/esm/icons/index.mjs [Client Component SSR]
    ./.gemini/antigravity/scratch/teacher-tracking/node_modules/lucide-react/dist/esm/lucide-react.mjs [Client Component SSR]
    ./.gemini/antigravity/scratch/teacher-tracking/src/components/pages/DailyTasksPage.tsx [Client Component SSR]
    ./.gemini/antigravity/scratch/teacher-tracking/src/components/AppShell.tsx [Client Component SSR]
    ./.gemini/antigravity/scratch/teacher-tracking/src/app/page.tsx [Client Component SSR]
    ./.gemini/antigravity/scratch/teacher-tracking/src/app/page.tsx [Server Component]

https://nextjs.org/docs/messages/module-not-found


./.gemini/antigravity/scratch/teacher-tracking/node_modules/lucide-react/dist/esm/icons/index.mjs:1261:1
Module not found: Can't resolve './ruler.mjs'
  [90m1259 |[0m [36mexport[0m { [36mdefault[0m [36mas[0m [33mRss[0m } [36mfrom[0m [32m'./rss.mjs'[0m;
  [90m1260 |[0m [36mexport[0m { [36mdefault[0m [36mas[0m [33mRulerDimensionLine[0m } [36mfrom[0m [32m'./ruler-dimension-lin...[0m
[31m[1m>[0m [90m1261 |[0m [36mexport[0m { [36mdefault[0m [36mas[0m [33mRuler[0m } [36mfrom[0m [32m'./ruler.mjs'[0m;
  [90m     |[0m [31m[1m^^^^^^^^^^^^^^^^^^^^^^^^^^^^^^^^^^^^^^^^^^^^^^^[0m
  [90m1262 |[0m [36mexport[0m { [36mdefault[0m [36mas[0m [33mRussianRuble[0m } [36mfrom[0m [32m'./russian-ruble.mjs'[0m;
  [90m1263 |[0m [36mexport[0m { [36mdefault[0m [36mas[0m [33mSailboat[0m } [36mfrom[0m [32m'./sailboat.mjs'[0m;
  [90m1264 |[0m [36mexport[0m { [36mdefault[0m [36mas[0m [33mSandwich[0m } [36mfrom[0m [32m'./sandwich.mjs'[0m;



Import traces:
  Client Component Browser:
    ./.gemini/antigravity/scratch/teacher-tracking/node_modules/lucide-react/dist/esm/icons/index.mjs [Client Component Browser]
    ./.gemini/antigravity/scratch/teacher-tracking/node_modules/lucide-react/dist/esm/lucide-react.mjs [Client Component Browser]
    ./.gemini/antigravity/scratch/teacher-tracking/src/components/pages/DailyTasksPage.tsx [Client Component Browser]
    ./.gemini/antigravity/scratch/teacher-tracking/src/components/AppShell.tsx [Client Component Browser]
    ./.gemini/antigravity/scratch/teacher-tracking/src/app/page.tsx [Client Component Browser]
    ./.gemini/antigravity/scratch/teacher-tracking/src/app/page.tsx [Server Component]

  Client Component SSR:
    ./.gemini/antigravity/scratch/teacher-tracking/node_modules/lucide-react/dist/esm/icons/index.mjs [Client Component SSR]
    ./.gemini/antigravity/scratch/teacher-tracking/node_modules/lucide-react/dist/esm/lucide-react.mjs [Client Component SSR]
    ./.gemini/antigravity/scratch/teacher-tracking/src/components/pages/DailyTasksPage.tsx [Client Component SSR]
    ./.gemini/antigravity/scratch/teacher-tracking/src/components/AppShell.tsx [Client Component SSR]
    ./.gemini/antigravity/scratch/teacher-tracking/src/app/page.tsx [Client Component SSR]
    ./.gemini/antigravity/scratch/teacher-tracking/src/app/page.tsx [Server Component]

https://nextjs.org/docs/messages/module-not-found


./.gemini/antigravity/scratch/teacher-tracking/node_modules/lucide-react/dist/esm/icons/index.mjs:1262:1
Module not found: Can't resolve './russian-ruble.mjs'
  [90m1260 |[0m [36mexport[0m { [36mdefault[0m [36mas[0m [33mRulerDimensionLine[0m } [36mfrom[0m [32m'./ruler-dimension-lin...[0m
  [90m1261 |[0m [36mexport[0m { [36mdefault[0m [36mas[0m [33mRuler[0m } [36mfrom[0m [32m'./ruler.mjs'[0m;
[31m[1m>[0m [90m1262 |[0m [36mexport[0m { [36mdefault[0m [36mas[0m [33mRussianRuble[0m } [36mfrom[0m [32m'./russian-ruble.mjs'[0m;
  [90m     |[0m [31m[1m^^^^^^^^^^^^^^^^^^^^^^^^^^^^^^^^^^^^^^^^^^^^^^^^^^^^^^^^^^^^^^[0m
  [90m1263 |[0m [36mexport[0m { [36mdefault[0m [36mas[0m [33mSailboat[0m } [36mfrom[0m [32m'./sailboat.mjs'[0m;
  [90m1264 |[0m [36mexport[0m { [36mdefault[0m [36mas[0m [33mSandwich[0m } [36mfrom[0m [32m'./sandwich.mjs'[0m;
  [90m1265 |[0m [36mexport[0m { [36mdefault[0m [36mas[0m [33mSatelliteDish[0m } [36mfrom[0m [32m'./satellite-dish.mjs'[0m;



Import traces:
  Client Component Browser:
    ./.gemini/antigravity/scratch/teacher-tracking/node_modules/lucide-react/dist/esm/icons/index.mjs [Client Component Browser]
    ./.gemini/antigravity/scratch/teacher-tracking/node_modules/lucide-react/dist/esm/lucide-react.mjs [Client Component Browser]
    ./.gemini/antigravity/scratch/teacher-tracking/src/components/pages/DailyTasksPage.tsx [Client Component Browser]
    ./.gemini/antigravity/scratch/teacher-tracking/src/components/AppShell.tsx [Client Component Browser]
    ./.gemini/antigravity/scratch/teacher-tracking/src/app/page.tsx [Client Component Browser]
    ./.gemini/antigravity/scratch/teacher-tracking/src/app/page.tsx [Server Component]

  Client Component SSR:
    ./.gemini/antigravity/scratch/teacher-tracking/node_modules/lucide-react/dist/esm/icons/index.mjs [Client Component SSR]
    ./.gemini/antigravity/scratch/teacher-tracking/node_modules/lucide-react/dist/esm/lucide-react.mjs [Client Component SSR]
    ./.gemini/antigravity/scratch/teacher-tracking/src/components/pages/DailyTasksPage.tsx [Client Component SSR]
    ./.gemini/antigravity/scratch/teacher-tracking/src/components/AppShell.tsx [Client Component SSR]
    ./.gemini/antigravity/scratch/teacher-tracking/src/app/page.tsx [Client Component SSR]
    ./.gemini/antigravity/scratch/teacher-tracking/src/app/page.tsx [Server Component]

https://nextjs.org/docs/messages/module-not-found


./.gemini/antigravity/scratch/teacher-tracking/node_modules/lucide-react/dist/esm/icons/index.mjs:1263:1
Module not found: Can't resolve './sailboat.mjs'
  [90m1261 |[0m [36mexport[0m { [36mdefault[0m [36mas[0m [33mRuler[0m } [36mfrom[0m [32m'./ruler.mjs'[0m;
  [90m1262 |[0m [36mexport[0m { [36mdefault[0m [36mas[0m [33mRussianRuble[0m } [36mfrom[0m [32m'./russian-ruble.mjs'[0m;
[31m[1m>[0m [90m1263 |[0m [36mexport[0m { [36mdefault[0m [36mas[0m [33mSailboat[0m } [36mfrom[0m [32m'./sailboat.mjs'[0m;
  [90m     |[0m [31m[1m^^^^^^^^^^^^^^^^^^^^^^^^^^^^^^^^^^^^^^^^^^^^^^^^^^^^^[0m
  [90m1264 |[0m [36mexport[0m { [36mdefault[0m [36mas[0m [33mSandwich[0m } [36mfrom[0m [32m'./sandwich.mjs'[0m;
  [90m1265 |[0m [36mexport[0m { [36mdefault[0m [36mas[0m [33mSatelliteDish[0m } [36mfrom[0m [32m'./satellite-dish.mjs'[0m;
  [90m1266 |[0m [36mexport[0m { [36mdefault[0m [36mas[0m [33mSalad[0m } [36mfrom[0m [32m'./salad.mjs'[0m;



Import traces:
  Client Component Browser:
    ./.gemini/antigravity/scratch/teacher-tracking/node_modules/lucide-react/dist/esm/icons/index.mjs [Client Component Browser]
    ./.gemini/antigravity/scratch/teacher-tracking/node_modules/lucide-react/dist/esm/lucide-react.mjs [Client Component Browser]
    ./.gemini/antigravity/scratch/teacher-tracking/src/components/pages/DailyTasksPage.tsx [Client Component Browser]
    ./.gemini/antigravity/scratch/teacher-tracking/src/components/AppShell.tsx [Client Component Browser]
    ./.gemini/antigravity/scratch/teacher-tracking/src/app/page.tsx [Client Component Browser]
    ./.gemini/antigravity/scratch/teacher-tracking/src/app/page.tsx [Server Component]

  Client Component SSR:
    ./.gemini/antigravity/scratch/teacher-tracking/node_modules/lucide-react/dist/esm/icons/index.mjs [Client Component SSR]
    ./.gemini/antigravity/scratch/teacher-tracking/node_modules/lucide-react/dist/esm/lucide-react.mjs [Client Component SSR]
    ./.gemini/antigravity/scratch/teacher-tracking/src/components/pages/DailyTasksPage.tsx [Client Component SSR]
    ./.gemini/antigravity/scratch/teacher-tracking/src/components/AppShell.tsx [Client Component SSR]
    ./.gemini/antigravity/scratch/teacher-tracking/src/app/page.tsx [Client Component SSR]
    ./.gemini/antigravity/scratch/teacher-tracking/src/app/page.tsx [Server Component]

https://nextjs.org/docs/messages/module-not-found


./.gemini/antigravity/scratch/teacher-tracking/node_modules/lucide-react/dist/esm/icons/index.mjs:1266:1
Module not found: Can't resolve './salad.mjs'
  [90m1264 |[0m [36mexport[0m { [36mdefault[0m [36mas[0m [33mSandwich[0m } [36mfrom[0m [32m'./sandwich.mjs'[0m;
  [90m1265 |[0m [36mexport[0m { [36mdefault[0m [36mas[0m [33mSatelliteDish[0m } [36mfrom[0m [32m'./satellite-dish.mjs'[0m;
[31m[1m>[0m [90m1266 |[0m [36mexport[0m { [36mdefault[0m [36mas[0m [33mSalad[0m } [36mfrom[0m [32m'./salad.mjs'[0m;
  [90m     |[0m [31m[1m^^^^^^^^^^^^^^^^^^^^^^^^^^^^^^^^^^^^^^^^^^^^^^^[0m
  [90m1267 |[0m [36mexport[0m { [36mdefault[0m [36mas[0m [33mSatellite[0m } [36mfrom[0m [32m'./satellite.mjs'[0m;
  [90m1268 |[0m [36mexport[0m { [36mdefault[0m [36mas[0m [33mSaudiRiyal[0m } [36mfrom[0m [32m'./saudi-riyal.mjs'[0m;
  [90m1269 |[0m [36mexport[0m { [36mdefault[0m [36mas[0m [33mSaveAll[0m } [36mfrom[0m [32m'./save-all.mjs'[0m;



Import traces:
  Client Component Browser:
    ./.gemini/antigravity/scratch/teacher-tracking/node_modules/lucide-react/dist/esm/icons/index.mjs [Client Component Browser]
    ./.gemini/antigravity/scratch/teacher-tracking/node_modules/lucide-react/dist/esm/lucide-react.mjs [Client Component Browser]
    ./.gemini/antigravity/scratch/teacher-tracking/src/components/pages/DailyTasksPage.tsx [Client Component Browser]
    ./.gemini/antigravity/scratch/teacher-tracking/src/components/AppShell.tsx [Client Component Browser]
    ./.gemini/antigravity/scratch/teacher-tracking/src/app/page.tsx [Client Component Browser]
    ./.gemini/antigravity/scratch/teacher-tracking/src/app/page.tsx [Server Component]

  Client Component SSR:
    ./.gemini/antigravity/scratch/teacher-tracking/node_modules/lucide-react/dist/esm/icons/index.mjs [Client Component SSR]
    ./.gemini/antigravity/scratch/teacher-tracking/node_modules/lucide-react/dist/esm/lucide-react.mjs [Client Component SSR]
    ./.gemini/antigravity/scratch/teacher-tracking/src/components/pages/DailyTasksPage.tsx [Client Component SSR]
    ./.gemini/antigravity/scratch/teacher-tracking/src/components/AppShell.tsx [Client Component SSR]
    ./.gemini/antigravity/scratch/teacher-tracking/src/app/page.tsx [Client Component SSR]
    ./.gemini/antigravity/scratch/teacher-tracking/src/app/page.tsx [Server Component]

https://nextjs.org/docs/messages/module-not-found


./.gemini/antigravity/scratch/teacher-tracking/node_modules/lucide-react/dist/esm/icons/index.mjs:1264:1
Module not found: Can't resolve './sandwich.mjs'
  [90m1262 |[0m [36mexport[0m { [36mdefault[0m [36mas[0m [33mRussianRuble[0m } [36mfrom[0m [32m'./russian-ruble.mjs'[0m;
  [90m1263 |[0m [36mexport[0m { [36mdefault[0m [36mas[0m [33mSailboat[0m } [36mfrom[0m [32m'./sailboat.mjs'[0m;
[31m[1m>[0m [90m1264 |[0m [36mexport[0m { [36mdefault[0m [36mas[0m [33mSandwich[0m } [36mfrom[0m [32m'./sandwich.mjs'[0m;
  [90m     |[0m [31m[1m^^^^^^^^^^^^^^^^^^^^^^^^^^^^^^^^^^^^^^^^^^^^^^^^^^^^^[0m
  [90m1265 |[0m [36mexport[0m { [36mdefault[0m [36mas[0m [33mSatelliteDish[0m } [36mfrom[0m [32m'./satellite-dish.mjs'[0m;
  [90m1266 |[0m [36mexport[0m { [36mdefault[0m [36mas[0m [33mSalad[0m } [36mfrom[0m [32m'./salad.mjs'[0m;
  [90m1267 |[0m [36mexport[0m { [36mdefault[0m [36mas[0m [33mSatellite[0m } [36mfrom[0m [32m'./satellite.mjs'[0m;



Import traces:
  Client Component Browser:
    ./.gemini/antigravity/scratch/teacher-tracking/node_modules/lucide-react/dist/esm/icons/index.mjs [Client Component Browser]
    ./.gemini/antigravity/scratch/teacher-tracking/node_modules/lucide-react/dist/esm/lucide-react.mjs [Client Component Browser]
    ./.gemini/antigravity/scratch/teacher-tracking/src/components/pages/DailyTasksPage.tsx [Client Component Browser]
    ./.gemini/antigravity/scratch/teacher-tracking/src/components/AppShell.tsx [Client Component Browser]
    ./.gemini/antigravity/scratch/teacher-tracking/src/app/page.tsx [Client Component Browser]
    ./.gemini/antigravity/scratch/teacher-tracking/src/app/page.tsx [Server Component]

  Client Component SSR:
    ./.gemini/antigravity/scratch/teacher-tracking/node_modules/lucide-react/dist/esm/icons/index.mjs [Client Component SSR]
    ./.gemini/antigravity/scratch/teacher-tracking/node_modules/lucide-react/dist/esm/lucide-react.mjs [Client Component SSR]
    ./.gemini/antigravity/scratch/teacher-tracking/src/components/pages/DailyTasksPage.tsx [Client Component SSR]
    ./.gemini/antigravity/scratch/teacher-tracking/src/components/AppShell.tsx [Client Component SSR]
    ./.gemini/antigravity/scratch/teacher-tracking/src/app/page.tsx [Client Component SSR]
    ./.gemini/antigravity/scratch/teacher-tracking/src/app/page.tsx [Server Component]

https://nextjs.org/docs/messages/module-not-found


./.gemini/antigravity/scratch/teacher-tracking/node_modules/lucide-react/dist/esm/icons/index.mjs:1265:1
Module not found: Can't resolve './satellite-dish.mjs'
  [90m1263 |[0m [36mexport[0m { [36mdefault[0m [36mas[0m [33mSailboat[0m } [36mfrom[0m [32m'./sailboat.mjs'[0m;
  [90m1264 |[0m [36mexport[0m { [36mdefault[0m [36mas[0m [33mSandwich[0m } [36mfrom[0m [32m'./sandwich.mjs'[0m;
[31m[1m>[0m [90m1265 |[0m [36mexport[0m { [36mdefault[0m [36mas[0m [33mSatelliteDish[0m } [36mfrom[0m [32m'./satellite-dish.mjs'[0m;
  [90m     |[0m [31m[1m^^^^^^^^^^^^^^^^^^^^^^^^^^^^^^^^^^^^^^^^^^^^^^^^^^^^^^^^^^^^^^^^[0m
  [90m1266 |[0m [36mexport[0m { [36mdefault[0m [36mas[0m [33mSalad[0m } [36mfrom[0m [32m'./salad.mjs'[0m;
  [90m1267 |[0m [36mexport[0m { [36mdefault[0m [36mas[0m [33mSatellite[0m } [36mfrom[0m [32m'./satellite.mjs'[0m;
  [90m1268 |[0m [36mexport[0m { [36mdefault[0m [36mas[0m [33mSaudiRiyal[0m } [36mfrom[0m [32m'./saudi-riyal.mjs'[0m;



Import traces:
  Client Component Browser:
    ./.gemini/antigravity/scratch/teacher-tracking/node_modules/lucide-react/dist/esm/icons/index.mjs [Client Component Browser]
    ./.gemini/antigravity/scratch/teacher-tracking/node_modules/lucide-react/dist/esm/lucide-react.mjs [Client Component Browser]
    ./.gemini/antigravity/scratch/teacher-tracking/src/components/pages/DailyTasksPage.tsx [Client Component Browser]
    ./.gemini/antigravity/scratch/teacher-tracking/src/components/AppShell.tsx [Client Component Browser]
    ./.gemini/antigravity/scratch/teacher-tracking/src/app/page.tsx [Client Component Browser]
    ./.gemini/antigravity/scratch/teacher-tracking/src/app/page.tsx [Server Component]

  Client Component SSR:
    ./.gemini/antigravity/scratch/teacher-tracking/node_modules/lucide-react/dist/esm/icons/index.mjs [Client Component SSR]
    ./.gemini/antigravity/scratch/teacher-tracking/node_modules/lucide-react/dist/esm/lucide-react.mjs [Client Component SSR]
    ./.gemini/antigravity/scratch/teacher-tracking/src/components/pages/DailyTasksPage.tsx [Client Component SSR]
    ./.gemini/antigravity/scratch/teacher-tracking/src/components/AppShell.tsx [Client Component SSR]
    ./.gemini/antigravity/scratch/teacher-tracking/src/app/page.tsx [Client Component SSR]
    ./.gemini/antigravity/scratch/teacher-tracking/src/app/page.tsx [Server Component]

https://nextjs.org/docs/messages/module-not-found


./.gemini/antigravity/scratch/teacher-tracking/node_modules/lucide-react/dist/esm/icons/index.mjs:1267:1
Module not found: Can't resolve './satellite.mjs'
  [90m1265 |[0m [36mexport[0m { [36mdefault[0m [36mas[0m [33mSatelliteDish[0m } [36mfrom[0m [32m'./satellite-dish.mjs'[0m;
  [90m1266 |[0m [36mexport[0m { [36mdefault[0m [36mas[0m [33mSalad[0m } [36mfrom[0m [32m'./salad.mjs'[0m;
[31m[1m>[0m [90m1267 |[0m [36mexport[0m { [36mdefault[0m [36mas[0m [33mSatellite[0m } [36mfrom[0m [32m'./satellite.mjs'[0m;
  [90m     |[0m [31m[1m^^^^^^^^^^^^^^^^^^^^^^^^^^^^^^^^^^^^^^^^^^^^^^^^^^^^^^^[0m
  [90m1268 |[0m [36mexport[0m { [36mdefault[0m [36mas[0m [33mSaudiRiyal[0m } [36mfrom[0m [32m'./saudi-riyal.mjs'[0m;
  [90m1269 |[0m [36mexport[0m { [36mdefault[0m [36mas[0m [33mSaveAll[0m } [36mfrom[0m [32m'./save-all.mjs'[0m;
  [90m1270 |[0m [36mexport[0m { [36mdefault[0m [36mas[0m [33mSaveOff[0m } [36mfrom[0m [32m'./save-off.mjs'[0m;



Import traces:
  Client Component Browser:
    ./.gemini/antigravity/scratch/teacher-tracking/node_modules/lucide-react/dist/esm/icons/index.mjs [Client Component Browser]
    ./.gemini/antigravity/scratch/teacher-tracking/node_modules/lucide-react/dist/esm/lucide-react.mjs [Client Component Browser]
    ./.gemini/antigravity/scratch/teacher-tracking/src/components/pages/DailyTasksPage.tsx [Client Component Browser]
    ./.gemini/antigravity/scratch/teacher-tracking/src/components/AppShell.tsx [Client Component Browser]
    ./.gemini/antigravity/scratch/teacher-tracking/src/app/page.tsx [Client Component Browser]
    ./.gemini/antigravity/scratch/teacher-tracking/src/app/page.tsx [Server Component]

  Client Component SSR:
    ./.gemini/antigravity/scratch/teacher-tracking/node_modules/lucide-react/dist/esm/icons/index.mjs [Client Component SSR]
    ./.gemini/antigravity/scratch/teacher-tracking/node_modules/lucide-react/dist/esm/lucide-react.mjs [Client Component SSR]
    ./.gemini/antigravity/scratch/teacher-tracking/src/components/pages/DailyTasksPage.tsx [Client Component SSR]
    ./.gemini/antigravity/scratch/teacher-tracking/src/components/AppShell.tsx [Client Component SSR]
    ./.gemini/antigravity/scratch/teacher-tracking/src/app/page.tsx [Client Component SSR]
    ./.gemini/antigravity/scratch/teacher-tracking/src/app/page.tsx [Server Component]

https://nextjs.org/docs/messages/module-not-found


./.gemini/antigravity/scratch/teacher-tracking/node_modules/lucide-react/dist/esm/icons/index.mjs:1268:1
Module not found: Can't resolve './saudi-riyal.mjs'
  [90m1266 |[0m [36mexport[0m { [36mdefault[0m [36mas[0m [33mSalad[0m } [36mfrom[0m [32m'./salad.mjs'[0m;
  [90m1267 |[0m [36mexport[0m { [36mdefault[0m [36mas[0m [33mSatellite[0m } [36mfrom[0m [32m'./satellite.mjs'[0m;
[31m[1m>[0m [90m1268 |[0m [36mexport[0m { [36mdefault[0m [36mas[0m [33mSaudiRiyal[0m } [36mfrom[0m [32m'./saudi-riyal.mjs'[0m;
  [90m     |[0m [31m[1m^^^^^^^^^^^^^^^^^^^^^^^^^^^^^^^^^^^^^^^^^^^^^^^^^^^^^^^^^^[0m
  [90m1269 |[0m [36mexport[0m { [36mdefault[0m [36mas[0m [33mSaveAll[0m } [36mfrom[0m [32m'./save-all.mjs'[0m;
  [90m1270 |[0m [36mexport[0m { [36mdefault[0m [36mas[0m [33mSaveOff[0m } [36mfrom[0m [32m'./save-off.mjs'[0m;
  [90m1271 |[0m [36mexport[0m { [36mdefault[0m [36mas[0m [33mSave[0m } [36mfrom[0m [32m'./save.mjs'[0m;



Import traces:
  Client Component Browser:
    ./.gemini/antigravity/scratch/teacher-tracking/node_modules/lucide-react/dist/esm/icons/index.mjs [Client Component Browser]
    ./.gemini/antigravity/scratch/teacher-tracking/node_modules/lucide-react/dist/esm/lucide-react.mjs [Client Component Browser]
    ./.gemini/antigravity/scratch/teacher-tracking/src/components/pages/DailyTasksPage.tsx [Client Component Browser]
    ./.gemini/antigravity/scratch/teacher-tracking/src/components/AppShell.tsx [Client Component Browser]
    ./.gemini/antigravity/scratch/teacher-tracking/src/app/page.tsx [Client Component Browser]
    ./.gemini/antigravity/scratch/teacher-tracking/src/app/page.tsx [Server Component]

  Client Component SSR:
    ./.gemini/antigravity/scratch/teacher-tracking/node_modules/lucide-react/dist/esm/icons/index.mjs [Client Component SSR]
    ./.gemini/antigravity/scratch/teacher-tracking/node_modules/lucide-react/dist/esm/lucide-react.mjs [Client Component SSR]
    ./.gemini/antigravity/scratch/teacher-tracking/src/components/pages/DailyTasksPage.tsx [Client Component SSR]
    ./.gemini/antigravity/scratch/teacher-tracking/src/components/AppShell.tsx [Client Component SSR]
    ./.gemini/antigravity/scratch/teacher-tracking/src/app/page.tsx [Client Component SSR]
    ./.gemini/antigravity/scratch/teacher-tracking/src/app/page.tsx [Server Component]

https://nextjs.org/docs/messages/module-not-found


./.gemini/antigravity/scratch/teacher-tracking/node_modules/lucide-react/dist/esm/icons/index.mjs:1269:1
Module not found: Can't resolve './save-all.mjs'
  [90m1267 |[0m [36mexport[0m { [36mdefault[0m [36mas[0m [33mSatellite[0m } [36mfrom[0m [32m'./satellite.mjs'[0m;
  [90m1268 |[0m [36mexport[0m { [36mdefault[0m [36mas[0m [33mSaudiRiyal[0m } [36mfrom[0m [32m'./saudi-riyal.mjs'[0m;
[31m[1m>[0m [90m1269 |[0m [36mexport[0m { [36mdefault[0m [36mas[0m [33mSaveAll[0m } [36mfrom[0m [32m'./save-all.mjs'[0m;
  [90m     |[0m [31m[1m^^^^^^^^^^^^^^^^^^^^^^^^^^^^^^^^^^^^^^^^^^^^^^^^^^^^[0m
  [90m1270 |[0m [36mexport[0m { [36mdefault[0m [36mas[0m [33mSaveOff[0m } [36mfrom[0m [32m'./save-off.mjs'[0m;
  [90m1271 |[0m [36mexport[0m { [36mdefault[0m [36mas[0m [33mSave[0m } [36mfrom[0m [32m'./save.mjs'[0m;
  [90m1272 |[0m [36mexport[0m { [36mdefault[0m [36mas[0m [33mScale3d[0m } [36mfrom[0m [32m'./scale-3d.mjs'[0m;



Import traces:
  Client Component Browser:
    ./.gemini/antigravity/scratch/teacher-tracking/node_modules/lucide-react/dist/esm/icons/index.mjs [Client Component Browser]
    ./.gemini/antigravity/scratch/teacher-tracking/node_modules/lucide-react/dist/esm/lucide-react.mjs [Client Component Browser]
    ./.gemini/antigravity/scratch/teacher-tracking/src/components/pages/DailyTasksPage.tsx [Client Component Browser]
    ./.gemini/antigravity/scratch/teacher-tracking/src/components/AppShell.tsx [Client Component Browser]
    ./.gemini/antigravity/scratch/teacher-tracking/src/app/page.tsx [Client Component Browser]
    ./.gemini/antigravity/scratch/teacher-tracking/src/app/page.tsx [Server Component]

  Client Component SSR:
    ./.gemini/antigravity/scratch/teacher-tracking/node_modules/lucide-react/dist/esm/icons/index.mjs [Client Component SSR]
    ./.gemini/antigravity/scratch/teacher-tracking/node_modules/lucide-react/dist/esm/lucide-react.mjs [Client Component SSR]
    ./.gemini/antigravity/scratch/teacher-tracking/src/components/pages/DailyTasksPage.tsx [Client Component SSR]
    ./.gemini/antigravity/scratch/teacher-tracking/src/components/AppShell.tsx [Client Component SSR]
    ./.gemini/antigravity/scratch/teacher-tracking/src/app/page.tsx [Client Component SSR]
    ./.gemini/antigravity/scratch/teacher-tracking/src/app/page.tsx [Server Component]

https://nextjs.org/docs/messages/module-not-found


./.gemini/antigravity/scratch/teacher-tracking/node_modules/lucide-react/dist/esm/icons/index.mjs:1270:1
Module not found: Can't resolve './save-off.mjs'
  [90m1268 |[0m [36mexport[0m { [36mdefault[0m [36mas[0m [33mSaudiRiyal[0m } [36mfrom[0m [32m'./saudi-riyal.mjs'[0m;
  [90m1269 |[0m [36mexport[0m { [36mdefault[0m [36mas[0m [33mSaveAll[0m } [36mfrom[0m [32m'./save-all.mjs'[0m;
[31m[1m>[0m [90m1270 |[0m [36mexport[0m { [36mdefault[0m [36mas[0m [33mSaveOff[0m } [36mfrom[0m [32m'./save-off.mjs'[0m;
  [90m     |[0m [31m[1m^^^^^^^^^^^^^^^^^^^^^^^^^^^^^^^^^^^^^^^^^^^^^^^^^^^^[0m
  [90m1271 |[0m [36mexport[0m { [36mdefault[0m [36mas[0m [33mSave[0m } [36mfrom[0m [32m'./save.mjs'[0m;
  [90m1272 |[0m [36mexport[0m { [36mdefault[0m [36mas[0m [33mScale3d[0m } [36mfrom[0m [32m'./scale-3d.mjs'[0m;
  [90m1273 |[0m [36mexport[0m { [36mdefault[0m [36mas[0m [33mScale[0m } [36mfrom[0m [32m'./scale.mjs'[0m;



Import traces:
  Client Component Browser:
    ./.gemini/antigravity/scratch/teacher-tracking/node_modules/lucide-react/dist/esm/icons/index.mjs [Client Component Browser]
    ./.gemini/antigravity/scratch/teacher-tracking/node_modules/lucide-react/dist/esm/lucide-react.mjs [Client Component Browser]
    ./.gemini/antigravity/scratch/teacher-tracking/src/components/pages/DailyTasksPage.tsx [Client Component Browser]
    ./.gemini/antigravity/scratch/teacher-tracking/src/components/AppShell.tsx [Client Component Browser]
    ./.gemini/antigravity/scratch/teacher-tracking/src/app/page.tsx [Client Component Browser]
    ./.gemini/antigravity/scratch/teacher-tracking/src/app/page.tsx [Server Component]

  Client Component SSR:
    ./.gemini/antigravity/scratch/teacher-tracking/node_modules/lucide-react/dist/esm/icons/index.mjs [Client Component SSR]
    ./.gemini/antigravity/scratch/teacher-tracking/node_modules/lucide-react/dist/esm/lucide-react.mjs [Client Component SSR]
    ./.gemini/antigravity/scratch/teacher-tracking/src/components/pages/DailyTasksPage.tsx [Client Component SSR]
    ./.gemini/antigravity/scratch/teacher-tracking/src/components/AppShell.tsx [Client Component SSR]
    ./.gemini/antigravity/scratch/teacher-tracking/src/app/page.tsx [Client Component SSR]
    ./.gemini/antigravity/scratch/teacher-tracking/src/app/page.tsx [Server Component]

https://nextjs.org/docs/messages/module-not-found


./.gemini/antigravity/scratch/teacher-tracking/node_modules/lucide-react/dist/esm/icons/index.mjs:1271:1
Module not found: Can't resolve './save.mjs'
  [90m1269 |[0m [36mexport[0m { [36mdefault[0m [36mas[0m [33mSaveAll[0m } [36mfrom[0m [32m'./save-all.mjs'[0m;
  [90m1270 |[0m [36mexport[0m { [36mdefault[0m [36mas[0m [33mSaveOff[0m } [36mfrom[0m [32m'./save-off.mjs'[0m;
[31m[1m>[0m [90m1271 |[0m [36mexport[0m { [36mdefault[0m [36mas[0m [33mSave[0m } [36mfrom[0m [32m'./save.mjs'[0m;
  [90m     |[0m [31m[1m^^^^^^^^^^^^^^^^^^^^^^^^^^^^^^^^^^^^^^^^^^^^^[0m
  [90m1272 |[0m [36mexport[0m { [36mdefault[0m [36mas[0m [33mScale3d[0m } [36mfrom[0m [32m'./scale-3d.mjs'[0m;
  [90m1273 |[0m [36mexport[0m { [36mdefault[0m [36mas[0m [33mScale[0m } [36mfrom[0m [32m'./scale.mjs'[0m;
  [90m1274 |[0m [36mexport[0m { [36mdefault[0m [36mas[0m [33mScaling[0m } [36mfrom[0m [32m'./scaling.mjs'[0m;



Import traces:
  Client Component Browser:
    ./.gemini/antigravity/scratch/teacher-tracking/node_modules/lucide-react/dist/esm/icons/index.mjs [Client Component Browser]
    ./.gemini/antigravity/scratch/teacher-tracking/node_modules/lucide-react/dist/esm/lucide-react.mjs [Client Component Browser]
    ./.gemini/antigravity/scratch/teacher-tracking/src/components/pages/DailyTasksPage.tsx [Client Component Browser]
    ./.gemini/antigravity/scratch/teacher-tracking/src/components/AppShell.tsx [Client Component Browser]
    ./.gemini/antigravity/scratch/teacher-tracking/src/app/page.tsx [Client Component Browser]
    ./.gemini/antigravity/scratch/teacher-tracking/src/app/page.tsx [Server Component]

  Client Component SSR:
    ./.gemini/antigravity/scratch/teacher-tracking/node_modules/lucide-react/dist/esm/icons/index.mjs [Client Component SSR]
    ./.gemini/antigravity/scratch/teacher-tracking/node_modules/lucide-react/dist/esm/lucide-react.mjs [Client Component SSR]
    ./.gemini/antigravity/scratch/teacher-tracking/src/components/pages/DailyTasksPage.tsx [Client Component SSR]
    ./.gemini/antigravity/scratch/teacher-tracking/src/components/AppShell.tsx [Client Component SSR]
    ./.gemini/antigravity/scratch/teacher-tracking/src/app/page.tsx [Client Component SSR]
    ./.gemini/antigravity/scratch/teacher-tracking/src/app/page.tsx [Server Component]

https://nextjs.org/docs/messages/module-not-found


./.gemini/antigravity/scratch/teacher-tracking/node_modules/lucide-react/dist/esm/icons/index.mjs:1272:1
Module not found: Can't resolve './scale-3d.mjs'
  [90m1270 |[0m [36mexport[0m { [36mdefault[0m [36mas[0m [33mSaveOff[0m } [36mfrom[0m [32m'./save-off.mjs'[0m;
  [90m1271 |[0m [36mexport[0m { [36mdefault[0m [36mas[0m [33mSave[0m } [36mfrom[0m [32m'./save.mjs'[0m;
[31m[1m>[0m [90m1272 |[0m [36mexport[0m { [36mdefault[0m [36mas[0m [33mScale3d[0m } [36mfrom[0m [32m'./scale-3d.mjs'[0m;
  [90m     |[0m [31m[1m^^^^^^^^^^^^^^^^^^^^^^^^^^^^^^^^^^^^^^^^^^^^^^^^^^^^[0m
  [90m1273 |[0m [36mexport[0m { [36mdefault[0m [36mas[0m [33mScale[0m } [36mfrom[0m [32m'./scale.mjs'[0m;
  [90m1274 |[0m [36mexport[0m { [36mdefault[0m [36mas[0m [33mScaling[0m } [36mfrom[0m [32m'./scaling.mjs'[0m;
  [90m1275 |[0m [36mexport[0m { [36mdefault[0m [36mas[0m [33mScanBarcode[0m } [36mfrom[0m [32m'./scan-barcode.mjs'[0m;



Import traces:
  Client Component Browser:
    ./.gemini/antigravity/scratch/teacher-tracking/node_modules/lucide-react/dist/esm/icons/index.mjs [Client Component Browser]
    ./.gemini/antigravity/scratch/teacher-tracking/node_modules/lucide-react/dist/esm/lucide-react.mjs [Client Component Browser]
    ./.gemini/antigravity/scratch/teacher-tracking/src/components/pages/DailyTasksPage.tsx [Client Component Browser]
    ./.gemini/antigravity/scratch/teacher-tracking/src/components/AppShell.tsx [Client Component Browser]
    ./.gemini/antigravity/scratch/teacher-tracking/src/app/page.tsx [Client Component Browser]
    ./.gemini/antigravity/scratch/teacher-tracking/src/app/page.tsx [Server Component]

  Client Component SSR:
    ./.gemini/antigravity/scratch/teacher-tracking/node_modules/lucide-react/dist/esm/icons/index.mjs [Client Component SSR]
    ./.gemini/antigravity/scratch/teacher-tracking/node_modules/lucide-react/dist/esm/lucide-react.mjs [Client Component SSR]
    ./.gemini/antigravity/scratch/teacher-tracking/src/components/pages/DailyTasksPage.tsx [Client Component SSR]
    ./.gemini/antigravity/scratch/teacher-tracking/src/components/AppShell.tsx [Client Component SSR]
    ./.gemini/antigravity/scratch/teacher-tracking/src/app/page.tsx [Client Component SSR]
    ./.gemini/antigravity/scratch/teacher-tracking/src/app/page.tsx [Server Component]

https://nextjs.org/docs/messages/module-not-found


./.gemini/antigravity/scratch/teacher-tracking/node_modules/lucide-react/dist/esm/icons/index.mjs:1273:1
Module not found: Can't resolve './scale.mjs'
  [90m1271 |[0m [36mexport[0m { [36mdefault[0m [36mas[0m [33mSave[0m } [36mfrom[0m [32m'./save.mjs'[0m;
  [90m1272 |[0m [36mexport[0m { [36mdefault[0m [36mas[0m [33mScale3d[0m } [36mfrom[0m [32m'./scale-3d.mjs'[0m;
[31m[1m>[0m [90m1273 |[0m [36mexport[0m { [36mdefault[0m [36mas[0m [33mScale[0m } [36mfrom[0m [32m'./scale.mjs'[0m;
  [90m     |[0m [31m[1m^^^^^^^^^^^^^^^^^^^^^^^^^^^^^^^^^^^^^^^^^^^^^^^[0m
  [90m1274 |[0m [36mexport[0m { [36mdefault[0m [36mas[0m [33mScaling[0m } [36mfrom[0m [32m'./scaling.mjs'[0m;
  [90m1275 |[0m [36mexport[0m { [36mdefault[0m [36mas[0m [33mScanBarcode[0m } [36mfrom[0m [32m'./scan-barcode.mjs'[0m;
  [90m1276 |[0m [36mexport[0m { [36mdefault[0m [36mas[0m [33mScanEye[0m } [36mfrom[0m [32m'./scan-eye.mjs'[0m;



Import traces:
  Client Component Browser:
    ./.gemini/antigravity/scratch/teacher-tracking/node_modules/lucide-react/dist/esm/icons/index.mjs [Client Component Browser]
    ./.gemini/antigravity/scratch/teacher-tracking/node_modules/lucide-react/dist/esm/lucide-react.mjs [Client Component Browser]
    ./.gemini/antigravity/scratch/teacher-tracking/src/components/pages/DailyTasksPage.tsx [Client Component Browser]
    ./.gemini/antigravity/scratch/teacher-tracking/src/components/AppShell.tsx [Client Component Browser]
    ./.gemini/antigravity/scratch/teacher-tracking/src/app/page.tsx [Client Component Browser]
    ./.gemini/antigravity/scratch/teacher-tracking/src/app/page.tsx [Server Component]

  Client Component SSR:
    ./.gemini/antigravity/scratch/teacher-tracking/node_modules/lucide-react/dist/esm/icons/index.mjs [Client Component SSR]
    ./.gemini/antigravity/scratch/teacher-tracking/node_modules/lucide-react/dist/esm/lucide-react.mjs [Client Component SSR]
    ./.gemini/antigravity/scratch/teacher-tracking/src/components/pages/DailyTasksPage.tsx [Client Component SSR]
    ./.gemini/antigravity/scratch/teacher-tracking/src/components/AppShell.tsx [Client Component SSR]
    ./.gemini/antigravity/scratch/teacher-tracking/src/app/page.tsx [Client Component SSR]
    ./.gemini/antigravity/scratch/teacher-tracking/src/app/page.tsx [Server Component]

https://nextjs.org/docs/messages/module-not-found


./.gemini/antigravity/scratch/teacher-tracking/node_modules/lucide-react/dist/esm/icons/index.mjs:1274:1
Module not found: Can't resolve './scaling.mjs'
  [90m1272 |[0m [36mexport[0m { [36mdefault[0m [36mas[0m [33mScale3d[0m } [36mfrom[0m [32m'./scale-3d.mjs'[0m;
  [90m1273 |[0m [36mexport[0m { [36mdefault[0m [36mas[0m [33mScale[0m } [36mfrom[0m [32m'./scale.mjs'[0m;
[31m[1m>[0m [90m1274 |[0m [36mexport[0m { [36mdefault[0m [36mas[0m [33mScaling[0m } [36mfrom[0m [32m'./scaling.mjs'[0m;
  [90m     |[0m [31m[1m^^^^^^^^^^^^^^^^^^^^^^^^^^^^^^^^^^^^^^^^^^^^^^^^^^^[0m
  [90m1275 |[0m [36mexport[0m { [36mdefault[0m [36mas[0m [33mScanBarcode[0m } [36mfrom[0m [32m'./scan-barcode.mjs'[0m;
  [90m1276 |[0m [36mexport[0m { [36mdefault[0m [36mas[0m [33mScanEye[0m } [36mfrom[0m [32m'./scan-eye.mjs'[0m;
  [90m1277 |[0m [36mexport[0m { [36mdefault[0m [36mas[0m [33mScanFace[0m } [36mfrom[0m [32m'./scan-face.mjs'[0m;



Import traces:
  Client Component Browser:
    ./.gemini/antigravity/scratch/teacher-tracking/node_modules/lucide-react/dist/esm/icons/index.mjs [Client Component Browser]
    ./.gemini/antigravity/scratch/teacher-tracking/node_modules/lucide-react/dist/esm/lucide-react.mjs [Client Component Browser]
    ./.gemini/antigravity/scratch/teacher-tracking/src/components/pages/DailyTasksPage.tsx [Client Component Browser]
    ./.gemini/antigravity/scratch/teacher-tracking/src/components/AppShell.tsx [Client Component Browser]
    ./.gemini/antigravity/scratch/teacher-tracking/src/app/page.tsx [Client Component Browser]
    ./.gemini/antigravity/scratch/teacher-tracking/src/app/page.tsx [Server Component]

  Client Component SSR:
    ./.gemini/antigravity/scratch/teacher-tracking/node_modules/lucide-react/dist/esm/icons/index.mjs [Client Component SSR]
    ./.gemini/antigravity/scratch/teacher-tracking/node_modules/lucide-react/dist/esm/lucide-react.mjs [Client Component SSR]
    ./.gemini/antigravity/scratch/teacher-tracking/src/components/pages/DailyTasksPage.tsx [Client Component SSR]
    ./.gemini/antigravity/scratch/teacher-tracking/src/components/AppShell.tsx [Client Component SSR]
    ./.gemini/antigravity/scratch/teacher-tracking/src/app/page.tsx [Client Component SSR]
    ./.gemini/antigravity/scratch/teacher-tracking/src/app/page.tsx [Server Component]

https://nextjs.org/docs/messages/module-not-found


./.gemini/antigravity/scratch/teacher-tracking/node_modules/lucide-react/dist/esm/icons/index.mjs:1275:1
Module not found: Can't resolve './scan-barcode.mjs'
  [90m1273 |[0m [36mexport[0m { [36mdefault[0m [36mas[0m [33mScale[0m } [36mfrom[0m [32m'./scale.mjs'[0m;
  [90m1274 |[0m [36mexport[0m { [36mdefault[0m [36mas[0m [33mScaling[0m } [36mfrom[0m [32m'./scaling.mjs'[0m;
[31m[1m>[0m [90m1275 |[0m [36mexport[0m { [36mdefault[0m [36mas[0m [33mScanBarcode[0m } [36mfrom[0m [32m'./scan-barcode.mjs'[0m;
  [90m     |[0m [31m[1m^^^^^^^^^^^^^^^^^^^^^^^^^^^^^^^^^^^^^^^^^^^^^^^^^^^^^^^^^^^^[0m
  [90m1276 |[0m [36mexport[0m { [36mdefault[0m [36mas[0m [33mScanEye[0m } [36mfrom[0m [32m'./scan-eye.mjs'[0m;
  [90m1277 |[0m [36mexport[0m { [36mdefault[0m [36mas[0m [33mScanFace[0m } [36mfrom[0m [32m'./scan-face.mjs'[0m;
  [90m1278 |[0m [36mexport[0m { [36mdefault[0m [36mas[0m [33mScanHeart[0m } [36mfrom[0m [32m'./scan-heart.mjs'[0m;



Import traces:
  Client Component Browser:
    ./.gemini/antigravity/scratch/teacher-tracking/node_modules/lucide-react/dist/esm/icons/index.mjs [Client Component Browser]
    ./.gemini/antigravity/scratch/teacher-tracking/node_modules/lucide-react/dist/esm/lucide-react.mjs [Client Component Browser]
    ./.gemini/antigravity/scratch/teacher-tracking/src/components/pages/DailyTasksPage.tsx [Client Component Browser]
    ./.gemini/antigravity/scratch/teacher-tracking/src/components/AppShell.tsx [Client Component Browser]
    ./.gemini/antigravity/scratch/teacher-tracking/src/app/page.tsx [Client Component Browser]
    ./.gemini/antigravity/scratch/teacher-tracking/src/app/page.tsx [Server Component]

  Client Component SSR:
    ./.gemini/antigravity/scratch/teacher-tracking/node_modules/lucide-react/dist/esm/icons/index.mjs [Client Component SSR]
    ./.gemini/antigravity/scratch/teacher-tracking/node_modules/lucide-react/dist/esm/lucide-react.mjs [Client Component SSR]
    ./.gemini/antigravity/scratch/teacher-tracking/src/components/pages/DailyTasksPage.tsx [Client Component SSR]
    ./.gemini/antigravity/scratch/teacher-tracking/src/components/AppShell.tsx [Client Component SSR]
    ./.gemini/antigravity/scratch/teacher-tracking/src/app/page.tsx [Client Component SSR]
    ./.gemini/antigravity/scratch/teacher-tracking/src/app/page.tsx [Server Component]

https://nextjs.org/docs/messages/module-not-found


./.gemini/antigravity/scratch/teacher-tracking/node_modules/lucide-react/dist/esm/icons/index.mjs:1276:1
Module not found: Can't resolve './scan-eye.mjs'
  [90m1274 |[0m [36mexport[0m { [36mdefault[0m [36mas[0m [33mScaling[0m } [36mfrom[0m [32m'./scaling.mjs'[0m;
  [90m1275 |[0m [36mexport[0m { [36mdefault[0m [36mas[0m [33mScanBarcode[0m } [36mfrom[0m [32m'./scan-barcode.mjs'[0m;
[31m[1m>[0m [90m1276 |[0m [36mexport[0m { [36mdefault[0m [36mas[0m [33mScanEye[0m } [36mfrom[0m [32m'./scan-eye.mjs'[0m;
  [90m     |[0m [31m[1m^^^^^^^^^^^^^^^^^^^^^^^^^^^^^^^^^^^^^^^^^^^^^^^^^^^^[0m
  [90m1277 |[0m [36mexport[0m { [36mdefault[0m [36mas[0m [33mScanFace[0m } [36mfrom[0m [32m'./scan-face.mjs'[0m;
  [90m1278 |[0m [36mexport[0m { [36mdefault[0m [36mas[0m [33mScanHeart[0m } [36mfrom[0m [32m'./scan-heart.mjs'[0m;
  [90m1279 |[0m [36mexport[0m { [36mdefault[0m [36mas[0m [33mScanLine[0m } [36mfrom[0m [32m'./scan-line.mjs'[0m;



Import traces:
  Client Component Browser:
    ./.gemini/antigravity/scratch/teacher-tracking/node_modules/lucide-react/dist/esm/icons/index.mjs [Client Component Browser]
    ./.gemini/antigravity/scratch/teacher-tracking/node_modules/lucide-react/dist/esm/lucide-react.mjs [Client Component Browser]
    ./.gemini/antigravity/scratch/teacher-tracking/src/components/pages/DailyTasksPage.tsx [Client Component Browser]
    ./.gemini/antigravity/scratch/teacher-tracking/src/components/AppShell.tsx [Client Component Browser]
    ./.gemini/antigravity/scratch/teacher-tracking/src/app/page.tsx [Client Component Browser]
    ./.gemini/antigravity/scratch/teacher-tracking/src/app/page.tsx [Server Component]

  Client Component SSR:
    ./.gemini/antigravity/scratch/teacher-tracking/node_modules/lucide-react/dist/esm/icons/index.mjs [Client Component SSR]
    ./.gemini/antigravity/scratch/teacher-tracking/node_modules/lucide-react/dist/esm/lucide-react.mjs [Client Component SSR]
    ./.gemini/antigravity/scratch/teacher-tracking/src/components/pages/DailyTasksPage.tsx [Client Component SSR]
    ./.gemini/antigravity/scratch/teacher-tracking/src/components/AppShell.tsx [Client Component SSR]
    ./.gemini/antigravity/scratch/teacher-tracking/src/app/page.tsx [Client Component SSR]
    ./.gemini/antigravity/scratch/teacher-tracking/src/app/page.tsx [Server Component]

https://nextjs.org/docs/messages/module-not-found


./.gemini/antigravity/scratch/teacher-tracking/node_modules/lucide-react/dist/esm/icons/index.mjs:1277:1
Module not found: Can't resolve './scan-face.mjs'
  [90m1275 |[0m [36mexport[0m { [36mdefault[0m [36mas[0m [33mScanBarcode[0m } [36mfrom[0m [32m'./scan-barcode.mjs'[0m;
  [90m1276 |[0m [36mexport[0m { [36mdefault[0m [36mas[0m [33mScanEye[0m } [36mfrom[0m [32m'./scan-eye.mjs'[0m;
[31m[1m>[0m [90m1277 |[0m [36mexport[0m { [36mdefault[0m [36mas[0m [33mScanFace[0m } [36mfrom[0m [32m'./scan-face.mjs'[0m;
  [90m     |[0m [31m[1m^^^^^^^^^^^^^^^^^^^^^^^^^^^^^^^^^^^^^^^^^^^^^^^^^^^^^^[0m
  [90m1278 |[0m [36mexport[0m { [36mdefault[0m [36mas[0m [33mScanHeart[0m } [36mfrom[0m [32m'./scan-heart.mjs'[0m;
  [90m1279 |[0m [36mexport[0m { [36mdefault[0m [36mas[0m [33mScanLine[0m } [36mfrom[0m [32m'./scan-line.mjs'[0m;
  [90m1280 |[0m [36mexport[0m { [36mdefault[0m [36mas[0m [33mScanQrCode[0m } [36mfrom[0m [32m'./scan-qr-code.mjs'[0m;



Import traces:
  Client Component Browser:
    ./.gemini/antigravity/scratch/teacher-tracking/node_modules/lucide-react/dist/esm/icons/index.mjs [Client Component Browser]
    ./.gemini/antigravity/scratch/teacher-tracking/node_modules/lucide-react/dist/esm/lucide-react.mjs [Client Component Browser]
    ./.gemini/antigravity/scratch/teacher-tracking/src/components/pages/DailyTasksPage.tsx [Client Component Browser]
    ./.gemini/antigravity/scratch/teacher-tracking/src/components/AppShell.tsx [Client Component Browser]
    ./.gemini/antigravity/scratch/teacher-tracking/src/app/page.tsx [Client Component Browser]
    ./.gemini/antigravity/scratch/teacher-tracking/src/app/page.tsx [Server Component]

  Client Component SSR:
    ./.gemini/antigravity/scratch/teacher-tracking/node_modules/lucide-react/dist/esm/icons/index.mjs [Client Component SSR]
    ./.gemini/antigravity/scratch/teacher-tracking/node_modules/lucide-react/dist/esm/lucide-react.mjs [Client Component SSR]
    ./.gemini/antigravity/scratch/teacher-tracking/src/components/pages/DailyTasksPage.tsx [Client Component SSR]
    ./.gemini/antigravity/scratch/teacher-tracking/src/components/AppShell.tsx [Client Component SSR]
    ./.gemini/antigravity/scratch/teacher-tracking/src/app/page.tsx [Client Component SSR]
    ./.gemini/antigravity/scratch/teacher-tracking/src/app/page.tsx [Server Component]

https://nextjs.org/docs/messages/module-not-found


./.gemini/antigravity/scratch/teacher-tracking/node_modules/lucide-react/dist/esm/icons/index.mjs:1278:1
Module not found: Can't resolve './scan-heart.mjs'
  [90m1276 |[0m [36mexport[0m { [36mdefault[0m [36mas[0m [33mScanEye[0m } [36mfrom[0m [32m'./scan-eye.mjs'[0m;
  [90m1277 |[0m [36mexport[0m { [36mdefault[0m [36mas[0m [33mScanFace[0m } [36mfrom[0m [32m'./scan-face.mjs'[0m;
[31m[1m>[0m [90m1278 |[0m [36mexport[0m { [36mdefault[0m [36mas[0m [33mScanHeart[0m } [36mfrom[0m [32m'./scan-heart.mjs'[0m;
  [90m     |[0m [31m[1m^^^^^^^^^^^^^^^^^^^^^^^^^^^^^^^^^^^^^^^^^^^^^^^^^^^^^^^^[0m
  [90m1279 |[0m [36mexport[0m { [36mdefault[0m [36mas[0m [33mScanLine[0m } [36mfrom[0m [32m'./scan-line.mjs'[0m;
  [90m1280 |[0m [36mexport[0m { [36mdefault[0m [36mas[0m [33mScanQrCode[0m } [36mfrom[0m [32m'./scan-qr-code.mjs'[0m;
  [90m1281 |[0m [36mexport[0m { [36mdefault[0m [36mas[0m [33mScanSearch[0m } [36mfrom[0m [32m'./scan-search.mjs'[0m;



Import traces:
  Client Component Browser:
    ./.gemini/antigravity/scratch/teacher-tracking/node_modules/lucide-react/dist/esm/icons/index.mjs [Client Component Browser]
    ./.gemini/antigravity/scratch/teacher-tracking/node_modules/lucide-react/dist/esm/lucide-react.mjs [Client Component Browser]
    ./.gemini/antigravity/scratch/teacher-tracking/src/components/pages/DailyTasksPage.tsx [Client Component Browser]
    ./.gemini/antigravity/scratch/teacher-tracking/src/components/AppShell.tsx [Client Component Browser]
    ./.gemini/antigravity/scratch/teacher-tracking/src/app/page.tsx [Client Component Browser]
    ./.gemini/antigravity/scratch/teacher-tracking/src/app/page.tsx [Server Component]

  Client Component SSR:
    ./.gemini/antigravity/scratch/teacher-tracking/node_modules/lucide-react/dist/esm/icons/index.mjs [Client Component SSR]
    ./.gemini/antigravity/scratch/teacher-tracking/node_modules/lucide-react/dist/esm/lucide-react.mjs [Client Component SSR]
    ./.gemini/antigravity/scratch/teacher-tracking/src/components/pages/DailyTasksPage.tsx [Client Component SSR]
    ./.gemini/antigravity/scratch/teacher-tracking/src/components/AppShell.tsx [Client Component SSR]
    ./.gemini/antigravity/scratch/teacher-tracking/src/app/page.tsx [Client Component SSR]
    ./.gemini/antigravity/scratch/teacher-tracking/src/app/page.tsx [Server Component]

https://nextjs.org/docs/messages/module-not-found


./.gemini/antigravity/scratch/teacher-tracking/node_modules/lucide-react/dist/esm/icons/index.mjs:1279:1
Module not found: Can't resolve './scan-line.mjs'
  [90m1277 |[0m [36mexport[0m { [36mdefault[0m [36mas[0m [33mScanFace[0m } [36mfrom[0m [32m'./scan-face.mjs'[0m;
  [90m1278 |[0m [36mexport[0m { [36mdefault[0m [36mas[0m [33mScanHeart[0m } [36mfrom[0m [32m'./scan-heart.mjs'[0m;
[31m[1m>[0m [90m1279 |[0m [36mexport[0m { [36mdefault[0m [36mas[0m [33mScanLine[0m } [36mfrom[0m [32m'./scan-line.mjs'[0m;
  [90m     |[0m [31m[1m^^^^^^^^^^^^^^^^^^^^^^^^^^^^^^^^^^^^^^^^^^^^^^^^^^^^^^[0m
  [90m1280 |[0m [36mexport[0m { [36mdefault[0m [36mas[0m [33mScanQrCode[0m } [36mfrom[0m [32m'./scan-qr-code.mjs'[0m;
  [90m1281 |[0m [36mexport[0m { [36mdefault[0m [36mas[0m [33mScanSearch[0m } [36mfrom[0m [32m'./scan-search.mjs'[0m;
  [90m1282 |[0m [36mexport[0m { [36mdefault[0m [36mas[0m [33mScanText[0m } [36mfrom[0m [32m'./scan-text.mjs'[0m;



Import traces:
  Client Component Browser:
    ./.gemini/antigravity/scratch/teacher-tracking/node_modules/lucide-react/dist/esm/icons/index.mjs [Client Component Browser]
    ./.gemini/antigravity/scratch/teacher-tracking/node_modules/lucide-react/dist/esm/lucide-react.mjs [Client Component Browser]
    ./.gemini/antigravity/scratch/teacher-tracking/src/components/pages/DailyTasksPage.tsx [Client Component Browser]
    ./.gemini/antigravity/scratch/teacher-tracking/src/components/AppShell.tsx [Client Component Browser]
    ./.gemini/antigravity/scratch/teacher-tracking/src/app/page.tsx [Client Component Browser]
    ./.gemini/antigravity/scratch/teacher-tracking/src/app/page.tsx [Server Component]

  Client Component SSR:
    ./.gemini/antigravity/scratch/teacher-tracking/node_modules/lucide-react/dist/esm/icons/index.mjs [Client Component SSR]
    ./.gemini/antigravity/scratch/teacher-tracking/node_modules/lucide-react/dist/esm/lucide-react.mjs [Client Component SSR]
    ./.gemini/antigravity/scratch/teacher-tracking/src/components/pages/DailyTasksPage.tsx [Client Component SSR]
    ./.gemini/antigravity/scratch/teacher-tracking/src/components/AppShell.tsx [Client Component SSR]
    ./.gemini/antigravity/scratch/teacher-tracking/src/app/page.tsx [Client Component SSR]
    ./.gemini/antigravity/scratch/teacher-tracking/src/app/page.tsx [Server Component]

https://nextjs.org/docs/messages/module-not-found


./.gemini/antigravity/scratch/teacher-tracking/node_modules/lucide-react/dist/esm/icons/index.mjs:1280:1
Module not found: Can't resolve './scan-qr-code.mjs'
  [90m1278 |[0m [36mexport[0m { [36mdefault[0m [36mas[0m [33mScanHeart[0m } [36mfrom[0m [32m'./scan-heart.mjs'[0m;
  [90m1279 |[0m [36mexport[0m { [36mdefault[0m [36mas[0m [33mScanLine[0m } [36mfrom[0m [32m'./scan-line.mjs'[0m;
[31m[1m>[0m [90m1280 |[0m [36mexport[0m { [36mdefault[0m [36mas[0m [33mScanQrCode[0m } [36mfrom[0m [32m'./scan-qr-code.mjs'[0m;
  [90m     |[0m [31m[1m^^^^^^^^^^^^^^^^^^^^^^^^^^^^^^^^^^^^^^^^^^^^^^^^^^^^^^^^^^^[0m
  [90m1281 |[0m [36mexport[0m { [36mdefault[0m [36mas[0m [33mScanSearch[0m } [36mfrom[0m [32m'./scan-search.mjs'[0m;
  [90m1282 |[0m [36mexport[0m { [36mdefault[0m [36mas[0m [33mScanText[0m } [36mfrom[0m [32m'./scan-text.mjs'[0m;
  [90m1283 |[0m [36mexport[0m { [36mdefault[0m [36mas[0m [33mScan[0m } [36mfrom[0m [32m'./scan.mjs'[0m;



Import traces:
  Client Component Browser:
    ./.gemini/antigravity/scratch/teacher-tracking/node_modules/lucide-react/dist/esm/icons/index.mjs [Client Component Browser]
    ./.gemini/antigravity/scratch/teacher-tracking/node_modules/lucide-react/dist/esm/lucide-react.mjs [Client Component Browser]
    ./.gemini/antigravity/scratch/teacher-tracking/src/components/pages/DailyTasksPage.tsx [Client Component Browser]
    ./.gemini/antigravity/scratch/teacher-tracking/src/components/AppShell.tsx [Client Component Browser]
    ./.gemini/antigravity/scratch/teacher-tracking/src/app/page.tsx [Client Component Browser]
    ./.gemini/antigravity/scratch/teacher-tracking/src/app/page.tsx [Server Component]

  Client Component SSR:
    ./.gemini/antigravity/scratch/teacher-tracking/node_modules/lucide-react/dist/esm/icons/index.mjs [Client Component SSR]
    ./.gemini/antigravity/scratch/teacher-tracking/node_modules/lucide-react/dist/esm/lucide-react.mjs [Client Component SSR]
    ./.gemini/antigravity/scratch/teacher-tracking/src/components/pages/DailyTasksPage.tsx [Client Component SSR]
    ./.gemini/antigravity/scratch/teacher-tracking/src/components/AppShell.tsx [Client Component SSR]
    ./.gemini/antigravity/scratch/teacher-tracking/src/app/page.tsx [Client Component SSR]
    ./.gemini/antigravity/scratch/teacher-tracking/src/app/page.tsx [Server Component]

https://nextjs.org/docs/messages/module-not-found


./.gemini/antigravity/scratch/teacher-tracking/node_modules/lucide-react/dist/esm/icons/index.mjs:1281:1
Module not found: Can't resolve './scan-search.mjs'
  [90m1279 |[0m [36mexport[0m { [36mdefault[0m [36mas[0m [33mScanLine[0m } [36mfrom[0m [32m'./scan-line.mjs'[0m;
  [90m1280 |[0m [36mexport[0m { [36mdefault[0m [36mas[0m [33mScanQrCode[0m } [36mfrom[0m [32m'./scan-qr-code.mjs'[0m;
[31m[1m>[0m [90m1281 |[0m [36mexport[0m { [36mdefault[0m [36mas[0m [33mScanSearch[0m } [36mfrom[0m [32m'./scan-search.mjs'[0m;
  [90m     |[0m [31m[1m^^^^^^^^^^^^^^^^^^^^^^^^^^^^^^^^^^^^^^^^^^^^^^^^^^^^^^^^^^[0m
  [90m1282 |[0m [36mexport[0m { [36mdefault[0m [36mas[0m [33mScanText[0m } [36mfrom[0m [32m'./scan-text.mjs'[0m;
  [90m1283 |[0m [36mexport[0m { [36mdefault[0m [36mas[0m [33mScan[0m } [36mfrom[0m [32m'./scan.mjs'[0m;
  [90m1284 |[0m [36mexport[0m { [36mdefault[0m [36mas[0m [33mSchool[0m } [36mfrom[0m [32m'./school.mjs'[0m;



Import traces:
  Client Component Browser:
    ./.gemini/antigravity/scratch/teacher-tracking/node_modules/lucide-react/dist/esm/icons/index.mjs [Client Component Browser]
    ./.gemini/antigravity/scratch/teacher-tracking/node_modules/lucide-react/dist/esm/lucide-react.mjs [Client Component Browser]
    ./.gemini/antigravity/scratch/teacher-tracking/src/components/pages/DailyTasksPage.tsx [Client Component Browser]
    ./.gemini/antigravity/scratch/teacher-tracking/src/components/AppShell.tsx [Client Component Browser]
    ./.gemini/antigravity/scratch/teacher-tracking/src/app/page.tsx [Client Component Browser]
    ./.gemini/antigravity/scratch/teacher-tracking/src/app/page.tsx [Server Component]

  Client Component SSR:
    ./.gemini/antigravity/scratch/teacher-tracking/node_modules/lucide-react/dist/esm/icons/index.mjs [Client Component SSR]
    ./.gemini/antigravity/scratch/teacher-tracking/node_modules/lucide-react/dist/esm/lucide-react.mjs [Client Component SSR]
    ./.gemini/antigravity/scratch/teacher-tracking/src/components/pages/DailyTasksPage.tsx [Client Component SSR]
    ./.gemini/antigravity/scratch/teacher-tracking/src/components/AppShell.tsx [Client Component SSR]
    ./.gemini/antigravity/scratch/teacher-tracking/src/app/page.tsx [Client Component SSR]
    ./.gemini/antigravity/scratch/teacher-tracking/src/app/page.tsx [Server Component]

https://nextjs.org/docs/messages/module-not-found


./.gemini/antigravity/scratch/teacher-tracking/node_modules/lucide-react/dist/esm/icons/index.mjs:1282:1
Module not found: Can't resolve './scan-text.mjs'
  [90m1280 |[0m [36mexport[0m { [36mdefault[0m [36mas[0m [33mScanQrCode[0m } [36mfrom[0m [32m'./scan-qr-code.mjs'[0m;
  [90m1281 |[0m [36mexport[0m { [36mdefault[0m [36mas[0m [33mScanSearch[0m } [36mfrom[0m [32m'./scan-search.mjs'[0m;
[31m[1m>[0m [90m1282 |[0m [36mexport[0m { [36mdefault[0m [36mas[0m [33mScanText[0m } [36mfrom[0m [32m'./scan-text.mjs'[0m;
  [90m     |[0m [31m[1m^^^^^^^^^^^^^^^^^^^^^^^^^^^^^^^^^^^^^^^^^^^^^^^^^^^^^^[0m
  [90m1283 |[0m [36mexport[0m { [36mdefault[0m [36mas[0m [33mScan[0m } [36mfrom[0m [32m'./scan.mjs'[0m;
  [90m1284 |[0m [36mexport[0m { [36mdefault[0m [36mas[0m [33mSchool[0m } [36mfrom[0m [32m'./school.mjs'[0m;
  [90m1285 |[0m [36mexport[0m { [36mdefault[0m [36mas[0m [33mScissorsLineDashed[0m } [36mfrom[0m [32m'./scissors-line-dashe...[0m



Import traces:
  Client Component Browser:
    ./.gemini/antigravity/scratch/teacher-tracking/node_modules/lucide-react/dist/esm/icons/index.mjs [Client Component Browser]
    ./.gemini/antigravity/scratch/teacher-tracking/node_modules/lucide-react/dist/esm/lucide-react.mjs [Client Component Browser]
    ./.gemini/antigravity/scratch/teacher-tracking/src/components/pages/DailyTasksPage.tsx [Client Component Browser]
    ./.gemini/antigravity/scratch/teacher-tracking/src/components/AppShell.tsx [Client Component Browser]
    ./.gemini/antigravity/scratch/teacher-tracking/src/app/page.tsx [Client Component Browser]
    ./.gemini/antigravity/scratch/teacher-tracking/src/app/page.tsx [Server Component]

  Client Component SSR:
    ./.gemini/antigravity/scratch/teacher-tracking/node_modules/lucide-react/dist/esm/icons/index.mjs [Client Component SSR]
    ./.gemini/antigravity/scratch/teacher-tracking/node_modules/lucide-react/dist/esm/lucide-react.mjs [Client Component SSR]
    ./.gemini/antigravity/scratch/teacher-tracking/src/components/pages/DailyTasksPage.tsx [Client Component SSR]
    ./.gemini/antigravity/scratch/teacher-tracking/src/components/AppShell.tsx [Client Component SSR]
    ./.gemini/antigravity/scratch/teacher-tracking/src/app/page.tsx [Client Component SSR]
    ./.gemini/antigravity/scratch/teacher-tracking/src/app/page.tsx [Server Component]

https://nextjs.org/docs/messages/module-not-found


./.gemini/antigravity/scratch/teacher-tracking/node_modules/lucide-react/dist/esm/icons/index.mjs:1283:1
Module not found: Can't resolve './scan.mjs'
  [90m1281 |[0m [36mexport[0m { [36mdefault[0m [36mas[0m [33mScanSearch[0m } [36mfrom[0m [32m'./scan-search.mjs'[0m;
  [90m1282 |[0m [36mexport[0m { [36mdefault[0m [36mas[0m [33mScanText[0m } [36mfrom[0m [32m'./scan-text.mjs'[0m;
[31m[1m>[0m [90m1283 |[0m [36mexport[0m { [36mdefault[0m [36mas[0m [33mScan[0m } [36mfrom[0m [32m'./scan.mjs'[0m;
  [90m     |[0m [31m[1m^^^^^^^^^^^^^^^^^^^^^^^^^^^^^^^^^^^^^^^^^^^^^[0m
  [90m1284 |[0m [36mexport[0m { [36mdefault[0m [36mas[0m [33mSchool[0m } [36mfrom[0m [32m'./school.mjs'[0m;
  [90m1285 |[0m [36mexport[0m { [36mdefault[0m [36mas[0m [33mScissorsLineDashed[0m } [36mfrom[0m [32m'./scissors-line-dashe...[0m
  [90m1286 |[0m [36mexport[0m { [36mdefault[0m [36mas[0m [33mScissors[0m } [36mfrom[0m [32m'./scissors.mjs'[0m;



Import traces:
  Client Component Browser:
    ./.gemini/antigravity/scratch/teacher-tracking/node_modules/lucide-react/dist/esm/icons/index.mjs [Client Component Browser]
    ./.gemini/antigravity/scratch/teacher-tracking/node_modules/lucide-react/dist/esm/lucide-react.mjs [Client Component Browser]
    ./.gemini/antigravity/scratch/teacher-tracking/src/components/pages/DailyTasksPage.tsx [Client Component Browser]
    ./.gemini/antigravity/scratch/teacher-tracking/src/components/AppShell.tsx [Client Component Browser]
    ./.gemini/antigravity/scratch/teacher-tracking/src/app/page.tsx [Client Component Browser]
    ./.gemini/antigravity/scratch/teacher-tracking/src/app/page.tsx [Server Component]

  Client Component SSR:
    ./.gemini/antigravity/scratch/teacher-tracking/node_modules/lucide-react/dist/esm/icons/index.mjs [Client Component SSR]
    ./.gemini/antigravity/scratch/teacher-tracking/node_modules/lucide-react/dist/esm/lucide-react.mjs [Client Component SSR]
    ./.gemini/antigravity/scratch/teacher-tracking/src/components/pages/DailyTasksPage.tsx [Client Component SSR]
    ./.gemini/antigravity/scratch/teacher-tracking/src/components/AppShell.tsx [Client Component SSR]
    ./.gemini/antigravity/scratch/teacher-tracking/src/app/page.tsx [Client Component SSR]
    ./.gemini/antigravity/scratch/teacher-tracking/src/app/page.tsx [Server Component]

https://nextjs.org/docs/messages/module-not-found


./.gemini/antigravity/scratch/teacher-tracking/node_modules/lucide-react/dist/esm/icons/index.mjs:1284:1
Module not found: Can't resolve './school.mjs'
  [90m1282 |[0m [36mexport[0m { [36mdefault[0m [36mas[0m [33mScanText[0m } [36mfrom[0m [32m'./scan-text.mjs'[0m;
  [90m1283 |[0m [36mexport[0m { [36mdefault[0m [36mas[0m [33mScan[0m } [36mfrom[0m [32m'./scan.mjs'[0m;
[31m[1m>[0m [90m1284 |[0m [36mexport[0m { [36mdefault[0m [36mas[0m [33mSchool[0m } [36mfrom[0m [32m'./school.mjs'[0m;
  [90m     |[0m [31m[1m^^^^^^^^^^^^^^^^^^^^^^^^^^^^^^^^^^^^^^^^^^^^^^^^^[0m
  [90m1285 |[0m [36mexport[0m { [36mdefault[0m [36mas[0m [33mScissorsLineDashed[0m } [36mfrom[0m [32m'./scissors-line-dashe...[0m
  [90m1286 |[0m [36mexport[0m { [36mdefault[0m [36mas[0m [33mScissors[0m } [36mfrom[0m [32m'./scissors.mjs'[0m;
  [90m1287 |[0m [36mexport[0m { [36mdefault[0m [36mas[0m [33mScooter[0m } [36mfrom[0m [32m'./scooter.mjs'[0m;



Import traces:
  Client Component Browser:
    ./.gemini/antigravity/scratch/teacher-tracking/node_modules/lucide-react/dist/esm/icons/index.mjs [Client Component Browser]
    ./.gemini/antigravity/scratch/teacher-tracking/node_modules/lucide-react/dist/esm/lucide-react.mjs [Client Component Browser]
    ./.gemini/antigravity/scratch/teacher-tracking/src/components/pages/DailyTasksPage.tsx [Client Component Browser]
    ./.gemini/antigravity/scratch/teacher-tracking/src/components/AppShell.tsx [Client Component Browser]
    ./.gemini/antigravity/scratch/teacher-tracking/src/app/page.tsx [Client Component Browser]
    ./.gemini/antigravity/scratch/teacher-tracking/src/app/page.tsx [Server Component]

  Client Component SSR:
    ./.gemini/antigravity/scratch/teacher-tracking/node_modules/lucide-react/dist/esm/icons/index.mjs [Client Component SSR]
    ./.gemini/antigravity/scratch/teacher-tracking/node_modules/lucide-react/dist/esm/lucide-react.mjs [Client Component SSR]
    ./.gemini/antigravity/scratch/teacher-tracking/src/components/pages/DailyTasksPage.tsx [Client Component SSR]
    ./.gemini/antigravity/scratch/teacher-tracking/src/components/AppShell.tsx [Client Component SSR]
    ./.gemini/antigravity/scratch/teacher-tracking/src/app/page.tsx [Client Component SSR]
    ./.gemini/antigravity/scratch/teacher-tracking/src/app/page.tsx [Server Component]

https://nextjs.org/docs/messages/module-not-found


./.gemini/antigravity/scratch/teacher-tracking/node_modules/lucide-react/dist/esm/icons/index.mjs:1285:1
Module not found: Can't resolve './scissors-line-dashed.mjs'
  [90m1283 |[0m ...[36mt[0m { [36mdefault[0m [36mas[0m [33mScan[0m } [36mfrom[0m [32m'./scan.mjs'[0m;
  [90m1284 |[0m ...[36mt[0m { [36mdefault[0m [36mas[0m [33mSchool[0m } [36mfrom[0m [32m'./school.mjs'[0m;
[31m[1m>[0m [90m1285 |[0m ...[36mt[0m { [36mdefault[0m [36mas[0m [33mScissorsLineDashed[0m } [36mfrom[0m [32m'./scissors-line-dashed....[0m
  [90m     |[0m    [31m[1m^^^^^^^^^^^^^^^^^^^^^^^^^^^^^^^^^^^^^^^^^^^^^^^^^^^^^^^^^^^^^^^^^^^^[0m
  [90m1286 |[0m ...[36mt[0m { [36mdefault[0m [36mas[0m [33mScissors[0m } [36mfrom[0m [32m'./scissors.mjs'[0m;
  [90m1287 |[0m ...[36mt[0m { [36mdefault[0m [36mas[0m [33mScooter[0m } [36mfrom[0m [32m'./scooter.mjs'[0m;
  [90m1288 |[0m ...[36mt[0m { [36mdefault[0m [36mas[0m [33mScreenShareOff[0m } [36mfrom[0m [32m'./screen-share-off.mjs'[0m;



Import traces:
  Client Component Browser:
    ./.gemini/antigravity/scratch/teacher-tracking/node_modules/lucide-react/dist/esm/icons/index.mjs [Client Component Browser]
    ./.gemini/antigravity/scratch/teacher-tracking/node_modules/lucide-react/dist/esm/lucide-react.mjs [Client Component Browser]
    ./.gemini/antigravity/scratch/teacher-tracking/src/components/pages/DailyTasksPage.tsx [Client Component Browser]
    ./.gemini/antigravity/scratch/teacher-tracking/src/components/AppShell.tsx [Client Component Browser]
    ./.gemini/antigravity/scratch/teacher-tracking/src/app/page.tsx [Client Component Browser]
    ./.gemini/antigravity/scratch/teacher-tracking/src/app/page.tsx [Server Component]

  Client Component SSR:
    ./.gemini/antigravity/scratch/teacher-tracking/node_modules/lucide-react/dist/esm/icons/index.mjs [Client Component SSR]
    ./.gemini/antigravity/scratch/teacher-tracking/node_modules/lucide-react/dist/esm/lucide-react.mjs [Client Component SSR]
    ./.gemini/antigravity/scratch/teacher-tracking/src/components/pages/DailyTasksPage.tsx [Client Component SSR]
    ./.gemini/antigravity/scratch/teacher-tracking/src/components/AppShell.tsx [Client Component SSR]
    ./.gemini/antigravity/scratch/teacher-tracking/src/app/page.tsx [Client Component SSR]
    ./.gemini/antigravity/scratch/teacher-tracking/src/app/page.tsx [Server Component]

https://nextjs.org/docs/messages/module-not-found


./.gemini/antigravity/scratch/teacher-tracking/node_modules/lucide-react/dist/esm/icons/index.mjs:1286:1
Module not found: Can't resolve './scissors.mjs'
  [90m1284 |[0m [36mexport[0m { [36mdefault[0m [36mas[0m [33mSchool[0m } [36mfrom[0m [32m'./school.mjs'[0m;
  [90m1285 |[0m [36mexport[0m { [36mdefault[0m [36mas[0m [33mScissorsLineDashed[0m } [36mfrom[0m [32m'./scissors-line-dashe...[0m
[31m[1m>[0m [90m1286 |[0m [36mexport[0m { [36mdefault[0m [36mas[0m [33mScissors[0m } [36mfrom[0m [32m'./scissors.mjs'[0m;
  [90m     |[0m [31m[1m^^^^^^^^^^^^^^^^^^^^^^^^^^^^^^^^^^^^^^^^^^^^^^^^^^^^^[0m
  [90m1287 |[0m [36mexport[0m { [36mdefault[0m [36mas[0m [33mScooter[0m } [36mfrom[0m [32m'./scooter.mjs'[0m;
  [90m1288 |[0m [36mexport[0m { [36mdefault[0m [36mas[0m [33mScreenShareOff[0m } [36mfrom[0m [32m'./screen-share-off.mjs'[0m;
  [90m1289 |[0m [36mexport[0m { [36mdefault[0m [36mas[0m [33mScreenShare[0m } [36mfrom[0m [32m'./screen-share.mjs'[0m;



Import traces:
  Client Component Browser:
    ./.gemini/antigravity/scratch/teacher-tracking/node_modules/lucide-react/dist/esm/icons/index.mjs [Client Component Browser]
    ./.gemini/antigravity/scratch/teacher-tracking/node_modules/lucide-react/dist/esm/lucide-react.mjs [Client Component Browser]
    ./.gemini/antigravity/scratch/teacher-tracking/src/components/pages/DailyTasksPage.tsx [Client Component Browser]
    ./.gemini/antigravity/scratch/teacher-tracking/src/components/AppShell.tsx [Client Component Browser]
    ./.gemini/antigravity/scratch/teacher-tracking/src/app/page.tsx [Client Component Browser]
    ./.gemini/antigravity/scratch/teacher-tracking/src/app/page.tsx [Server Component]

  Client Component SSR:
    ./.gemini/antigravity/scratch/teacher-tracking/node_modules/lucide-react/dist/esm/icons/index.mjs [Client Component SSR]
    ./.gemini/antigravity/scratch/teacher-tracking/node_modules/lucide-react/dist/esm/lucide-react.mjs [Client Component SSR]
    ./.gemini/antigravity/scratch/teacher-tracking/src/components/pages/DailyTasksPage.tsx [Client Component SSR]
    ./.gemini/antigravity/scratch/teacher-tracking/src/components/AppShell.tsx [Client Component SSR]
    ./.gemini/antigravity/scratch/teacher-tracking/src/app/page.tsx [Client Component SSR]
    ./.gemini/antigravity/scratch/teacher-tracking/src/app/page.tsx [Server Component]

https://nextjs.org/docs/messages/module-not-found


./.gemini/antigravity/scratch/teacher-tracking/node_modules/lucide-react/dist/esm/icons/index.mjs:1287:1
Module not found: Can't resolve './scooter.mjs'
  [90m1285 |[0m [36mexport[0m { [36mdefault[0m [36mas[0m [33mScissorsLineDashed[0m } [36mfrom[0m [32m'./scissors-line-dashe...[0m
  [90m1286 |[0m [36mexport[0m { [36mdefault[0m [36mas[0m [33mScissors[0m } [36mfrom[0m [32m'./scissors.mjs'[0m;
[31m[1m>[0m [90m1287 |[0m [36mexport[0m { [36mdefault[0m [36mas[0m [33mScooter[0m } [36mfrom[0m [32m'./scooter.mjs'[0m;
  [90m     |[0m [31m[1m^^^^^^^^^^^^^^^^^^^^^^^^^^^^^^^^^^^^^^^^^^^^^^^^^^^[0m
  [90m1288 |[0m [36mexport[0m { [36mdefault[0m [36mas[0m [33mScreenShareOff[0m } [36mfrom[0m [32m'./screen-share-off.mjs'[0m;
  [90m1289 |[0m [36mexport[0m { [36mdefault[0m [36mas[0m [33mScreenShare[0m } [36mfrom[0m [32m'./screen-share.mjs'[0m;
  [90m1290 |[0m [36mexport[0m { [36mdefault[0m [36mas[0m [33mScrollText[0m } [36mfrom[0m [32m'./scroll-text.mjs'[0m;



Import traces:
  Client Component Browser:
    ./.gemini/antigravity/scratch/teacher-tracking/node_modules/lucide-react/dist/esm/icons/index.mjs [Client Component Browser]
    ./.gemini/antigravity/scratch/teacher-tracking/node_modules/lucide-react/dist/esm/lucide-react.mjs [Client Component Browser]
    ./.gemini/antigravity/scratch/teacher-tracking/src/components/pages/DailyTasksPage.tsx [Client Component Browser]
    ./.gemini/antigravity/scratch/teacher-tracking/src/components/AppShell.tsx [Client Component Browser]
    ./.gemini/antigravity/scratch/teacher-tracking/src/app/page.tsx [Client Component Browser]
    ./.gemini/antigravity/scratch/teacher-tracking/src/app/page.tsx [Server Component]

  Client Component SSR:
    ./.gemini/antigravity/scratch/teacher-tracking/node_modules/lucide-react/dist/esm/icons/index.mjs [Client Component SSR]
    ./.gemini/antigravity/scratch/teacher-tracking/node_modules/lucide-react/dist/esm/lucide-react.mjs [Client Component SSR]
    ./.gemini/antigravity/scratch/teacher-tracking/src/components/pages/DailyTasksPage.tsx [Client Component SSR]
    ./.gemini/antigravity/scratch/teacher-tracking/src/components/AppShell.tsx [Client Component SSR]
    ./.gemini/antigravity/scratch/teacher-tracking/src/app/page.tsx [Client Component SSR]
    ./.gemini/antigravity/scratch/teacher-tracking/src/app/page.tsx [Server Component]

https://nextjs.org/docs/messages/module-not-found


./.gemini/antigravity/scratch/teacher-tracking/node_modules/lucide-react/dist/esm/icons/index.mjs:1288:1
Module not found: Can't resolve './screen-share-off.mjs'
  [90m1286 |[0m [36mexport[0m { [36mdefault[0m [36mas[0m [33mScissors[0m } [36mfrom[0m [32m'./scissors.mjs'[0m;
  [90m1287 |[0m [36mexport[0m { [36mdefault[0m [36mas[0m [33mScooter[0m } [36mfrom[0m [32m'./scooter.mjs'[0m;
[31m[1m>[0m [90m1288 |[0m [36mexport[0m { [36mdefault[0m [36mas[0m [33mScreenShareOff[0m } [36mfrom[0m [32m'./screen-share-off.mjs'[0m;
  [90m     |[0m [31m[1m^^^^^^^^^^^^^^^^^^^^^^^^^^^^^^^^^^^^^^^^^^^^^^^^^^^^^^^^^^^^^^^^^^^[0m
  [90m1289 |[0m [36mexport[0m { [36mdefault[0m [36mas[0m [33mScreenShare[0m } [36mfrom[0m [32m'./screen-share.mjs'[0m;
  [90m1290 |[0m [36mexport[0m { [36mdefault[0m [36mas[0m [33mScrollText[0m } [36mfrom[0m [32m'./scroll-text.mjs'[0m;
  [90m1291 |[0m [36mexport[0m { [36mdefault[0m [36mas[0m [33mScroll[0m } [36mfrom[0m [32m'./scroll.mjs'[0m;



Import traces:
  Client Component Browser:
    ./.gemini/antigravity/scratch/teacher-tracking/node_modules/lucide-react/dist/esm/icons/index.mjs [Client Component Browser]
    ./.gemini/antigravity/scratch/teacher-tracking/node_modules/lucide-react/dist/esm/lucide-react.mjs [Client Component Browser]
    ./.gemini/antigravity/scratch/teacher-tracking/src/components/pages/DailyTasksPage.tsx [Client Component Browser]
    ./.gemini/antigravity/scratch/teacher-tracking/src/components/AppShell.tsx [Client Component Browser]
    ./.gemini/antigravity/scratch/teacher-tracking/src/app/page.tsx [Client Component Browser]
    ./.gemini/antigravity/scratch/teacher-tracking/src/app/page.tsx [Server Component]

  Client Component SSR:
    ./.gemini/antigravity/scratch/teacher-tracking/node_modules/lucide-react/dist/esm/icons/index.mjs [Client Component SSR]
    ./.gemini/antigravity/scratch/teacher-tracking/node_modules/lucide-react/dist/esm/lucide-react.mjs [Client Component SSR]
    ./.gemini/antigravity/scratch/teacher-tracking/src/components/pages/DailyTasksPage.tsx [Client Component SSR]
    ./.gemini/antigravity/scratch/teacher-tracking/src/components/AppShell.tsx [Client Component SSR]
    ./.gemini/antigravity/scratch/teacher-tracking/src/app/page.tsx [Client Component SSR]
    ./.gemini/antigravity/scratch/teacher-tracking/src/app/page.tsx [Server Component]

https://nextjs.org/docs/messages/module-not-found


./.gemini/antigravity/scratch/teacher-tracking/node_modules/lucide-react/dist/esm/icons/index.mjs:1289:1
Module not found: Can't resolve './screen-share.mjs'
  [90m1287 |[0m [36mexport[0m { [36mdefault[0m [36mas[0m [33mScooter[0m } [36mfrom[0m [32m'./scooter.mjs'[0m;
  [90m1288 |[0m [36mexport[0m { [36mdefault[0m [36mas[0m [33mScreenShareOff[0m } [36mfrom[0m [32m'./screen-share-off.mjs'[0m;
[31m[1m>[0m [90m1289 |[0m [36mexport[0m { [36mdefault[0m [36mas[0m [33mScreenShare[0m } [36mfrom[0m [32m'./screen-share.mjs'[0m;
  [90m     |[0m [31m[1m^^^^^^^^^^^^^^^^^^^^^^^^^^^^^^^^^^^^^^^^^^^^^^^^^^^^^^^^^^^^[0m
  [90m1290 |[0m [36mexport[0m { [36mdefault[0m [36mas[0m [33mScrollText[0m } [36mfrom[0m [32m'./scroll-text.mjs'[0m;
  [90m1291 |[0m [36mexport[0m { [36mdefault[0m [36mas[0m [33mScroll[0m } [36mfrom[0m [32m'./scroll.mjs'[0m;
  [90m1292 |[0m [36mexport[0m { [36mdefault[0m [36mas[0m [33mSearchAlert[0m } [36mfrom[0m [32m'./search-alert.mjs'[0m;



Import traces:
  Client Component Browser:
    ./.gemini/antigravity/scratch/teacher-tracking/node_modules/lucide-react/dist/esm/icons/index.mjs [Client Component Browser]
    ./.gemini/antigravity/scratch/teacher-tracking/node_modules/lucide-react/dist/esm/lucide-react.mjs [Client Component Browser]
    ./.gemini/antigravity/scratch/teacher-tracking/src/components/pages/DailyTasksPage.tsx [Client Component Browser]
    ./.gemini/antigravity/scratch/teacher-tracking/src/components/AppShell.tsx [Client Component Browser]
    ./.gemini/antigravity/scratch/teacher-tracking/src/app/page.tsx [Client Component Browser]
    ./.gemini/antigravity/scratch/teacher-tracking/src/app/page.tsx [Server Component]

  Client Component SSR:
    ./.gemini/antigravity/scratch/teacher-tracking/node_modules/lucide-react/dist/esm/icons/index.mjs [Client Component SSR]
    ./.gemini/antigravity/scratch/teacher-tracking/node_modules/lucide-react/dist/esm/lucide-react.mjs [Client Component SSR]
    ./.gemini/antigravity/scratch/teacher-tracking/src/components/pages/DailyTasksPage.tsx [Client Component SSR]
    ./.gemini/antigravity/scratch/teacher-tracking/src/components/AppShell.tsx [Client Component SSR]
    ./.gemini/antigravity/scratch/teacher-tracking/src/app/page.tsx [Client Component SSR]
    ./.gemini/antigravity/scratch/teacher-tracking/src/app/page.tsx [Server Component]

https://nextjs.org/docs/messages/module-not-found


./.gemini/antigravity/scratch/teacher-tracking/node_modules/lucide-react/dist/esm/icons/index.mjs:1290:1
Module not found: Can't resolve './scroll-text.mjs'
  [90m1288 |[0m [36mexport[0m { [36mdefault[0m [36mas[0m [33mScreenShareOff[0m } [36mfrom[0m [32m'./screen-share-off.mjs'[0m;
  [90m1289 |[0m [36mexport[0m { [36mdefault[0m [36mas[0m [33mScreenShare[0m } [36mfrom[0m [32m'./screen-share.mjs'[0m;
[31m[1m>[0m [90m1290 |[0m [36mexport[0m { [36mdefault[0m [36mas[0m [33mScrollText[0m } [36mfrom[0m [32m'./scroll-text.mjs'[0m;
  [90m     |[0m [31m[1m^^^^^^^^^^^^^^^^^^^^^^^^^^^^^^^^^^^^^^^^^^^^^^^^^^^^^^^^^^[0m
  [90m1291 |[0m [36mexport[0m { [36mdefault[0m [36mas[0m [33mScroll[0m } [36mfrom[0m [32m'./scroll.mjs'[0m;
  [90m1292 |[0m [36mexport[0m { [36mdefault[0m [36mas[0m [33mSearchAlert[0m } [36mfrom[0m [32m'./search-alert.mjs'[0m;
  [90m1293 |[0m [36mexport[0m { [36mdefault[0m [36mas[0m [33mSearchCheck[0m } [36mfrom[0m [32m'./search-check.mjs'[0m;



Import traces:
  Client Component Browser:
    ./.gemini/antigravity/scratch/teacher-tracking/node_modules/lucide-react/dist/esm/icons/index.mjs [Client Component Browser]
    ./.gemini/antigravity/scratch/teacher-tracking/node_modules/lucide-react/dist/esm/lucide-react.mjs [Client Component Browser]
    ./.gemini/antigravity/scratch/teacher-tracking/src/components/pages/DailyTasksPage.tsx [Client Component Browser]
    ./.gemini/antigravity/scratch/teacher-tracking/src/components/AppShell.tsx [Client Component Browser]
    ./.gemini/antigravity/scratch/teacher-tracking/src/app/page.tsx [Client Component Browser]
    ./.gemini/antigravity/scratch/teacher-tracking/src/app/page.tsx [Server Component]

  Client Component SSR:
    ./.gemini/antigravity/scratch/teacher-tracking/node_modules/lucide-react/dist/esm/icons/index.mjs [Client Component SSR]
    ./.gemini/antigravity/scratch/teacher-tracking/node_modules/lucide-react/dist/esm/lucide-react.mjs [Client Component SSR]
    ./.gemini/antigravity/scratch/teacher-tracking/src/components/pages/DailyTasksPage.tsx [Client Component SSR]
    ./.gemini/antigravity/scratch/teacher-tracking/src/components/AppShell.tsx [Client Component SSR]
    ./.gemini/antigravity/scratch/teacher-tracking/src/app/page.tsx [Client Component SSR]
    ./.gemini/antigravity/scratch/teacher-tracking/src/app/page.tsx [Server Component]

https://nextjs.org/docs/messages/module-not-found


./.gemini/antigravity/scratch/teacher-tracking/node_modules/lucide-react/dist/esm/icons/index.mjs:1291:1
Module not found: Can't resolve './scroll.mjs'
  [90m1289 |[0m [36mexport[0m { [36mdefault[0m [36mas[0m [33mScreenShare[0m } [36mfrom[0m [32m'./screen-share.mjs'[0m;
  [90m1290 |[0m [36mexport[0m { [36mdefault[0m [36mas[0m [33mScrollText[0m } [36mfrom[0m [32m'./scroll-text.mjs'[0m;
[31m[1m>[0m [90m1291 |[0m [36mexport[0m { [36mdefault[0m [36mas[0m [33mScroll[0m } [36mfrom[0m [32m'./scroll.mjs'[0m;
  [90m     |[0m [31m[1m^^^^^^^^^^^^^^^^^^^^^^^^^^^^^^^^^^^^^^^^^^^^^^^^^[0m
  [90m1292 |[0m [36mexport[0m { [36mdefault[0m [36mas[0m [33mSearchAlert[0m } [36mfrom[0m [32m'./search-alert.mjs'[0m;
  [90m1293 |[0m [36mexport[0m { [36mdefault[0m [36mas[0m [33mSearchCheck[0m } [36mfrom[0m [32m'./search-check.mjs'[0m;
  [90m1294 |[0m [36mexport[0m { [36mdefault[0m [36mas[0m [33mSearchCode[0m } [36mfrom[0m [32m'./search-code.mjs'[0m;



Import traces:
  Client Component Browser:
    ./.gemini/antigravity/scratch/teacher-tracking/node_modules/lucide-react/dist/esm/icons/index.mjs [Client Component Browser]
    ./.gemini/antigravity/scratch/teacher-tracking/node_modules/lucide-react/dist/esm/lucide-react.mjs [Client Component Browser]
    ./.gemini/antigravity/scratch/teacher-tracking/src/components/pages/DailyTasksPage.tsx [Client Component Browser]
    ./.gemini/antigravity/scratch/teacher-tracking/src/components/AppShell.tsx [Client Component Browser]
    ./.gemini/antigravity/scratch/teacher-tracking/src/app/page.tsx [Client Component Browser]
    ./.gemini/antigravity/scratch/teacher-tracking/src/app/page.tsx [Server Component]

  Client Component SSR:
    ./.gemini/antigravity/scratch/teacher-tracking/node_modules/lucide-react/dist/esm/icons/index.mjs [Client Component SSR]
    ./.gemini/antigravity/scratch/teacher-tracking/node_modules/lucide-react/dist/esm/lucide-react.mjs [Client Component SSR]
    ./.gemini/antigravity/scratch/teacher-tracking/src/components/pages/DailyTasksPage.tsx [Client Component SSR]
    ./.gemini/antigravity/scratch/teacher-tracking/src/components/AppShell.tsx [Client Component SSR]
    ./.gemini/antigravity/scratch/teacher-tracking/src/app/page.tsx [Client Component SSR]
    ./.gemini/antigravity/scratch/teacher-tracking/src/app/page.tsx [Server Component]

https://nextjs.org/docs/messages/module-not-found


./.gemini/antigravity/scratch/teacher-tracking/node_modules/lucide-react/dist/esm/icons/index.mjs:1292:1
Module not found: Can't resolve './search-alert.mjs'
  [90m1290 |[0m [36mexport[0m { [36mdefault[0m [36mas[0m [33mScrollText[0m } [36mfrom[0m [32m'./scroll-text.mjs'[0m;
  [90m1291 |[0m [36mexport[0m { [36mdefault[0m [36mas[0m [33mScroll[0m } [36mfrom[0m [32m'./scroll.mjs'[0m;
[31m[1m>[0m [90m1292 |[0m [36mexport[0m { [36mdefault[0m [36mas[0m [33mSearchAlert[0m } [36mfrom[0m [32m'./search-alert.mjs'[0m;
  [90m     |[0m [31m[1m^^^^^^^^^^^^^^^^^^^^^^^^^^^^^^^^^^^^^^^^^^^^^^^^^^^^^^^^^^^^[0m
  [90m1293 |[0m [36mexport[0m { [36mdefault[0m [36mas[0m [33mSearchCheck[0m } [36mfrom[0m [32m'./search-check.mjs'[0m;
  [90m1294 |[0m [36mexport[0m { [36mdefault[0m [36mas[0m [33mSearchCode[0m } [36mfrom[0m [32m'./search-code.mjs'[0m;
  [90m1295 |[0m [36mexport[0m { [36mdefault[0m [36mas[0m [33mSearchSlash[0m } [36mfrom[0m [32m'./search-slash.mjs'[0m;



Import traces:
  Client Component Browser:
    ./.gemini/antigravity/scratch/teacher-tracking/node_modules/lucide-react/dist/esm/icons/index.mjs [Client Component Browser]
    ./.gemini/antigravity/scratch/teacher-tracking/node_modules/lucide-react/dist/esm/lucide-react.mjs [Client Component Browser]
    ./.gemini/antigravity/scratch/teacher-tracking/src/components/pages/DailyTasksPage.tsx [Client Component Browser]
    ./.gemini/antigravity/scratch/teacher-tracking/src/components/AppShell.tsx [Client Component Browser]
    ./.gemini/antigravity/scratch/teacher-tracking/src/app/page.tsx [Client Component Browser]
    ./.gemini/antigravity/scratch/teacher-tracking/src/app/page.tsx [Server Component]

  Client Component SSR:
    ./.gemini/antigravity/scratch/teacher-tracking/node_modules/lucide-react/dist/esm/icons/index.mjs [Client Component SSR]
    ./.gemini/antigravity/scratch/teacher-tracking/node_modules/lucide-react/dist/esm/lucide-react.mjs [Client Component SSR]
    ./.gemini/antigravity/scratch/teacher-tracking/src/components/pages/DailyTasksPage.tsx [Client Component SSR]
    ./.gemini/antigravity/scratch/teacher-tracking/src/components/AppShell.tsx [Client Component SSR]
    ./.gemini/antigravity/scratch/teacher-tracking/src/app/page.tsx [Client Component SSR]
    ./.gemini/antigravity/scratch/teacher-tracking/src/app/page.tsx [Server Component]

https://nextjs.org/docs/messages/module-not-found


./.gemini/antigravity/scratch/teacher-tracking/node_modules/lucide-react/dist/esm/icons/index.mjs:1293:1
Module not found: Can't resolve './search-check.mjs'
  [90m1291 |[0m [36mexport[0m { [36mdefault[0m [36mas[0m [33mScroll[0m } [36mfrom[0m [32m'./scroll.mjs'[0m;
  [90m1292 |[0m [36mexport[0m { [36mdefault[0m [36mas[0m [33mSearchAlert[0m } [36mfrom[0m [32m'./search-alert.mjs'[0m;
[31m[1m>[0m [90m1293 |[0m [36mexport[0m { [36mdefault[0m [36mas[0m [33mSearchCheck[0m } [36mfrom[0m [32m'./search-check.mjs'[0m;
  [90m     |[0m [31m[1m^^^^^^^^^^^^^^^^^^^^^^^^^^^^^^^^^^^^^^^^^^^^^^^^^^^^^^^^^^^^[0m
  [90m1294 |[0m [36mexport[0m { [36mdefault[0m [36mas[0m [33mSearchCode[0m } [36mfrom[0m [32m'./search-code.mjs'[0m;
  [90m1295 |[0m [36mexport[0m { [36mdefault[0m [36mas[0m [33mSearchSlash[0m } [36mfrom[0m [32m'./search-slash.mjs'[0m;
  [90m1296 |[0m [36mexport[0m { [36mdefault[0m [36mas[0m [33mSearchX[0m } [36mfrom[0m [32m'./search-x.mjs'[0m;



Import traces:
  Client Component Browser:
    ./.gemini/antigravity/scratch/teacher-tracking/node_modules/lucide-react/dist/esm/icons/index.mjs [Client Component Browser]
    ./.gemini/antigravity/scratch/teacher-tracking/node_modules/lucide-react/dist/esm/lucide-react.mjs [Client Component Browser]
    ./.gemini/antigravity/scratch/teacher-tracking/src/components/pages/DailyTasksPage.tsx [Client Component Browser]
    ./.gemini/antigravity/scratch/teacher-tracking/src/components/AppShell.tsx [Client Component Browser]
    ./.gemini/antigravity/scratch/teacher-tracking/src/app/page.tsx [Client Component Browser]
    ./.gemini/antigravity/scratch/teacher-tracking/src/app/page.tsx [Server Component]

  Client Component SSR:
    ./.gemini/antigravity/scratch/teacher-tracking/node_modules/lucide-react/dist/esm/icons/index.mjs [Client Component SSR]
    ./.gemini/antigravity/scratch/teacher-tracking/node_modules/lucide-react/dist/esm/lucide-react.mjs [Client Component SSR]
    ./.gemini/antigravity/scratch/teacher-tracking/src/components/pages/DailyTasksPage.tsx [Client Component SSR]
    ./.gemini/antigravity/scratch/teacher-tracking/src/components/AppShell.tsx [Client Component SSR]
    ./.gemini/antigravity/scratch/teacher-tracking/src/app/page.tsx [Client Component SSR]
    ./.gemini/antigravity/scratch/teacher-tracking/src/app/page.tsx [Server Component]

https://nextjs.org/docs/messages/module-not-found


./.gemini/antigravity/scratch/teacher-tracking/node_modules/lucide-react/dist/esm/icons/index.mjs:1294:1
Module not found: Can't resolve './search-code.mjs'
  [90m1292 |[0m [36mexport[0m { [36mdefault[0m [36mas[0m [33mSearchAlert[0m } [36mfrom[0m [32m'./search-alert.mjs'[0m;
  [90m1293 |[0m [36mexport[0m { [36mdefault[0m [36mas[0m [33mSearchCheck[0m } [36mfrom[0m [32m'./search-check.mjs'[0m;
[31m[1m>[0m [90m1294 |[0m [36mexport[0m { [36mdefault[0m [36mas[0m [33mSearchCode[0m } [36mfrom[0m [32m'./search-code.mjs'[0m;
  [90m     |[0m [31m[1m^^^^^^^^^^^^^^^^^^^^^^^^^^^^^^^^^^^^^^^^^^^^^^^^^^^^^^^^^^[0m
  [90m1295 |[0m [36mexport[0m { [36mdefault[0m [36mas[0m [33mSearchSlash[0m } [36mfrom[0m [32m'./search-slash.mjs'[0m;
  [90m1296 |[0m [36mexport[0m { [36mdefault[0m [36mas[0m [33mSearchX[0m } [36mfrom[0m [32m'./search-x.mjs'[0m;
  [90m1297 |[0m [36mexport[0m { [36mdefault[0m [36mas[0m [33mSearch[0m } [36mfrom[0m [32m'./search.mjs'[0m;



Import traces:
  Client Component Browser:
    ./.gemini/antigravity/scratch/teacher-tracking/node_modules/lucide-react/dist/esm/icons/index.mjs [Client Component Browser]
    ./.gemini/antigravity/scratch/teacher-tracking/node_modules/lucide-react/dist/esm/lucide-react.mjs [Client Component Browser]
    ./.gemini/antigravity/scratch/teacher-tracking/src/components/pages/DailyTasksPage.tsx [Client Component Browser]
    ./.gemini/antigravity/scratch/teacher-tracking/src/components/AppShell.tsx [Client Component Browser]
    ./.gemini/antigravity/scratch/teacher-tracking/src/app/page.tsx [Client Component Browser]
    ./.gemini/antigravity/scratch/teacher-tracking/src/app/page.tsx [Server Component]

  Client Component SSR:
    ./.gemini/antigravity/scratch/teacher-tracking/node_modules/lucide-react/dist/esm/icons/index.mjs [Client Component SSR]
    ./.gemini/antigravity/scratch/teacher-tracking/node_modules/lucide-react/dist/esm/lucide-react.mjs [Client Component SSR]
    ./.gemini/antigravity/scratch/teacher-tracking/src/components/pages/DailyTasksPage.tsx [Client Component SSR]
    ./.gemini/antigravity/scratch/teacher-tracking/src/components/AppShell.tsx [Client Component SSR]
    ./.gemini/antigravity/scratch/teacher-tracking/src/app/page.tsx [Client Component SSR]
    ./.gemini/antigravity/scratch/teacher-tracking/src/app/page.tsx [Server Component]

https://nextjs.org/docs/messages/module-not-found


./.gemini/antigravity/scratch/teacher-tracking/node_modules/lucide-react/dist/esm/icons/index.mjs:1295:1
Module not found: Can't resolve './search-slash.mjs'
  [90m1293 |[0m [36mexport[0m { [36mdefault[0m [36mas[0m [33mSearchCheck[0m } [36mfrom[0m [32m'./search-check.mjs'[0m;
  [90m1294 |[0m [36mexport[0m { [36mdefault[0m [36mas[0m [33mSearchCode[0m } [36mfrom[0m [32m'./search-code.mjs'[0m;
[31m[1m>[0m [90m1295 |[0m [36mexport[0m { [36mdefault[0m [36mas[0m [33mSearchSlash[0m } [36mfrom[0m [32m'./search-slash.mjs'[0m;
  [90m     |[0m [31m[1m^^^^^^^^^^^^^^^^^^^^^^^^^^^^^^^^^^^^^^^^^^^^^^^^^^^^^^^^^^^^[0m
  [90m1296 |[0m [36mexport[0m { [36mdefault[0m [36mas[0m [33mSearchX[0m } [36mfrom[0m [32m'./search-x.mjs'[0m;
  [90m1297 |[0m [36mexport[0m { [36mdefault[0m [36mas[0m [33mSearch[0m } [36mfrom[0m [32m'./search.mjs'[0m;
  [90m1298 |[0m [36mexport[0m { [36mdefault[0m [36mas[0m [33mSection[0m } [36mfrom[0m [32m'./section.mjs'[0m;



Import traces:
  Client Component Browser:
    ./.gemini/antigravity/scratch/teacher-tracking/node_modules/lucide-react/dist/esm/icons/index.mjs [Client Component Browser]
    ./.gemini/antigravity/scratch/teacher-tracking/node_modules/lucide-react/dist/esm/lucide-react.mjs [Client Component Browser]
    ./.gemini/antigravity/scratch/teacher-tracking/src/components/pages/DailyTasksPage.tsx [Client Component Browser]
    ./.gemini/antigravity/scratch/teacher-tracking/src/components/AppShell.tsx [Client Component Browser]
    ./.gemini/antigravity/scratch/teacher-tracking/src/app/page.tsx [Client Component Browser]
    ./.gemini/antigravity/scratch/teacher-tracking/src/app/page.tsx [Server Component]

  Client Component SSR:
    ./.gemini/antigravity/scratch/teacher-tracking/node_modules/lucide-react/dist/esm/icons/index.mjs [Client Component SSR]
    ./.gemini/antigravity/scratch/teacher-tracking/node_modules/lucide-react/dist/esm/lucide-react.mjs [Client Component SSR]
    ./.gemini/antigravity/scratch/teacher-tracking/src/components/pages/DailyTasksPage.tsx [Client Component SSR]
    ./.gemini/antigravity/scratch/teacher-tracking/src/components/AppShell.tsx [Client Component SSR]
    ./.gemini/antigravity/scratch/teacher-tracking/src/app/page.tsx [Client Component SSR]
    ./.gemini/antigravity/scratch/teacher-tracking/src/app/page.tsx [Server Component]

https://nextjs.org/docs/messages/module-not-found


./.gemini/antigravity/scratch/teacher-tracking/node_modules/lucide-react/dist/esm/icons/index.mjs:1296:1
Module not found: Can't resolve './search-x.mjs'
  [90m1294 |[0m [36mexport[0m { [36mdefault[0m [36mas[0m [33mSearchCode[0m } [36mfrom[0m [32m'./search-code.mjs'[0m;
  [90m1295 |[0m [36mexport[0m { [36mdefault[0m [36mas[0m [33mSearchSlash[0m } [36mfrom[0m [32m'./search-slash.mjs'[0m;
[31m[1m>[0m [90m1296 |[0m [36mexport[0m { [36mdefault[0m [36mas[0m [33mSearchX[0m } [36mfrom[0m [32m'./search-x.mjs'[0m;
  [90m     |[0m [31m[1m^^^^^^^^^^^^^^^^^^^^^^^^^^^^^^^^^^^^^^^^^^^^^^^^^^^^[0m
  [90m1297 |[0m [36mexport[0m { [36mdefault[0m [36mas[0m [33mSearch[0m } [36mfrom[0m [32m'./search.mjs'[0m;
  [90m1298 |[0m [36mexport[0m { [36mdefault[0m [36mas[0m [33mSection[0m } [36mfrom[0m [32m'./section.mjs'[0m;
  [90m1299 |[0m [36mexport[0m { [36mdefault[0m [36mas[0m [33mSendHorizontal[0m } [36mfrom[0m [32m'./send-horizontal.mjs'[0m;



Import traces:
  Client Component Browser:
    ./.gemini/antigravity/scratch/teacher-tracking/node_modules/lucide-react/dist/esm/icons/index.mjs [Client Component Browser]
    ./.gemini/antigravity/scratch/teacher-tracking/node_modules/lucide-react/dist/esm/lucide-react.mjs [Client Component Browser]
    ./.gemini/antigravity/scratch/teacher-tracking/src/components/pages/DailyTasksPage.tsx [Client Component Browser]
    ./.gemini/antigravity/scratch/teacher-tracking/src/components/AppShell.tsx [Client Component Browser]
    ./.gemini/antigravity/scratch/teacher-tracking/src/app/page.tsx [Client Component Browser]
    ./.gemini/antigravity/scratch/teacher-tracking/src/app/page.tsx [Server Component]

  Client Component SSR:
    ./.gemini/antigravity/scratch/teacher-tracking/node_modules/lucide-react/dist/esm/icons/index.mjs [Client Component SSR]
    ./.gemini/antigravity/scratch/teacher-tracking/node_modules/lucide-react/dist/esm/lucide-react.mjs [Client Component SSR]
    ./.gemini/antigravity/scratch/teacher-tracking/src/components/pages/DailyTasksPage.tsx [Client Component SSR]
    ./.gemini/antigravity/scratch/teacher-tracking/src/components/AppShell.tsx [Client Component SSR]
    ./.gemini/antigravity/scratch/teacher-tracking/src/app/page.tsx [Client Component SSR]
    ./.gemini/antigravity/scratch/teacher-tracking/src/app/page.tsx [Server Component]

https://nextjs.org/docs/messages/module-not-found


./.gemini/antigravity/scratch/teacher-tracking/node_modules/lucide-react/dist/esm/icons/index.mjs:1297:1
Module not found: Can't resolve './search.mjs'
  [90m1295 |[0m [36mexport[0m { [36mdefault[0m [36mas[0m [33mSearchSlash[0m } [36mfrom[0m [32m'./search-slash.mjs'[0m;
  [90m1296 |[0m [36mexport[0m { [36mdefault[0m [36mas[0m [33mSearchX[0m } [36mfrom[0m [32m'./search-x.mjs'[0m;
[31m[1m>[0m [90m1297 |[0m [36mexport[0m { [36mdefault[0m [36mas[0m [33mSearch[0m } [36mfrom[0m [32m'./search.mjs'[0m;
  [90m     |[0m [31m[1m^^^^^^^^^^^^^^^^^^^^^^^^^^^^^^^^^^^^^^^^^^^^^^^^^[0m
  [90m1298 |[0m [36mexport[0m { [36mdefault[0m [36mas[0m [33mSection[0m } [36mfrom[0m [32m'./section.mjs'[0m;
  [90m1299 |[0m [36mexport[0m { [36mdefault[0m [36mas[0m [33mSendHorizontal[0m } [36mfrom[0m [32m'./send-horizontal.mjs'[0m;
  [90m1300 |[0m [36mexport[0m { [36mdefault[0m [36mas[0m [33mSendToBack[0m } [36mfrom[0m [32m'./send-to-back.mjs'[0m;



Import traces:
  Client Component Browser:
    ./.gemini/antigravity/scratch/teacher-tracking/node_modules/lucide-react/dist/esm/icons/index.mjs [Client Component Browser]
    ./.gemini/antigravity/scratch/teacher-tracking/node_modules/lucide-react/dist/esm/lucide-react.mjs [Client Component Browser]
    ./.gemini/antigravity/scratch/teacher-tracking/src/components/pages/DailyTasksPage.tsx [Client Component Browser]
    ./.gemini/antigravity/scratch/teacher-tracking/src/components/AppShell.tsx [Client Component Browser]
    ./.gemini/antigravity/scratch/teacher-tracking/src/app/page.tsx [Client Component Browser]
    ./.gemini/antigravity/scratch/teacher-tracking/src/app/page.tsx [Server Component]

  Client Component SSR:
    ./.gemini/antigravity/scratch/teacher-tracking/node_modules/lucide-react/dist/esm/icons/index.mjs [Client Component SSR]
    ./.gemini/antigravity/scratch/teacher-tracking/node_modules/lucide-react/dist/esm/lucide-react.mjs [Client Component SSR]
    ./.gemini/antigravity/scratch/teacher-tracking/src/components/pages/DailyTasksPage.tsx [Client Component SSR]
    ./.gemini/antigravity/scratch/teacher-tracking/src/components/AppShell.tsx [Client Component SSR]
    ./.gemini/antigravity/scratch/teacher-tracking/src/app/page.tsx [Client Component SSR]
    ./.gemini/antigravity/scratch/teacher-tracking/src/app/page.tsx [Server Component]

https://nextjs.org/docs/messages/module-not-found


./.gemini/antigravity/scratch/teacher-tracking/node_modules/lucide-react/dist/esm/icons/index.mjs:1298:1
Module not found: Can't resolve './section.mjs'
  [90m1296 |[0m [36mexport[0m { [36mdefault[0m [36mas[0m [33mSearchX[0m } [36mfrom[0m [32m'./search-x.mjs'[0m;
  [90m1297 |[0m [36mexport[0m { [36mdefault[0m [36mas[0m [33mSearch[0m } [36mfrom[0m [32m'./search.mjs'[0m;
[31m[1m>[0m [90m1298 |[0m [36mexport[0m { [36mdefault[0m [36mas[0m [33mSection[0m } [36mfrom[0m [32m'./section.mjs'[0m;
  [90m     |[0m [31m[1m^^^^^^^^^^^^^^^^^^^^^^^^^^^^^^^^^^^^^^^^^^^^^^^^^^^[0m
  [90m1299 |[0m [36mexport[0m { [36mdefault[0m [36mas[0m [33mSendHorizontal[0m } [36mfrom[0m [32m'./send-horizontal.mjs'[0m;
  [90m1300 |[0m [36mexport[0m { [36mdefault[0m [36mas[0m [33mSendToBack[0m } [36mfrom[0m [32m'./send-to-back.mjs'[0m;
  [90m1301 |[0m [36mexport[0m { [36mdefault[0m [36mas[0m [33mSend[0m } [36mfrom[0m [32m'./send.mjs'[0m;



Import traces:
  Client Component Browser:
    ./.gemini/antigravity/scratch/teacher-tracking/node_modules/lucide-react/dist/esm/icons/index.mjs [Client Component Browser]
    ./.gemini/antigravity/scratch/teacher-tracking/node_modules/lucide-react/dist/esm/lucide-react.mjs [Client Component Browser]
    ./.gemini/antigravity/scratch/teacher-tracking/src/components/pages/DailyTasksPage.tsx [Client Component Browser]
    ./.gemini/antigravity/scratch/teacher-tracking/src/components/AppShell.tsx [Client Component Browser]
    ./.gemini/antigravity/scratch/teacher-tracking/src/app/page.tsx [Client Component Browser]
    ./.gemini/antigravity/scratch/teacher-tracking/src/app/page.tsx [Server Component]

  Client Component SSR:
    ./.gemini/antigravity/scratch/teacher-tracking/node_modules/lucide-react/dist/esm/icons/index.mjs [Client Component SSR]
    ./.gemini/antigravity/scratch/teacher-tracking/node_modules/lucide-react/dist/esm/lucide-react.mjs [Client Component SSR]
    ./.gemini/antigravity/scratch/teacher-tracking/src/components/pages/DailyTasksPage.tsx [Client Component SSR]
    ./.gemini/antigravity/scratch/teacher-tracking/src/components/AppShell.tsx [Client Component SSR]
    ./.gemini/antigravity/scratch/teacher-tracking/src/app/page.tsx [Client Component SSR]
    ./.gemini/antigravity/scratch/teacher-tracking/src/app/page.tsx [Server Component]

https://nextjs.org/docs/messages/module-not-found


./.gemini/antigravity/scratch/teacher-tracking/node_modules/lucide-react/dist/esm/icons/index.mjs:1299:1
Module not found: Can't resolve './send-horizontal.mjs'
  [90m1297 |[0m ...[36mxport[0m { [36mdefault[0m [36mas[0m [33mSearch[0m } [36mfrom[0m [32m'./search.mjs'[0m;
  [90m1298 |[0m ...[36mxport[0m { [36mdefault[0m [36mas[0m [33mSection[0m } [36mfrom[0m [32m'./section.mjs'[0m;
[31m[1m>[0m [90m1299 |[0m ...[36mxport[0m { [36mdefault[0m [36mas[0m [33mSendHorizontal[0m } [36mfrom[0m [32m'./send-horizontal.mjs'[0m;
  [90m     |[0m    [31m[1m^^^^^^^^^^^^^^^^^^^^^^^^^^^^^^^^^^^^^^^^^^^^^^^^^^^^^^^^^^^^^^^^^^[0m
  [90m1300 |[0m ...[36mxport[0m { [36mdefault[0m [36mas[0m [33mSendToBack[0m } [36mfrom[0m [32m'./send-to-back.mjs'[0m;
  [90m1301 |[0m ...[36mxport[0m { [36mdefault[0m [36mas[0m [33mSend[0m } [36mfrom[0m [32m'./send.mjs'[0m;
  [90m1302 |[0m ...[36mxport[0m { [36mdefault[0m [36mas[0m [33mSeparatorHorizontal[0m } [36mfrom[0m [32m'./separator-horizo...[0m



Import traces:
  Client Component Browser:
    ./.gemini/antigravity/scratch/teacher-tracking/node_modules/lucide-react/dist/esm/icons/index.mjs [Client Component Browser]
    ./.gemini/antigravity/scratch/teacher-tracking/node_modules/lucide-react/dist/esm/lucide-react.mjs [Client Component Browser]
    ./.gemini/antigravity/scratch/teacher-tracking/src/components/pages/DailyTasksPage.tsx [Client Component Browser]
    ./.gemini/antigravity/scratch/teacher-tracking/src/components/AppShell.tsx [Client Component Browser]
    ./.gemini/antigravity/scratch/teacher-tracking/src/app/page.tsx [Client Component Browser]
    ./.gemini/antigravity/scratch/teacher-tracking/src/app/page.tsx [Server Component]

  Client Component SSR:
    ./.gemini/antigravity/scratch/teacher-tracking/node_modules/lucide-react/dist/esm/icons/index.mjs [Client Component SSR]
    ./.gemini/antigravity/scratch/teacher-tracking/node_modules/lucide-react/dist/esm/lucide-react.mjs [Client Component SSR]
    ./.gemini/antigravity/scratch/teacher-tracking/src/components/pages/DailyTasksPage.tsx [Client Component SSR]
    ./.gemini/antigravity/scratch/teacher-tracking/src/components/AppShell.tsx [Client Component SSR]
    ./.gemini/antigravity/scratch/teacher-tracking/src/app/page.tsx [Client Component SSR]
    ./.gemini/antigravity/scratch/teacher-tracking/src/app/page.tsx [Server Component]

https://nextjs.org/docs/messages/module-not-found


./.gemini/antigravity/scratch/teacher-tracking/node_modules/lucide-react/dist/esm/icons/index.mjs:1300:1
Module not found: Can't resolve './send-to-back.mjs'
  [90m1298 |[0m [36mexport[0m { [36mdefault[0m [36mas[0m [33mSection[0m } [36mfrom[0m [32m'./section.mjs'[0m;
  [90m1299 |[0m [36mexport[0m { [36mdefault[0m [36mas[0m [33mSendHorizontal[0m } [36mfrom[0m [32m'./send-horizontal.mjs'[0m;
[31m[1m>[0m [90m1300 |[0m [36mexport[0m { [36mdefault[0m [36mas[0m [33mSendToBack[0m } [36mfrom[0m [32m'./send-to-back.mjs'[0m;
  [90m     |[0m [31m[1m^^^^^^^^^^^^^^^^^^^^^^^^^^^^^^^^^^^^^^^^^^^^^^^^^^^^^^^^^^^[0m
  [90m1301 |[0m [36mexport[0m { [36mdefault[0m [36mas[0m [33mSend[0m } [36mfrom[0m [32m'./send.mjs'[0m;
  [90m1302 |[0m [36mexport[0m { [36mdefault[0m [36mas[0m [33mSeparatorHorizontal[0m } [36mfrom[0m [32m'./separator-horizont...[0m
  [90m1303 |[0m [36mexport[0m { [36mdefault[0m [36mas[0m [33mServerCog[0m } [36mfrom[0m [32m'./server-cog.mjs'[0m;



Import traces:
  Client Component Browser:
    ./.gemini/antigravity/scratch/teacher-tracking/node_modules/lucide-react/dist/esm/icons/index.mjs [Client Component Browser]
    ./.gemini/antigravity/scratch/teacher-tracking/node_modules/lucide-react/dist/esm/lucide-react.mjs [Client Component Browser]
    ./.gemini/antigravity/scratch/teacher-tracking/src/components/pages/DailyTasksPage.tsx [Client Component Browser]
    ./.gemini/antigravity/scratch/teacher-tracking/src/components/AppShell.tsx [Client Component Browser]
    ./.gemini/antigravity/scratch/teacher-tracking/src/app/page.tsx [Client Component Browser]
    ./.gemini/antigravity/scratch/teacher-tracking/src/app/page.tsx [Server Component]

  Client Component SSR:
    ./.gemini/antigravity/scratch/teacher-tracking/node_modules/lucide-react/dist/esm/icons/index.mjs [Client Component SSR]
    ./.gemini/antigravity/scratch/teacher-tracking/node_modules/lucide-react/dist/esm/lucide-react.mjs [Client Component SSR]
    ./.gemini/antigravity/scratch/teacher-tracking/src/components/pages/DailyTasksPage.tsx [Client Component SSR]
    ./.gemini/antigravity/scratch/teacher-tracking/src/components/AppShell.tsx [Client Component SSR]
    ./.gemini/antigravity/scratch/teacher-tracking/src/app/page.tsx [Client Component SSR]
    ./.gemini/antigravity/scratch/teacher-tracking/src/app/page.tsx [Server Component]

https://nextjs.org/docs/messages/module-not-found


./.gemini/antigravity/scratch/teacher-tracking/node_modules/lucide-react/dist/esm/icons/index.mjs:1301:1
Module not found: Can't resolve './send.mjs'
  [90m1299 |[0m [36mexport[0m { [36mdefault[0m [36mas[0m [33mSendHorizontal[0m } [36mfrom[0m [32m'./send-horizontal.mjs'[0m;
  [90m1300 |[0m [36mexport[0m { [36mdefault[0m [36mas[0m [33mSendToBack[0m } [36mfrom[0m [32m'./send-to-back.mjs'[0m;
[31m[1m>[0m [90m1301 |[0m [36mexport[0m { [36mdefault[0m [36mas[0m [33mSend[0m } [36mfrom[0m [32m'./send.mjs'[0m;
  [90m     |[0m [31m[1m^^^^^^^^^^^^^^^^^^^^^^^^^^^^^^^^^^^^^^^^^^^^^[0m
  [90m1302 |[0m [36mexport[0m { [36mdefault[0m [36mas[0m [33mSeparatorHorizontal[0m } [36mfrom[0m [32m'./separator-horizont...[0m
  [90m1303 |[0m [36mexport[0m { [36mdefault[0m [36mas[0m [33mServerCog[0m } [36mfrom[0m [32m'./server-cog.mjs'[0m;
  [90m1304 |[0m [36mexport[0m { [36mdefault[0m [36mas[0m [33mSeparatorVertical[0m } [36mfrom[0m [32m'./separator-vertical.m...[0m



Import traces:
  Client Component Browser:
    ./.gemini/antigravity/scratch/teacher-tracking/node_modules/lucide-react/dist/esm/icons/index.mjs [Client Component Browser]
    ./.gemini/antigravity/scratch/teacher-tracking/node_modules/lucide-react/dist/esm/lucide-react.mjs [Client Component Browser]
    ./.gemini/antigravity/scratch/teacher-tracking/src/components/pages/DailyTasksPage.tsx [Client Component Browser]
    ./.gemini/antigravity/scratch/teacher-tracking/src/components/AppShell.tsx [Client Component Browser]
    ./.gemini/antigravity/scratch/teacher-tracking/src/app/page.tsx [Client Component Browser]
    ./.gemini/antigravity/scratch/teacher-tracking/src/app/page.tsx [Server Component]

  Client Component SSR:
    ./.gemini/antigravity/scratch/teacher-tracking/node_modules/lucide-react/dist/esm/icons/index.mjs [Client Component SSR]
    ./.gemini/antigravity/scratch/teacher-tracking/node_modules/lucide-react/dist/esm/lucide-react.mjs [Client Component SSR]
    ./.gemini/antigravity/scratch/teacher-tracking/src/components/pages/DailyTasksPage.tsx [Client Component SSR]
    ./.gemini/antigravity/scratch/teacher-tracking/src/components/AppShell.tsx [Client Component SSR]
    ./.gemini/antigravity/scratch/teacher-tracking/src/app/page.tsx [Client Component SSR]
    ./.gemini/antigravity/scratch/teacher-tracking/src/app/page.tsx [Server Component]

https://nextjs.org/docs/messages/module-not-found


./.gemini/antigravity/scratch/teacher-tracking/node_modules/lucide-react/dist/esm/icons/index.mjs:1302:1
Module not found: Can't resolve './separator-horizontal.mjs'
  [90m1300 |[0m ... { [36mdefault[0m [36mas[0m [33mSendToBack[0m } [36mfrom[0m [32m'./send-to-back.mjs'[0m;
  [90m1301 |[0m ... { [36mdefault[0m [36mas[0m [33mSend[0m } [36mfrom[0m [32m'./send.mjs'[0m;
[31m[1m>[0m [90m1302 |[0m ... { [36mdefault[0m [36mas[0m [33mSeparatorHorizontal[0m } [36mfrom[0m [32m'./separator-horizontal....[0m
  [90m     |[0m    [31m[1m^^^^^^^^^^^^^^^^^^^^^^^^^^^^^^^^^^^^^^^^^^^^^^^^^^^^^^^^^^^^^^^^^^^^[0m
  [90m1303 |[0m ... { [36mdefault[0m [36mas[0m [33mServerCog[0m } [36mfrom[0m [32m'./server-cog.mjs'[0m;
  [90m1304 |[0m ... { [36mdefault[0m [36mas[0m [33mSeparatorVertical[0m } [36mfrom[0m [32m'./separator-vertical.mjs'[0m;
  [90m1305 |[0m ... { [36mdefault[0m [36mas[0m [33mServerCrash[0m } [36mfrom[0m [32m'./server-crash.mjs'[0m;



Import traces:
  Client Component Browser:
    ./.gemini/antigravity/scratch/teacher-tracking/node_modules/lucide-react/dist/esm/icons/index.mjs [Client Component Browser]
    ./.gemini/antigravity/scratch/teacher-tracking/node_modules/lucide-react/dist/esm/lucide-react.mjs [Client Component Browser]
    ./.gemini/antigravity/scratch/teacher-tracking/src/components/pages/DailyTasksPage.tsx [Client Component Browser]
    ./.gemini/antigravity/scratch/teacher-tracking/src/components/AppShell.tsx [Client Component Browser]
    ./.gemini/antigravity/scratch/teacher-tracking/src/app/page.tsx [Client Component Browser]
    ./.gemini/antigravity/scratch/teacher-tracking/src/app/page.tsx [Server Component]

  Client Component SSR:
    ./.gemini/antigravity/scratch/teacher-tracking/node_modules/lucide-react/dist/esm/icons/index.mjs [Client Component SSR]
    ./.gemini/antigravity/scratch/teacher-tracking/node_modules/lucide-react/dist/esm/lucide-react.mjs [Client Component SSR]
    ./.gemini/antigravity/scratch/teacher-tracking/src/components/pages/DailyTasksPage.tsx [Client Component SSR]
    ./.gemini/antigravity/scratch/teacher-tracking/src/components/AppShell.tsx [Client Component SSR]
    ./.gemini/antigravity/scratch/teacher-tracking/src/app/page.tsx [Client Component SSR]
    ./.gemini/antigravity/scratch/teacher-tracking/src/app/page.tsx [Server Component]

https://nextjs.org/docs/messages/module-not-found


./.gemini/antigravity/scratch/teacher-tracking/node_modules/lucide-react/dist/esm/icons/index.mjs:1304:1
Module not found: Can't resolve './separator-vertical.mjs'
  [90m1302 |[0m ...[36mrt[0m { [36mdefault[0m [36mas[0m [33mSeparatorHorizontal[0m } [36mfrom[0m [32m'./separator-horizonta...[0m
  [90m1303 |[0m ...[36mrt[0m { [36mdefault[0m [36mas[0m [33mServerCog[0m } [36mfrom[0m [32m'./server-cog.mjs'[0m;
[31m[1m>[0m [90m1304 |[0m ...[36mrt[0m { [36mdefault[0m [36mas[0m [33mSeparatorVertical[0m } [36mfrom[0m [32m'./separator-vertical.mjs'[0m;
  [90m     |[0m    [31m[1m^^^^^^^^^^^^^^^^^^^^^^^^^^^^^^^^^^^^^^^^^^^^^^^^^^^^^^^^^^^^^^^^^^^^[0m
  [90m1305 |[0m ...[36mrt[0m { [36mdefault[0m [36mas[0m [33mServerCrash[0m } [36mfrom[0m [32m'./server-crash.mjs'[0m;
  [90m1306 |[0m ...[36mrt[0m { [36mdefault[0m [36mas[0m [33mServerOff[0m } [36mfrom[0m [32m'./server-off.mjs'[0m;
  [90m1307 |[0m ...[36mrt[0m { [36mdefault[0m [36mas[0m [33mServer[0m } [36mfrom[0m [32m'./server.mjs'[0m;



Import traces:
  Client Component Browser:
    ./.gemini/antigravity/scratch/teacher-tracking/node_modules/lucide-react/dist/esm/icons/index.mjs [Client Component Browser]
    ./.gemini/antigravity/scratch/teacher-tracking/node_modules/lucide-react/dist/esm/lucide-react.mjs [Client Component Browser]
    ./.gemini/antigravity/scratch/teacher-tracking/src/components/pages/DailyTasksPage.tsx [Client Component Browser]
    ./.gemini/antigravity/scratch/teacher-tracking/src/components/AppShell.tsx [Client Component Browser]
    ./.gemini/antigravity/scratch/teacher-tracking/src/app/page.tsx [Client Component Browser]
    ./.gemini/antigravity/scratch/teacher-tracking/src/app/page.tsx [Server Component]

  Client Component SSR:
    ./.gemini/antigravity/scratch/teacher-tracking/node_modules/lucide-react/dist/esm/icons/index.mjs [Client Component SSR]
    ./.gemini/antigravity/scratch/teacher-tracking/node_modules/lucide-react/dist/esm/lucide-react.mjs [Client Component SSR]
    ./.gemini/antigravity/scratch/teacher-tracking/src/components/pages/DailyTasksPage.tsx [Client Component SSR]
    ./.gemini/antigravity/scratch/teacher-tracking/src/components/AppShell.tsx [Client Component SSR]
    ./.gemini/antigravity/scratch/teacher-tracking/src/app/page.tsx [Client Component SSR]
    ./.gemini/antigravity/scratch/teacher-tracking/src/app/page.tsx [Server Component]

https://nextjs.org/docs/messages/module-not-found


./.gemini/antigravity/scratch/teacher-tracking/node_modules/lucide-react/dist/esm/icons/index.mjs:1303:1
Module not found: Can't resolve './server-cog.mjs'
  [90m1301 |[0m [36mexport[0m { [36mdefault[0m [36mas[0m [33mSend[0m } [36mfrom[0m [32m'./send.mjs'[0m;
  [90m1302 |[0m [36mexport[0m { [36mdefault[0m [36mas[0m [33mSeparatorHorizontal[0m } [36mfrom[0m [32m'./separator-horizont...[0m
[31m[1m>[0m [90m1303 |[0m [36mexport[0m { [36mdefault[0m [36mas[0m [33mServerCog[0m } [36mfrom[0m [32m'./server-cog.mjs'[0m;
  [90m     |[0m [31m[1m^^^^^^^^^^^^^^^^^^^^^^^^^^^^^^^^^^^^^^^^^^^^^^^^^^^^^^^^[0m
  [90m1304 |[0m [36mexport[0m { [36mdefault[0m [36mas[0m [33mSeparatorVertical[0m } [36mfrom[0m [32m'./separator-vertical.m...[0m
  [90m1305 |[0m [36mexport[0m { [36mdefault[0m [36mas[0m [33mServerCrash[0m } [36mfrom[0m [32m'./server-crash.mjs'[0m;
  [90m1306 |[0m [36mexport[0m { [36mdefault[0m [36mas[0m [33mServerOff[0m } [36mfrom[0m [32m'./server-off.mjs'[0m;



Import traces:
  Client Component Browser:
    ./.gemini/antigravity/scratch/teacher-tracking/node_modules/lucide-react/dist/esm/icons/index.mjs [Client Component Browser]
    ./.gemini/antigravity/scratch/teacher-tracking/node_modules/lucide-react/dist/esm/lucide-react.mjs [Client Component Browser]
    ./.gemini/antigravity/scratch/teacher-tracking/src/components/pages/DailyTasksPage.tsx [Client Component Browser]
    ./.gemini/antigravity/scratch/teacher-tracking/src/components/AppShell.tsx [Client Component Browser]
    ./.gemini/antigravity/scratch/teacher-tracking/src/app/page.tsx [Client Component Browser]
    ./.gemini/antigravity/scratch/teacher-tracking/src/app/page.tsx [Server Component]

  Client Component SSR:
    ./.gemini/antigravity/scratch/teacher-tracking/node_modules/lucide-react/dist/esm/icons/index.mjs [Client Component SSR]
    ./.gemini/antigravity/scratch/teacher-tracking/node_modules/lucide-react/dist/esm/lucide-react.mjs [Client Component SSR]
    ./.gemini/antigravity/scratch/teacher-tracking/src/components/pages/DailyTasksPage.tsx [Client Component SSR]
    ./.gemini/antigravity/scratch/teacher-tracking/src/components/AppShell.tsx [Client Component SSR]
    ./.gemini/antigravity/scratch/teacher-tracking/src/app/page.tsx [Client Component SSR]
    ./.gemini/antigravity/scratch/teacher-tracking/src/app/page.tsx [Server Component]

https://nextjs.org/docs/messages/module-not-found


./.gemini/antigravity/scratch/teacher-tracking/node_modules/lucide-react/dist/esm/icons/index.mjs:1305:1
Module not found: Can't resolve './server-crash.mjs'
  [90m1303 |[0m [36mexport[0m { [36mdefault[0m [36mas[0m [33mServerCog[0m } [36mfrom[0m [32m'./server-cog.mjs'[0m;
  [90m1304 |[0m [36mexport[0m { [36mdefault[0m [36mas[0m [33mSeparatorVertical[0m } [36mfrom[0m [32m'./separator-vertical.m...[0m
[31m[1m>[0m [90m1305 |[0m [36mexport[0m { [36mdefault[0m [36mas[0m [33mServerCrash[0m } [36mfrom[0m [32m'./server-crash.mjs'[0m;
  [90m     |[0m [31m[1m^^^^^^^^^^^^^^^^^^^^^^^^^^^^^^^^^^^^^^^^^^^^^^^^^^^^^^^^^^^^[0m
  [90m1306 |[0m [36mexport[0m { [36mdefault[0m [36mas[0m [33mServerOff[0m } [36mfrom[0m [32m'./server-off.mjs'[0m;
  [90m1307 |[0m [36mexport[0m { [36mdefault[0m [36mas[0m [33mServer[0m } [36mfrom[0m [32m'./server.mjs'[0m;
  [90m1308 |[0m [36mexport[0m { [36mdefault[0m [36mas[0m [33mSettings2[0m } [36mfrom[0m [32m'./settings-2.mjs'[0m;



Import traces:
  Client Component Browser:
    ./.gemini/antigravity/scratch/teacher-tracking/node_modules/lucide-react/dist/esm/icons/index.mjs [Client Component Browser]
    ./.gemini/antigravity/scratch/teacher-tracking/node_modules/lucide-react/dist/esm/lucide-react.mjs [Client Component Browser]
    ./.gemini/antigravity/scratch/teacher-tracking/src/components/pages/DailyTasksPage.tsx [Client Component Browser]
    ./.gemini/antigravity/scratch/teacher-tracking/src/components/AppShell.tsx [Client Component Browser]
    ./.gemini/antigravity/scratch/teacher-tracking/src/app/page.tsx [Client Component Browser]
    ./.gemini/antigravity/scratch/teacher-tracking/src/app/page.tsx [Server Component]

  Client Component SSR:
    ./.gemini/antigravity/scratch/teacher-tracking/node_modules/lucide-react/dist/esm/icons/index.mjs [Client Component SSR]
    ./.gemini/antigravity/scratch/teacher-tracking/node_modules/lucide-react/dist/esm/lucide-react.mjs [Client Component SSR]
    ./.gemini/antigravity/scratch/teacher-tracking/src/components/pages/DailyTasksPage.tsx [Client Component SSR]
    ./.gemini/antigravity/scratch/teacher-tracking/src/components/AppShell.tsx [Client Component SSR]
    ./.gemini/antigravity/scratch/teacher-tracking/src/app/page.tsx [Client Component SSR]
    ./.gemini/antigravity/scratch/teacher-tracking/src/app/page.tsx [Server Component]

https://nextjs.org/docs/messages/module-not-found


./.gemini/antigravity/scratch/teacher-tracking/node_modules/lucide-react/dist/esm/icons/index.mjs:1306:1
Module not found: Can't resolve './server-off.mjs'
  [90m1304 |[0m [36mexport[0m { [36mdefault[0m [36mas[0m [33mSeparatorVertical[0m } [36mfrom[0m [32m'./separator-vertical.m...[0m
  [90m1305 |[0m [36mexport[0m { [36mdefault[0m [36mas[0m [33mServerCrash[0m } [36mfrom[0m [32m'./server-crash.mjs'[0m;
[31m[1m>[0m [90m1306 |[0m [36mexport[0m { [36mdefault[0m [36mas[0m [33mServerOff[0m } [36mfrom[0m [32m'./server-off.mjs'[0m;
  [90m     |[0m [31m[1m^^^^^^^^^^^^^^^^^^^^^^^^^^^^^^^^^^^^^^^^^^^^^^^^^^^^^^^^[0m
  [90m1307 |[0m [36mexport[0m { [36mdefault[0m [36mas[0m [33mServer[0m } [36mfrom[0m [32m'./server.mjs'[0m;
  [90m1308 |[0m [36mexport[0m { [36mdefault[0m [36mas[0m [33mSettings2[0m } [36mfrom[0m [32m'./settings-2.mjs'[0m;
  [90m1309 |[0m [36mexport[0m { [36mdefault[0m [36mas[0m [33mSettings[0m } [36mfrom[0m [32m'./settings.mjs'[0m;



Import traces:
  Client Component Browser:
    ./.gemini/antigravity/scratch/teacher-tracking/node_modules/lucide-react/dist/esm/icons/index.mjs [Client Component Browser]
    ./.gemini/antigravity/scratch/teacher-tracking/node_modules/lucide-react/dist/esm/lucide-react.mjs [Client Component Browser]
    ./.gemini/antigravity/scratch/teacher-tracking/src/components/pages/DailyTasksPage.tsx [Client Component Browser]
    ./.gemini/antigravity/scratch/teacher-tracking/src/components/AppShell.tsx [Client Component Browser]
    ./.gemini/antigravity/scratch/teacher-tracking/src/app/page.tsx [Client Component Browser]
    ./.gemini/antigravity/scratch/teacher-tracking/src/app/page.tsx [Server Component]

  Client Component SSR:
    ./.gemini/antigravity/scratch/teacher-tracking/node_modules/lucide-react/dist/esm/icons/index.mjs [Client Component SSR]
    ./.gemini/antigravity/scratch/teacher-tracking/node_modules/lucide-react/dist/esm/lucide-react.mjs [Client Component SSR]
    ./.gemini/antigravity/scratch/teacher-tracking/src/components/pages/DailyTasksPage.tsx [Client Component SSR]
    ./.gemini/antigravity/scratch/teacher-tracking/src/components/AppShell.tsx [Client Component SSR]
    ./.gemini/antigravity/scratch/teacher-tracking/src/app/page.tsx [Client Component SSR]
    ./.gemini/antigravity/scratch/teacher-tracking/src/app/page.tsx [Server Component]

https://nextjs.org/docs/messages/module-not-found


./.gemini/antigravity/scratch/teacher-tracking/node_modules/lucide-react/dist/esm/icons/index.mjs:1307:1
Module not found: Can't resolve './server.mjs'
  [90m1305 |[0m [36mexport[0m { [36mdefault[0m [36mas[0m [33mServerCrash[0m } [36mfrom[0m [32m'./server-crash.mjs'[0m;
  [90m1306 |[0m [36mexport[0m { [36mdefault[0m [36mas[0m [33mServerOff[0m } [36mfrom[0m [32m'./server-off.mjs'[0m;
[31m[1m>[0m [90m1307 |[0m [36mexport[0m { [36mdefault[0m [36mas[0m [33mServer[0m } [36mfrom[0m [32m'./server.mjs'[0m;
  [90m     |[0m [31m[1m^^^^^^^^^^^^^^^^^^^^^^^^^^^^^^^^^^^^^^^^^^^^^^^^^[0m
  [90m1308 |[0m [36mexport[0m { [36mdefault[0m [36mas[0m [33mSettings2[0m } [36mfrom[0m [32m'./settings-2.mjs'[0m;
  [90m1309 |[0m [36mexport[0m { [36mdefault[0m [36mas[0m [33mSettings[0m } [36mfrom[0m [32m'./settings.mjs'[0m;
  [90m1310 |[0m [36mexport[0m { [36mdefault[0m [36mas[0m [33mShapes[0m } [36mfrom[0m [32m'./shapes.mjs'[0m;



Import traces:
  Client Component Browser:
    ./.gemini/antigravity/scratch/teacher-tracking/node_modules/lucide-react/dist/esm/icons/index.mjs [Client Component Browser]
    ./.gemini/antigravity/scratch/teacher-tracking/node_modules/lucide-react/dist/esm/lucide-react.mjs [Client Component Browser]
    ./.gemini/antigravity/scratch/teacher-tracking/src/components/pages/DailyTasksPage.tsx [Client Component Browser]
    ./.gemini/antigravity/scratch/teacher-tracking/src/components/AppShell.tsx [Client Component Browser]
    ./.gemini/antigravity/scratch/teacher-tracking/src/app/page.tsx [Client Component Browser]
    ./.gemini/antigravity/scratch/teacher-tracking/src/app/page.tsx [Server Component]

  Client Component SSR:
    ./.gemini/antigravity/scratch/teacher-tracking/node_modules/lucide-react/dist/esm/icons/index.mjs [Client Component SSR]
    ./.gemini/antigravity/scratch/teacher-tracking/node_modules/lucide-react/dist/esm/lucide-react.mjs [Client Component SSR]
    ./.gemini/antigravity/scratch/teacher-tracking/src/components/pages/DailyTasksPage.tsx [Client Component SSR]
    ./.gemini/antigravity/scratch/teacher-tracking/src/components/AppShell.tsx [Client Component SSR]
    ./.gemini/antigravity/scratch/teacher-tracking/src/app/page.tsx [Client Component SSR]
    ./.gemini/antigravity/scratch/teacher-tracking/src/app/page.tsx [Server Component]

https://nextjs.org/docs/messages/module-not-found


./.gemini/antigravity/scratch/teacher-tracking/node_modules/lucide-react/dist/esm/icons/index.mjs:1308:1
Module not found: Can't resolve './settings-2.mjs'
  [90m1306 |[0m [36mexport[0m { [36mdefault[0m [36mas[0m [33mServerOff[0m } [36mfrom[0m [32m'./server-off.mjs'[0m;
  [90m1307 |[0m [36mexport[0m { [36mdefault[0m [36mas[0m [33mServer[0m } [36mfrom[0m [32m'./server.mjs'[0m;
[31m[1m>[0m [90m1308 |[0m [36mexport[0m { [36mdefault[0m [36mas[0m [33mSettings2[0m } [36mfrom[0m [32m'./settings-2.mjs'[0m;
  [90m     |[0m [31m[1m^^^^^^^^^^^^^^^^^^^^^^^^^^^^^^^^^^^^^^^^^^^^^^^^^^^^^^^^[0m
  [90m1309 |[0m [36mexport[0m { [36mdefault[0m [36mas[0m [33mSettings[0m } [36mfrom[0m [32m'./settings.mjs'[0m;
  [90m1310 |[0m [36mexport[0m { [36mdefault[0m [36mas[0m [33mShapes[0m } [36mfrom[0m [32m'./shapes.mjs'[0m;
  [90m1311 |[0m [36mexport[0m { [36mdefault[0m [36mas[0m [33mShare2[0m } [36mfrom[0m [32m'./share-2.mjs'[0m;



Import traces:
  Client Component Browser:
    ./.gemini/antigravity/scratch/teacher-tracking/node_modules/lucide-react/dist/esm/icons/index.mjs [Client Component Browser]
    ./.gemini/antigravity/scratch/teacher-tracking/node_modules/lucide-react/dist/esm/lucide-react.mjs [Client Component Browser]
    ./.gemini/antigravity/scratch/teacher-tracking/src/components/pages/DailyTasksPage.tsx [Client Component Browser]
    ./.gemini/antigravity/scratch/teacher-tracking/src/components/AppShell.tsx [Client Component Browser]
    ./.gemini/antigravity/scratch/teacher-tracking/src/app/page.tsx [Client Component Browser]
    ./.gemini/antigravity/scratch/teacher-tracking/src/app/page.tsx [Server Component]

  Client Component SSR:
    ./.gemini/antigravity/scratch/teacher-tracking/node_modules/lucide-react/dist/esm/icons/index.mjs [Client Component SSR]
    ./.gemini/antigravity/scratch/teacher-tracking/node_modules/lucide-react/dist/esm/lucide-react.mjs [Client Component SSR]
    ./.gemini/antigravity/scratch/teacher-tracking/src/components/pages/DailyTasksPage.tsx [Client Component SSR]
    ./.gemini/antigravity/scratch/teacher-tracking/src/components/AppShell.tsx [Client Component SSR]
    ./.gemini/antigravity/scratch/teacher-tracking/src/app/page.tsx [Client Component SSR]
    ./.gemini/antigravity/scratch/teacher-tracking/src/app/page.tsx [Server Component]

https://nextjs.org/docs/messages/module-not-found


./.gemini/antigravity/scratch/teacher-tracking/node_modules/lucide-react/dist/esm/icons/index.mjs:1309:1
Module not found: Can't resolve './settings.mjs'
  [90m1307 |[0m [36mexport[0m { [36mdefault[0m [36mas[0m [33mServer[0m } [36mfrom[0m [32m'./server.mjs'[0m;
  [90m1308 |[0m [36mexport[0m { [36mdefault[0m [36mas[0m [33mSettings2[0m } [36mfrom[0m [32m'./settings-2.mjs'[0m;
[31m[1m>[0m [90m1309 |[0m [36mexport[0m { [36mdefault[0m [36mas[0m [33mSettings[0m } [36mfrom[0m [32m'./settings.mjs'[0m;
  [90m     |[0m [31m[1m^^^^^^^^^^^^^^^^^^^^^^^^^^^^^^^^^^^^^^^^^^^^^^^^^^^^^[0m
  [90m1310 |[0m [36mexport[0m { [36mdefault[0m [36mas[0m [33mShapes[0m } [36mfrom[0m [32m'./shapes.mjs'[0m;
  [90m1311 |[0m [36mexport[0m { [36mdefault[0m [36mas[0m [33mShare2[0m } [36mfrom[0m [32m'./share-2.mjs'[0m;
  [90m1312 |[0m [36mexport[0m { [36mdefault[0m [36mas[0m [33mShare[0m } [36mfrom[0m [32m'./share.mjs'[0m;



Import traces:
  Client Component Browser:
    ./.gemini/antigravity/scratch/teacher-tracking/node_modules/lucide-react/dist/esm/icons/index.mjs [Client Component Browser]
    ./.gemini/antigravity/scratch/teacher-tracking/node_modules/lucide-react/dist/esm/lucide-react.mjs [Client Component Browser]
    ./.gemini/antigravity/scratch/teacher-tracking/src/components/pages/DailyTasksPage.tsx [Client Component Browser]
    ./.gemini/antigravity/scratch/teacher-tracking/src/components/AppShell.tsx [Client Component Browser]
    ./.gemini/antigravity/scratch/teacher-tracking/src/app/page.tsx [Client Component Browser]
    ./.gemini/antigravity/scratch/teacher-tracking/src/app/page.tsx [Server Component]

  Client Component SSR:
    ./.gemini/antigravity/scratch/teacher-tracking/node_modules/lucide-react/dist/esm/icons/index.mjs [Client Component SSR]
    ./.gemini/antigravity/scratch/teacher-tracking/node_modules/lucide-react/dist/esm/lucide-react.mjs [Client Component SSR]
    ./.gemini/antigravity/scratch/teacher-tracking/src/components/pages/DailyTasksPage.tsx [Client Component SSR]
    ./.gemini/antigravity/scratch/teacher-tracking/src/components/AppShell.tsx [Client Component SSR]
    ./.gemini/antigravity/scratch/teacher-tracking/src/app/page.tsx [Client Component SSR]
    ./.gemini/antigravity/scratch/teacher-tracking/src/app/page.tsx [Server Component]

https://nextjs.org/docs/messages/module-not-found


./.gemini/antigravity/scratch/teacher-tracking/node_modules/lucide-react/dist/esm/icons/index.mjs:1310:1
Module not found: Can't resolve './shapes.mjs'
  [90m1308 |[0m [36mexport[0m { [36mdefault[0m [36mas[0m [33mSettings2[0m } [36mfrom[0m [32m'./settings-2.mjs'[0m;
  [90m1309 |[0m [36mexport[0m { [36mdefault[0m [36mas[0m [33mSettings[0m } [36mfrom[0m [32m'./settings.mjs'[0m;
[31m[1m>[0m [90m1310 |[0m [36mexport[0m { [36mdefault[0m [36mas[0m [33mShapes[0m } [36mfrom[0m [32m'./shapes.mjs'[0m;
  [90m     |[0m [31m[1m^^^^^^^^^^^^^^^^^^^^^^^^^^^^^^^^^^^^^^^^^^^^^^^^^[0m
  [90m1311 |[0m [36mexport[0m { [36mdefault[0m [36mas[0m [33mShare2[0m } [36mfrom[0m [32m'./share-2.mjs'[0m;
  [90m1312 |[0m [36mexport[0m { [36mdefault[0m [36mas[0m [33mShare[0m } [36mfrom[0m [32m'./share.mjs'[0m;
  [90m1313 |[0m [36mexport[0m { [36mdefault[0m [36mas[0m [33mSheet[0m } [36mfrom[0m [32m'./sheet.mjs'[0m;



Import traces:
  Client Component Browser:
    ./.gemini/antigravity/scratch/teacher-tracking/node_modules/lucide-react/dist/esm/icons/index.mjs [Client Component Browser]
    ./.gemini/antigravity/scratch/teacher-tracking/node_modules/lucide-react/dist/esm/lucide-react.mjs [Client Component Browser]
    ./.gemini/antigravity/scratch/teacher-tracking/src/components/pages/DailyTasksPage.tsx [Client Component Browser]
    ./.gemini/antigravity/scratch/teacher-tracking/src/components/AppShell.tsx [Client Component Browser]
    ./.gemini/antigravity/scratch/teacher-tracking/src/app/page.tsx [Client Component Browser]
    ./.gemini/antigravity/scratch/teacher-tracking/src/app/page.tsx [Server Component]

  Client Component SSR:
    ./.gemini/antigravity/scratch/teacher-tracking/node_modules/lucide-react/dist/esm/icons/index.mjs [Client Component SSR]
    ./.gemini/antigravity/scratch/teacher-tracking/node_modules/lucide-react/dist/esm/lucide-react.mjs [Client Component SSR]
    ./.gemini/antigravity/scratch/teacher-tracking/src/components/pages/DailyTasksPage.tsx [Client Component SSR]
    ./.gemini/antigravity/scratch/teacher-tracking/src/components/AppShell.tsx [Client Component SSR]
    ./.gemini/antigravity/scratch/teacher-tracking/src/app/page.tsx [Client Component SSR]
    ./.gemini/antigravity/scratch/teacher-tracking/src/app/page.tsx [Server Component]

https://nextjs.org/docs/messages/module-not-found


./.gemini/antigravity/scratch/teacher-tracking/node_modules/lucide-react/dist/esm/icons/index.mjs:1311:1
Module not found: Can't resolve './share-2.mjs'
  [90m1309 |[0m [36mexport[0m { [36mdefault[0m [36mas[0m [33mSettings[0m } [36mfrom[0m [32m'./settings.mjs'[0m;
  [90m1310 |[0m [36mexport[0m { [36mdefault[0m [36mas[0m [33mShapes[0m } [36mfrom[0m [32m'./shapes.mjs'[0m;
[31m[1m>[0m [90m1311 |[0m [36mexport[0m { [36mdefault[0m [36mas[0m [33mShare2[0m } [36mfrom[0m [32m'./share-2.mjs'[0m;
  [90m     |[0m [31m[1m^^^^^^^^^^^^^^^^^^^^^^^^^^^^^^^^^^^^^^^^^^^^^^^^^^[0m
  [90m1312 |[0m [36mexport[0m { [36mdefault[0m [36mas[0m [33mShare[0m } [36mfrom[0m [32m'./share.mjs'[0m;
  [90m1313 |[0m [36mexport[0m { [36mdefault[0m [36mas[0m [33mSheet[0m } [36mfrom[0m [32m'./sheet.mjs'[0m;
  [90m1314 |[0m [36mexport[0m { [36mdefault[0m [36mas[0m [33mShell[0m } [36mfrom[0m [32m'./shell.mjs'[0m;



Import traces:
  Client Component Browser:
    ./.gemini/antigravity/scratch/teacher-tracking/node_modules/lucide-react/dist/esm/icons/index.mjs [Client Component Browser]
    ./.gemini/antigravity/scratch/teacher-tracking/node_modules/lucide-react/dist/esm/lucide-react.mjs [Client Component Browser]
    ./.gemini/antigravity/scratch/teacher-tracking/src/components/pages/DailyTasksPage.tsx [Client Component Browser]
    ./.gemini/antigravity/scratch/teacher-tracking/src/components/AppShell.tsx [Client Component Browser]
    ./.gemini/antigravity/scratch/teacher-tracking/src/app/page.tsx [Client Component Browser]
    ./.gemini/antigravity/scratch/teacher-tracking/src/app/page.tsx [Server Component]

  Client Component SSR:
    ./.gemini/antigravity/scratch/teacher-tracking/node_modules/lucide-react/dist/esm/icons/index.mjs [Client Component SSR]
    ./.gemini/antigravity/scratch/teacher-tracking/node_modules/lucide-react/dist/esm/lucide-react.mjs [Client Component SSR]
    ./.gemini/antigravity/scratch/teacher-tracking/src/components/pages/DailyTasksPage.tsx [Client Component SSR]
    ./.gemini/antigravity/scratch/teacher-tracking/src/components/AppShell.tsx [Client Component SSR]
    ./.gemini/antigravity/scratch/teacher-tracking/src/app/page.tsx [Client Component SSR]
    ./.gemini/antigravity/scratch/teacher-tracking/src/app/page.tsx [Server Component]

https://nextjs.org/docs/messages/module-not-found


./.gemini/antigravity/scratch/teacher-tracking/node_modules/lucide-react/dist/esm/icons/index.mjs:1312:1
Module not found: Can't resolve './share.mjs'
  [90m1310 |[0m [36mexport[0m { [36mdefault[0m [36mas[0m [33mShapes[0m } [36mfrom[0m [32m'./shapes.mjs'[0m;
  [90m1311 |[0m [36mexport[0m { [36mdefault[0m [36mas[0m [33mShare2[0m } [36mfrom[0m [32m'./share-2.mjs'[0m;
[31m[1m>[0m [90m1312 |[0m [36mexport[0m { [36mdefault[0m [36mas[0m [33mShare[0m } [36mfrom[0m [32m'./share.mjs'[0m;
  [90m     |[0m [31m[1m^^^^^^^^^^^^^^^^^^^^^^^^^^^^^^^^^^^^^^^^^^^^^^^[0m
  [90m1313 |[0m [36mexport[0m { [36mdefault[0m [36mas[0m [33mSheet[0m } [36mfrom[0m [32m'./sheet.mjs'[0m;
  [90m1314 |[0m [36mexport[0m { [36mdefault[0m [36mas[0m [33mShell[0m } [36mfrom[0m [32m'./shell.mjs'[0m;
  [90m1315 |[0m [36mexport[0m { [36mdefault[0m [36mas[0m [33mShelvingUnit[0m } [36mfrom[0m [32m'./shelving-unit.mjs'[0m;



Import traces:
  Client Component Browser:
    ./.gemini/antigravity/scratch/teacher-tracking/node_modules/lucide-react/dist/esm/icons/index.mjs [Client Component Browser]
    ./.gemini/antigravity/scratch/teacher-tracking/node_modules/lucide-react/dist/esm/lucide-react.mjs [Client Component Browser]
    ./.gemini/antigravity/scratch/teacher-tracking/src/components/pages/DailyTasksPage.tsx [Client Component Browser]
    ./.gemini/antigravity/scratch/teacher-tracking/src/components/AppShell.tsx [Client Component Browser]
    ./.gemini/antigravity/scratch/teacher-tracking/src/app/page.tsx [Client Component Browser]
    ./.gemini/antigravity/scratch/teacher-tracking/src/app/page.tsx [Server Component]

  Client Component SSR:
    ./.gemini/antigravity/scratch/teacher-tracking/node_modules/lucide-react/dist/esm/icons/index.mjs [Client Component SSR]
    ./.gemini/antigravity/scratch/teacher-tracking/node_modules/lucide-react/dist/esm/lucide-react.mjs [Client Component SSR]
    ./.gemini/antigravity/scratch/teacher-tracking/src/components/pages/DailyTasksPage.tsx [Client Component SSR]
    ./.gemini/antigravity/scratch/teacher-tracking/src/components/AppShell.tsx [Client Component SSR]
    ./.gemini/antigravity/scratch/teacher-tracking/src/app/page.tsx [Client Component SSR]
    ./.gemini/antigravity/scratch/teacher-tracking/src/app/page.tsx [Server Component]

https://nextjs.org/docs/messages/module-not-found


./.gemini/antigravity/scratch/teacher-tracking/node_modules/lucide-react/dist/esm/createLucideIcon.mjs:10:1
Module not found: Can't resolve './shared/src/utils/toKebabCase.mjs'
  [90m 8 |[0m [36mimport[0m { forwardRef, createElement } [36mfrom[0m [32m'react'[0m;
  [90m 9 |[0m [36mimport[0m { mergeClasses } [36mfrom[0m [32m'./shared/src/utils/mergeClasses.mjs'[0m;
[31m[1m>[0m [90m10 |[0m [36mimport[0m { toKebabCase } [36mfrom[0m [32m'./shared/src/utils/toKebabCase.mjs'[0m;
  [90m   |[0m [31m[1m^^^^^^^^^^^^^^^^^^^^^^^^^^^^^^^^^^^^^^^^^^^^^^^^^^^^^^^^^^^^^^^^^[0m
  [90m11 |[0m [36mimport[0m { toPascalCase } [36mfrom[0m [32m'./shared/src/utils/toPascalCase.mjs'[0m;
  [90m12 |[0m [36mimport[0m [33mIcon[0m [36mfrom[0m [32m'./Icon.mjs'[0m;
  [90m13 |[0m



Import traces:
  Client Component Browser:
    ./.gemini/antigravity/scratch/teacher-tracking/node_modules/lucide-react/dist/esm/createLucideIcon.mjs [Client Component Browser]
    ./.gemini/antigravity/scratch/teacher-tracking/node_modules/lucide-react/dist/esm/lucide-react.mjs [Client Component Browser]
    ./.gemini/antigravity/scratch/teacher-tracking/src/components/pages/DailyTasksPage.tsx [Client Component Browser]
    ./.gemini/antigravity/scratch/teacher-tracking/src/components/AppShell.tsx [Client Component Browser]
    ./.gemini/antigravity/scratch/teacher-tracking/src/app/page.tsx [Client Component Browser]
    ./.gemini/antigravity/scratch/teacher-tracking/src/app/page.tsx [Server Component]

  Client Component SSR:
    ./.gemini/antigravity/scratch/teacher-tracking/node_modules/lucide-react/dist/esm/createLucideIcon.mjs [Client Component SSR]
    ./.gemini/antigravity/scratch/teacher-tracking/node_modules/lucide-react/dist/esm/lucide-react.mjs [Client Component SSR]
    ./.gemini/antigravity/scratch/teacher-tracking/src/components/pages/DailyTasksPage.tsx [Client Component SSR]
    ./.gemini/antigravity/scratch/teacher-tracking/src/components/AppShell.tsx [Client Component SSR]
    ./.gemini/antigravity/scratch/teacher-tracking/src/app/page.tsx [Client Component SSR]
    ./.gemini/antigravity/scratch/teacher-tracking/src/app/page.tsx [Server Component]

https://nextjs.org/docs/messages/module-not-found


./.gemini/antigravity/scratch/teacher-tracking/node_modules/lucide-react/dist/esm/createLucideIcon.mjs:11:1
Module not found: Can't resolve './shared/src/utils/toPascalCase.mjs'
  [90m 9 |[0m [36mimport[0m { mergeClasses } [36mfrom[0m [32m'./shared/src/utils/mergeClasses.mjs'[0m;
  [90m10 |[0m [36mimport[0m { toKebabCase } [36mfrom[0m [32m'./shared/src/utils/toKebabCase.mjs'[0m;
[31m[1m>[0m [90m11 |[0m [36mimport[0m { toPascalCase } [36mfrom[0m [32m'./shared/src/utils/toPascalCase.mjs'[0m;
  [90m   |[0m [31m[1m^^^^^^^^^^^^^^^^^^^^^^^^^^^^^^^^^^^^^^^^^^^^^^^^^^^^^^^^^^^^^^^^^^^[0m
  [90m12 |[0m [36mimport[0m [33mIcon[0m [36mfrom[0m [32m'./Icon.mjs'[0m;
  [90m13 |[0m
  [90m14 |[0m [36mconst[0m createLucideIcon = (iconName, iconNode) => {



Import traces:
  Client Component Browser:
    ./.gemini/antigravity/scratch/teacher-tracking/node_modules/lucide-react/dist/esm/createLucideIcon.mjs [Client Component Browser]
    ./.gemini/antigravity/scratch/teacher-tracking/node_modules/lucide-react/dist/esm/lucide-react.mjs [Client Component Browser]
    ./.gemini/antigravity/scratch/teacher-tracking/src/components/pages/DailyTasksPage.tsx [Client Component Browser]
    ./.gemini/antigravity/scratch/teacher-tracking/src/components/AppShell.tsx [Client Component Browser]
    ./.gemini/antigravity/scratch/teacher-tracking/src/app/page.tsx [Client Component Browser]
    ./.gemini/antigravity/scratch/teacher-tracking/src/app/page.tsx [Server Component]

  Client Component SSR:
    ./.gemini/antigravity/scratch/teacher-tracking/node_modules/lucide-react/dist/esm/createLucideIcon.mjs [Client Component SSR]
    ./.gemini/antigravity/scratch/teacher-tracking/node_modules/lucide-react/dist/esm/lucide-react.mjs [Client Component SSR]
    ./.gemini/antigravity/scratch/teacher-tracking/src/components/pages/DailyTasksPage.tsx [Client Component SSR]
    ./.gemini/antigravity/scratch/teacher-tracking/src/components/AppShell.tsx [Client Component SSR]
    ./.gemini/antigravity/scratch/teacher-tracking/src/app/page.tsx [Client Component SSR]
    ./.gemini/antigravity/scratch/teacher-tracking/src/app/page.tsx [Server Component]

https://nextjs.org/docs/messages/module-not-found


./.gemini/antigravity/scratch/teacher-tracking/node_modules/lucide-react/dist/esm/icons/index.mjs:1313:1
Module not found: Can't resolve './sheet.mjs'
  [90m1311 |[0m [36mexport[0m { [36mdefault[0m [36mas[0m [33mShare2[0m } [36mfrom[0m [32m'./share-2.mjs'[0m;
  [90m1312 |[0m [36mexport[0m { [36mdefault[0m [36mas[0m [33mShare[0m } [36mfrom[0m [32m'./share.mjs'[0m;
[31m[1m>[0m [90m1313 |[0m [36mexport[0m { [36mdefault[0m [36mas[0m [33mSheet[0m } [36mfrom[0m [32m'./sheet.mjs'[0m;
  [90m     |[0m [31m[1m^^^^^^^^^^^^^^^^^^^^^^^^^^^^^^^^^^^^^^^^^^^^^^^[0m
  [90m1314 |[0m [36mexport[0m { [36mdefault[0m [36mas[0m [33mShell[0m } [36mfrom[0m [32m'./shell.mjs'[0m;
  [90m1315 |[0m [36mexport[0m { [36mdefault[0m [36mas[0m [33mShelvingUnit[0m } [36mfrom[0m [32m'./shelving-unit.mjs'[0m;
  [90m1316 |[0m [36mexport[0m { [36mdefault[0m [36mas[0m [33mShieldAlert[0m } [36mfrom[0m [32m'./shield-alert.mjs'[0m;



Import traces:
  Client Component Browser:
    ./.gemini/antigravity/scratch/teacher-tracking/node_modules/lucide-react/dist/esm/icons/index.mjs [Client Component Browser]
    ./.gemini/antigravity/scratch/teacher-tracking/node_modules/lucide-react/dist/esm/lucide-react.mjs [Client Component Browser]
    ./.gemini/antigravity/scratch/teacher-tracking/src/components/pages/DailyTasksPage.tsx [Client Component Browser]
    ./.gemini/antigravity/scratch/teacher-tracking/src/components/AppShell.tsx [Client Component Browser]
    ./.gemini/antigravity/scratch/teacher-tracking/src/app/page.tsx [Client Component Browser]
    ./.gemini/antigravity/scratch/teacher-tracking/src/app/page.tsx [Server Component]

  Client Component SSR:
    ./.gemini/antigravity/scratch/teacher-tracking/node_modules/lucide-react/dist/esm/icons/index.mjs [Client Component SSR]
    ./.gemini/antigravity/scratch/teacher-tracking/node_modules/lucide-react/dist/esm/lucide-react.mjs [Client Component SSR]
    ./.gemini/antigravity/scratch/teacher-tracking/src/components/pages/DailyTasksPage.tsx [Client Component SSR]
    ./.gemini/antigravity/scratch/teacher-tracking/src/components/AppShell.tsx [Client Component SSR]
    ./.gemini/antigravity/scratch/teacher-tracking/src/app/page.tsx [Client Component SSR]
    ./.gemini/antigravity/scratch/teacher-tracking/src/app/page.tsx [Server Component]

https://nextjs.org/docs/messages/module-not-found


./.gemini/antigravity/scratch/teacher-tracking/node_modules/lucide-react/dist/esm/icons/index.mjs:1314:1
Module not found: Can't resolve './shell.mjs'
  [90m1312 |[0m [36mexport[0m { [36mdefault[0m [36mas[0m [33mShare[0m } [36mfrom[0m [32m'./share.mjs'[0m;
  [90m1313 |[0m [36mexport[0m { [36mdefault[0m [36mas[0m [33mSheet[0m } [36mfrom[0m [32m'./sheet.mjs'[0m;
[31m[1m>[0m [90m1314 |[0m [36mexport[0m { [36mdefault[0m [36mas[0m [33mShell[0m } [36mfrom[0m [32m'./shell.mjs'[0m;
  [90m     |[0m [31m[1m^^^^^^^^^^^^^^^^^^^^^^^^^^^^^^^^^^^^^^^^^^^^^^^[0m
  [90m1315 |[0m [36mexport[0m { [36mdefault[0m [36mas[0m [33mShelvingUnit[0m } [36mfrom[0m [32m'./shelving-unit.mjs'[0m;
  [90m1316 |[0m [36mexport[0m { [36mdefault[0m [36mas[0m [33mShieldAlert[0m } [36mfrom[0m [32m'./shield-alert.mjs'[0m;
  [90m1317 |[0m [36mexport[0m { [36mdefault[0m [36mas[0m [33mShieldCheck[0m } [36mfrom[0m [32m'./shield-check.mjs'[0m;



Import traces:
  Client Component Browser:
    ./.gemini/antigravity/scratch/teacher-tracking/node_modules/lucide-react/dist/esm/icons/index.mjs [Client Component Browser]
    ./.gemini/antigravity/scratch/teacher-tracking/node_modules/lucide-react/dist/esm/lucide-react.mjs [Client Component Browser]
    ./.gemini/antigravity/scratch/teacher-tracking/src/components/pages/DailyTasksPage.tsx [Client Component Browser]
    ./.gemini/antigravity/scratch/teacher-tracking/src/components/AppShell.tsx [Client Component Browser]
    ./.gemini/antigravity/scratch/teacher-tracking/src/app/page.tsx [Client Component Browser]
    ./.gemini/antigravity/scratch/teacher-tracking/src/app/page.tsx [Server Component]

  Client Component SSR:
    ./.gemini/antigravity/scratch/teacher-tracking/node_modules/lucide-react/dist/esm/icons/index.mjs [Client Component SSR]
    ./.gemini/antigravity/scratch/teacher-tracking/node_modules/lucide-react/dist/esm/lucide-react.mjs [Client Component SSR]
    ./.gemini/antigravity/scratch/teacher-tracking/src/components/pages/DailyTasksPage.tsx [Client Component SSR]
    ./.gemini/antigravity/scratch/teacher-tracking/src/components/AppShell.tsx [Client Component SSR]
    ./.gemini/antigravity/scratch/teacher-tracking/src/app/page.tsx [Client Component SSR]
    ./.gemini/antigravity/scratch/teacher-tracking/src/app/page.tsx [Server Component]

https://nextjs.org/docs/messages/module-not-found


./.gemini/antigravity/scratch/teacher-tracking/node_modules/lucide-react/dist/esm/icons/index.mjs:1315:1
Module not found: Can't resolve './shelving-unit.mjs'
  [90m1313 |[0m [36mexport[0m { [36mdefault[0m [36mas[0m [33mSheet[0m } [36mfrom[0m [32m'./sheet.mjs'[0m;
  [90m1314 |[0m [36mexport[0m { [36mdefault[0m [36mas[0m [33mShell[0m } [36mfrom[0m [32m'./shell.mjs'[0m;
[31m[1m>[0m [90m1315 |[0m [36mexport[0m { [36mdefault[0m [36mas[0m [33mShelvingUnit[0m } [36mfrom[0m [32m'./shelving-unit.mjs'[0m;
  [90m     |[0m [31m[1m^^^^^^^^^^^^^^^^^^^^^^^^^^^^^^^^^^^^^^^^^^^^^^^^^^^^^^^^^^^^^^[0m
  [90m1316 |[0m [36mexport[0m { [36mdefault[0m [36mas[0m [33mShieldAlert[0m } [36mfrom[0m [32m'./shield-alert.mjs'[0m;
  [90m1317 |[0m [36mexport[0m { [36mdefault[0m [36mas[0m [33mShieldCheck[0m } [36mfrom[0m [32m'./shield-check.mjs'[0m;
  [90m1318 |[0m [36mexport[0m { [36mdefault[0m [36mas[0m [33mShieldBan[0m } [36mfrom[0m [32m'./shield-ban.mjs'[0m;



Import traces:
  Client Component Browser:
    ./.gemini/antigravity/scratch/teacher-tracking/node_modules/lucide-react/dist/esm/icons/index.mjs [Client Component Browser]
    ./.gemini/antigravity/scratch/teacher-tracking/node_modules/lucide-react/dist/esm/lucide-react.mjs [Client Component Browser]
    ./.gemini/antigravity/scratch/teacher-tracking/src/components/pages/DailyTasksPage.tsx [Client Component Browser]
    ./.gemini/antigravity/scratch/teacher-tracking/src/components/AppShell.tsx [Client Component Browser]
    ./.gemini/antigravity/scratch/teacher-tracking/src/app/page.tsx [Client Component Browser]
    ./.gemini/antigravity/scratch/teacher-tracking/src/app/page.tsx [Server Component]

  Client Component SSR:
    ./.gemini/antigravity/scratch/teacher-tracking/node_modules/lucide-react/dist/esm/icons/index.mjs [Client Component SSR]
    ./.gemini/antigravity/scratch/teacher-tracking/node_modules/lucide-react/dist/esm/lucide-react.mjs [Client Component SSR]
    ./.gemini/antigravity/scratch/teacher-tracking/src/components/pages/DailyTasksPage.tsx [Client Component SSR]
    ./.gemini/antigravity/scratch/teacher-tracking/src/components/AppShell.tsx [Client Component SSR]
    ./.gemini/antigravity/scratch/teacher-tracking/src/app/page.tsx [Client Component SSR]
    ./.gemini/antigravity/scratch/teacher-tracking/src/app/page.tsx [Server Component]

https://nextjs.org/docs/messages/module-not-found


./.gemini/antigravity/scratch/teacher-tracking/node_modules/lucide-react/dist/esm/icons/index.mjs:1316:1
Module not found: Can't resolve './shield-alert.mjs'
  [90m1314 |[0m [36mexport[0m { [36mdefault[0m [36mas[0m [33mShell[0m } [36mfrom[0m [32m'./shell.mjs'[0m;
  [90m1315 |[0m [36mexport[0m { [36mdefault[0m [36mas[0m [33mShelvingUnit[0m } [36mfrom[0m [32m'./shelving-unit.mjs'[0m;
[31m[1m>[0m [90m1316 |[0m [36mexport[0m { [36mdefault[0m [36mas[0m [33mShieldAlert[0m } [36mfrom[0m [32m'./shield-alert.mjs'[0m;
  [90m     |[0m [31m[1m^^^^^^^^^^^^^^^^^^^^^^^^^^^^^^^^^^^^^^^^^^^^^^^^^^^^^^^^^^^^[0m
  [90m1317 |[0m [36mexport[0m { [36mdefault[0m [36mas[0m [33mShieldCheck[0m } [36mfrom[0m [32m'./shield-check.mjs'[0m;
  [90m1318 |[0m [36mexport[0m { [36mdefault[0m [36mas[0m [33mShieldBan[0m } [36mfrom[0m [32m'./shield-ban.mjs'[0m;
  [90m1319 |[0m [36mexport[0m { [36mdefault[0m [36mas[0m [33mShieldCogCorner[0m } [36mfrom[0m [32m'./shield-cog-corner.mjs'[0m;



Import traces:
  Client Component Browser:
    ./.gemini/antigravity/scratch/teacher-tracking/node_modules/lucide-react/dist/esm/icons/index.mjs [Client Component Browser]
    ./.gemini/antigravity/scratch/teacher-tracking/node_modules/lucide-react/dist/esm/lucide-react.mjs [Client Component Browser]
    ./.gemini/antigravity/scratch/teacher-tracking/src/components/pages/DailyTasksPage.tsx [Client Component Browser]
    ./.gemini/antigravity/scratch/teacher-tracking/src/components/AppShell.tsx [Client Component Browser]
    ./.gemini/antigravity/scratch/teacher-tracking/src/app/page.tsx [Client Component Browser]
    ./.gemini/antigravity/scratch/teacher-tracking/src/app/page.tsx [Server Component]

  Client Component SSR:
    ./.gemini/antigravity/scratch/teacher-tracking/node_modules/lucide-react/dist/esm/icons/index.mjs [Client Component SSR]
    ./.gemini/antigravity/scratch/teacher-tracking/node_modules/lucide-react/dist/esm/lucide-react.mjs [Client Component SSR]
    ./.gemini/antigravity/scratch/teacher-tracking/src/components/pages/DailyTasksPage.tsx [Client Component SSR]
    ./.gemini/antigravity/scratch/teacher-tracking/src/components/AppShell.tsx [Client Component SSR]
    ./.gemini/antigravity/scratch/teacher-tracking/src/app/page.tsx [Client Component SSR]
    ./.gemini/antigravity/scratch/teacher-tracking/src/app/page.tsx [Server Component]

https://nextjs.org/docs/messages/module-not-found


./.gemini/antigravity/scratch/teacher-tracking/node_modules/lucide-react/dist/esm/icons/index.mjs:1318:1
Module not found: Can't resolve './shield-ban.mjs'
  [90m1316 |[0m [36mexport[0m { [36mdefault[0m [36mas[0m [33mShieldAlert[0m } [36mfrom[0m [32m'./shield-alert.mjs'[0m;
  [90m1317 |[0m [36mexport[0m { [36mdefault[0m [36mas[0m [33mShieldCheck[0m } [36mfrom[0m [32m'./shield-check.mjs'[0m;
[31m[1m>[0m [90m1318 |[0m [36mexport[0m { [36mdefault[0m [36mas[0m [33mShieldBan[0m } [36mfrom[0m [32m'./shield-ban.mjs'[0m;
  [90m     |[0m [31m[1m^^^^^^^^^^^^^^^^^^^^^^^^^^^^^^^^^^^^^^^^^^^^^^^^^^^^^^^^[0m
  [90m1319 |[0m [36mexport[0m { [36mdefault[0m [36mas[0m [33mShieldCogCorner[0m } [36mfrom[0m [32m'./shield-cog-corner.mjs'[0m;
  [90m1320 |[0m [36mexport[0m { [36mdefault[0m [36mas[0m [33mShieldCog[0m } [36mfrom[0m [32m'./shield-cog.mjs'[0m;
  [90m1321 |[0m [36mexport[0m { [36mdefault[0m [36mas[0m [33mShieldHalf[0m } [36mfrom[0m [32m'./shield-half.mjs'[0m;



Import traces:
  Client Component Browser:
    ./.gemini/antigravity/scratch/teacher-tracking/node_modules/lucide-react/dist/esm/icons/index.mjs [Client Component Browser]
    ./.gemini/antigravity/scratch/teacher-tracking/node_modules/lucide-react/dist/esm/lucide-react.mjs [Client Component Browser]
    ./.gemini/antigravity/scratch/teacher-tracking/src/components/pages/DailyTasksPage.tsx [Client Component Browser]
    ./.gemini/antigravity/scratch/teacher-tracking/src/components/AppShell.tsx [Client Component Browser]
    ./.gemini/antigravity/scratch/teacher-tracking/src/app/page.tsx [Client Component Browser]
    ./.gemini/antigravity/scratch/teacher-tracking/src/app/page.tsx [Server Component]

  Client Component SSR:
    ./.gemini/antigravity/scratch/teacher-tracking/node_modules/lucide-react/dist/esm/icons/index.mjs [Client Component SSR]
    ./.gemini/antigravity/scratch/teacher-tracking/node_modules/lucide-react/dist/esm/lucide-react.mjs [Client Component SSR]
    ./.gemini/antigravity/scratch/teacher-tracking/src/components/pages/DailyTasksPage.tsx [Client Component SSR]
    ./.gemini/antigravity/scratch/teacher-tracking/src/components/AppShell.tsx [Client Component SSR]
    ./.gemini/antigravity/scratch/teacher-tracking/src/app/page.tsx [Client Component SSR]
    ./.gemini/antigravity/scratch/teacher-tracking/src/app/page.tsx [Server Component]

https://nextjs.org/docs/messages/module-not-found


./.gemini/antigravity/scratch/teacher-tracking/node_modules/lucide-react/dist/esm/icons/index.mjs:1317:1
Module not found: Can't resolve './shield-check.mjs'
  [90m1315 |[0m [36mexport[0m { [36mdefault[0m [36mas[0m [33mShelvingUnit[0m } [36mfrom[0m [32m'./shelving-unit.mjs'[0m;
  [90m1316 |[0m [36mexport[0m { [36mdefault[0m [36mas[0m [33mShieldAlert[0m } [36mfrom[0m [32m'./shield-alert.mjs'[0m;
[31m[1m>[0m [90m1317 |[0m [36mexport[0m { [36mdefault[0m [36mas[0m [33mShieldCheck[0m } [36mfrom[0m [32m'./shield-check.mjs'[0m;
  [90m     |[0m [31m[1m^^^^^^^^^^^^^^^^^^^^^^^^^^^^^^^^^^^^^^^^^^^^^^^^^^^^^^^^^^^^[0m
  [90m1318 |[0m [36mexport[0m { [36mdefault[0m [36mas[0m [33mShieldBan[0m } [36mfrom[0m [32m'./shield-ban.mjs'[0m;
  [90m1319 |[0m [36mexport[0m { [36mdefault[0m [36mas[0m [33mShieldCogCorner[0m } [36mfrom[0m [32m'./shield-cog-corner.mjs'[0m;
  [90m1320 |[0m [36mexport[0m { [36mdefault[0m [36mas[0m [33mShieldCog[0m } [36mfrom[0m [32m'./shield-cog.mjs'[0m;



Import traces:
  Client Component Browser:
    ./.gemini/antigravity/scratch/teacher-tracking/node_modules/lucide-react/dist/esm/icons/index.mjs [Client Component Browser]
    ./.gemini/antigravity/scratch/teacher-tracking/node_modules/lucide-react/dist/esm/lucide-react.mjs [Client Component Browser]
    ./.gemini/antigravity/scratch/teacher-tracking/src/components/pages/DailyTasksPage.tsx [Client Component Browser]
    ./.gemini/antigravity/scratch/teacher-tracking/src/components/AppShell.tsx [Client Component Browser]
    ./.gemini/antigravity/scratch/teacher-tracking/src/app/page.tsx [Client Component Browser]
    ./.gemini/antigravity/scratch/teacher-tracking/src/app/page.tsx [Server Component]

  Client Component SSR:
    ./.gemini/antigravity/scratch/teacher-tracking/node_modules/lucide-react/dist/esm/icons/index.mjs [Client Component SSR]
    ./.gemini/antigravity/scratch/teacher-tracking/node_modules/lucide-react/dist/esm/lucide-react.mjs [Client Component SSR]
    ./.gemini/antigravity/scratch/teacher-tracking/src/components/pages/DailyTasksPage.tsx [Client Component SSR]
    ./.gemini/antigravity/scratch/teacher-tracking/src/components/AppShell.tsx [Client Component SSR]
    ./.gemini/antigravity/scratch/teacher-tracking/src/app/page.tsx [Client Component SSR]
    ./.gemini/antigravity/scratch/teacher-tracking/src/app/page.tsx [Server Component]

https://nextjs.org/docs/messages/module-not-found


./.gemini/antigravity/scratch/teacher-tracking/node_modules/lucide-react/dist/esm/icons/index.mjs:1319:1
Module not found: Can't resolve './shield-cog-corner.mjs'
  [90m1317 |[0m [36mexport[0m { [36mdefault[0m [36mas[0m [33mShieldCheck[0m } [36mfrom[0m [32m'./shield-check.mjs'[0m;
  [90m1318 |[0m [36mexport[0m { [36mdefault[0m [36mas[0m [33mShieldBan[0m } [36mfrom[0m [32m'./shield-ban.mjs'[0m;
[31m[1m>[0m [90m1319 |[0m [36mexport[0m { [36mdefault[0m [36mas[0m [33mShieldCogCorner[0m } [36mfrom[0m [32m'./shield-cog-corner.mjs'[0m;
  [90m     |[0m [31m[1m^^^^^^^^^^^^^^^^^^^^^^^^^^^^^^^^^^^^^^^^^^^^^^^^^^^^^^^^^^^^^^^^^^^^^[0m
  [90m1320 |[0m [36mexport[0m { [36mdefault[0m [36mas[0m [33mShieldCog[0m } [36mfrom[0m [32m'./shield-cog.mjs'[0m;
  [90m1321 |[0m [36mexport[0m { [36mdefault[0m [36mas[0m [33mShieldHalf[0m } [36mfrom[0m [32m'./shield-half.mjs'[0m;
  [90m1322 |[0m [36mexport[0m { [36mdefault[0m [36mas[0m [33mShieldMinus[0m } [36mfrom[0m [32m'./shield-minus.mjs'[0m;



Import traces:
  Client Component Browser:
    ./.gemini/antigravity/scratch/teacher-tracking/node_modules/lucide-react/dist/esm/icons/index.mjs [Client Component Browser]
    ./.gemini/antigravity/scratch/teacher-tracking/node_modules/lucide-react/dist/esm/lucide-react.mjs [Client Component Browser]
    ./.gemini/antigravity/scratch/teacher-tracking/src/components/pages/DailyTasksPage.tsx [Client Component Browser]
    ./.gemini/antigravity/scratch/teacher-tracking/src/components/AppShell.tsx [Client Component Browser]
    ./.gemini/antigravity/scratch/teacher-tracking/src/app/page.tsx [Client Component Browser]
    ./.gemini/antigravity/scratch/teacher-tracking/src/app/page.tsx [Server Component]

  Client Component SSR:
    ./.gemini/antigravity/scratch/teacher-tracking/node_modules/lucide-react/dist/esm/icons/index.mjs [Client Component SSR]
    ./.gemini/antigravity/scratch/teacher-tracking/node_modules/lucide-react/dist/esm/lucide-react.mjs [Client Component SSR]
    ./.gemini/antigravity/scratch/teacher-tracking/src/components/pages/DailyTasksPage.tsx [Client Component SSR]
    ./.gemini/antigravity/scratch/teacher-tracking/src/components/AppShell.tsx [Client Component SSR]
    ./.gemini/antigravity/scratch/teacher-tracking/src/app/page.tsx [Client Component SSR]
    ./.gemini/antigravity/scratch/teacher-tracking/src/app/page.tsx [Server Component]

https://nextjs.org/docs/messages/module-not-found


./.gemini/antigravity/scratch/teacher-tracking/node_modules/lucide-react/dist/esm/icons/index.mjs:1320:1
Module not found: Can't resolve './shield-cog.mjs'
  [90m1318 |[0m [36mexport[0m { [36mdefault[0m [36mas[0m [33mShieldBan[0m } [36mfrom[0m [32m'./shield-ban.mjs'[0m;
  [90m1319 |[0m [36mexport[0m { [36mdefault[0m [36mas[0m [33mShieldCogCorner[0m } [36mfrom[0m [32m'./shield-cog-corner.mjs'[0m;
[31m[1m>[0m [90m1320 |[0m [36mexport[0m { [36mdefault[0m [36mas[0m [33mShieldCog[0m } [36mfrom[0m [32m'./shield-cog.mjs'[0m;
  [90m     |[0m [31m[1m^^^^^^^^^^^^^^^^^^^^^^^^^^^^^^^^^^^^^^^^^^^^^^^^^^^^^^^^[0m
  [90m1321 |[0m [36mexport[0m { [36mdefault[0m [36mas[0m [33mShieldHalf[0m } [36mfrom[0m [32m'./shield-half.mjs'[0m;
  [90m1322 |[0m [36mexport[0m { [36mdefault[0m [36mas[0m [33mShieldMinus[0m } [36mfrom[0m [32m'./shield-minus.mjs'[0m;
  [90m1323 |[0m [36mexport[0m { [36mdefault[0m [36mas[0m [33mShieldEllipsis[0m } [36mfrom[0m [32m'./shield-ellipsis.mjs'[0m;



Import traces:
  Client Component Browser:
    ./.gemini/antigravity/scratch/teacher-tracking/node_modules/lucide-react/dist/esm/icons/index.mjs [Client Component Browser]
    ./.gemini/antigravity/scratch/teacher-tracking/node_modules/lucide-react/dist/esm/lucide-react.mjs [Client Component Browser]
    ./.gemini/antigravity/scratch/teacher-tracking/src/components/pages/DailyTasksPage.tsx [Client Component Browser]
    ./.gemini/antigravity/scratch/teacher-tracking/src/components/AppShell.tsx [Client Component Browser]
    ./.gemini/antigravity/scratch/teacher-tracking/src/app/page.tsx [Client Component Browser]
    ./.gemini/antigravity/scratch/teacher-tracking/src/app/page.tsx [Server Component]

  Client Component SSR:
    ./.gemini/antigravity/scratch/teacher-tracking/node_modules/lucide-react/dist/esm/icons/index.mjs [Client Component SSR]
    ./.gemini/antigravity/scratch/teacher-tracking/node_modules/lucide-react/dist/esm/lucide-react.mjs [Client Component SSR]
    ./.gemini/antigravity/scratch/teacher-tracking/src/components/pages/DailyTasksPage.tsx [Client Component SSR]
    ./.gemini/antigravity/scratch/teacher-tracking/src/components/AppShell.tsx [Client Component SSR]
    ./.gemini/antigravity/scratch/teacher-tracking/src/app/page.tsx [Client Component SSR]
    ./.gemini/antigravity/scratch/teacher-tracking/src/app/page.tsx [Server Component]

https://nextjs.org/docs/messages/module-not-found


./.gemini/antigravity/scratch/teacher-tracking/node_modules/lucide-react/dist/esm/icons/index.mjs:1323:1
Module not found: Can't resolve './shield-ellipsis.mjs'
  [90m1321 |[0m ...[36mxport[0m { [36mdefault[0m [36mas[0m [33mShieldHalf[0m } [36mfrom[0m [32m'./shield-half.mjs'[0m;
  [90m1322 |[0m ...[36mxport[0m { [36mdefault[0m [36mas[0m [33mShieldMinus[0m } [36mfrom[0m [32m'./shield-minus.mjs'[0m;
[31m[1m>[0m [90m1323 |[0m ...[36mxport[0m { [36mdefault[0m [36mas[0m [33mShieldEllipsis[0m } [36mfrom[0m [32m'./shield-ellipsis.mjs'[0m;
  [90m     |[0m    [31m[1m^^^^^^^^^^^^^^^^^^^^^^^^^^^^^^^^^^^^^^^^^^^^^^^^^^^^^^^^^^^^^^^^^^[0m
  [90m1324 |[0m ...[36mxport[0m { [36mdefault[0m [36mas[0m [33mShieldOff[0m } [36mfrom[0m [32m'./shield-off.mjs'[0m;
  [90m1325 |[0m ...[36mxport[0m { [36mdefault[0m [36mas[0m [33mShieldPlus[0m } [36mfrom[0m [32m'./shield-plus.mjs'[0m;
  [90m1326 |[0m ...[36mxport[0m { [36mdefault[0m [36mas[0m [33mShieldQuestionMark[0m } [36mfrom[0m [32m'./shield-question-m...[0m



Import traces:
  Client Component Browser:
    ./.gemini/antigravity/scratch/teacher-tracking/node_modules/lucide-react/dist/esm/icons/index.mjs [Client Component Browser]
    ./.gemini/antigravity/scratch/teacher-tracking/node_modules/lucide-react/dist/esm/lucide-react.mjs [Client Component Browser]
    ./.gemini/antigravity/scratch/teacher-tracking/src/components/pages/DailyTasksPage.tsx [Client Component Browser]
    ./.gemini/antigravity/scratch/teacher-tracking/src/components/AppShell.tsx [Client Component Browser]
    ./.gemini/antigravity/scratch/teacher-tracking/src/app/page.tsx [Client Component Browser]
    ./.gemini/antigravity/scratch/teacher-tracking/src/app/page.tsx [Server Component]

  Client Component SSR:
    ./.gemini/antigravity/scratch/teacher-tracking/node_modules/lucide-react/dist/esm/icons/index.mjs [Client Component SSR]
    ./.gemini/antigravity/scratch/teacher-tracking/node_modules/lucide-react/dist/esm/lucide-react.mjs [Client Component SSR]
    ./.gemini/antigravity/scratch/teacher-tracking/src/components/pages/DailyTasksPage.tsx [Client Component SSR]
    ./.gemini/antigravity/scratch/teacher-tracking/src/components/AppShell.tsx [Client Component SSR]
    ./.gemini/antigravity/scratch/teacher-tracking/src/app/page.tsx [Client Component SSR]
    ./.gemini/antigravity/scratch/teacher-tracking/src/app/page.tsx [Server Component]

https://nextjs.org/docs/messages/module-not-found


./.gemini/antigravity/scratch/teacher-tracking/node_modules/lucide-react/dist/esm/icons/index.mjs:1321:1
Module not found: Can't resolve './shield-half.mjs'
  [90m1319 |[0m [36mexport[0m { [36mdefault[0m [36mas[0m [33mShieldCogCorner[0m } [36mfrom[0m [32m'./shield-cog-corner.mjs'[0m;
  [90m1320 |[0m [36mexport[0m { [36mdefault[0m [36mas[0m [33mShieldCog[0m } [36mfrom[0m [32m'./shield-cog.mjs'[0m;
[31m[1m>[0m [90m1321 |[0m [36mexport[0m { [36mdefault[0m [36mas[0m [33mShieldHalf[0m } [36mfrom[0m [32m'./shield-half.mjs'[0m;
  [90m     |[0m [31m[1m^^^^^^^^^^^^^^^^^^^^^^^^^^^^^^^^^^^^^^^^^^^^^^^^^^^^^^^^^^[0m
  [90m1322 |[0m [36mexport[0m { [36mdefault[0m [36mas[0m [33mShieldMinus[0m } [36mfrom[0m [32m'./shield-minus.mjs'[0m;
  [90m1323 |[0m [36mexport[0m { [36mdefault[0m [36mas[0m [33mShieldEllipsis[0m } [36mfrom[0m [32m'./shield-ellipsis.mjs'[0m;
  [90m1324 |[0m [36mexport[0m { [36mdefault[0m [36mas[0m [33mShieldOff[0m } [36mfrom[0m [32m'./shield-off.mjs'[0m;



Import traces:
  Client Component Browser:
    ./.gemini/antigravity/scratch/teacher-tracking/node_modules/lucide-react/dist/esm/icons/index.mjs [Client Component Browser]
    ./.gemini/antigravity/scratch/teacher-tracking/node_modules/lucide-react/dist/esm/lucide-react.mjs [Client Component Browser]
    ./.gemini/antigravity/scratch/teacher-tracking/src/components/pages/DailyTasksPage.tsx [Client Component Browser]
    ./.gemini/antigravity/scratch/teacher-tracking/src/components/AppShell.tsx [Client Component Browser]
    ./.gemini/antigravity/scratch/teacher-tracking/src/app/page.tsx [Client Component Browser]
    ./.gemini/antigravity/scratch/teacher-tracking/src/app/page.tsx [Server Component]

  Client Component SSR:
    ./.gemini/antigravity/scratch/teacher-tracking/node_modules/lucide-react/dist/esm/icons/index.mjs [Client Component SSR]
    ./.gemini/antigravity/scratch/teacher-tracking/node_modules/lucide-react/dist/esm/lucide-react.mjs [Client Component SSR]
    ./.gemini/antigravity/scratch/teacher-tracking/src/components/pages/DailyTasksPage.tsx [Client Component SSR]
    ./.gemini/antigravity/scratch/teacher-tracking/src/components/AppShell.tsx [Client Component SSR]
    ./.gemini/antigravity/scratch/teacher-tracking/src/app/page.tsx [Client Component SSR]
    ./.gemini/antigravity/scratch/teacher-tracking/src/app/page.tsx [Server Component]

https://nextjs.org/docs/messages/module-not-found


./.gemini/antigravity/scratch/teacher-tracking/node_modules/lucide-react/dist/esm/icons/index.mjs:1322:1
Module not found: Can't resolve './shield-minus.mjs'
  [90m1320 |[0m [36mexport[0m { [36mdefault[0m [36mas[0m [33mShieldCog[0m } [36mfrom[0m [32m'./shield-cog.mjs'[0m;
  [90m1321 |[0m [36mexport[0m { [36mdefault[0m [36mas[0m [33mShieldHalf[0m } [36mfrom[0m [32m'./shield-half.mjs'[0m;
[31m[1m>[0m [90m1322 |[0m [36mexport[0m { [36mdefault[0m [36mas[0m [33mShieldMinus[0m } [36mfrom[0m [32m'./shield-minus.mjs'[0m;
  [90m     |[0m [31m[1m^^^^^^^^^^^^^^^^^^^^^^^^^^^^^^^^^^^^^^^^^^^^^^^^^^^^^^^^^^^^[0m
  [90m1323 |[0m [36mexport[0m { [36mdefault[0m [36mas[0m [33mShieldEllipsis[0m } [36mfrom[0m [32m'./shield-ellipsis.mjs'[0m;
  [90m1324 |[0m [36mexport[0m { [36mdefault[0m [36mas[0m [33mShieldOff[0m } [36mfrom[0m [32m'./shield-off.mjs'[0m;
  [90m1325 |[0m [36mexport[0m { [36mdefault[0m [36mas[0m [33mShieldPlus[0m } [36mfrom[0m [32m'./shield-plus.mjs'[0m;



Import traces:
  Client Component Browser:
    ./.gemini/antigravity/scratch/teacher-tracking/node_modules/lucide-react/dist/esm/icons/index.mjs [Client Component Browser]
    ./.gemini/antigravity/scratch/teacher-tracking/node_modules/lucide-react/dist/esm/lucide-react.mjs [Client Component Browser]
    ./.gemini/antigravity/scratch/teacher-tracking/src/components/pages/DailyTasksPage.tsx [Client Component Browser]
    ./.gemini/antigravity/scratch/teacher-tracking/src/components/AppShell.tsx [Client Component Browser]
    ./.gemini/antigravity/scratch/teacher-tracking/src/app/page.tsx [Client Component Browser]
    ./.gemini/antigravity/scratch/teacher-tracking/src/app/page.tsx [Server Component]

  Client Component SSR:
    ./.gemini/antigravity/scratch/teacher-tracking/node_modules/lucide-react/dist/esm/icons/index.mjs [Client Component SSR]
    ./.gemini/antigravity/scratch/teacher-tracking/node_modules/lucide-react/dist/esm/lucide-react.mjs [Client Component SSR]
    ./.gemini/antigravity/scratch/teacher-tracking/src/components/pages/DailyTasksPage.tsx [Client Component SSR]
    ./.gemini/antigravity/scratch/teacher-tracking/src/components/AppShell.tsx [Client Component SSR]
    ./.gemini/antigravity/scratch/teacher-tracking/src/app/page.tsx [Client Component SSR]
    ./.gemini/antigravity/scratch/teacher-tracking/src/app/page.tsx [Server Component]

https://nextjs.org/docs/messages/module-not-found


./.gemini/antigravity/scratch/teacher-tracking/node_modules/lucide-react/dist/esm/icons/index.mjs:1324:1
Module not found: Can't resolve './shield-off.mjs'
  [90m1322 |[0m [36mexport[0m { [36mdefault[0m [36mas[0m [33mShieldMinus[0m } [36mfrom[0m [32m'./shield-minus.mjs'[0m;
  [90m1323 |[0m [36mexport[0m { [36mdefault[0m [36mas[0m [33mShieldEllipsis[0m } [36mfrom[0m [32m'./shield-ellipsis.mjs'[0m;
[31m[1m>[0m [90m1324 |[0m [36mexport[0m { [36mdefault[0m [36mas[0m [33mShieldOff[0m } [36mfrom[0m [32m'./shield-off.mjs'[0m;
  [90m     |[0m [31m[1m^^^^^^^^^^^^^^^^^^^^^^^^^^^^^^^^^^^^^^^^^^^^^^^^^^^^^^^^[0m
  [90m1325 |[0m [36mexport[0m { [36mdefault[0m [36mas[0m [33mShieldPlus[0m } [36mfrom[0m [32m'./shield-plus.mjs'[0m;
  [90m1326 |[0m [36mexport[0m { [36mdefault[0m [36mas[0m [33mShieldQuestionMark[0m } [36mfrom[0m [32m'./shield-question-mar...[0m
  [90m1327 |[0m [36mexport[0m { [36mdefault[0m [36mas[0m [33mShieldUser[0m } [36mfrom[0m [32m'./shield-user.mjs'[0m;



Import traces:
  Client Component Browser:
    ./.gemini/antigravity/scratch/teacher-tracking/node_modules/lucide-react/dist/esm/icons/index.mjs [Client Component Browser]
    ./.gemini/antigravity/scratch/teacher-tracking/node_modules/lucide-react/dist/esm/lucide-react.mjs [Client Component Browser]
    ./.gemini/antigravity/scratch/teacher-tracking/src/components/pages/DailyTasksPage.tsx [Client Component Browser]
    ./.gemini/antigravity/scratch/teacher-tracking/src/components/AppShell.tsx [Client Component Browser]
    ./.gemini/antigravity/scratch/teacher-tracking/src/app/page.tsx [Client Component Browser]
    ./.gemini/antigravity/scratch/teacher-tracking/src/app/page.tsx [Server Component]

  Client Component SSR:
    ./.gemini/antigravity/scratch/teacher-tracking/node_modules/lucide-react/dist/esm/icons/index.mjs [Client Component SSR]
    ./.gemini/antigravity/scratch/teacher-tracking/node_modules/lucide-react/dist/esm/lucide-react.mjs [Client Component SSR]
    ./.gemini/antigravity/scratch/teacher-tracking/src/components/pages/DailyTasksPage.tsx [Client Component SSR]
    ./.gemini/antigravity/scratch/teacher-tracking/src/components/AppShell.tsx [Client Component SSR]
    ./.gemini/antigravity/scratch/teacher-tracking/src/app/page.tsx [Client Component SSR]
    ./.gemini/antigravity/scratch/teacher-tracking/src/app/page.tsx [Server Component]

https://nextjs.org/docs/messages/module-not-found


./.gemini/antigravity/scratch/teacher-tracking/node_modules/lucide-react/dist/esm/icons/index.mjs:1325:1
Module not found: Can't resolve './shield-plus.mjs'
  [90m1323 |[0m [36mexport[0m { [36mdefault[0m [36mas[0m [33mShieldEllipsis[0m } [36mfrom[0m [32m'./shield-ellipsis.mjs'[0m;
  [90m1324 |[0m [36mexport[0m { [36mdefault[0m [36mas[0m [33mShieldOff[0m } [36mfrom[0m [32m'./shield-off.mjs'[0m;
[31m[1m>[0m [90m1325 |[0m [36mexport[0m { [36mdefault[0m [36mas[0m [33mShieldPlus[0m } [36mfrom[0m [32m'./shield-plus.mjs'[0m;
  [90m     |[0m [31m[1m^^^^^^^^^^^^^^^^^^^^^^^^^^^^^^^^^^^^^^^^^^^^^^^^^^^^^^^^^^[0m
  [90m1326 |[0m [36mexport[0m { [36mdefault[0m [36mas[0m [33mShieldQuestionMark[0m } [36mfrom[0m [32m'./shield-question-mar...[0m
  [90m1327 |[0m [36mexport[0m { [36mdefault[0m [36mas[0m [33mShieldUser[0m } [36mfrom[0m [32m'./shield-user.mjs'[0m;
  [90m1328 |[0m [36mexport[0m { [36mdefault[0m [36mas[0m [33mShieldX[0m } [36mfrom[0m [32m'./shield-x.mjs'[0m;



Import traces:
  Client Component Browser:
    ./.gemini/antigravity/scratch/teacher-tracking/node_modules/lucide-react/dist/esm/icons/index.mjs [Client Component Browser]
    ./.gemini/antigravity/scratch/teacher-tracking/node_modules/lucide-react/dist/esm/lucide-react.mjs [Client Component Browser]
    ./.gemini/antigravity/scratch/teacher-tracking/src/components/pages/DailyTasksPage.tsx [Client Component Browser]
    ./.gemini/antigravity/scratch/teacher-tracking/src/components/AppShell.tsx [Client Component Browser]
    ./.gemini/antigravity/scratch/teacher-tracking/src/app/page.tsx [Client Component Browser]
    ./.gemini/antigravity/scratch/teacher-tracking/src/app/page.tsx [Server Component]

  Client Component SSR:
    ./.gemini/antigravity/scratch/teacher-tracking/node_modules/lucide-react/dist/esm/icons/index.mjs [Client Component SSR]
    ./.gemini/antigravity/scratch/teacher-tracking/node_modules/lucide-react/dist/esm/lucide-react.mjs [Client Component SSR]
    ./.gemini/antigravity/scratch/teacher-tracking/src/components/pages/DailyTasksPage.tsx [Client Component SSR]
    ./.gemini/antigravity/scratch/teacher-tracking/src/components/AppShell.tsx [Client Component SSR]
    ./.gemini/antigravity/scratch/teacher-tracking/src/app/page.tsx [Client Component SSR]
    ./.gemini/antigravity/scratch/teacher-tracking/src/app/page.tsx [Server Component]

https://nextjs.org/docs/messages/module-not-found


./.gemini/antigravity/scratch/teacher-tracking/node_modules/lucide-react/dist/esm/icons/index.mjs:1326:1
Module not found: Can't resolve './shield-question-mark.mjs'
  [90m1324 |[0m ...[36mt[0m { [36mdefault[0m [36mas[0m [33mShieldOff[0m } [36mfrom[0m [32m'./shield-off.mjs'[0m;
  [90m1325 |[0m ...[36mt[0m { [36mdefault[0m [36mas[0m [33mShieldPlus[0m } [36mfrom[0m [32m'./shield-plus.mjs'[0m;
[31m[1m>[0m [90m1326 |[0m ...[36mt[0m { [36mdefault[0m [36mas[0m [33mShieldQuestionMark[0m } [36mfrom[0m [32m'./shield-question-mark....[0m
  [90m     |[0m    [31m[1m^^^^^^^^^^^^^^^^^^^^^^^^^^^^^^^^^^^^^^^^^^^^^^^^^^^^^^^^^^^^^^^^^^^^[0m
  [90m1327 |[0m ...[36mt[0m { [36mdefault[0m [36mas[0m [33mShieldUser[0m } [36mfrom[0m [32m'./shield-user.mjs'[0m;
  [90m1328 |[0m ...[36mt[0m { [36mdefault[0m [36mas[0m [33mShieldX[0m } [36mfrom[0m [32m'./shield-x.mjs'[0m;
  [90m1329 |[0m ...[36mt[0m { [36mdefault[0m [36mas[0m [33mShield[0m } [36mfrom[0m [32m'./shield.mjs'[0m;



Import traces:
  Client Component Browser:
    ./.gemini/antigravity/scratch/teacher-tracking/node_modules/lucide-react/dist/esm/icons/index.mjs [Client Component Browser]
    ./.gemini/antigravity/scratch/teacher-tracking/node_modules/lucide-react/dist/esm/lucide-react.mjs [Client Component Browser]
    ./.gemini/antigravity/scratch/teacher-tracking/src/components/pages/DailyTasksPage.tsx [Client Component Browser]
    ./.gemini/antigravity/scratch/teacher-tracking/src/components/AppShell.tsx [Client Component Browser]
    ./.gemini/antigravity/scratch/teacher-tracking/src/app/page.tsx [Client Component Browser]
    ./.gemini/antigravity/scratch/teacher-tracking/src/app/page.tsx [Server Component]

  Client Component SSR:
    ./.gemini/antigravity/scratch/teacher-tracking/node_modules/lucide-react/dist/esm/icons/index.mjs [Client Component SSR]
    ./.gemini/antigravity/scratch/teacher-tracking/node_modules/lucide-react/dist/esm/lucide-react.mjs [Client Component SSR]
    ./.gemini/antigravity/scratch/teacher-tracking/src/components/pages/DailyTasksPage.tsx [Client Component SSR]
    ./.gemini/antigravity/scratch/teacher-tracking/src/components/AppShell.tsx [Client Component SSR]
    ./.gemini/antigravity/scratch/teacher-tracking/src/app/page.tsx [Client Component SSR]
    ./.gemini/antigravity/scratch/teacher-tracking/src/app/page.tsx [Server Component]

https://nextjs.org/docs/messages/module-not-found


./.gemini/antigravity/scratch/teacher-tracking/node_modules/lucide-react/dist/esm/icons/index.mjs:1327:1
Module not found: Can't resolve './shield-user.mjs'
  [90m1325 |[0m [36mexport[0m { [36mdefault[0m [36mas[0m [33mShieldPlus[0m } [36mfrom[0m [32m'./shield-plus.mjs'[0m;
  [90m1326 |[0m [36mexport[0m { [36mdefault[0m [36mas[0m [33mShieldQuestionMark[0m } [36mfrom[0m [32m'./shield-question-mar...[0m
[31m[1m>[0m [90m1327 |[0m [36mexport[0m { [36mdefault[0m [36mas[0m [33mShieldUser[0m } [36mfrom[0m [32m'./shield-user.mjs'[0m;
  [90m     |[0m [31m[1m^^^^^^^^^^^^^^^^^^^^^^^^^^^^^^^^^^^^^^^^^^^^^^^^^^^^^^^^^^[0m
  [90m1328 |[0m [36mexport[0m { [36mdefault[0m [36mas[0m [33mShieldX[0m } [36mfrom[0m [32m'./shield-x.mjs'[0m;
  [90m1329 |[0m [36mexport[0m { [36mdefault[0m [36mas[0m [33mShield[0m } [36mfrom[0m [32m'./shield.mjs'[0m;
  [90m1330 |[0m [36mexport[0m { [36mdefault[0m [36mas[0m [33mShipWheel[0m } [36mfrom[0m [32m'./ship-wheel.mjs'[0m;



Import traces:
  Client Component Browser:
    ./.gemini/antigravity/scratch/teacher-tracking/node_modules/lucide-react/dist/esm/icons/index.mjs [Client Component Browser]
    ./.gemini/antigravity/scratch/teacher-tracking/node_modules/lucide-react/dist/esm/lucide-react.mjs [Client Component Browser]
    ./.gemini/antigravity/scratch/teacher-tracking/src/components/pages/DailyTasksPage.tsx [Client Component Browser]
    ./.gemini/antigravity/scratch/teacher-tracking/src/components/AppShell.tsx [Client Component Browser]
    ./.gemini/antigravity/scratch/teacher-tracking/src/app/page.tsx [Client Component Browser]
    ./.gemini/antigravity/scratch/teacher-tracking/src/app/page.tsx [Server Component]

  Client Component SSR:
    ./.gemini/antigravity/scratch/teacher-tracking/node_modules/lucide-react/dist/esm/icons/index.mjs [Client Component SSR]
    ./.gemini/antigravity/scratch/teacher-tracking/node_modules/lucide-react/dist/esm/lucide-react.mjs [Client Component SSR]
    ./.gemini/antigravity/scratch/teacher-tracking/src/components/pages/DailyTasksPage.tsx [Client Component SSR]
    ./.gemini/antigravity/scratch/teacher-tracking/src/components/AppShell.tsx [Client Component SSR]
    ./.gemini/antigravity/scratch/teacher-tracking/src/app/page.tsx [Client Component SSR]
    ./.gemini/antigravity/scratch/teacher-tracking/src/app/page.tsx [Server Component]

https://nextjs.org/docs/messages/module-not-found


./.gemini/antigravity/scratch/teacher-tracking/node_modules/lucide-react/dist/esm/icons/index.mjs:1328:1
Module not found: Can't resolve './shield-x.mjs'
  [90m1326 |[0m [36mexport[0m { [36mdefault[0m [36mas[0m [33mShieldQuestionMark[0m } [36mfrom[0m [32m'./shield-question-mar...[0m
  [90m1327 |[0m [36mexport[0m { [36mdefault[0m [36mas[0m [33mShieldUser[0m } [36mfrom[0m [32m'./shield-user.mjs'[0m;
[31m[1m>[0m [90m1328 |[0m [36mexport[0m { [36mdefault[0m [36mas[0m [33mShieldX[0m } [36mfrom[0m [32m'./shield-x.mjs'[0m;
  [90m     |[0m [31m[1m^^^^^^^^^^^^^^^^^^^^^^^^^^^^^^^^^^^^^^^^^^^^^^^^^^^^[0m
  [90m1329 |[0m [36mexport[0m { [36mdefault[0m [36mas[0m [33mShield[0m } [36mfrom[0m [32m'./shield.mjs'[0m;
  [90m1330 |[0m [36mexport[0m { [36mdefault[0m [36mas[0m [33mShipWheel[0m } [36mfrom[0m [32m'./ship-wheel.mjs'[0m;
  [90m1331 |[0m [36mexport[0m { [36mdefault[0m [36mas[0m [33mShip[0m } [36mfrom[0m [32m'./ship.mjs'[0m;



Import traces:
  Client Component Browser:
    ./.gemini/antigravity/scratch/teacher-tracking/node_modules/lucide-react/dist/esm/icons/index.mjs [Client Component Browser]
    ./.gemini/antigravity/scratch/teacher-tracking/node_modules/lucide-react/dist/esm/lucide-react.mjs [Client Component Browser]
    ./.gemini/antigravity/scratch/teacher-tracking/src/components/pages/DailyTasksPage.tsx [Client Component Browser]
    ./.gemini/antigravity/scratch/teacher-tracking/src/components/AppShell.tsx [Client Component Browser]
    ./.gemini/antigravity/scratch/teacher-tracking/src/app/page.tsx [Client Component Browser]
    ./.gemini/antigravity/scratch/teacher-tracking/src/app/page.tsx [Server Component]

  Client Component SSR:
    ./.gemini/antigravity/scratch/teacher-tracking/node_modules/lucide-react/dist/esm/icons/index.mjs [Client Component SSR]
    ./.gemini/antigravity/scratch/teacher-tracking/node_modules/lucide-react/dist/esm/lucide-react.mjs [Client Component SSR]
    ./.gemini/antigravity/scratch/teacher-tracking/src/components/pages/DailyTasksPage.tsx [Client Component SSR]
    ./.gemini/antigravity/scratch/teacher-tracking/src/components/AppShell.tsx [Client Component SSR]
    ./.gemini/antigravity/scratch/teacher-tracking/src/app/page.tsx [Client Component SSR]
    ./.gemini/antigravity/scratch/teacher-tracking/src/app/page.tsx [Server Component]

https://nextjs.org/docs/messages/module-not-found


./.gemini/antigravity/scratch/teacher-tracking/node_modules/lucide-react/dist/esm/icons/index.mjs:1329:1
Module not found: Can't resolve './shield.mjs'
  [90m1327 |[0m [36mexport[0m { [36mdefault[0m [36mas[0m [33mShieldUser[0m } [36mfrom[0m [32m'./shield-user.mjs'[0m;
  [90m1328 |[0m [36mexport[0m { [36mdefault[0m [36mas[0m [33mShieldX[0m } [36mfrom[0m [32m'./shield-x.mjs'[0m;
[31m[1m>[0m [90m1329 |[0m [36mexport[0m { [36mdefault[0m [36mas[0m [33mShield[0m } [36mfrom[0m [32m'./shield.mjs'[0m;
  [90m     |[0m [31m[1m^^^^^^^^^^^^^^^^^^^^^^^^^^^^^^^^^^^^^^^^^^^^^^^^^[0m
  [90m1330 |[0m [36mexport[0m { [36mdefault[0m [36mas[0m [33mShipWheel[0m } [36mfrom[0m [32m'./ship-wheel.mjs'[0m;
  [90m1331 |[0m [36mexport[0m { [36mdefault[0m [36mas[0m [33mShip[0m } [36mfrom[0m [32m'./ship.mjs'[0m;
  [90m1332 |[0m [36mexport[0m { [36mdefault[0m [36mas[0m [33mShirt[0m } [36mfrom[0m [32m'./shirt.mjs'[0m;



Import traces:
  Client Component Browser:
    ./.gemini/antigravity/scratch/teacher-tracking/node_modules/lucide-react/dist/esm/icons/index.mjs [Client Component Browser]
    ./.gemini/antigravity/scratch/teacher-tracking/node_modules/lucide-react/dist/esm/lucide-react.mjs [Client Component Browser]
    ./.gemini/antigravity/scratch/teacher-tracking/src/components/pages/DailyTasksPage.tsx [Client Component Browser]
    ./.gemini/antigravity/scratch/teacher-tracking/src/components/AppShell.tsx [Client Component Browser]
    ./.gemini/antigravity/scratch/teacher-tracking/src/app/page.tsx [Client Component Browser]
    ./.gemini/antigravity/scratch/teacher-tracking/src/app/page.tsx [Server Component]

  Client Component SSR:
    ./.gemini/antigravity/scratch/teacher-tracking/node_modules/lucide-react/dist/esm/icons/index.mjs [Client Component SSR]
    ./.gemini/antigravity/scratch/teacher-tracking/node_modules/lucide-react/dist/esm/lucide-react.mjs [Client Component SSR]
    ./.gemini/antigravity/scratch/teacher-tracking/src/components/pages/DailyTasksPage.tsx [Client Component SSR]
    ./.gemini/antigravity/scratch/teacher-tracking/src/components/AppShell.tsx [Client Component SSR]
    ./.gemini/antigravity/scratch/teacher-tracking/src/app/page.tsx [Client Component SSR]
    ./.gemini/antigravity/scratch/teacher-tracking/src/app/page.tsx [Server Component]

https://nextjs.org/docs/messages/module-not-found


./.gemini/antigravity/scratch/teacher-tracking/node_modules/lucide-react/dist/esm/icons/index.mjs:1330:1
Module not found: Can't resolve './ship-wheel.mjs'
  [90m1328 |[0m [36mexport[0m { [36mdefault[0m [36mas[0m [33mShieldX[0m } [36mfrom[0m [32m'./shield-x.mjs'[0m;
  [90m1329 |[0m [36mexport[0m { [36mdefault[0m [36mas[0m [33mShield[0m } [36mfrom[0m [32m'./shield.mjs'[0m;
[31m[1m>[0m [90m1330 |[0m [36mexport[0m { [36mdefault[0m [36mas[0m [33mShipWheel[0m } [36mfrom[0m [32m'./ship-wheel.mjs'[0m;
  [90m     |[0m [31m[1m^^^^^^^^^^^^^^^^^^^^^^^^^^^^^^^^^^^^^^^^^^^^^^^^^^^^^^^^[0m
  [90m1331 |[0m [36mexport[0m { [36mdefault[0m [36mas[0m [33mShip[0m } [36mfrom[0m [32m'./ship.mjs'[0m;
  [90m1332 |[0m [36mexport[0m { [36mdefault[0m [36mas[0m [33mShirt[0m } [36mfrom[0m [32m'./shirt.mjs'[0m;
  [90m1333 |[0m [36mexport[0m { [36mdefault[0m [36mas[0m [33mShoppingBasket[0m } [36mfrom[0m [32m'./shopping-basket.mjs'[0m;



Import traces:
  Client Component Browser:
    ./.gemini/antigravity/scratch/teacher-tracking/node_modules/lucide-react/dist/esm/icons/index.mjs [Client Component Browser]
    ./.gemini/antigravity/scratch/teacher-tracking/node_modules/lucide-react/dist/esm/lucide-react.mjs [Client Component Browser]
    ./.gemini/antigravity/scratch/teacher-tracking/src/components/pages/DailyTasksPage.tsx [Client Component Browser]
    ./.gemini/antigravity/scratch/teacher-tracking/src/components/AppShell.tsx [Client Component Browser]
    ./.gemini/antigravity/scratch/teacher-tracking/src/app/page.tsx [Client Component Browser]
    ./.gemini/antigravity/scratch/teacher-tracking/src/app/page.tsx [Server Component]

  Client Component SSR:
    ./.gemini/antigravity/scratch/teacher-tracking/node_modules/lucide-react/dist/esm/icons/index.mjs [Client Component SSR]
    ./.gemini/antigravity/scratch/teacher-tracking/node_modules/lucide-react/dist/esm/lucide-react.mjs [Client Component SSR]
    ./.gemini/antigravity/scratch/teacher-tracking/src/components/pages/DailyTasksPage.tsx [Client Component SSR]
    ./.gemini/antigravity/scratch/teacher-tracking/src/components/AppShell.tsx [Client Component SSR]
    ./.gemini/antigravity/scratch/teacher-tracking/src/app/page.tsx [Client Component SSR]
    ./.gemini/antigravity/scratch/teacher-tracking/src/app/page.tsx [Server Component]

https://nextjs.org/docs/messages/module-not-found


./.gemini/antigravity/scratch/teacher-tracking/node_modules/lucide-react/dist/esm/icons/index.mjs:1331:1
Module not found: Can't resolve './ship.mjs'
  [90m1329 |[0m [36mexport[0m { [36mdefault[0m [36mas[0m [33mShield[0m } [36mfrom[0m [32m'./shield.mjs'[0m;
  [90m1330 |[0m [36mexport[0m { [36mdefault[0m [36mas[0m [33mShipWheel[0m } [36mfrom[0m [32m'./ship-wheel.mjs'[0m;
[31m[1m>[0m [90m1331 |[0m [36mexport[0m { [36mdefault[0m [36mas[0m [33mShip[0m } [36mfrom[0m [32m'./ship.mjs'[0m;
  [90m     |[0m [31m[1m^^^^^^^^^^^^^^^^^^^^^^^^^^^^^^^^^^^^^^^^^^^^^[0m
  [90m1332 |[0m [36mexport[0m { [36mdefault[0m [36mas[0m [33mShirt[0m } [36mfrom[0m [32m'./shirt.mjs'[0m;
  [90m1333 |[0m [36mexport[0m { [36mdefault[0m [36mas[0m [33mShoppingBasket[0m } [36mfrom[0m [32m'./shopping-basket.mjs'[0m;
  [90m1334 |[0m [36mexport[0m { [36mdefault[0m [36mas[0m [33mShoppingBag[0m } [36mfrom[0m [32m'./shopping-bag.mjs'[0m;



Import traces:
  Client Component Browser:
    ./.gemini/antigravity/scratch/teacher-tracking/node_modules/lucide-react/dist/esm/icons/index.mjs [Client Component Browser]
    ./.gemini/antigravity/scratch/teacher-tracking/node_modules/lucide-react/dist/esm/lucide-react.mjs [Client Component Browser]
    ./.gemini/antigravity/scratch/teacher-tracking/src/components/pages/DailyTasksPage.tsx [Client Component Browser]
    ./.gemini/antigravity/scratch/teacher-tracking/src/components/AppShell.tsx [Client Component Browser]
    ./.gemini/antigravity/scratch/teacher-tracking/src/app/page.tsx [Client Component Browser]
    ./.gemini/antigravity/scratch/teacher-tracking/src/app/page.tsx [Server Component]

  Client Component SSR:
    ./.gemini/antigravity/scratch/teacher-tracking/node_modules/lucide-react/dist/esm/icons/index.mjs [Client Component SSR]
    ./.gemini/antigravity/scratch/teacher-tracking/node_modules/lucide-react/dist/esm/lucide-react.mjs [Client Component SSR]
    ./.gemini/antigravity/scratch/teacher-tracking/src/components/pages/DailyTasksPage.tsx [Client Component SSR]
    ./.gemini/antigravity/scratch/teacher-tracking/src/components/AppShell.tsx [Client Component SSR]
    ./.gemini/antigravity/scratch/teacher-tracking/src/app/page.tsx [Client Component SSR]
    ./.gemini/antigravity/scratch/teacher-tracking/src/app/page.tsx [Server Component]

https://nextjs.org/docs/messages/module-not-found


./.gemini/antigravity/scratch/teacher-tracking/node_modules/lucide-react/dist/esm/icons/index.mjs:1332:1
Module not found: Can't resolve './shirt.mjs'
  [90m1330 |[0m [36mexport[0m { [36mdefault[0m [36mas[0m [33mShipWheel[0m } [36mfrom[0m [32m'./ship-wheel.mjs'[0m;
  [90m1331 |[0m [36mexport[0m { [36mdefault[0m [36mas[0m [33mShip[0m } [36mfrom[0m [32m'./ship.mjs'[0m;
[31m[1m>[0m [90m1332 |[0m [36mexport[0m { [36mdefault[0m [36mas[0m [33mShirt[0m } [36mfrom[0m [32m'./shirt.mjs'[0m;
  [90m     |[0m [31m[1m^^^^^^^^^^^^^^^^^^^^^^^^^^^^^^^^^^^^^^^^^^^^^^^[0m
  [90m1333 |[0m [36mexport[0m { [36mdefault[0m [36mas[0m [33mShoppingBasket[0m } [36mfrom[0m [32m'./shopping-basket.mjs'[0m;
  [90m1334 |[0m [36mexport[0m { [36mdefault[0m [36mas[0m [33mShoppingBag[0m } [36mfrom[0m [32m'./shopping-bag.mjs'[0m;
  [90m1335 |[0m [36mexport[0m { [36mdefault[0m [36mas[0m [33mShoppingCart[0m } [36mfrom[0m [32m'./shopping-cart.mjs'[0m;



Import traces:
  Client Component Browser:
    ./.gemini/antigravity/scratch/teacher-tracking/node_modules/lucide-react/dist/esm/icons/index.mjs [Client Component Browser]
    ./.gemini/antigravity/scratch/teacher-tracking/node_modules/lucide-react/dist/esm/lucide-react.mjs [Client Component Browser]
    ./.gemini/antigravity/scratch/teacher-tracking/src/components/pages/DailyTasksPage.tsx [Client Component Browser]
    ./.gemini/antigravity/scratch/teacher-tracking/src/components/AppShell.tsx [Client Component Browser]
    ./.gemini/antigravity/scratch/teacher-tracking/src/app/page.tsx [Client Component Browser]
    ./.gemini/antigravity/scratch/teacher-tracking/src/app/page.tsx [Server Component]

  Client Component SSR:
    ./.gemini/antigravity/scratch/teacher-tracking/node_modules/lucide-react/dist/esm/icons/index.mjs [Client Component SSR]
    ./.gemini/antigravity/scratch/teacher-tracking/node_modules/lucide-react/dist/esm/lucide-react.mjs [Client Component SSR]
    ./.gemini/antigravity/scratch/teacher-tracking/src/components/pages/DailyTasksPage.tsx [Client Component SSR]
    ./.gemini/antigravity/scratch/teacher-tracking/src/components/AppShell.tsx [Client Component SSR]
    ./.gemini/antigravity/scratch/teacher-tracking/src/app/page.tsx [Client Component SSR]
    ./.gemini/antigravity/scratch/teacher-tracking/src/app/page.tsx [Server Component]

https://nextjs.org/docs/messages/module-not-found


./.gemini/antigravity/scratch/teacher-tracking/node_modules/lucide-react/dist/esm/icons/index.mjs:1334:1
Module not found: Can't resolve './shopping-bag.mjs'
  [90m1332 |[0m [36mexport[0m { [36mdefault[0m [36mas[0m [33mShirt[0m } [36mfrom[0m [32m'./shirt.mjs'[0m;
  [90m1333 |[0m [36mexport[0m { [36mdefault[0m [36mas[0m [33mShoppingBasket[0m } [36mfrom[0m [32m'./shopping-basket.mjs'[0m;
[31m[1m>[0m [90m1334 |[0m [36mexport[0m { [36mdefault[0m [36mas[0m [33mShoppingBag[0m } [36mfrom[0m [32m'./shopping-bag.mjs'[0m;
  [90m     |[0m [31m[1m^^^^^^^^^^^^^^^^^^^^^^^^^^^^^^^^^^^^^^^^^^^^^^^^^^^^^^^^^^^^[0m
  [90m1335 |[0m [36mexport[0m { [36mdefault[0m [36mas[0m [33mShoppingCart[0m } [36mfrom[0m [32m'./shopping-cart.mjs'[0m;
  [90m1336 |[0m [36mexport[0m { [36mdefault[0m [36mas[0m [33mShowerHead[0m } [36mfrom[0m [32m'./shower-head.mjs'[0m;
  [90m1337 |[0m [36mexport[0m { [36mdefault[0m [36mas[0m [33mShovel[0m } [36mfrom[0m [32m'./shovel.mjs'[0m;



Import traces:
  Client Component Browser:
    ./.gemini/antigravity/scratch/teacher-tracking/node_modules/lucide-react/dist/esm/icons/index.mjs [Client Component Browser]
    ./.gemini/antigravity/scratch/teacher-tracking/node_modules/lucide-react/dist/esm/lucide-react.mjs [Client Component Browser]
    ./.gemini/antigravity/scratch/teacher-tracking/src/components/pages/DailyTasksPage.tsx [Client Component Browser]
    ./.gemini/antigravity/scratch/teacher-tracking/src/components/AppShell.tsx [Client Component Browser]
    ./.gemini/antigravity/scratch/teacher-tracking/src/app/page.tsx [Client Component Browser]
    ./.gemini/antigravity/scratch/teacher-tracking/src/app/page.tsx [Server Component]

  Client Component SSR:
    ./.gemini/antigravity/scratch/teacher-tracking/node_modules/lucide-react/dist/esm/icons/index.mjs [Client Component SSR]
    ./.gemini/antigravity/scratch/teacher-tracking/node_modules/lucide-react/dist/esm/lucide-react.mjs [Client Component SSR]
    ./.gemini/antigravity/scratch/teacher-tracking/src/components/pages/DailyTasksPage.tsx [Client Component SSR]
    ./.gemini/antigravity/scratch/teacher-tracking/src/components/AppShell.tsx [Client Component SSR]
    ./.gemini/antigravity/scratch/teacher-tracking/src/app/page.tsx [Client Component SSR]
    ./.gemini/antigravity/scratch/teacher-tracking/src/app/page.tsx [Server Component]

https://nextjs.org/docs/messages/module-not-found


./.gemini/antigravity/scratch/teacher-tracking/node_modules/lucide-react/dist/esm/icons/index.mjs:1333:1
Module not found: Can't resolve './shopping-basket.mjs'
  [90m1331 |[0m [36mexport[0m { [36mdefault[0m [36mas[0m [33mShip[0m } [36mfrom[0m [32m'./ship.mjs'[0m;
  [90m1332 |[0m [36mexport[0m { [36mdefault[0m [36mas[0m [33mShirt[0m } [36mfrom[0m [32m'./shirt.mjs'[0m;
[31m[1m>[0m [90m1333 |[0m [36mexport[0m { [36mdefault[0m [36mas[0m [33mShoppingBasket[0m } [36mfrom[0m [32m'./shopping-basket.mjs'[0m;
  [90m     |[0m [31m[1m^^^^^^^^^^^^^^^^^^^^^^^^^^^^^^^^^^^^^^^^^^^^^^^^^^^^^^^^^^^^^^^^^^[0m
  [90m1334 |[0m [36mexport[0m { [36mdefault[0m [36mas[0m [33mShoppingBag[0m } [36mfrom[0m [32m'./shopping-bag.mjs'[0m;
  [90m1335 |[0m [36mexport[0m { [36mdefault[0m [36mas[0m [33mShoppingCart[0m } [36mfrom[0m [32m'./shopping-cart.mjs'[0m;
  [90m1336 |[0m [36mexport[0m { [36mdefault[0m [36mas[0m [33mShowerHead[0m } [36mfrom[0m [32m'./shower-head.mjs'[0m;



Import traces:
  Client Component Browser:
    ./.gemini/antigravity/scratch/teacher-tracking/node_modules/lucide-react/dist/esm/icons/index.mjs [Client Component Browser]
    ./.gemini/antigravity/scratch/teacher-tracking/node_modules/lucide-react/dist/esm/lucide-react.mjs [Client Component Browser]
    ./.gemini/antigravity/scratch/teacher-tracking/src/components/pages/DailyTasksPage.tsx [Client Component Browser]
    ./.gemini/antigravity/scratch/teacher-tracking/src/components/AppShell.tsx [Client Component Browser]
    ./.gemini/antigravity/scratch/teacher-tracking/src/app/page.tsx [Client Component Browser]
    ./.gemini/antigravity/scratch/teacher-tracking/src/app/page.tsx [Server Component]

  Client Component SSR:
    ./.gemini/antigravity/scratch/teacher-tracking/node_modules/lucide-react/dist/esm/icons/index.mjs [Client Component SSR]
    ./.gemini/antigravity/scratch/teacher-tracking/node_modules/lucide-react/dist/esm/lucide-react.mjs [Client Component SSR]
    ./.gemini/antigravity/scratch/teacher-tracking/src/components/pages/DailyTasksPage.tsx [Client Component SSR]
    ./.gemini/antigravity/scratch/teacher-tracking/src/components/AppShell.tsx [Client Component SSR]
    ./.gemini/antigravity/scratch/teacher-tracking/src/app/page.tsx [Client Component SSR]
    ./.gemini/antigravity/scratch/teacher-tracking/src/app/page.tsx [Server Component]

https://nextjs.org/docs/messages/module-not-found


./.gemini/antigravity/scratch/teacher-tracking/node_modules/lucide-react/dist/esm/icons/index.mjs:1335:1
Module not found: Can't resolve './shopping-cart.mjs'
  [90m1333 |[0m [36mexport[0m { [36mdefault[0m [36mas[0m [33mShoppingBasket[0m } [36mfrom[0m [32m'./shopping-basket.mjs'[0m;
  [90m1334 |[0m [36mexport[0m { [36mdefault[0m [36mas[0m [33mShoppingBag[0m } [36mfrom[0m [32m'./shopping-bag.mjs'[0m;
[31m[1m>[0m [90m1335 |[0m [36mexport[0m { [36mdefault[0m [36mas[0m [33mShoppingCart[0m } [36mfrom[0m [32m'./shopping-cart.mjs'[0m;
  [90m     |[0m [31m[1m^^^^^^^^^^^^^^^^^^^^^^^^^^^^^^^^^^^^^^^^^^^^^^^^^^^^^^^^^^^^^^[0m
  [90m1336 |[0m [36mexport[0m { [36mdefault[0m [36mas[0m [33mShowerHead[0m } [36mfrom[0m [32m'./shower-head.mjs'[0m;
  [90m1337 |[0m [36mexport[0m { [36mdefault[0m [36mas[0m [33mShovel[0m } [36mfrom[0m [32m'./shovel.mjs'[0m;
  [90m1338 |[0m [36mexport[0m { [36mdefault[0m [36mas[0m [33mShredder[0m } [36mfrom[0m [32m'./shredder.mjs'[0m;



Import traces:
  Client Component Browser:
    ./.gemini/antigravity/scratch/teacher-tracking/node_modules/lucide-react/dist/esm/icons/index.mjs [Client Component Browser]
    ./.gemini/antigravity/scratch/teacher-tracking/node_modules/lucide-react/dist/esm/lucide-react.mjs [Client Component Browser]
    ./.gemini/antigravity/scratch/teacher-tracking/src/components/pages/DailyTasksPage.tsx [Client Component Browser]
    ./.gemini/antigravity/scratch/teacher-tracking/src/components/AppShell.tsx [Client Component Browser]
    ./.gemini/antigravity/scratch/teacher-tracking/src/app/page.tsx [Client Component Browser]
    ./.gemini/antigravity/scratch/teacher-tracking/src/app/page.tsx [Server Component]

  Client Component SSR:
    ./.gemini/antigravity/scratch/teacher-tracking/node_modules/lucide-react/dist/esm/icons/index.mjs [Client Component SSR]
    ./.gemini/antigravity/scratch/teacher-tracking/node_modules/lucide-react/dist/esm/lucide-react.mjs [Client Component SSR]
    ./.gemini/antigravity/scratch/teacher-tracking/src/components/pages/DailyTasksPage.tsx [Client Component SSR]
    ./.gemini/antigravity/scratch/teacher-tracking/src/components/AppShell.tsx [Client Component SSR]
    ./.gemini/antigravity/scratch/teacher-tracking/src/app/page.tsx [Client Component SSR]
    ./.gemini/antigravity/scratch/teacher-tracking/src/app/page.tsx [Server Component]

https://nextjs.org/docs/messages/module-not-found


./.gemini/antigravity/scratch/teacher-tracking/node_modules/lucide-react/dist/esm/icons/index.mjs:1337:1
Module not found: Can't resolve './shovel.mjs'
  [90m1335 |[0m [36mexport[0m { [36mdefault[0m [36mas[0m [33mShoppingCart[0m } [36mfrom[0m [32m'./shopping-cart.mjs'[0m;
  [90m1336 |[0m [36mexport[0m { [36mdefault[0m [36mas[0m [33mShowerHead[0m } [36mfrom[0m [32m'./shower-head.mjs'[0m;
[31m[1m>[0m [90m1337 |[0m [36mexport[0m { [36mdefault[0m [36mas[0m [33mShovel[0m } [36mfrom[0m [32m'./shovel.mjs'[0m;
  [90m     |[0m [31m[1m^^^^^^^^^^^^^^^^^^^^^^^^^^^^^^^^^^^^^^^^^^^^^^^^^[0m
  [90m1338 |[0m [36mexport[0m { [36mdefault[0m [36mas[0m [33mShredder[0m } [36mfrom[0m [32m'./shredder.mjs'[0m;
  [90m1339 |[0m [36mexport[0m { [36mdefault[0m [36mas[0m [33mShrimp[0m } [36mfrom[0m [32m'./shrimp.mjs'[0m;
  [90m1340 |[0m [36mexport[0m { [36mdefault[0m [36mas[0m [33mShrink[0m } [36mfrom[0m [32m'./shrink.mjs'[0m;



Import traces:
  Client Component Browser:
    ./.gemini/antigravity/scratch/teacher-tracking/node_modules/lucide-react/dist/esm/icons/index.mjs [Client Component Browser]
    ./.gemini/antigravity/scratch/teacher-tracking/node_modules/lucide-react/dist/esm/lucide-react.mjs [Client Component Browser]
    ./.gemini/antigravity/scratch/teacher-tracking/src/components/pages/DailyTasksPage.tsx [Client Component Browser]
    ./.gemini/antigravity/scratch/teacher-tracking/src/components/AppShell.tsx [Client Component Browser]
    ./.gemini/antigravity/scratch/teacher-tracking/src/app/page.tsx [Client Component Browser]
    ./.gemini/antigravity/scratch/teacher-tracking/src/app/page.tsx [Server Component]

  Client Component SSR:
    ./.gemini/antigravity/scratch/teacher-tracking/node_modules/lucide-react/dist/esm/icons/index.mjs [Client Component SSR]
    ./.gemini/antigravity/scratch/teacher-tracking/node_modules/lucide-react/dist/esm/lucide-react.mjs [Client Component SSR]
    ./.gemini/antigravity/scratch/teacher-tracking/src/components/pages/DailyTasksPage.tsx [Client Component SSR]
    ./.gemini/antigravity/scratch/teacher-tracking/src/components/AppShell.tsx [Client Component SSR]
    ./.gemini/antigravity/scratch/teacher-tracking/src/app/page.tsx [Client Component SSR]
    ./.gemini/antigravity/scratch/teacher-tracking/src/app/page.tsx [Server Component]

https://nextjs.org/docs/messages/module-not-found


./.gemini/antigravity/scratch/teacher-tracking/node_modules/lucide-react/dist/esm/icons/index.mjs:1336:1
Module not found: Can't resolve './shower-head.mjs'
  [90m1334 |[0m [36mexport[0m { [36mdefault[0m [36mas[0m [33mShoppingBag[0m } [36mfrom[0m [32m'./shopping-bag.mjs'[0m;
  [90m1335 |[0m [36mexport[0m { [36mdefault[0m [36mas[0m [33mShoppingCart[0m } [36mfrom[0m [32m'./shopping-cart.mjs'[0m;
[31m[1m>[0m [90m1336 |[0m [36mexport[0m { [36mdefault[0m [36mas[0m [33mShowerHead[0m } [36mfrom[0m [32m'./shower-head.mjs'[0m;
  [90m     |[0m [31m[1m^^^^^^^^^^^^^^^^^^^^^^^^^^^^^^^^^^^^^^^^^^^^^^^^^^^^^^^^^^[0m
  [90m1337 |[0m [36mexport[0m { [36mdefault[0m [36mas[0m [33mShovel[0m } [36mfrom[0m [32m'./shovel.mjs'[0m;
  [90m1338 |[0m [36mexport[0m { [36mdefault[0m [36mas[0m [33mShredder[0m } [36mfrom[0m [32m'./shredder.mjs'[0m;
  [90m1339 |[0m [36mexport[0m { [36mdefault[0m [36mas[0m [33mShrimp[0m } [36mfrom[0m [32m'./shrimp.mjs'[0m;



Import traces:
  Client Component Browser:
    ./.gemini/antigravity/scratch/teacher-tracking/node_modules/lucide-react/dist/esm/icons/index.mjs [Client Component Browser]
    ./.gemini/antigravity/scratch/teacher-tracking/node_modules/lucide-react/dist/esm/lucide-react.mjs [Client Component Browser]
    ./.gemini/antigravity/scratch/teacher-tracking/src/components/pages/DailyTasksPage.tsx [Client Component Browser]
    ./.gemini/antigravity/scratch/teacher-tracking/src/components/AppShell.tsx [Client Component Browser]
    ./.gemini/antigravity/scratch/teacher-tracking/src/app/page.tsx [Client Component Browser]
    ./.gemini/antigravity/scratch/teacher-tracking/src/app/page.tsx [Server Component]

  Client Component SSR:
    ./.gemini/antigravity/scratch/teacher-tracking/node_modules/lucide-react/dist/esm/icons/index.mjs [Client Component SSR]
    ./.gemini/antigravity/scratch/teacher-tracking/node_modules/lucide-react/dist/esm/lucide-react.mjs [Client Component SSR]
    ./.gemini/antigravity/scratch/teacher-tracking/src/components/pages/DailyTasksPage.tsx [Client Component SSR]
    ./.gemini/antigravity/scratch/teacher-tracking/src/components/AppShell.tsx [Client Component SSR]
    ./.gemini/antigravity/scratch/teacher-tracking/src/app/page.tsx [Client Component SSR]
    ./.gemini/antigravity/scratch/teacher-tracking/src/app/page.tsx [Server Component]

https://nextjs.org/docs/messages/module-not-found


./.gemini/antigravity/scratch/teacher-tracking/node_modules/lucide-react/dist/esm/icons/index.mjs:1338:1
Module not found: Can't resolve './shredder.mjs'
  [90m1336 |[0m [36mexport[0m { [36mdefault[0m [36mas[0m [33mShowerHead[0m } [36mfrom[0m [32m'./shower-head.mjs'[0m;
  [90m1337 |[0m [36mexport[0m { [36mdefault[0m [36mas[0m [33mShovel[0m } [36mfrom[0m [32m'./shovel.mjs'[0m;
[31m[1m>[0m [90m1338 |[0m [36mexport[0m { [36mdefault[0m [36mas[0m [33mShredder[0m } [36mfrom[0m [32m'./shredder.mjs'[0m;
  [90m     |[0m [31m[1m^^^^^^^^^^^^^^^^^^^^^^^^^^^^^^^^^^^^^^^^^^^^^^^^^^^^^[0m
  [90m1339 |[0m [36mexport[0m { [36mdefault[0m [36mas[0m [33mShrimp[0m } [36mfrom[0m [32m'./shrimp.mjs'[0m;
  [90m1340 |[0m [36mexport[0m { [36mdefault[0m [36mas[0m [33mShrink[0m } [36mfrom[0m [32m'./shrink.mjs'[0m;
  [90m1341 |[0m [36mexport[0m { [36mdefault[0m [36mas[0m [33mShuffle[0m } [36mfrom[0m [32m'./shuffle.mjs'[0m;



Import traces:
  Client Component Browser:
    ./.gemini/antigravity/scratch/teacher-tracking/node_modules/lucide-react/dist/esm/icons/index.mjs [Client Component Browser]
    ./.gemini/antigravity/scratch/teacher-tracking/node_modules/lucide-react/dist/esm/lucide-react.mjs [Client Component Browser]
    ./.gemini/antigravity/scratch/teacher-tracking/src/components/pages/DailyTasksPage.tsx [Client Component Browser]
    ./.gemini/antigravity/scratch/teacher-tracking/src/components/AppShell.tsx [Client Component Browser]
    ./.gemini/antigravity/scratch/teacher-tracking/src/app/page.tsx [Client Component Browser]
    ./.gemini/antigravity/scratch/teacher-tracking/src/app/page.tsx [Server Component]

  Client Component SSR:
    ./.gemini/antigravity/scratch/teacher-tracking/node_modules/lucide-react/dist/esm/icons/index.mjs [Client Component SSR]
    ./.gemini/antigravity/scratch/teacher-tracking/node_modules/lucide-react/dist/esm/lucide-react.mjs [Client Component SSR]
    ./.gemini/antigravity/scratch/teacher-tracking/src/components/pages/DailyTasksPage.tsx [Client Component SSR]
    ./.gemini/antigravity/scratch/teacher-tracking/src/components/AppShell.tsx [Client Component SSR]
    ./.gemini/antigravity/scratch/teacher-tracking/src/app/page.tsx [Client Component SSR]
    ./.gemini/antigravity/scratch/teacher-tracking/src/app/page.tsx [Server Component]

https://nextjs.org/docs/messages/module-not-found


./.gemini/antigravity/scratch/teacher-tracking/node_modules/lucide-react/dist/esm/icons/index.mjs:1339:1
Module not found: Can't resolve './shrimp.mjs'
  [90m1337 |[0m [36mexport[0m { [36mdefault[0m [36mas[0m [33mShovel[0m } [36mfrom[0m [32m'./shovel.mjs'[0m;
  [90m1338 |[0m [36mexport[0m { [36mdefault[0m [36mas[0m [33mShredder[0m } [36mfrom[0m [32m'./shredder.mjs'[0m;
[31m[1m>[0m [90m1339 |[0m [36mexport[0m { [36mdefault[0m [36mas[0m [33mShrimp[0m } [36mfrom[0m [32m'./shrimp.mjs'[0m;
  [90m     |[0m [31m[1m^^^^^^^^^^^^^^^^^^^^^^^^^^^^^^^^^^^^^^^^^^^^^^^^^[0m
  [90m1340 |[0m [36mexport[0m { [36mdefault[0m [36mas[0m [33mShrink[0m } [36mfrom[0m [32m'./shrink.mjs'[0m;
  [90m1341 |[0m [36mexport[0m { [36mdefault[0m [36mas[0m [33mShuffle[0m } [36mfrom[0m [32m'./shuffle.mjs'[0m;
  [90m1342 |[0m [36mexport[0m { [36mdefault[0m [36mas[0m [33mShrub[0m } [36mfrom[0m [32m'./shrub.mjs'[0m;



Import traces:
  Client Component Browser:
    ./.gemini/antigravity/scratch/teacher-tracking/node_modules/lucide-react/dist/esm/icons/index.mjs [Client Component Browser]
    ./.gemini/antigravity/scratch/teacher-tracking/node_modules/lucide-react/dist/esm/lucide-react.mjs [Client Component Browser]
    ./.gemini/antigravity/scratch/teacher-tracking/src/components/pages/DailyTasksPage.tsx [Client Component Browser]
    ./.gemini/antigravity/scratch/teacher-tracking/src/components/AppShell.tsx [Client Component Browser]
    ./.gemini/antigravity/scratch/teacher-tracking/src/app/page.tsx [Client Component Browser]
    ./.gemini/antigravity/scratch/teacher-tracking/src/app/page.tsx [Server Component]

  Client Component SSR:
    ./.gemini/antigravity/scratch/teacher-tracking/node_modules/lucide-react/dist/esm/icons/index.mjs [Client Component SSR]
    ./.gemini/antigravity/scratch/teacher-tracking/node_modules/lucide-react/dist/esm/lucide-react.mjs [Client Component SSR]
    ./.gemini/antigravity/scratch/teacher-tracking/src/components/pages/DailyTasksPage.tsx [Client Component SSR]
    ./.gemini/antigravity/scratch/teacher-tracking/src/components/AppShell.tsx [Client Component SSR]
    ./.gemini/antigravity/scratch/teacher-tracking/src/app/page.tsx [Client Component SSR]
    ./.gemini/antigravity/scratch/teacher-tracking/src/app/page.tsx [Server Component]

https://nextjs.org/docs/messages/module-not-found


./.gemini/antigravity/scratch/teacher-tracking/node_modules/lucide-react/dist/esm/icons/index.mjs:1340:1
Module not found: Can't resolve './shrink.mjs'
  [90m1338 |[0m [36mexport[0m { [36mdefault[0m [36mas[0m [33mShredder[0m } [36mfrom[0m [32m'./shredder.mjs'[0m;
  [90m1339 |[0m [36mexport[0m { [36mdefault[0m [36mas[0m [33mShrimp[0m } [36mfrom[0m [32m'./shrimp.mjs'[0m;
[31m[1m>[0m [90m1340 |[0m [36mexport[0m { [36mdefault[0m [36mas[0m [33mShrink[0m } [36mfrom[0m [32m'./shrink.mjs'[0m;
  [90m     |[0m [31m[1m^^^^^^^^^^^^^^^^^^^^^^^^^^^^^^^^^^^^^^^^^^^^^^^^^[0m
  [90m1341 |[0m [36mexport[0m { [36mdefault[0m [36mas[0m [33mShuffle[0m } [36mfrom[0m [32m'./shuffle.mjs'[0m;
  [90m1342 |[0m [36mexport[0m { [36mdefault[0m [36mas[0m [33mShrub[0m } [36mfrom[0m [32m'./shrub.mjs'[0m;
  [90m1343 |[0m [36mexport[0m { [36mdefault[0m [36mas[0m [33mSignalHigh[0m } [36mfrom[0m [32m'./signal-high.mjs'[0m;



Import traces:
  Client Component Browser:
    ./.gemini/antigravity/scratch/teacher-tracking/node_modules/lucide-react/dist/esm/icons/index.mjs [Client Component Browser]
    ./.gemini/antigravity/scratch/teacher-tracking/node_modules/lucide-react/dist/esm/lucide-react.mjs [Client Component Browser]
    ./.gemini/antigravity/scratch/teacher-tracking/src/components/pages/DailyTasksPage.tsx [Client Component Browser]
    ./.gemini/antigravity/scratch/teacher-tracking/src/components/AppShell.tsx [Client Component Browser]
    ./.gemini/antigravity/scratch/teacher-tracking/src/app/page.tsx [Client Component Browser]
    ./.gemini/antigravity/scratch/teacher-tracking/src/app/page.tsx [Server Component]

  Client Component SSR:
    ./.gemini/antigravity/scratch/teacher-tracking/node_modules/lucide-react/dist/esm/icons/index.mjs [Client Component SSR]
    ./.gemini/antigravity/scratch/teacher-tracking/node_modules/lucide-react/dist/esm/lucide-react.mjs [Client Component SSR]
    ./.gemini/antigravity/scratch/teacher-tracking/src/components/pages/DailyTasksPage.tsx [Client Component SSR]
    ./.gemini/antigravity/scratch/teacher-tracking/src/components/AppShell.tsx [Client Component SSR]
    ./.gemini/antigravity/scratch/teacher-tracking/src/app/page.tsx [Client Component SSR]
    ./.gemini/antigravity/scratch/teacher-tracking/src/app/page.tsx [Server Component]

https://nextjs.org/docs/messages/module-not-found


./.gemini/antigravity/scratch/teacher-tracking/node_modules/lucide-react/dist/esm/icons/index.mjs:1342:1
Module not found: Can't resolve './shrub.mjs'
  [90m1340 |[0m [36mexport[0m { [36mdefault[0m [36mas[0m [33mShrink[0m } [36mfrom[0m [32m'./shrink.mjs'[0m;
  [90m1341 |[0m [36mexport[0m { [36mdefault[0m [36mas[0m [33mShuffle[0m } [36mfrom[0m [32m'./shuffle.mjs'[0m;
[31m[1m>[0m [90m1342 |[0m [36mexport[0m { [36mdefault[0m [36mas[0m [33mShrub[0m } [36mfrom[0m [32m'./shrub.mjs'[0m;
  [90m     |[0m [31m[1m^^^^^^^^^^^^^^^^^^^^^^^^^^^^^^^^^^^^^^^^^^^^^^^[0m
  [90m1343 |[0m [36mexport[0m { [36mdefault[0m [36mas[0m [33mSignalHigh[0m } [36mfrom[0m [32m'./signal-high.mjs'[0m;
  [90m1344 |[0m [36mexport[0m { [36mdefault[0m [36mas[0m [33mSigma[0m } [36mfrom[0m [32m'./sigma.mjs'[0m;
  [90m1345 |[0m [36mexport[0m { [36mdefault[0m [36mas[0m [33mSignalLow[0m } [36mfrom[0m [32m'./signal-low.mjs'[0m;



Import traces:
  Client Component Browser:
    ./.gemini/antigravity/scratch/teacher-tracking/node_modules/lucide-react/dist/esm/icons/index.mjs [Client Component Browser]
    ./.gemini/antigravity/scratch/teacher-tracking/node_modules/lucide-react/dist/esm/lucide-react.mjs [Client Component Browser]
    ./.gemini/antigravity/scratch/teacher-tracking/src/components/pages/DailyTasksPage.tsx [Client Component Browser]
    ./.gemini/antigravity/scratch/teacher-tracking/src/components/AppShell.tsx [Client Component Browser]
    ./.gemini/antigravity/scratch/teacher-tracking/src/app/page.tsx [Client Component Browser]
    ./.gemini/antigravity/scratch/teacher-tracking/src/app/page.tsx [Server Component]

  Client Component SSR:
    ./.gemini/antigravity/scratch/teacher-tracking/node_modules/lucide-react/dist/esm/icons/index.mjs [Client Component SSR]
    ./.gemini/antigravity/scratch/teacher-tracking/node_modules/lucide-react/dist/esm/lucide-react.mjs [Client Component SSR]
    ./.gemini/antigravity/scratch/teacher-tracking/src/components/pages/DailyTasksPage.tsx [Client Component SSR]
    ./.gemini/antigravity/scratch/teacher-tracking/src/components/AppShell.tsx [Client Component SSR]
    ./.gemini/antigravity/scratch/teacher-tracking/src/app/page.tsx [Client Component SSR]
    ./.gemini/antigravity/scratch/teacher-tracking/src/app/page.tsx [Server Component]

https://nextjs.org/docs/messages/module-not-found


./.gemini/antigravity/scratch/teacher-tracking/node_modules/lucide-react/dist/esm/icons/index.mjs:1341:1
Module not found: Can't resolve './shuffle.mjs'
  [90m1339 |[0m [36mexport[0m { [36mdefault[0m [36mas[0m [33mShrimp[0m } [36mfrom[0m [32m'./shrimp.mjs'[0m;
  [90m1340 |[0m [36mexport[0m { [36mdefault[0m [36mas[0m [33mShrink[0m } [36mfrom[0m [32m'./shrink.mjs'[0m;
[31m[1m>[0m [90m1341 |[0m [36mexport[0m { [36mdefault[0m [36mas[0m [33mShuffle[0m } [36mfrom[0m [32m'./shuffle.mjs'[0m;
  [90m     |[0m [31m[1m^^^^^^^^^^^^^^^^^^^^^^^^^^^^^^^^^^^^^^^^^^^^^^^^^^^[0m
  [90m1342 |[0m [36mexport[0m { [36mdefault[0m [36mas[0m [33mShrub[0m } [36mfrom[0m [32m'./shrub.mjs'[0m;
  [90m1343 |[0m [36mexport[0m { [36mdefault[0m [36mas[0m [33mSignalHigh[0m } [36mfrom[0m [32m'./signal-high.mjs'[0m;
  [90m1344 |[0m [36mexport[0m { [36mdefault[0m [36mas[0m [33mSigma[0m } [36mfrom[0m [32m'./sigma.mjs'[0m;



Import traces:
  Client Component Browser:
    ./.gemini/antigravity/scratch/teacher-tracking/node_modules/lucide-react/dist/esm/icons/index.mjs [Client Component Browser]
    ./.gemini/antigravity/scratch/teacher-tracking/node_modules/lucide-react/dist/esm/lucide-react.mjs [Client Component Browser]
    ./.gemini/antigravity/scratch/teacher-tracking/src/components/pages/DailyTasksPage.tsx [Client Component Browser]
    ./.gemini/antigravity/scratch/teacher-tracking/src/components/AppShell.tsx [Client Component Browser]
    ./.gemini/antigravity/scratch/teacher-tracking/src/app/page.tsx [Client Component Browser]
    ./.gemini/antigravity/scratch/teacher-tracking/src/app/page.tsx [Server Component]

  Client Component SSR:
    ./.gemini/antigravity/scratch/teacher-tracking/node_modules/lucide-react/dist/esm/icons/index.mjs [Client Component SSR]
    ./.gemini/antigravity/scratch/teacher-tracking/node_modules/lucide-react/dist/esm/lucide-react.mjs [Client Component SSR]
    ./.gemini/antigravity/scratch/teacher-tracking/src/components/pages/DailyTasksPage.tsx [Client Component SSR]
    ./.gemini/antigravity/scratch/teacher-tracking/src/components/AppShell.tsx [Client Component SSR]
    ./.gemini/antigravity/scratch/teacher-tracking/src/app/page.tsx [Client Component SSR]
    ./.gemini/antigravity/scratch/teacher-tracking/src/app/page.tsx [Server Component]

https://nextjs.org/docs/messages/module-not-found


./.gemini/antigravity/scratch/teacher-tracking/node_modules/lucide-react/dist/esm/icons/index.mjs:1344:1
Module not found: Can't resolve './sigma.mjs'
  [90m1342 |[0m [36mexport[0m { [36mdefault[0m [36mas[0m [33mShrub[0m } [36mfrom[0m [32m'./shrub.mjs'[0m;
  [90m1343 |[0m [36mexport[0m { [36mdefault[0m [36mas[0m [33mSignalHigh[0m } [36mfrom[0m [32m'./signal-high.mjs'[0m;
[31m[1m>[0m [90m1344 |[0m [36mexport[0m { [36mdefault[0m [36mas[0m [33mSigma[0m } [36mfrom[0m [32m'./sigma.mjs'[0m;
  [90m     |[0m [31m[1m^^^^^^^^^^^^^^^^^^^^^^^^^^^^^^^^^^^^^^^^^^^^^^^[0m
  [90m1345 |[0m [36mexport[0m { [36mdefault[0m [36mas[0m [33mSignalLow[0m } [36mfrom[0m [32m'./signal-low.mjs'[0m;
  [90m1346 |[0m [36mexport[0m { [36mdefault[0m [36mas[0m [33mSignalMedium[0m } [36mfrom[0m [32m'./signal-medium.mjs'[0m;
  [90m1347 |[0m [36mexport[0m { [36mdefault[0m [36mas[0m [33mSignal[0m } [36mfrom[0m [32m'./signal.mjs'[0m;



Import traces:
  Client Component Browser:
    ./.gemini/antigravity/scratch/teacher-tracking/node_modules/lucide-react/dist/esm/icons/index.mjs [Client Component Browser]
    ./.gemini/antigravity/scratch/teacher-tracking/node_modules/lucide-react/dist/esm/lucide-react.mjs [Client Component Browser]
    ./.gemini/antigravity/scratch/teacher-tracking/src/components/pages/DailyTasksPage.tsx [Client Component Browser]
    ./.gemini/antigravity/scratch/teacher-tracking/src/components/AppShell.tsx [Client Component Browser]
    ./.gemini/antigravity/scratch/teacher-tracking/src/app/page.tsx [Client Component Browser]
    ./.gemini/antigravity/scratch/teacher-tracking/src/app/page.tsx [Server Component]

  Client Component SSR:
    ./.gemini/antigravity/scratch/teacher-tracking/node_modules/lucide-react/dist/esm/icons/index.mjs [Client Component SSR]
    ./.gemini/antigravity/scratch/teacher-tracking/node_modules/lucide-react/dist/esm/lucide-react.mjs [Client Component SSR]
    ./.gemini/antigravity/scratch/teacher-tracking/src/components/pages/DailyTasksPage.tsx [Client Component SSR]
    ./.gemini/antigravity/scratch/teacher-tracking/src/components/AppShell.tsx [Client Component SSR]
    ./.gemini/antigravity/scratch/teacher-tracking/src/app/page.tsx [Client Component SSR]
    ./.gemini/antigravity/scratch/teacher-tracking/src/app/page.tsx [Server Component]

https://nextjs.org/docs/messages/module-not-found


./.gemini/antigravity/scratch/teacher-tracking/node_modules/lucide-react/dist/esm/icons/index.mjs:1343:1
Module not found: Can't resolve './signal-high.mjs'
  [90m1341 |[0m [36mexport[0m { [36mdefault[0m [36mas[0m [33mShuffle[0m } [36mfrom[0m [32m'./shuffle.mjs'[0m;
  [90m1342 |[0m [36mexport[0m { [36mdefault[0m [36mas[0m [33mShrub[0m } [36mfrom[0m [32m'./shrub.mjs'[0m;
[31m[1m>[0m [90m1343 |[0m [36mexport[0m { [36mdefault[0m [36mas[0m [33mSignalHigh[0m } [36mfrom[0m [32m'./signal-high.mjs'[0m;
  [90m     |[0m [31m[1m^^^^^^^^^^^^^^^^^^^^^^^^^^^^^^^^^^^^^^^^^^^^^^^^^^^^^^^^^^[0m
  [90m1344 |[0m [36mexport[0m { [36mdefault[0m [36mas[0m [33mSigma[0m } [36mfrom[0m [32m'./sigma.mjs'[0m;
  [90m1345 |[0m [36mexport[0m { [36mdefault[0m [36mas[0m [33mSignalLow[0m } [36mfrom[0m [32m'./signal-low.mjs'[0m;
  [90m1346 |[0m [36mexport[0m { [36mdefault[0m [36mas[0m [33mSignalMedium[0m } [36mfrom[0m [32m'./signal-medium.mjs'[0m;



Import traces:
  Client Component Browser:
    ./.gemini/antigravity/scratch/teacher-tracking/node_modules/lucide-react/dist/esm/icons/index.mjs [Client Component Browser]
    ./.gemini/antigravity/scratch/teacher-tracking/node_modules/lucide-react/dist/esm/lucide-react.mjs [Client Component Browser]
    ./.gemini/antigravity/scratch/teacher-tracking/src/components/pages/DailyTasksPage.tsx [Client Component Browser]
    ./.gemini/antigravity/scratch/teacher-tracking/src/components/AppShell.tsx [Client Component Browser]
    ./.gemini/antigravity/scratch/teacher-tracking/src/app/page.tsx [Client Component Browser]
    ./.gemini/antigravity/scratch/teacher-tracking/src/app/page.tsx [Server Component]

  Client Component SSR:
    ./.gemini/antigravity/scratch/teacher-tracking/node_modules/lucide-react/dist/esm/icons/index.mjs [Client Component SSR]
    ./.gemini/antigravity/scratch/teacher-tracking/node_modules/lucide-react/dist/esm/lucide-react.mjs [Client Component SSR]
    ./.gemini/antigravity/scratch/teacher-tracking/src/components/pages/DailyTasksPage.tsx [Client Component SSR]
    ./.gemini/antigravity/scratch/teacher-tracking/src/components/AppShell.tsx [Client Component SSR]
    ./.gemini/antigravity/scratch/teacher-tracking/src/app/page.tsx [Client Component SSR]
    ./.gemini/antigravity/scratch/teacher-tracking/src/app/page.tsx [Server Component]

https://nextjs.org/docs/messages/module-not-found


./.gemini/antigravity/scratch/teacher-tracking/node_modules/lucide-react/dist/esm/icons/index.mjs:1345:1
Module not found: Can't resolve './signal-low.mjs'
  [90m1343 |[0m [36mexport[0m { [36mdefault[0m [36mas[0m [33mSignalHigh[0m } [36mfrom[0m [32m'./signal-high.mjs'[0m;
  [90m1344 |[0m [36mexport[0m { [36mdefault[0m [36mas[0m [33mSigma[0m } [36mfrom[0m [32m'./sigma.mjs'[0m;
[31m[1m>[0m [90m1345 |[0m [36mexport[0m { [36mdefault[0m [36mas[0m [33mSignalLow[0m } [36mfrom[0m [32m'./signal-low.mjs'[0m;
  [90m     |[0m [31m[1m^^^^^^^^^^^^^^^^^^^^^^^^^^^^^^^^^^^^^^^^^^^^^^^^^^^^^^^^[0m
  [90m1346 |[0m [36mexport[0m { [36mdefault[0m [36mas[0m [33mSignalMedium[0m } [36mfrom[0m [32m'./signal-medium.mjs'[0m;
  [90m1347 |[0m [36mexport[0m { [36mdefault[0m [36mas[0m [33mSignal[0m } [36mfrom[0m [32m'./signal.mjs'[0m;
  [90m1348 |[0m [36mexport[0m { [36mdefault[0m [36mas[0m [33mSignalZero[0m } [36mfrom[0m [32m'./signal-zero.mjs'[0m;



Import traces:
  Client Component Browser:
    ./.gemini/antigravity/scratch/teacher-tracking/node_modules/lucide-react/dist/esm/icons/index.mjs [Client Component Browser]
    ./.gemini/antigravity/scratch/teacher-tracking/node_modules/lucide-react/dist/esm/lucide-react.mjs [Client Component Browser]
    ./.gemini/antigravity/scratch/teacher-tracking/src/components/pages/DailyTasksPage.tsx [Client Component Browser]
    ./.gemini/antigravity/scratch/teacher-tracking/src/components/AppShell.tsx [Client Component Browser]
    ./.gemini/antigravity/scratch/teacher-tracking/src/app/page.tsx [Client Component Browser]
    ./.gemini/antigravity/scratch/teacher-tracking/src/app/page.tsx [Server Component]

  Client Component SSR:
    ./.gemini/antigravity/scratch/teacher-tracking/node_modules/lucide-react/dist/esm/icons/index.mjs [Client Component SSR]
    ./.gemini/antigravity/scratch/teacher-tracking/node_modules/lucide-react/dist/esm/lucide-react.mjs [Client Component SSR]
    ./.gemini/antigravity/scratch/teacher-tracking/src/components/pages/DailyTasksPage.tsx [Client Component SSR]
    ./.gemini/antigravity/scratch/teacher-tracking/src/components/AppShell.tsx [Client Component SSR]
    ./.gemini/antigravity/scratch/teacher-tracking/src/app/page.tsx [Client Component SSR]
    ./.gemini/antigravity/scratch/teacher-tracking/src/app/page.tsx [Server Component]

https://nextjs.org/docs/messages/module-not-found


./.gemini/antigravity/scratch/teacher-tracking/node_modules/lucide-react/dist/esm/icons/index.mjs:1346:1
Module not found: Can't resolve './signal-medium.mjs'
  [90m1344 |[0m [36mexport[0m { [36mdefault[0m [36mas[0m [33mSigma[0m } [36mfrom[0m [32m'./sigma.mjs'[0m;
  [90m1345 |[0m [36mexport[0m { [36mdefault[0m [36mas[0m [33mSignalLow[0m } [36mfrom[0m [32m'./signal-low.mjs'[0m;
[31m[1m>[0m [90m1346 |[0m [36mexport[0m { [36mdefault[0m [36mas[0m [33mSignalMedium[0m } [36mfrom[0m [32m'./signal-medium.mjs'[0m;
  [90m     |[0m [31m[1m^^^^^^^^^^^^^^^^^^^^^^^^^^^^^^^^^^^^^^^^^^^^^^^^^^^^^^^^^^^^^^[0m
  [90m1347 |[0m [36mexport[0m { [36mdefault[0m [36mas[0m [33mSignal[0m } [36mfrom[0m [32m'./signal.mjs'[0m;
  [90m1348 |[0m [36mexport[0m { [36mdefault[0m [36mas[0m [33mSignalZero[0m } [36mfrom[0m [32m'./signal-zero.mjs'[0m;
  [90m1349 |[0m [36mexport[0m { [36mdefault[0m [36mas[0m [33mSignature[0m } [36mfrom[0m [32m'./signature.mjs'[0m;



Import traces:
  Client Component Browser:
    ./.gemini/antigravity/scratch/teacher-tracking/node_modules/lucide-react/dist/esm/icons/index.mjs [Client Component Browser]
    ./.gemini/antigravity/scratch/teacher-tracking/node_modules/lucide-react/dist/esm/lucide-react.mjs [Client Component Browser]
    ./.gemini/antigravity/scratch/teacher-tracking/src/components/pages/DailyTasksPage.tsx [Client Component Browser]
    ./.gemini/antigravity/scratch/teacher-tracking/src/components/AppShell.tsx [Client Component Browser]
    ./.gemini/antigravity/scratch/teacher-tracking/src/app/page.tsx [Client Component Browser]
    ./.gemini/antigravity/scratch/teacher-tracking/src/app/page.tsx [Server Component]

  Client Component SSR:
    ./.gemini/antigravity/scratch/teacher-tracking/node_modules/lucide-react/dist/esm/icons/index.mjs [Client Component SSR]
    ./.gemini/antigravity/scratch/teacher-tracking/node_modules/lucide-react/dist/esm/lucide-react.mjs [Client Component SSR]
    ./.gemini/antigravity/scratch/teacher-tracking/src/components/pages/DailyTasksPage.tsx [Client Component SSR]
    ./.gemini/antigravity/scratch/teacher-tracking/src/components/AppShell.tsx [Client Component SSR]
    ./.gemini/antigravity/scratch/teacher-tracking/src/app/page.tsx [Client Component SSR]
    ./.gemini/antigravity/scratch/teacher-tracking/src/app/page.tsx [Server Component]

https://nextjs.org/docs/messages/module-not-found


./.gemini/antigravity/scratch/teacher-tracking/node_modules/lucide-react/dist/esm/icons/index.mjs:1348:1
Module not found: Can't resolve './signal-zero.mjs'
  [90m1346 |[0m [36mexport[0m { [36mdefault[0m [36mas[0m [33mSignalMedium[0m } [36mfrom[0m [32m'./signal-medium.mjs'[0m;
  [90m1347 |[0m [36mexport[0m { [36mdefault[0m [36mas[0m [33mSignal[0m } [36mfrom[0m [32m'./signal.mjs'[0m;
[31m[1m>[0m [90m1348 |[0m [36mexport[0m { [36mdefault[0m [36mas[0m [33mSignalZero[0m } [36mfrom[0m [32m'./signal-zero.mjs'[0m;
  [90m     |[0m [31m[1m^^^^^^^^^^^^^^^^^^^^^^^^^^^^^^^^^^^^^^^^^^^^^^^^^^^^^^^^^^[0m
  [90m1349 |[0m [36mexport[0m { [36mdefault[0m [36mas[0m [33mSignature[0m } [36mfrom[0m [32m'./signature.mjs'[0m;
  [90m1350 |[0m [36mexport[0m { [36mdefault[0m [36mas[0m [33mSignpostBig[0m } [36mfrom[0m [32m'./signpost-big.mjs'[0m;
  [90m1351 |[0m [36mexport[0m { [36mdefault[0m [36mas[0m [33mSignpost[0m } [36mfrom[0m [32m'./signpost.mjs'[0m;



Import traces:
  Client Component Browser:
    ./.gemini/antigravity/scratch/teacher-tracking/node_modules/lucide-react/dist/esm/icons/index.mjs [Client Component Browser]
    ./.gemini/antigravity/scratch/teacher-tracking/node_modules/lucide-react/dist/esm/lucide-react.mjs [Client Component Browser]
    ./.gemini/antigravity/scratch/teacher-tracking/src/components/pages/DailyTasksPage.tsx [Client Component Browser]
    ./.gemini/antigravity/scratch/teacher-tracking/src/components/AppShell.tsx [Client Component Browser]
    ./.gemini/antigravity/scratch/teacher-tracking/src/app/page.tsx [Client Component Browser]
    ./.gemini/antigravity/scratch/teacher-tracking/src/app/page.tsx [Server Component]

  Client Component SSR:
    ./.gemini/antigravity/scratch/teacher-tracking/node_modules/lucide-react/dist/esm/icons/index.mjs [Client Component SSR]
    ./.gemini/antigravity/scratch/teacher-tracking/node_modules/lucide-react/dist/esm/lucide-react.mjs [Client Component SSR]
    ./.gemini/antigravity/scratch/teacher-tracking/src/components/pages/DailyTasksPage.tsx [Client Component SSR]
    ./.gemini/antigravity/scratch/teacher-tracking/src/components/AppShell.tsx [Client Component SSR]
    ./.gemini/antigravity/scratch/teacher-tracking/src/app/page.tsx [Client Component SSR]
    ./.gemini/antigravity/scratch/teacher-tracking/src/app/page.tsx [Server Component]

https://nextjs.org/docs/messages/module-not-found


./.gemini/antigravity/scratch/teacher-tracking/node_modules/lucide-react/dist/esm/icons/index.mjs:1347:1
Module not found: Can't resolve './signal.mjs'
  [90m1345 |[0m [36mexport[0m { [36mdefault[0m [36mas[0m [33mSignalLow[0m } [36mfrom[0m [32m'./signal-low.mjs'[0m;
  [90m1346 |[0m [36mexport[0m { [36mdefault[0m [36mas[0m [33mSignalMedium[0m } [36mfrom[0m [32m'./signal-medium.mjs'[0m;
[31m[1m>[0m [90m1347 |[0m [36mexport[0m { [36mdefault[0m [36mas[0m [33mSignal[0m } [36mfrom[0m [32m'./signal.mjs'[0m;
  [90m     |[0m [31m[1m^^^^^^^^^^^^^^^^^^^^^^^^^^^^^^^^^^^^^^^^^^^^^^^^^[0m
  [90m1348 |[0m [36mexport[0m { [36mdefault[0m [36mas[0m [33mSignalZero[0m } [36mfrom[0m [32m'./signal-zero.mjs'[0m;
  [90m1349 |[0m [36mexport[0m { [36mdefault[0m [36mas[0m [33mSignature[0m } [36mfrom[0m [32m'./signature.mjs'[0m;
  [90m1350 |[0m [36mexport[0m { [36mdefault[0m [36mas[0m [33mSignpostBig[0m } [36mfrom[0m [32m'./signpost-big.mjs'[0m;



Import traces:
  Client Component Browser:
    ./.gemini/antigravity/scratch/teacher-tracking/node_modules/lucide-react/dist/esm/icons/index.mjs [Client Component Browser]
    ./.gemini/antigravity/scratch/teacher-tracking/node_modules/lucide-react/dist/esm/lucide-react.mjs [Client Component Browser]
    ./.gemini/antigravity/scratch/teacher-tracking/src/components/pages/DailyTasksPage.tsx [Client Component Browser]
    ./.gemini/antigravity/scratch/teacher-tracking/src/components/AppShell.tsx [Client Component Browser]
    ./.gemini/antigravity/scratch/teacher-tracking/src/app/page.tsx [Client Component Browser]
    ./.gemini/antigravity/scratch/teacher-tracking/src/app/page.tsx [Server Component]

  Client Component SSR:
    ./.gemini/antigravity/scratch/teacher-tracking/node_modules/lucide-react/dist/esm/icons/index.mjs [Client Component SSR]
    ./.gemini/antigravity/scratch/teacher-tracking/node_modules/lucide-react/dist/esm/lucide-react.mjs [Client Component SSR]
    ./.gemini/antigravity/scratch/teacher-tracking/src/components/pages/DailyTasksPage.tsx [Client Component SSR]
    ./.gemini/antigravity/scratch/teacher-tracking/src/components/AppShell.tsx [Client Component SSR]
    ./.gemini/antigravity/scratch/teacher-tracking/src/app/page.tsx [Client Component SSR]
    ./.gemini/antigravity/scratch/teacher-tracking/src/app/page.tsx [Server Component]

https://nextjs.org/docs/messages/module-not-found


./.gemini/antigravity/scratch/teacher-tracking/node_modules/lucide-react/dist/esm/icons/index.mjs:1349:1
Module not found: Can't resolve './signature.mjs'
  [90m1347 |[0m [36mexport[0m { [36mdefault[0m [36mas[0m [33mSignal[0m } [36mfrom[0m [32m'./signal.mjs'[0m;
  [90m1348 |[0m [36mexport[0m { [36mdefault[0m [36mas[0m [33mSignalZero[0m } [36mfrom[0m [32m'./signal-zero.mjs'[0m;
[31m[1m>[0m [90m1349 |[0m [36mexport[0m { [36mdefault[0m [36mas[0m [33mSignature[0m } [36mfrom[0m [32m'./signature.mjs'[0m;
  [90m     |[0m [31m[1m^^^^^^^^^^^^^^^^^^^^^^^^^^^^^^^^^^^^^^^^^^^^^^^^^^^^^^^[0m
  [90m1350 |[0m [36mexport[0m { [36mdefault[0m [36mas[0m [33mSignpostBig[0m } [36mfrom[0m [32m'./signpost-big.mjs'[0m;
  [90m1351 |[0m [36mexport[0m { [36mdefault[0m [36mas[0m [33mSignpost[0m } [36mfrom[0m [32m'./signpost.mjs'[0m;
  [90m1352 |[0m [36mexport[0m { [36mdefault[0m [36mas[0m [33mSiren[0m } [36mfrom[0m [32m'./siren.mjs'[0m;



Import traces:
  Client Component Browser:
    ./.gemini/antigravity/scratch/teacher-tracking/node_modules/lucide-react/dist/esm/icons/index.mjs [Client Component Browser]
    ./.gemini/antigravity/scratch/teacher-tracking/node_modules/lucide-react/dist/esm/lucide-react.mjs [Client Component Browser]
    ./.gemini/antigravity/scratch/teacher-tracking/src/components/pages/DailyTasksPage.tsx [Client Component Browser]
    ./.gemini/antigravity/scratch/teacher-tracking/src/components/AppShell.tsx [Client Component Browser]
    ./.gemini/antigravity/scratch/teacher-tracking/src/app/page.tsx [Client Component Browser]
    ./.gemini/antigravity/scratch/teacher-tracking/src/app/page.tsx [Server Component]

  Client Component SSR:
    ./.gemini/antigravity/scratch/teacher-tracking/node_modules/lucide-react/dist/esm/icons/index.mjs [Client Component SSR]
    ./.gemini/antigravity/scratch/teacher-tracking/node_modules/lucide-react/dist/esm/lucide-react.mjs [Client Component SSR]
    ./.gemini/antigravity/scratch/teacher-tracking/src/components/pages/DailyTasksPage.tsx [Client Component SSR]
    ./.gemini/antigravity/scratch/teacher-tracking/src/components/AppShell.tsx [Client Component SSR]
    ./.gemini/antigravity/scratch/teacher-tracking/src/app/page.tsx [Client Component SSR]
    ./.gemini/antigravity/scratch/teacher-tracking/src/app/page.tsx [Server Component]

https://nextjs.org/docs/messages/module-not-found


./.gemini/antigravity/scratch/teacher-tracking/node_modules/lucide-react/dist/esm/icons/index.mjs:1350:1
Module not found: Can't resolve './signpost-big.mjs'
  [90m1348 |[0m [36mexport[0m { [36mdefault[0m [36mas[0m [33mSignalZero[0m } [36mfrom[0m [32m'./signal-zero.mjs'[0m;
  [90m1349 |[0m [36mexport[0m { [36mdefault[0m [36mas[0m [33mSignature[0m } [36mfrom[0m [32m'./signature.mjs'[0m;
[31m[1m>[0m [90m1350 |[0m [36mexport[0m { [36mdefault[0m [36mas[0m [33mSignpostBig[0m } [36mfrom[0m [32m'./signpost-big.mjs'[0m;
  [90m     |[0m [31m[1m^^^^^^^^^^^^^^^^^^^^^^^^^^^^^^^^^^^^^^^^^^^^^^^^^^^^^^^^^^^^[0m
  [90m1351 |[0m [36mexport[0m { [36mdefault[0m [36mas[0m [33mSignpost[0m } [36mfrom[0m [32m'./signpost.mjs'[0m;
  [90m1352 |[0m [36mexport[0m { [36mdefault[0m [36mas[0m [33mSiren[0m } [36mfrom[0m [32m'./siren.mjs'[0m;
  [90m1353 |[0m [36mexport[0m { [36mdefault[0m [36mas[0m [33mSkipBack[0m } [36mfrom[0m [32m'./skip-back.mjs'[0m;



Import traces:
  Client Component Browser:
    ./.gemini/antigravity/scratch/teacher-tracking/node_modules/lucide-react/dist/esm/icons/index.mjs [Client Component Browser]
    ./.gemini/antigravity/scratch/teacher-tracking/node_modules/lucide-react/dist/esm/lucide-react.mjs [Client Component Browser]
    ./.gemini/antigravity/scratch/teacher-tracking/src/components/pages/DailyTasksPage.tsx [Client Component Browser]
    ./.gemini/antigravity/scratch/teacher-tracking/src/components/AppShell.tsx [Client Component Browser]
    ./.gemini/antigravity/scratch/teacher-tracking/src/app/page.tsx [Client Component Browser]
    ./.gemini/antigravity/scratch/teacher-tracking/src/app/page.tsx [Server Component]

  Client Component SSR:
    ./.gemini/antigravity/scratch/teacher-tracking/node_modules/lucide-react/dist/esm/icons/index.mjs [Client Component SSR]
    ./.gemini/antigravity/scratch/teacher-tracking/node_modules/lucide-react/dist/esm/lucide-react.mjs [Client Component SSR]
    ./.gemini/antigravity/scratch/teacher-tracking/src/components/pages/DailyTasksPage.tsx [Client Component SSR]
    ./.gemini/antigravity/scratch/teacher-tracking/src/components/AppShell.tsx [Client Component SSR]
    ./.gemini/antigravity/scratch/teacher-tracking/src/app/page.tsx [Client Component SSR]
    ./.gemini/antigravity/scratch/teacher-tracking/src/app/page.tsx [Server Component]

https://nextjs.org/docs/messages/module-not-found


./.gemini/antigravity/scratch/teacher-tracking/node_modules/lucide-react/dist/esm/icons/index.mjs:1351:1
Module not found: Can't resolve './signpost.mjs'
  [90m1349 |[0m [36mexport[0m { [36mdefault[0m [36mas[0m [33mSignature[0m } [36mfrom[0m [32m'./signature.mjs'[0m;
  [90m1350 |[0m [36mexport[0m { [36mdefault[0m [36mas[0m [33mSignpostBig[0m } [36mfrom[0m [32m'./signpost-big.mjs'[0m;
[31m[1m>[0m [90m1351 |[0m [36mexport[0m { [36mdefault[0m [36mas[0m [33mSignpost[0m } [36mfrom[0m [32m'./signpost.mjs'[0m;
  [90m     |[0m [31m[1m^^^^^^^^^^^^^^^^^^^^^^^^^^^^^^^^^^^^^^^^^^^^^^^^^^^^^[0m
  [90m1352 |[0m [36mexport[0m { [36mdefault[0m [36mas[0m [33mSiren[0m } [36mfrom[0m [32m'./siren.mjs'[0m;
  [90m1353 |[0m [36mexport[0m { [36mdefault[0m [36mas[0m [33mSkipBack[0m } [36mfrom[0m [32m'./skip-back.mjs'[0m;
  [90m1354 |[0m [36mexport[0m { [36mdefault[0m [36mas[0m [33mSkipForward[0m } [36mfrom[0m [32m'./skip-forward.mjs'[0m;



Import traces:
  Client Component Browser:
    ./.gemini/antigravity/scratch/teacher-tracking/node_modules/lucide-react/dist/esm/icons/index.mjs [Client Component Browser]
    ./.gemini/antigravity/scratch/teacher-tracking/node_modules/lucide-react/dist/esm/lucide-react.mjs [Client Component Browser]
    ./.gemini/antigravity/scratch/teacher-tracking/src/components/pages/DailyTasksPage.tsx [Client Component Browser]
    ./.gemini/antigravity/scratch/teacher-tracking/src/components/AppShell.tsx [Client Component Browser]
    ./.gemini/antigravity/scratch/teacher-tracking/src/app/page.tsx [Client Component Browser]
    ./.gemini/antigravity/scratch/teacher-tracking/src/app/page.tsx [Server Component]

  Client Component SSR:
    ./.gemini/antigravity/scratch/teacher-tracking/node_modules/lucide-react/dist/esm/icons/index.mjs [Client Component SSR]
    ./.gemini/antigravity/scratch/teacher-tracking/node_modules/lucide-react/dist/esm/lucide-react.mjs [Client Component SSR]
    ./.gemini/antigravity/scratch/teacher-tracking/src/components/pages/DailyTasksPage.tsx [Client Component SSR]
    ./.gemini/antigravity/scratch/teacher-tracking/src/components/AppShell.tsx [Client Component SSR]
    ./.gemini/antigravity/scratch/teacher-tracking/src/app/page.tsx [Client Component SSR]
    ./.gemini/antigravity/scratch/teacher-tracking/src/app/page.tsx [Server Component]

https://nextjs.org/docs/messages/module-not-found


./.gemini/antigravity/scratch/teacher-tracking/node_modules/lucide-react/dist/esm/icons/index.mjs:1352:1
Module not found: Can't resolve './siren.mjs'
  [90m1350 |[0m [36mexport[0m { [36mdefault[0m [36mas[0m [33mSignpostBig[0m } [36mfrom[0m [32m'./signpost-big.mjs'[0m;
  [90m1351 |[0m [36mexport[0m { [36mdefault[0m [36mas[0m [33mSignpost[0m } [36mfrom[0m [32m'./signpost.mjs'[0m;
[31m[1m>[0m [90m1352 |[0m [36mexport[0m { [36mdefault[0m [36mas[0m [33mSiren[0m } [36mfrom[0m [32m'./siren.mjs'[0m;
  [90m     |[0m [31m[1m^^^^^^^^^^^^^^^^^^^^^^^^^^^^^^^^^^^^^^^^^^^^^^^[0m
  [90m1353 |[0m [36mexport[0m { [36mdefault[0m [36mas[0m [33mSkipBack[0m } [36mfrom[0m [32m'./skip-back.mjs'[0m;
  [90m1354 |[0m [36mexport[0m { [36mdefault[0m [36mas[0m [33mSkipForward[0m } [36mfrom[0m [32m'./skip-forward.mjs'[0m;
  [90m1355 |[0m [36mexport[0m { [36mdefault[0m [36mas[0m [33mSkull[0m } [36mfrom[0m [32m'./skull.mjs'[0m;



Import traces:
  Client Component Browser:
    ./.gemini/antigravity/scratch/teacher-tracking/node_modules/lucide-react/dist/esm/icons/index.mjs [Client Component Browser]
    ./.gemini/antigravity/scratch/teacher-tracking/node_modules/lucide-react/dist/esm/lucide-react.mjs [Client Component Browser]
    ./.gemini/antigravity/scratch/teacher-tracking/src/components/pages/DailyTasksPage.tsx [Client Component Browser]
    ./.gemini/antigravity/scratch/teacher-tracking/src/components/AppShell.tsx [Client Component Browser]
    ./.gemini/antigravity/scratch/teacher-tracking/src/app/page.tsx [Client Component Browser]
    ./.gemini/antigravity/scratch/teacher-tracking/src/app/page.tsx [Server Component]

  Client Component SSR:
    ./.gemini/antigravity/scratch/teacher-tracking/node_modules/lucide-react/dist/esm/icons/index.mjs [Client Component SSR]
    ./.gemini/antigravity/scratch/teacher-tracking/node_modules/lucide-react/dist/esm/lucide-react.mjs [Client Component SSR]
    ./.gemini/antigravity/scratch/teacher-tracking/src/components/pages/DailyTasksPage.tsx [Client Component SSR]
    ./.gemini/antigravity/scratch/teacher-tracking/src/components/AppShell.tsx [Client Component SSR]
    ./.gemini/antigravity/scratch/teacher-tracking/src/app/page.tsx [Client Component SSR]
    ./.gemini/antigravity/scratch/teacher-tracking/src/app/page.tsx [Server Component]

https://nextjs.org/docs/messages/module-not-found


./.gemini/antigravity/scratch/teacher-tracking/node_modules/lucide-react/dist/esm/icons/index.mjs:1353:1
Module not found: Can't resolve './skip-back.mjs'
  [90m1351 |[0m [36mexport[0m { [36mdefault[0m [36mas[0m [33mSignpost[0m } [36mfrom[0m [32m'./signpost.mjs'[0m;
  [90m1352 |[0m [36mexport[0m { [36mdefault[0m [36mas[0m [33mSiren[0m } [36mfrom[0m [32m'./siren.mjs'[0m;
[31m[1m>[0m [90m1353 |[0m [36mexport[0m { [36mdefault[0m [36mas[0m [33mSkipBack[0m } [36mfrom[0m [32m'./skip-back.mjs'[0m;
  [90m     |[0m [31m[1m^^^^^^^^^^^^^^^^^^^^^^^^^^^^^^^^^^^^^^^^^^^^^^^^^^^^^^[0m
  [90m1354 |[0m [36mexport[0m { [36mdefault[0m [36mas[0m [33mSkipForward[0m } [36mfrom[0m [32m'./skip-forward.mjs'[0m;
  [90m1355 |[0m [36mexport[0m { [36mdefault[0m [36mas[0m [33mSkull[0m } [36mfrom[0m [32m'./skull.mjs'[0m;
  [90m1356 |[0m [36mexport[0m { [36mdefault[0m [36mas[0m [33mSlash[0m } [36mfrom[0m [32m'./slash.mjs'[0m;



Import traces:
  Client Component Browser:
    ./.gemini/antigravity/scratch/teacher-tracking/node_modules/lucide-react/dist/esm/icons/index.mjs [Client Component Browser]
    ./.gemini/antigravity/scratch/teacher-tracking/node_modules/lucide-react/dist/esm/lucide-react.mjs [Client Component Browser]
    ./.gemini/antigravity/scratch/teacher-tracking/src/components/pages/DailyTasksPage.tsx [Client Component Browser]
    ./.gemini/antigravity/scratch/teacher-tracking/src/components/AppShell.tsx [Client Component Browser]
    ./.gemini/antigravity/scratch/teacher-tracking/src/app/page.tsx [Client Component Browser]
    ./.gemini/antigravity/scratch/teacher-tracking/src/app/page.tsx [Server Component]

  Client Component SSR:
    ./.gemini/antigravity/scratch/teacher-tracking/node_modules/lucide-react/dist/esm/icons/index.mjs [Client Component SSR]
    ./.gemini/antigravity/scratch/teacher-tracking/node_modules/lucide-react/dist/esm/lucide-react.mjs [Client Component SSR]
    ./.gemini/antigravity/scratch/teacher-tracking/src/components/pages/DailyTasksPage.tsx [Client Component SSR]
    ./.gemini/antigravity/scratch/teacher-tracking/src/components/AppShell.tsx [Client Component SSR]
    ./.gemini/antigravity/scratch/teacher-tracking/src/app/page.tsx [Client Component SSR]
    ./.gemini/antigravity/scratch/teacher-tracking/src/app/page.tsx [Server Component]

https://nextjs.org/docs/messages/module-not-found


./.gemini/antigravity/scratch/teacher-tracking/node_modules/lucide-react/dist/esm/icons/index.mjs:1354:1
Module not found: Can't resolve './skip-forward.mjs'
  [90m1352 |[0m [36mexport[0m { [36mdefault[0m [36mas[0m [33mSiren[0m } [36mfrom[0m [32m'./siren.mjs'[0m;
  [90m1353 |[0m [36mexport[0m { [36mdefault[0m [36mas[0m [33mSkipBack[0m } [36mfrom[0m [32m'./skip-back.mjs'[0m;
[31m[1m>[0m [90m1354 |[0m [36mexport[0m { [36mdefault[0m [36mas[0m [33mSkipForward[0m } [36mfrom[0m [32m'./skip-forward.mjs'[0m;
  [90m     |[0m [31m[1m^^^^^^^^^^^^^^^^^^^^^^^^^^^^^^^^^^^^^^^^^^^^^^^^^^^^^^^^^^^^[0m
  [90m1355 |[0m [36mexport[0m { [36mdefault[0m [36mas[0m [33mSkull[0m } [36mfrom[0m [32m'./skull.mjs'[0m;
  [90m1356 |[0m [36mexport[0m { [36mdefault[0m [36mas[0m [33mSlash[0m } [36mfrom[0m [32m'./slash.mjs'[0m;
  [90m1357 |[0m [36mexport[0m { [36mdefault[0m [36mas[0m [33mSlidersHorizontal[0m } [36mfrom[0m [32m'./sliders-horizontal.m...[0m



Import traces:
  Client Component Browser:
    ./.gemini/antigravity/scratch/teacher-tracking/node_modules/lucide-react/dist/esm/icons/index.mjs [Client Component Browser]
    ./.gemini/antigravity/scratch/teacher-tracking/node_modules/lucide-react/dist/esm/lucide-react.mjs [Client Component Browser]
    ./.gemini/antigravity/scratch/teacher-tracking/src/components/pages/DailyTasksPage.tsx [Client Component Browser]
    ./.gemini/antigravity/scratch/teacher-tracking/src/components/AppShell.tsx [Client Component Browser]
    ./.gemini/antigravity/scratch/teacher-tracking/src/app/page.tsx [Client Component Browser]
    ./.gemini/antigravity/scratch/teacher-tracking/src/app/page.tsx [Server Component]

  Client Component SSR:
    ./.gemini/antigravity/scratch/teacher-tracking/node_modules/lucide-react/dist/esm/icons/index.mjs [Client Component SSR]
    ./.gemini/antigravity/scratch/teacher-tracking/node_modules/lucide-react/dist/esm/lucide-react.mjs [Client Component SSR]
    ./.gemini/antigravity/scratch/teacher-tracking/src/components/pages/DailyTasksPage.tsx [Client Component SSR]
    ./.gemini/antigravity/scratch/teacher-tracking/src/components/AppShell.tsx [Client Component SSR]
    ./.gemini/antigravity/scratch/teacher-tracking/src/app/page.tsx [Client Component SSR]
    ./.gemini/antigravity/scratch/teacher-tracking/src/app/page.tsx [Server Component]

https://nextjs.org/docs/messages/module-not-found


./.gemini/antigravity/scratch/teacher-tracking/node_modules/lucide-react/dist/esm/icons/index.mjs:1355:1
Module not found: Can't resolve './skull.mjs'
  [90m1353 |[0m [36mexport[0m { [36mdefault[0m [36mas[0m [33mSkipBack[0m } [36mfrom[0m [32m'./skip-back.mjs'[0m;
  [90m1354 |[0m [36mexport[0m { [36mdefault[0m [36mas[0m [33mSkipForward[0m } [36mfrom[0m [32m'./skip-forward.mjs'[0m;
[31m[1m>[0m [90m1355 |[0m [36mexport[0m { [36mdefault[0m [36mas[0m [33mSkull[0m } [36mfrom[0m [32m'./skull.mjs'[0m;
  [90m     |[0m [31m[1m^^^^^^^^^^^^^^^^^^^^^^^^^^^^^^^^^^^^^^^^^^^^^^^[0m
  [90m1356 |[0m [36mexport[0m { [36mdefault[0m [36mas[0m [33mSlash[0m } [36mfrom[0m [32m'./slash.mjs'[0m;
  [90m1357 |[0m [36mexport[0m { [36mdefault[0m [36mas[0m [33mSlidersHorizontal[0m } [36mfrom[0m [32m'./sliders-horizontal.m...[0m
  [90m1358 |[0m [36mexport[0m { [36mdefault[0m [36mas[0m [33mSlice[0m } [36mfrom[0m [32m'./slice.mjs'[0m;



Import traces:
  Client Component Browser:
    ./.gemini/antigravity/scratch/teacher-tracking/node_modules/lucide-react/dist/esm/icons/index.mjs [Client Component Browser]
    ./.gemini/antigravity/scratch/teacher-tracking/node_modules/lucide-react/dist/esm/lucide-react.mjs [Client Component Browser]
    ./.gemini/antigravity/scratch/teacher-tracking/src/components/pages/DailyTasksPage.tsx [Client Component Browser]
    ./.gemini/antigravity/scratch/teacher-tracking/src/components/AppShell.tsx [Client Component Browser]
    ./.gemini/antigravity/scratch/teacher-tracking/src/app/page.tsx [Client Component Browser]
    ./.gemini/antigravity/scratch/teacher-tracking/src/app/page.tsx [Server Component]

  Client Component SSR:
    ./.gemini/antigravity/scratch/teacher-tracking/node_modules/lucide-react/dist/esm/icons/index.mjs [Client Component SSR]
    ./.gemini/antigravity/scratch/teacher-tracking/node_modules/lucide-react/dist/esm/lucide-react.mjs [Client Component SSR]
    ./.gemini/antigravity/scratch/teacher-tracking/src/components/pages/DailyTasksPage.tsx [Client Component SSR]
    ./.gemini/antigravity/scratch/teacher-tracking/src/components/AppShell.tsx [Client Component SSR]
    ./.gemini/antigravity/scratch/teacher-tracking/src/app/page.tsx [Client Component SSR]
    ./.gemini/antigravity/scratch/teacher-tracking/src/app/page.tsx [Server Component]

https://nextjs.org/docs/messages/module-not-found


./.gemini/antigravity/scratch/teacher-tracking/node_modules/lucide-react/dist/esm/icons/index.mjs:1356:1
Module not found: Can't resolve './slash.mjs'
  [90m1354 |[0m [36mexport[0m { [36mdefault[0m [36mas[0m [33mSkipForward[0m } [36mfrom[0m [32m'./skip-forward.mjs'[0m;
  [90m1355 |[0m [36mexport[0m { [36mdefault[0m [36mas[0m [33mSkull[0m } [36mfrom[0m [32m'./skull.mjs'[0m;
[31m[1m>[0m [90m1356 |[0m [36mexport[0m { [36mdefault[0m [36mas[0m [33mSlash[0m } [36mfrom[0m [32m'./slash.mjs'[0m;
  [90m     |[0m [31m[1m^^^^^^^^^^^^^^^^^^^^^^^^^^^^^^^^^^^^^^^^^^^^^^^[0m
  [90m1357 |[0m [36mexport[0m { [36mdefault[0m [36mas[0m [33mSlidersHorizontal[0m } [36mfrom[0m [32m'./sliders-horizontal.m...[0m
  [90m1358 |[0m [36mexport[0m { [36mdefault[0m [36mas[0m [33mSlice[0m } [36mfrom[0m [32m'./slice.mjs'[0m;
  [90m1359 |[0m [36mexport[0m { [36mdefault[0m [36mas[0m [33mSlidersVertical[0m } [36mfrom[0m [32m'./sliders-vertical.mjs'[0m;



Import traces:
  Client Component Browser:
    ./.gemini/antigravity/scratch/teacher-tracking/node_modules/lucide-react/dist/esm/icons/index.mjs [Client Component Browser]
    ./.gemini/antigravity/scratch/teacher-tracking/node_modules/lucide-react/dist/esm/lucide-react.mjs [Client Component Browser]
    ./.gemini/antigravity/scratch/teacher-tracking/src/components/pages/DailyTasksPage.tsx [Client Component Browser]
    ./.gemini/antigravity/scratch/teacher-tracking/src/components/AppShell.tsx [Client Component Browser]
    ./.gemini/antigravity/scratch/teacher-tracking/src/app/page.tsx [Client Component Browser]
    ./.gemini/antigravity/scratch/teacher-tracking/src/app/page.tsx [Server Component]

  Client Component SSR:
    ./.gemini/antigravity/scratch/teacher-tracking/node_modules/lucide-react/dist/esm/icons/index.mjs [Client Component SSR]
    ./.gemini/antigravity/scratch/teacher-tracking/node_modules/lucide-react/dist/esm/lucide-react.mjs [Client Component SSR]
    ./.gemini/antigravity/scratch/teacher-tracking/src/components/pages/DailyTasksPage.tsx [Client Component SSR]
    ./.gemini/antigravity/scratch/teacher-tracking/src/components/AppShell.tsx [Client Component SSR]
    ./.gemini/antigravity/scratch/teacher-tracking/src/app/page.tsx [Client Component SSR]
    ./.gemini/antigravity/scratch/teacher-tracking/src/app/page.tsx [Server Component]

https://nextjs.org/docs/messages/module-not-found


./.gemini/antigravity/scratch/teacher-tracking/node_modules/lucide-react/dist/esm/icons/index.mjs:1358:1
Module not found: Can't resolve './slice.mjs'
  [90m1356 |[0m [36mexport[0m { [36mdefault[0m [36mas[0m [33mSlash[0m } [36mfrom[0m [32m'./slash.mjs'[0m;
  [90m1357 |[0m [36mexport[0m { [36mdefault[0m [36mas[0m [33mSlidersHorizontal[0m } [36mfrom[0m [32m'./sliders-horizontal.m...[0m
[31m[1m>[0m [90m1358 |[0m [36mexport[0m { [36mdefault[0m [36mas[0m [33mSlice[0m } [36mfrom[0m [32m'./slice.mjs'[0m;
  [90m     |[0m [31m[1m^^^^^^^^^^^^^^^^^^^^^^^^^^^^^^^^^^^^^^^^^^^^^^^[0m
  [90m1359 |[0m [36mexport[0m { [36mdefault[0m [36mas[0m [33mSlidersVertical[0m } [36mfrom[0m [32m'./sliders-vertical.mjs'[0m;
  [90m1360 |[0m [36mexport[0m { [36mdefault[0m [36mas[0m [33mSmartphoneCharging[0m } [36mfrom[0m [32m'./smartphone-charging...[0m
  [90m1361 |[0m [36mexport[0m { [36mdefault[0m [36mas[0m [33mSmartphoneNfc[0m } [36mfrom[0m [32m'./smartphone-nfc.mjs'[0m;



Import traces:
  Client Component Browser:
    ./.gemini/antigravity/scratch/teacher-tracking/node_modules/lucide-react/dist/esm/icons/index.mjs [Client Component Browser]
    ./.gemini/antigravity/scratch/teacher-tracking/node_modules/lucide-react/dist/esm/lucide-react.mjs [Client Component Browser]
    ./.gemini/antigravity/scratch/teacher-tracking/src/components/pages/DailyTasksPage.tsx [Client Component Browser]
    ./.gemini/antigravity/scratch/teacher-tracking/src/components/AppShell.tsx [Client Component Browser]
    ./.gemini/antigravity/scratch/teacher-tracking/src/app/page.tsx [Client Component Browser]
    ./.gemini/antigravity/scratch/teacher-tracking/src/app/page.tsx [Server Component]

  Client Component SSR:
    ./.gemini/antigravity/scratch/teacher-tracking/node_modules/lucide-react/dist/esm/icons/index.mjs [Client Component SSR]
    ./.gemini/antigravity/scratch/teacher-tracking/node_modules/lucide-react/dist/esm/lucide-react.mjs [Client Component SSR]
    ./.gemini/antigravity/scratch/teacher-tracking/src/components/pages/DailyTasksPage.tsx [Client Component SSR]
    ./.gemini/antigravity/scratch/teacher-tracking/src/components/AppShell.tsx [Client Component SSR]
    ./.gemini/antigravity/scratch/teacher-tracking/src/app/page.tsx [Client Component SSR]
    ./.gemini/antigravity/scratch/teacher-tracking/src/app/page.tsx [Server Component]

https://nextjs.org/docs/messages/module-not-found


./.gemini/antigravity/scratch/teacher-tracking/node_modules/lucide-react/dist/esm/icons/index.mjs:1357:1
Module not found: Can't resolve './sliders-horizontal.mjs'
  [90m1355 |[0m ...[36mrt[0m { [36mdefault[0m [36mas[0m [33mSkull[0m } [36mfrom[0m [32m'./skull.mjs'[0m;
  [90m1356 |[0m ...[36mrt[0m { [36mdefault[0m [36mas[0m [33mSlash[0m } [36mfrom[0m [32m'./slash.mjs'[0m;
[31m[1m>[0m [90m1357 |[0m ...[36mrt[0m { [36mdefault[0m [36mas[0m [33mSlidersHorizontal[0m } [36mfrom[0m [32m'./sliders-horizontal.mjs'[0m;
  [90m     |[0m    [31m[1m^^^^^^^^^^^^^^^^^^^^^^^^^^^^^^^^^^^^^^^^^^^^^^^^^^^^^^^^^^^^^^^^^^^^[0m
  [90m1358 |[0m ...[36mrt[0m { [36mdefault[0m [36mas[0m [33mSlice[0m } [36mfrom[0m [32m'./slice.mjs'[0m;
  [90m1359 |[0m ...[36mrt[0m { [36mdefault[0m [36mas[0m [33mSlidersVertical[0m } [36mfrom[0m [32m'./sliders-vertical.mjs'[0m;
  [90m1360 |[0m ...[36mrt[0m { [36mdefault[0m [36mas[0m [33mSmartphoneCharging[0m } [36mfrom[0m [32m'./smartphone-charging....[0m



Import traces:
  Client Component Browser:
    ./.gemini/antigravity/scratch/teacher-tracking/node_modules/lucide-react/dist/esm/icons/index.mjs [Client Component Browser]
    ./.gemini/antigravity/scratch/teacher-tracking/node_modules/lucide-react/dist/esm/lucide-react.mjs [Client Component Browser]
    ./.gemini/antigravity/scratch/teacher-tracking/src/components/pages/DailyTasksPage.tsx [Client Component Browser]
    ./.gemini/antigravity/scratch/teacher-tracking/src/components/AppShell.tsx [Client Component Browser]
    ./.gemini/antigravity/scratch/teacher-tracking/src/app/page.tsx [Client Component Browser]
    ./.gemini/antigravity/scratch/teacher-tracking/src/app/page.tsx [Server Component]

  Client Component SSR:
    ./.gemini/antigravity/scratch/teacher-tracking/node_modules/lucide-react/dist/esm/icons/index.mjs [Client Component SSR]
    ./.gemini/antigravity/scratch/teacher-tracking/node_modules/lucide-react/dist/esm/lucide-react.mjs [Client Component SSR]
    ./.gemini/antigravity/scratch/teacher-tracking/src/components/pages/DailyTasksPage.tsx [Client Component SSR]
    ./.gemini/antigravity/scratch/teacher-tracking/src/components/AppShell.tsx [Client Component SSR]
    ./.gemini/antigravity/scratch/teacher-tracking/src/app/page.tsx [Client Component SSR]
    ./.gemini/antigravity/scratch/teacher-tracking/src/app/page.tsx [Server Component]

https://nextjs.org/docs/messages/module-not-found


./.gemini/antigravity/scratch/teacher-tracking/node_modules/lucide-react/dist/esm/icons/index.mjs:1359:1
Module not found: Can't resolve './sliders-vertical.mjs'
  [90m1357 |[0m ...[36mport[0m { [36mdefault[0m [36mas[0m [33mSlidersHorizontal[0m } [36mfrom[0m [32m'./sliders-horizontal....[0m
  [90m1358 |[0m ...[36mport[0m { [36mdefault[0m [36mas[0m [33mSlice[0m } [36mfrom[0m [32m'./slice.mjs'[0m;
[31m[1m>[0m [90m1359 |[0m ...[36mport[0m { [36mdefault[0m [36mas[0m [33mSlidersVertical[0m } [36mfrom[0m [32m'./sliders-vertical.mjs'[0m;
  [90m     |[0m    [31m[1m^^^^^^^^^^^^^^^^^^^^^^^^^^^^^^^^^^^^^^^^^^^^^^^^^^^^^^^^^^^^^^^^^^^^[0m
  [90m1360 |[0m ...[36mport[0m { [36mdefault[0m [36mas[0m [33mSmartphoneCharging[0m } [36mfrom[0m [32m'./smartphone-chargin...[0m
  [90m1361 |[0m ...[36mport[0m { [36mdefault[0m [36mas[0m [33mSmartphoneNfc[0m } [36mfrom[0m [32m'./smartphone-nfc.mjs'[0m;
  [90m1362 |[0m ...[36mport[0m { [36mdefault[0m [36mas[0m [33mSmartphone[0m } [36mfrom[0m [32m'./smartphone.mjs'[0m;



Import traces:
  Client Component Browser:
    ./.gemini/antigravity/scratch/teacher-tracking/node_modules/lucide-react/dist/esm/icons/index.mjs [Client Component Browser]
    ./.gemini/antigravity/scratch/teacher-tracking/node_modules/lucide-react/dist/esm/lucide-react.mjs [Client Component Browser]
    ./.gemini/antigravity/scratch/teacher-tracking/src/components/pages/DailyTasksPage.tsx [Client Component Browser]
    ./.gemini/antigravity/scratch/teacher-tracking/src/components/AppShell.tsx [Client Component Browser]
    ./.gemini/antigravity/scratch/teacher-tracking/src/app/page.tsx [Client Component Browser]
    ./.gemini/antigravity/scratch/teacher-tracking/src/app/page.tsx [Server Component]

  Client Component SSR:
    ./.gemini/antigravity/scratch/teacher-tracking/node_modules/lucide-react/dist/esm/icons/index.mjs [Client Component SSR]
    ./.gemini/antigravity/scratch/teacher-tracking/node_modules/lucide-react/dist/esm/lucide-react.mjs [Client Component SSR]
    ./.gemini/antigravity/scratch/teacher-tracking/src/components/pages/DailyTasksPage.tsx [Client Component SSR]
    ./.gemini/antigravity/scratch/teacher-tracking/src/components/AppShell.tsx [Client Component SSR]
    ./.gemini/antigravity/scratch/teacher-tracking/src/app/page.tsx [Client Component SSR]
    ./.gemini/antigravity/scratch/teacher-tracking/src/app/page.tsx [Server Component]

https://nextjs.org/docs/messages/module-not-found


./.gemini/antigravity/scratch/teacher-tracking/node_modules/lucide-react/dist/esm/icons/index.mjs:1360:1
Module not found: Can't resolve './smartphone-charging.mjs'
  [90m1358 |[0m ...[36mt[0m { [36mdefault[0m [36mas[0m [33mSlice[0m } [36mfrom[0m [32m'./slice.mjs'[0m;
  [90m1359 |[0m ...[36mt[0m { [36mdefault[0m [36mas[0m [33mSlidersVertical[0m } [36mfrom[0m [32m'./sliders-vertical.mjs'[0m;
[31m[1m>[0m [90m1360 |[0m ...[36mt[0m { [36mdefault[0m [36mas[0m [33mSmartphoneCharging[0m } [36mfrom[0m [32m'./smartphone-charging.m...[0m
  [90m     |[0m    [31m[1m^^^^^^^^^^^^^^^^^^^^^^^^^^^^^^^^^^^^^^^^^^^^^^^^^^^^^^^^^^^^^^^^^^^^[0m
  [90m1361 |[0m ...[36mt[0m { [36mdefault[0m [36mas[0m [33mSmartphoneNfc[0m } [36mfrom[0m [32m'./smartphone-nfc.mjs'[0m;
  [90m1362 |[0m ...[36mt[0m { [36mdefault[0m [36mas[0m [33mSmartphone[0m } [36mfrom[0m [32m'./smartphone.mjs'[0m;
  [90m1363 |[0m ...[36mt[0m { [36mdefault[0m [36mas[0m [33mSmilePlus[0m } [36mfrom[0m [32m'./smile-plus.mjs'[0m;



Import traces:
  Client Component Browser:
    ./.gemini/antigravity/scratch/teacher-tracking/node_modules/lucide-react/dist/esm/icons/index.mjs [Client Component Browser]
    ./.gemini/antigravity/scratch/teacher-tracking/node_modules/lucide-react/dist/esm/lucide-react.mjs [Client Component Browser]
    ./.gemini/antigravity/scratch/teacher-tracking/src/components/pages/DailyTasksPage.tsx [Client Component Browser]
    ./.gemini/antigravity/scratch/teacher-tracking/src/components/AppShell.tsx [Client Component Browser]
    ./.gemini/antigravity/scratch/teacher-tracking/src/app/page.tsx [Client Component Browser]
    ./.gemini/antigravity/scratch/teacher-tracking/src/app/page.tsx [Server Component]

  Client Component SSR:
    ./.gemini/antigravity/scratch/teacher-tracking/node_modules/lucide-react/dist/esm/icons/index.mjs [Client Component SSR]
    ./.gemini/antigravity/scratch/teacher-tracking/node_modules/lucide-react/dist/esm/lucide-react.mjs [Client Component SSR]
    ./.gemini/antigravity/scratch/teacher-tracking/src/components/pages/DailyTasksPage.tsx [Client Component SSR]
    ./.gemini/antigravity/scratch/teacher-tracking/src/components/AppShell.tsx [Client Component SSR]
    ./.gemini/antigravity/scratch/teacher-tracking/src/app/page.tsx [Client Component SSR]
    ./.gemini/antigravity/scratch/teacher-tracking/src/app/page.tsx [Server Component]

https://nextjs.org/docs/messages/module-not-found


./.gemini/antigravity/scratch/teacher-tracking/node_modules/lucide-react/dist/esm/icons/index.mjs:1361:1
Module not found: Can't resolve './smartphone-nfc.mjs'
  [90m1359 |[0m [36mexport[0m { [36mdefault[0m [36mas[0m [33mSlidersVertical[0m } [36mfrom[0m [32m'./sliders-vertical.mjs'[0m;
  [90m1360 |[0m [36mexport[0m { [36mdefault[0m [36mas[0m [33mSmartphoneCharging[0m } [36mfrom[0m [32m'./smartphone-charging...[0m
[31m[1m>[0m [90m1361 |[0m [36mexport[0m { [36mdefault[0m [36mas[0m [33mSmartphoneNfc[0m } [36mfrom[0m [32m'./smartphone-nfc.mjs'[0m;
  [90m     |[0m [31m[1m^^^^^^^^^^^^^^^^^^^^^^^^^^^^^^^^^^^^^^^^^^^^^^^^^^^^^^^^^^^^^^^^[0m
  [90m1362 |[0m [36mexport[0m { [36mdefault[0m [36mas[0m [33mSmartphone[0m } [36mfrom[0m [32m'./smartphone.mjs'[0m;
  [90m1363 |[0m [36mexport[0m { [36mdefault[0m [36mas[0m [33mSmilePlus[0m } [36mfrom[0m [32m'./smile-plus.mjs'[0m;
  [90m1364 |[0m [36mexport[0m { [36mdefault[0m [36mas[0m [33mSmile[0m } [36mfrom[0m [32m'./smile.mjs'[0m;



Import traces:
  Client Component Browser:
    ./.gemini/antigravity/scratch/teacher-tracking/node_modules/lucide-react/dist/esm/icons/index.mjs [Client Component Browser]
    ./.gemini/antigravity/scratch/teacher-tracking/node_modules/lucide-react/dist/esm/lucide-react.mjs [Client Component Browser]
    ./.gemini/antigravity/scratch/teacher-tracking/src/components/pages/DailyTasksPage.tsx [Client Component Browser]
    ./.gemini/antigravity/scratch/teacher-tracking/src/components/AppShell.tsx [Client Component Browser]
    ./.gemini/antigravity/scratch/teacher-tracking/src/app/page.tsx [Client Component Browser]
    ./.gemini/antigravity/scratch/teacher-tracking/src/app/page.tsx [Server Component]

  Client Component SSR:
    ./.gemini/antigravity/scratch/teacher-tracking/node_modules/lucide-react/dist/esm/icons/index.mjs [Client Component SSR]
    ./.gemini/antigravity/scratch/teacher-tracking/node_modules/lucide-react/dist/esm/lucide-react.mjs [Client Component SSR]
    ./.gemini/antigravity/scratch/teacher-tracking/src/components/pages/DailyTasksPage.tsx [Client Component SSR]
    ./.gemini/antigravity/scratch/teacher-tracking/src/components/AppShell.tsx [Client Component SSR]
    ./.gemini/antigravity/scratch/teacher-tracking/src/app/page.tsx [Client Component SSR]
    ./.gemini/antigravity/scratch/teacher-tracking/src/app/page.tsx [Server Component]

https://nextjs.org/docs/messages/module-not-found


./.gemini/antigravity/scratch/teacher-tracking/node_modules/lucide-react/dist/esm/icons/index.mjs:1362:1
Module not found: Can't resolve './smartphone.mjs'
  [90m1360 |[0m [36mexport[0m { [36mdefault[0m [36mas[0m [33mSmartphoneCharging[0m } [36mfrom[0m [32m'./smartphone-charging...[0m
  [90m1361 |[0m [36mexport[0m { [36mdefault[0m [36mas[0m [33mSmartphoneNfc[0m } [36mfrom[0m [32m'./smartphone-nfc.mjs'[0m;
[31m[1m>[0m [90m1362 |[0m [36mexport[0m { [36mdefault[0m [36mas[0m [33mSmartphone[0m } [36mfrom[0m [32m'./smartphone.mjs'[0m;
  [90m     |[0m [31m[1m^^^^^^^^^^^^^^^^^^^^^^^^^^^^^^^^^^^^^^^^^^^^^^^^^^^^^^^^^[0m
  [90m1363 |[0m [36mexport[0m { [36mdefault[0m [36mas[0m [33mSmilePlus[0m } [36mfrom[0m [32m'./smile-plus.mjs'[0m;
  [90m1364 |[0m [36mexport[0m { [36mdefault[0m [36mas[0m [33mSmile[0m } [36mfrom[0m [32m'./smile.mjs'[0m;
  [90m1365 |[0m [36mexport[0m { [36mdefault[0m [36mas[0m [33mSnail[0m } [36mfrom[0m [32m'./snail.mjs'[0m;



Import traces:
  Client Component Browser:
    ./.gemini/antigravity/scratch/teacher-tracking/node_modules/lucide-react/dist/esm/icons/index.mjs [Client Component Browser]
    ./.gemini/antigravity/scratch/teacher-tracking/node_modules/lucide-react/dist/esm/lucide-react.mjs [Client Component Browser]
    ./.gemini/antigravity/scratch/teacher-tracking/src/components/pages/DailyTasksPage.tsx [Client Component Browser]
    ./.gemini/antigravity/scratch/teacher-tracking/src/components/AppShell.tsx [Client Component Browser]
    ./.gemini/antigravity/scratch/teacher-tracking/src/app/page.tsx [Client Component Browser]
    ./.gemini/antigravity/scratch/teacher-tracking/src/app/page.tsx [Server Component]

  Client Component SSR:
    ./.gemini/antigravity/scratch/teacher-tracking/node_modules/lucide-react/dist/esm/icons/index.mjs [Client Component SSR]
    ./.gemini/antigravity/scratch/teacher-tracking/node_modules/lucide-react/dist/esm/lucide-react.mjs [Client Component SSR]
    ./.gemini/antigravity/scratch/teacher-tracking/src/components/pages/DailyTasksPage.tsx [Client Component SSR]
    ./.gemini/antigravity/scratch/teacher-tracking/src/components/AppShell.tsx [Client Component SSR]
    ./.gemini/antigravity/scratch/teacher-tracking/src/app/page.tsx [Client Component SSR]
    ./.gemini/antigravity/scratch/teacher-tracking/src/app/page.tsx [Server Component]

https://nextjs.org/docs/messages/module-not-found


./.gemini/antigravity/scratch/teacher-tracking/node_modules/lucide-react/dist/esm/icons/index.mjs:1363:1
Module not found: Can't resolve './smile-plus.mjs'
  [90m1361 |[0m [36mexport[0m { [36mdefault[0m [36mas[0m [33mSmartphoneNfc[0m } [36mfrom[0m [32m'./smartphone-nfc.mjs'[0m;
  [90m1362 |[0m [36mexport[0m { [36mdefault[0m [36mas[0m [33mSmartphone[0m } [36mfrom[0m [32m'./smartphone.mjs'[0m;
[31m[1m>[0m [90m1363 |[0m [36mexport[0m { [36mdefault[0m [36mas[0m [33mSmilePlus[0m } [36mfrom[0m [32m'./smile-plus.mjs'[0m;
  [90m     |[0m [31m[1m^^^^^^^^^^^^^^^^^^^^^^^^^^^^^^^^^^^^^^^^^^^^^^^^^^^^^^^^[0m
  [90m1364 |[0m [36mexport[0m { [36mdefault[0m [36mas[0m [33mSmile[0m } [36mfrom[0m [32m'./smile.mjs'[0m;
  [90m1365 |[0m [36mexport[0m { [36mdefault[0m [36mas[0m [33mSnail[0m } [36mfrom[0m [32m'./snail.mjs'[0m;
  [90m1366 |[0m [36mexport[0m { [36mdefault[0m [36mas[0m [33mSnowflake[0m } [36mfrom[0m [32m'./snowflake.mjs'[0m;



Import traces:
  Client Component Browser:
    ./.gemini/antigravity/scratch/teacher-tracking/node_modules/lucide-react/dist/esm/icons/index.mjs [Client Component Browser]
    ./.gemini/antigravity/scratch/teacher-tracking/node_modules/lucide-react/dist/esm/lucide-react.mjs [Client Component Browser]
    ./.gemini/antigravity/scratch/teacher-tracking/src/components/pages/DailyTasksPage.tsx [Client Component Browser]
    ./.gemini/antigravity/scratch/teacher-tracking/src/components/AppShell.tsx [Client Component Browser]
    ./.gemini/antigravity/scratch/teacher-tracking/src/app/page.tsx [Client Component Browser]
    ./.gemini/antigravity/scratch/teacher-tracking/src/app/page.tsx [Server Component]

  Client Component SSR:
    ./.gemini/antigravity/scratch/teacher-tracking/node_modules/lucide-react/dist/esm/icons/index.mjs [Client Component SSR]
    ./.gemini/antigravity/scratch/teacher-tracking/node_modules/lucide-react/dist/esm/lucide-react.mjs [Client Component SSR]
    ./.gemini/antigravity/scratch/teacher-tracking/src/components/pages/DailyTasksPage.tsx [Client Component SSR]
    ./.gemini/antigravity/scratch/teacher-tracking/src/components/AppShell.tsx [Client Component SSR]
    ./.gemini/antigravity/scratch/teacher-tracking/src/app/page.tsx [Client Component SSR]
    ./.gemini/antigravity/scratch/teacher-tracking/src/app/page.tsx [Server Component]

https://nextjs.org/docs/messages/module-not-found


./.gemini/antigravity/scratch/teacher-tracking/node_modules/lucide-react/dist/esm/icons/index.mjs:1364:1
Module not found: Can't resolve './smile.mjs'
  [90m1362 |[0m [36mexport[0m { [36mdefault[0m [36mas[0m [33mSmartphone[0m } [36mfrom[0m [32m'./smartphone.mjs'[0m;
  [90m1363 |[0m [36mexport[0m { [36mdefault[0m [36mas[0m [33mSmilePlus[0m } [36mfrom[0m [32m'./smile-plus.mjs'[0m;
[31m[1m>[0m [90m1364 |[0m [36mexport[0m { [36mdefault[0m [36mas[0m [33mSmile[0m } [36mfrom[0m [32m'./smile.mjs'[0m;
  [90m     |[0m [31m[1m^^^^^^^^^^^^^^^^^^^^^^^^^^^^^^^^^^^^^^^^^^^^^^^[0m
  [90m1365 |[0m [36mexport[0m { [36mdefault[0m [36mas[0m [33mSnail[0m } [36mfrom[0m [32m'./snail.mjs'[0m;
  [90m1366 |[0m [36mexport[0m { [36mdefault[0m [36mas[0m [33mSnowflake[0m } [36mfrom[0m [32m'./snowflake.mjs'[0m;
  [90m1367 |[0m [36mexport[0m { [36mdefault[0m [36mas[0m [33mSoapDispenserDroplet[0m } [36mfrom[0m [32m'./soap-dispenser-dr...[0m



Import traces:
  Client Component Browser:
    ./.gemini/antigravity/scratch/teacher-tracking/node_modules/lucide-react/dist/esm/icons/index.mjs [Client Component Browser]
    ./.gemini/antigravity/scratch/teacher-tracking/node_modules/lucide-react/dist/esm/lucide-react.mjs [Client Component Browser]
    ./.gemini/antigravity/scratch/teacher-tracking/src/components/pages/DailyTasksPage.tsx [Client Component Browser]
    ./.gemini/antigravity/scratch/teacher-tracking/src/components/AppShell.tsx [Client Component Browser]
    ./.gemini/antigravity/scratch/teacher-tracking/src/app/page.tsx [Client Component Browser]
    ./.gemini/antigravity/scratch/teacher-tracking/src/app/page.tsx [Server Component]

  Client Component SSR:
    ./.gemini/antigravity/scratch/teacher-tracking/node_modules/lucide-react/dist/esm/icons/index.mjs [Client Component SSR]
    ./.gemini/antigravity/scratch/teacher-tracking/node_modules/lucide-react/dist/esm/lucide-react.mjs [Client Component SSR]
    ./.gemini/antigravity/scratch/teacher-tracking/src/components/pages/DailyTasksPage.tsx [Client Component SSR]
    ./.gemini/antigravity/scratch/teacher-tracking/src/components/AppShell.tsx [Client Component SSR]
    ./.gemini/antigravity/scratch/teacher-tracking/src/app/page.tsx [Client Component SSR]
    ./.gemini/antigravity/scratch/teacher-tracking/src/app/page.tsx [Server Component]

https://nextjs.org/docs/messages/module-not-found


./.gemini/antigravity/scratch/teacher-tracking/node_modules/lucide-react/dist/esm/icons/index.mjs:1365:1
Module not found: Can't resolve './snail.mjs'
  [90m1363 |[0m [36mexport[0m { [36mdefault[0m [36mas[0m [33mSmilePlus[0m } [36mfrom[0m [32m'./smile-plus.mjs'[0m;
  [90m1364 |[0m [36mexport[0m { [36mdefault[0m [36mas[0m [33mSmile[0m } [36mfrom[0m [32m'./smile.mjs'[0m;
[31m[1m>[0m [90m1365 |[0m [36mexport[0m { [36mdefault[0m [36mas[0m [33mSnail[0m } [36mfrom[0m [32m'./snail.mjs'[0m;
  [90m     |[0m [31m[1m^^^^^^^^^^^^^^^^^^^^^^^^^^^^^^^^^^^^^^^^^^^^^^^[0m
  [90m1366 |[0m [36mexport[0m { [36mdefault[0m [36mas[0m [33mSnowflake[0m } [36mfrom[0m [32m'./snowflake.mjs'[0m;
  [90m1367 |[0m [36mexport[0m { [36mdefault[0m [36mas[0m [33mSoapDispenserDroplet[0m } [36mfrom[0m [32m'./soap-dispenser-dr...[0m
  [90m1368 |[0m [36mexport[0m { [36mdefault[0m [36mas[0m [33mSofa[0m } [36mfrom[0m [32m'./sofa.mjs'[0m;



Import traces:
  Client Component Browser:
    ./.gemini/antigravity/scratch/teacher-tracking/node_modules/lucide-react/dist/esm/icons/index.mjs [Client Component Browser]
    ./.gemini/antigravity/scratch/teacher-tracking/node_modules/lucide-react/dist/esm/lucide-react.mjs [Client Component Browser]
    ./.gemini/antigravity/scratch/teacher-tracking/src/components/pages/DailyTasksPage.tsx [Client Component Browser]
    ./.gemini/antigravity/scratch/teacher-tracking/src/components/AppShell.tsx [Client Component Browser]
    ./.gemini/antigravity/scratch/teacher-tracking/src/app/page.tsx [Client Component Browser]
    ./.gemini/antigravity/scratch/teacher-tracking/src/app/page.tsx [Server Component]

  Client Component SSR:
    ./.gemini/antigravity/scratch/teacher-tracking/node_modules/lucide-react/dist/esm/icons/index.mjs [Client Component SSR]
    ./.gemini/antigravity/scratch/teacher-tracking/node_modules/lucide-react/dist/esm/lucide-react.mjs [Client Component SSR]
    ./.gemini/antigravity/scratch/teacher-tracking/src/components/pages/DailyTasksPage.tsx [Client Component SSR]
    ./.gemini/antigravity/scratch/teacher-tracking/src/components/AppShell.tsx [Client Component SSR]
    ./.gemini/antigravity/scratch/teacher-tracking/src/app/page.tsx [Client Component SSR]
    ./.gemini/antigravity/scratch/teacher-tracking/src/app/page.tsx [Server Component]

https://nextjs.org/docs/messages/module-not-found


./.gemini/antigravity/scratch/teacher-tracking/node_modules/lucide-react/dist/esm/icons/index.mjs:1366:1
Module not found: Can't resolve './snowflake.mjs'
  [90m1364 |[0m [36mexport[0m { [36mdefault[0m [36mas[0m [33mSmile[0m } [36mfrom[0m [32m'./smile.mjs'[0m;
  [90m1365 |[0m [36mexport[0m { [36mdefault[0m [36mas[0m [33mSnail[0m } [36mfrom[0m [32m'./snail.mjs'[0m;
[31m[1m>[0m [90m1366 |[0m [36mexport[0m { [36mdefault[0m [36mas[0m [33mSnowflake[0m } [36mfrom[0m [32m'./snowflake.mjs'[0m;
  [90m     |[0m [31m[1m^^^^^^^^^^^^^^^^^^^^^^^^^^^^^^^^^^^^^^^^^^^^^^^^^^^^^^^[0m
  [90m1367 |[0m [36mexport[0m { [36mdefault[0m [36mas[0m [33mSoapDispenserDroplet[0m } [36mfrom[0m [32m'./soap-dispenser-dr...[0m
  [90m1368 |[0m [36mexport[0m { [36mdefault[0m [36mas[0m [33mSofa[0m } [36mfrom[0m [32m'./sofa.mjs'[0m;
  [90m1369 |[0m [36mexport[0m { [36mdefault[0m [36mas[0m [33mSolarPanel[0m } [36mfrom[0m [32m'./solar-panel.mjs'[0m;



Import traces:
  Client Component Browser:
    ./.gemini/antigravity/scratch/teacher-tracking/node_modules/lucide-react/dist/esm/icons/index.mjs [Client Component Browser]
    ./.gemini/antigravity/scratch/teacher-tracking/node_modules/lucide-react/dist/esm/lucide-react.mjs [Client Component Browser]
    ./.gemini/antigravity/scratch/teacher-tracking/src/components/pages/DailyTasksPage.tsx [Client Component Browser]
    ./.gemini/antigravity/scratch/teacher-tracking/src/components/AppShell.tsx [Client Component Browser]
    ./.gemini/antigravity/scratch/teacher-tracking/src/app/page.tsx [Client Component Browser]
    ./.gemini/antigravity/scratch/teacher-tracking/src/app/page.tsx [Server Component]

  Client Component SSR:
    ./.gemini/antigravity/scratch/teacher-tracking/node_modules/lucide-react/dist/esm/icons/index.mjs [Client Component SSR]
    ./.gemini/antigravity/scratch/teacher-tracking/node_modules/lucide-react/dist/esm/lucide-react.mjs [Client Component SSR]
    ./.gemini/antigravity/scratch/teacher-tracking/src/components/pages/DailyTasksPage.tsx [Client Component SSR]
    ./.gemini/antigravity/scratch/teacher-tracking/src/components/AppShell.tsx [Client Component SSR]
    ./.gemini/antigravity/scratch/teacher-tracking/src/app/page.tsx [Client Component SSR]
    ./.gemini/antigravity/scratch/teacher-tracking/src/app/page.tsx [Server Component]

https://nextjs.org/docs/messages/module-not-found


./.gemini/antigravity/scratch/teacher-tracking/node_modules/lucide-react/dist/esm/icons/index.mjs:1367:1
Module not found: Can't resolve './soap-dispenser-droplet.mjs'
  [90m1365 |[0m ...{ [36mdefault[0m [36mas[0m [33mSnail[0m } [36mfrom[0m [32m'./snail.mjs'[0m;
  [90m1366 |[0m ...{ [36mdefault[0m [36mas[0m [33mSnowflake[0m } [36mfrom[0m [32m'./snowflake.mjs'[0m;
[31m[1m>[0m [90m1367 |[0m ...{ [36mdefault[0m [36mas[0m [33mSoapDispenserDroplet[0m } [36mfrom[0m [32m'./soap-dispenser-drople...[0m
  [90m     |[0m    [31m[1m^^^^^^^^^^^^^^^^^^^^^^^^^^^^^^^^^^^^^^^^^^^^^^^^^^^^^^^^^^^^^^^^^^^^[0m
  [90m1368 |[0m ...{ [36mdefault[0m [36mas[0m [33mSofa[0m } [36mfrom[0m [32m'./sofa.mjs'[0m;
  [90m1369 |[0m ...{ [36mdefault[0m [36mas[0m [33mSolarPanel[0m } [36mfrom[0m [32m'./solar-panel.mjs'[0m;
  [90m1370 |[0m ...{ [36mdefault[0m [36mas[0m [33mSoup[0m } [36mfrom[0m [32m'./soup.mjs'[0m;



Import traces:
  Client Component Browser:
    ./.gemini/antigravity/scratch/teacher-tracking/node_modules/lucide-react/dist/esm/icons/index.mjs [Client Component Browser]
    ./.gemini/antigravity/scratch/teacher-tracking/node_modules/lucide-react/dist/esm/lucide-react.mjs [Client Component Browser]
    ./.gemini/antigravity/scratch/teacher-tracking/src/components/pages/DailyTasksPage.tsx [Client Component Browser]
    ./.gemini/antigravity/scratch/teacher-tracking/src/components/AppShell.tsx [Client Component Browser]
    ./.gemini/antigravity/scratch/teacher-tracking/src/app/page.tsx [Client Component Browser]
    ./.gemini/antigravity/scratch/teacher-tracking/src/app/page.tsx [Server Component]

  Client Component SSR:
    ./.gemini/antigravity/scratch/teacher-tracking/node_modules/lucide-react/dist/esm/icons/index.mjs [Client Component SSR]
    ./.gemini/antigravity/scratch/teacher-tracking/node_modules/lucide-react/dist/esm/lucide-react.mjs [Client Component SSR]
    ./.gemini/antigravity/scratch/teacher-tracking/src/components/pages/DailyTasksPage.tsx [Client Component SSR]
    ./.gemini/antigravity/scratch/teacher-tracking/src/components/AppShell.tsx [Client Component SSR]
    ./.gemini/antigravity/scratch/teacher-tracking/src/app/page.tsx [Client Component SSR]
    ./.gemini/antigravity/scratch/teacher-tracking/src/app/page.tsx [Server Component]

https://nextjs.org/docs/messages/module-not-found


./.gemini/antigravity/scratch/teacher-tracking/node_modules/lucide-react/dist/esm/icons/index.mjs:1368:1
Module not found: Can't resolve './sofa.mjs'
  [90m1366 |[0m [36mexport[0m { [36mdefault[0m [36mas[0m [33mSnowflake[0m } [36mfrom[0m [32m'./snowflake.mjs'[0m;
  [90m1367 |[0m [36mexport[0m { [36mdefault[0m [36mas[0m [33mSoapDispenserDroplet[0m } [36mfrom[0m [32m'./soap-dispenser-dr...[0m
[31m[1m>[0m [90m1368 |[0m [36mexport[0m { [36mdefault[0m [36mas[0m [33mSofa[0m } [36mfrom[0m [32m'./sofa.mjs'[0m;
  [90m     |[0m [31m[1m^^^^^^^^^^^^^^^^^^^^^^^^^^^^^^^^^^^^^^^^^^^^^[0m
  [90m1369 |[0m [36mexport[0m { [36mdefault[0m [36mas[0m [33mSolarPanel[0m } [36mfrom[0m [32m'./solar-panel.mjs'[0m;
  [90m1370 |[0m [36mexport[0m { [36mdefault[0m [36mas[0m [33mSoup[0m } [36mfrom[0m [32m'./soup.mjs'[0m;
  [90m1371 |[0m [36mexport[0m { [36mdefault[0m [36mas[0m [33mSpace[0m } [36mfrom[0m [32m'./space.mjs'[0m;



Import traces:
  Client Component Browser:
    ./.gemini/antigravity/scratch/teacher-tracking/node_modules/lucide-react/dist/esm/icons/index.mjs [Client Component Browser]
    ./.gemini/antigravity/scratch/teacher-tracking/node_modules/lucide-react/dist/esm/lucide-react.mjs [Client Component Browser]
    ./.gemini/antigravity/scratch/teacher-tracking/src/components/pages/DailyTasksPage.tsx [Client Component Browser]
    ./.gemini/antigravity/scratch/teacher-tracking/src/components/AppShell.tsx [Client Component Browser]
    ./.gemini/antigravity/scratch/teacher-tracking/src/app/page.tsx [Client Component Browser]
    ./.gemini/antigravity/scratch/teacher-tracking/src/app/page.tsx [Server Component]

  Client Component SSR:
    ./.gemini/antigravity/scratch/teacher-tracking/node_modules/lucide-react/dist/esm/icons/index.mjs [Client Component SSR]
    ./.gemini/antigravity/scratch/teacher-tracking/node_modules/lucide-react/dist/esm/lucide-react.mjs [Client Component SSR]
    ./.gemini/antigravity/scratch/teacher-tracking/src/components/pages/DailyTasksPage.tsx [Client Component SSR]
    ./.gemini/antigravity/scratch/teacher-tracking/src/components/AppShell.tsx [Client Component SSR]
    ./.gemini/antigravity/scratch/teacher-tracking/src/app/page.tsx [Client Component SSR]
    ./.gemini/antigravity/scratch/teacher-tracking/src/app/page.tsx [Server Component]

https://nextjs.org/docs/messages/module-not-found


./.gemini/antigravity/scratch/teacher-tracking/node_modules/lucide-react/dist/esm/icons/index.mjs:1369:1
Module not found: Can't resolve './solar-panel.mjs'
  [90m1367 |[0m [36mexport[0m { [36mdefault[0m [36mas[0m [33mSoapDispenserDroplet[0m } [36mfrom[0m [32m'./soap-dispenser-dr...[0m
  [90m1368 |[0m [36mexport[0m { [36mdefault[0m [36mas[0m [33mSofa[0m } [36mfrom[0m [32m'./sofa.mjs'[0m;
[31m[1m>[0m [90m1369 |[0m [36mexport[0m { [36mdefault[0m [36mas[0m [33mSolarPanel[0m } [36mfrom[0m [32m'./solar-panel.mjs'[0m;
  [90m     |[0m [31m[1m^^^^^^^^^^^^^^^^^^^^^^^^^^^^^^^^^^^^^^^^^^^^^^^^^^^^^^^^^^[0m
  [90m1370 |[0m [36mexport[0m { [36mdefault[0m [36mas[0m [33mSoup[0m } [36mfrom[0m [32m'./soup.mjs'[0m;
  [90m1371 |[0m [36mexport[0m { [36mdefault[0m [36mas[0m [33mSpace[0m } [36mfrom[0m [32m'./space.mjs'[0m;
  [90m1372 |[0m [36mexport[0m { [36mdefault[0m [36mas[0m [33mSpade[0m } [36mfrom[0m [32m'./spade.mjs'[0m;



Import traces:
  Client Component Browser:
    ./.gemini/antigravity/scratch/teacher-tracking/node_modules/lucide-react/dist/esm/icons/index.mjs [Client Component Browser]
    ./.gemini/antigravity/scratch/teacher-tracking/node_modules/lucide-react/dist/esm/lucide-react.mjs [Client Component Browser]
    ./.gemini/antigravity/scratch/teacher-tracking/src/components/pages/DailyTasksPage.tsx [Client Component Browser]
    ./.gemini/antigravity/scratch/teacher-tracking/src/components/AppShell.tsx [Client Component Browser]
    ./.gemini/antigravity/scratch/teacher-tracking/src/app/page.tsx [Client Component Browser]
    ./.gemini/antigravity/scratch/teacher-tracking/src/app/page.tsx [Server Component]

  Client Component SSR:
    ./.gemini/antigravity/scratch/teacher-tracking/node_modules/lucide-react/dist/esm/icons/index.mjs [Client Component SSR]
    ./.gemini/antigravity/scratch/teacher-tracking/node_modules/lucide-react/dist/esm/lucide-react.mjs [Client Component SSR]
    ./.gemini/antigravity/scratch/teacher-tracking/src/components/pages/DailyTasksPage.tsx [Client Component SSR]
    ./.gemini/antigravity/scratch/teacher-tracking/src/components/AppShell.tsx [Client Component SSR]
    ./.gemini/antigravity/scratch/teacher-tracking/src/app/page.tsx [Client Component SSR]
    ./.gemini/antigravity/scratch/teacher-tracking/src/app/page.tsx [Server Component]

https://nextjs.org/docs/messages/module-not-found


./.gemini/antigravity/scratch/teacher-tracking/node_modules/lucide-react/dist/esm/icons/index.mjs:1370:1
Module not found: Can't resolve './soup.mjs'
  [90m1368 |[0m [36mexport[0m { [36mdefault[0m [36mas[0m [33mSofa[0m } [36mfrom[0m [32m'./sofa.mjs'[0m;
  [90m1369 |[0m [36mexport[0m { [36mdefault[0m [36mas[0m [33mSolarPanel[0m } [36mfrom[0m [32m'./solar-panel.mjs'[0m;
[31m[1m>[0m [90m1370 |[0m [36mexport[0m { [36mdefault[0m [36mas[0m [33mSoup[0m } [36mfrom[0m [32m'./soup.mjs'[0m;
  [90m     |[0m [31m[1m^^^^^^^^^^^^^^^^^^^^^^^^^^^^^^^^^^^^^^^^^^^^^[0m
  [90m1371 |[0m [36mexport[0m { [36mdefault[0m [36mas[0m [33mSpace[0m } [36mfrom[0m [32m'./space.mjs'[0m;
  [90m1372 |[0m [36mexport[0m { [36mdefault[0m [36mas[0m [33mSpade[0m } [36mfrom[0m [32m'./spade.mjs'[0m;
  [90m1373 |[0m [36mexport[0m { [36mdefault[0m [36mas[0m [33mSparkle[0m } [36mfrom[0m [32m'./sparkle.mjs'[0m;



Import traces:
  Client Component Browser:
    ./.gemini/antigravity/scratch/teacher-tracking/node_modules/lucide-react/dist/esm/icons/index.mjs [Client Component Browser]
    ./.gemini/antigravity/scratch/teacher-tracking/node_modules/lucide-react/dist/esm/lucide-react.mjs [Client Component Browser]
    ./.gemini/antigravity/scratch/teacher-tracking/src/components/pages/DailyTasksPage.tsx [Client Component Browser]
    ./.gemini/antigravity/scratch/teacher-tracking/src/components/AppShell.tsx [Client Component Browser]
    ./.gemini/antigravity/scratch/teacher-tracking/src/app/page.tsx [Client Component Browser]
    ./.gemini/antigravity/scratch/teacher-tracking/src/app/page.tsx [Server Component]

  Client Component SSR:
    ./.gemini/antigravity/scratch/teacher-tracking/node_modules/lucide-react/dist/esm/icons/index.mjs [Client Component SSR]
    ./.gemini/antigravity/scratch/teacher-tracking/node_modules/lucide-react/dist/esm/lucide-react.mjs [Client Component SSR]
    ./.gemini/antigravity/scratch/teacher-tracking/src/components/pages/DailyTasksPage.tsx [Client Component SSR]
    ./.gemini/antigravity/scratch/teacher-tracking/src/components/AppShell.tsx [Client Component SSR]
    ./.gemini/antigravity/scratch/teacher-tracking/src/app/page.tsx [Client Component SSR]
    ./.gemini/antigravity/scratch/teacher-tracking/src/app/page.tsx [Server Component]

https://nextjs.org/docs/messages/module-not-found


./.gemini/antigravity/scratch/teacher-tracking/node_modules/lucide-react/dist/esm/icons/index.mjs:1371:1
Module not found: Can't resolve './space.mjs'
  [90m1369 |[0m [36mexport[0m { [36mdefault[0m [36mas[0m [33mSolarPanel[0m } [36mfrom[0m [32m'./solar-panel.mjs'[0m;
  [90m1370 |[0m [36mexport[0m { [36mdefault[0m [36mas[0m [33mSoup[0m } [36mfrom[0m [32m'./soup.mjs'[0m;
[31m[1m>[0m [90m1371 |[0m [36mexport[0m { [36mdefault[0m [36mas[0m [33mSpace[0m } [36mfrom[0m [32m'./space.mjs'[0m;
  [90m     |[0m [31m[1m^^^^^^^^^^^^^^^^^^^^^^^^^^^^^^^^^^^^^^^^^^^^^^^[0m
  [90m1372 |[0m [36mexport[0m { [36mdefault[0m [36mas[0m [33mSpade[0m } [36mfrom[0m [32m'./spade.mjs'[0m;
  [90m1373 |[0m [36mexport[0m { [36mdefault[0m [36mas[0m [33mSparkle[0m } [36mfrom[0m [32m'./sparkle.mjs'[0m;
  [90m1374 |[0m [36mexport[0m { [36mdefault[0m [36mas[0m [33mSparkles[0m } [36mfrom[0m [32m'./sparkles.mjs'[0m;



Import traces:
  Client Component Browser:
    ./.gemini/antigravity/scratch/teacher-tracking/node_modules/lucide-react/dist/esm/icons/index.mjs [Client Component Browser]
    ./.gemini/antigravity/scratch/teacher-tracking/node_modules/lucide-react/dist/esm/lucide-react.mjs [Client Component Browser]
    ./.gemini/antigravity/scratch/teacher-tracking/src/components/pages/DailyTasksPage.tsx [Client Component Browser]
    ./.gemini/antigravity/scratch/teacher-tracking/src/components/AppShell.tsx [Client Component Browser]
    ./.gemini/antigravity/scratch/teacher-tracking/src/app/page.tsx [Client Component Browser]
    ./.gemini/antigravity/scratch/teacher-tracking/src/app/page.tsx [Server Component]

  Client Component SSR:
    ./.gemini/antigravity/scratch/teacher-tracking/node_modules/lucide-react/dist/esm/icons/index.mjs [Client Component SSR]
    ./.gemini/antigravity/scratch/teacher-tracking/node_modules/lucide-react/dist/esm/lucide-react.mjs [Client Component SSR]
    ./.gemini/antigravity/scratch/teacher-tracking/src/components/pages/DailyTasksPage.tsx [Client Component SSR]
    ./.gemini/antigravity/scratch/teacher-tracking/src/components/AppShell.tsx [Client Component SSR]
    ./.gemini/antigravity/scratch/teacher-tracking/src/app/page.tsx [Client Component SSR]
    ./.gemini/antigravity/scratch/teacher-tracking/src/app/page.tsx [Server Component]

https://nextjs.org/docs/messages/module-not-found


./.gemini/antigravity/scratch/teacher-tracking/node_modules/lucide-react/dist/esm/icons/index.mjs:1372:1
Module not found: Can't resolve './spade.mjs'
  [90m1370 |[0m [36mexport[0m { [36mdefault[0m [36mas[0m [33mSoup[0m } [36mfrom[0m [32m'./soup.mjs'[0m;
  [90m1371 |[0m [36mexport[0m { [36mdefault[0m [36mas[0m [33mSpace[0m } [36mfrom[0m [32m'./space.mjs'[0m;
[31m[1m>[0m [90m1372 |[0m [36mexport[0m { [36mdefault[0m [36mas[0m [33mSpade[0m } [36mfrom[0m [32m'./spade.mjs'[0m;
  [90m     |[0m [31m[1m^^^^^^^^^^^^^^^^^^^^^^^^^^^^^^^^^^^^^^^^^^^^^^^[0m
  [90m1373 |[0m [36mexport[0m { [36mdefault[0m [36mas[0m [33mSparkle[0m } [36mfrom[0m [32m'./sparkle.mjs'[0m;
  [90m1374 |[0m [36mexport[0m { [36mdefault[0m [36mas[0m [33mSparkles[0m } [36mfrom[0m [32m'./sparkles.mjs'[0m;
  [90m1375 |[0m [36mexport[0m { [36mdefault[0m [36mas[0m [33mSpeaker[0m } [36mfrom[0m [32m'./speaker.mjs'[0m;



Import traces:
  Client Component Browser:
    ./.gemini/antigravity/scratch/teacher-tracking/node_modules/lucide-react/dist/esm/icons/index.mjs [Client Component Browser]
    ./.gemini/antigravity/scratch/teacher-tracking/node_modules/lucide-react/dist/esm/lucide-react.mjs [Client Component Browser]
    ./.gemini/antigravity/scratch/teacher-tracking/src/components/pages/DailyTasksPage.tsx [Client Component Browser]
    ./.gemini/antigravity/scratch/teacher-tracking/src/components/AppShell.tsx [Client Component Browser]
    ./.gemini/antigravity/scratch/teacher-tracking/src/app/page.tsx [Client Component Browser]
    ./.gemini/antigravity/scratch/teacher-tracking/src/app/page.tsx [Server Component]

  Client Component SSR:
    ./.gemini/antigravity/scratch/teacher-tracking/node_modules/lucide-react/dist/esm/icons/index.mjs [Client Component SSR]
    ./.gemini/antigravity/scratch/teacher-tracking/node_modules/lucide-react/dist/esm/lucide-react.mjs [Client Component SSR]
    ./.gemini/antigravity/scratch/teacher-tracking/src/components/pages/DailyTasksPage.tsx [Client Component SSR]
    ./.gemini/antigravity/scratch/teacher-tracking/src/components/AppShell.tsx [Client Component SSR]
    ./.gemini/antigravity/scratch/teacher-tracking/src/app/page.tsx [Client Component SSR]
    ./.gemini/antigravity/scratch/teacher-tracking/src/app/page.tsx [Server Component]

https://nextjs.org/docs/messages/module-not-found


./.gemini/antigravity/scratch/teacher-tracking/node_modules/lucide-react/dist/esm/icons/index.mjs:1373:1
Module not found: Can't resolve './sparkle.mjs'
  [90m1371 |[0m [36mexport[0m { [36mdefault[0m [36mas[0m [33mSpace[0m } [36mfrom[0m [32m'./space.mjs'[0m;
  [90m1372 |[0m [36mexport[0m { [36mdefault[0m [36mas[0m [33mSpade[0m } [36mfrom[0m [32m'./spade.mjs'[0m;
[31m[1m>[0m [90m1373 |[0m [36mexport[0m { [36mdefault[0m [36mas[0m [33mSparkle[0m } [36mfrom[0m [32m'./sparkle.mjs'[0m;
  [90m     |[0m [31m[1m^^^^^^^^^^^^^^^^^^^^^^^^^^^^^^^^^^^^^^^^^^^^^^^^^^^[0m
  [90m1374 |[0m [36mexport[0m { [36mdefault[0m [36mas[0m [33mSparkles[0m } [36mfrom[0m [32m'./sparkles.mjs'[0m;
  [90m1375 |[0m [36mexport[0m { [36mdefault[0m [36mas[0m [33mSpeaker[0m } [36mfrom[0m [32m'./speaker.mjs'[0m;
  [90m1376 |[0m [36mexport[0m { [36mdefault[0m [36mas[0m [33mSpellCheck2[0m } [36mfrom[0m [32m'./spell-check-2.mjs'[0m;



Import traces:
  Client Component Browser:
    ./.gemini/antigravity/scratch/teacher-tracking/node_modules/lucide-react/dist/esm/icons/index.mjs [Client Component Browser]
    ./.gemini/antigravity/scratch/teacher-tracking/node_modules/lucide-react/dist/esm/lucide-react.mjs [Client Component Browser]
    ./.gemini/antigravity/scratch/teacher-tracking/src/components/pages/DailyTasksPage.tsx [Client Component Browser]
    ./.gemini/antigravity/scratch/teacher-tracking/src/components/AppShell.tsx [Client Component Browser]
    ./.gemini/antigravity/scratch/teacher-tracking/src/app/page.tsx [Client Component Browser]
    ./.gemini/antigravity/scratch/teacher-tracking/src/app/page.tsx [Server Component]

  Client Component SSR:
    ./.gemini/antigravity/scratch/teacher-tracking/node_modules/lucide-react/dist/esm/icons/index.mjs [Client Component SSR]
    ./.gemini/antigravity/scratch/teacher-tracking/node_modules/lucide-react/dist/esm/lucide-react.mjs [Client Component SSR]
    ./.gemini/antigravity/scratch/teacher-tracking/src/components/pages/DailyTasksPage.tsx [Client Component SSR]
    ./.gemini/antigravity/scratch/teacher-tracking/src/components/AppShell.tsx [Client Component SSR]
    ./.gemini/antigravity/scratch/teacher-tracking/src/app/page.tsx [Client Component SSR]
    ./.gemini/antigravity/scratch/teacher-tracking/src/app/page.tsx [Server Component]

https://nextjs.org/docs/messages/module-not-found


./.gemini/antigravity/scratch/teacher-tracking/node_modules/lucide-react/dist/esm/icons/index.mjs:1374:1
Module not found: Can't resolve './sparkles.mjs'
  [90m1372 |[0m [36mexport[0m { [36mdefault[0m [36mas[0m [33mSpade[0m } [36mfrom[0m [32m'./spade.mjs'[0m;
  [90m1373 |[0m [36mexport[0m { [36mdefault[0m [36mas[0m [33mSparkle[0m } [36mfrom[0m [32m'./sparkle.mjs'[0m;
[31m[1m>[0m [90m1374 |[0m [36mexport[0m { [36mdefault[0m [36mas[0m [33mSparkles[0m } [36mfrom[0m [32m'./sparkles.mjs'[0m;
  [90m     |[0m [31m[1m^^^^^^^^^^^^^^^^^^^^^^^^^^^^^^^^^^^^^^^^^^^^^^^^^^^^^[0m
  [90m1375 |[0m [36mexport[0m { [36mdefault[0m [36mas[0m [33mSpeaker[0m } [36mfrom[0m [32m'./speaker.mjs'[0m;
  [90m1376 |[0m [36mexport[0m { [36mdefault[0m [36mas[0m [33mSpellCheck2[0m } [36mfrom[0m [32m'./spell-check-2.mjs'[0m;
  [90m1377 |[0m [36mexport[0m { [36mdefault[0m [36mas[0m [33mSpeech[0m } [36mfrom[0m [32m'./speech.mjs'[0m;



Import traces:
  Client Component Browser:
    ./.gemini/antigravity/scratch/teacher-tracking/node_modules/lucide-react/dist/esm/icons/index.mjs [Client Component Browser]
    ./.gemini/antigravity/scratch/teacher-tracking/node_modules/lucide-react/dist/esm/lucide-react.mjs [Client Component Browser]
    ./.gemini/antigravity/scratch/teacher-tracking/src/components/pages/DailyTasksPage.tsx [Client Component Browser]
    ./.gemini/antigravity/scratch/teacher-tracking/src/components/AppShell.tsx [Client Component Browser]
    ./.gemini/antigravity/scratch/teacher-tracking/src/app/page.tsx [Client Component Browser]
    ./.gemini/antigravity/scratch/teacher-tracking/src/app/page.tsx [Server Component]

  Client Component SSR:
    ./.gemini/antigravity/scratch/teacher-tracking/node_modules/lucide-react/dist/esm/icons/index.mjs [Client Component SSR]
    ./.gemini/antigravity/scratch/teacher-tracking/node_modules/lucide-react/dist/esm/lucide-react.mjs [Client Component SSR]
    ./.gemini/antigravity/scratch/teacher-tracking/src/components/pages/DailyTasksPage.tsx [Client Component SSR]
    ./.gemini/antigravity/scratch/teacher-tracking/src/components/AppShell.tsx [Client Component SSR]
    ./.gemini/antigravity/scratch/teacher-tracking/src/app/page.tsx [Client Component SSR]
    ./.gemini/antigravity/scratch/teacher-tracking/src/app/page.tsx [Server Component]

https://nextjs.org/docs/messages/module-not-found


./.gemini/antigravity/scratch/teacher-tracking/node_modules/lucide-react/dist/esm/icons/index.mjs:1375:1
Module not found: Can't resolve './speaker.mjs'
  [90m1373 |[0m [36mexport[0m { [36mdefault[0m [36mas[0m [33mSparkle[0m } [36mfrom[0m [32m'./sparkle.mjs'[0m;
  [90m1374 |[0m [36mexport[0m { [36mdefault[0m [36mas[0m [33mSparkles[0m } [36mfrom[0m [32m'./sparkles.mjs'[0m;
[31m[1m>[0m [90m1375 |[0m [36mexport[0m { [36mdefault[0m [36mas[0m [33mSpeaker[0m } [36mfrom[0m [32m'./speaker.mjs'[0m;
  [90m     |[0m [31m[1m^^^^^^^^^^^^^^^^^^^^^^^^^^^^^^^^^^^^^^^^^^^^^^^^^^^[0m
  [90m1376 |[0m [36mexport[0m { [36mdefault[0m [36mas[0m [33mSpellCheck2[0m } [36mfrom[0m [32m'./spell-check-2.mjs'[0m;
  [90m1377 |[0m [36mexport[0m { [36mdefault[0m [36mas[0m [33mSpeech[0m } [36mfrom[0m [32m'./speech.mjs'[0m;
  [90m1378 |[0m [36mexport[0m { [36mdefault[0m [36mas[0m [33mSpellCheck[0m } [36mfrom[0m [32m'./spell-check.mjs'[0m;



Import traces:
  Client Component Browser:
    ./.gemini/antigravity/scratch/teacher-tracking/node_modules/lucide-react/dist/esm/icons/index.mjs [Client Component Browser]
    ./.gemini/antigravity/scratch/teacher-tracking/node_modules/lucide-react/dist/esm/lucide-react.mjs [Client Component Browser]
    ./.gemini/antigravity/scratch/teacher-tracking/src/components/pages/DailyTasksPage.tsx [Client Component Browser]
    ./.gemini/antigravity/scratch/teacher-tracking/src/components/AppShell.tsx [Client Component Browser]
    ./.gemini/antigravity/scratch/teacher-tracking/src/app/page.tsx [Client Component Browser]
    ./.gemini/antigravity/scratch/teacher-tracking/src/app/page.tsx [Server Component]

  Client Component SSR:
    ./.gemini/antigravity/scratch/teacher-tracking/node_modules/lucide-react/dist/esm/icons/index.mjs [Client Component SSR]
    ./.gemini/antigravity/scratch/teacher-tracking/node_modules/lucide-react/dist/esm/lucide-react.mjs [Client Component SSR]
    ./.gemini/antigravity/scratch/teacher-tracking/src/components/pages/DailyTasksPage.tsx [Client Component SSR]
    ./.gemini/antigravity/scratch/teacher-tracking/src/components/AppShell.tsx [Client Component SSR]
    ./.gemini/antigravity/scratch/teacher-tracking/src/app/page.tsx [Client Component SSR]
    ./.gemini/antigravity/scratch/teacher-tracking/src/app/page.tsx [Server Component]

https://nextjs.org/docs/messages/module-not-found


./.gemini/antigravity/scratch/teacher-tracking/node_modules/lucide-react/dist/esm/icons/index.mjs:1377:1
Module not found: Can't resolve './speech.mjs'
  [90m1375 |[0m [36mexport[0m { [36mdefault[0m [36mas[0m [33mSpeaker[0m } [36mfrom[0m [32m'./speaker.mjs'[0m;
  [90m1376 |[0m [36mexport[0m { [36mdefault[0m [36mas[0m [33mSpellCheck2[0m } [36mfrom[0m [32m'./spell-check-2.mjs'[0m;
[31m[1m>[0m [90m1377 |[0m [36mexport[0m { [36mdefault[0m [36mas[0m [33mSpeech[0m } [36mfrom[0m [32m'./speech.mjs'[0m;
  [90m     |[0m [31m[1m^^^^^^^^^^^^^^^^^^^^^^^^^^^^^^^^^^^^^^^^^^^^^^^^^[0m
  [90m1378 |[0m [36mexport[0m { [36mdefault[0m [36mas[0m [33mSpellCheck[0m } [36mfrom[0m [32m'./spell-check.mjs'[0m;
  [90m1379 |[0m [36mexport[0m { [36mdefault[0m [36mas[0m [33mSplinePointer[0m } [36mfrom[0m [32m'./spline-pointer.mjs'[0m;
  [90m1380 |[0m [36mexport[0m { [36mdefault[0m [36mas[0m [33mSpline[0m } [36mfrom[0m [32m'./spline.mjs'[0m;



Import traces:
  Client Component Browser:
    ./.gemini/antigravity/scratch/teacher-tracking/node_modules/lucide-react/dist/esm/icons/index.mjs [Client Component Browser]
    ./.gemini/antigravity/scratch/teacher-tracking/node_modules/lucide-react/dist/esm/lucide-react.mjs [Client Component Browser]
    ./.gemini/antigravity/scratch/teacher-tracking/src/components/pages/DailyTasksPage.tsx [Client Component Browser]
    ./.gemini/antigravity/scratch/teacher-tracking/src/components/AppShell.tsx [Client Component Browser]
    ./.gemini/antigravity/scratch/teacher-tracking/src/app/page.tsx [Client Component Browser]
    ./.gemini/antigravity/scratch/teacher-tracking/src/app/page.tsx [Server Component]

  Client Component SSR:
    ./.gemini/antigravity/scratch/teacher-tracking/node_modules/lucide-react/dist/esm/icons/index.mjs [Client Component SSR]
    ./.gemini/antigravity/scratch/teacher-tracking/node_modules/lucide-react/dist/esm/lucide-react.mjs [Client Component SSR]
    ./.gemini/antigravity/scratch/teacher-tracking/src/components/pages/DailyTasksPage.tsx [Client Component SSR]
    ./.gemini/antigravity/scratch/teacher-tracking/src/components/AppShell.tsx [Client Component SSR]
    ./.gemini/antigravity/scratch/teacher-tracking/src/app/page.tsx [Client Component SSR]
    ./.gemini/antigravity/scratch/teacher-tracking/src/app/page.tsx [Server Component]

https://nextjs.org/docs/messages/module-not-found


./.gemini/antigravity/scratch/teacher-tracking/node_modules/lucide-react/dist/esm/icons/index.mjs:1376:1
Module not found: Can't resolve './spell-check-2.mjs'
  [90m1374 |[0m [36mexport[0m { [36mdefault[0m [36mas[0m [33mSparkles[0m } [36mfrom[0m [32m'./sparkles.mjs'[0m;
  [90m1375 |[0m [36mexport[0m { [36mdefault[0m [36mas[0m [33mSpeaker[0m } [36mfrom[0m [32m'./speaker.mjs'[0m;
[31m[1m>[0m [90m1376 |[0m [36mexport[0m { [36mdefault[0m [36mas[0m [33mSpellCheck2[0m } [36mfrom[0m [32m'./spell-check-2.mjs'[0m;
  [90m     |[0m [31m[1m^^^^^^^^^^^^^^^^^^^^^^^^^^^^^^^^^^^^^^^^^^^^^^^^^^^^^^^^^^^^^[0m
  [90m1377 |[0m [36mexport[0m { [36mdefault[0m [36mas[0m [33mSpeech[0m } [36mfrom[0m [32m'./speech.mjs'[0m;
  [90m1378 |[0m [36mexport[0m { [36mdefault[0m [36mas[0m [33mSpellCheck[0m } [36mfrom[0m [32m'./spell-check.mjs'[0m;
  [90m1379 |[0m [36mexport[0m { [36mdefault[0m [36mas[0m [33mSplinePointer[0m } [36mfrom[0m [32m'./spline-pointer.mjs'[0m;



Import traces:
  Client Component Browser:
    ./.gemini/antigravity/scratch/teacher-tracking/node_modules/lucide-react/dist/esm/icons/index.mjs [Client Component Browser]
    ./.gemini/antigravity/scratch/teacher-tracking/node_modules/lucide-react/dist/esm/lucide-react.mjs [Client Component Browser]
    ./.gemini/antigravity/scratch/teacher-tracking/src/components/pages/DailyTasksPage.tsx [Client Component Browser]
    ./.gemini/antigravity/scratch/teacher-tracking/src/components/AppShell.tsx [Client Component Browser]
    ./.gemini/antigravity/scratch/teacher-tracking/src/app/page.tsx [Client Component Browser]
    ./.gemini/antigravity/scratch/teacher-tracking/src/app/page.tsx [Server Component]

  Client Component SSR:
    ./.gemini/antigravity/scratch/teacher-tracking/node_modules/lucide-react/dist/esm/icons/index.mjs [Client Component SSR]
    ./.gemini/antigravity/scratch/teacher-tracking/node_modules/lucide-react/dist/esm/lucide-react.mjs [Client Component SSR]
    ./.gemini/antigravity/scratch/teacher-tracking/src/components/pages/DailyTasksPage.tsx [Client Component SSR]
    ./.gemini/antigravity/scratch/teacher-tracking/src/components/AppShell.tsx [Client Component SSR]
    ./.gemini/antigravity/scratch/teacher-tracking/src/app/page.tsx [Client Component SSR]
    ./.gemini/antigravity/scratch/teacher-tracking/src/app/page.tsx [Server Component]

https://nextjs.org/docs/messages/module-not-found


./.gemini/antigravity/scratch/teacher-tracking/node_modules/lucide-react/dist/esm/icons/index.mjs:1378:1
Module not found: Can't resolve './spell-check.mjs'
  [90m1376 |[0m [36mexport[0m { [36mdefault[0m [36mas[0m [33mSpellCheck2[0m } [36mfrom[0m [32m'./spell-check-2.mjs'[0m;
  [90m1377 |[0m [36mexport[0m { [36mdefault[0m [36mas[0m [33mSpeech[0m } [36mfrom[0m [32m'./speech.mjs'[0m;
[31m[1m>[0m [90m1378 |[0m [36mexport[0m { [36mdefault[0m [36mas[0m [33mSpellCheck[0m } [36mfrom[0m [32m'./spell-check.mjs'[0m;
  [90m     |[0m [31m[1m^^^^^^^^^^^^^^^^^^^^^^^^^^^^^^^^^^^^^^^^^^^^^^^^^^^^^^^^^^[0m
  [90m1379 |[0m [36mexport[0m { [36mdefault[0m [36mas[0m [33mSplinePointer[0m } [36mfrom[0m [32m'./spline-pointer.mjs'[0m;
  [90m1380 |[0m [36mexport[0m { [36mdefault[0m [36mas[0m [33mSpline[0m } [36mfrom[0m [32m'./spline.mjs'[0m;
  [90m1381 |[0m [36mexport[0m { [36mdefault[0m [36mas[0m [33mSplit[0m } [36mfrom[0m [32m'./split.mjs'[0m;



Import traces:
  Client Component Browser:
    ./.gemini/antigravity/scratch/teacher-tracking/node_modules/lucide-react/dist/esm/icons/index.mjs [Client Component Browser]
    ./.gemini/antigravity/scratch/teacher-tracking/node_modules/lucide-react/dist/esm/lucide-react.mjs [Client Component Browser]
    ./.gemini/antigravity/scratch/teacher-tracking/src/components/pages/DailyTasksPage.tsx [Client Component Browser]
    ./.gemini/antigravity/scratch/teacher-tracking/src/components/AppShell.tsx [Client Component Browser]
    ./.gemini/antigravity/scratch/teacher-tracking/src/app/page.tsx [Client Component Browser]
    ./.gemini/antigravity/scratch/teacher-tracking/src/app/page.tsx [Server Component]

  Client Component SSR:
    ./.gemini/antigravity/scratch/teacher-tracking/node_modules/lucide-react/dist/esm/icons/index.mjs [Client Component SSR]
    ./.gemini/antigravity/scratch/teacher-tracking/node_modules/lucide-react/dist/esm/lucide-react.mjs [Client Component SSR]
    ./.gemini/antigravity/scratch/teacher-tracking/src/components/pages/DailyTasksPage.tsx [Client Component SSR]
    ./.gemini/antigravity/scratch/teacher-tracking/src/components/AppShell.tsx [Client Component SSR]
    ./.gemini/antigravity/scratch/teacher-tracking/src/app/page.tsx [Client Component SSR]
    ./.gemini/antigravity/scratch/teacher-tracking/src/app/page.tsx [Server Component]

https://nextjs.org/docs/messages/module-not-found


./.gemini/antigravity/scratch/teacher-tracking/node_modules/lucide-react/dist/esm/icons/index.mjs:1379:1
Module not found: Can't resolve './spline-pointer.mjs'
  [90m1377 |[0m [36mexport[0m { [36mdefault[0m [36mas[0m [33mSpeech[0m } [36mfrom[0m [32m'./speech.mjs'[0m;
  [90m1378 |[0m [36mexport[0m { [36mdefault[0m [36mas[0m [33mSpellCheck[0m } [36mfrom[0m [32m'./spell-check.mjs'[0m;
[31m[1m>[0m [90m1379 |[0m [36mexport[0m { [36mdefault[0m [36mas[0m [33mSplinePointer[0m } [36mfrom[0m [32m'./spline-pointer.mjs'[0m;
  [90m     |[0m [31m[1m^^^^^^^^^^^^^^^^^^^^^^^^^^^^^^^^^^^^^^^^^^^^^^^^^^^^^^^^^^^^^^^^[0m
  [90m1380 |[0m [36mexport[0m { [36mdefault[0m [36mas[0m [33mSpline[0m } [36mfrom[0m [32m'./spline.mjs'[0m;
  [90m1381 |[0m [36mexport[0m { [36mdefault[0m [36mas[0m [33mSplit[0m } [36mfrom[0m [32m'./split.mjs'[0m;
  [90m1382 |[0m [36mexport[0m { [36mdefault[0m [36mas[0m [33mSpool[0m } [36mfrom[0m [32m'./spool.mjs'[0m;



Import traces:
  Client Component Browser:
    ./.gemini/antigravity/scratch/teacher-tracking/node_modules/lucide-react/dist/esm/icons/index.mjs [Client Component Browser]
    ./.gemini/antigravity/scratch/teacher-tracking/node_modules/lucide-react/dist/esm/lucide-react.mjs [Client Component Browser]
    ./.gemini/antigravity/scratch/teacher-tracking/src/components/pages/DailyTasksPage.tsx [Client Component Browser]
    ./.gemini/antigravity/scratch/teacher-tracking/src/components/AppShell.tsx [Client Component Browser]
    ./.gemini/antigravity/scratch/teacher-tracking/src/app/page.tsx [Client Component Browser]
    ./.gemini/antigravity/scratch/teacher-tracking/src/app/page.tsx [Server Component]

  Client Component SSR:
    ./.gemini/antigravity/scratch/teacher-tracking/node_modules/lucide-react/dist/esm/icons/index.mjs [Client Component SSR]
    ./.gemini/antigravity/scratch/teacher-tracking/node_modules/lucide-react/dist/esm/lucide-react.mjs [Client Component SSR]
    ./.gemini/antigravity/scratch/teacher-tracking/src/components/pages/DailyTasksPage.tsx [Client Component SSR]
    ./.gemini/antigravity/scratch/teacher-tracking/src/components/AppShell.tsx [Client Component SSR]
    ./.gemini/antigravity/scratch/teacher-tracking/src/app/page.tsx [Client Component SSR]
    ./.gemini/antigravity/scratch/teacher-tracking/src/app/page.tsx [Server Component]

https://nextjs.org/docs/messages/module-not-found


./.gemini/antigravity/scratch/teacher-tracking/node_modules/lucide-react/dist/esm/icons/index.mjs:1380:1
Module not found: Can't resolve './spline.mjs'
  [90m1378 |[0m [36mexport[0m { [36mdefault[0m [36mas[0m [33mSpellCheck[0m } [36mfrom[0m [32m'./spell-check.mjs'[0m;
  [90m1379 |[0m [36mexport[0m { [36mdefault[0m [36mas[0m [33mSplinePointer[0m } [36mfrom[0m [32m'./spline-pointer.mjs'[0m;
[31m[1m>[0m [90m1380 |[0m [36mexport[0m { [36mdefault[0m [36mas[0m [33mSpline[0m } [36mfrom[0m [32m'./spline.mjs'[0m;
  [90m     |[0m [31m[1m^^^^^^^^^^^^^^^^^^^^^^^^^^^^^^^^^^^^^^^^^^^^^^^^^[0m
  [90m1381 |[0m [36mexport[0m { [36mdefault[0m [36mas[0m [33mSplit[0m } [36mfrom[0m [32m'./split.mjs'[0m;
  [90m1382 |[0m [36mexport[0m { [36mdefault[0m [36mas[0m [33mSpool[0m } [36mfrom[0m [32m'./spool.mjs'[0m;
  [90m1383 |[0m [36mexport[0m { [36mdefault[0m [36mas[0m [33mSportShoe[0m } [36mfrom[0m [32m'./sport-shoe.mjs'[0m;



Import traces:
  Client Component Browser:
    ./.gemini/antigravity/scratch/teacher-tracking/node_modules/lucide-react/dist/esm/icons/index.mjs [Client Component Browser]
    ./.gemini/antigravity/scratch/teacher-tracking/node_modules/lucide-react/dist/esm/lucide-react.mjs [Client Component Browser]
    ./.gemini/antigravity/scratch/teacher-tracking/src/components/pages/DailyTasksPage.tsx [Client Component Browser]
    ./.gemini/antigravity/scratch/teacher-tracking/src/components/AppShell.tsx [Client Component Browser]
    ./.gemini/antigravity/scratch/teacher-tracking/src/app/page.tsx [Client Component Browser]
    ./.gemini/antigravity/scratch/teacher-tracking/src/app/page.tsx [Server Component]

  Client Component SSR:
    ./.gemini/antigravity/scratch/teacher-tracking/node_modules/lucide-react/dist/esm/icons/index.mjs [Client Component SSR]
    ./.gemini/antigravity/scratch/teacher-tracking/node_modules/lucide-react/dist/esm/lucide-react.mjs [Client Component SSR]
    ./.gemini/antigravity/scratch/teacher-tracking/src/components/pages/DailyTasksPage.tsx [Client Component SSR]
    ./.gemini/antigravity/scratch/teacher-tracking/src/components/AppShell.tsx [Client Component SSR]
    ./.gemini/antigravity/scratch/teacher-tracking/src/app/page.tsx [Client Component SSR]
    ./.gemini/antigravity/scratch/teacher-tracking/src/app/page.tsx [Server Component]

https://nextjs.org/docs/messages/module-not-found


./.gemini/antigravity/scratch/teacher-tracking/node_modules/lucide-react/dist/esm/icons/index.mjs:1381:1
Module not found: Can't resolve './split.mjs'
  [90m1379 |[0m [36mexport[0m { [36mdefault[0m [36mas[0m [33mSplinePointer[0m } [36mfrom[0m [32m'./spline-pointer.mjs'[0m;
  [90m1380 |[0m [36mexport[0m { [36mdefault[0m [36mas[0m [33mSpline[0m } [36mfrom[0m [32m'./spline.mjs'[0m;
[31m[1m>[0m [90m1381 |[0m [36mexport[0m { [36mdefault[0m [36mas[0m [33mSplit[0m } [36mfrom[0m [32m'./split.mjs'[0m;
  [90m     |[0m [31m[1m^^^^^^^^^^^^^^^^^^^^^^^^^^^^^^^^^^^^^^^^^^^^^^^[0m
  [90m1382 |[0m [36mexport[0m { [36mdefault[0m [36mas[0m [33mSpool[0m } [36mfrom[0m [32m'./spool.mjs'[0m;
  [90m1383 |[0m [36mexport[0m { [36mdefault[0m [36mas[0m [33mSportShoe[0m } [36mfrom[0m [32m'./sport-shoe.mjs'[0m;
  [90m1384 |[0m [36mexport[0m { [36mdefault[0m [36mas[0m [33mSprayCan[0m } [36mfrom[0m [32m'./spray-can.mjs'[0m;



Import traces:
  Client Component Browser:
    ./.gemini/antigravity/scratch/teacher-tracking/node_modules/lucide-react/dist/esm/icons/index.mjs [Client Component Browser]
    ./.gemini/antigravity/scratch/teacher-tracking/node_modules/lucide-react/dist/esm/lucide-react.mjs [Client Component Browser]
    ./.gemini/antigravity/scratch/teacher-tracking/src/components/pages/DailyTasksPage.tsx [Client Component Browser]
    ./.gemini/antigravity/scratch/teacher-tracking/src/components/AppShell.tsx [Client Component Browser]
    ./.gemini/antigravity/scratch/teacher-tracking/src/app/page.tsx [Client Component Browser]
    ./.gemini/antigravity/scratch/teacher-tracking/src/app/page.tsx [Server Component]

  Client Component SSR:
    ./.gemini/antigravity/scratch/teacher-tracking/node_modules/lucide-react/dist/esm/icons/index.mjs [Client Component SSR]
    ./.gemini/antigravity/scratch/teacher-tracking/node_modules/lucide-react/dist/esm/lucide-react.mjs [Client Component SSR]
    ./.gemini/antigravity/scratch/teacher-tracking/src/components/pages/DailyTasksPage.tsx [Client Component SSR]
    ./.gemini/antigravity/scratch/teacher-tracking/src/components/AppShell.tsx [Client Component SSR]
    ./.gemini/antigravity/scratch/teacher-tracking/src/app/page.tsx [Client Component SSR]
    ./.gemini/antigravity/scratch/teacher-tracking/src/app/page.tsx [Server Component]

https://nextjs.org/docs/messages/module-not-found


./.gemini/antigravity/scratch/teacher-tracking/node_modules/lucide-react/dist/esm/icons/index.mjs:1382:1
Module not found: Can't resolve './spool.mjs'
  [90m1380 |[0m [36mexport[0m { [36mdefault[0m [36mas[0m [33mSpline[0m } [36mfrom[0m [32m'./spline.mjs'[0m;
  [90m1381 |[0m [36mexport[0m { [36mdefault[0m [36mas[0m [33mSplit[0m } [36mfrom[0m [32m'./split.mjs'[0m;
[31m[1m>[0m [90m1382 |[0m [36mexport[0m { [36mdefault[0m [36mas[0m [33mSpool[0m } [36mfrom[0m [32m'./spool.mjs'[0m;
  [90m     |[0m [31m[1m^^^^^^^^^^^^^^^^^^^^^^^^^^^^^^^^^^^^^^^^^^^^^^^[0m
  [90m1383 |[0m [36mexport[0m { [36mdefault[0m [36mas[0m [33mSportShoe[0m } [36mfrom[0m [32m'./sport-shoe.mjs'[0m;
  [90m1384 |[0m [36mexport[0m { [36mdefault[0m [36mas[0m [33mSprayCan[0m } [36mfrom[0m [32m'./spray-can.mjs'[0m;
  [90m1385 |[0m [36mexport[0m { [36mdefault[0m [36mas[0m [33mSpotlight[0m } [36mfrom[0m [32m'./spotlight.mjs'[0m;



Import traces:
  Client Component Browser:
    ./.gemini/antigravity/scratch/teacher-tracking/node_modules/lucide-react/dist/esm/icons/index.mjs [Client Component Browser]
    ./.gemini/antigravity/scratch/teacher-tracking/node_modules/lucide-react/dist/esm/lucide-react.mjs [Client Component Browser]
    ./.gemini/antigravity/scratch/teacher-tracking/src/components/pages/DailyTasksPage.tsx [Client Component Browser]
    ./.gemini/antigravity/scratch/teacher-tracking/src/components/AppShell.tsx [Client Component Browser]
    ./.gemini/antigravity/scratch/teacher-tracking/src/app/page.tsx [Client Component Browser]
    ./.gemini/antigravity/scratch/teacher-tracking/src/app/page.tsx [Server Component]

  Client Component SSR:
    ./.gemini/antigravity/scratch/teacher-tracking/node_modules/lucide-react/dist/esm/icons/index.mjs [Client Component SSR]
    ./.gemini/antigravity/scratch/teacher-tracking/node_modules/lucide-react/dist/esm/lucide-react.mjs [Client Component SSR]
    ./.gemini/antigravity/scratch/teacher-tracking/src/components/pages/DailyTasksPage.tsx [Client Component SSR]
    ./.gemini/antigravity/scratch/teacher-tracking/src/components/AppShell.tsx [Client Component SSR]
    ./.gemini/antigravity/scratch/teacher-tracking/src/app/page.tsx [Client Component SSR]
    ./.gemini/antigravity/scratch/teacher-tracking/src/app/page.tsx [Server Component]

https://nextjs.org/docs/messages/module-not-found


./.gemini/antigravity/scratch/teacher-tracking/node_modules/lucide-react/dist/esm/icons/index.mjs:1383:1
Module not found: Can't resolve './sport-shoe.mjs'
  [90m1381 |[0m [36mexport[0m { [36mdefault[0m [36mas[0m [33mSplit[0m } [36mfrom[0m [32m'./split.mjs'[0m;
  [90m1382 |[0m [36mexport[0m { [36mdefault[0m [36mas[0m [33mSpool[0m } [36mfrom[0m [32m'./spool.mjs'[0m;
[31m[1m>[0m [90m1383 |[0m [36mexport[0m { [36mdefault[0m [36mas[0m [33mSportShoe[0m } [36mfrom[0m [32m'./sport-shoe.mjs'[0m;
  [90m     |[0m [31m[1m^^^^^^^^^^^^^^^^^^^^^^^^^^^^^^^^^^^^^^^^^^^^^^^^^^^^^^^^[0m
  [90m1384 |[0m [36mexport[0m { [36mdefault[0m [36mas[0m [33mSprayCan[0m } [36mfrom[0m [32m'./spray-can.mjs'[0m;
  [90m1385 |[0m [36mexport[0m { [36mdefault[0m [36mas[0m [33mSpotlight[0m } [36mfrom[0m [32m'./spotlight.mjs'[0m;
  [90m1386 |[0m [36mexport[0m { [36mdefault[0m [36mas[0m [33mSprout[0m } [36mfrom[0m [32m'./sprout.mjs'[0m;



Import traces:
  Client Component Browser:
    ./.gemini/antigravity/scratch/teacher-tracking/node_modules/lucide-react/dist/esm/icons/index.mjs [Client Component Browser]
    ./.gemini/antigravity/scratch/teacher-tracking/node_modules/lucide-react/dist/esm/lucide-react.mjs [Client Component Browser]
    ./.gemini/antigravity/scratch/teacher-tracking/src/components/pages/DailyTasksPage.tsx [Client Component Browser]
    ./.gemini/antigravity/scratch/teacher-tracking/src/components/AppShell.tsx [Client Component Browser]
    ./.gemini/antigravity/scratch/teacher-tracking/src/app/page.tsx [Client Component Browser]
    ./.gemini/antigravity/scratch/teacher-tracking/src/app/page.tsx [Server Component]

  Client Component SSR:
    ./.gemini/antigravity/scratch/teacher-tracking/node_modules/lucide-react/dist/esm/icons/index.mjs [Client Component SSR]
    ./.gemini/antigravity/scratch/teacher-tracking/node_modules/lucide-react/dist/esm/lucide-react.mjs [Client Component SSR]
    ./.gemini/antigravity/scratch/teacher-tracking/src/components/pages/DailyTasksPage.tsx [Client Component SSR]
    ./.gemini/antigravity/scratch/teacher-tracking/src/components/AppShell.tsx [Client Component SSR]
    ./.gemini/antigravity/scratch/teacher-tracking/src/app/page.tsx [Client Component SSR]
    ./.gemini/antigravity/scratch/teacher-tracking/src/app/page.tsx [Server Component]

https://nextjs.org/docs/messages/module-not-found


./.gemini/antigravity/scratch/teacher-tracking/node_modules/lucide-react/dist/esm/icons/index.mjs:1385:1
Module not found: Can't resolve './spotlight.mjs'
  [90m1383 |[0m [36mexport[0m { [36mdefault[0m [36mas[0m [33mSportShoe[0m } [36mfrom[0m [32m'./sport-shoe.mjs'[0m;
  [90m1384 |[0m [36mexport[0m { [36mdefault[0m [36mas[0m [33mSprayCan[0m } [36mfrom[0m [32m'./spray-can.mjs'[0m;
[31m[1m>[0m [90m1385 |[0m [36mexport[0m { [36mdefault[0m [36mas[0m [33mSpotlight[0m } [36mfrom[0m [32m'./spotlight.mjs'[0m;
  [90m     |[0m [31m[1m^^^^^^^^^^^^^^^^^^^^^^^^^^^^^^^^^^^^^^^^^^^^^^^^^^^^^^^[0m
  [90m1386 |[0m [36mexport[0m { [36mdefault[0m [36mas[0m [33mSprout[0m } [36mfrom[0m [32m'./sprout.mjs'[0m;
  [90m1387 |[0m [36mexport[0m { [36mdefault[0m [36mas[0m [33mSquareActivity[0m } [36mfrom[0m [32m'./square-activity.mjs'[0m;
  [90m1388 |[0m [36mexport[0m { [36mdefault[0m [36mas[0m [33mSquareArrowDownLeft[0m } [36mfrom[0m [32m'./square-arrow-down-...[0m



Import traces:
  Client Component Browser:
    ./.gemini/antigravity/scratch/teacher-tracking/node_modules/lucide-react/dist/esm/icons/index.mjs [Client Component Browser]
    ./.gemini/antigravity/scratch/teacher-tracking/node_modules/lucide-react/dist/esm/lucide-react.mjs [Client Component Browser]
    ./.gemini/antigravity/scratch/teacher-tracking/src/components/pages/DailyTasksPage.tsx [Client Component Browser]
    ./.gemini/antigravity/scratch/teacher-tracking/src/components/AppShell.tsx [Client Component Browser]
    ./.gemini/antigravity/scratch/teacher-tracking/src/app/page.tsx [Client Component Browser]
    ./.gemini/antigravity/scratch/teacher-tracking/src/app/page.tsx [Server Component]

  Client Component SSR:
    ./.gemini/antigravity/scratch/teacher-tracking/node_modules/lucide-react/dist/esm/icons/index.mjs [Client Component SSR]
    ./.gemini/antigravity/scratch/teacher-tracking/node_modules/lucide-react/dist/esm/lucide-react.mjs [Client Component SSR]
    ./.gemini/antigravity/scratch/teacher-tracking/src/components/pages/DailyTasksPage.tsx [Client Component SSR]
    ./.gemini/antigravity/scratch/teacher-tracking/src/components/AppShell.tsx [Client Component SSR]
    ./.gemini/antigravity/scratch/teacher-tracking/src/app/page.tsx [Client Component SSR]
    ./.gemini/antigravity/scratch/teacher-tracking/src/app/page.tsx [Server Component]

https://nextjs.org/docs/messages/module-not-found


./.gemini/antigravity/scratch/teacher-tracking/node_modules/lucide-react/dist/esm/icons/index.mjs:1384:1
Module not found: Can't resolve './spray-can.mjs'
  [90m1382 |[0m [36mexport[0m { [36mdefault[0m [36mas[0m [33mSpool[0m } [36mfrom[0m [32m'./spool.mjs'[0m;
  [90m1383 |[0m [36mexport[0m { [36mdefault[0m [36mas[0m [33mSportShoe[0m } [36mfrom[0m [32m'./sport-shoe.mjs'[0m;
[31m[1m>[0m [90m1384 |[0m [36mexport[0m { [36mdefault[0m [36mas[0m [33mSprayCan[0m } [36mfrom[0m [32m'./spray-can.mjs'[0m;
  [90m     |[0m [31m[1m^^^^^^^^^^^^^^^^^^^^^^^^^^^^^^^^^^^^^^^^^^^^^^^^^^^^^^[0m
  [90m1385 |[0m [36mexport[0m { [36mdefault[0m [36mas[0m [33mSpotlight[0m } [36mfrom[0m [32m'./spotlight.mjs'[0m;
  [90m1386 |[0m [36mexport[0m { [36mdefault[0m [36mas[0m [33mSprout[0m } [36mfrom[0m [32m'./sprout.mjs'[0m;
  [90m1387 |[0m [36mexport[0m { [36mdefault[0m [36mas[0m [33mSquareActivity[0m } [36mfrom[0m [32m'./square-activity.mjs'[0m;



Import traces:
  Client Component Browser:
    ./.gemini/antigravity/scratch/teacher-tracking/node_modules/lucide-react/dist/esm/icons/index.mjs [Client Component Browser]
    ./.gemini/antigravity/scratch/teacher-tracking/node_modules/lucide-react/dist/esm/lucide-react.mjs [Client Component Browser]
    ./.gemini/antigravity/scratch/teacher-tracking/src/components/pages/DailyTasksPage.tsx [Client Component Browser]
    ./.gemini/antigravity/scratch/teacher-tracking/src/components/AppShell.tsx [Client Component Browser]
    ./.gemini/antigravity/scratch/teacher-tracking/src/app/page.tsx [Client Component Browser]
    ./.gemini/antigravity/scratch/teacher-tracking/src/app/page.tsx [Server Component]

  Client Component SSR:
    ./.gemini/antigravity/scratch/teacher-tracking/node_modules/lucide-react/dist/esm/icons/index.mjs [Client Component SSR]
    ./.gemini/antigravity/scratch/teacher-tracking/node_modules/lucide-react/dist/esm/lucide-react.mjs [Client Component SSR]
    ./.gemini/antigravity/scratch/teacher-tracking/src/components/pages/DailyTasksPage.tsx [Client Component SSR]
    ./.gemini/antigravity/scratch/teacher-tracking/src/components/AppShell.tsx [Client Component SSR]
    ./.gemini/antigravity/scratch/teacher-tracking/src/app/page.tsx [Client Component SSR]
    ./.gemini/antigravity/scratch/teacher-tracking/src/app/page.tsx [Server Component]

https://nextjs.org/docs/messages/module-not-found


./.gemini/antigravity/scratch/teacher-tracking/node_modules/lucide-react/dist/esm/icons/index.mjs:1386:1
Module not found: Can't resolve './sprout.mjs'
  [90m1384 |[0m [36mexport[0m { [36mdefault[0m [36mas[0m [33mSprayCan[0m } [36mfrom[0m [32m'./spray-can.mjs'[0m;
  [90m1385 |[0m [36mexport[0m { [36mdefault[0m [36mas[0m [33mSpotlight[0m } [36mfrom[0m [32m'./spotlight.mjs'[0m;
[31m[1m>[0m [90m1386 |[0m [36mexport[0m { [36mdefault[0m [36mas[0m [33mSprout[0m } [36mfrom[0m [32m'./sprout.mjs'[0m;
  [90m     |[0m [31m[1m^^^^^^^^^^^^^^^^^^^^^^^^^^^^^^^^^^^^^^^^^^^^^^^^^[0m
  [90m1387 |[0m [36mexport[0m { [36mdefault[0m [36mas[0m [33mSquareActivity[0m } [36mfrom[0m [32m'./square-activity.mjs'[0m;
  [90m1388 |[0m [36mexport[0m { [36mdefault[0m [36mas[0m [33mSquareArrowDownLeft[0m } [36mfrom[0m [32m'./square-arrow-down-...[0m
  [90m1389 |[0m [36mexport[0m { [36mdefault[0m [36mas[0m [33mSquareArrowDownRight[0m } [36mfrom[0m [32m'./square-arrow-down...[0m



Import traces:
  Client Component Browser:
    ./.gemini/antigravity/scratch/teacher-tracking/node_modules/lucide-react/dist/esm/icons/index.mjs [Client Component Browser]
    ./.gemini/antigravity/scratch/teacher-tracking/node_modules/lucide-react/dist/esm/lucide-react.mjs [Client Component Browser]
    ./.gemini/antigravity/scratch/teacher-tracking/src/components/pages/DailyTasksPage.tsx [Client Component Browser]
    ./.gemini/antigravity/scratch/teacher-tracking/src/components/AppShell.tsx [Client Component Browser]
    ./.gemini/antigravity/scratch/teacher-tracking/src/app/page.tsx [Client Component Browser]
    ./.gemini/antigravity/scratch/teacher-tracking/src/app/page.tsx [Server Component]

  Client Component SSR:
    ./.gemini/antigravity/scratch/teacher-tracking/node_modules/lucide-react/dist/esm/icons/index.mjs [Client Component SSR]
    ./.gemini/antigravity/scratch/teacher-tracking/node_modules/lucide-react/dist/esm/lucide-react.mjs [Client Component SSR]
    ./.gemini/antigravity/scratch/teacher-tracking/src/components/pages/DailyTasksPage.tsx [Client Component SSR]
    ./.gemini/antigravity/scratch/teacher-tracking/src/components/AppShell.tsx [Client Component SSR]
    ./.gemini/antigravity/scratch/teacher-tracking/src/app/page.tsx [Client Component SSR]
    ./.gemini/antigravity/scratch/teacher-tracking/src/app/page.tsx [Server Component]

https://nextjs.org/docs/messages/module-not-found


./.gemini/antigravity/scratch/teacher-tracking/node_modules/lucide-react/dist/esm/icons/index.mjs:1387:1
Module not found: Can't resolve './square-activity.mjs'
  [90m1385 |[0m ...[36mxport[0m { [36mdefault[0m [36mas[0m [33mSpotlight[0m } [36mfrom[0m [32m'./spotlight.mjs'[0m;
  [90m1386 |[0m ...[36mxport[0m { [36mdefault[0m [36mas[0m [33mSprout[0m } [36mfrom[0m [32m'./sprout.mjs'[0m;
[31m[1m>[0m [90m1387 |[0m ...[36mxport[0m { [36mdefault[0m [36mas[0m [33mSquareActivity[0m } [36mfrom[0m [32m'./square-activity.mjs'[0m;
  [90m     |[0m    [31m[1m^^^^^^^^^^^^^^^^^^^^^^^^^^^^^^^^^^^^^^^^^^^^^^^^^^^^^^^^^^^^^^^^^^[0m
  [90m1388 |[0m ...[36mxport[0m { [36mdefault[0m [36mas[0m [33mSquareArrowDownLeft[0m } [36mfrom[0m [32m'./square-arrow-dow...[0m
  [90m1389 |[0m ...[36mxport[0m { [36mdefault[0m [36mas[0m [33mSquareArrowDownRight[0m } [36mfrom[0m [32m'./square-arrow-do...[0m
  [90m1390 |[0m ...[36mxport[0m { [36mdefault[0m [36mas[0m [33mSquareArrowDown[0m } [36mfrom[0m [32m'./square-arrow-down.mjs'[0m;



Import traces:
  Client Component Browser:
    ./.gemini/antigravity/scratch/teacher-tracking/node_modules/lucide-react/dist/esm/icons/index.mjs [Client Component Browser]
    ./.gemini/antigravity/scratch/teacher-tracking/node_modules/lucide-react/dist/esm/lucide-react.mjs [Client Component Browser]
    ./.gemini/antigravity/scratch/teacher-tracking/src/components/pages/DailyTasksPage.tsx [Client Component Browser]
    ./.gemini/antigravity/scratch/teacher-tracking/src/components/AppShell.tsx [Client Component Browser]
    ./.gemini/antigravity/scratch/teacher-tracking/src/app/page.tsx [Client Component Browser]
    ./.gemini/antigravity/scratch/teacher-tracking/src/app/page.tsx [Server Component]

  Client Component SSR:
    ./.gemini/antigravity/scratch/teacher-tracking/node_modules/lucide-react/dist/esm/icons/index.mjs [Client Component SSR]
    ./.gemini/antigravity/scratch/teacher-tracking/node_modules/lucide-react/dist/esm/lucide-react.mjs [Client Component SSR]
    ./.gemini/antigravity/scratch/teacher-tracking/src/components/pages/DailyTasksPage.tsx [Client Component SSR]
    ./.gemini/antigravity/scratch/teacher-tracking/src/components/AppShell.tsx [Client Component SSR]
    ./.gemini/antigravity/scratch/teacher-tracking/src/app/page.tsx [Client Component SSR]
    ./.gemini/antigravity/scratch/teacher-tracking/src/app/page.tsx [Server Component]

https://nextjs.org/docs/messages/module-not-found


./.gemini/antigravity/scratch/teacher-tracking/node_modules/lucide-react/dist/esm/icons/index.mjs:1388:1
Module not found: Can't resolve './square-arrow-down-left.mjs'
  [90m1386 |[0m ...{ [36mdefault[0m [36mas[0m [33mSprout[0m } [36mfrom[0m [32m'./sprout.mjs'[0m;
  [90m1387 |[0m ...{ [36mdefault[0m [36mas[0m [33mSquareActivity[0m } [36mfrom[0m [32m'./square-activity.mjs'[0m;
[31m[1m>[0m [90m1388 |[0m ...{ [36mdefault[0m [36mas[0m [33mSquareArrowDownLeft[0m } [36mfrom[0m [32m'./square-arrow-down-left...[0m
  [90m     |[0m    [31m[1m^^^^^^^^^^^^^^^^^^^^^^^^^^^^^^^^^^^^^^^^^^^^^^^^^^^^^^^^^^^^^^^^^^^^[0m
  [90m1389 |[0m ...{ [36mdefault[0m [36mas[0m [33mSquareArrowDownRight[0m } [36mfrom[0m [32m'./square-arrow-down-rig...[0m
  [90m1390 |[0m ...{ [36mdefault[0m [36mas[0m [33mSquareArrowDown[0m } [36mfrom[0m [32m'./square-arrow-down.mjs'[0m;
  [90m1391 |[0m ...{ [36mdefault[0m [36mas[0m [33mSquareArrowLeft[0m } [36mfrom[0m [32m'./square-arrow-left.mjs'[0m;



Import traces:
  Client Component Browser:
    ./.gemini/antigravity/scratch/teacher-tracking/node_modules/lucide-react/dist/esm/icons/index.mjs [Client Component Browser]
    ./.gemini/antigravity/scratch/teacher-tracking/node_modules/lucide-react/dist/esm/lucide-react.mjs [Client Component Browser]
    ./.gemini/antigravity/scratch/teacher-tracking/src/components/pages/DailyTasksPage.tsx [Client Component Browser]
    ./.gemini/antigravity/scratch/teacher-tracking/src/components/AppShell.tsx [Client Component Browser]
    ./.gemini/antigravity/scratch/teacher-tracking/src/app/page.tsx [Client Component Browser]
    ./.gemini/antigravity/scratch/teacher-tracking/src/app/page.tsx [Server Component]

  Client Component SSR:
    ./.gemini/antigravity/scratch/teacher-tracking/node_modules/lucide-react/dist/esm/icons/index.mjs [Client Component SSR]
    ./.gemini/antigravity/scratch/teacher-tracking/node_modules/lucide-react/dist/esm/lucide-react.mjs [Client Component SSR]
    ./.gemini/antigravity/scratch/teacher-tracking/src/components/pages/DailyTasksPage.tsx [Client Component SSR]
    ./.gemini/antigravity/scratch/teacher-tracking/src/components/AppShell.tsx [Client Component SSR]
    ./.gemini/antigravity/scratch/teacher-tracking/src/app/page.tsx [Client Component SSR]
    ./.gemini/antigravity/scratch/teacher-tracking/src/app/page.tsx [Server Component]

https://nextjs.org/docs/messages/module-not-found


./.gemini/antigravity/scratch/teacher-tracking/node_modules/lucide-react/dist/esm/icons/index.mjs:1389:1
Module not found: Can't resolve './square-arrow-down-right.mjs'
  [90m1387 |[0m ... [36mdefault[0m [36mas[0m [33mSquareActivity[0m } [36mfrom[0m [32m'./square-activity.mjs'[0m;
  [90m1388 |[0m ... [36mdefault[0m [36mas[0m [33mSquareArrowDownLeft[0m } [36mfrom[0m [32m'./square-arrow-down-left....[0m
[31m[1m>[0m [90m1389 |[0m ... [36mdefault[0m [36mas[0m [33mSquareArrowDownRight[0m } [36mfrom[0m [32m'./square-arrow-down-righ...[0m
  [90m     |[0m    [31m[1m^^^^^^^^^^^^^^^^^^^^^^^^^^^^^^^^^^^^^^^^^^^^^^^^^^^^^^^^^^^^^^^^^^^^[0m
  [90m1390 |[0m ... [36mdefault[0m [36mas[0m [33mSquareArrowDown[0m } [36mfrom[0m [32m'./square-arrow-down.mjs'[0m;
  [90m1391 |[0m ... [36mdefault[0m [36mas[0m [33mSquareArrowLeft[0m } [36mfrom[0m [32m'./square-arrow-left.mjs'[0m;
  [90m1392 |[0m ... [36mdefault[0m [36mas[0m [33mSquareArrowOutDownLeft[0m } [36mfrom[0m [32m'./square-arrow-out-dow...[0m



Import traces:
  Client Component Browser:
    ./.gemini/antigravity/scratch/teacher-tracking/node_modules/lucide-react/dist/esm/icons/index.mjs [Client Component Browser]
    ./.gemini/antigravity/scratch/teacher-tracking/node_modules/lucide-react/dist/esm/lucide-react.mjs [Client Component Browser]
    ./.gemini/antigravity/scratch/teacher-tracking/src/components/pages/DailyTasksPage.tsx [Client Component Browser]
    ./.gemini/antigravity/scratch/teacher-tracking/src/components/AppShell.tsx [Client Component Browser]
    ./.gemini/antigravity/scratch/teacher-tracking/src/app/page.tsx [Client Component Browser]
    ./.gemini/antigravity/scratch/teacher-tracking/src/app/page.tsx [Server Component]

  Client Component SSR:
    ./.gemini/antigravity/scratch/teacher-tracking/node_modules/lucide-react/dist/esm/icons/index.mjs [Client Component SSR]
    ./.gemini/antigravity/scratch/teacher-tracking/node_modules/lucide-react/dist/esm/lucide-react.mjs [Client Component SSR]
    ./.gemini/antigravity/scratch/teacher-tracking/src/components/pages/DailyTasksPage.tsx [Client Component SSR]
    ./.gemini/antigravity/scratch/teacher-tracking/src/components/AppShell.tsx [Client Component SSR]
    ./.gemini/antigravity/scratch/teacher-tracking/src/app/page.tsx [Client Component SSR]
    ./.gemini/antigravity/scratch/teacher-tracking/src/app/page.tsx [Server Component]

https://nextjs.org/docs/messages/module-not-found


./.gemini/antigravity/scratch/teacher-tracking/node_modules/lucide-react/dist/esm/icons/index.mjs:1390:1
Module not found: Can't resolve './square-arrow-down.mjs'
  [90m1388 |[0m ...[36mport[0m { [36mdefault[0m [36mas[0m [33mSquareArrowDownLeft[0m } [36mfrom[0m [32m'./square-arrow-down...[0m
  [90m1389 |[0m ...[36mport[0m { [36mdefault[0m [36mas[0m [33mSquareArrowDownRight[0m } [36mfrom[0m [32m'./square-arrow-dow...[0m
[31m[1m>[0m [90m1390 |[0m ...[36mport[0m { [36mdefault[0m [36mas[0m [33mSquareArrowDown[0m } [36mfrom[0m [32m'./square-arrow-down.mjs'[0m;
  [90m     |[0m    [31m[1m^^^^^^^^^^^^^^^^^^^^^^^^^^^^^^^^^^^^^^^^^^^^^^^^^^^^^^^^^^^^^^^^^^^^[0m
  [90m1391 |[0m ...[36mport[0m { [36mdefault[0m [36mas[0m [33mSquareArrowLeft[0m } [36mfrom[0m [32m'./square-arrow-left.mjs'[0m;
  [90m1392 |[0m ...[36mport[0m { [36mdefault[0m [36mas[0m [33mSquareArrowOutDownLeft[0m } [36mfrom[0m [32m'./square-arrow-o...[0m
  [90m1393 |[0m ...[36mport[0m { [36mdefault[0m [36mas[0m [33mSquareArrowOutDownRight[0m } [36mfrom[0m [32m'./square-arrow-...[0m



Import traces:
  Client Component Browser:
    ./.gemini/antigravity/scratch/teacher-tracking/node_modules/lucide-react/dist/esm/icons/index.mjs [Client Component Browser]
    ./.gemini/antigravity/scratch/teacher-tracking/node_modules/lucide-react/dist/esm/lucide-react.mjs [Client Component Browser]
    ./.gemini/antigravity/scratch/teacher-tracking/src/components/pages/DailyTasksPage.tsx [Client Component Browser]
    ./.gemini/antigravity/scratch/teacher-tracking/src/components/AppShell.tsx [Client Component Browser]
    ./.gemini/antigravity/scratch/teacher-tracking/src/app/page.tsx [Client Component Browser]
    ./.gemini/antigravity/scratch/teacher-tracking/src/app/page.tsx [Server Component]

  Client Component SSR:
    ./.gemini/antigravity/scratch/teacher-tracking/node_modules/lucide-react/dist/esm/icons/index.mjs [Client Component SSR]
    ./.gemini/antigravity/scratch/teacher-tracking/node_modules/lucide-react/dist/esm/lucide-react.mjs [Client Component SSR]
    ./.gemini/antigravity/scratch/teacher-tracking/src/components/pages/DailyTasksPage.tsx [Client Component SSR]
    ./.gemini/antigravity/scratch/teacher-tracking/src/components/AppShell.tsx [Client Component SSR]
    ./.gemini/antigravity/scratch/teacher-tracking/src/app/page.tsx [Client Component SSR]
    ./.gemini/antigravity/scratch/teacher-tracking/src/app/page.tsx [Server Component]

https://nextjs.org/docs/messages/module-not-found


./.gemini/antigravity/scratch/teacher-tracking/node_modules/lucide-react/dist/esm/icons/index.mjs:1391:1
Module not found: Can't resolve './square-arrow-left.mjs'
  [90m1389 |[0m ...[36mport[0m { [36mdefault[0m [36mas[0m [33mSquareArrowDownRight[0m } [36mfrom[0m [32m'./square-arrow-dow...[0m
  [90m1390 |[0m ...[36mport[0m { [36mdefault[0m [36mas[0m [33mSquareArrowDown[0m } [36mfrom[0m [32m'./square-arrow-down.mjs'[0m;
[31m[1m>[0m [90m1391 |[0m ...[36mport[0m { [36mdefault[0m [36mas[0m [33mSquareArrowLeft[0m } [36mfrom[0m [32m'./square-arrow-left.mjs'[0m;
  [90m     |[0m    [31m[1m^^^^^^^^^^^^^^^^^^^^^^^^^^^^^^^^^^^^^^^^^^^^^^^^^^^^^^^^^^^^^^^^^^^^[0m
  [90m1392 |[0m ...[36mport[0m { [36mdefault[0m [36mas[0m [33mSquareArrowOutDownLeft[0m } [36mfrom[0m [32m'./square-arrow-o...[0m
  [90m1393 |[0m ...[36mport[0m { [36mdefault[0m [36mas[0m [33mSquareArrowOutDownRight[0m } [36mfrom[0m [32m'./square-arrow-...[0m
  [90m1394 |[0m ...[36mport[0m { [36mdefault[0m [36mas[0m [33mSquareArrowOutUpLeft[0m } [36mfrom[0m [32m'./square-arrow-out...[0m



Import traces:
  Client Component Browser:
    ./.gemini/antigravity/scratch/teacher-tracking/node_modules/lucide-react/dist/esm/icons/index.mjs [Client Component Browser]
    ./.gemini/antigravity/scratch/teacher-tracking/node_modules/lucide-react/dist/esm/lucide-react.mjs [Client Component Browser]
    ./.gemini/antigravity/scratch/teacher-tracking/src/components/pages/DailyTasksPage.tsx [Client Component Browser]
    ./.gemini/antigravity/scratch/teacher-tracking/src/components/AppShell.tsx [Client Component Browser]
    ./.gemini/antigravity/scratch/teacher-tracking/src/app/page.tsx [Client Component Browser]
    ./.gemini/antigravity/scratch/teacher-tracking/src/app/page.tsx [Server Component]

  Client Component SSR:
    ./.gemini/antigravity/scratch/teacher-tracking/node_modules/lucide-react/dist/esm/icons/index.mjs [Client Component SSR]
    ./.gemini/antigravity/scratch/teacher-tracking/node_modules/lucide-react/dist/esm/lucide-react.mjs [Client Component SSR]
    ./.gemini/antigravity/scratch/teacher-tracking/src/components/pages/DailyTasksPage.tsx [Client Component SSR]
    ./.gemini/antigravity/scratch/teacher-tracking/src/components/AppShell.tsx [Client Component SSR]
    ./.gemini/antigravity/scratch/teacher-tracking/src/app/page.tsx [Client Component SSR]
    ./.gemini/antigravity/scratch/teacher-tracking/src/app/page.tsx [Server Component]

https://nextjs.org/docs/messages/module-not-found


./.gemini/antigravity/scratch/teacher-tracking/node_modules/lucide-react/dist/esm/icons/index.mjs:1392:1
Module not found: Can't resolve './square-arrow-out-down-left.mjs'
  [90m1390 |[0m ...[36mefault[0m [36mas[0m [33mSquareArrowDown[0m } [36mfrom[0m [32m'./square-arrow-down.mjs'[0m;
  [90m1391 |[0m ...[36mefault[0m [36mas[0m [33mSquareArrowLeft[0m } [36mfrom[0m [32m'./square-arrow-left.mjs'[0m;
[31m[1m>[0m [90m1392 |[0m ...[36mefault[0m [36mas[0m [33mSquareArrowOutDownLeft[0m } [36mfrom[0m [32m'./square-arrow-out-down-...[0m
  [90m     |[0m    [31m[1m^^^^^^^^^^^^^^^^^^^^^^^^^^^^^^^^^^^^^^^^^^^^^^^^^^^^^^^^^^^^^^^^^^^^[0m
  [90m1393 |[0m ...[36mefault[0m [36mas[0m [33mSquareArrowOutDownRight[0m } [36mfrom[0m [32m'./square-arrow-out-down...[0m
  [90m1394 |[0m ...[36mefault[0m [36mas[0m [33mSquareArrowOutUpLeft[0m } [36mfrom[0m [32m'./square-arrow-out-up-left...[0m
  [90m1395 |[0m ...[36mefault[0m [36mas[0m [33mSquareArrowOutUpRight[0m } [36mfrom[0m [32m'./square-arrow-out-up-rig...[0m



Import traces:
  Client Component Browser:
    ./.gemini/antigravity/scratch/teacher-tracking/node_modules/lucide-react/dist/esm/icons/index.mjs [Client Component Browser]
    ./.gemini/antigravity/scratch/teacher-tracking/node_modules/lucide-react/dist/esm/lucide-react.mjs [Client Component Browser]
    ./.gemini/antigravity/scratch/teacher-tracking/src/components/pages/DailyTasksPage.tsx [Client Component Browser]
    ./.gemini/antigravity/scratch/teacher-tracking/src/components/AppShell.tsx [Client Component Browser]
    ./.gemini/antigravity/scratch/teacher-tracking/src/app/page.tsx [Client Component Browser]
    ./.gemini/antigravity/scratch/teacher-tracking/src/app/page.tsx [Server Component]

  Client Component SSR:
    ./.gemini/antigravity/scratch/teacher-tracking/node_modules/lucide-react/dist/esm/icons/index.mjs [Client Component SSR]
    ./.gemini/antigravity/scratch/teacher-tracking/node_modules/lucide-react/dist/esm/lucide-react.mjs [Client Component SSR]
    ./.gemini/antigravity/scratch/teacher-tracking/src/components/pages/DailyTasksPage.tsx [Client Component SSR]
    ./.gemini/antigravity/scratch/teacher-tracking/src/components/AppShell.tsx [Client Component SSR]
    ./.gemini/antigravity/scratch/teacher-tracking/src/app/page.tsx [Client Component SSR]
    ./.gemini/antigravity/scratch/teacher-tracking/src/app/page.tsx [Server Component]

https://nextjs.org/docs/messages/module-not-found


./.gemini/antigravity/scratch/teacher-tracking/node_modules/lucide-react/dist/esm/icons/index.mjs:1393:1
Module not found: Can't resolve './square-arrow-out-down-right.mjs'
  [90m1391 |[0m ...[36mfault[0m [36mas[0m [33mSquareArrowLeft[0m } [36mfrom[0m [32m'./square-arrow-left.mjs'[0m;
  [90m1392 |[0m ...[36mfault[0m [36mas[0m [33mSquareArrowOutDownLeft[0m } [36mfrom[0m [32m'./square-arrow-out-down-l...[0m
[31m[1m>[0m [90m1393 |[0m ...[36mfault[0m [36mas[0m [33mSquareArrowOutDownRight[0m } [36mfrom[0m [32m'./square-arrow-out-down-...[0m
  [90m     |[0m    [31m[1m^^^^^^^^^^^^^^^^^^^^^^^^^^^^^^^^^^^^^^^^^^^^^^^^^^^^^^^^^^^^^^^^^^^^[0m
  [90m1394 |[0m ...[36mfault[0m [36mas[0m [33mSquareArrowOutUpLeft[0m } [36mfrom[0m [32m'./square-arrow-out-up-left....[0m
  [90m1395 |[0m ...[36mfault[0m [36mas[0m [33mSquareArrowOutUpRight[0m } [36mfrom[0m [32m'./square-arrow-out-up-righ...[0m
  [90m1396 |[0m ...[36mfault[0m [36mas[0m [33mSquareArrowRightEnter[0m } [36mfrom[0m [32m'./square-arrow-right-enter...[0m



Import traces:
  Client Component Browser:
    ./.gemini/antigravity/scratch/teacher-tracking/node_modules/lucide-react/dist/esm/icons/index.mjs [Client Component Browser]
    ./.gemini/antigravity/scratch/teacher-tracking/node_modules/lucide-react/dist/esm/lucide-react.mjs [Client Component Browser]
    ./.gemini/antigravity/scratch/teacher-tracking/src/components/pages/DailyTasksPage.tsx [Client Component Browser]
    ./.gemini/antigravity/scratch/teacher-tracking/src/components/AppShell.tsx [Client Component Browser]
    ./.gemini/antigravity/scratch/teacher-tracking/src/app/page.tsx [Client Component Browser]
    ./.gemini/antigravity/scratch/teacher-tracking/src/app/page.tsx [Server Component]

  Client Component SSR:
    ./.gemini/antigravity/scratch/teacher-tracking/node_modules/lucide-react/dist/esm/icons/index.mjs [Client Component SSR]
    ./.gemini/antigravity/scratch/teacher-tracking/node_modules/lucide-react/dist/esm/lucide-react.mjs [Client Component SSR]
    ./.gemini/antigravity/scratch/teacher-tracking/src/components/pages/DailyTasksPage.tsx [Client Component SSR]
    ./.gemini/antigravity/scratch/teacher-tracking/src/components/AppShell.tsx [Client Component SSR]
    ./.gemini/antigravity/scratch/teacher-tracking/src/app/page.tsx [Client Component SSR]
    ./.gemini/antigravity/scratch/teacher-tracking/src/app/page.tsx [Server Component]

https://nextjs.org/docs/messages/module-not-found


./.gemini/antigravity/scratch/teacher-tracking/node_modules/lucide-react/dist/esm/icons/index.mjs:1394:1
Module not found: Can't resolve './square-arrow-out-up-left.mjs'
  [90m1392 |[0m ... [36mdefault[0m [36mas[0m [33mSquareArrowOutDownLeft[0m } [36mfrom[0m [32m'./square-arrow-out-dow...[0m
  [90m1393 |[0m ... [36mdefault[0m [36mas[0m [33mSquareArrowOutDownRight[0m } [36mfrom[0m [32m'./square-arrow-out-do...[0m
[31m[1m>[0m [90m1394 |[0m ... [36mdefault[0m [36mas[0m [33mSquareArrowOutUpLeft[0m } [36mfrom[0m [32m'./square-arrow-out-up-le...[0m
  [90m     |[0m    [31m[1m^^^^^^^^^^^^^^^^^^^^^^^^^^^^^^^^^^^^^^^^^^^^^^^^^^^^^^^^^^^^^^^^^^^^[0m
  [90m1395 |[0m ... [36mdefault[0m [36mas[0m [33mSquareArrowOutUpRight[0m } [36mfrom[0m [32m'./square-arrow-out-up-r...[0m
  [90m1396 |[0m ... [36mdefault[0m [36mas[0m [33mSquareArrowRightEnter[0m } [36mfrom[0m [32m'./square-arrow-right-en...[0m
  [90m1397 |[0m ... [36mdefault[0m [36mas[0m [33mSquareArrowRightExit[0m } [36mfrom[0m [32m'./square-arrow-right-exi...[0m



Import traces:
  Client Component Browser:
    ./.gemini/antigravity/scratch/teacher-tracking/node_modules/lucide-react/dist/esm/icons/index.mjs [Client Component Browser]
    ./.gemini/antigravity/scratch/teacher-tracking/node_modules/lucide-react/dist/esm/lucide-react.mjs [Client Component Browser]
    ./.gemini/antigravity/scratch/teacher-tracking/src/components/pages/DailyTasksPage.tsx [Client Component Browser]
    ./.gemini/antigravity/scratch/teacher-tracking/src/components/AppShell.tsx [Client Component Browser]
    ./.gemini/antigravity/scratch/teacher-tracking/src/app/page.tsx [Client Component Browser]
    ./.gemini/antigravity/scratch/teacher-tracking/src/app/page.tsx [Server Component]

  Client Component SSR:
    ./.gemini/antigravity/scratch/teacher-tracking/node_modules/lucide-react/dist/esm/icons/index.mjs [Client Component SSR]
    ./.gemini/antigravity/scratch/teacher-tracking/node_modules/lucide-react/dist/esm/lucide-react.mjs [Client Component SSR]
    ./.gemini/antigravity/scratch/teacher-tracking/src/components/pages/DailyTasksPage.tsx [Client Component SSR]
    ./.gemini/antigravity/scratch/teacher-tracking/src/components/AppShell.tsx [Client Component SSR]
    ./.gemini/antigravity/scratch/teacher-tracking/src/app/page.tsx [Client Component SSR]
    ./.gemini/antigravity/scratch/teacher-tracking/src/app/page.tsx [Server Component]

https://nextjs.org/docs/messages/module-not-found


./.gemini/antigravity/scratch/teacher-tracking/node_modules/lucide-react/dist/esm/icons/index.mjs:1395:1
Module not found: Can't resolve './square-arrow-out-up-right.mjs'
  [90m1393 |[0m ...[36mdefault[0m [36mas[0m [33mSquareArrowOutDownRight[0m } [36mfrom[0m [32m'./square-arrow-out-dow...[0m
  [90m1394 |[0m ...[36mdefault[0m [36mas[0m [33mSquareArrowOutUpLeft[0m } [36mfrom[0m [32m'./square-arrow-out-up-lef...[0m
[31m[1m>[0m [90m1395 |[0m ...[36mdefault[0m [36mas[0m [33mSquareArrowOutUpRight[0m } [36mfrom[0m [32m'./square-arrow-out-up-ri...[0m
  [90m     |[0m    [31m[1m^^^^^^^^^^^^^^^^^^^^^^^^^^^^^^^^^^^^^^^^^^^^^^^^^^^^^^^^^^^^^^^^^^^^[0m
  [90m1396 |[0m ...[36mdefault[0m [36mas[0m [33mSquareArrowRightEnter[0m } [36mfrom[0m [32m'./square-arrow-right-ent...[0m
  [90m1397 |[0m ...[36mdefault[0m [36mas[0m [33mSquareArrowRightExit[0m } [36mfrom[0m [32m'./square-arrow-right-exit...[0m
  [90m1398 |[0m ...[36mdefault[0m [36mas[0m [33mSquareArrowRight[0m } [36mfrom[0m [32m'./square-arrow-right.mjs'[0m;



Import traces:
  Client Component Browser:
    ./.gemini/antigravity/scratch/teacher-tracking/node_modules/lucide-react/dist/esm/icons/index.mjs [Client Component Browser]
    ./.gemini/antigravity/scratch/teacher-tracking/node_modules/lucide-react/dist/esm/lucide-react.mjs [Client Component Browser]
    ./.gemini/antigravity/scratch/teacher-tracking/src/components/pages/DailyTasksPage.tsx [Client Component Browser]
    ./.gemini/antigravity/scratch/teacher-tracking/src/components/AppShell.tsx [Client Component Browser]
    ./.gemini/antigravity/scratch/teacher-tracking/src/app/page.tsx [Client Component Browser]
    ./.gemini/antigravity/scratch/teacher-tracking/src/app/page.tsx [Server Component]

  Client Component SSR:
    ./.gemini/antigravity/scratch/teacher-tracking/node_modules/lucide-react/dist/esm/icons/index.mjs [Client Component SSR]
    ./.gemini/antigravity/scratch/teacher-tracking/node_modules/lucide-react/dist/esm/lucide-react.mjs [Client Component SSR]
    ./.gemini/antigravity/scratch/teacher-tracking/src/components/pages/DailyTasksPage.tsx [Client Component SSR]
    ./.gemini/antigravity/scratch/teacher-tracking/src/components/AppShell.tsx [Client Component SSR]
    ./.gemini/antigravity/scratch/teacher-tracking/src/app/page.tsx [Client Component SSR]
    ./.gemini/antigravity/scratch/teacher-tracking/src/app/page.tsx [Server Component]

https://nextjs.org/docs/messages/module-not-found


./.gemini/antigravity/scratch/teacher-tracking/node_modules/lucide-react/dist/esm/icons/index.mjs:1396:1
Module not found: Can't resolve './square-arrow-right-enter.mjs'
  [90m1394 |[0m ...[36mdefault[0m [36mas[0m [33mSquareArrowOutUpLeft[0m } [36mfrom[0m [32m'./square-arrow-out-up-lef...[0m
  [90m1395 |[0m ...[36mdefault[0m [36mas[0m [33mSquareArrowOutUpRight[0m } [36mfrom[0m [32m'./square-arrow-out-up-ri...[0m
[31m[1m>[0m [90m1396 |[0m ...[36mdefault[0m [36mas[0m [33mSquareArrowRightEnter[0m } [36mfrom[0m [32m'./square-arrow-right-ent...[0m
  [90m     |[0m    [31m[1m^^^^^^^^^^^^^^^^^^^^^^^^^^^^^^^^^^^^^^^^^^^^^^^^^^^^^^^^^^^^^^^^^^^^[0m
  [90m1397 |[0m ...[36mdefault[0m [36mas[0m [33mSquareArrowRightExit[0m } [36mfrom[0m [32m'./square-arrow-right-exit...[0m
  [90m1398 |[0m ...[36mdefault[0m [36mas[0m [33mSquareArrowRight[0m } [36mfrom[0m [32m'./square-arrow-right.mjs'[0m;
  [90m1399 |[0m ...[36mdefault[0m [36mas[0m [33mSquareArrowUpRight[0m } [36mfrom[0m [32m'./square-arrow-up-right.mjs'[0m;



Import traces:
  Client Component Browser:
    ./.gemini/antigravity/scratch/teacher-tracking/node_modules/lucide-react/dist/esm/icons/index.mjs [Client Component Browser]
    ./.gemini/antigravity/scratch/teacher-tracking/node_modules/lucide-react/dist/esm/lucide-react.mjs [Client Component Browser]
    ./.gemini/antigravity/scratch/teacher-tracking/src/components/pages/DailyTasksPage.tsx [Client Component Browser]
    ./.gemini/antigravity/scratch/teacher-tracking/src/components/AppShell.tsx [Client Component Browser]
    ./.gemini/antigravity/scratch/teacher-tracking/src/app/page.tsx [Client Component Browser]
    ./.gemini/antigravity/scratch/teacher-tracking/src/app/page.tsx [Server Component]

  Client Component SSR:
    ./.gemini/antigravity/scratch/teacher-tracking/node_modules/lucide-react/dist/esm/icons/index.mjs [Client Component SSR]
    ./.gemini/antigravity/scratch/teacher-tracking/node_modules/lucide-react/dist/esm/lucide-react.mjs [Client Component SSR]
    ./.gemini/antigravity/scratch/teacher-tracking/src/components/pages/DailyTasksPage.tsx [Client Component SSR]
    ./.gemini/antigravity/scratch/teacher-tracking/src/components/AppShell.tsx [Client Component SSR]
    ./.gemini/antigravity/scratch/teacher-tracking/src/app/page.tsx [Client Component SSR]
    ./.gemini/antigravity/scratch/teacher-tracking/src/app/page.tsx [Server Component]

https://nextjs.org/docs/messages/module-not-found


./.gemini/antigravity/scratch/teacher-tracking/node_modules/lucide-react/dist/esm/icons/index.mjs:1397:1
Module not found: Can't resolve './square-arrow-right-exit.mjs'
  [90m1395 |[0m ... [36mdefault[0m [36mas[0m [33mSquareArrowOutUpRight[0m } [36mfrom[0m [32m'./square-arrow-out-up-r...[0m
  [90m1396 |[0m ... [36mdefault[0m [36mas[0m [33mSquareArrowRightEnter[0m } [36mfrom[0m [32m'./square-arrow-right-en...[0m
[31m[1m>[0m [90m1397 |[0m ... [36mdefault[0m [36mas[0m [33mSquareArrowRightExit[0m } [36mfrom[0m [32m'./square-arrow-right-exi...[0m
  [90m     |[0m    [31m[1m^^^^^^^^^^^^^^^^^^^^^^^^^^^^^^^^^^^^^^^^^^^^^^^^^^^^^^^^^^^^^^^^^^^^[0m
  [90m1398 |[0m ... [36mdefault[0m [36mas[0m [33mSquareArrowRight[0m } [36mfrom[0m [32m'./square-arrow-right.mjs'[0m;
  [90m1399 |[0m ... [36mdefault[0m [36mas[0m [33mSquareArrowUpRight[0m } [36mfrom[0m [32m'./square-arrow-up-right.mjs'[0m;
  [90m1400 |[0m ... [36mdefault[0m [36mas[0m [33mSquareArrowUpLeft[0m } [36mfrom[0m [32m'./square-arrow-up-left.mjs'[0m;



Import traces:
  Client Component Browser:
    ./.gemini/antigravity/scratch/teacher-tracking/node_modules/lucide-react/dist/esm/icons/index.mjs [Client Component Browser]
    ./.gemini/antigravity/scratch/teacher-tracking/node_modules/lucide-react/dist/esm/lucide-react.mjs [Client Component Browser]
    ./.gemini/antigravity/scratch/teacher-tracking/src/components/pages/DailyTasksPage.tsx [Client Component Browser]
    ./.gemini/antigravity/scratch/teacher-tracking/src/components/AppShell.tsx [Client Component Browser]
    ./.gemini/antigravity/scratch/teacher-tracking/src/app/page.tsx [Client Component Browser]
    ./.gemini/antigravity/scratch/teacher-tracking/src/app/page.tsx [Server Component]

  Client Component SSR:
    ./.gemini/antigravity/scratch/teacher-tracking/node_modules/lucide-react/dist/esm/icons/index.mjs [Client Component SSR]
    ./.gemini/antigravity/scratch/teacher-tracking/node_modules/lucide-react/dist/esm/lucide-react.mjs [Client Component SSR]
    ./.gemini/antigravity/scratch/teacher-tracking/src/components/pages/DailyTasksPage.tsx [Client Component SSR]
    ./.gemini/antigravity/scratch/teacher-tracking/src/components/AppShell.tsx [Client Component SSR]
    ./.gemini/antigravity/scratch/teacher-tracking/src/app/page.tsx [Client Component SSR]
    ./.gemini/antigravity/scratch/teacher-tracking/src/app/page.tsx [Server Component]

https://nextjs.org/docs/messages/module-not-found


./.gemini/antigravity/scratch/teacher-tracking/node_modules/lucide-react/dist/esm/icons/index.mjs:1398:1
Module not found: Can't resolve './square-arrow-right.mjs'
  [90m1396 |[0m ...[36mort[0m { [36mdefault[0m [36mas[0m [33mSquareArrowRightEnter[0m } [36mfrom[0m [32m'./square-arrow-rig...[0m
  [90m1397 |[0m ...[36mort[0m { [36mdefault[0m [36mas[0m [33mSquareArrowRightExit[0m } [36mfrom[0m [32m'./square-arrow-righ...[0m
[31m[1m>[0m [90m1398 |[0m ...[36mort[0m { [36mdefault[0m [36mas[0m [33mSquareArrowRight[0m } [36mfrom[0m [32m'./square-arrow-right.mjs'[0m;
  [90m     |[0m    [31m[1m^^^^^^^^^^^^^^^^^^^^^^^^^^^^^^^^^^^^^^^^^^^^^^^^^^^^^^^^^^^^^^^^^^^^[0m
  [90m1399 |[0m ...[36mort[0m { [36mdefault[0m [36mas[0m [33mSquareArrowUpRight[0m } [36mfrom[0m [32m'./square-arrow-up-rig...[0m
  [90m1400 |[0m ...[36mort[0m { [36mdefault[0m [36mas[0m [33mSquareArrowUpLeft[0m } [36mfrom[0m [32m'./square-arrow-up-left...[0m
  [90m1401 |[0m ...[36mort[0m { [36mdefault[0m [36mas[0m [33mSquareArrowUp[0m } [36mfrom[0m [32m'./square-arrow-up.mjs'[0m;



Import traces:
  Client Component Browser:
    ./.gemini/antigravity/scratch/teacher-tracking/node_modules/lucide-react/dist/esm/icons/index.mjs [Client Component Browser]
    ./.gemini/antigravity/scratch/teacher-tracking/node_modules/lucide-react/dist/esm/lucide-react.mjs [Client Component Browser]
    ./.gemini/antigravity/scratch/teacher-tracking/src/components/pages/DailyTasksPage.tsx [Client Component Browser]
    ./.gemini/antigravity/scratch/teacher-tracking/src/components/AppShell.tsx [Client Component Browser]
    ./.gemini/antigravity/scratch/teacher-tracking/src/app/page.tsx [Client Component Browser]
    ./.gemini/antigravity/scratch/teacher-tracking/src/app/page.tsx [Server Component]

  Client Component SSR:
    ./.gemini/antigravity/scratch/teacher-tracking/node_modules/lucide-react/dist/esm/icons/index.mjs [Client Component SSR]
    ./.gemini/antigravity/scratch/teacher-tracking/node_modules/lucide-react/dist/esm/lucide-react.mjs [Client Component SSR]
    ./.gemini/antigravity/scratch/teacher-tracking/src/components/pages/DailyTasksPage.tsx [Client Component SSR]
    ./.gemini/antigravity/scratch/teacher-tracking/src/components/AppShell.tsx [Client Component SSR]
    ./.gemini/antigravity/scratch/teacher-tracking/src/app/page.tsx [Client Component SSR]
    ./.gemini/antigravity/scratch/teacher-tracking/src/app/page.tsx [Server Component]

https://nextjs.org/docs/messages/module-not-found


./.gemini/antigravity/scratch/teacher-tracking/node_modules/lucide-react/dist/esm/icons/index.mjs:1400:1
Module not found: Can't resolve './square-arrow-up-left.mjs'
  [90m1398 |[0m ...[36mt[0m { [36mdefault[0m [36mas[0m [33mSquareArrowRight[0m } [36mfrom[0m [32m'./square-arrow-right.mjs'[0m;
  [90m1399 |[0m ...[36mt[0m { [36mdefault[0m [36mas[0m [33mSquareArrowUpRight[0m } [36mfrom[0m [32m'./square-arrow-up-right...[0m
[31m[1m>[0m [90m1400 |[0m ...[36mt[0m { [36mdefault[0m [36mas[0m [33mSquareArrowUpLeft[0m } [36mfrom[0m [32m'./square-arrow-up-left.m...[0m
  [90m     |[0m    [31m[1m^^^^^^^^^^^^^^^^^^^^^^^^^^^^^^^^^^^^^^^^^^^^^^^^^^^^^^^^^^^^^^^^^^^^[0m
  [90m1401 |[0m ...[36mt[0m { [36mdefault[0m [36mas[0m [33mSquareArrowUp[0m } [36mfrom[0m [32m'./square-arrow-up.mjs'[0m;
  [90m1402 |[0m ...[36mt[0m { [36mdefault[0m [36mas[0m [33mSquareBottomDashedScissors[0m } [36mfrom[0m [32m'./square-bottom...[0m
  [90m1403 |[0m ...[36mt[0m { [36mdefault[0m [36mas[0m [33mSquareAsterisk[0m } [36mfrom[0m [32m'./square-asterisk.mjs'[0m;



Import traces:
  Client Component Browser:
    ./.gemini/antigravity/scratch/teacher-tracking/node_modules/lucide-react/dist/esm/icons/index.mjs [Client Component Browser]
    ./.gemini/antigravity/scratch/teacher-tracking/node_modules/lucide-react/dist/esm/lucide-react.mjs [Client Component Browser]
    ./.gemini/antigravity/scratch/teacher-tracking/src/components/pages/DailyTasksPage.tsx [Client Component Browser]
    ./.gemini/antigravity/scratch/teacher-tracking/src/components/AppShell.tsx [Client Component Browser]
    ./.gemini/antigravity/scratch/teacher-tracking/src/app/page.tsx [Client Component Browser]
    ./.gemini/antigravity/scratch/teacher-tracking/src/app/page.tsx [Server Component]

  Client Component SSR:
    ./.gemini/antigravity/scratch/teacher-tracking/node_modules/lucide-react/dist/esm/icons/index.mjs [Client Component SSR]
    ./.gemini/antigravity/scratch/teacher-tracking/node_modules/lucide-react/dist/esm/lucide-react.mjs [Client Component SSR]
    ./.gemini/antigravity/scratch/teacher-tracking/src/components/pages/DailyTasksPage.tsx [Client Component SSR]
    ./.gemini/antigravity/scratch/teacher-tracking/src/components/AppShell.tsx [Client Component SSR]
    ./.gemini/antigravity/scratch/teacher-tracking/src/app/page.tsx [Client Component SSR]
    ./.gemini/antigravity/scratch/teacher-tracking/src/app/page.tsx [Server Component]

https://nextjs.org/docs/messages/module-not-found


./.gemini/antigravity/scratch/teacher-tracking/node_modules/lucide-react/dist/esm/icons/index.mjs:1399:1
Module not found: Can't resolve './square-arrow-up-right.mjs'
  [90m1397 |[0m ... { [36mdefault[0m [36mas[0m [33mSquareArrowRightExit[0m } [36mfrom[0m [32m'./square-arrow-right-e...[0m
  [90m1398 |[0m ... { [36mdefault[0m [36mas[0m [33mSquareArrowRight[0m } [36mfrom[0m [32m'./square-arrow-right.mjs'[0m;
[31m[1m>[0m [90m1399 |[0m ... { [36mdefault[0m [36mas[0m [33mSquareArrowUpRight[0m } [36mfrom[0m [32m'./square-arrow-up-right....[0m
  [90m     |[0m    [31m[1m^^^^^^^^^^^^^^^^^^^^^^^^^^^^^^^^^^^^^^^^^^^^^^^^^^^^^^^^^^^^^^^^^^^^[0m
  [90m1400 |[0m ... { [36mdefault[0m [36mas[0m [33mSquareArrowUpLeft[0m } [36mfrom[0m [32m'./square-arrow-up-left.mjs'[0m;
  [90m1401 |[0m ... { [36mdefault[0m [36mas[0m [33mSquareArrowUp[0m } [36mfrom[0m [32m'./square-arrow-up.mjs'[0m;
  [90m1402 |[0m ... { [36mdefault[0m [36mas[0m [33mSquareBottomDashedScissors[0m } [36mfrom[0m [32m'./square-bottom-...[0m



Import traces:
  Client Component Browser:
    ./.gemini/antigravity/scratch/teacher-tracking/node_modules/lucide-react/dist/esm/icons/index.mjs [Client Component Browser]
    ./.gemini/antigravity/scratch/teacher-tracking/node_modules/lucide-react/dist/esm/lucide-react.mjs [Client Component Browser]
    ./.gemini/antigravity/scratch/teacher-tracking/src/components/pages/DailyTasksPage.tsx [Client Component Browser]
    ./.gemini/antigravity/scratch/teacher-tracking/src/components/AppShell.tsx [Client Component Browser]
    ./.gemini/antigravity/scratch/teacher-tracking/src/app/page.tsx [Client Component Browser]
    ./.gemini/antigravity/scratch/teacher-tracking/src/app/page.tsx [Server Component]

  Client Component SSR:
    ./.gemini/antigravity/scratch/teacher-tracking/node_modules/lucide-react/dist/esm/icons/index.mjs [Client Component SSR]
    ./.gemini/antigravity/scratch/teacher-tracking/node_modules/lucide-react/dist/esm/lucide-react.mjs [Client Component SSR]
    ./.gemini/antigravity/scratch/teacher-tracking/src/components/pages/DailyTasksPage.tsx [Client Component SSR]
    ./.gemini/antigravity/scratch/teacher-tracking/src/components/AppShell.tsx [Client Component SSR]
    ./.gemini/antigravity/scratch/teacher-tracking/src/app/page.tsx [Client Component SSR]
    ./.gemini/antigravity/scratch/teacher-tracking/src/app/page.tsx [Server Component]

https://nextjs.org/docs/messages/module-not-found


./.gemini/antigravity/scratch/teacher-tracking/node_modules/lucide-react/dist/esm/icons/index.mjs:1401:1
Module not found: Can't resolve './square-arrow-up.mjs'
  [90m1399 |[0m [36mexport[0m { [36mdefault[0m [36mas[0m [33mSquareArrowUpRight[0m } [36mfrom[0m [32m'./square-arrow-up-rig...[0m
  [90m1400 |[0m [36mexport[0m { [36mdefault[0m [36mas[0m [33mSquareArrowUpLeft[0m } [36mfrom[0m [32m'./square-arrow-up-left...[0m
[31m[1m>[0m [90m1401 |[0m [36mexport[0m { [36mdefault[0m [36mas[0m [33mSquareArrowUp[0m } [36mfrom[0m [32m'./square-arrow-up.mjs'[0m;
  [90m     |[0m [31m[1m^^^^^^^^^^^^^^^^^^^^^^^^^^^^^^^^^^^^^^^^^^^^^^^^^^^^^^^^^^^^^^^^^[0m
  [90m1402 |[0m [36mexport[0m { [36mdefault[0m [36mas[0m [33mSquareBottomDashedScissors[0m } [36mfrom[0m [32m'./square-bott...[0m
  [90m1403 |[0m [36mexport[0m { [36mdefault[0m [36mas[0m [33mSquareAsterisk[0m } [36mfrom[0m [32m'./square-asterisk.mjs'[0m;
  [90m1404 |[0m [36mexport[0m { [36mdefault[0m [36mas[0m [33mSquareCenterlineDashedVertical[0m } [36mfrom[0m [32m'./square-...[0m



Import traces:
  Client Component Browser:
    ./.gemini/antigravity/scratch/teacher-tracking/node_modules/lucide-react/dist/esm/icons/index.mjs [Client Component Browser]
    ./.gemini/antigravity/scratch/teacher-tracking/node_modules/lucide-react/dist/esm/lucide-react.mjs [Client Component Browser]
    ./.gemini/antigravity/scratch/teacher-tracking/src/components/pages/DailyTasksPage.tsx [Client Component Browser]
    ./.gemini/antigravity/scratch/teacher-tracking/src/components/AppShell.tsx [Client Component Browser]
    ./.gemini/antigravity/scratch/teacher-tracking/src/app/page.tsx [Client Component Browser]
    ./.gemini/antigravity/scratch/teacher-tracking/src/app/page.tsx [Server Component]

  Client Component SSR:
    ./.gemini/antigravity/scratch/teacher-tracking/node_modules/lucide-react/dist/esm/icons/index.mjs [Client Component SSR]
    ./.gemini/antigravity/scratch/teacher-tracking/node_modules/lucide-react/dist/esm/lucide-react.mjs [Client Component SSR]
    ./.gemini/antigravity/scratch/teacher-tracking/src/components/pages/DailyTasksPage.tsx [Client Component SSR]
    ./.gemini/antigravity/scratch/teacher-tracking/src/components/AppShell.tsx [Client Component SSR]
    ./.gemini/antigravity/scratch/teacher-tracking/src/app/page.tsx [Client Component SSR]
    ./.gemini/antigravity/scratch/teacher-tracking/src/app/page.tsx [Server Component]

https://nextjs.org/docs/messages/module-not-found


./.gemini/antigravity/scratch/teacher-tracking/node_modules/lucide-react/dist/esm/icons/index.mjs:1403:1
Module not found: Can't resolve './square-asterisk.mjs'
  [90m1401 |[0m ...[36mxport[0m { [36mdefault[0m [36mas[0m [33mSquareArrowUp[0m } [36mfrom[0m [32m'./square-arrow-up.mjs'[0m;
  [90m1402 |[0m ...[36mxport[0m { [36mdefault[0m [36mas[0m [33mSquareBottomDashedScissors[0m } [36mfrom[0m [32m'./square-bo...[0m
[31m[1m>[0m [90m1403 |[0m ...[36mxport[0m { [36mdefault[0m [36mas[0m [33mSquareAsterisk[0m } [36mfrom[0m [32m'./square-asterisk.mjs'[0m;
  [90m     |[0m    [31m[1m^^^^^^^^^^^^^^^^^^^^^^^^^^^^^^^^^^^^^^^^^^^^^^^^^^^^^^^^^^^^^^^^^^[0m
  [90m1404 |[0m ...[36mxport[0m { [36mdefault[0m [36mas[0m [33mSquareCenterlineDashedVertical[0m } [36mfrom[0m [32m'./squar...[0m
  [90m1405 |[0m ...[36mxport[0m { [36mdefault[0m [36mas[0m [33mSquareCenterlineDashedHorizontal[0m } [36mfrom[0m [32m'./squ...[0m
  [90m1406 |[0m ...[36mxport[0m { [36mdefault[0m [36mas[0m [33mSquareChartGantt[0m } [36mfrom[0m [32m'./square-chart-gantt....[0m



Import traces:
  Client Component Browser:
    ./.gemini/antigravity/scratch/teacher-tracking/node_modules/lucide-react/dist/esm/icons/index.mjs [Client Component Browser]
    ./.gemini/antigravity/scratch/teacher-tracking/node_modules/lucide-react/dist/esm/lucide-react.mjs [Client Component Browser]
    ./.gemini/antigravity/scratch/teacher-tracking/src/components/pages/DailyTasksPage.tsx [Client Component Browser]
    ./.gemini/antigravity/scratch/teacher-tracking/src/components/AppShell.tsx [Client Component Browser]
    ./.gemini/antigravity/scratch/teacher-tracking/src/app/page.tsx [Client Component Browser]
    ./.gemini/antigravity/scratch/teacher-tracking/src/app/page.tsx [Server Component]

  Client Component SSR:
    ./.gemini/antigravity/scratch/teacher-tracking/node_modules/lucide-react/dist/esm/icons/index.mjs [Client Component SSR]
    ./.gemini/antigravity/scratch/teacher-tracking/node_modules/lucide-react/dist/esm/lucide-react.mjs [Client Component SSR]
    ./.gemini/antigravity/scratch/teacher-tracking/src/components/pages/DailyTasksPage.tsx [Client Component SSR]
    ./.gemini/antigravity/scratch/teacher-tracking/src/components/AppShell.tsx [Client Component SSR]
    ./.gemini/antigravity/scratch/teacher-tracking/src/app/page.tsx [Client Component SSR]
    ./.gemini/antigravity/scratch/teacher-tracking/src/app/page.tsx [Server Component]

https://nextjs.org/docs/messages/module-not-found


./.gemini/antigravity/scratch/teacher-tracking/node_modules/lucide-react/dist/esm/icons/index.mjs:1402:1
Module not found: Can't resolve './square-bottom-dashed-scissors.mjs'
  [90m1400 |[0m ...[36mlt[0m [36mas[0m [33mSquareArrowUpLeft[0m } [36mfrom[0m [32m'./square-arrow-up-left.mjs'[0m;
  [90m1401 |[0m ...[36mlt[0m [36mas[0m [33mSquareArrowUp[0m } [36mfrom[0m [32m'./square-arrow-up.mjs'[0m;
[31m[1m>[0m [90m1402 |[0m ...[36mlt[0m [36mas[0m [33mSquareBottomDashedScissors[0m } [36mfrom[0m [32m'./square-bottom-dashed-s...[0m
  [90m     |[0m    [31m[1m^^^^^^^^^^^^^^^^^^^^^^^^^^^^^^^^^^^^^^^^^^^^^^^^^^^^^^^^^^^^^^^^^^^^[0m
  [90m1403 |[0m ...[36mlt[0m [36mas[0m [33mSquareAsterisk[0m } [36mfrom[0m [32m'./square-asterisk.mjs'[0m;
  [90m1404 |[0m ...[36mlt[0m [36mas[0m [33mSquareCenterlineDashedVertical[0m } [36mfrom[0m [32m'./square-centerline-...[0m
  [90m1405 |[0m ...[36mlt[0m [36mas[0m [33mSquareCenterlineDashedHorizontal[0m } [36mfrom[0m [32m'./square-centerlin...[0m



Import traces:
  Client Component Browser:
    ./.gemini/antigravity/scratch/teacher-tracking/node_modules/lucide-react/dist/esm/icons/index.mjs [Client Component Browser]
    ./.gemini/antigravity/scratch/teacher-tracking/node_modules/lucide-react/dist/esm/lucide-react.mjs [Client Component Browser]
    ./.gemini/antigravity/scratch/teacher-tracking/src/components/pages/DailyTasksPage.tsx [Client Component Browser]
    ./.gemini/antigravity/scratch/teacher-tracking/src/components/AppShell.tsx [Client Component Browser]
    ./.gemini/antigravity/scratch/teacher-tracking/src/app/page.tsx [Client Component Browser]
    ./.gemini/antigravity/scratch/teacher-tracking/src/app/page.tsx [Server Component]

  Client Component SSR:
    ./.gemini/antigravity/scratch/teacher-tracking/node_modules/lucide-react/dist/esm/icons/index.mjs [Client Component SSR]
    ./.gemini/antigravity/scratch/teacher-tracking/node_modules/lucide-react/dist/esm/lucide-react.mjs [Client Component SSR]
    ./.gemini/antigravity/scratch/teacher-tracking/src/components/pages/DailyTasksPage.tsx [Client Component SSR]
    ./.gemini/antigravity/scratch/teacher-tracking/src/components/AppShell.tsx [Client Component SSR]
    ./.gemini/antigravity/scratch/teacher-tracking/src/app/page.tsx [Client Component SSR]
    ./.gemini/antigravity/scratch/teacher-tracking/src/app/page.tsx [Server Component]

https://nextjs.org/docs/messages/module-not-found


./.gemini/antigravity/scratch/teacher-tracking/node_modules/lucide-react/dist/esm/icons/index.mjs:1405:1
Module not found: Can't resolve './square-centerline-dashed-horizontal.mjs'
  [90m1403 |[0m ...[33mSquareAsterisk[0m } [36mfrom[0m [32m'./square-asterisk.mjs'[0m;
  [90m1404 |[0m ...[33mSquareCenterlineDashedVertical[0m } [36mfrom[0m [32m'./square-centerline-dashed...[0m
[31m[1m>[0m [90m1405 |[0m ...[33mSquareCenterlineDashedHorizontal[0m } [36mfrom[0m [32m'./square-centerline-dash...[0m
  [90m     |[0m    [31m[1m^^^^^^^^^^^^^^^^^^^^^^^^^^^^^^^^^^^^^^^^^^^^^^^^^^^^^^^^^^^^^^^^^^^^[0m
  [90m1406 |[0m ...[33mSquareChartGantt[0m } [36mfrom[0m [32m'./square-chart-gantt.mjs'[0m;
  [90m1407 |[0m ...[33mSquareCheckBig[0m } [36mfrom[0m [32m'./square-check-big.mjs'[0m;
  [90m1408 |[0m ...[33mSquareChevronDown[0m } [36mfrom[0m [32m'./square-chevron-down.mjs'[0m;



Import traces:
  Client Component Browser:
    ./.gemini/antigravity/scratch/teacher-tracking/node_modules/lucide-react/dist/esm/icons/index.mjs [Client Component Browser]
    ./.gemini/antigravity/scratch/teacher-tracking/node_modules/lucide-react/dist/esm/lucide-react.mjs [Client Component Browser]
    ./.gemini/antigravity/scratch/teacher-tracking/src/components/pages/DailyTasksPage.tsx [Client Component Browser]
    ./.gemini/antigravity/scratch/teacher-tracking/src/components/AppShell.tsx [Client Component Browser]
    ./.gemini/antigravity/scratch/teacher-tracking/src/app/page.tsx [Client Component Browser]
    ./.gemini/antigravity/scratch/teacher-tracking/src/app/page.tsx [Server Component]

  Client Component SSR:
    ./.gemini/antigravity/scratch/teacher-tracking/node_modules/lucide-react/dist/esm/icons/index.mjs [Client Component SSR]
    ./.gemini/antigravity/scratch/teacher-tracking/node_modules/lucide-react/dist/esm/lucide-react.mjs [Client Component SSR]
    ./.gemini/antigravity/scratch/teacher-tracking/src/components/pages/DailyTasksPage.tsx [Client Component SSR]
    ./.gemini/antigravity/scratch/teacher-tracking/src/components/AppShell.tsx [Client Component SSR]
    ./.gemini/antigravity/scratch/teacher-tracking/src/app/page.tsx [Client Component SSR]
    ./.gemini/antigravity/scratch/teacher-tracking/src/app/page.tsx [Server Component]

https://nextjs.org/docs/messages/module-not-found


./.gemini/antigravity/scratch/teacher-tracking/node_modules/lucide-react/dist/esm/icons/index.mjs:1404:1
Module not found: Can't resolve './square-centerline-dashed-vertical.mjs'
  [90m1402 |[0m ...[36ms[0m [33mSquareBottomDashedScissors[0m } [36mfrom[0m [32m'./square-bottom-dashed-sciss...[0m
  [90m1403 |[0m ...[36ms[0m [33mSquareAsterisk[0m } [36mfrom[0m [32m'./square-asterisk.mjs'[0m;
[31m[1m>[0m [90m1404 |[0m ...[36ms[0m [33mSquareCenterlineDashedVertical[0m } [36mfrom[0m [32m'./square-centerline-dash...[0m
  [90m     |[0m    [31m[1m^^^^^^^^^^^^^^^^^^^^^^^^^^^^^^^^^^^^^^^^^^^^^^^^^^^^^^^^^^^^^^^^^^^^[0m
  [90m1405 |[0m ...[36ms[0m [33mSquareCenterlineDashedHorizontal[0m } [36mfrom[0m [32m'./square-centerline-da...[0m
  [90m1406 |[0m ...[36ms[0m [33mSquareChartGantt[0m } [36mfrom[0m [32m'./square-chart-gantt.mjs'[0m;
  [90m1407 |[0m ...[36ms[0m [33mSquareCheckBig[0m } [36mfrom[0m [32m'./square-check-big.mjs'[0m;



Import traces:
  Client Component Browser:
    ./.gemini/antigravity/scratch/teacher-tracking/node_modules/lucide-react/dist/esm/icons/index.mjs [Client Component Browser]
    ./.gemini/antigravity/scratch/teacher-tracking/node_modules/lucide-react/dist/esm/lucide-react.mjs [Client Component Browser]
    ./.gemini/antigravity/scratch/teacher-tracking/src/components/pages/DailyTasksPage.tsx [Client Component Browser]
    ./.gemini/antigravity/scratch/teacher-tracking/src/components/AppShell.tsx [Client Component Browser]
    ./.gemini/antigravity/scratch/teacher-tracking/src/app/page.tsx [Client Component Browser]
    ./.gemini/antigravity/scratch/teacher-tracking/src/app/page.tsx [Server Component]

  Client Component SSR:
    ./.gemini/antigravity/scratch/teacher-tracking/node_modules/lucide-react/dist/esm/icons/index.mjs [Client Component SSR]
    ./.gemini/antigravity/scratch/teacher-tracking/node_modules/lucide-react/dist/esm/lucide-react.mjs [Client Component SSR]
    ./.gemini/antigravity/scratch/teacher-tracking/src/components/pages/DailyTasksPage.tsx [Client Component SSR]
    ./.gemini/antigravity/scratch/teacher-tracking/src/components/AppShell.tsx [Client Component SSR]
    ./.gemini/antigravity/scratch/teacher-tracking/src/app/page.tsx [Client Component SSR]
    ./.gemini/antigravity/scratch/teacher-tracking/src/app/page.tsx [Server Component]

https://nextjs.org/docs/messages/module-not-found


./.gemini/antigravity/scratch/teacher-tracking/node_modules/lucide-react/dist/esm/icons/index.mjs:1406:1
Module not found: Can't resolve './square-chart-gantt.mjs'
  [90m1404 |[0m ...[36mort[0m { [36mdefault[0m [36mas[0m [33mSquareCenterlineDashedVertical[0m } [36mfrom[0m [32m'./square-...[0m
  [90m1405 |[0m ...[36mort[0m { [36mdefault[0m [36mas[0m [33mSquareCenterlineDashedHorizontal[0m } [36mfrom[0m [32m'./squar...[0m
[31m[1m>[0m [90m1406 |[0m ...[36mort[0m { [36mdefault[0m [36mas[0m [33mSquareChartGantt[0m } [36mfrom[0m [32m'./square-chart-gantt.mjs'[0m;
  [90m     |[0m    [31m[1m^^^^^^^^^^^^^^^^^^^^^^^^^^^^^^^^^^^^^^^^^^^^^^^^^^^^^^^^^^^^^^^^^^^^[0m
  [90m1407 |[0m ...[36mort[0m { [36mdefault[0m [36mas[0m [33mSquareCheckBig[0m } [36mfrom[0m [32m'./square-check-big.mjs'[0m;
  [90m1408 |[0m ...[36mort[0m { [36mdefault[0m [36mas[0m [33mSquareChevronDown[0m } [36mfrom[0m [32m'./square-chevron-down....[0m
  [90m1409 |[0m ...[36mort[0m { [36mdefault[0m [36mas[0m [33mSquareCheck[0m } [36mfrom[0m [32m'./square-check.mjs'[0m;



Import traces:
  Client Component Browser:
    ./.gemini/antigravity/scratch/teacher-tracking/node_modules/lucide-react/dist/esm/icons/index.mjs [Client Component Browser]
    ./.gemini/antigravity/scratch/teacher-tracking/node_modules/lucide-react/dist/esm/lucide-react.mjs [Client Component Browser]
    ./.gemini/antigravity/scratch/teacher-tracking/src/components/pages/DailyTasksPage.tsx [Client Component Browser]
    ./.gemini/antigravity/scratch/teacher-tracking/src/components/AppShell.tsx [Client Component Browser]
    ./.gemini/antigravity/scratch/teacher-tracking/src/app/page.tsx [Client Component Browser]
    ./.gemini/antigravity/scratch/teacher-tracking/src/app/page.tsx [Server Component]

  Client Component SSR:
    ./.gemini/antigravity/scratch/teacher-tracking/node_modules/lucide-react/dist/esm/icons/index.mjs [Client Component SSR]
    ./.gemini/antigravity/scratch/teacher-tracking/node_modules/lucide-react/dist/esm/lucide-react.mjs [Client Component SSR]
    ./.gemini/antigravity/scratch/teacher-tracking/src/components/pages/DailyTasksPage.tsx [Client Component SSR]
    ./.gemini/antigravity/scratch/teacher-tracking/src/components/AppShell.tsx [Client Component SSR]
    ./.gemini/antigravity/scratch/teacher-tracking/src/app/page.tsx [Client Component SSR]
    ./.gemini/antigravity/scratch/teacher-tracking/src/app/page.tsx [Server Component]

https://nextjs.org/docs/messages/module-not-found


./.gemini/antigravity/scratch/teacher-tracking/node_modules/lucide-react/dist/esm/icons/index.mjs:1407:1
Module not found: Can't resolve './square-check-big.mjs'
  [90m1405 |[0m ...[36mxport[0m { [36mdefault[0m [36mas[0m [33mSquareCenterlineDashedHorizontal[0m } [36mfrom[0m [32m'./squ...[0m
  [90m1406 |[0m ...[36mxport[0m { [36mdefault[0m [36mas[0m [33mSquareChartGantt[0m } [36mfrom[0m [32m'./square-chart-gantt....[0m
[31m[1m>[0m [90m1407 |[0m ...[36mxport[0m { [36mdefault[0m [36mas[0m [33mSquareCheckBig[0m } [36mfrom[0m [32m'./square-check-big.mjs'[0m;
  [90m     |[0m    [31m[1m^^^^^^^^^^^^^^^^^^^^^^^^^^^^^^^^^^^^^^^^^^^^^^^^^^^^^^^^^^^^^^^^^^^[0m
  [90m1408 |[0m ...[36mxport[0m { [36mdefault[0m [36mas[0m [33mSquareChevronDown[0m } [36mfrom[0m [32m'./square-chevron-dow...[0m
  [90m1409 |[0m ...[36mxport[0m { [36mdefault[0m [36mas[0m [33mSquareCheck[0m } [36mfrom[0m [32m'./square-check.mjs'[0m;
  [90m1410 |[0m ...[36mxport[0m { [36mdefault[0m [36mas[0m [33mSquareChevronLeft[0m } [36mfrom[0m [32m'./square-chevron-lef...[0m



Import traces:
  Client Component Browser:
    ./.gemini/antigravity/scratch/teacher-tracking/node_modules/lucide-react/dist/esm/icons/index.mjs [Client Component Browser]
    ./.gemini/antigravity/scratch/teacher-tracking/node_modules/lucide-react/dist/esm/lucide-react.mjs [Client Component Browser]
    ./.gemini/antigravity/scratch/teacher-tracking/src/components/pages/DailyTasksPage.tsx [Client Component Browser]
    ./.gemini/antigravity/scratch/teacher-tracking/src/components/AppShell.tsx [Client Component Browser]
    ./.gemini/antigravity/scratch/teacher-tracking/src/app/page.tsx [Client Component Browser]
    ./.gemini/antigravity/scratch/teacher-tracking/src/app/page.tsx [Server Component]

  Client Component SSR:
    ./.gemini/antigravity/scratch/teacher-tracking/node_modules/lucide-react/dist/esm/icons/index.mjs [Client Component SSR]
    ./.gemini/antigravity/scratch/teacher-tracking/node_modules/lucide-react/dist/esm/lucide-react.mjs [Client Component SSR]
    ./.gemini/antigravity/scratch/teacher-tracking/src/components/pages/DailyTasksPage.tsx [Client Component SSR]
    ./.gemini/antigravity/scratch/teacher-tracking/src/components/AppShell.tsx [Client Component SSR]
    ./.gemini/antigravity/scratch/teacher-tracking/src/app/page.tsx [Client Component SSR]
    ./.gemini/antigravity/scratch/teacher-tracking/src/app/page.tsx [Server Component]

https://nextjs.org/docs/messages/module-not-found


./.gemini/antigravity/scratch/teacher-tracking/node_modules/lucide-react/dist/esm/icons/index.mjs:1409:1
Module not found: Can't resolve './square-check.mjs'
  [90m1407 |[0m [36mexport[0m { [36mdefault[0m [36mas[0m [33mSquareCheckBig[0m } [36mfrom[0m [32m'./square-check-big.mjs'[0m;
  [90m1408 |[0m [36mexport[0m { [36mdefault[0m [36mas[0m [33mSquareChevronDown[0m } [36mfrom[0m [32m'./square-chevron-down....[0m
[31m[1m>[0m [90m1409 |[0m [36mexport[0m { [36mdefault[0m [36mas[0m [33mSquareCheck[0m } [36mfrom[0m [32m'./square-check.mjs'[0m;
  [90m     |[0m [31m[1m^^^^^^^^^^^^^^^^^^^^^^^^^^^^^^^^^^^^^^^^^^^^^^^^^^^^^^^^^^^^[0m
  [90m1410 |[0m [36mexport[0m { [36mdefault[0m [36mas[0m [33mSquareChevronLeft[0m } [36mfrom[0m [32m'./square-chevron-left....[0m
  [90m1411 |[0m [36mexport[0m { [36mdefault[0m [36mas[0m [33mSquareChevronRight[0m } [36mfrom[0m [32m'./square-chevron-righ...[0m
  [90m1412 |[0m [36mexport[0m { [36mdefault[0m [36mas[0m [33mSquareChevronUp[0m } [36mfrom[0m [32m'./square-chevron-up.mjs'[0m;



Import traces:
  Client Component Browser:
    ./.gemini/antigravity/scratch/teacher-tracking/node_modules/lucide-react/dist/esm/icons/index.mjs [Client Component Browser]
    ./.gemini/antigravity/scratch/teacher-tracking/node_modules/lucide-react/dist/esm/lucide-react.mjs [Client Component Browser]
    ./.gemini/antigravity/scratch/teacher-tracking/src/components/pages/DailyTasksPage.tsx [Client Component Browser]
    ./.gemini/antigravity/scratch/teacher-tracking/src/components/AppShell.tsx [Client Component Browser]
    ./.gemini/antigravity/scratch/teacher-tracking/src/app/page.tsx [Client Component Browser]
    ./.gemini/antigravity/scratch/teacher-tracking/src/app/page.tsx [Server Component]

  Client Component SSR:
    ./.gemini/antigravity/scratch/teacher-tracking/node_modules/lucide-react/dist/esm/icons/index.mjs [Client Component SSR]
    ./.gemini/antigravity/scratch/teacher-tracking/node_modules/lucide-react/dist/esm/lucide-react.mjs [Client Component SSR]
    ./.gemini/antigravity/scratch/teacher-tracking/src/components/pages/DailyTasksPage.tsx [Client Component SSR]
    ./.gemini/antigravity/scratch/teacher-tracking/src/components/AppShell.tsx [Client Component SSR]
    ./.gemini/antigravity/scratch/teacher-tracking/src/app/page.tsx [Client Component SSR]
    ./.gemini/antigravity/scratch/teacher-tracking/src/app/page.tsx [Server Component]

https://nextjs.org/docs/messages/module-not-found


./.gemini/antigravity/scratch/teacher-tracking/node_modules/lucide-react/dist/esm/icons/index.mjs:1408:1
Module not found: Can't resolve './square-chevron-down.mjs'
  [90m1406 |[0m ...[36mrt[0m { [36mdefault[0m [36mas[0m [33mSquareChartGantt[0m } [36mfrom[0m [32m'./square-chart-gantt.mjs'[0m;
  [90m1407 |[0m ...[36mrt[0m { [36mdefault[0m [36mas[0m [33mSquareCheckBig[0m } [36mfrom[0m [32m'./square-check-big.mjs'[0m;
[31m[1m>[0m [90m1408 |[0m ...[36mrt[0m { [36mdefault[0m [36mas[0m [33mSquareChevronDown[0m } [36mfrom[0m [32m'./square-chevron-down.m...[0m
  [90m     |[0m    [31m[1m^^^^^^^^^^^^^^^^^^^^^^^^^^^^^^^^^^^^^^^^^^^^^^^^^^^^^^^^^^^^^^^^^^^^[0m
  [90m1409 |[0m ...[36mrt[0m { [36mdefault[0m [36mas[0m [33mSquareCheck[0m } [36mfrom[0m [32m'./square-check.mjs'[0m;
  [90m1410 |[0m ...[36mrt[0m { [36mdefault[0m [36mas[0m [33mSquareChevronLeft[0m } [36mfrom[0m [32m'./square-chevron-left.m...[0m
  [90m1411 |[0m ...[36mrt[0m { [36mdefault[0m [36mas[0m [33mSquareChevronRight[0m } [36mfrom[0m [32m'./square-chevron-right...[0m



Import traces:
  Client Component Browser:
    ./.gemini/antigravity/scratch/teacher-tracking/node_modules/lucide-react/dist/esm/icons/index.mjs [Client Component Browser]
    ./.gemini/antigravity/scratch/teacher-tracking/node_modules/lucide-react/dist/esm/lucide-react.mjs [Client Component Browser]
    ./.gemini/antigravity/scratch/teacher-tracking/src/components/pages/DailyTasksPage.tsx [Client Component Browser]
    ./.gemini/antigravity/scratch/teacher-tracking/src/components/AppShell.tsx [Client Component Browser]
    ./.gemini/antigravity/scratch/teacher-tracking/src/app/page.tsx [Client Component Browser]
    ./.gemini/antigravity/scratch/teacher-tracking/src/app/page.tsx [Server Component]

  Client Component SSR:
    ./.gemini/antigravity/scratch/teacher-tracking/node_modules/lucide-react/dist/esm/icons/index.mjs [Client Component SSR]
    ./.gemini/antigravity/scratch/teacher-tracking/node_modules/lucide-react/dist/esm/lucide-react.mjs [Client Component SSR]
    ./.gemini/antigravity/scratch/teacher-tracking/src/components/pages/DailyTasksPage.tsx [Client Component SSR]
    ./.gemini/antigravity/scratch/teacher-tracking/src/components/AppShell.tsx [Client Component SSR]
    ./.gemini/antigravity/scratch/teacher-tracking/src/app/page.tsx [Client Component SSR]
    ./.gemini/antigravity/scratch/teacher-tracking/src/app/page.tsx [Server Component]

https://nextjs.org/docs/messages/module-not-found


./.gemini/antigravity/scratch/teacher-tracking/node_modules/lucide-react/dist/esm/icons/index.mjs:1410:1
Module not found: Can't resolve './square-chevron-left.mjs'
  [90m1408 |[0m ...[36mrt[0m { [36mdefault[0m [36mas[0m [33mSquareChevronDown[0m } [36mfrom[0m [32m'./square-chevron-down.m...[0m
  [90m1409 |[0m ...[36mrt[0m { [36mdefault[0m [36mas[0m [33mSquareCheck[0m } [36mfrom[0m [32m'./square-check.mjs'[0m;
[31m[1m>[0m [90m1410 |[0m ...[36mrt[0m { [36mdefault[0m [36mas[0m [33mSquareChevronLeft[0m } [36mfrom[0m [32m'./square-chevron-left.m...[0m
  [90m     |[0m    [31m[1m^^^^^^^^^^^^^^^^^^^^^^^^^^^^^^^^^^^^^^^^^^^^^^^^^^^^^^^^^^^^^^^^^^^^[0m
  [90m1411 |[0m ...[36mrt[0m { [36mdefault[0m [36mas[0m [33mSquareChevronRight[0m } [36mfrom[0m [32m'./square-chevron-right...[0m
  [90m1412 |[0m ...[36mrt[0m { [36mdefault[0m [36mas[0m [33mSquareChevronUp[0m } [36mfrom[0m [32m'./square-chevron-up.mjs'[0m;
  [90m1413 |[0m ...[36mrt[0m { [36mdefault[0m [36mas[0m [33mSquareCode[0m } [36mfrom[0m [32m'./square-code.mjs'[0m;



Import traces:
  Client Component Browser:
    ./.gemini/antigravity/scratch/teacher-tracking/node_modules/lucide-react/dist/esm/icons/index.mjs [Client Component Browser]
    ./.gemini/antigravity/scratch/teacher-tracking/node_modules/lucide-react/dist/esm/lucide-react.mjs [Client Component Browser]
    ./.gemini/antigravity/scratch/teacher-tracking/src/components/pages/DailyTasksPage.tsx [Client Component Browser]
    ./.gemini/antigravity/scratch/teacher-tracking/src/components/AppShell.tsx [Client Component Browser]
    ./.gemini/antigravity/scratch/teacher-tracking/src/app/page.tsx [Client Component Browser]
    ./.gemini/antigravity/scratch/teacher-tracking/src/app/page.tsx [Server Component]

  Client Component SSR:
    ./.gemini/antigravity/scratch/teacher-tracking/node_modules/lucide-react/dist/esm/icons/index.mjs [Client Component SSR]
    ./.gemini/antigravity/scratch/teacher-tracking/node_modules/lucide-react/dist/esm/lucide-react.mjs [Client Component SSR]
    ./.gemini/antigravity/scratch/teacher-tracking/src/components/pages/DailyTasksPage.tsx [Client Component SSR]
    ./.gemini/antigravity/scratch/teacher-tracking/src/components/AppShell.tsx [Client Component SSR]
    ./.gemini/antigravity/scratch/teacher-tracking/src/app/page.tsx [Client Component SSR]
    ./.gemini/antigravity/scratch/teacher-tracking/src/app/page.tsx [Server Component]

https://nextjs.org/docs/messages/module-not-found


./.gemini/antigravity/scratch/teacher-tracking/node_modules/lucide-react/dist/esm/icons/index.mjs:1411:1
Module not found: Can't resolve './square-chevron-right.mjs'
  [90m1409 |[0m ...[36mt[0m { [36mdefault[0m [36mas[0m [33mSquareCheck[0m } [36mfrom[0m [32m'./square-check.mjs'[0m;
  [90m1410 |[0m ...[36mt[0m { [36mdefault[0m [36mas[0m [33mSquareChevronLeft[0m } [36mfrom[0m [32m'./square-chevron-left.mjs'[0m;
[31m[1m>[0m [90m1411 |[0m ...[36mt[0m { [36mdefault[0m [36mas[0m [33mSquareChevronRight[0m } [36mfrom[0m [32m'./square-chevron-right....[0m
  [90m     |[0m    [31m[1m^^^^^^^^^^^^^^^^^^^^^^^^^^^^^^^^^^^^^^^^^^^^^^^^^^^^^^^^^^^^^^^^^^^^[0m
  [90m1412 |[0m ...[36mt[0m { [36mdefault[0m [36mas[0m [33mSquareChevronUp[0m } [36mfrom[0m [32m'./square-chevron-up.mjs'[0m;
  [90m1413 |[0m ...[36mt[0m { [36mdefault[0m [36mas[0m [33mSquareCode[0m } [36mfrom[0m [32m'./square-code.mjs'[0m;
  [90m1414 |[0m ...[36mt[0m { [36mdefault[0m [36mas[0m [33mSquareDashedBottomCode[0m } [36mfrom[0m [32m'./square-dashed-bot...[0m



Import traces:
  Client Component Browser:
    ./.gemini/antigravity/scratch/teacher-tracking/node_modules/lucide-react/dist/esm/icons/index.mjs [Client Component Browser]
    ./.gemini/antigravity/scratch/teacher-tracking/node_modules/lucide-react/dist/esm/lucide-react.mjs [Client Component Browser]
    ./.gemini/antigravity/scratch/teacher-tracking/src/components/pages/DailyTasksPage.tsx [Client Component Browser]
    ./.gemini/antigravity/scratch/teacher-tracking/src/components/AppShell.tsx [Client Component Browser]
    ./.gemini/antigravity/scratch/teacher-tracking/src/app/page.tsx [Client Component Browser]
    ./.gemini/antigravity/scratch/teacher-tracking/src/app/page.tsx [Server Component]

  Client Component SSR:
    ./.gemini/antigravity/scratch/teacher-tracking/node_modules/lucide-react/dist/esm/icons/index.mjs [Client Component SSR]
    ./.gemini/antigravity/scratch/teacher-tracking/node_modules/lucide-react/dist/esm/lucide-react.mjs [Client Component SSR]
    ./.gemini/antigravity/scratch/teacher-tracking/src/components/pages/DailyTasksPage.tsx [Client Component SSR]
    ./.gemini/antigravity/scratch/teacher-tracking/src/components/AppShell.tsx [Client Component SSR]
    ./.gemini/antigravity/scratch/teacher-tracking/src/app/page.tsx [Client Component SSR]
    ./.gemini/antigravity/scratch/teacher-tracking/src/app/page.tsx [Server Component]

https://nextjs.org/docs/messages/module-not-found


./.gemini/antigravity/scratch/teacher-tracking/node_modules/lucide-react/dist/esm/icons/index.mjs:1412:1
Module not found: Can't resolve './square-chevron-up.mjs'
  [90m1410 |[0m ...[36mport[0m { [36mdefault[0m [36mas[0m [33mSquareChevronLeft[0m } [36mfrom[0m [32m'./square-chevron-left...[0m
  [90m1411 |[0m ...[36mport[0m { [36mdefault[0m [36mas[0m [33mSquareChevronRight[0m } [36mfrom[0m [32m'./square-chevron-rig...[0m
[31m[1m>[0m [90m1412 |[0m ...[36mport[0m { [36mdefault[0m [36mas[0m [33mSquareChevronUp[0m } [36mfrom[0m [32m'./square-chevron-up.mjs'[0m;
  [90m     |[0m    [31m[1m^^^^^^^^^^^^^^^^^^^^^^^^^^^^^^^^^^^^^^^^^^^^^^^^^^^^^^^^^^^^^^^^^^^^[0m
  [90m1413 |[0m ...[36mport[0m { [36mdefault[0m [36mas[0m [33mSquareCode[0m } [36mfrom[0m [32m'./square-code.mjs'[0m;
  [90m1414 |[0m ...[36mport[0m { [36mdefault[0m [36mas[0m [33mSquareDashedBottomCode[0m } [36mfrom[0m [32m'./square-dashed-...[0m
  [90m1415 |[0m ...[36mport[0m { [36mdefault[0m [36mas[0m [33mSquareDashedBottom[0m } [36mfrom[0m [32m'./square-dashed-bott...[0m



Import traces:
  Client Component Browser:
    ./.gemini/antigravity/scratch/teacher-tracking/node_modules/lucide-react/dist/esm/icons/index.mjs [Client Component Browser]
    ./.gemini/antigravity/scratch/teacher-tracking/node_modules/lucide-react/dist/esm/lucide-react.mjs [Client Component Browser]
    ./.gemini/antigravity/scratch/teacher-tracking/src/components/pages/DailyTasksPage.tsx [Client Component Browser]
    ./.gemini/antigravity/scratch/teacher-tracking/src/components/AppShell.tsx [Client Component Browser]
    ./.gemini/antigravity/scratch/teacher-tracking/src/app/page.tsx [Client Component Browser]
    ./.gemini/antigravity/scratch/teacher-tracking/src/app/page.tsx [Server Component]

  Client Component SSR:
    ./.gemini/antigravity/scratch/teacher-tracking/node_modules/lucide-react/dist/esm/icons/index.mjs [Client Component SSR]
    ./.gemini/antigravity/scratch/teacher-tracking/node_modules/lucide-react/dist/esm/lucide-react.mjs [Client Component SSR]
    ./.gemini/antigravity/scratch/teacher-tracking/src/components/pages/DailyTasksPage.tsx [Client Component SSR]
    ./.gemini/antigravity/scratch/teacher-tracking/src/components/AppShell.tsx [Client Component SSR]
    ./.gemini/antigravity/scratch/teacher-tracking/src/app/page.tsx [Client Component SSR]
    ./.gemini/antigravity/scratch/teacher-tracking/src/app/page.tsx [Server Component]

https://nextjs.org/docs/messages/module-not-found


./.gemini/antigravity/scratch/teacher-tracking/node_modules/lucide-react/dist/esm/icons/index.mjs:1413:1
Module not found: Can't resolve './square-code.mjs'
  [90m1411 |[0m [36mexport[0m { [36mdefault[0m [36mas[0m [33mSquareChevronRight[0m } [36mfrom[0m [32m'./square-chevron-righ...[0m
  [90m1412 |[0m [36mexport[0m { [36mdefault[0m [36mas[0m [33mSquareChevronUp[0m } [36mfrom[0m [32m'./square-chevron-up.mjs'[0m;
[31m[1m>[0m [90m1413 |[0m [36mexport[0m { [36mdefault[0m [36mas[0m [33mSquareCode[0m } [36mfrom[0m [32m'./square-code.mjs'[0m;
  [90m     |[0m [31m[1m^^^^^^^^^^^^^^^^^^^^^^^^^^^^^^^^^^^^^^^^^^^^^^^^^^^^^^^^^^[0m
  [90m1414 |[0m [36mexport[0m { [36mdefault[0m [36mas[0m [33mSquareDashedBottomCode[0m } [36mfrom[0m [32m'./square-dashed-b...[0m
  [90m1415 |[0m [36mexport[0m { [36mdefault[0m [36mas[0m [33mSquareDashedBottom[0m } [36mfrom[0m [32m'./square-dashed-botto...[0m
  [90m1416 |[0m [36mexport[0m { [36mdefault[0m [36mas[0m [33mSquareDashedMousePointer[0m } [36mfrom[0m [32m'./square-dashed...[0m



Import traces:
  Client Component Browser:
    ./.gemini/antigravity/scratch/teacher-tracking/node_modules/lucide-react/dist/esm/icons/index.mjs [Client Component Browser]
    ./.gemini/antigravity/scratch/teacher-tracking/node_modules/lucide-react/dist/esm/lucide-react.mjs [Client Component Browser]
    ./.gemini/antigravity/scratch/teacher-tracking/src/components/pages/DailyTasksPage.tsx [Client Component Browser]
    ./.gemini/antigravity/scratch/teacher-tracking/src/components/AppShell.tsx [Client Component Browser]
    ./.gemini/antigravity/scratch/teacher-tracking/src/app/page.tsx [Client Component Browser]
    ./.gemini/antigravity/scratch/teacher-tracking/src/app/page.tsx [Server Component]

  Client Component SSR:
    ./.gemini/antigravity/scratch/teacher-tracking/node_modules/lucide-react/dist/esm/icons/index.mjs [Client Component SSR]
    ./.gemini/antigravity/scratch/teacher-tracking/node_modules/lucide-react/dist/esm/lucide-react.mjs [Client Component SSR]
    ./.gemini/antigravity/scratch/teacher-tracking/src/components/pages/DailyTasksPage.tsx [Client Component SSR]
    ./.gemini/antigravity/scratch/teacher-tracking/src/components/AppShell.tsx [Client Component SSR]
    ./.gemini/antigravity/scratch/teacher-tracking/src/app/page.tsx [Client Component SSR]
    ./.gemini/antigravity/scratch/teacher-tracking/src/app/page.tsx [Server Component]

https://nextjs.org/docs/messages/module-not-found


./.gemini/antigravity/scratch/teacher-tracking/node_modules/lucide-react/dist/esm/icons/index.mjs:1414:1
Module not found: Can't resolve './square-dashed-bottom-code.mjs'
  [90m1412 |[0m ...[36mefault[0m [36mas[0m [33mSquareChevronUp[0m } [36mfrom[0m [32m'./square-chevron-up.mjs'[0m;
  [90m1413 |[0m ...[36mefault[0m [36mas[0m [33mSquareCode[0m } [36mfrom[0m [32m'./square-code.mjs'[0m;
[31m[1m>[0m [90m1414 |[0m ...[36mefault[0m [36mas[0m [33mSquareDashedBottomCode[0m } [36mfrom[0m [32m'./square-dashed-bottom-c...[0m
  [90m     |[0m    [31m[1m^^^^^^^^^^^^^^^^^^^^^^^^^^^^^^^^^^^^^^^^^^^^^^^^^^^^^^^^^^^^^^^^^^^^[0m
  [90m1415 |[0m ...[36mefault[0m [36mas[0m [33mSquareDashedBottom[0m } [36mfrom[0m [32m'./square-dashed-bottom.mjs'[0m;
  [90m1416 |[0m ...[36mefault[0m [36mas[0m [33mSquareDashedMousePointer[0m } [36mfrom[0m [32m'./square-dashed-mouse-...[0m
  [90m1417 |[0m ...[36mefault[0m [36mas[0m [33mSquareDashedKanban[0m } [36mfrom[0m [32m'./square-dashed-kanban.mjs'[0m;



Import traces:
  Client Component Browser:
    ./.gemini/antigravity/scratch/teacher-tracking/node_modules/lucide-react/dist/esm/icons/index.mjs [Client Component Browser]
    ./.gemini/antigravity/scratch/teacher-tracking/node_modules/lucide-react/dist/esm/lucide-react.mjs [Client Component Browser]
    ./.gemini/antigravity/scratch/teacher-tracking/src/components/pages/DailyTasksPage.tsx [Client Component Browser]
    ./.gemini/antigravity/scratch/teacher-tracking/src/components/AppShell.tsx [Client Component Browser]
    ./.gemini/antigravity/scratch/teacher-tracking/src/app/page.tsx [Client Component Browser]
    ./.gemini/antigravity/scratch/teacher-tracking/src/app/page.tsx [Server Component]

  Client Component SSR:
    ./.gemini/antigravity/scratch/teacher-tracking/node_modules/lucide-react/dist/esm/icons/index.mjs [Client Component SSR]
    ./.gemini/antigravity/scratch/teacher-tracking/node_modules/lucide-react/dist/esm/lucide-react.mjs [Client Component SSR]
    ./.gemini/antigravity/scratch/teacher-tracking/src/components/pages/DailyTasksPage.tsx [Client Component SSR]
    ./.gemini/antigravity/scratch/teacher-tracking/src/components/AppShell.tsx [Client Component SSR]
    ./.gemini/antigravity/scratch/teacher-tracking/src/app/page.tsx [Client Component SSR]
    ./.gemini/antigravity/scratch/teacher-tracking/src/app/page.tsx [Server Component]

https://nextjs.org/docs/messages/module-not-found


./.gemini/antigravity/scratch/teacher-tracking/node_modules/lucide-react/dist/esm/icons/index.mjs:1415:1
Module not found: Can't resolve './square-dashed-bottom.mjs'
  [90m1413 |[0m ...[36mt[0m { [36mdefault[0m [36mas[0m [33mSquareCode[0m } [36mfrom[0m [32m'./square-code.mjs'[0m;
  [90m1414 |[0m ...[36mt[0m { [36mdefault[0m [36mas[0m [33mSquareDashedBottomCode[0m } [36mfrom[0m [32m'./square-dashed-bot...[0m
[31m[1m>[0m [90m1415 |[0m ...[36mt[0m { [36mdefault[0m [36mas[0m [33mSquareDashedBottom[0m } [36mfrom[0m [32m'./square-dashed-bottom....[0m
  [90m     |[0m    [31m[1m^^^^^^^^^^^^^^^^^^^^^^^^^^^^^^^^^^^^^^^^^^^^^^^^^^^^^^^^^^^^^^^^^^^^[0m
  [90m1416 |[0m ...[36mt[0m { [36mdefault[0m [36mas[0m [33mSquareDashedMousePointer[0m } [36mfrom[0m [32m'./square-dashed-m...[0m
  [90m1417 |[0m ...[36mt[0m { [36mdefault[0m [36mas[0m [33mSquareDashedKanban[0m } [36mfrom[0m [32m'./square-dashed-kanban....[0m
  [90m1418 |[0m ...[36mt[0m { [36mdefault[0m [36mas[0m [33mSquareDashedText[0m } [36mfrom[0m [32m'./square-dashed-text.mjs'[0m;



Import traces:
  Client Component Browser:
    ./.gemini/antigravity/scratch/teacher-tracking/node_modules/lucide-react/dist/esm/icons/index.mjs [Client Component Browser]
    ./.gemini/antigravity/scratch/teacher-tracking/node_modules/lucide-react/dist/esm/lucide-react.mjs [Client Component Browser]
    ./.gemini/antigravity/scratch/teacher-tracking/src/components/pages/DailyTasksPage.tsx [Client Component Browser]
    ./.gemini/antigravity/scratch/teacher-tracking/src/components/AppShell.tsx [Client Component Browser]
    ./.gemini/antigravity/scratch/teacher-tracking/src/app/page.tsx [Client Component Browser]
    ./.gemini/antigravity/scratch/teacher-tracking/src/app/page.tsx [Server Component]

  Client Component SSR:
    ./.gemini/antigravity/scratch/teacher-tracking/node_modules/lucide-react/dist/esm/icons/index.mjs [Client Component SSR]
    ./.gemini/antigravity/scratch/teacher-tracking/node_modules/lucide-react/dist/esm/lucide-react.mjs [Client Component SSR]
    ./.gemini/antigravity/scratch/teacher-tracking/src/components/pages/DailyTasksPage.tsx [Client Component SSR]
    ./.gemini/antigravity/scratch/teacher-tracking/src/components/AppShell.tsx [Client Component SSR]
    ./.gemini/antigravity/scratch/teacher-tracking/src/app/page.tsx [Client Component SSR]
    ./.gemini/antigravity/scratch/teacher-tracking/src/app/page.tsx [Server Component]

https://nextjs.org/docs/messages/module-not-found


./.gemini/antigravity/scratch/teacher-tracking/node_modules/lucide-react/dist/esm/icons/index.mjs:1417:1
Module not found: Can't resolve './square-dashed-kanban.mjs'
  [90m1415 |[0m ...[36mt[0m { [36mdefault[0m [36mas[0m [33mSquareDashedBottom[0m } [36mfrom[0m [32m'./square-dashed-bottom....[0m
  [90m1416 |[0m ...[36mt[0m { [36mdefault[0m [36mas[0m [33mSquareDashedMousePointer[0m } [36mfrom[0m [32m'./square-dashed-m...[0m
[31m[1m>[0m [90m1417 |[0m ...[36mt[0m { [36mdefault[0m [36mas[0m [33mSquareDashedKanban[0m } [36mfrom[0m [32m'./square-dashed-kanban....[0m
  [90m     |[0m    [31m[1m^^^^^^^^^^^^^^^^^^^^^^^^^^^^^^^^^^^^^^^^^^^^^^^^^^^^^^^^^^^^^^^^^^^^[0m
  [90m1418 |[0m ...[36mt[0m { [36mdefault[0m [36mas[0m [33mSquareDashedText[0m } [36mfrom[0m [32m'./square-dashed-text.mjs'[0m;
  [90m1419 |[0m ...[36mt[0m { [36mdefault[0m [36mas[0m [33mSquareDashedTopSolid[0m } [36mfrom[0m [32m'./square-dashed-top-s...[0m
  [90m1420 |[0m ...[36mt[0m { [36mdefault[0m [36mas[0m [33mSquareDashed[0m } [36mfrom[0m [32m'./square-dashed.mjs'[0m;



Import traces:
  Client Component Browser:
    ./.gemini/antigravity/scratch/teacher-tracking/node_modules/lucide-react/dist/esm/icons/index.mjs [Client Component Browser]
    ./.gemini/antigravity/scratch/teacher-tracking/node_modules/lucide-react/dist/esm/lucide-react.mjs [Client Component Browser]
    ./.gemini/antigravity/scratch/teacher-tracking/src/components/pages/DailyTasksPage.tsx [Client Component Browser]
    ./.gemini/antigravity/scratch/teacher-tracking/src/components/AppShell.tsx [Client Component Browser]
    ./.gemini/antigravity/scratch/teacher-tracking/src/app/page.tsx [Client Component Browser]
    ./.gemini/antigravity/scratch/teacher-tracking/src/app/page.tsx [Server Component]

  Client Component SSR:
    ./.gemini/antigravity/scratch/teacher-tracking/node_modules/lucide-react/dist/esm/icons/index.mjs [Client Component SSR]
    ./.gemini/antigravity/scratch/teacher-tracking/node_modules/lucide-react/dist/esm/lucide-react.mjs [Client Component SSR]
    ./.gemini/antigravity/scratch/teacher-tracking/src/components/pages/DailyTasksPage.tsx [Client Component SSR]
    ./.gemini/antigravity/scratch/teacher-tracking/src/components/AppShell.tsx [Client Component SSR]
    ./.gemini/antigravity/scratch/teacher-tracking/src/app/page.tsx [Client Component SSR]
    ./.gemini/antigravity/scratch/teacher-tracking/src/app/page.tsx [Server Component]

https://nextjs.org/docs/messages/module-not-found


./.gemini/antigravity/scratch/teacher-tracking/node_modules/lucide-react/dist/esm/icons/index.mjs:1416:1
Module not found: Can't resolve './square-dashed-mouse-pointer.mjs'
  [90m1414 |[0m ...[36mault[0m [36mas[0m [33mSquareDashedBottomCode[0m } [36mfrom[0m [32m'./square-dashed-bottom-cod...[0m
  [90m1415 |[0m ...[36mault[0m [36mas[0m [33mSquareDashedBottom[0m } [36mfrom[0m [32m'./square-dashed-bottom.mjs'[0m;
[31m[1m>[0m [90m1416 |[0m ...[36mault[0m [36mas[0m [33mSquareDashedMousePointer[0m } [36mfrom[0m [32m'./square-dashed-mouse-po...[0m
  [90m     |[0m    [31m[1m^^^^^^^^^^^^^^^^^^^^^^^^^^^^^^^^^^^^^^^^^^^^^^^^^^^^^^^^^^^^^^^^^^^^[0m
  [90m1417 |[0m ...[36mault[0m [36mas[0m [33mSquareDashedKanban[0m } [36mfrom[0m [32m'./square-dashed-kanban.mjs'[0m;
  [90m1418 |[0m ...[36mault[0m [36mas[0m [33mSquareDashedText[0m } [36mfrom[0m [32m'./square-dashed-text.mjs'[0m;
  [90m1419 |[0m ...[36mault[0m [36mas[0m [33mSquareDashedTopSolid[0m } [36mfrom[0m [32m'./square-dashed-top-solid.mjs'[0m;



Import traces:
  Client Component Browser:
    ./.gemini/antigravity/scratch/teacher-tracking/node_modules/lucide-react/dist/esm/icons/index.mjs [Client Component Browser]
    ./.gemini/antigravity/scratch/teacher-tracking/node_modules/lucide-react/dist/esm/lucide-react.mjs [Client Component Browser]
    ./.gemini/antigravity/scratch/teacher-tracking/src/components/pages/DailyTasksPage.tsx [Client Component Browser]
    ./.gemini/antigravity/scratch/teacher-tracking/src/components/AppShell.tsx [Client Component Browser]
    ./.gemini/antigravity/scratch/teacher-tracking/src/app/page.tsx [Client Component Browser]
    ./.gemini/antigravity/scratch/teacher-tracking/src/app/page.tsx [Server Component]

  Client Component SSR:
    ./.gemini/antigravity/scratch/teacher-tracking/node_modules/lucide-react/dist/esm/icons/index.mjs [Client Component SSR]
    ./.gemini/antigravity/scratch/teacher-tracking/node_modules/lucide-react/dist/esm/lucide-react.mjs [Client Component SSR]
    ./.gemini/antigravity/scratch/teacher-tracking/src/components/pages/DailyTasksPage.tsx [Client Component SSR]
    ./.gemini/antigravity/scratch/teacher-tracking/src/components/AppShell.tsx [Client Component SSR]
    ./.gemini/antigravity/scratch/teacher-tracking/src/app/page.tsx [Client Component SSR]
    ./.gemini/antigravity/scratch/teacher-tracking/src/app/page.tsx [Server Component]

https://nextjs.org/docs/messages/module-not-found


./.gemini/antigravity/scratch/teacher-tracking/node_modules/lucide-react/dist/esm/icons/index.mjs:1418:1
Module not found: Can't resolve './square-dashed-text.mjs'
  [90m1416 |[0m ...[36mort[0m { [36mdefault[0m [36mas[0m [33mSquareDashedMousePointer[0m } [36mfrom[0m [32m'./square-dashed...[0m
  [90m1417 |[0m ...[36mort[0m { [36mdefault[0m [36mas[0m [33mSquareDashedKanban[0m } [36mfrom[0m [32m'./square-dashed-kanba...[0m
[31m[1m>[0m [90m1418 |[0m ...[36mort[0m { [36mdefault[0m [36mas[0m [33mSquareDashedText[0m } [36mfrom[0m [32m'./square-dashed-text.mjs'[0m;
  [90m     |[0m    [31m[1m^^^^^^^^^^^^^^^^^^^^^^^^^^^^^^^^^^^^^^^^^^^^^^^^^^^^^^^^^^^^^^^^^^^^[0m
  [90m1419 |[0m ...[36mort[0m { [36mdefault[0m [36mas[0m [33mSquareDashedTopSolid[0m } [36mfrom[0m [32m'./square-dashed-top...[0m
  [90m1420 |[0m ...[36mort[0m { [36mdefault[0m [36mas[0m [33mSquareDashed[0m } [36mfrom[0m [32m'./square-dashed.mjs'[0m;
  [90m1421 |[0m ...[36mort[0m { [36mdefault[0m [36mas[0m [33mSquareDivide[0m } [36mfrom[0m [32m'./square-divide.mjs'[0m;



Import traces:
  Client Component Browser:
    ./.gemini/antigravity/scratch/teacher-tracking/node_modules/lucide-react/dist/esm/icons/index.mjs [Client Component Browser]
    ./.gemini/antigravity/scratch/teacher-tracking/node_modules/lucide-react/dist/esm/lucide-react.mjs [Client Component Browser]
    ./.gemini/antigravity/scratch/teacher-tracking/src/components/pages/DailyTasksPage.tsx [Client Component Browser]
    ./.gemini/antigravity/scratch/teacher-tracking/src/components/AppShell.tsx [Client Component Browser]
    ./.gemini/antigravity/scratch/teacher-tracking/src/app/page.tsx [Client Component Browser]
    ./.gemini/antigravity/scratch/teacher-tracking/src/app/page.tsx [Server Component]

  Client Component SSR:
    ./.gemini/antigravity/scratch/teacher-tracking/node_modules/lucide-react/dist/esm/icons/index.mjs [Client Component SSR]
    ./.gemini/antigravity/scratch/teacher-tracking/node_modules/lucide-react/dist/esm/lucide-react.mjs [Client Component SSR]
    ./.gemini/antigravity/scratch/teacher-tracking/src/components/pages/DailyTasksPage.tsx [Client Component SSR]
    ./.gemini/antigravity/scratch/teacher-tracking/src/components/AppShell.tsx [Client Component SSR]
    ./.gemini/antigravity/scratch/teacher-tracking/src/app/page.tsx [Client Component SSR]
    ./.gemini/antigravity/scratch/teacher-tracking/src/app/page.tsx [Server Component]

https://nextjs.org/docs/messages/module-not-found


./.gemini/antigravity/scratch/teacher-tracking/node_modules/lucide-react/dist/esm/icons/index.mjs:1419:1
Module not found: Can't resolve './square-dashed-top-solid.mjs'
  [90m1417 |[0m ... [36mdefault[0m [36mas[0m [33mSquareDashedKanban[0m } [36mfrom[0m [32m'./square-dashed-kanban.mjs'[0m;
  [90m1418 |[0m ... [36mdefault[0m [36mas[0m [33mSquareDashedText[0m } [36mfrom[0m [32m'./square-dashed-text.mjs'[0m;
[31m[1m>[0m [90m1419 |[0m ... [36mdefault[0m [36mas[0m [33mSquareDashedTopSolid[0m } [36mfrom[0m [32m'./square-dashed-top-soli...[0m
  [90m     |[0m    [31m[1m^^^^^^^^^^^^^^^^^^^^^^^^^^^^^^^^^^^^^^^^^^^^^^^^^^^^^^^^^^^^^^^^^^^^[0m
  [90m1420 |[0m ... [36mdefault[0m [36mas[0m [33mSquareDashed[0m } [36mfrom[0m [32m'./square-dashed.mjs'[0m;
  [90m1421 |[0m ... [36mdefault[0m [36mas[0m [33mSquareDivide[0m } [36mfrom[0m [32m'./square-divide.mjs'[0m;
  [90m1422 |[0m ... [36mdefault[0m [36mas[0m [33mSquareDot[0m } [36mfrom[0m [32m'./square-dot.mjs'[0m;



Import traces:
  Client Component Browser:
    ./.gemini/antigravity/scratch/teacher-tracking/node_modules/lucide-react/dist/esm/icons/index.mjs [Client Component Browser]
    ./.gemini/antigravity/scratch/teacher-tracking/node_modules/lucide-react/dist/esm/lucide-react.mjs [Client Component Browser]
    ./.gemini/antigravity/scratch/teacher-tracking/src/components/pages/DailyTasksPage.tsx [Client Component Browser]
    ./.gemini/antigravity/scratch/teacher-tracking/src/components/AppShell.tsx [Client Component Browser]
    ./.gemini/antigravity/scratch/teacher-tracking/src/app/page.tsx [Client Component Browser]
    ./.gemini/antigravity/scratch/teacher-tracking/src/app/page.tsx [Server Component]

  Client Component SSR:
    ./.gemini/antigravity/scratch/teacher-tracking/node_modules/lucide-react/dist/esm/icons/index.mjs [Client Component SSR]
    ./.gemini/antigravity/scratch/teacher-tracking/node_modules/lucide-react/dist/esm/lucide-react.mjs [Client Component SSR]
    ./.gemini/antigravity/scratch/teacher-tracking/src/components/pages/DailyTasksPage.tsx [Client Component SSR]
    ./.gemini/antigravity/scratch/teacher-tracking/src/components/AppShell.tsx [Client Component SSR]
    ./.gemini/antigravity/scratch/teacher-tracking/src/app/page.tsx [Client Component SSR]
    ./.gemini/antigravity/scratch/teacher-tracking/src/app/page.tsx [Server Component]

https://nextjs.org/docs/messages/module-not-found


./.gemini/antigravity/scratch/teacher-tracking/node_modules/lucide-react/dist/esm/icons/index.mjs:1420:1
Module not found: Can't resolve './square-dashed.mjs'
  [90m1418 |[0m [36mexport[0m { [36mdefault[0m [36mas[0m [33mSquareDashedText[0m } [36mfrom[0m [32m'./square-dashed-text.mjs'[0m;
  [90m1419 |[0m [36mexport[0m { [36mdefault[0m [36mas[0m [33mSquareDashedTopSolid[0m } [36mfrom[0m [32m'./square-dashed-top...[0m
[31m[1m>[0m [90m1420 |[0m [36mexport[0m { [36mdefault[0m [36mas[0m [33mSquareDashed[0m } [36mfrom[0m [32m'./square-dashed.mjs'[0m;
  [90m     |[0m [31m[1m^^^^^^^^^^^^^^^^^^^^^^^^^^^^^^^^^^^^^^^^^^^^^^^^^^^^^^^^^^^^^^[0m
  [90m1421 |[0m [36mexport[0m { [36mdefault[0m [36mas[0m [33mSquareDivide[0m } [36mfrom[0m [32m'./square-divide.mjs'[0m;
  [90m1422 |[0m [36mexport[0m { [36mdefault[0m [36mas[0m [33mSquareDot[0m } [36mfrom[0m [32m'./square-dot.mjs'[0m;
  [90m1423 |[0m [36mexport[0m { [36mdefault[0m [36mas[0m [33mSquareEqual[0m } [36mfrom[0m [32m'./square-equal.mjs'[0m;



Import traces:
  Client Component Browser:
    ./.gemini/antigravity/scratch/teacher-tracking/node_modules/lucide-react/dist/esm/icons/index.mjs [Client Component Browser]
    ./.gemini/antigravity/scratch/teacher-tracking/node_modules/lucide-react/dist/esm/lucide-react.mjs [Client Component Browser]
    ./.gemini/antigravity/scratch/teacher-tracking/src/components/pages/DailyTasksPage.tsx [Client Component Browser]
    ./.gemini/antigravity/scratch/teacher-tracking/src/components/AppShell.tsx [Client Component Browser]
    ./.gemini/antigravity/scratch/teacher-tracking/src/app/page.tsx [Client Component Browser]
    ./.gemini/antigravity/scratch/teacher-tracking/src/app/page.tsx [Server Component]

  Client Component SSR:
    ./.gemini/antigravity/scratch/teacher-tracking/node_modules/lucide-react/dist/esm/icons/index.mjs [Client Component SSR]
    ./.gemini/antigravity/scratch/teacher-tracking/node_modules/lucide-react/dist/esm/lucide-react.mjs [Client Component SSR]
    ./.gemini/antigravity/scratch/teacher-tracking/src/components/pages/DailyTasksPage.tsx [Client Component SSR]
    ./.gemini/antigravity/scratch/teacher-tracking/src/components/AppShell.tsx [Client Component SSR]
    ./.gemini/antigravity/scratch/teacher-tracking/src/app/page.tsx [Client Component SSR]
    ./.gemini/antigravity/scratch/teacher-tracking/src/app/page.tsx [Server Component]

https://nextjs.org/docs/messages/module-not-found


./.gemini/antigravity/scratch/teacher-tracking/node_modules/lucide-react/dist/esm/icons/index.mjs:1421:1
Module not found: Can't resolve './square-divide.mjs'
  [90m1419 |[0m [36mexport[0m { [36mdefault[0m [36mas[0m [33mSquareDashedTopSolid[0m } [36mfrom[0m [32m'./square-dashed-top...[0m
  [90m1420 |[0m [36mexport[0m { [36mdefault[0m [36mas[0m [33mSquareDashed[0m } [36mfrom[0m [32m'./square-dashed.mjs'[0m;
[31m[1m>[0m [90m1421 |[0m [36mexport[0m { [36mdefault[0m [36mas[0m [33mSquareDivide[0m } [36mfrom[0m [32m'./square-divide.mjs'[0m;
  [90m     |[0m [31m[1m^^^^^^^^^^^^^^^^^^^^^^^^^^^^^^^^^^^^^^^^^^^^^^^^^^^^^^^^^^^^^^[0m
  [90m1422 |[0m [36mexport[0m { [36mdefault[0m [36mas[0m [33mSquareDot[0m } [36mfrom[0m [32m'./square-dot.mjs'[0m;
  [90m1423 |[0m [36mexport[0m { [36mdefault[0m [36mas[0m [33mSquareEqual[0m } [36mfrom[0m [32m'./square-equal.mjs'[0m;
  [90m1424 |[0m [36mexport[0m { [36mdefault[0m [36mas[0m [33mSquareFunction[0m } [36mfrom[0m [32m'./square-function.mjs'[0m;



Import traces:
  Client Component Browser:
    ./.gemini/antigravity/scratch/teacher-tracking/node_modules/lucide-react/dist/esm/icons/index.mjs [Client Component Browser]
    ./.gemini/antigravity/scratch/teacher-tracking/node_modules/lucide-react/dist/esm/lucide-react.mjs [Client Component Browser]
    ./.gemini/antigravity/scratch/teacher-tracking/src/components/pages/DailyTasksPage.tsx [Client Component Browser]
    ./.gemini/antigravity/scratch/teacher-tracking/src/components/AppShell.tsx [Client Component Browser]
    ./.gemini/antigravity/scratch/teacher-tracking/src/app/page.tsx [Client Component Browser]
    ./.gemini/antigravity/scratch/teacher-tracking/src/app/page.tsx [Server Component]

  Client Component SSR:
    ./.gemini/antigravity/scratch/teacher-tracking/node_modules/lucide-react/dist/esm/icons/index.mjs [Client Component SSR]
    ./.gemini/antigravity/scratch/teacher-tracking/node_modules/lucide-react/dist/esm/lucide-react.mjs [Client Component SSR]
    ./.gemini/antigravity/scratch/teacher-tracking/src/components/pages/DailyTasksPage.tsx [Client Component SSR]
    ./.gemini/antigravity/scratch/teacher-tracking/src/components/AppShell.tsx [Client Component SSR]
    ./.gemini/antigravity/scratch/teacher-tracking/src/app/page.tsx [Client Component SSR]
    ./.gemini/antigravity/scratch/teacher-tracking/src/app/page.tsx [Server Component]

https://nextjs.org/docs/messages/module-not-found


./.gemini/antigravity/scratch/teacher-tracking/node_modules/lucide-react/dist/esm/icons/index.mjs:1422:1
Module not found: Can't resolve './square-dot.mjs'
  [90m1420 |[0m [36mexport[0m { [36mdefault[0m [36mas[0m [33mSquareDashed[0m } [36mfrom[0m [32m'./square-dashed.mjs'[0m;
  [90m1421 |[0m [36mexport[0m { [36mdefault[0m [36mas[0m [33mSquareDivide[0m } [36mfrom[0m [32m'./square-divide.mjs'[0m;
[31m[1m>[0m [90m1422 |[0m [36mexport[0m { [36mdefault[0m [36mas[0m [33mSquareDot[0m } [36mfrom[0m [32m'./square-dot.mjs'[0m;
  [90m     |[0m [31m[1m^^^^^^^^^^^^^^^^^^^^^^^^^^^^^^^^^^^^^^^^^^^^^^^^^^^^^^^^[0m
  [90m1423 |[0m [36mexport[0m { [36mdefault[0m [36mas[0m [33mSquareEqual[0m } [36mfrom[0m [32m'./square-equal.mjs'[0m;
  [90m1424 |[0m [36mexport[0m { [36mdefault[0m [36mas[0m [33mSquareFunction[0m } [36mfrom[0m [32m'./square-function.mjs'[0m;
  [90m1425 |[0m [36mexport[0m { [36mdefault[0m [36mas[0m [33mSquareKanban[0m } [36mfrom[0m [32m'./square-kanban.mjs'[0m;



Import traces:
  Client Component Browser:
    ./.gemini/antigravity/scratch/teacher-tracking/node_modules/lucide-react/dist/esm/icons/index.mjs [Client Component Browser]
    ./.gemini/antigravity/scratch/teacher-tracking/node_modules/lucide-react/dist/esm/lucide-react.mjs [Client Component Browser]
    ./.gemini/antigravity/scratch/teacher-tracking/src/components/pages/DailyTasksPage.tsx [Client Component Browser]
    ./.gemini/antigravity/scratch/teacher-tracking/src/components/AppShell.tsx [Client Component Browser]
    ./.gemini/antigravity/scratch/teacher-tracking/src/app/page.tsx [Client Component Browser]
    ./.gemini/antigravity/scratch/teacher-tracking/src/app/page.tsx [Server Component]

  Client Component SSR:
    ./.gemini/antigravity/scratch/teacher-tracking/node_modules/lucide-react/dist/esm/icons/index.mjs [Client Component SSR]
    ./.gemini/antigravity/scratch/teacher-tracking/node_modules/lucide-react/dist/esm/lucide-react.mjs [Client Component SSR]
    ./.gemini/antigravity/scratch/teacher-tracking/src/components/pages/DailyTasksPage.tsx [Client Component SSR]
    ./.gemini/antigravity/scratch/teacher-tracking/src/components/AppShell.tsx [Client Component SSR]
    ./.gemini/antigravity/scratch/teacher-tracking/src/app/page.tsx [Client Component SSR]
    ./.gemini/antigravity/scratch/teacher-tracking/src/app/page.tsx [Server Component]

https://nextjs.org/docs/messages/module-not-found


./.gemini/antigravity/scratch/teacher-tracking/node_modules/lucide-react/dist/esm/icons/index.mjs:1423:1
Module not found: Can't resolve './square-equal.mjs'
  [90m1421 |[0m [36mexport[0m { [36mdefault[0m [36mas[0m [33mSquareDivide[0m } [36mfrom[0m [32m'./square-divide.mjs'[0m;
  [90m1422 |[0m [36mexport[0m { [36mdefault[0m [36mas[0m [33mSquareDot[0m } [36mfrom[0m [32m'./square-dot.mjs'[0m;
[31m[1m>[0m [90m1423 |[0m [36mexport[0m { [36mdefault[0m [36mas[0m [33mSquareEqual[0m } [36mfrom[0m [32m'./square-equal.mjs'[0m;
  [90m     |[0m [31m[1m^^^^^^^^^^^^^^^^^^^^^^^^^^^^^^^^^^^^^^^^^^^^^^^^^^^^^^^^^^^^[0m
  [90m1424 |[0m [36mexport[0m { [36mdefault[0m [36mas[0m [33mSquareFunction[0m } [36mfrom[0m [32m'./square-function.mjs'[0m;
  [90m1425 |[0m [36mexport[0m { [36mdefault[0m [36mas[0m [33mSquareKanban[0m } [36mfrom[0m [32m'./square-kanban.mjs'[0m;
  [90m1426 |[0m [36mexport[0m { [36mdefault[0m [36mas[0m [33mSquareLibrary[0m } [36mfrom[0m [32m'./square-library.mjs'[0m;



Import traces:
  Client Component Browser:
    ./.gemini/antigravity/scratch/teacher-tracking/node_modules/lucide-react/dist/esm/icons/index.mjs [Client Component Browser]
    ./.gemini/antigravity/scratch/teacher-tracking/node_modules/lucide-react/dist/esm/lucide-react.mjs [Client Component Browser]
    ./.gemini/antigravity/scratch/teacher-tracking/src/components/pages/DailyTasksPage.tsx [Client Component Browser]
    ./.gemini/antigravity/scratch/teacher-tracking/src/components/AppShell.tsx [Client Component Browser]
    ./.gemini/antigravity/scratch/teacher-tracking/src/app/page.tsx [Client Component Browser]
    ./.gemini/antigravity/scratch/teacher-tracking/src/app/page.tsx [Server Component]

  Client Component SSR:
    ./.gemini/antigravity/scratch/teacher-tracking/node_modules/lucide-react/dist/esm/icons/index.mjs [Client Component SSR]
    ./.gemini/antigravity/scratch/teacher-tracking/node_modules/lucide-react/dist/esm/lucide-react.mjs [Client Component SSR]
    ./.gemini/antigravity/scratch/teacher-tracking/src/components/pages/DailyTasksPage.tsx [Client Component SSR]
    ./.gemini/antigravity/scratch/teacher-tracking/src/components/AppShell.tsx [Client Component SSR]
    ./.gemini/antigravity/scratch/teacher-tracking/src/app/page.tsx [Client Component SSR]
    ./.gemini/antigravity/scratch/teacher-tracking/src/app/page.tsx [Server Component]

https://nextjs.org/docs/messages/module-not-found


./.gemini/antigravity/scratch/teacher-tracking/node_modules/lucide-react/dist/esm/icons/index.mjs:1424:1
Module not found: Can't resolve './square-function.mjs'
  [90m1422 |[0m [36mexport[0m { [36mdefault[0m [36mas[0m [33mSquareDot[0m } [36mfrom[0m [32m'./square-dot.mjs'[0m;
  [90m1423 |[0m [36mexport[0m { [36mdefault[0m [36mas[0m [33mSquareEqual[0m } [36mfrom[0m [32m'./square-equal.mjs'[0m;
[31m[1m>[0m [90m1424 |[0m [36mexport[0m { [36mdefault[0m [36mas[0m [33mSquareFunction[0m } [36mfrom[0m [32m'./square-function.mjs'[0m;
  [90m     |[0m [31m[1m^^^^^^^^^^^^^^^^^^^^^^^^^^^^^^^^^^^^^^^^^^^^^^^^^^^^^^^^^^^^^^^^^^[0m
  [90m1425 |[0m [36mexport[0m { [36mdefault[0m [36mas[0m [33mSquareKanban[0m } [36mfrom[0m [32m'./square-kanban.mjs'[0m;
  [90m1426 |[0m [36mexport[0m { [36mdefault[0m [36mas[0m [33mSquareLibrary[0m } [36mfrom[0m [32m'./square-library.mjs'[0m;
  [90m1427 |[0m [36mexport[0m { [36mdefault[0m [36mas[0m [33mSquareM[0m } [36mfrom[0m [32m'./square-m.mjs'[0m;



Import traces:
  Client Component Browser:
    ./.gemini/antigravity/scratch/teacher-tracking/node_modules/lucide-react/dist/esm/icons/index.mjs [Client Component Browser]
    ./.gemini/antigravity/scratch/teacher-tracking/node_modules/lucide-react/dist/esm/lucide-react.mjs [Client Component Browser]
    ./.gemini/antigravity/scratch/teacher-tracking/src/components/pages/DailyTasksPage.tsx [Client Component Browser]
    ./.gemini/antigravity/scratch/teacher-tracking/src/components/AppShell.tsx [Client Component Browser]
    ./.gemini/antigravity/scratch/teacher-tracking/src/app/page.tsx [Client Component Browser]
    ./.gemini/antigravity/scratch/teacher-tracking/src/app/page.tsx [Server Component]

  Client Component SSR:
    ./.gemini/antigravity/scratch/teacher-tracking/node_modules/lucide-react/dist/esm/icons/index.mjs [Client Component SSR]
    ./.gemini/antigravity/scratch/teacher-tracking/node_modules/lucide-react/dist/esm/lucide-react.mjs [Client Component SSR]
    ./.gemini/antigravity/scratch/teacher-tracking/src/components/pages/DailyTasksPage.tsx [Client Component SSR]
    ./.gemini/antigravity/scratch/teacher-tracking/src/components/AppShell.tsx [Client Component SSR]
    ./.gemini/antigravity/scratch/teacher-tracking/src/app/page.tsx [Client Component SSR]
    ./.gemini/antigravity/scratch/teacher-tracking/src/app/page.tsx [Server Component]

https://nextjs.org/docs/messages/module-not-found


./.gemini/antigravity/scratch/teacher-tracking/node_modules/lucide-react/dist/esm/icons/index.mjs:1425:1
Module not found: Can't resolve './square-kanban.mjs'
  [90m1423 |[0m [36mexport[0m { [36mdefault[0m [36mas[0m [33mSquareEqual[0m } [36mfrom[0m [32m'./square-equal.mjs'[0m;
  [90m1424 |[0m [36mexport[0m { [36mdefault[0m [36mas[0m [33mSquareFunction[0m } [36mfrom[0m [32m'./square-function.mjs'[0m;
[31m[1m>[0m [90m1425 |[0m [36mexport[0m { [36mdefault[0m [36mas[0m [33mSquareKanban[0m } [36mfrom[0m [32m'./square-kanban.mjs'[0m;
  [90m     |[0m [31m[1m^^^^^^^^^^^^^^^^^^^^^^^^^^^^^^^^^^^^^^^^^^^^^^^^^^^^^^^^^^^^^^[0m
  [90m1426 |[0m [36mexport[0m { [36mdefault[0m [36mas[0m [33mSquareLibrary[0m } [36mfrom[0m [32m'./square-library.mjs'[0m;
  [90m1427 |[0m [36mexport[0m { [36mdefault[0m [36mas[0m [33mSquareM[0m } [36mfrom[0m [32m'./square-m.mjs'[0m;
  [90m1428 |[0m [36mexport[0m { [36mdefault[0m [36mas[0m [33mSquareMenu[0m } [36mfrom[0m [32m'./square-menu.mjs'[0m;



Import traces:
  Client Component Browser:
    ./.gemini/antigravity/scratch/teacher-tracking/node_modules/lucide-react/dist/esm/icons/index.mjs [Client Component Browser]
    ./.gemini/antigravity/scratch/teacher-tracking/node_modules/lucide-react/dist/esm/lucide-react.mjs [Client Component Browser]
    ./.gemini/antigravity/scratch/teacher-tracking/src/components/pages/DailyTasksPage.tsx [Client Component Browser]
    ./.gemini/antigravity/scratch/teacher-tracking/src/components/AppShell.tsx [Client Component Browser]
    ./.gemini/antigravity/scratch/teacher-tracking/src/app/page.tsx [Client Component Browser]
    ./.gemini/antigravity/scratch/teacher-tracking/src/app/page.tsx [Server Component]

  Client Component SSR:
    ./.gemini/antigravity/scratch/teacher-tracking/node_modules/lucide-react/dist/esm/icons/index.mjs [Client Component SSR]
    ./.gemini/antigravity/scratch/teacher-tracking/node_modules/lucide-react/dist/esm/lucide-react.mjs [Client Component SSR]
    ./.gemini/antigravity/scratch/teacher-tracking/src/components/pages/DailyTasksPage.tsx [Client Component SSR]
    ./.gemini/antigravity/scratch/teacher-tracking/src/components/AppShell.tsx [Client Component SSR]
    ./.gemini/antigravity/scratch/teacher-tracking/src/app/page.tsx [Client Component SSR]
    ./.gemini/antigravity/scratch/teacher-tracking/src/app/page.tsx [Server Component]

https://nextjs.org/docs/messages/module-not-found


./.gemini/antigravity/scratch/teacher-tracking/node_modules/lucide-react/dist/esm/icons/index.mjs:1426:1
Module not found: Can't resolve './square-library.mjs'
  [90m1424 |[0m [36mexport[0m { [36mdefault[0m [36mas[0m [33mSquareFunction[0m } [36mfrom[0m [32m'./square-function.mjs'[0m;
  [90m1425 |[0m [36mexport[0m { [36mdefault[0m [36mas[0m [33mSquareKanban[0m } [36mfrom[0m [32m'./square-kanban.mjs'[0m;
[31m[1m>[0m [90m1426 |[0m [36mexport[0m { [36mdefault[0m [36mas[0m [33mSquareLibrary[0m } [36mfrom[0m [32m'./square-library.mjs'[0m;
  [90m     |[0m [31m[1m^^^^^^^^^^^^^^^^^^^^^^^^^^^^^^^^^^^^^^^^^^^^^^^^^^^^^^^^^^^^^^^^[0m
  [90m1427 |[0m [36mexport[0m { [36mdefault[0m [36mas[0m [33mSquareM[0m } [36mfrom[0m [32m'./square-m.mjs'[0m;
  [90m1428 |[0m [36mexport[0m { [36mdefault[0m [36mas[0m [33mSquareMenu[0m } [36mfrom[0m [32m'./square-menu.mjs'[0m;
  [90m1429 |[0m [36mexport[0m { [36mdefault[0m [36mas[0m [33mSquareMinus[0m } [36mfrom[0m [32m'./square-minus.mjs'[0m;



Import traces:
  Client Component Browser:
    ./.gemini/antigravity/scratch/teacher-tracking/node_modules/lucide-react/dist/esm/icons/index.mjs [Client Component Browser]
    ./.gemini/antigravity/scratch/teacher-tracking/node_modules/lucide-react/dist/esm/lucide-react.mjs [Client Component Browser]
    ./.gemini/antigravity/scratch/teacher-tracking/src/components/pages/DailyTasksPage.tsx [Client Component Browser]
    ./.gemini/antigravity/scratch/teacher-tracking/src/components/AppShell.tsx [Client Component Browser]
    ./.gemini/antigravity/scratch/teacher-tracking/src/app/page.tsx [Client Component Browser]
    ./.gemini/antigravity/scratch/teacher-tracking/src/app/page.tsx [Server Component]

  Client Component SSR:
    ./.gemini/antigravity/scratch/teacher-tracking/node_modules/lucide-react/dist/esm/icons/index.mjs [Client Component SSR]
    ./.gemini/antigravity/scratch/teacher-tracking/node_modules/lucide-react/dist/esm/lucide-react.mjs [Client Component SSR]
    ./.gemini/antigravity/scratch/teacher-tracking/src/components/pages/DailyTasksPage.tsx [Client Component SSR]
    ./.gemini/antigravity/scratch/teacher-tracking/src/components/AppShell.tsx [Client Component SSR]
    ./.gemini/antigravity/scratch/teacher-tracking/src/app/page.tsx [Client Component SSR]
    ./.gemini/antigravity/scratch/teacher-tracking/src/app/page.tsx [Server Component]

https://nextjs.org/docs/messages/module-not-found


./.gemini/antigravity/scratch/teacher-tracking/node_modules/lucide-react/dist/esm/icons/index.mjs:1427:1
Module not found: Can't resolve './square-m.mjs'
  [90m1425 |[0m [36mexport[0m { [36mdefault[0m [36mas[0m [33mSquareKanban[0m } [36mfrom[0m [32m'./square-kanban.mjs'[0m;
  [90m1426 |[0m [36mexport[0m { [36mdefault[0m [36mas[0m [33mSquareLibrary[0m } [36mfrom[0m [32m'./square-library.mjs'[0m;
[31m[1m>[0m [90m1427 |[0m [36mexport[0m { [36mdefault[0m [36mas[0m [33mSquareM[0m } [36mfrom[0m [32m'./square-m.mjs'[0m;
  [90m     |[0m [31m[1m^^^^^^^^^^^^^^^^^^^^^^^^^^^^^^^^^^^^^^^^^^^^^^^^^^^^[0m
  [90m1428 |[0m [36mexport[0m { [36mdefault[0m [36mas[0m [33mSquareMenu[0m } [36mfrom[0m [32m'./square-menu.mjs'[0m;
  [90m1429 |[0m [36mexport[0m { [36mdefault[0m [36mas[0m [33mSquareMinus[0m } [36mfrom[0m [32m'./square-minus.mjs'[0m;
  [90m1430 |[0m [36mexport[0m { [36mdefault[0m [36mas[0m [33mSquareMousePointer[0m } [36mfrom[0m [32m'./square-mouse-pointe...[0m



Import traces:
  Client Component Browser:
    ./.gemini/antigravity/scratch/teacher-tracking/node_modules/lucide-react/dist/esm/icons/index.mjs [Client Component Browser]
    ./.gemini/antigravity/scratch/teacher-tracking/node_modules/lucide-react/dist/esm/lucide-react.mjs [Client Component Browser]
    ./.gemini/antigravity/scratch/teacher-tracking/src/components/pages/DailyTasksPage.tsx [Client Component Browser]
    ./.gemini/antigravity/scratch/teacher-tracking/src/components/AppShell.tsx [Client Component Browser]
    ./.gemini/antigravity/scratch/teacher-tracking/src/app/page.tsx [Client Component Browser]
    ./.gemini/antigravity/scratch/teacher-tracking/src/app/page.tsx [Server Component]

  Client Component SSR:
    ./.gemini/antigravity/scratch/teacher-tracking/node_modules/lucide-react/dist/esm/icons/index.mjs [Client Component SSR]
    ./.gemini/antigravity/scratch/teacher-tracking/node_modules/lucide-react/dist/esm/lucide-react.mjs [Client Component SSR]
    ./.gemini/antigravity/scratch/teacher-tracking/src/components/pages/DailyTasksPage.tsx [Client Component SSR]
    ./.gemini/antigravity/scratch/teacher-tracking/src/components/AppShell.tsx [Client Component SSR]
    ./.gemini/antigravity/scratch/teacher-tracking/src/app/page.tsx [Client Component SSR]
    ./.gemini/antigravity/scratch/teacher-tracking/src/app/page.tsx [Server Component]

https://nextjs.org/docs/messages/module-not-found


./.gemini/antigravity/scratch/teacher-tracking/node_modules/lucide-react/dist/esm/icons/index.mjs:1428:1
Module not found: Can't resolve './square-menu.mjs'
  [90m1426 |[0m [36mexport[0m { [36mdefault[0m [36mas[0m [33mSquareLibrary[0m } [36mfrom[0m [32m'./square-library.mjs'[0m;
  [90m1427 |[0m [36mexport[0m { [36mdefault[0m [36mas[0m [33mSquareM[0m } [36mfrom[0m [32m'./square-m.mjs'[0m;
[31m[1m>[0m [90m1428 |[0m [36mexport[0m { [36mdefault[0m [36mas[0m [33mSquareMenu[0m } [36mfrom[0m [32m'./square-menu.mjs'[0m;
  [90m     |[0m [31m[1m^^^^^^^^^^^^^^^^^^^^^^^^^^^^^^^^^^^^^^^^^^^^^^^^^^^^^^^^^^[0m
  [90m1429 |[0m [36mexport[0m { [36mdefault[0m [36mas[0m [33mSquareMinus[0m } [36mfrom[0m [32m'./square-minus.mjs'[0m;
  [90m1430 |[0m [36mexport[0m { [36mdefault[0m [36mas[0m [33mSquareMousePointer[0m } [36mfrom[0m [32m'./square-mouse-pointe...[0m
  [90m1431 |[0m [36mexport[0m { [36mdefault[0m [36mas[0m [33mSquareParking[0m } [36mfrom[0m [32m'./square-parking.mjs'[0m;



Import traces:
  Client Component Browser:
    ./.gemini/antigravity/scratch/teacher-tracking/node_modules/lucide-react/dist/esm/icons/index.mjs [Client Component Browser]
    ./.gemini/antigravity/scratch/teacher-tracking/node_modules/lucide-react/dist/esm/lucide-react.mjs [Client Component Browser]
    ./.gemini/antigravity/scratch/teacher-tracking/src/components/pages/DailyTasksPage.tsx [Client Component Browser]
    ./.gemini/antigravity/scratch/teacher-tracking/src/components/AppShell.tsx [Client Component Browser]
    ./.gemini/antigravity/scratch/teacher-tracking/src/app/page.tsx [Client Component Browser]
    ./.gemini/antigravity/scratch/teacher-tracking/src/app/page.tsx [Server Component]

  Client Component SSR:
    ./.gemini/antigravity/scratch/teacher-tracking/node_modules/lucide-react/dist/esm/icons/index.mjs [Client Component SSR]
    ./.gemini/antigravity/scratch/teacher-tracking/node_modules/lucide-react/dist/esm/lucide-react.mjs [Client Component SSR]
    ./.gemini/antigravity/scratch/teacher-tracking/src/components/pages/DailyTasksPage.tsx [Client Component SSR]
    ./.gemini/antigravity/scratch/teacher-tracking/src/components/AppShell.tsx [Client Component SSR]
    ./.gemini/antigravity/scratch/teacher-tracking/src/app/page.tsx [Client Component SSR]
    ./.gemini/antigravity/scratch/teacher-tracking/src/app/page.tsx [Server Component]

https://nextjs.org/docs/messages/module-not-found


./.gemini/antigravity/scratch/teacher-tracking/node_modules/lucide-react/dist/esm/icons/index.mjs:1429:1
Module not found: Can't resolve './square-minus.mjs'
  [90m1427 |[0m [36mexport[0m { [36mdefault[0m [36mas[0m [33mSquareM[0m } [36mfrom[0m [32m'./square-m.mjs'[0m;
  [90m1428 |[0m [36mexport[0m { [36mdefault[0m [36mas[0m [33mSquareMenu[0m } [36mfrom[0m [32m'./square-menu.mjs'[0m;
[31m[1m>[0m [90m1429 |[0m [36mexport[0m { [36mdefault[0m [36mas[0m [33mSquareMinus[0m } [36mfrom[0m [32m'./square-minus.mjs'[0m;
  [90m     |[0m [31m[1m^^^^^^^^^^^^^^^^^^^^^^^^^^^^^^^^^^^^^^^^^^^^^^^^^^^^^^^^^^^^[0m
  [90m1430 |[0m [36mexport[0m { [36mdefault[0m [36mas[0m [33mSquareMousePointer[0m } [36mfrom[0m [32m'./square-mouse-pointe...[0m
  [90m1431 |[0m [36mexport[0m { [36mdefault[0m [36mas[0m [33mSquareParking[0m } [36mfrom[0m [32m'./square-parking.mjs'[0m;
  [90m1432 |[0m [36mexport[0m { [36mdefault[0m [36mas[0m [33mSquareParkingOff[0m } [36mfrom[0m [32m'./square-parking-off.mjs'[0m;



Import traces:
  Client Component Browser:
    ./.gemini/antigravity/scratch/teacher-tracking/node_modules/lucide-react/dist/esm/icons/index.mjs [Client Component Browser]
    ./.gemini/antigravity/scratch/teacher-tracking/node_modules/lucide-react/dist/esm/lucide-react.mjs [Client Component Browser]
    ./.gemini/antigravity/scratch/teacher-tracking/src/components/pages/DailyTasksPage.tsx [Client Component Browser]
    ./.gemini/antigravity/scratch/teacher-tracking/src/components/AppShell.tsx [Client Component Browser]
    ./.gemini/antigravity/scratch/teacher-tracking/src/app/page.tsx [Client Component Browser]
    ./.gemini/antigravity/scratch/teacher-tracking/src/app/page.tsx [Server Component]

  Client Component SSR:
    ./.gemini/antigravity/scratch/teacher-tracking/node_modules/lucide-react/dist/esm/icons/index.mjs [Client Component SSR]
    ./.gemini/antigravity/scratch/teacher-tracking/node_modules/lucide-react/dist/esm/lucide-react.mjs [Client Component SSR]
    ./.gemini/antigravity/scratch/teacher-tracking/src/components/pages/DailyTasksPage.tsx [Client Component SSR]
    ./.gemini/antigravity/scratch/teacher-tracking/src/components/AppShell.tsx [Client Component SSR]
    ./.gemini/antigravity/scratch/teacher-tracking/src/app/page.tsx [Client Component SSR]
    ./.gemini/antigravity/scratch/teacher-tracking/src/app/page.tsx [Server Component]

https://nextjs.org/docs/messages/module-not-found


./.gemini/antigravity/scratch/teacher-tracking/node_modules/lucide-react/dist/esm/icons/index.mjs:1430:1
Module not found: Can't resolve './square-mouse-pointer.mjs'
  [90m1428 |[0m ...[36mt[0m { [36mdefault[0m [36mas[0m [33mSquareMenu[0m } [36mfrom[0m [32m'./square-menu.mjs'[0m;
  [90m1429 |[0m ...[36mt[0m { [36mdefault[0m [36mas[0m [33mSquareMinus[0m } [36mfrom[0m [32m'./square-minus.mjs'[0m;
[31m[1m>[0m [90m1430 |[0m ...[36mt[0m { [36mdefault[0m [36mas[0m [33mSquareMousePointer[0m } [36mfrom[0m [32m'./square-mouse-pointer....[0m
  [90m     |[0m    [31m[1m^^^^^^^^^^^^^^^^^^^^^^^^^^^^^^^^^^^^^^^^^^^^^^^^^^^^^^^^^^^^^^^^^^^^[0m
  [90m1431 |[0m ...[36mt[0m { [36mdefault[0m [36mas[0m [33mSquareParking[0m } [36mfrom[0m [32m'./square-parking.mjs'[0m;
  [90m1432 |[0m ...[36mt[0m { [36mdefault[0m [36mas[0m [33mSquareParkingOff[0m } [36mfrom[0m [32m'./square-parking-off.mjs'[0m;
  [90m1433 |[0m ...[36mt[0m { [36mdefault[0m [36mas[0m [33mSquarePause[0m } [36mfrom[0m [32m'./square-pause.mjs'[0m;



Import traces:
  Client Component Browser:
    ./.gemini/antigravity/scratch/teacher-tracking/node_modules/lucide-react/dist/esm/icons/index.mjs [Client Component Browser]
    ./.gemini/antigravity/scratch/teacher-tracking/node_modules/lucide-react/dist/esm/lucide-react.mjs [Client Component Browser]
    ./.gemini/antigravity/scratch/teacher-tracking/src/components/pages/DailyTasksPage.tsx [Client Component Browser]
    ./.gemini/antigravity/scratch/teacher-tracking/src/components/AppShell.tsx [Client Component Browser]
    ./.gemini/antigravity/scratch/teacher-tracking/src/app/page.tsx [Client Component Browser]
    ./.gemini/antigravity/scratch/teacher-tracking/src/app/page.tsx [Server Component]

  Client Component SSR:
    ./.gemini/antigravity/scratch/teacher-tracking/node_modules/lucide-react/dist/esm/icons/index.mjs [Client Component SSR]
    ./.gemini/antigravity/scratch/teacher-tracking/node_modules/lucide-react/dist/esm/lucide-react.mjs [Client Component SSR]
    ./.gemini/antigravity/scratch/teacher-tracking/src/components/pages/DailyTasksPage.tsx [Client Component SSR]
    ./.gemini/antigravity/scratch/teacher-tracking/src/components/AppShell.tsx [Client Component SSR]
    ./.gemini/antigravity/scratch/teacher-tracking/src/app/page.tsx [Client Component SSR]
    ./.gemini/antigravity/scratch/teacher-tracking/src/app/page.tsx [Server Component]

https://nextjs.org/docs/messages/module-not-found


./.gemini/antigravity/scratch/teacher-tracking/node_modules/lucide-react/dist/esm/icons/index.mjs:1432:1
Module not found: Can't resolve './square-parking-off.mjs'
  [90m1430 |[0m ...[36mort[0m { [36mdefault[0m [36mas[0m [33mSquareMousePointer[0m } [36mfrom[0m [32m'./square-mouse-pointe...[0m
  [90m1431 |[0m ...[36mort[0m { [36mdefault[0m [36mas[0m [33mSquareParking[0m } [36mfrom[0m [32m'./square-parking.mjs'[0m;
[31m[1m>[0m [90m1432 |[0m ...[36mort[0m { [36mdefault[0m [36mas[0m [33mSquareParkingOff[0m } [36mfrom[0m [32m'./square-parking-off.mjs'[0m;
  [90m     |[0m    [31m[1m^^^^^^^^^^^^^^^^^^^^^^^^^^^^^^^^^^^^^^^^^^^^^^^^^^^^^^^^^^^^^^^^^^^^[0m
  [90m1433 |[0m ...[36mort[0m { [36mdefault[0m [36mas[0m [33mSquarePause[0m } [36mfrom[0m [32m'./square-pause.mjs'[0m;
  [90m1434 |[0m ...[36mort[0m { [36mdefault[0m [36mas[0m [33mSquarePen[0m } [36mfrom[0m [32m'./square-pen.mjs'[0m;
  [90m1435 |[0m ...[36mort[0m { [36mdefault[0m [36mas[0m [33mSquarePercent[0m } [36mfrom[0m [32m'./square-percent.mjs'[0m;



Import traces:
  Client Component Browser:
    ./.gemini/antigravity/scratch/teacher-tracking/node_modules/lucide-react/dist/esm/icons/index.mjs [Client Component Browser]
    ./.gemini/antigravity/scratch/teacher-tracking/node_modules/lucide-react/dist/esm/lucide-react.mjs [Client Component Browser]
    ./.gemini/antigravity/scratch/teacher-tracking/src/components/pages/DailyTasksPage.tsx [Client Component Browser]
    ./.gemini/antigravity/scratch/teacher-tracking/src/components/AppShell.tsx [Client Component Browser]
    ./.gemini/antigravity/scratch/teacher-tracking/src/app/page.tsx [Client Component Browser]
    ./.gemini/antigravity/scratch/teacher-tracking/src/app/page.tsx [Server Component]

  Client Component SSR:
    ./.gemini/antigravity/scratch/teacher-tracking/node_modules/lucide-react/dist/esm/icons/index.mjs [Client Component SSR]
    ./.gemini/antigravity/scratch/teacher-tracking/node_modules/lucide-react/dist/esm/lucide-react.mjs [Client Component SSR]
    ./.gemini/antigravity/scratch/teacher-tracking/src/components/pages/DailyTasksPage.tsx [Client Component SSR]
    ./.gemini/antigravity/scratch/teacher-tracking/src/components/AppShell.tsx [Client Component SSR]
    ./.gemini/antigravity/scratch/teacher-tracking/src/app/page.tsx [Client Component SSR]
    ./.gemini/antigravity/scratch/teacher-tracking/src/app/page.tsx [Server Component]

https://nextjs.org/docs/messages/module-not-found


./.gemini/antigravity/scratch/teacher-tracking/node_modules/lucide-react/dist/esm/icons/index.mjs:1431:1
Module not found: Can't resolve './square-parking.mjs'
  [90m1429 |[0m [36mexport[0m { [36mdefault[0m [36mas[0m [33mSquareMinus[0m } [36mfrom[0m [32m'./square-minus.mjs'[0m;
  [90m1430 |[0m [36mexport[0m { [36mdefault[0m [36mas[0m [33mSquareMousePointer[0m } [36mfrom[0m [32m'./square-mouse-pointe...[0m
[31m[1m>[0m [90m1431 |[0m [36mexport[0m { [36mdefault[0m [36mas[0m [33mSquareParking[0m } [36mfrom[0m [32m'./square-parking.mjs'[0m;
  [90m     |[0m [31m[1m^^^^^^^^^^^^^^^^^^^^^^^^^^^^^^^^^^^^^^^^^^^^^^^^^^^^^^^^^^^^^^^^[0m
  [90m1432 |[0m [36mexport[0m { [36mdefault[0m [36mas[0m [33mSquareParkingOff[0m } [36mfrom[0m [32m'./square-parking-off.mjs'[0m;
  [90m1433 |[0m [36mexport[0m { [36mdefault[0m [36mas[0m [33mSquarePause[0m } [36mfrom[0m [32m'./square-pause.mjs'[0m;
  [90m1434 |[0m [36mexport[0m { [36mdefault[0m [36mas[0m [33mSquarePen[0m } [36mfrom[0m [32m'./square-pen.mjs'[0m;



Import traces:
  Client Component Browser:
    ./.gemini/antigravity/scratch/teacher-tracking/node_modules/lucide-react/dist/esm/icons/index.mjs [Client Component Browser]
    ./.gemini/antigravity/scratch/teacher-tracking/node_modules/lucide-react/dist/esm/lucide-react.mjs [Client Component Browser]
    ./.gemini/antigravity/scratch/teacher-tracking/src/components/pages/DailyTasksPage.tsx [Client Component Browser]
    ./.gemini/antigravity/scratch/teacher-tracking/src/components/AppShell.tsx [Client Component Browser]
    ./.gemini/antigravity/scratch/teacher-tracking/src/app/page.tsx [Client Component Browser]
    ./.gemini/antigravity/scratch/teacher-tracking/src/app/page.tsx [Server Component]

  Client Component SSR:
    ./.gemini/antigravity/scratch/teacher-tracking/node_modules/lucide-react/dist/esm/icons/index.mjs [Client Component SSR]
    ./.gemini/antigravity/scratch/teacher-tracking/node_modules/lucide-react/dist/esm/lucide-react.mjs [Client Component SSR]
    ./.gemini/antigravity/scratch/teacher-tracking/src/components/pages/DailyTasksPage.tsx [Client Component SSR]
    ./.gemini/antigravity/scratch/teacher-tracking/src/components/AppShell.tsx [Client Component SSR]
    ./.gemini/antigravity/scratch/teacher-tracking/src/app/page.tsx [Client Component SSR]
    ./.gemini/antigravity/scratch/teacher-tracking/src/app/page.tsx [Server Component]

https://nextjs.org/docs/messages/module-not-found


./.gemini/antigravity/scratch/teacher-tracking/node_modules/lucide-react/dist/esm/icons/index.mjs:1433:1
Module not found: Can't resolve './square-pause.mjs'
  [90m1431 |[0m [36mexport[0m { [36mdefault[0m [36mas[0m [33mSquareParking[0m } [36mfrom[0m [32m'./square-parking.mjs'[0m;
  [90m1432 |[0m [36mexport[0m { [36mdefault[0m [36mas[0m [33mSquareParkingOff[0m } [36mfrom[0m [32m'./square-parking-off.mjs'[0m;
[31m[1m>[0m [90m1433 |[0m [36mexport[0m { [36mdefault[0m [36mas[0m [33mSquarePause[0m } [36mfrom[0m [32m'./square-pause.mjs'[0m;
  [90m     |[0m [31m[1m^^^^^^^^^^^^^^^^^^^^^^^^^^^^^^^^^^^^^^^^^^^^^^^^^^^^^^^^^^^^[0m
  [90m1434 |[0m [36mexport[0m { [36mdefault[0m [36mas[0m [33mSquarePen[0m } [36mfrom[0m [32m'./square-pen.mjs'[0m;
  [90m1435 |[0m [36mexport[0m { [36mdefault[0m [36mas[0m [33mSquarePercent[0m } [36mfrom[0m [32m'./square-percent.mjs'[0m;
  [90m1436 |[0m [36mexport[0m { [36mdefault[0m [36mas[0m [33mSquarePi[0m } [36mfrom[0m [32m'./square-pi.mjs'[0m;



Import traces:
  Client Component Browser:
    ./.gemini/antigravity/scratch/teacher-tracking/node_modules/lucide-react/dist/esm/icons/index.mjs [Client Component Browser]
    ./.gemini/antigravity/scratch/teacher-tracking/node_modules/lucide-react/dist/esm/lucide-react.mjs [Client Component Browser]
    ./.gemini/antigravity/scratch/teacher-tracking/src/components/pages/DailyTasksPage.tsx [Client Component Browser]
    ./.gemini/antigravity/scratch/teacher-tracking/src/components/AppShell.tsx [Client Component Browser]
    ./.gemini/antigravity/scratch/teacher-tracking/src/app/page.tsx [Client Component Browser]
    ./.gemini/antigravity/scratch/teacher-tracking/src/app/page.tsx [Server Component]

  Client Component SSR:
    ./.gemini/antigravity/scratch/teacher-tracking/node_modules/lucide-react/dist/esm/icons/index.mjs [Client Component SSR]
    ./.gemini/antigravity/scratch/teacher-tracking/node_modules/lucide-react/dist/esm/lucide-react.mjs [Client Component SSR]
    ./.gemini/antigravity/scratch/teacher-tracking/src/components/pages/DailyTasksPage.tsx [Client Component SSR]
    ./.gemini/antigravity/scratch/teacher-tracking/src/components/AppShell.tsx [Client Component SSR]
    ./.gemini/antigravity/scratch/teacher-tracking/src/app/page.tsx [Client Component SSR]
    ./.gemini/antigravity/scratch/teacher-tracking/src/app/page.tsx [Server Component]

https://nextjs.org/docs/messages/module-not-found


./.gemini/antigravity/scratch/teacher-tracking/node_modules/lucide-react/dist/esm/icons/index.mjs:1434:1
Module not found: Can't resolve './square-pen.mjs'
  [90m1432 |[0m [36mexport[0m { [36mdefault[0m [36mas[0m [33mSquareParkingOff[0m } [36mfrom[0m [32m'./square-parking-off.mjs'[0m;
  [90m1433 |[0m [36mexport[0m { [36mdefault[0m [36mas[0m [33mSquarePause[0m } [36mfrom[0m [32m'./square-pause.mjs'[0m;
[31m[1m>[0m [90m1434 |[0m [36mexport[0m { [36mdefault[0m [36mas[0m [33mSquarePen[0m } [36mfrom[0m [32m'./square-pen.mjs'[0m;
  [90m     |[0m [31m[1m^^^^^^^^^^^^^^^^^^^^^^^^^^^^^^^^^^^^^^^^^^^^^^^^^^^^^^^^[0m
  [90m1435 |[0m [36mexport[0m { [36mdefault[0m [36mas[0m [33mSquarePercent[0m } [36mfrom[0m [32m'./square-percent.mjs'[0m;
  [90m1436 |[0m [36mexport[0m { [36mdefault[0m [36mas[0m [33mSquarePi[0m } [36mfrom[0m [32m'./square-pi.mjs'[0m;
  [90m1437 |[0m [36mexport[0m { [36mdefault[0m [36mas[0m [33mSquarePilcrow[0m } [36mfrom[0m [32m'./square-pilcrow.mjs'[0m;



Import traces:
  Client Component Browser:
    ./.gemini/antigravity/scratch/teacher-tracking/node_modules/lucide-react/dist/esm/icons/index.mjs [Client Component Browser]
    ./.gemini/antigravity/scratch/teacher-tracking/node_modules/lucide-react/dist/esm/lucide-react.mjs [Client Component Browser]
    ./.gemini/antigravity/scratch/teacher-tracking/src/components/pages/DailyTasksPage.tsx [Client Component Browser]
    ./.gemini/antigravity/scratch/teacher-tracking/src/components/AppShell.tsx [Client Component Browser]
    ./.gemini/antigravity/scratch/teacher-tracking/src/app/page.tsx [Client Component Browser]
    ./.gemini/antigravity/scratch/teacher-tracking/src/app/page.tsx [Server Component]

  Client Component SSR:
    ./.gemini/antigravity/scratch/teacher-tracking/node_modules/lucide-react/dist/esm/icons/index.mjs [Client Component SSR]
    ./.gemini/antigravity/scratch/teacher-tracking/node_modules/lucide-react/dist/esm/lucide-react.mjs [Client Component SSR]
    ./.gemini/antigravity/scratch/teacher-tracking/src/components/pages/DailyTasksPage.tsx [Client Component SSR]
    ./.gemini/antigravity/scratch/teacher-tracking/src/components/AppShell.tsx [Client Component SSR]
    ./.gemini/antigravity/scratch/teacher-tracking/src/app/page.tsx [Client Component SSR]
    ./.gemini/antigravity/scratch/teacher-tracking/src/app/page.tsx [Server Component]

https://nextjs.org/docs/messages/module-not-found


./.gemini/antigravity/scratch/teacher-tracking/node_modules/lucide-react/dist/esm/icons/index.mjs:1435:1
Module not found: Can't resolve './square-percent.mjs'
  [90m1433 |[0m [36mexport[0m { [36mdefault[0m [36mas[0m [33mSquarePause[0m } [36mfrom[0m [32m'./square-pause.mjs'[0m;
  [90m1434 |[0m [36mexport[0m { [36mdefault[0m [36mas[0m [33mSquarePen[0m } [36mfrom[0m [32m'./square-pen.mjs'[0m;
[31m[1m>[0m [90m1435 |[0m [36mexport[0m { [36mdefault[0m [36mas[0m [33mSquarePercent[0m } [36mfrom[0m [32m'./square-percent.mjs'[0m;
  [90m     |[0m [31m[1m^^^^^^^^^^^^^^^^^^^^^^^^^^^^^^^^^^^^^^^^^^^^^^^^^^^^^^^^^^^^^^^^[0m
  [90m1436 |[0m [36mexport[0m { [36mdefault[0m [36mas[0m [33mSquarePi[0m } [36mfrom[0m [32m'./square-pi.mjs'[0m;
  [90m1437 |[0m [36mexport[0m { [36mdefault[0m [36mas[0m [33mSquarePilcrow[0m } [36mfrom[0m [32m'./square-pilcrow.mjs'[0m;
  [90m1438 |[0m [36mexport[0m { [36mdefault[0m [36mas[0m [33mSquarePlay[0m } [36mfrom[0m [32m'./square-play.mjs'[0m;



Import traces:
  Client Component Browser:
    ./.gemini/antigravity/scratch/teacher-tracking/node_modules/lucide-react/dist/esm/icons/index.mjs [Client Component Browser]
    ./.gemini/antigravity/scratch/teacher-tracking/node_modules/lucide-react/dist/esm/lucide-react.mjs [Client Component Browser]
    ./.gemini/antigravity/scratch/teacher-tracking/src/components/pages/DailyTasksPage.tsx [Client Component Browser]
    ./.gemini/antigravity/scratch/teacher-tracking/src/components/AppShell.tsx [Client Component Browser]
    ./.gemini/antigravity/scratch/teacher-tracking/src/app/page.tsx [Client Component Browser]
    ./.gemini/antigravity/scratch/teacher-tracking/src/app/page.tsx [Server Component]

  Client Component SSR:
    ./.gemini/antigravity/scratch/teacher-tracking/node_modules/lucide-react/dist/esm/icons/index.mjs [Client Component SSR]
    ./.gemini/antigravity/scratch/teacher-tracking/node_modules/lucide-react/dist/esm/lucide-react.mjs [Client Component SSR]
    ./.gemini/antigravity/scratch/teacher-tracking/src/components/pages/DailyTasksPage.tsx [Client Component SSR]
    ./.gemini/antigravity/scratch/teacher-tracking/src/components/AppShell.tsx [Client Component SSR]
    ./.gemini/antigravity/scratch/teacher-tracking/src/app/page.tsx [Client Component SSR]
    ./.gemini/antigravity/scratch/teacher-tracking/src/app/page.tsx [Server Component]

https://nextjs.org/docs/messages/module-not-found


./.gemini/antigravity/scratch/teacher-tracking/node_modules/lucide-react/dist/esm/icons/index.mjs:1436:1
Module not found: Can't resolve './square-pi.mjs'
  [90m1434 |[0m [36mexport[0m { [36mdefault[0m [36mas[0m [33mSquarePen[0m } [36mfrom[0m [32m'./square-pen.mjs'[0m;
  [90m1435 |[0m [36mexport[0m { [36mdefault[0m [36mas[0m [33mSquarePercent[0m } [36mfrom[0m [32m'./square-percent.mjs'[0m;
[31m[1m>[0m [90m1436 |[0m [36mexport[0m { [36mdefault[0m [36mas[0m [33mSquarePi[0m } [36mfrom[0m [32m'./square-pi.mjs'[0m;
  [90m     |[0m [31m[1m^^^^^^^^^^^^^^^^^^^^^^^^^^^^^^^^^^^^^^^^^^^^^^^^^^^^^^[0m
  [90m1437 |[0m [36mexport[0m { [36mdefault[0m [36mas[0m [33mSquarePilcrow[0m } [36mfrom[0m [32m'./square-pilcrow.mjs'[0m;
  [90m1438 |[0m [36mexport[0m { [36mdefault[0m [36mas[0m [33mSquarePlay[0m } [36mfrom[0m [32m'./square-play.mjs'[0m;
  [90m1439 |[0m [36mexport[0m { [36mdefault[0m [36mas[0m [33mSquarePlus[0m } [36mfrom[0m [32m'./square-plus.mjs'[0m;



Import traces:
  Client Component Browser:
    ./.gemini/antigravity/scratch/teacher-tracking/node_modules/lucide-react/dist/esm/icons/index.mjs [Client Component Browser]
    ./.gemini/antigravity/scratch/teacher-tracking/node_modules/lucide-react/dist/esm/lucide-react.mjs [Client Component Browser]
    ./.gemini/antigravity/scratch/teacher-tracking/src/components/pages/DailyTasksPage.tsx [Client Component Browser]
    ./.gemini/antigravity/scratch/teacher-tracking/src/components/AppShell.tsx [Client Component Browser]
    ./.gemini/antigravity/scratch/teacher-tracking/src/app/page.tsx [Client Component Browser]
    ./.gemini/antigravity/scratch/teacher-tracking/src/app/page.tsx [Server Component]

  Client Component SSR:
    ./.gemini/antigravity/scratch/teacher-tracking/node_modules/lucide-react/dist/esm/icons/index.mjs [Client Component SSR]
    ./.gemini/antigravity/scratch/teacher-tracking/node_modules/lucide-react/dist/esm/lucide-react.mjs [Client Component SSR]
    ./.gemini/antigravity/scratch/teacher-tracking/src/components/pages/DailyTasksPage.tsx [Client Component SSR]
    ./.gemini/antigravity/scratch/teacher-tracking/src/components/AppShell.tsx [Client Component SSR]
    ./.gemini/antigravity/scratch/teacher-tracking/src/app/page.tsx [Client Component SSR]
    ./.gemini/antigravity/scratch/teacher-tracking/src/app/page.tsx [Server Component]

https://nextjs.org/docs/messages/module-not-found


./.gemini/antigravity/scratch/teacher-tracking/node_modules/lucide-react/dist/esm/icons/index.mjs:1437:1
Module not found: Can't resolve './square-pilcrow.mjs'
  [90m1435 |[0m [36mexport[0m { [36mdefault[0m [36mas[0m [33mSquarePercent[0m } [36mfrom[0m [32m'./square-percent.mjs'[0m;
  [90m1436 |[0m [36mexport[0m { [36mdefault[0m [36mas[0m [33mSquarePi[0m } [36mfrom[0m [32m'./square-pi.mjs'[0m;
[31m[1m>[0m [90m1437 |[0m [36mexport[0m { [36mdefault[0m [36mas[0m [33mSquarePilcrow[0m } [36mfrom[0m [32m'./square-pilcrow.mjs'[0m;
  [90m     |[0m [31m[1m^^^^^^^^^^^^^^^^^^^^^^^^^^^^^^^^^^^^^^^^^^^^^^^^^^^^^^^^^^^^^^^^[0m
  [90m1438 |[0m [36mexport[0m { [36mdefault[0m [36mas[0m [33mSquarePlay[0m } [36mfrom[0m [32m'./square-play.mjs'[0m;
  [90m1439 |[0m [36mexport[0m { [36mdefault[0m [36mas[0m [33mSquarePlus[0m } [36mfrom[0m [32m'./square-plus.mjs'[0m;
  [90m1440 |[0m [36mexport[0m { [36mdefault[0m [36mas[0m [33mSquareRadical[0m } [36mfrom[0m [32m'./square-radical.mjs'[0m;



Import traces:
  Client Component Browser:
    ./.gemini/antigravity/scratch/teacher-tracking/node_modules/lucide-react/dist/esm/icons/index.mjs [Client Component Browser]
    ./.gemini/antigravity/scratch/teacher-tracking/node_modules/lucide-react/dist/esm/lucide-react.mjs [Client Component Browser]
    ./.gemini/antigravity/scratch/teacher-tracking/src/components/pages/DailyTasksPage.tsx [Client Component Browser]
    ./.gemini/antigravity/scratch/teacher-tracking/src/components/AppShell.tsx [Client Component Browser]
    ./.gemini/antigravity/scratch/teacher-tracking/src/app/page.tsx [Client Component Browser]
    ./.gemini/antigravity/scratch/teacher-tracking/src/app/page.tsx [Server Component]

  Client Component SSR:
    ./.gemini/antigravity/scratch/teacher-tracking/node_modules/lucide-react/dist/esm/icons/index.mjs [Client Component SSR]
    ./.gemini/antigravity/scratch/teacher-tracking/node_modules/lucide-react/dist/esm/lucide-react.mjs [Client Component SSR]
    ./.gemini/antigravity/scratch/teacher-tracking/src/components/pages/DailyTasksPage.tsx [Client Component SSR]
    ./.gemini/antigravity/scratch/teacher-tracking/src/components/AppShell.tsx [Client Component SSR]
    ./.gemini/antigravity/scratch/teacher-tracking/src/app/page.tsx [Client Component SSR]
    ./.gemini/antigravity/scratch/teacher-tracking/src/app/page.tsx [Server Component]

https://nextjs.org/docs/messages/module-not-found


./.gemini/antigravity/scratch/teacher-tracking/node_modules/lucide-react/dist/esm/icons/index.mjs:1438:1
Module not found: Can't resolve './square-play.mjs'
  [90m1436 |[0m [36mexport[0m { [36mdefault[0m [36mas[0m [33mSquarePi[0m } [36mfrom[0m [32m'./square-pi.mjs'[0m;
  [90m1437 |[0m [36mexport[0m { [36mdefault[0m [36mas[0m [33mSquarePilcrow[0m } [36mfrom[0m [32m'./square-pilcrow.mjs'[0m;
[31m[1m>[0m [90m1438 |[0m [36mexport[0m { [36mdefault[0m [36mas[0m [33mSquarePlay[0m } [36mfrom[0m [32m'./square-play.mjs'[0m;
  [90m     |[0m [31m[1m^^^^^^^^^^^^^^^^^^^^^^^^^^^^^^^^^^^^^^^^^^^^^^^^^^^^^^^^^^[0m
  [90m1439 |[0m [36mexport[0m { [36mdefault[0m [36mas[0m [33mSquarePlus[0m } [36mfrom[0m [32m'./square-plus.mjs'[0m;
  [90m1440 |[0m [36mexport[0m { [36mdefault[0m [36mas[0m [33mSquareRadical[0m } [36mfrom[0m [32m'./square-radical.mjs'[0m;
  [90m1441 |[0m [36mexport[0m { [36mdefault[0m [36mas[0m [33mSquarePower[0m } [36mfrom[0m [32m'./square-power.mjs'[0m;



Import traces:
  Client Component Browser:
    ./.gemini/antigravity/scratch/teacher-tracking/node_modules/lucide-react/dist/esm/icons/index.mjs [Client Component Browser]
    ./.gemini/antigravity/scratch/teacher-tracking/node_modules/lucide-react/dist/esm/lucide-react.mjs [Client Component Browser]
    ./.gemini/antigravity/scratch/teacher-tracking/src/components/pages/DailyTasksPage.tsx [Client Component Browser]
    ./.gemini/antigravity/scratch/teacher-tracking/src/components/AppShell.tsx [Client Component Browser]
    ./.gemini/antigravity/scratch/teacher-tracking/src/app/page.tsx [Client Component Browser]
    ./.gemini/antigravity/scratch/teacher-tracking/src/app/page.tsx [Server Component]

  Client Component SSR:
    ./.gemini/antigravity/scratch/teacher-tracking/node_modules/lucide-react/dist/esm/icons/index.mjs [Client Component SSR]
    ./.gemini/antigravity/scratch/teacher-tracking/node_modules/lucide-react/dist/esm/lucide-react.mjs [Client Component SSR]
    ./.gemini/antigravity/scratch/teacher-tracking/src/components/pages/DailyTasksPage.tsx [Client Component SSR]
    ./.gemini/antigravity/scratch/teacher-tracking/src/components/AppShell.tsx [Client Component SSR]
    ./.gemini/antigravity/scratch/teacher-tracking/src/app/page.tsx [Client Component SSR]
    ./.gemini/antigravity/scratch/teacher-tracking/src/app/page.tsx [Server Component]

https://nextjs.org/docs/messages/module-not-found


./.gemini/antigravity/scratch/teacher-tracking/node_modules/lucide-react/dist/esm/icons/index.mjs:1439:1
Module not found: Can't resolve './square-plus.mjs'
  [90m1437 |[0m [36mexport[0m { [36mdefault[0m [36mas[0m [33mSquarePilcrow[0m } [36mfrom[0m [32m'./square-pilcrow.mjs'[0m;
  [90m1438 |[0m [36mexport[0m { [36mdefault[0m [36mas[0m [33mSquarePlay[0m } [36mfrom[0m [32m'./square-play.mjs'[0m;
[31m[1m>[0m [90m1439 |[0m [36mexport[0m { [36mdefault[0m [36mas[0m [33mSquarePlus[0m } [36mfrom[0m [32m'./square-plus.mjs'[0m;
  [90m     |[0m [31m[1m^^^^^^^^^^^^^^^^^^^^^^^^^^^^^^^^^^^^^^^^^^^^^^^^^^^^^^^^^^[0m
  [90m1440 |[0m [36mexport[0m { [36mdefault[0m [36mas[0m [33mSquareRadical[0m } [36mfrom[0m [32m'./square-radical.mjs'[0m;
  [90m1441 |[0m [36mexport[0m { [36mdefault[0m [36mas[0m [33mSquarePower[0m } [36mfrom[0m [32m'./square-power.mjs'[0m;
  [90m1442 |[0m [36mexport[0m { [36mdefault[0m [36mas[0m [33mSquareRoundCorner[0m } [36mfrom[0m [32m'./square-round-corner....[0m



Import traces:
  Client Component Browser:
    ./.gemini/antigravity/scratch/teacher-tracking/node_modules/lucide-react/dist/esm/icons/index.mjs [Client Component Browser]
    ./.gemini/antigravity/scratch/teacher-tracking/node_modules/lucide-react/dist/esm/lucide-react.mjs [Client Component Browser]
    ./.gemini/antigravity/scratch/teacher-tracking/src/components/pages/DailyTasksPage.tsx [Client Component Browser]
    ./.gemini/antigravity/scratch/teacher-tracking/src/components/AppShell.tsx [Client Component Browser]
    ./.gemini/antigravity/scratch/teacher-tracking/src/app/page.tsx [Client Component Browser]
    ./.gemini/antigravity/scratch/teacher-tracking/src/app/page.tsx [Server Component]

  Client Component SSR:
    ./.gemini/antigravity/scratch/teacher-tracking/node_modules/lucide-react/dist/esm/icons/index.mjs [Client Component SSR]
    ./.gemini/antigravity/scratch/teacher-tracking/node_modules/lucide-react/dist/esm/lucide-react.mjs [Client Component SSR]
    ./.gemini/antigravity/scratch/teacher-tracking/src/components/pages/DailyTasksPage.tsx [Client Component SSR]
    ./.gemini/antigravity/scratch/teacher-tracking/src/components/AppShell.tsx [Client Component SSR]
    ./.gemini/antigravity/scratch/teacher-tracking/src/app/page.tsx [Client Component SSR]
    ./.gemini/antigravity/scratch/teacher-tracking/src/app/page.tsx [Server Component]

https://nextjs.org/docs/messages/module-not-found


./.gemini/antigravity/scratch/teacher-tracking/node_modules/lucide-react/dist/esm/icons/index.mjs:1441:1
Module not found: Can't resolve './square-power.mjs'
  [90m1439 |[0m [36mexport[0m { [36mdefault[0m [36mas[0m [33mSquarePlus[0m } [36mfrom[0m [32m'./square-plus.mjs'[0m;
  [90m1440 |[0m [36mexport[0m { [36mdefault[0m [36mas[0m [33mSquareRadical[0m } [36mfrom[0m [32m'./square-radical.mjs'[0m;
[31m[1m>[0m [90m1441 |[0m [36mexport[0m { [36mdefault[0m [36mas[0m [33mSquarePower[0m } [36mfrom[0m [32m'./square-power.mjs'[0m;
  [90m     |[0m [31m[1m^^^^^^^^^^^^^^^^^^^^^^^^^^^^^^^^^^^^^^^^^^^^^^^^^^^^^^^^^^^^[0m
  [90m1442 |[0m [36mexport[0m { [36mdefault[0m [36mas[0m [33mSquareRoundCorner[0m } [36mfrom[0m [32m'./square-round-corner....[0m
  [90m1443 |[0m [36mexport[0m { [36mdefault[0m [36mas[0m [33mSquareScissors[0m } [36mfrom[0m [32m'./square-scissors.mjs'[0m;
  [90m1444 |[0m [36mexport[0m { [36mdefault[0m [36mas[0m [33mSquareSigma[0m } [36mfrom[0m [32m'./square-sigma.mjs'[0m;



Import traces:
  Client Component Browser:
    ./.gemini/antigravity/scratch/teacher-tracking/node_modules/lucide-react/dist/esm/icons/index.mjs [Client Component Browser]
    ./.gemini/antigravity/scratch/teacher-tracking/node_modules/lucide-react/dist/esm/lucide-react.mjs [Client Component Browser]
    ./.gemini/antigravity/scratch/teacher-tracking/src/components/pages/DailyTasksPage.tsx [Client Component Browser]
    ./.gemini/antigravity/scratch/teacher-tracking/src/components/AppShell.tsx [Client Component Browser]
    ./.gemini/antigravity/scratch/teacher-tracking/src/app/page.tsx [Client Component Browser]
    ./.gemini/antigravity/scratch/teacher-tracking/src/app/page.tsx [Server Component]

  Client Component SSR:
    ./.gemini/antigravity/scratch/teacher-tracking/node_modules/lucide-react/dist/esm/icons/index.mjs [Client Component SSR]
    ./.gemini/antigravity/scratch/teacher-tracking/node_modules/lucide-react/dist/esm/lucide-react.mjs [Client Component SSR]
    ./.gemini/antigravity/scratch/teacher-tracking/src/components/pages/DailyTasksPage.tsx [Client Component SSR]
    ./.gemini/antigravity/scratch/teacher-tracking/src/components/AppShell.tsx [Client Component SSR]
    ./.gemini/antigravity/scratch/teacher-tracking/src/app/page.tsx [Client Component SSR]
    ./.gemini/antigravity/scratch/teacher-tracking/src/app/page.tsx [Server Component]

https://nextjs.org/docs/messages/module-not-found


./.gemini/antigravity/scratch/teacher-tracking/node_modules/lucide-react/dist/esm/icons/index.mjs:1440:1
Module not found: Can't resolve './square-radical.mjs'
  [90m1438 |[0m [36mexport[0m { [36mdefault[0m [36mas[0m [33mSquarePlay[0m } [36mfrom[0m [32m'./square-play.mjs'[0m;
  [90m1439 |[0m [36mexport[0m { [36mdefault[0m [36mas[0m [33mSquarePlus[0m } [36mfrom[0m [32m'./square-plus.mjs'[0m;
[31m[1m>[0m [90m1440 |[0m [36mexport[0m { [36mdefault[0m [36mas[0m [33mSquareRadical[0m } [36mfrom[0m [32m'./square-radical.mjs'[0m;
  [90m     |[0m [31m[1m^^^^^^^^^^^^^^^^^^^^^^^^^^^^^^^^^^^^^^^^^^^^^^^^^^^^^^^^^^^^^^^^[0m
  [90m1441 |[0m [36mexport[0m { [36mdefault[0m [36mas[0m [33mSquarePower[0m } [36mfrom[0m [32m'./square-power.mjs'[0m;
  [90m1442 |[0m [36mexport[0m { [36mdefault[0m [36mas[0m [33mSquareRoundCorner[0m } [36mfrom[0m [32m'./square-round-corner....[0m
  [90m1443 |[0m [36mexport[0m { [36mdefault[0m [36mas[0m [33mSquareScissors[0m } [36mfrom[0m [32m'./square-scissors.mjs'[0m;



Import traces:
  Client Component Browser:
    ./.gemini/antigravity/scratch/teacher-tracking/node_modules/lucide-react/dist/esm/icons/index.mjs [Client Component Browser]
    ./.gemini/antigravity/scratch/teacher-tracking/node_modules/lucide-react/dist/esm/lucide-react.mjs [Client Component Browser]
    ./.gemini/antigravity/scratch/teacher-tracking/src/components/pages/DailyTasksPage.tsx [Client Component Browser]
    ./.gemini/antigravity/scratch/teacher-tracking/src/components/AppShell.tsx [Client Component Browser]
    ./.gemini/antigravity/scratch/teacher-tracking/src/app/page.tsx [Client Component Browser]
    ./.gemini/antigravity/scratch/teacher-tracking/src/app/page.tsx [Server Component]

  Client Component SSR:
    ./.gemini/antigravity/scratch/teacher-tracking/node_modules/lucide-react/dist/esm/icons/index.mjs [Client Component SSR]
    ./.gemini/antigravity/scratch/teacher-tracking/node_modules/lucide-react/dist/esm/lucide-react.mjs [Client Component SSR]
    ./.gemini/antigravity/scratch/teacher-tracking/src/components/pages/DailyTasksPage.tsx [Client Component SSR]
    ./.gemini/antigravity/scratch/teacher-tracking/src/components/AppShell.tsx [Client Component SSR]
    ./.gemini/antigravity/scratch/teacher-tracking/src/app/page.tsx [Client Component SSR]
    ./.gemini/antigravity/scratch/teacher-tracking/src/app/page.tsx [Server Component]

https://nextjs.org/docs/messages/module-not-found


./.gemini/antigravity/scratch/teacher-tracking/node_modules/lucide-react/dist/esm/icons/index.mjs:1442:1
Module not found: Can't resolve './square-round-corner.mjs'
  [90m1440 |[0m ...[36mrt[0m { [36mdefault[0m [36mas[0m [33mSquareRadical[0m } [36mfrom[0m [32m'./square-radical.mjs'[0m;
  [90m1441 |[0m ...[36mrt[0m { [36mdefault[0m [36mas[0m [33mSquarePower[0m } [36mfrom[0m [32m'./square-power.mjs'[0m;
[31m[1m>[0m [90m1442 |[0m ...[36mrt[0m { [36mdefault[0m [36mas[0m [33mSquareRoundCorner[0m } [36mfrom[0m [32m'./square-round-corner.m...[0m
  [90m     |[0m    [31m[1m^^^^^^^^^^^^^^^^^^^^^^^^^^^^^^^^^^^^^^^^^^^^^^^^^^^^^^^^^^^^^^^^^^^^[0m
  [90m1443 |[0m ...[36mrt[0m { [36mdefault[0m [36mas[0m [33mSquareScissors[0m } [36mfrom[0m [32m'./square-scissors.mjs'[0m;
  [90m1444 |[0m ...[36mrt[0m { [36mdefault[0m [36mas[0m [33mSquareSigma[0m } [36mfrom[0m [32m'./square-sigma.mjs'[0m;
  [90m1445 |[0m ...[36mrt[0m { [36mdefault[0m [36mas[0m [33mSquareSlash[0m } [36mfrom[0m [32m'./square-slash.mjs'[0m;



Import traces:
  Client Component Browser:
    ./.gemini/antigravity/scratch/teacher-tracking/node_modules/lucide-react/dist/esm/icons/index.mjs [Client Component Browser]
    ./.gemini/antigravity/scratch/teacher-tracking/node_modules/lucide-react/dist/esm/lucide-react.mjs [Client Component Browser]
    ./.gemini/antigravity/scratch/teacher-tracking/src/components/pages/DailyTasksPage.tsx [Client Component Browser]
    ./.gemini/antigravity/scratch/teacher-tracking/src/components/AppShell.tsx [Client Component Browser]
    ./.gemini/antigravity/scratch/teacher-tracking/src/app/page.tsx [Client Component Browser]
    ./.gemini/antigravity/scratch/teacher-tracking/src/app/page.tsx [Server Component]

  Client Component SSR:
    ./.gemini/antigravity/scratch/teacher-tracking/node_modules/lucide-react/dist/esm/icons/index.mjs [Client Component SSR]
    ./.gemini/antigravity/scratch/teacher-tracking/node_modules/lucide-react/dist/esm/lucide-react.mjs [Client Component SSR]
    ./.gemini/antigravity/scratch/teacher-tracking/src/components/pages/DailyTasksPage.tsx [Client Component SSR]
    ./.gemini/antigravity/scratch/teacher-tracking/src/components/AppShell.tsx [Client Component SSR]
    ./.gemini/antigravity/scratch/teacher-tracking/src/app/page.tsx [Client Component SSR]
    ./.gemini/antigravity/scratch/teacher-tracking/src/app/page.tsx [Server Component]

https://nextjs.org/docs/messages/module-not-found


./.gemini/antigravity/scratch/teacher-tracking/node_modules/lucide-react/dist/esm/icons/index.mjs:1443:1
Module not found: Can't resolve './square-scissors.mjs'
  [90m1441 |[0m ...[36mxport[0m { [36mdefault[0m [36mas[0m [33mSquarePower[0m } [36mfrom[0m [32m'./square-power.mjs'[0m;
  [90m1442 |[0m ...[36mxport[0m { [36mdefault[0m [36mas[0m [33mSquareRoundCorner[0m } [36mfrom[0m [32m'./square-round-corne...[0m
[31m[1m>[0m [90m1443 |[0m ...[36mxport[0m { [36mdefault[0m [36mas[0m [33mSquareScissors[0m } [36mfrom[0m [32m'./square-scissors.mjs'[0m;
  [90m     |[0m    [31m[1m^^^^^^^^^^^^^^^^^^^^^^^^^^^^^^^^^^^^^^^^^^^^^^^^^^^^^^^^^^^^^^^^^^[0m
  [90m1444 |[0m ...[36mxport[0m { [36mdefault[0m [36mas[0m [33mSquareSigma[0m } [36mfrom[0m [32m'./square-sigma.mjs'[0m;
  [90m1445 |[0m ...[36mxport[0m { [36mdefault[0m [36mas[0m [33mSquareSlash[0m } [36mfrom[0m [32m'./square-slash.mjs'[0m;
  [90m1446 |[0m ...[36mxport[0m { [36mdefault[0m [36mas[0m [33mSquareSplitHorizontal[0m } [36mfrom[0m [32m'./square-split-h...[0m



Import traces:
  Client Component Browser:
    ./.gemini/antigravity/scratch/teacher-tracking/node_modules/lucide-react/dist/esm/icons/index.mjs [Client Component Browser]
    ./.gemini/antigravity/scratch/teacher-tracking/node_modules/lucide-react/dist/esm/lucide-react.mjs [Client Component Browser]
    ./.gemini/antigravity/scratch/teacher-tracking/src/components/pages/DailyTasksPage.tsx [Client Component Browser]
    ./.gemini/antigravity/scratch/teacher-tracking/src/components/AppShell.tsx [Client Component Browser]
    ./.gemini/antigravity/scratch/teacher-tracking/src/app/page.tsx [Client Component Browser]
    ./.gemini/antigravity/scratch/teacher-tracking/src/app/page.tsx [Server Component]

  Client Component SSR:
    ./.gemini/antigravity/scratch/teacher-tracking/node_modules/lucide-react/dist/esm/icons/index.mjs [Client Component SSR]
    ./.gemini/antigravity/scratch/teacher-tracking/node_modules/lucide-react/dist/esm/lucide-react.mjs [Client Component SSR]
    ./.gemini/antigravity/scratch/teacher-tracking/src/components/pages/DailyTasksPage.tsx [Client Component SSR]
    ./.gemini/antigravity/scratch/teacher-tracking/src/components/AppShell.tsx [Client Component SSR]
    ./.gemini/antigravity/scratch/teacher-tracking/src/app/page.tsx [Client Component SSR]
    ./.gemini/antigravity/scratch/teacher-tracking/src/app/page.tsx [Server Component]

https://nextjs.org/docs/messages/module-not-found


./.gemini/antigravity/scratch/teacher-tracking/node_modules/lucide-react/dist/esm/icons/index.mjs:1444:1
Module not found: Can't resolve './square-sigma.mjs'
  [90m1442 |[0m [36mexport[0m { [36mdefault[0m [36mas[0m [33mSquareRoundCorner[0m } [36mfrom[0m [32m'./square-round-corner....[0m
  [90m1443 |[0m [36mexport[0m { [36mdefault[0m [36mas[0m [33mSquareScissors[0m } [36mfrom[0m [32m'./square-scissors.mjs'[0m;
[31m[1m>[0m [90m1444 |[0m [36mexport[0m { [36mdefault[0m [36mas[0m [33mSquareSigma[0m } [36mfrom[0m [32m'./square-sigma.mjs'[0m;
  [90m     |[0m [31m[1m^^^^^^^^^^^^^^^^^^^^^^^^^^^^^^^^^^^^^^^^^^^^^^^^^^^^^^^^^^^^[0m
  [90m1445 |[0m [36mexport[0m { [36mdefault[0m [36mas[0m [33mSquareSlash[0m } [36mfrom[0m [32m'./square-slash.mjs'[0m;
  [90m1446 |[0m [36mexport[0m { [36mdefault[0m [36mas[0m [33mSquareSplitHorizontal[0m } [36mfrom[0m [32m'./square-split-hor...[0m
  [90m1447 |[0m [36mexport[0m { [36mdefault[0m [36mas[0m [33mSquareSquare[0m } [36mfrom[0m [32m'./square-square.mjs'[0m;



Import traces:
  Client Component Browser:
    ./.gemini/antigravity/scratch/teacher-tracking/node_modules/lucide-react/dist/esm/icons/index.mjs [Client Component Browser]
    ./.gemini/antigravity/scratch/teacher-tracking/node_modules/lucide-react/dist/esm/lucide-react.mjs [Client Component Browser]
    ./.gemini/antigravity/scratch/teacher-tracking/src/components/pages/DailyTasksPage.tsx [Client Component Browser]
    ./.gemini/antigravity/scratch/teacher-tracking/src/components/AppShell.tsx [Client Component Browser]
    ./.gemini/antigravity/scratch/teacher-tracking/src/app/page.tsx [Client Component Browser]
    ./.gemini/antigravity/scratch/teacher-tracking/src/app/page.tsx [Server Component]

  Client Component SSR:
    ./.gemini/antigravity/scratch/teacher-tracking/node_modules/lucide-react/dist/esm/icons/index.mjs [Client Component SSR]
    ./.gemini/antigravity/scratch/teacher-tracking/node_modules/lucide-react/dist/esm/lucide-react.mjs [Client Component SSR]
    ./.gemini/antigravity/scratch/teacher-tracking/src/components/pages/DailyTasksPage.tsx [Client Component SSR]
    ./.gemini/antigravity/scratch/teacher-tracking/src/components/AppShell.tsx [Client Component SSR]
    ./.gemini/antigravity/scratch/teacher-tracking/src/app/page.tsx [Client Component SSR]
    ./.gemini/antigravity/scratch/teacher-tracking/src/app/page.tsx [Server Component]

https://nextjs.org/docs/messages/module-not-found


./.gemini/antigravity/scratch/teacher-tracking/node_modules/lucide-react/dist/esm/icons/index.mjs:1445:1
Module not found: Can't resolve './square-slash.mjs'
  [90m1443 |[0m [36mexport[0m { [36mdefault[0m [36mas[0m [33mSquareScissors[0m } [36mfrom[0m [32m'./square-scissors.mjs'[0m;
  [90m1444 |[0m [36mexport[0m { [36mdefault[0m [36mas[0m [33mSquareSigma[0m } [36mfrom[0m [32m'./square-sigma.mjs'[0m;
[31m[1m>[0m [90m1445 |[0m [36mexport[0m { [36mdefault[0m [36mas[0m [33mSquareSlash[0m } [36mfrom[0m [32m'./square-slash.mjs'[0m;
  [90m     |[0m [31m[1m^^^^^^^^^^^^^^^^^^^^^^^^^^^^^^^^^^^^^^^^^^^^^^^^^^^^^^^^^^^^[0m
  [90m1446 |[0m [36mexport[0m { [36mdefault[0m [36mas[0m [33mSquareSplitHorizontal[0m } [36mfrom[0m [32m'./square-split-hor...[0m
  [90m1447 |[0m [36mexport[0m { [36mdefault[0m [36mas[0m [33mSquareSquare[0m } [36mfrom[0m [32m'./square-square.mjs'[0m;
  [90m1448 |[0m [36mexport[0m { [36mdefault[0m [36mas[0m [33mSquareSplitVertical[0m } [36mfrom[0m [32m'./square-split-verti...[0m



Import traces:
  Client Component Browser:
    ./.gemini/antigravity/scratch/teacher-tracking/node_modules/lucide-react/dist/esm/icons/index.mjs [Client Component Browser]
    ./.gemini/antigravity/scratch/teacher-tracking/node_modules/lucide-react/dist/esm/lucide-react.mjs [Client Component Browser]
    ./.gemini/antigravity/scratch/teacher-tracking/src/components/pages/DailyTasksPage.tsx [Client Component Browser]
    ./.gemini/antigravity/scratch/teacher-tracking/src/components/AppShell.tsx [Client Component Browser]
    ./.gemini/antigravity/scratch/teacher-tracking/src/app/page.tsx [Client Component Browser]
    ./.gemini/antigravity/scratch/teacher-tracking/src/app/page.tsx [Server Component]

  Client Component SSR:
    ./.gemini/antigravity/scratch/teacher-tracking/node_modules/lucide-react/dist/esm/icons/index.mjs [Client Component SSR]
    ./.gemini/antigravity/scratch/teacher-tracking/node_modules/lucide-react/dist/esm/lucide-react.mjs [Client Component SSR]
    ./.gemini/antigravity/scratch/teacher-tracking/src/components/pages/DailyTasksPage.tsx [Client Component SSR]
    ./.gemini/antigravity/scratch/teacher-tracking/src/components/AppShell.tsx [Client Component SSR]
    ./.gemini/antigravity/scratch/teacher-tracking/src/app/page.tsx [Client Component SSR]
    ./.gemini/antigravity/scratch/teacher-tracking/src/app/page.tsx [Server Component]

https://nextjs.org/docs/messages/module-not-found


./.gemini/antigravity/scratch/teacher-tracking/node_modules/lucide-react/dist/esm/icons/index.mjs:1446:1
Module not found: Can't resolve './square-split-horizontal.mjs'
  [90m1444 |[0m ... [36mdefault[0m [36mas[0m [33mSquareSigma[0m } [36mfrom[0m [32m'./square-sigma.mjs'[0m;
  [90m1445 |[0m ... [36mdefault[0m [36mas[0m [33mSquareSlash[0m } [36mfrom[0m [32m'./square-slash.mjs'[0m;
[31m[1m>[0m [90m1446 |[0m ... [36mdefault[0m [36mas[0m [33mSquareSplitHorizontal[0m } [36mfrom[0m [32m'./square-split-horizont...[0m
  [90m     |[0m    [31m[1m^^^^^^^^^^^^^^^^^^^^^^^^^^^^^^^^^^^^^^^^^^^^^^^^^^^^^^^^^^^^^^^^^^^^[0m
  [90m1447 |[0m ... [36mdefault[0m [36mas[0m [33mSquareSquare[0m } [36mfrom[0m [32m'./square-square.mjs'[0m;
  [90m1448 |[0m ... [36mdefault[0m [36mas[0m [33mSquareSplitVertical[0m } [36mfrom[0m [32m'./square-split-vertical.m...[0m
  [90m1449 |[0m ... [36mdefault[0m [36mas[0m [33mSquareStack[0m } [36mfrom[0m [32m'./square-stack.mjs'[0m;



Import traces:
  Client Component Browser:
    ./.gemini/antigravity/scratch/teacher-tracking/node_modules/lucide-react/dist/esm/icons/index.mjs [Client Component Browser]
    ./.gemini/antigravity/scratch/teacher-tracking/node_modules/lucide-react/dist/esm/lucide-react.mjs [Client Component Browser]
    ./.gemini/antigravity/scratch/teacher-tracking/src/components/pages/DailyTasksPage.tsx [Client Component Browser]
    ./.gemini/antigravity/scratch/teacher-tracking/src/components/AppShell.tsx [Client Component Browser]
    ./.gemini/antigravity/scratch/teacher-tracking/src/app/page.tsx [Client Component Browser]
    ./.gemini/antigravity/scratch/teacher-tracking/src/app/page.tsx [Server Component]

  Client Component SSR:
    ./.gemini/antigravity/scratch/teacher-tracking/node_modules/lucide-react/dist/esm/icons/index.mjs [Client Component SSR]
    ./.gemini/antigravity/scratch/teacher-tracking/node_modules/lucide-react/dist/esm/lucide-react.mjs [Client Component SSR]
    ./.gemini/antigravity/scratch/teacher-tracking/src/components/pages/DailyTasksPage.tsx [Client Component SSR]
    ./.gemini/antigravity/scratch/teacher-tracking/src/components/AppShell.tsx [Client Component SSR]
    ./.gemini/antigravity/scratch/teacher-tracking/src/app/page.tsx [Client Component SSR]
    ./.gemini/antigravity/scratch/teacher-tracking/src/app/page.tsx [Server Component]

https://nextjs.org/docs/messages/module-not-found


./.gemini/antigravity/scratch/teacher-tracking/node_modules/lucide-react/dist/esm/icons/index.mjs:1448:1
Module not found: Can't resolve './square-split-vertical.mjs'
  [90m1446 |[0m ... { [36mdefault[0m [36mas[0m [33mSquareSplitHorizontal[0m } [36mfrom[0m [32m'./square-split-horizo...[0m
  [90m1447 |[0m ... { [36mdefault[0m [36mas[0m [33mSquareSquare[0m } [36mfrom[0m [32m'./square-square.mjs'[0m;
[31m[1m>[0m [90m1448 |[0m ... { [36mdefault[0m [36mas[0m [33mSquareSplitVertical[0m } [36mfrom[0m [32m'./square-split-vertical...[0m
  [90m     |[0m    [31m[1m^^^^^^^^^^^^^^^^^^^^^^^^^^^^^^^^^^^^^^^^^^^^^^^^^^^^^^^^^^^^^^^^^^^^[0m
  [90m1449 |[0m ... { [36mdefault[0m [36mas[0m [33mSquareStack[0m } [36mfrom[0m [32m'./square-stack.mjs'[0m;
  [90m1450 |[0m ... { [36mdefault[0m [36mas[0m [33mSquareStar[0m } [36mfrom[0m [32m'./square-star.mjs'[0m;
  [90m1451 |[0m ... { [36mdefault[0m [36mas[0m [33mSquareStop[0m } [36mfrom[0m [32m'./square-stop.mjs'[0m;



Import traces:
  Client Component Browser:
    ./.gemini/antigravity/scratch/teacher-tracking/node_modules/lucide-react/dist/esm/icons/index.mjs [Client Component Browser]
    ./.gemini/antigravity/scratch/teacher-tracking/node_modules/lucide-react/dist/esm/lucide-react.mjs [Client Component Browser]
    ./.gemini/antigravity/scratch/teacher-tracking/src/components/pages/DailyTasksPage.tsx [Client Component Browser]
    ./.gemini/antigravity/scratch/teacher-tracking/src/components/AppShell.tsx [Client Component Browser]
    ./.gemini/antigravity/scratch/teacher-tracking/src/app/page.tsx [Client Component Browser]
    ./.gemini/antigravity/scratch/teacher-tracking/src/app/page.tsx [Server Component]

  Client Component SSR:
    ./.gemini/antigravity/scratch/teacher-tracking/node_modules/lucide-react/dist/esm/icons/index.mjs [Client Component SSR]
    ./.gemini/antigravity/scratch/teacher-tracking/node_modules/lucide-react/dist/esm/lucide-react.mjs [Client Component SSR]
    ./.gemini/antigravity/scratch/teacher-tracking/src/components/pages/DailyTasksPage.tsx [Client Component SSR]
    ./.gemini/antigravity/scratch/teacher-tracking/src/components/AppShell.tsx [Client Component SSR]
    ./.gemini/antigravity/scratch/teacher-tracking/src/app/page.tsx [Client Component SSR]
    ./.gemini/antigravity/scratch/teacher-tracking/src/app/page.tsx [Server Component]

https://nextjs.org/docs/messages/module-not-found


./.gemini/antigravity/scratch/teacher-tracking/node_modules/lucide-react/dist/esm/icons/index.mjs:1447:1
Module not found: Can't resolve './square-square.mjs'
  [90m1445 |[0m [36mexport[0m { [36mdefault[0m [36mas[0m [33mSquareSlash[0m } [36mfrom[0m [32m'./square-slash.mjs'[0m;
  [90m1446 |[0m [36mexport[0m { [36mdefault[0m [36mas[0m [33mSquareSplitHorizontal[0m } [36mfrom[0m [32m'./square-split-hor...[0m
[31m[1m>[0m [90m1447 |[0m [36mexport[0m { [36mdefault[0m [36mas[0m [33mSquareSquare[0m } [36mfrom[0m [32m'./square-square.mjs'[0m;
  [90m     |[0m [31m[1m^^^^^^^^^^^^^^^^^^^^^^^^^^^^^^^^^^^^^^^^^^^^^^^^^^^^^^^^^^^^^^[0m
  [90m1448 |[0m [36mexport[0m { [36mdefault[0m [36mas[0m [33mSquareSplitVertical[0m } [36mfrom[0m [32m'./square-split-verti...[0m
  [90m1449 |[0m [36mexport[0m { [36mdefault[0m [36mas[0m [33mSquareStack[0m } [36mfrom[0m [32m'./square-stack.mjs'[0m;
  [90m1450 |[0m [36mexport[0m { [36mdefault[0m [36mas[0m [33mSquareStar[0m } [36mfrom[0m [32m'./square-star.mjs'[0m;



Import traces:
  Client Component Browser:
    ./.gemini/antigravity/scratch/teacher-tracking/node_modules/lucide-react/dist/esm/icons/index.mjs [Client Component Browser]
    ./.gemini/antigravity/scratch/teacher-tracking/node_modules/lucide-react/dist/esm/lucide-react.mjs [Client Component Browser]
    ./.gemini/antigravity/scratch/teacher-tracking/src/components/pages/DailyTasksPage.tsx [Client Component Browser]
    ./.gemini/antigravity/scratch/teacher-tracking/src/components/AppShell.tsx [Client Component Browser]
    ./.gemini/antigravity/scratch/teacher-tracking/src/app/page.tsx [Client Component Browser]
    ./.gemini/antigravity/scratch/teacher-tracking/src/app/page.tsx [Server Component]

  Client Component SSR:
    ./.gemini/antigravity/scratch/teacher-tracking/node_modules/lucide-react/dist/esm/icons/index.mjs [Client Component SSR]
    ./.gemini/antigravity/scratch/teacher-tracking/node_modules/lucide-react/dist/esm/lucide-react.mjs [Client Component SSR]
    ./.gemini/antigravity/scratch/teacher-tracking/src/components/pages/DailyTasksPage.tsx [Client Component SSR]
    ./.gemini/antigravity/scratch/teacher-tracking/src/components/AppShell.tsx [Client Component SSR]
    ./.gemini/antigravity/scratch/teacher-tracking/src/app/page.tsx [Client Component SSR]
    ./.gemini/antigravity/scratch/teacher-tracking/src/app/page.tsx [Server Component]

https://nextjs.org/docs/messages/module-not-found


./.gemini/antigravity/scratch/teacher-tracking/node_modules/lucide-react/dist/esm/icons/index.mjs:1449:1
Module not found: Can't resolve './square-stack.mjs'
  [90m1447 |[0m [36mexport[0m { [36mdefault[0m [36mas[0m [33mSquareSquare[0m } [36mfrom[0m [32m'./square-square.mjs'[0m;
  [90m1448 |[0m [36mexport[0m { [36mdefault[0m [36mas[0m [33mSquareSplitVertical[0m } [36mfrom[0m [32m'./square-split-verti...[0m
[31m[1m>[0m [90m1449 |[0m [36mexport[0m { [36mdefault[0m [36mas[0m [33mSquareStack[0m } [36mfrom[0m [32m'./square-stack.mjs'[0m;
  [90m     |[0m [31m[1m^^^^^^^^^^^^^^^^^^^^^^^^^^^^^^^^^^^^^^^^^^^^^^^^^^^^^^^^^^^^[0m
  [90m1450 |[0m [36mexport[0m { [36mdefault[0m [36mas[0m [33mSquareStar[0m } [36mfrom[0m [32m'./square-star.mjs'[0m;
  [90m1451 |[0m [36mexport[0m { [36mdefault[0m [36mas[0m [33mSquareStop[0m } [36mfrom[0m [32m'./square-stop.mjs'[0m;
  [90m1452 |[0m [36mexport[0m { [36mdefault[0m [36mas[0m [33mSquareUserRound[0m } [36mfrom[0m [32m'./square-user-round.mjs'[0m;



Import traces:
  Client Component Browser:
    ./.gemini/antigravity/scratch/teacher-tracking/node_modules/lucide-react/dist/esm/icons/index.mjs [Client Component Browser]
    ./.gemini/antigravity/scratch/teacher-tracking/node_modules/lucide-react/dist/esm/lucide-react.mjs [Client Component Browser]
    ./.gemini/antigravity/scratch/teacher-tracking/src/components/pages/DailyTasksPage.tsx [Client Component Browser]
    ./.gemini/antigravity/scratch/teacher-tracking/src/components/AppShell.tsx [Client Component Browser]
    ./.gemini/antigravity/scratch/teacher-tracking/src/app/page.tsx [Client Component Browser]
    ./.gemini/antigravity/scratch/teacher-tracking/src/app/page.tsx [Server Component]

  Client Component SSR:
    ./.gemini/antigravity/scratch/teacher-tracking/node_modules/lucide-react/dist/esm/icons/index.mjs [Client Component SSR]
    ./.gemini/antigravity/scratch/teacher-tracking/node_modules/lucide-react/dist/esm/lucide-react.mjs [Client Component SSR]
    ./.gemini/antigravity/scratch/teacher-tracking/src/components/pages/DailyTasksPage.tsx [Client Component SSR]
    ./.gemini/antigravity/scratch/teacher-tracking/src/components/AppShell.tsx [Client Component SSR]
    ./.gemini/antigravity/scratch/teacher-tracking/src/app/page.tsx [Client Component SSR]
    ./.gemini/antigravity/scratch/teacher-tracking/src/app/page.tsx [Server Component]

https://nextjs.org/docs/messages/module-not-found


./.gemini/antigravity/scratch/teacher-tracking/node_modules/lucide-react/dist/esm/icons/index.mjs:1450:1
Module not found: Can't resolve './square-star.mjs'
  [90m1448 |[0m [36mexport[0m { [36mdefault[0m [36mas[0m [33mSquareSplitVertical[0m } [36mfrom[0m [32m'./square-split-verti...[0m
  [90m1449 |[0m [36mexport[0m { [36mdefault[0m [36mas[0m [33mSquareStack[0m } [36mfrom[0m [32m'./square-stack.mjs'[0m;
[31m[1m>[0m [90m1450 |[0m [36mexport[0m { [36mdefault[0m [36mas[0m [33mSquareStar[0m } [36mfrom[0m [32m'./square-star.mjs'[0m;
  [90m     |[0m [31m[1m^^^^^^^^^^^^^^^^^^^^^^^^^^^^^^^^^^^^^^^^^^^^^^^^^^^^^^^^^^[0m
  [90m1451 |[0m [36mexport[0m { [36mdefault[0m [36mas[0m [33mSquareStop[0m } [36mfrom[0m [32m'./square-stop.mjs'[0m;
  [90m1452 |[0m [36mexport[0m { [36mdefault[0m [36mas[0m [33mSquareUserRound[0m } [36mfrom[0m [32m'./square-user-round.mjs'[0m;
  [90m1453 |[0m [36mexport[0m { [36mdefault[0m [36mas[0m [33mSquareTerminal[0m } [36mfrom[0m [32m'./square-terminal.mjs'[0m;



Import traces:
  Client Component Browser:
    ./.gemini/antigravity/scratch/teacher-tracking/node_modules/lucide-react/dist/esm/icons/index.mjs [Client Component Browser]
    ./.gemini/antigravity/scratch/teacher-tracking/node_modules/lucide-react/dist/esm/lucide-react.mjs [Client Component Browser]
    ./.gemini/antigravity/scratch/teacher-tracking/src/components/pages/DailyTasksPage.tsx [Client Component Browser]
    ./.gemini/antigravity/scratch/teacher-tracking/src/components/AppShell.tsx [Client Component Browser]
    ./.gemini/antigravity/scratch/teacher-tracking/src/app/page.tsx [Client Component Browser]
    ./.gemini/antigravity/scratch/teacher-tracking/src/app/page.tsx [Server Component]

  Client Component SSR:
    ./.gemini/antigravity/scratch/teacher-tracking/node_modules/lucide-react/dist/esm/icons/index.mjs [Client Component SSR]
    ./.gemini/antigravity/scratch/teacher-tracking/node_modules/lucide-react/dist/esm/lucide-react.mjs [Client Component SSR]
    ./.gemini/antigravity/scratch/teacher-tracking/src/components/pages/DailyTasksPage.tsx [Client Component SSR]
    ./.gemini/antigravity/scratch/teacher-tracking/src/components/AppShell.tsx [Client Component SSR]
    ./.gemini/antigravity/scratch/teacher-tracking/src/app/page.tsx [Client Component SSR]
    ./.gemini/antigravity/scratch/teacher-tracking/src/app/page.tsx [Server Component]

https://nextjs.org/docs/messages/module-not-found


./.gemini/antigravity/scratch/teacher-tracking/node_modules/lucide-react/dist/esm/icons/index.mjs:1451:1
Module not found: Can't resolve './square-stop.mjs'
  [90m1449 |[0m [36mexport[0m { [36mdefault[0m [36mas[0m [33mSquareStack[0m } [36mfrom[0m [32m'./square-stack.mjs'[0m;
  [90m1450 |[0m [36mexport[0m { [36mdefault[0m [36mas[0m [33mSquareStar[0m } [36mfrom[0m [32m'./square-star.mjs'[0m;
[31m[1m>[0m [90m1451 |[0m [36mexport[0m { [36mdefault[0m [36mas[0m [33mSquareStop[0m } [36mfrom[0m [32m'./square-stop.mjs'[0m;
  [90m     |[0m [31m[1m^^^^^^^^^^^^^^^^^^^^^^^^^^^^^^^^^^^^^^^^^^^^^^^^^^^^^^^^^^[0m
  [90m1452 |[0m [36mexport[0m { [36mdefault[0m [36mas[0m [33mSquareUserRound[0m } [36mfrom[0m [32m'./square-user-round.mjs'[0m;
  [90m1453 |[0m [36mexport[0m { [36mdefault[0m [36mas[0m [33mSquareTerminal[0m } [36mfrom[0m [32m'./square-terminal.mjs'[0m;
  [90m1454 |[0m [36mexport[0m { [36mdefault[0m [36mas[0m [33mSquareUser[0m } [36mfrom[0m [32m'./square-user.mjs'[0m;



Import traces:
  Client Component Browser:
    ./.gemini/antigravity/scratch/teacher-tracking/node_modules/lucide-react/dist/esm/icons/index.mjs [Client Component Browser]
    ./.gemini/antigravity/scratch/teacher-tracking/node_modules/lucide-react/dist/esm/lucide-react.mjs [Client Component Browser]
    ./.gemini/antigravity/scratch/teacher-tracking/src/components/pages/DailyTasksPage.tsx [Client Component Browser]
    ./.gemini/antigravity/scratch/teacher-tracking/src/components/AppShell.tsx [Client Component Browser]
    ./.gemini/antigravity/scratch/teacher-tracking/src/app/page.tsx [Client Component Browser]
    ./.gemini/antigravity/scratch/teacher-tracking/src/app/page.tsx [Server Component]

  Client Component SSR:
    ./.gemini/antigravity/scratch/teacher-tracking/node_modules/lucide-react/dist/esm/icons/index.mjs [Client Component SSR]
    ./.gemini/antigravity/scratch/teacher-tracking/node_modules/lucide-react/dist/esm/lucide-react.mjs [Client Component SSR]
    ./.gemini/antigravity/scratch/teacher-tracking/src/components/pages/DailyTasksPage.tsx [Client Component SSR]
    ./.gemini/antigravity/scratch/teacher-tracking/src/components/AppShell.tsx [Client Component SSR]
    ./.gemini/antigravity/scratch/teacher-tracking/src/app/page.tsx [Client Component SSR]
    ./.gemini/antigravity/scratch/teacher-tracking/src/app/page.tsx [Server Component]

https://nextjs.org/docs/messages/module-not-found


./.gemini/antigravity/scratch/teacher-tracking/node_modules/lucide-react/dist/esm/icons/index.mjs:1453:1
Module not found: Can't resolve './square-terminal.mjs'
  [90m1451 |[0m [36mexport[0m { [36mdefault[0m [36mas[0m [33mSquareStop[0m } [36mfrom[0m [32m'./square-stop.mjs'[0m;
  [90m1452 |[0m [36mexport[0m { [36mdefault[0m [36mas[0m [33mSquareUserRound[0m } [36mfrom[0m [32m'./square-user-round.mjs'[0m;
[31m[1m>[0m [90m1453 |[0m [36mexport[0m { [36mdefault[0m [36mas[0m [33mSquareTerminal[0m } [36mfrom[0m [32m'./square-terminal.mjs'[0m;
  [90m     |[0m [31m[1m^^^^^^^^^^^^^^^^^^^^^^^^^^^^^^^^^^^^^^^^^^^^^^^^^^^^^^^^^^^^^^^^^^[0m
  [90m1454 |[0m [36mexport[0m { [36mdefault[0m [36mas[0m [33mSquareUser[0m } [36mfrom[0m [32m'./square-user.mjs'[0m;
  [90m1455 |[0m [36mexport[0m { [36mdefault[0m [36mas[0m [33mSquareX[0m } [36mfrom[0m [32m'./square-x.mjs'[0m;
  [90m1456 |[0m [36mexport[0m { [36mdefault[0m [36mas[0m [33mSquare[0m } [36mfrom[0m [32m'./square.mjs'[0m;



Import traces:
  Client Component Browser:
    ./.gemini/antigravity/scratch/teacher-tracking/node_modules/lucide-react/dist/esm/icons/index.mjs [Client Component Browser]
    ./.gemini/antigravity/scratch/teacher-tracking/node_modules/lucide-react/dist/esm/lucide-react.mjs [Client Component Browser]
    ./.gemini/antigravity/scratch/teacher-tracking/src/components/pages/DailyTasksPage.tsx [Client Component Browser]
    ./.gemini/antigravity/scratch/teacher-tracking/src/components/AppShell.tsx [Client Component Browser]
    ./.gemini/antigravity/scratch/teacher-tracking/src/app/page.tsx [Client Component Browser]
    ./.gemini/antigravity/scratch/teacher-tracking/src/app/page.tsx [Server Component]

  Client Component SSR:
    ./.gemini/antigravity/scratch/teacher-tracking/node_modules/lucide-react/dist/esm/icons/index.mjs [Client Component SSR]
    ./.gemini/antigravity/scratch/teacher-tracking/node_modules/lucide-react/dist/esm/lucide-react.mjs [Client Component SSR]
    ./.gemini/antigravity/scratch/teacher-tracking/src/components/pages/DailyTasksPage.tsx [Client Component SSR]
    ./.gemini/antigravity/scratch/teacher-tracking/src/components/AppShell.tsx [Client Component SSR]
    ./.gemini/antigravity/scratch/teacher-tracking/src/app/page.tsx [Client Component SSR]
    ./.gemini/antigravity/scratch/teacher-tracking/src/app/page.tsx [Server Component]

https://nextjs.org/docs/messages/module-not-found


./.gemini/antigravity/scratch/teacher-tracking/node_modules/lucide-react/dist/esm/icons/index.mjs:1452:1
Module not found: Can't resolve './square-user-round.mjs'
  [90m1450 |[0m [36mexport[0m { [36mdefault[0m [36mas[0m [33mSquareStar[0m } [36mfrom[0m [32m'./square-star.mjs'[0m;
  [90m1451 |[0m [36mexport[0m { [36mdefault[0m [36mas[0m [33mSquareStop[0m } [36mfrom[0m [32m'./square-stop.mjs'[0m;
[31m[1m>[0m [90m1452 |[0m [36mexport[0m { [36mdefault[0m [36mas[0m [33mSquareUserRound[0m } [36mfrom[0m [32m'./square-user-round.mjs'[0m;
  [90m     |[0m [31m[1m^^^^^^^^^^^^^^^^^^^^^^^^^^^^^^^^^^^^^^^^^^^^^^^^^^^^^^^^^^^^^^^^^^^^^[0m
  [90m1453 |[0m [36mexport[0m { [36mdefault[0m [36mas[0m [33mSquareTerminal[0m } [36mfrom[0m [32m'./square-terminal.mjs'[0m;
  [90m1454 |[0m [36mexport[0m { [36mdefault[0m [36mas[0m [33mSquareUser[0m } [36mfrom[0m [32m'./square-user.mjs'[0m;
  [90m1455 |[0m [36mexport[0m { [36mdefault[0m [36mas[0m [33mSquareX[0m } [36mfrom[0m [32m'./square-x.mjs'[0m;



Import traces:
  Client Component Browser:
    ./.gemini/antigravity/scratch/teacher-tracking/node_modules/lucide-react/dist/esm/icons/index.mjs [Client Component Browser]
    ./.gemini/antigravity/scratch/teacher-tracking/node_modules/lucide-react/dist/esm/lucide-react.mjs [Client Component Browser]
    ./.gemini/antigravity/scratch/teacher-tracking/src/components/pages/DailyTasksPage.tsx [Client Component Browser]
    ./.gemini/antigravity/scratch/teacher-tracking/src/components/AppShell.tsx [Client Component Browser]
    ./.gemini/antigravity/scratch/teacher-tracking/src/app/page.tsx [Client Component Browser]
    ./.gemini/antigravity/scratch/teacher-tracking/src/app/page.tsx [Server Component]

  Client Component SSR:
    ./.gemini/antigravity/scratch/teacher-tracking/node_modules/lucide-react/dist/esm/icons/index.mjs [Client Component SSR]
    ./.gemini/antigravity/scratch/teacher-tracking/node_modules/lucide-react/dist/esm/lucide-react.mjs [Client Component SSR]
    ./.gemini/antigravity/scratch/teacher-tracking/src/components/pages/DailyTasksPage.tsx [Client Component SSR]
    ./.gemini/antigravity/scratch/teacher-tracking/src/components/AppShell.tsx [Client Component SSR]
    ./.gemini/antigravity/scratch/teacher-tracking/src/app/page.tsx [Client Component SSR]
    ./.gemini/antigravity/scratch/teacher-tracking/src/app/page.tsx [Server Component]

https://nextjs.org/docs/messages/module-not-found


./.gemini/antigravity/scratch/teacher-tracking/node_modules/lucide-react/dist/esm/icons/index.mjs:1454:1
Module not found: Can't resolve './square-user.mjs'
  [90m1452 |[0m [36mexport[0m { [36mdefault[0m [36mas[0m [33mSquareUserRound[0m } [36mfrom[0m [32m'./square-user-round.mjs'[0m;
  [90m1453 |[0m [36mexport[0m { [36mdefault[0m [36mas[0m [33mSquareTerminal[0m } [36mfrom[0m [32m'./square-terminal.mjs'[0m;
[31m[1m>[0m [90m1454 |[0m [36mexport[0m { [36mdefault[0m [36mas[0m [33mSquareUser[0m } [36mfrom[0m [32m'./square-user.mjs'[0m;
  [90m     |[0m [31m[1m^^^^^^^^^^^^^^^^^^^^^^^^^^^^^^^^^^^^^^^^^^^^^^^^^^^^^^^^^^[0m
  [90m1455 |[0m [36mexport[0m { [36mdefault[0m [36mas[0m [33mSquareX[0m } [36mfrom[0m [32m'./square-x.mjs'[0m;
  [90m1456 |[0m [36mexport[0m { [36mdefault[0m [36mas[0m [33mSquare[0m } [36mfrom[0m [32m'./square.mjs'[0m;
  [90m1457 |[0m [36mexport[0m { [36mdefault[0m [36mas[0m [33mSquaresExclude[0m } [36mfrom[0m [32m'./squares-exclude.mjs'[0m;



Import traces:
  Client Component Browser:
    ./.gemini/antigravity/scratch/teacher-tracking/node_modules/lucide-react/dist/esm/icons/index.mjs [Client Component Browser]
    ./.gemini/antigravity/scratch/teacher-tracking/node_modules/lucide-react/dist/esm/lucide-react.mjs [Client Component Browser]
    ./.gemini/antigravity/scratch/teacher-tracking/src/components/pages/DailyTasksPage.tsx [Client Component Browser]
    ./.gemini/antigravity/scratch/teacher-tracking/src/components/AppShell.tsx [Client Component Browser]
    ./.gemini/antigravity/scratch/teacher-tracking/src/app/page.tsx [Client Component Browser]
    ./.gemini/antigravity/scratch/teacher-tracking/src/app/page.tsx [Server Component]

  Client Component SSR:
    ./.gemini/antigravity/scratch/teacher-tracking/node_modules/lucide-react/dist/esm/icons/index.mjs [Client Component SSR]
    ./.gemini/antigravity/scratch/teacher-tracking/node_modules/lucide-react/dist/esm/lucide-react.mjs [Client Component SSR]
    ./.gemini/antigravity/scratch/teacher-tracking/src/components/pages/DailyTasksPage.tsx [Client Component SSR]
    ./.gemini/antigravity/scratch/teacher-tracking/src/components/AppShell.tsx [Client Component SSR]
    ./.gemini/antigravity/scratch/teacher-tracking/src/app/page.tsx [Client Component SSR]
    ./.gemini/antigravity/scratch/teacher-tracking/src/app/page.tsx [Server Component]

https://nextjs.org/docs/messages/module-not-found


./.gemini/antigravity/scratch/teacher-tracking/node_modules/lucide-react/dist/esm/icons/index.mjs:1455:1
Module not found: Can't resolve './square-x.mjs'
  [90m1453 |[0m [36mexport[0m { [36mdefault[0m [36mas[0m [33mSquareTerminal[0m } [36mfrom[0m [32m'./square-terminal.mjs'[0m;
  [90m1454 |[0m [36mexport[0m { [36mdefault[0m [36mas[0m [33mSquareUser[0m } [36mfrom[0m [32m'./square-user.mjs'[0m;
[31m[1m>[0m [90m1455 |[0m [36mexport[0m { [36mdefault[0m [36mas[0m [33mSquareX[0m } [36mfrom[0m [32m'./square-x.mjs'[0m;
  [90m     |[0m [31m[1m^^^^^^^^^^^^^^^^^^^^^^^^^^^^^^^^^^^^^^^^^^^^^^^^^^^^[0m
  [90m1456 |[0m [36mexport[0m { [36mdefault[0m [36mas[0m [33mSquare[0m } [36mfrom[0m [32m'./square.mjs'[0m;
  [90m1457 |[0m [36mexport[0m { [36mdefault[0m [36mas[0m [33mSquaresExclude[0m } [36mfrom[0m [32m'./squares-exclude.mjs'[0m;
  [90m1458 |[0m [36mexport[0m { [36mdefault[0m [36mas[0m [33mSquaresIntersect[0m } [36mfrom[0m [32m'./squares-intersect.mjs'[0m;



Import traces:
  Client Component Browser:
    ./.gemini/antigravity/scratch/teacher-tracking/node_modules/lucide-react/dist/esm/icons/index.mjs [Client Component Browser]
    ./.gemini/antigravity/scratch/teacher-tracking/node_modules/lucide-react/dist/esm/lucide-react.mjs [Client Component Browser]
    ./.gemini/antigravity/scratch/teacher-tracking/src/components/pages/DailyTasksPage.tsx [Client Component Browser]
    ./.gemini/antigravity/scratch/teacher-tracking/src/components/AppShell.tsx [Client Component Browser]
    ./.gemini/antigravity/scratch/teacher-tracking/src/app/page.tsx [Client Component Browser]
    ./.gemini/antigravity/scratch/teacher-tracking/src/app/page.tsx [Server Component]

  Client Component SSR:
    ./.gemini/antigravity/scratch/teacher-tracking/node_modules/lucide-react/dist/esm/icons/index.mjs [Client Component SSR]
    ./.gemini/antigravity/scratch/teacher-tracking/node_modules/lucide-react/dist/esm/lucide-react.mjs [Client Component SSR]
    ./.gemini/antigravity/scratch/teacher-tracking/src/components/pages/DailyTasksPage.tsx [Client Component SSR]
    ./.gemini/antigravity/scratch/teacher-tracking/src/components/AppShell.tsx [Client Component SSR]
    ./.gemini/antigravity/scratch/teacher-tracking/src/app/page.tsx [Client Component SSR]
    ./.gemini/antigravity/scratch/teacher-tracking/src/app/page.tsx [Server Component]

https://nextjs.org/docs/messages/module-not-found


./.gemini/antigravity/scratch/teacher-tracking/node_modules/lucide-react/dist/esm/icons/index.mjs:1456:1
Module not found: Can't resolve './square.mjs'
  [90m1454 |[0m [36mexport[0m { [36mdefault[0m [36mas[0m [33mSquareUser[0m } [36mfrom[0m [32m'./square-user.mjs'[0m;
  [90m1455 |[0m [36mexport[0m { [36mdefault[0m [36mas[0m [33mSquareX[0m } [36mfrom[0m [32m'./square-x.mjs'[0m;
[31m[1m>[0m [90m1456 |[0m [36mexport[0m { [36mdefault[0m [36mas[0m [33mSquare[0m } [36mfrom[0m [32m'./square.mjs'[0m;
  [90m     |[0m [31m[1m^^^^^^^^^^^^^^^^^^^^^^^^^^^^^^^^^^^^^^^^^^^^^^^^^[0m
  [90m1457 |[0m [36mexport[0m { [36mdefault[0m [36mas[0m [33mSquaresExclude[0m } [36mfrom[0m [32m'./squares-exclude.mjs'[0m;
  [90m1458 |[0m [36mexport[0m { [36mdefault[0m [36mas[0m [33mSquaresIntersect[0m } [36mfrom[0m [32m'./squares-intersect.mjs'[0m;
  [90m1459 |[0m [36mexport[0m { [36mdefault[0m [36mas[0m [33mSquaresSubtract[0m } [36mfrom[0m [32m'./squares-subtract.mjs'[0m;



Import traces:
  Client Component Browser:
    ./.gemini/antigravity/scratch/teacher-tracking/node_modules/lucide-react/dist/esm/icons/index.mjs [Client Component Browser]
    ./.gemini/antigravity/scratch/teacher-tracking/node_modules/lucide-react/dist/esm/lucide-react.mjs [Client Component Browser]
    ./.gemini/antigravity/scratch/teacher-tracking/src/components/pages/DailyTasksPage.tsx [Client Component Browser]
    ./.gemini/antigravity/scratch/teacher-tracking/src/components/AppShell.tsx [Client Component Browser]
    ./.gemini/antigravity/scratch/teacher-tracking/src/app/page.tsx [Client Component Browser]
    ./.gemini/antigravity/scratch/teacher-tracking/src/app/page.tsx [Server Component]

  Client Component SSR:
    ./.gemini/antigravity/scratch/teacher-tracking/node_modules/lucide-react/dist/esm/icons/index.mjs [Client Component SSR]
    ./.gemini/antigravity/scratch/teacher-tracking/node_modules/lucide-react/dist/esm/lucide-react.mjs [Client Component SSR]
    ./.gemini/antigravity/scratch/teacher-tracking/src/components/pages/DailyTasksPage.tsx [Client Component SSR]
    ./.gemini/antigravity/scratch/teacher-tracking/src/components/AppShell.tsx [Client Component SSR]
    ./.gemini/antigravity/scratch/teacher-tracking/src/app/page.tsx [Client Component SSR]
    ./.gemini/antigravity/scratch/teacher-tracking/src/app/page.tsx [Server Component]

https://nextjs.org/docs/messages/module-not-found


./.gemini/antigravity/scratch/teacher-tracking/node_modules/lucide-react/dist/esm/icons/index.mjs:1457:1
Module not found: Can't resolve './squares-exclude.mjs'
  [90m1455 |[0m [36mexport[0m { [36mdefault[0m [36mas[0m [33mSquareX[0m } [36mfrom[0m [32m'./square-x.mjs'[0m;
  [90m1456 |[0m [36mexport[0m { [36mdefault[0m [36mas[0m [33mSquare[0m } [36mfrom[0m [32m'./square.mjs'[0m;
[31m[1m>[0m [90m1457 |[0m [36mexport[0m { [36mdefault[0m [36mas[0m [33mSquaresExclude[0m } [36mfrom[0m [32m'./squares-exclude.mjs'[0m;
  [90m     |[0m [31m[1m^^^^^^^^^^^^^^^^^^^^^^^^^^^^^^^^^^^^^^^^^^^^^^^^^^^^^^^^^^^^^^^^^^[0m
  [90m1458 |[0m [36mexport[0m { [36mdefault[0m [36mas[0m [33mSquaresIntersect[0m } [36mfrom[0m [32m'./squares-intersect.mjs'[0m;
  [90m1459 |[0m [36mexport[0m { [36mdefault[0m [36mas[0m [33mSquaresSubtract[0m } [36mfrom[0m [32m'./squares-subtract.mjs'[0m;
  [90m1460 |[0m [36mexport[0m { [36mdefault[0m [36mas[0m [33mSquaresUnite[0m } [36mfrom[0m [32m'./squares-unite.mjs'[0m;



Import traces:
  Client Component Browser:
    ./.gemini/antigravity/scratch/teacher-tracking/node_modules/lucide-react/dist/esm/icons/index.mjs [Client Component Browser]
    ./.gemini/antigravity/scratch/teacher-tracking/node_modules/lucide-react/dist/esm/lucide-react.mjs [Client Component Browser]
    ./.gemini/antigravity/scratch/teacher-tracking/src/components/pages/DailyTasksPage.tsx [Client Component Browser]
    ./.gemini/antigravity/scratch/teacher-tracking/src/components/AppShell.tsx [Client Component Browser]
    ./.gemini/antigravity/scratch/teacher-tracking/src/app/page.tsx [Client Component Browser]
    ./.gemini/antigravity/scratch/teacher-tracking/src/app/page.tsx [Server Component]

  Client Component SSR:
    ./.gemini/antigravity/scratch/teacher-tracking/node_modules/lucide-react/dist/esm/icons/index.mjs [Client Component SSR]
    ./.gemini/antigravity/scratch/teacher-tracking/node_modules/lucide-react/dist/esm/lucide-react.mjs [Client Component SSR]
    ./.gemini/antigravity/scratch/teacher-tracking/src/components/pages/DailyTasksPage.tsx [Client Component SSR]
    ./.gemini/antigravity/scratch/teacher-tracking/src/components/AppShell.tsx [Client Component SSR]
    ./.gemini/antigravity/scratch/teacher-tracking/src/app/page.tsx [Client Component SSR]
    ./.gemini/antigravity/scratch/teacher-tracking/src/app/page.tsx [Server Component]

https://nextjs.org/docs/messages/module-not-found


./.gemini/antigravity/scratch/teacher-tracking/node_modules/lucide-react/dist/esm/icons/index.mjs:1458:1
Module not found: Can't resolve './squares-intersect.mjs'
  [90m1456 |[0m [36mexport[0m { [36mdefault[0m [36mas[0m [33mSquare[0m } [36mfrom[0m [32m'./square.mjs'[0m;
  [90m1457 |[0m [36mexport[0m { [36mdefault[0m [36mas[0m [33mSquaresExclude[0m } [36mfrom[0m [32m'./squares-exclude.mjs'[0m;
[31m[1m>[0m [90m1458 |[0m [36mexport[0m { [36mdefault[0m [36mas[0m [33mSquaresIntersect[0m } [36mfrom[0m [32m'./squares-intersect.mjs'[0m;
  [90m     |[0m [31m[1m^^^^^^^^^^^^^^^^^^^^^^^^^^^^^^^^^^^^^^^^^^^^^^^^^^^^^^^^^^^^^^^^^^^^^^[0m
  [90m1459 |[0m [36mexport[0m { [36mdefault[0m [36mas[0m [33mSquaresSubtract[0m } [36mfrom[0m [32m'./squares-subtract.mjs'[0m;
  [90m1460 |[0m [36mexport[0m { [36mdefault[0m [36mas[0m [33mSquaresUnite[0m } [36mfrom[0m [32m'./squares-unite.mjs'[0m;
  [90m1461 |[0m [36mexport[0m { [36mdefault[0m [36mas[0m [33mSquircleDashed[0m } [36mfrom[0m [32m'./squircle-dashed.mjs'[0m;



Import traces:
  Client Component Browser:
    ./.gemini/antigravity/scratch/teacher-tracking/node_modules/lucide-react/dist/esm/icons/index.mjs [Client Component Browser]
    ./.gemini/antigravity/scratch/teacher-tracking/node_modules/lucide-react/dist/esm/lucide-react.mjs [Client Component Browser]
    ./.gemini/antigravity/scratch/teacher-tracking/src/components/pages/DailyTasksPage.tsx [Client Component Browser]
    ./.gemini/antigravity/scratch/teacher-tracking/src/components/AppShell.tsx [Client Component Browser]
    ./.gemini/antigravity/scratch/teacher-tracking/src/app/page.tsx [Client Component Browser]
    ./.gemini/antigravity/scratch/teacher-tracking/src/app/page.tsx [Server Component]

  Client Component SSR:
    ./.gemini/antigravity/scratch/teacher-tracking/node_modules/lucide-react/dist/esm/icons/index.mjs [Client Component SSR]
    ./.gemini/antigravity/scratch/teacher-tracking/node_modules/lucide-react/dist/esm/lucide-react.mjs [Client Component SSR]
    ./.gemini/antigravity/scratch/teacher-tracking/src/components/pages/DailyTasksPage.tsx [Client Component SSR]
    ./.gemini/antigravity/scratch/teacher-tracking/src/components/AppShell.tsx [Client Component SSR]
    ./.gemini/antigravity/scratch/teacher-tracking/src/app/page.tsx [Client Component SSR]
    ./.gemini/antigravity/scratch/teacher-tracking/src/app/page.tsx [Server Component]

https://nextjs.org/docs/messages/module-not-found


./.gemini/antigravity/scratch/teacher-tracking/node_modules/lucide-react/dist/esm/icons/index.mjs:1459:1
Module not found: Can't resolve './squares-subtract.mjs'
  [90m1457 |[0m [36mexport[0m { [36mdefault[0m [36mas[0m [33mSquaresExclude[0m } [36mfrom[0m [32m'./squares-exclude.mjs'[0m;
  [90m1458 |[0m [36mexport[0m { [36mdefault[0m [36mas[0m [33mSquaresIntersect[0m } [36mfrom[0m [32m'./squares-intersect.mjs'[0m;
[31m[1m>[0m [90m1459 |[0m [36mexport[0m { [36mdefault[0m [36mas[0m [33mSquaresSubtract[0m } [36mfrom[0m [32m'./squares-subtract.mjs'[0m;
  [90m     |[0m [31m[1m^^^^^^^^^^^^^^^^^^^^^^^^^^^^^^^^^^^^^^^^^^^^^^^^^^^^^^^^^^^^^^^^^^^^[0m
  [90m1460 |[0m [36mexport[0m { [36mdefault[0m [36mas[0m [33mSquaresUnite[0m } [36mfrom[0m [32m'./squares-unite.mjs'[0m;
  [90m1461 |[0m [36mexport[0m { [36mdefault[0m [36mas[0m [33mSquircleDashed[0m } [36mfrom[0m [32m'./squircle-dashed.mjs'[0m;
  [90m1462 |[0m [36mexport[0m { [36mdefault[0m [36mas[0m [33mSquircle[0m } [36mfrom[0m [32m'./squircle.mjs'[0m;



Import traces:
  Client Component Browser:
    ./.gemini/antigravity/scratch/teacher-tracking/node_modules/lucide-react/dist/esm/icons/index.mjs [Client Component Browser]
    ./.gemini/antigravity/scratch/teacher-tracking/node_modules/lucide-react/dist/esm/lucide-react.mjs [Client Component Browser]
    ./.gemini/antigravity/scratch/teacher-tracking/src/components/pages/DailyTasksPage.tsx [Client Component Browser]
    ./.gemini/antigravity/scratch/teacher-tracking/src/components/AppShell.tsx [Client Component Browser]
    ./.gemini/antigravity/scratch/teacher-tracking/src/app/page.tsx [Client Component Browser]
    ./.gemini/antigravity/scratch/teacher-tracking/src/app/page.tsx [Server Component]

  Client Component SSR:
    ./.gemini/antigravity/scratch/teacher-tracking/node_modules/lucide-react/dist/esm/icons/index.mjs [Client Component SSR]
    ./.gemini/antigravity/scratch/teacher-tracking/node_modules/lucide-react/dist/esm/lucide-react.mjs [Client Component SSR]
    ./.gemini/antigravity/scratch/teacher-tracking/src/components/pages/DailyTasksPage.tsx [Client Component SSR]
    ./.gemini/antigravity/scratch/teacher-tracking/src/components/AppShell.tsx [Client Component SSR]
    ./.gemini/antigravity/scratch/teacher-tracking/src/app/page.tsx [Client Component SSR]
    ./.gemini/antigravity/scratch/teacher-tracking/src/app/page.tsx [Server Component]

https://nextjs.org/docs/messages/module-not-found


./.gemini/antigravity/scratch/teacher-tracking/node_modules/lucide-react/dist/esm/icons/index.mjs:1460:1
Module not found: Can't resolve './squares-unite.mjs'
  [90m1458 |[0m [36mexport[0m { [36mdefault[0m [36mas[0m [33mSquaresIntersect[0m } [36mfrom[0m [32m'./squares-intersect.mjs'[0m;
  [90m1459 |[0m [36mexport[0m { [36mdefault[0m [36mas[0m [33mSquaresSubtract[0m } [36mfrom[0m [32m'./squares-subtract.mjs'[0m;
[31m[1m>[0m [90m1460 |[0m [36mexport[0m { [36mdefault[0m [36mas[0m [33mSquaresUnite[0m } [36mfrom[0m [32m'./squares-unite.mjs'[0m;
  [90m     |[0m [31m[1m^^^^^^^^^^^^^^^^^^^^^^^^^^^^^^^^^^^^^^^^^^^^^^^^^^^^^^^^^^^^^^[0m
  [90m1461 |[0m [36mexport[0m { [36mdefault[0m [36mas[0m [33mSquircleDashed[0m } [36mfrom[0m [32m'./squircle-dashed.mjs'[0m;
  [90m1462 |[0m [36mexport[0m { [36mdefault[0m [36mas[0m [33mSquircle[0m } [36mfrom[0m [32m'./squircle.mjs'[0m;
  [90m1463 |[0m [36mexport[0m { [36mdefault[0m [36mas[0m [33mSquirrel[0m } [36mfrom[0m [32m'./squirrel.mjs'[0m;



Import traces:
  Client Component Browser:
    ./.gemini/antigravity/scratch/teacher-tracking/node_modules/lucide-react/dist/esm/icons/index.mjs [Client Component Browser]
    ./.gemini/antigravity/scratch/teacher-tracking/node_modules/lucide-react/dist/esm/lucide-react.mjs [Client Component Browser]
    ./.gemini/antigravity/scratch/teacher-tracking/src/components/pages/DailyTasksPage.tsx [Client Component Browser]
    ./.gemini/antigravity/scratch/teacher-tracking/src/components/AppShell.tsx [Client Component Browser]
    ./.gemini/antigravity/scratch/teacher-tracking/src/app/page.tsx [Client Component Browser]
    ./.gemini/antigravity/scratch/teacher-tracking/src/app/page.tsx [Server Component]

  Client Component SSR:
    ./.gemini/antigravity/scratch/teacher-tracking/node_modules/lucide-react/dist/esm/icons/index.mjs [Client Component SSR]
    ./.gemini/antigravity/scratch/teacher-tracking/node_modules/lucide-react/dist/esm/lucide-react.mjs [Client Component SSR]
    ./.gemini/antigravity/scratch/teacher-tracking/src/components/pages/DailyTasksPage.tsx [Client Component SSR]
    ./.gemini/antigravity/scratch/teacher-tracking/src/components/AppShell.tsx [Client Component SSR]
    ./.gemini/antigravity/scratch/teacher-tracking/src/app/page.tsx [Client Component SSR]
    ./.gemini/antigravity/scratch/teacher-tracking/src/app/page.tsx [Server Component]

https://nextjs.org/docs/messages/module-not-found


./.gemini/antigravity/scratch/teacher-tracking/node_modules/lucide-react/dist/esm/icons/index.mjs:1461:1
Module not found: Can't resolve './squircle-dashed.mjs'
  [90m1459 |[0m [36mexport[0m { [36mdefault[0m [36mas[0m [33mSquaresSubtract[0m } [36mfrom[0m [32m'./squares-subtract.mjs'[0m;
  [90m1460 |[0m [36mexport[0m { [36mdefault[0m [36mas[0m [33mSquaresUnite[0m } [36mfrom[0m [32m'./squares-unite.mjs'[0m;
[31m[1m>[0m [90m1461 |[0m [36mexport[0m { [36mdefault[0m [36mas[0m [33mSquircleDashed[0m } [36mfrom[0m [32m'./squircle-dashed.mjs'[0m;
  [90m     |[0m [31m[1m^^^^^^^^^^^^^^^^^^^^^^^^^^^^^^^^^^^^^^^^^^^^^^^^^^^^^^^^^^^^^^^^^^[0m
  [90m1462 |[0m [36mexport[0m { [36mdefault[0m [36mas[0m [33mSquircle[0m } [36mfrom[0m [32m'./squircle.mjs'[0m;
  [90m1463 |[0m [36mexport[0m { [36mdefault[0m [36mas[0m [33mSquirrel[0m } [36mfrom[0m [32m'./squirrel.mjs'[0m;
  [90m1464 |[0m [36mexport[0m { [36mdefault[0m [36mas[0m [33mStamp[0m } [36mfrom[0m [32m'./stamp.mjs'[0m;



Import traces:
  Client Component Browser:
    ./.gemini/antigravity/scratch/teacher-tracking/node_modules/lucide-react/dist/esm/icons/index.mjs [Client Component Browser]
    ./.gemini/antigravity/scratch/teacher-tracking/node_modules/lucide-react/dist/esm/lucide-react.mjs [Client Component Browser]
    ./.gemini/antigravity/scratch/teacher-tracking/src/components/pages/DailyTasksPage.tsx [Client Component Browser]
    ./.gemini/antigravity/scratch/teacher-tracking/src/components/AppShell.tsx [Client Component Browser]
    ./.gemini/antigravity/scratch/teacher-tracking/src/app/page.tsx [Client Component Browser]
    ./.gemini/antigravity/scratch/teacher-tracking/src/app/page.tsx [Server Component]

  Client Component SSR:
    ./.gemini/antigravity/scratch/teacher-tracking/node_modules/lucide-react/dist/esm/icons/index.mjs [Client Component SSR]
    ./.gemini/antigravity/scratch/teacher-tracking/node_modules/lucide-react/dist/esm/lucide-react.mjs [Client Component SSR]
    ./.gemini/antigravity/scratch/teacher-tracking/src/components/pages/DailyTasksPage.tsx [Client Component SSR]
    ./.gemini/antigravity/scratch/teacher-tracking/src/components/AppShell.tsx [Client Component SSR]
    ./.gemini/antigravity/scratch/teacher-tracking/src/app/page.tsx [Client Component SSR]
    ./.gemini/antigravity/scratch/teacher-tracking/src/app/page.tsx [Server Component]

https://nextjs.org/docs/messages/module-not-found


./.gemini/antigravity/scratch/teacher-tracking/node_modules/lucide-react/dist/esm/icons/index.mjs:1462:1
Module not found: Can't resolve './squircle.mjs'
  [90m1460 |[0m [36mexport[0m { [36mdefault[0m [36mas[0m [33mSquaresUnite[0m } [36mfrom[0m [32m'./squares-unite.mjs'[0m;
  [90m1461 |[0m [36mexport[0m { [36mdefault[0m [36mas[0m [33mSquircleDashed[0m } [36mfrom[0m [32m'./squircle-dashed.mjs'[0m;
[31m[1m>[0m [90m1462 |[0m [36mexport[0m { [36mdefault[0m [36mas[0m [33mSquircle[0m } [36mfrom[0m [32m'./squircle.mjs'[0m;
  [90m     |[0m [31m[1m^^^^^^^^^^^^^^^^^^^^^^^^^^^^^^^^^^^^^^^^^^^^^^^^^^^^^[0m
  [90m1463 |[0m [36mexport[0m { [36mdefault[0m [36mas[0m [33mSquirrel[0m } [36mfrom[0m [32m'./squirrel.mjs'[0m;
  [90m1464 |[0m [36mexport[0m { [36mdefault[0m [36mas[0m [33mStamp[0m } [36mfrom[0m [32m'./stamp.mjs'[0m;
  [90m1465 |[0m [36mexport[0m { [36mdefault[0m [36mas[0m [33mStarHalf[0m } [36mfrom[0m [32m'./star-half.mjs'[0m;



Import traces:
  Client Component Browser:
    ./.gemini/antigravity/scratch/teacher-tracking/node_modules/lucide-react/dist/esm/icons/index.mjs [Client Component Browser]
    ./.gemini/antigravity/scratch/teacher-tracking/node_modules/lucide-react/dist/esm/lucide-react.mjs [Client Component Browser]
    ./.gemini/antigravity/scratch/teacher-tracking/src/components/pages/DailyTasksPage.tsx [Client Component Browser]
    ./.gemini/antigravity/scratch/teacher-tracking/src/components/AppShell.tsx [Client Component Browser]
    ./.gemini/antigravity/scratch/teacher-tracking/src/app/page.tsx [Client Component Browser]
    ./.gemini/antigravity/scratch/teacher-tracking/src/app/page.tsx [Server Component]

  Client Component SSR:
    ./.gemini/antigravity/scratch/teacher-tracking/node_modules/lucide-react/dist/esm/icons/index.mjs [Client Component SSR]
    ./.gemini/antigravity/scratch/teacher-tracking/node_modules/lucide-react/dist/esm/lucide-react.mjs [Client Component SSR]
    ./.gemini/antigravity/scratch/teacher-tracking/src/components/pages/DailyTasksPage.tsx [Client Component SSR]
    ./.gemini/antigravity/scratch/teacher-tracking/src/components/AppShell.tsx [Client Component SSR]
    ./.gemini/antigravity/scratch/teacher-tracking/src/app/page.tsx [Client Component SSR]
    ./.gemini/antigravity/scratch/teacher-tracking/src/app/page.tsx [Server Component]

https://nextjs.org/docs/messages/module-not-found


./.gemini/antigravity/scratch/teacher-tracking/node_modules/lucide-react/dist/esm/icons/index.mjs:1463:1
Module not found: Can't resolve './squirrel.mjs'
  [90m1461 |[0m [36mexport[0m { [36mdefault[0m [36mas[0m [33mSquircleDashed[0m } [36mfrom[0m [32m'./squircle-dashed.mjs'[0m;
  [90m1462 |[0m [36mexport[0m { [36mdefault[0m [36mas[0m [33mSquircle[0m } [36mfrom[0m [32m'./squircle.mjs'[0m;
[31m[1m>[0m [90m1463 |[0m [36mexport[0m { [36mdefault[0m [36mas[0m [33mSquirrel[0m } [36mfrom[0m [32m'./squirrel.mjs'[0m;
  [90m     |[0m [31m[1m^^^^^^^^^^^^^^^^^^^^^^^^^^^^^^^^^^^^^^^^^^^^^^^^^^^^^[0m
  [90m1464 |[0m [36mexport[0m { [36mdefault[0m [36mas[0m [33mStamp[0m } [36mfrom[0m [32m'./stamp.mjs'[0m;
  [90m1465 |[0m [36mexport[0m { [36mdefault[0m [36mas[0m [33mStarHalf[0m } [36mfrom[0m [32m'./star-half.mjs'[0m;
  [90m1466 |[0m [36mexport[0m { [36mdefault[0m [36mas[0m [33mStarOff[0m } [36mfrom[0m [32m'./star-off.mjs'[0m;



Import traces:
  Client Component Browser:
    ./.gemini/antigravity/scratch/teacher-tracking/node_modules/lucide-react/dist/esm/icons/index.mjs [Client Component Browser]
    ./.gemini/antigravity/scratch/teacher-tracking/node_modules/lucide-react/dist/esm/lucide-react.mjs [Client Component Browser]
    ./.gemini/antigravity/scratch/teacher-tracking/src/components/pages/DailyTasksPage.tsx [Client Component Browser]
    ./.gemini/antigravity/scratch/teacher-tracking/src/components/AppShell.tsx [Client Component Browser]
    ./.gemini/antigravity/scratch/teacher-tracking/src/app/page.tsx [Client Component Browser]
    ./.gemini/antigravity/scratch/teacher-tracking/src/app/page.tsx [Server Component]

  Client Component SSR:
    ./.gemini/antigravity/scratch/teacher-tracking/node_modules/lucide-react/dist/esm/icons/index.mjs [Client Component SSR]
    ./.gemini/antigravity/scratch/teacher-tracking/node_modules/lucide-react/dist/esm/lucide-react.mjs [Client Component SSR]
    ./.gemini/antigravity/scratch/teacher-tracking/src/components/pages/DailyTasksPage.tsx [Client Component SSR]
    ./.gemini/antigravity/scratch/teacher-tracking/src/components/AppShell.tsx [Client Component SSR]
    ./.gemini/antigravity/scratch/teacher-tracking/src/app/page.tsx [Client Component SSR]
    ./.gemini/antigravity/scratch/teacher-tracking/src/app/page.tsx [Server Component]

https://nextjs.org/docs/messages/module-not-found


./.gemini/antigravity/scratch/teacher-tracking/node_modules/lucide-react/dist/esm/icons/index.mjs:1464:1
Module not found: Can't resolve './stamp.mjs'
  [90m1462 |[0m [36mexport[0m { [36mdefault[0m [36mas[0m [33mSquircle[0m } [36mfrom[0m [32m'./squircle.mjs'[0m;
  [90m1463 |[0m [36mexport[0m { [36mdefault[0m [36mas[0m [33mSquirrel[0m } [36mfrom[0m [32m'./squirrel.mjs'[0m;
[31m[1m>[0m [90m1464 |[0m [36mexport[0m { [36mdefault[0m [36mas[0m [33mStamp[0m } [36mfrom[0m [32m'./stamp.mjs'[0m;
  [90m     |[0m [31m[1m^^^^^^^^^^^^^^^^^^^^^^^^^^^^^^^^^^^^^^^^^^^^^^^[0m
  [90m1465 |[0m [36mexport[0m { [36mdefault[0m [36mas[0m [33mStarHalf[0m } [36mfrom[0m [32m'./star-half.mjs'[0m;
  [90m1466 |[0m [36mexport[0m { [36mdefault[0m [36mas[0m [33mStarOff[0m } [36mfrom[0m [32m'./star-off.mjs'[0m;
  [90m1467 |[0m [36mexport[0m { [36mdefault[0m [36mas[0m [33mStar[0m } [36mfrom[0m [32m'./star.mjs'[0m;



Import traces:
  Client Component Browser:
    ./.gemini/antigravity/scratch/teacher-tracking/node_modules/lucide-react/dist/esm/icons/index.mjs [Client Component Browser]
    ./.gemini/antigravity/scratch/teacher-tracking/node_modules/lucide-react/dist/esm/lucide-react.mjs [Client Component Browser]
    ./.gemini/antigravity/scratch/teacher-tracking/src/components/pages/DailyTasksPage.tsx [Client Component Browser]
    ./.gemini/antigravity/scratch/teacher-tracking/src/components/AppShell.tsx [Client Component Browser]
    ./.gemini/antigravity/scratch/teacher-tracking/src/app/page.tsx [Client Component Browser]
    ./.gemini/antigravity/scratch/teacher-tracking/src/app/page.tsx [Server Component]

  Client Component SSR:
    ./.gemini/antigravity/scratch/teacher-tracking/node_modules/lucide-react/dist/esm/icons/index.mjs [Client Component SSR]
    ./.gemini/antigravity/scratch/teacher-tracking/node_modules/lucide-react/dist/esm/lucide-react.mjs [Client Component SSR]
    ./.gemini/antigravity/scratch/teacher-tracking/src/components/pages/DailyTasksPage.tsx [Client Component SSR]
    ./.gemini/antigravity/scratch/teacher-tracking/src/components/AppShell.tsx [Client Component SSR]
    ./.gemini/antigravity/scratch/teacher-tracking/src/app/page.tsx [Client Component SSR]
    ./.gemini/antigravity/scratch/teacher-tracking/src/app/page.tsx [Server Component]

https://nextjs.org/docs/messages/module-not-found


./.gemini/antigravity/scratch/teacher-tracking/node_modules/lucide-react/dist/esm/icons/index.mjs:1465:1
Module not found: Can't resolve './star-half.mjs'
  [90m1463 |[0m [36mexport[0m { [36mdefault[0m [36mas[0m [33mSquirrel[0m } [36mfrom[0m [32m'./squirrel.mjs'[0m;
  [90m1464 |[0m [36mexport[0m { [36mdefault[0m [36mas[0m [33mStamp[0m } [36mfrom[0m [32m'./stamp.mjs'[0m;
[31m[1m>[0m [90m1465 |[0m [36mexport[0m { [36mdefault[0m [36mas[0m [33mStarHalf[0m } [36mfrom[0m [32m'./star-half.mjs'[0m;
  [90m     |[0m [31m[1m^^^^^^^^^^^^^^^^^^^^^^^^^^^^^^^^^^^^^^^^^^^^^^^^^^^^^^[0m
  [90m1466 |[0m [36mexport[0m { [36mdefault[0m [36mas[0m [33mStarOff[0m } [36mfrom[0m [32m'./star-off.mjs'[0m;
  [90m1467 |[0m [36mexport[0m { [36mdefault[0m [36mas[0m [33mStar[0m } [36mfrom[0m [32m'./star.mjs'[0m;
  [90m1468 |[0m [36mexport[0m { [36mdefault[0m [36mas[0m [33mStepForward[0m } [36mfrom[0m [32m'./step-forward.mjs'[0m;



Import traces:
  Client Component Browser:
    ./.gemini/antigravity/scratch/teacher-tracking/node_modules/lucide-react/dist/esm/icons/index.mjs [Client Component Browser]
    ./.gemini/antigravity/scratch/teacher-tracking/node_modules/lucide-react/dist/esm/lucide-react.mjs [Client Component Browser]
    ./.gemini/antigravity/scratch/teacher-tracking/src/components/pages/DailyTasksPage.tsx [Client Component Browser]
    ./.gemini/antigravity/scratch/teacher-tracking/src/components/AppShell.tsx [Client Component Browser]
    ./.gemini/antigravity/scratch/teacher-tracking/src/app/page.tsx [Client Component Browser]
    ./.gemini/antigravity/scratch/teacher-tracking/src/app/page.tsx [Server Component]

  Client Component SSR:
    ./.gemini/antigravity/scratch/teacher-tracking/node_modules/lucide-react/dist/esm/icons/index.mjs [Client Component SSR]
    ./.gemini/antigravity/scratch/teacher-tracking/node_modules/lucide-react/dist/esm/lucide-react.mjs [Client Component SSR]
    ./.gemini/antigravity/scratch/teacher-tracking/src/components/pages/DailyTasksPage.tsx [Client Component SSR]
    ./.gemini/antigravity/scratch/teacher-tracking/src/components/AppShell.tsx [Client Component SSR]
    ./.gemini/antigravity/scratch/teacher-tracking/src/app/page.tsx [Client Component SSR]
    ./.gemini/antigravity/scratch/teacher-tracking/src/app/page.tsx [Server Component]

https://nextjs.org/docs/messages/module-not-found


./.gemini/antigravity/scratch/teacher-tracking/node_modules/lucide-react/dist/esm/icons/index.mjs:1466:1
Module not found: Can't resolve './star-off.mjs'
  [90m1464 |[0m [36mexport[0m { [36mdefault[0m [36mas[0m [33mStamp[0m } [36mfrom[0m [32m'./stamp.mjs'[0m;
  [90m1465 |[0m [36mexport[0m { [36mdefault[0m [36mas[0m [33mStarHalf[0m } [36mfrom[0m [32m'./star-half.mjs'[0m;
[31m[1m>[0m [90m1466 |[0m [36mexport[0m { [36mdefault[0m [36mas[0m [33mStarOff[0m } [36mfrom[0m [32m'./star-off.mjs'[0m;
  [90m     |[0m [31m[1m^^^^^^^^^^^^^^^^^^^^^^^^^^^^^^^^^^^^^^^^^^^^^^^^^^^^[0m
  [90m1467 |[0m [36mexport[0m { [36mdefault[0m [36mas[0m [33mStar[0m } [36mfrom[0m [32m'./star.mjs'[0m;
  [90m1468 |[0m [36mexport[0m { [36mdefault[0m [36mas[0m [33mStepForward[0m } [36mfrom[0m [32m'./step-forward.mjs'[0m;
  [90m1469 |[0m [36mexport[0m { [36mdefault[0m [36mas[0m [33mStepBack[0m } [36mfrom[0m [32m'./step-back.mjs'[0m;



Import traces:
  Client Component Browser:
    ./.gemini/antigravity/scratch/teacher-tracking/node_modules/lucide-react/dist/esm/icons/index.mjs [Client Component Browser]
    ./.gemini/antigravity/scratch/teacher-tracking/node_modules/lucide-react/dist/esm/lucide-react.mjs [Client Component Browser]
    ./.gemini/antigravity/scratch/teacher-tracking/src/components/pages/DailyTasksPage.tsx [Client Component Browser]
    ./.gemini/antigravity/scratch/teacher-tracking/src/components/AppShell.tsx [Client Component Browser]
    ./.gemini/antigravity/scratch/teacher-tracking/src/app/page.tsx [Client Component Browser]
    ./.gemini/antigravity/scratch/teacher-tracking/src/app/page.tsx [Server Component]

  Client Component SSR:
    ./.gemini/antigravity/scratch/teacher-tracking/node_modules/lucide-react/dist/esm/icons/index.mjs [Client Component SSR]
    ./.gemini/antigravity/scratch/teacher-tracking/node_modules/lucide-react/dist/esm/lucide-react.mjs [Client Component SSR]
    ./.gemini/antigravity/scratch/teacher-tracking/src/components/pages/DailyTasksPage.tsx [Client Component SSR]
    ./.gemini/antigravity/scratch/teacher-tracking/src/components/AppShell.tsx [Client Component SSR]
    ./.gemini/antigravity/scratch/teacher-tracking/src/app/page.tsx [Client Component SSR]
    ./.gemini/antigravity/scratch/teacher-tracking/src/app/page.tsx [Server Component]

https://nextjs.org/docs/messages/module-not-found


./.gemini/antigravity/scratch/teacher-tracking/node_modules/lucide-react/dist/esm/icons/index.mjs:1467:1
Module not found: Can't resolve './star.mjs'
  [90m1465 |[0m [36mexport[0m { [36mdefault[0m [36mas[0m [33mStarHalf[0m } [36mfrom[0m [32m'./star-half.mjs'[0m;
  [90m1466 |[0m [36mexport[0m { [36mdefault[0m [36mas[0m [33mStarOff[0m } [36mfrom[0m [32m'./star-off.mjs'[0m;
[31m[1m>[0m [90m1467 |[0m [36mexport[0m { [36mdefault[0m [36mas[0m [33mStar[0m } [36mfrom[0m [32m'./star.mjs'[0m;
  [90m     |[0m [31m[1m^^^^^^^^^^^^^^^^^^^^^^^^^^^^^^^^^^^^^^^^^^^^^[0m
  [90m1468 |[0m [36mexport[0m { [36mdefault[0m [36mas[0m [33mStepForward[0m } [36mfrom[0m [32m'./step-forward.mjs'[0m;
  [90m1469 |[0m [36mexport[0m { [36mdefault[0m [36mas[0m [33mStepBack[0m } [36mfrom[0m [32m'./step-back.mjs'[0m;
  [90m1470 |[0m [36mexport[0m { [36mdefault[0m [36mas[0m [33mStethoscope[0m } [36mfrom[0m [32m'./stethoscope.mjs'[0m;



Import traces:
  Client Component Browser:
    ./.gemini/antigravity/scratch/teacher-tracking/node_modules/lucide-react/dist/esm/icons/index.mjs [Client Component Browser]
    ./.gemini/antigravity/scratch/teacher-tracking/node_modules/lucide-react/dist/esm/lucide-react.mjs [Client Component Browser]
    ./.gemini/antigravity/scratch/teacher-tracking/src/components/pages/DailyTasksPage.tsx [Client Component Browser]
    ./.gemini/antigravity/scratch/teacher-tracking/src/components/AppShell.tsx [Client Component Browser]
    ./.gemini/antigravity/scratch/teacher-tracking/src/app/page.tsx [Client Component Browser]
    ./.gemini/antigravity/scratch/teacher-tracking/src/app/page.tsx [Server Component]

  Client Component SSR:
    ./.gemini/antigravity/scratch/teacher-tracking/node_modules/lucide-react/dist/esm/icons/index.mjs [Client Component SSR]
    ./.gemini/antigravity/scratch/teacher-tracking/node_modules/lucide-react/dist/esm/lucide-react.mjs [Client Component SSR]
    ./.gemini/antigravity/scratch/teacher-tracking/src/components/pages/DailyTasksPage.tsx [Client Component SSR]
    ./.gemini/antigravity/scratch/teacher-tracking/src/components/AppShell.tsx [Client Component SSR]
    ./.gemini/antigravity/scratch/teacher-tracking/src/app/page.tsx [Client Component SSR]
    ./.gemini/antigravity/scratch/teacher-tracking/src/app/page.tsx [Server Component]

https://nextjs.org/docs/messages/module-not-found


./.gemini/antigravity/scratch/teacher-tracking/node_modules/lucide-react/dist/esm/icons/index.mjs:1469:1
Module not found: Can't resolve './step-back.mjs'
  [90m1467 |[0m [36mexport[0m { [36mdefault[0m [36mas[0m [33mStar[0m } [36mfrom[0m [32m'./star.mjs'[0m;
  [90m1468 |[0m [36mexport[0m { [36mdefault[0m [36mas[0m [33mStepForward[0m } [36mfrom[0m [32m'./step-forward.mjs'[0m;
[31m[1m>[0m [90m1469 |[0m [36mexport[0m { [36mdefault[0m [36mas[0m [33mStepBack[0m } [36mfrom[0m [32m'./step-back.mjs'[0m;
  [90m     |[0m [31m[1m^^^^^^^^^^^^^^^^^^^^^^^^^^^^^^^^^^^^^^^^^^^^^^^^^^^^^^[0m
  [90m1470 |[0m [36mexport[0m { [36mdefault[0m [36mas[0m [33mStethoscope[0m } [36mfrom[0m [32m'./stethoscope.mjs'[0m;
  [90m1471 |[0m [36mexport[0m { [36mdefault[0m [36mas[0m [33mSticker[0m } [36mfrom[0m [32m'./sticker.mjs'[0m;
  [90m1472 |[0m [36mexport[0m { [36mdefault[0m [36mas[0m [33mStickyNote[0m } [36mfrom[0m [32m'./sticky-note.mjs'[0m;



Import traces:
  Client Component Browser:
    ./.gemini/antigravity/scratch/teacher-tracking/node_modules/lucide-react/dist/esm/icons/index.mjs [Client Component Browser]
    ./.gemini/antigravity/scratch/teacher-tracking/node_modules/lucide-react/dist/esm/lucide-react.mjs [Client Component Browser]
    ./.gemini/antigravity/scratch/teacher-tracking/src/components/pages/DailyTasksPage.tsx [Client Component Browser]
    ./.gemini/antigravity/scratch/teacher-tracking/src/components/AppShell.tsx [Client Component Browser]
    ./.gemini/antigravity/scratch/teacher-tracking/src/app/page.tsx [Client Component Browser]
    ./.gemini/antigravity/scratch/teacher-tracking/src/app/page.tsx [Server Component]

  Client Component SSR:
    ./.gemini/antigravity/scratch/teacher-tracking/node_modules/lucide-react/dist/esm/icons/index.mjs [Client Component SSR]
    ./.gemini/antigravity/scratch/teacher-tracking/node_modules/lucide-react/dist/esm/lucide-react.mjs [Client Component SSR]
    ./.gemini/antigravity/scratch/teacher-tracking/src/components/pages/DailyTasksPage.tsx [Client Component SSR]
    ./.gemini/antigravity/scratch/teacher-tracking/src/components/AppShell.tsx [Client Component SSR]
    ./.gemini/antigravity/scratch/teacher-tracking/src/app/page.tsx [Client Component SSR]
    ./.gemini/antigravity/scratch/teacher-tracking/src/app/page.tsx [Server Component]

https://nextjs.org/docs/messages/module-not-found


./.gemini/antigravity/scratch/teacher-tracking/node_modules/lucide-react/dist/esm/icons/index.mjs:1468:1
Module not found: Can't resolve './step-forward.mjs'
  [90m1466 |[0m [36mexport[0m { [36mdefault[0m [36mas[0m [33mStarOff[0m } [36mfrom[0m [32m'./star-off.mjs'[0m;
  [90m1467 |[0m [36mexport[0m { [36mdefault[0m [36mas[0m [33mStar[0m } [36mfrom[0m [32m'./star.mjs'[0m;
[31m[1m>[0m [90m1468 |[0m [36mexport[0m { [36mdefault[0m [36mas[0m [33mStepForward[0m } [36mfrom[0m [32m'./step-forward.mjs'[0m;
  [90m     |[0m [31m[1m^^^^^^^^^^^^^^^^^^^^^^^^^^^^^^^^^^^^^^^^^^^^^^^^^^^^^^^^^^^^[0m
  [90m1469 |[0m [36mexport[0m { [36mdefault[0m [36mas[0m [33mStepBack[0m } [36mfrom[0m [32m'./step-back.mjs'[0m;
  [90m1470 |[0m [36mexport[0m { [36mdefault[0m [36mas[0m [33mStethoscope[0m } [36mfrom[0m [32m'./stethoscope.mjs'[0m;
  [90m1471 |[0m [36mexport[0m { [36mdefault[0m [36mas[0m [33mSticker[0m } [36mfrom[0m [32m'./sticker.mjs'[0m;



Import traces:
  Client Component Browser:
    ./.gemini/antigravity/scratch/teacher-tracking/node_modules/lucide-react/dist/esm/icons/index.mjs [Client Component Browser]
    ./.gemini/antigravity/scratch/teacher-tracking/node_modules/lucide-react/dist/esm/lucide-react.mjs [Client Component Browser]
    ./.gemini/antigravity/scratch/teacher-tracking/src/components/pages/DailyTasksPage.tsx [Client Component Browser]
    ./.gemini/antigravity/scratch/teacher-tracking/src/components/AppShell.tsx [Client Component Browser]
    ./.gemini/antigravity/scratch/teacher-tracking/src/app/page.tsx [Client Component Browser]
    ./.gemini/antigravity/scratch/teacher-tracking/src/app/page.tsx [Server Component]

  Client Component SSR:
    ./.gemini/antigravity/scratch/teacher-tracking/node_modules/lucide-react/dist/esm/icons/index.mjs [Client Component SSR]
    ./.gemini/antigravity/scratch/teacher-tracking/node_modules/lucide-react/dist/esm/lucide-react.mjs [Client Component SSR]
    ./.gemini/antigravity/scratch/teacher-tracking/src/components/pages/DailyTasksPage.tsx [Client Component SSR]
    ./.gemini/antigravity/scratch/teacher-tracking/src/components/AppShell.tsx [Client Component SSR]
    ./.gemini/antigravity/scratch/teacher-tracking/src/app/page.tsx [Client Component SSR]
    ./.gemini/antigravity/scratch/teacher-tracking/src/app/page.tsx [Server Component]

https://nextjs.org/docs/messages/module-not-found


./.gemini/antigravity/scratch/teacher-tracking/node_modules/lucide-react/dist/esm/icons/index.mjs:1470:1
Module not found: Can't resolve './stethoscope.mjs'
  [90m1468 |[0m [36mexport[0m { [36mdefault[0m [36mas[0m [33mStepForward[0m } [36mfrom[0m [32m'./step-forward.mjs'[0m;
  [90m1469 |[0m [36mexport[0m { [36mdefault[0m [36mas[0m [33mStepBack[0m } [36mfrom[0m [32m'./step-back.mjs'[0m;
[31m[1m>[0m [90m1470 |[0m [36mexport[0m { [36mdefault[0m [36mas[0m [33mStethoscope[0m } [36mfrom[0m [32m'./stethoscope.mjs'[0m;
  [90m     |[0m [31m[1m^^^^^^^^^^^^^^^^^^^^^^^^^^^^^^^^^^^^^^^^^^^^^^^^^^^^^^^^^^^[0m
  [90m1471 |[0m [36mexport[0m { [36mdefault[0m [36mas[0m [33mSticker[0m } [36mfrom[0m [32m'./sticker.mjs'[0m;
  [90m1472 |[0m [36mexport[0m { [36mdefault[0m [36mas[0m [33mStickyNote[0m } [36mfrom[0m [32m'./sticky-note.mjs'[0m;
  [90m1473 |[0m [36mexport[0m { [36mdefault[0m [36mas[0m [33mStone[0m } [36mfrom[0m [32m'./stone.mjs'[0m;



Import traces:
  Client Component Browser:
    ./.gemini/antigravity/scratch/teacher-tracking/node_modules/lucide-react/dist/esm/icons/index.mjs [Client Component Browser]
    ./.gemini/antigravity/scratch/teacher-tracking/node_modules/lucide-react/dist/esm/lucide-react.mjs [Client Component Browser]
    ./.gemini/antigravity/scratch/teacher-tracking/src/components/pages/DailyTasksPage.tsx [Client Component Browser]
    ./.gemini/antigravity/scratch/teacher-tracking/src/components/AppShell.tsx [Client Component Browser]
    ./.gemini/antigravity/scratch/teacher-tracking/src/app/page.tsx [Client Component Browser]
    ./.gemini/antigravity/scratch/teacher-tracking/src/app/page.tsx [Server Component]

  Client Component SSR:
    ./.gemini/antigravity/scratch/teacher-tracking/node_modules/lucide-react/dist/esm/icons/index.mjs [Client Component SSR]
    ./.gemini/antigravity/scratch/teacher-tracking/node_modules/lucide-react/dist/esm/lucide-react.mjs [Client Component SSR]
    ./.gemini/antigravity/scratch/teacher-tracking/src/components/pages/DailyTasksPage.tsx [Client Component SSR]
    ./.gemini/antigravity/scratch/teacher-tracking/src/components/AppShell.tsx [Client Component SSR]
    ./.gemini/antigravity/scratch/teacher-tracking/src/app/page.tsx [Client Component SSR]
    ./.gemini/antigravity/scratch/teacher-tracking/src/app/page.tsx [Server Component]

https://nextjs.org/docs/messages/module-not-found


./.gemini/antigravity/scratch/teacher-tracking/node_modules/lucide-react/dist/esm/icons/index.mjs:1471:1
Module not found: Can't resolve './sticker.mjs'
  [90m1469 |[0m [36mexport[0m { [36mdefault[0m [36mas[0m [33mStepBack[0m } [36mfrom[0m [32m'./step-back.mjs'[0m;
  [90m1470 |[0m [36mexport[0m { [36mdefault[0m [36mas[0m [33mStethoscope[0m } [36mfrom[0m [32m'./stethoscope.mjs'[0m;
[31m[1m>[0m [90m1471 |[0m [36mexport[0m { [36mdefault[0m [36mas[0m [33mSticker[0m } [36mfrom[0m [32m'./sticker.mjs'[0m;
  [90m     |[0m [31m[1m^^^^^^^^^^^^^^^^^^^^^^^^^^^^^^^^^^^^^^^^^^^^^^^^^^^[0m
  [90m1472 |[0m [36mexport[0m { [36mdefault[0m [36mas[0m [33mStickyNote[0m } [36mfrom[0m [32m'./sticky-note.mjs'[0m;
  [90m1473 |[0m [36mexport[0m { [36mdefault[0m [36mas[0m [33mStone[0m } [36mfrom[0m [32m'./stone.mjs'[0m;
  [90m1474 |[0m [36mexport[0m { [36mdefault[0m [36mas[0m [33mStore[0m } [36mfrom[0m [32m'./store.mjs'[0m;



Import traces:
  Client Component Browser:
    ./.gemini/antigravity/scratch/teacher-tracking/node_modules/lucide-react/dist/esm/icons/index.mjs [Client Component Browser]
    ./.gemini/antigravity/scratch/teacher-tracking/node_modules/lucide-react/dist/esm/lucide-react.mjs [Client Component Browser]
    ./.gemini/antigravity/scratch/teacher-tracking/src/components/pages/DailyTasksPage.tsx [Client Component Browser]
    ./.gemini/antigravity/scratch/teacher-tracking/src/components/AppShell.tsx [Client Component Browser]
    ./.gemini/antigravity/scratch/teacher-tracking/src/app/page.tsx [Client Component Browser]
    ./.gemini/antigravity/scratch/teacher-tracking/src/app/page.tsx [Server Component]

  Client Component SSR:
    ./.gemini/antigravity/scratch/teacher-tracking/node_modules/lucide-react/dist/esm/icons/index.mjs [Client Component SSR]
    ./.gemini/antigravity/scratch/teacher-tracking/node_modules/lucide-react/dist/esm/lucide-react.mjs [Client Component SSR]
    ./.gemini/antigravity/scratch/teacher-tracking/src/components/pages/DailyTasksPage.tsx [Client Component SSR]
    ./.gemini/antigravity/scratch/teacher-tracking/src/components/AppShell.tsx [Client Component SSR]
    ./.gemini/antigravity/scratch/teacher-tracking/src/app/page.tsx [Client Component SSR]
    ./.gemini/antigravity/scratch/teacher-tracking/src/app/page.tsx [Server Component]

https://nextjs.org/docs/messages/module-not-found


./.gemini/antigravity/scratch/teacher-tracking/node_modules/lucide-react/dist/esm/icons/index.mjs:1472:1
Module not found: Can't resolve './sticky-note.mjs'
  [90m1470 |[0m [36mexport[0m { [36mdefault[0m [36mas[0m [33mStethoscope[0m } [36mfrom[0m [32m'./stethoscope.mjs'[0m;
  [90m1471 |[0m [36mexport[0m { [36mdefault[0m [36mas[0m [33mSticker[0m } [36mfrom[0m [32m'./sticker.mjs'[0m;
[31m[1m>[0m [90m1472 |[0m [36mexport[0m { [36mdefault[0m [36mas[0m [33mStickyNote[0m } [36mfrom[0m [32m'./sticky-note.mjs'[0m;
  [90m     |[0m [31m[1m^^^^^^^^^^^^^^^^^^^^^^^^^^^^^^^^^^^^^^^^^^^^^^^^^^^^^^^^^^[0m
  [90m1473 |[0m [36mexport[0m { [36mdefault[0m [36mas[0m [33mStone[0m } [36mfrom[0m [32m'./stone.mjs'[0m;
  [90m1474 |[0m [36mexport[0m { [36mdefault[0m [36mas[0m [33mStore[0m } [36mfrom[0m [32m'./store.mjs'[0m;
  [90m1475 |[0m [36mexport[0m { [36mdefault[0m [36mas[0m [33mStretchHorizontal[0m } [36mfrom[0m [32m'./stretch-horizontal.m...[0m



Import traces:
  Client Component Browser:
    ./.gemini/antigravity/scratch/teacher-tracking/node_modules/lucide-react/dist/esm/icons/index.mjs [Client Component Browser]
    ./.gemini/antigravity/scratch/teacher-tracking/node_modules/lucide-react/dist/esm/lucide-react.mjs [Client Component Browser]
    ./.gemini/antigravity/scratch/teacher-tracking/src/components/pages/DailyTasksPage.tsx [Client Component Browser]
    ./.gemini/antigravity/scratch/teacher-tracking/src/components/AppShell.tsx [Client Component Browser]
    ./.gemini/antigravity/scratch/teacher-tracking/src/app/page.tsx [Client Component Browser]
    ./.gemini/antigravity/scratch/teacher-tracking/src/app/page.tsx [Server Component]

  Client Component SSR:
    ./.gemini/antigravity/scratch/teacher-tracking/node_modules/lucide-react/dist/esm/icons/index.mjs [Client Component SSR]
    ./.gemini/antigravity/scratch/teacher-tracking/node_modules/lucide-react/dist/esm/lucide-react.mjs [Client Component SSR]
    ./.gemini/antigravity/scratch/teacher-tracking/src/components/pages/DailyTasksPage.tsx [Client Component SSR]
    ./.gemini/antigravity/scratch/teacher-tracking/src/components/AppShell.tsx [Client Component SSR]
    ./.gemini/antigravity/scratch/teacher-tracking/src/app/page.tsx [Client Component SSR]
    ./.gemini/antigravity/scratch/teacher-tracking/src/app/page.tsx [Server Component]

https://nextjs.org/docs/messages/module-not-found


./.gemini/antigravity/scratch/teacher-tracking/node_modules/lucide-react/dist/esm/icons/index.mjs:1473:1
Module not found: Can't resolve './stone.mjs'
  [90m1471 |[0m [36mexport[0m { [36mdefault[0m [36mas[0m [33mSticker[0m } [36mfrom[0m [32m'./sticker.mjs'[0m;
  [90m1472 |[0m [36mexport[0m { [36mdefault[0m [36mas[0m [33mStickyNote[0m } [36mfrom[0m [32m'./sticky-note.mjs'[0m;
[31m[1m>[0m [90m1473 |[0m [36mexport[0m { [36mdefault[0m [36mas[0m [33mStone[0m } [36mfrom[0m [32m'./stone.mjs'[0m;
  [90m     |[0m [31m[1m^^^^^^^^^^^^^^^^^^^^^^^^^^^^^^^^^^^^^^^^^^^^^^^[0m
  [90m1474 |[0m [36mexport[0m { [36mdefault[0m [36mas[0m [33mStore[0m } [36mfrom[0m [32m'./store.mjs'[0m;
  [90m1475 |[0m [36mexport[0m { [36mdefault[0m [36mas[0m [33mStretchHorizontal[0m } [36mfrom[0m [32m'./stretch-horizontal.m...[0m
  [90m1476 |[0m [36mexport[0m { [36mdefault[0m [36mas[0m [33mStretchVertical[0m } [36mfrom[0m [32m'./stretch-vertical.mjs'[0m;



Import traces:
  Client Component Browser:
    ./.gemini/antigravity/scratch/teacher-tracking/node_modules/lucide-react/dist/esm/icons/index.mjs [Client Component Browser]
    ./.gemini/antigravity/scratch/teacher-tracking/node_modules/lucide-react/dist/esm/lucide-react.mjs [Client Component Browser]
    ./.gemini/antigravity/scratch/teacher-tracking/src/components/pages/DailyTasksPage.tsx [Client Component Browser]
    ./.gemini/antigravity/scratch/teacher-tracking/src/components/AppShell.tsx [Client Component Browser]
    ./.gemini/antigravity/scratch/teacher-tracking/src/app/page.tsx [Client Component Browser]
    ./.gemini/antigravity/scratch/teacher-tracking/src/app/page.tsx [Server Component]

  Client Component SSR:
    ./.gemini/antigravity/scratch/teacher-tracking/node_modules/lucide-react/dist/esm/icons/index.mjs [Client Component SSR]
    ./.gemini/antigravity/scratch/teacher-tracking/node_modules/lucide-react/dist/esm/lucide-react.mjs [Client Component SSR]
    ./.gemini/antigravity/scratch/teacher-tracking/src/components/pages/DailyTasksPage.tsx [Client Component SSR]
    ./.gemini/antigravity/scratch/teacher-tracking/src/components/AppShell.tsx [Client Component SSR]
    ./.gemini/antigravity/scratch/teacher-tracking/src/app/page.tsx [Client Component SSR]
    ./.gemini/antigravity/scratch/teacher-tracking/src/app/page.tsx [Server Component]

https://nextjs.org/docs/messages/module-not-found


./.gemini/antigravity/scratch/teacher-tracking/node_modules/lucide-react/dist/esm/icons/index.mjs:1474:1
Module not found: Can't resolve './store.mjs'
  [90m1472 |[0m [36mexport[0m { [36mdefault[0m [36mas[0m [33mStickyNote[0m } [36mfrom[0m [32m'./sticky-note.mjs'[0m;
  [90m1473 |[0m [36mexport[0m { [36mdefault[0m [36mas[0m [33mStone[0m } [36mfrom[0m [32m'./stone.mjs'[0m;
[31m[1m>[0m [90m1474 |[0m [36mexport[0m { [36mdefault[0m [36mas[0m [33mStore[0m } [36mfrom[0m [32m'./store.mjs'[0m;
  [90m     |[0m [31m[1m^^^^^^^^^^^^^^^^^^^^^^^^^^^^^^^^^^^^^^^^^^^^^^^[0m
  [90m1475 |[0m [36mexport[0m { [36mdefault[0m [36mas[0m [33mStretchHorizontal[0m } [36mfrom[0m [32m'./stretch-horizontal.m...[0m
  [90m1476 |[0m [36mexport[0m { [36mdefault[0m [36mas[0m [33mStretchVertical[0m } [36mfrom[0m [32m'./stretch-vertical.mjs'[0m;
  [90m1477 |[0m [36mexport[0m { [36mdefault[0m [36mas[0m [33mSubscript[0m } [36mfrom[0m [32m'./subscript.mjs'[0m;



Import traces:
  Client Component Browser:
    ./.gemini/antigravity/scratch/teacher-tracking/node_modules/lucide-react/dist/esm/icons/index.mjs [Client Component Browser]
    ./.gemini/antigravity/scratch/teacher-tracking/node_modules/lucide-react/dist/esm/lucide-react.mjs [Client Component Browser]
    ./.gemini/antigravity/scratch/teacher-tracking/src/components/pages/DailyTasksPage.tsx [Client Component Browser]
    ./.gemini/antigravity/scratch/teacher-tracking/src/components/AppShell.tsx [Client Component Browser]
    ./.gemini/antigravity/scratch/teacher-tracking/src/app/page.tsx [Client Component Browser]
    ./.gemini/antigravity/scratch/teacher-tracking/src/app/page.tsx [Server Component]

  Client Component SSR:
    ./.gemini/antigravity/scratch/teacher-tracking/node_modules/lucide-react/dist/esm/icons/index.mjs [Client Component SSR]
    ./.gemini/antigravity/scratch/teacher-tracking/node_modules/lucide-react/dist/esm/lucide-react.mjs [Client Component SSR]
    ./.gemini/antigravity/scratch/teacher-tracking/src/components/pages/DailyTasksPage.tsx [Client Component SSR]
    ./.gemini/antigravity/scratch/teacher-tracking/src/components/AppShell.tsx [Client Component SSR]
    ./.gemini/antigravity/scratch/teacher-tracking/src/app/page.tsx [Client Component SSR]
    ./.gemini/antigravity/scratch/teacher-tracking/src/app/page.tsx [Server Component]

https://nextjs.org/docs/messages/module-not-found


./.gemini/antigravity/scratch/teacher-tracking/node_modules/lucide-react/dist/esm/icons/index.mjs:1475:1
Module not found: Can't resolve './stretch-horizontal.mjs'
  [90m1473 |[0m ...[36mrt[0m { [36mdefault[0m [36mas[0m [33mStone[0m } [36mfrom[0m [32m'./stone.mjs'[0m;
  [90m1474 |[0m ...[36mrt[0m { [36mdefault[0m [36mas[0m [33mStore[0m } [36mfrom[0m [32m'./store.mjs'[0m;
[31m[1m>[0m [90m1475 |[0m ...[36mrt[0m { [36mdefault[0m [36mas[0m [33mStretchHorizontal[0m } [36mfrom[0m [32m'./stretch-horizontal.mjs'[0m;
  [90m     |[0m    [31m[1m^^^^^^^^^^^^^^^^^^^^^^^^^^^^^^^^^^^^^^^^^^^^^^^^^^^^^^^^^^^^^^^^^^^^[0m
  [90m1476 |[0m ...[36mrt[0m { [36mdefault[0m [36mas[0m [33mStretchVertical[0m } [36mfrom[0m [32m'./stretch-vertical.mjs'[0m;
  [90m1477 |[0m ...[36mrt[0m { [36mdefault[0m [36mas[0m [33mSubscript[0m } [36mfrom[0m [32m'./subscript.mjs'[0m;
  [90m1478 |[0m ...[36mrt[0m { [36mdefault[0m [36mas[0m [33mStrikethrough[0m } [36mfrom[0m [32m'./strikethrough.mjs'[0m;



Import traces:
  Client Component Browser:
    ./.gemini/antigravity/scratch/teacher-tracking/node_modules/lucide-react/dist/esm/icons/index.mjs [Client Component Browser]
    ./.gemini/antigravity/scratch/teacher-tracking/node_modules/lucide-react/dist/esm/lucide-react.mjs [Client Component Browser]
    ./.gemini/antigravity/scratch/teacher-tracking/src/components/pages/DailyTasksPage.tsx [Client Component Browser]
    ./.gemini/antigravity/scratch/teacher-tracking/src/components/AppShell.tsx [Client Component Browser]
    ./.gemini/antigravity/scratch/teacher-tracking/src/app/page.tsx [Client Component Browser]
    ./.gemini/antigravity/scratch/teacher-tracking/src/app/page.tsx [Server Component]

  Client Component SSR:
    ./.gemini/antigravity/scratch/teacher-tracking/node_modules/lucide-react/dist/esm/icons/index.mjs [Client Component SSR]
    ./.gemini/antigravity/scratch/teacher-tracking/node_modules/lucide-react/dist/esm/lucide-react.mjs [Client Component SSR]
    ./.gemini/antigravity/scratch/teacher-tracking/src/components/pages/DailyTasksPage.tsx [Client Component SSR]
    ./.gemini/antigravity/scratch/teacher-tracking/src/components/AppShell.tsx [Client Component SSR]
    ./.gemini/antigravity/scratch/teacher-tracking/src/app/page.tsx [Client Component SSR]
    ./.gemini/antigravity/scratch/teacher-tracking/src/app/page.tsx [Server Component]

https://nextjs.org/docs/messages/module-not-found


./.gemini/antigravity/scratch/teacher-tracking/node_modules/lucide-react/dist/esm/icons/index.mjs:1476:1
Module not found: Can't resolve './stretch-vertical.mjs'
  [90m1474 |[0m ...[36mport[0m { [36mdefault[0m [36mas[0m [33mStore[0m } [36mfrom[0m [32m'./store.mjs'[0m;
  [90m1475 |[0m ...[36mport[0m { [36mdefault[0m [36mas[0m [33mStretchHorizontal[0m } [36mfrom[0m [32m'./stretch-horizontal....[0m
[31m[1m>[0m [90m1476 |[0m ...[36mport[0m { [36mdefault[0m [36mas[0m [33mStretchVertical[0m } [36mfrom[0m [32m'./stretch-vertical.mjs'[0m;
  [90m     |[0m    [31m[1m^^^^^^^^^^^^^^^^^^^^^^^^^^^^^^^^^^^^^^^^^^^^^^^^^^^^^^^^^^^^^^^^^^^^[0m
  [90m1477 |[0m ...[36mport[0m { [36mdefault[0m [36mas[0m [33mSubscript[0m } [36mfrom[0m [32m'./subscript.mjs'[0m;
  [90m1478 |[0m ...[36mport[0m { [36mdefault[0m [36mas[0m [33mStrikethrough[0m } [36mfrom[0m [32m'./strikethrough.mjs'[0m;
  [90m1479 |[0m ...[36mport[0m { [36mdefault[0m [36mas[0m [33mSunDim[0m } [36mfrom[0m [32m'./sun-dim.mjs'[0m;



Import traces:
  Client Component Browser:
    ./.gemini/antigravity/scratch/teacher-tracking/node_modules/lucide-react/dist/esm/icons/index.mjs [Client Component Browser]
    ./.gemini/antigravity/scratch/teacher-tracking/node_modules/lucide-react/dist/esm/lucide-react.mjs [Client Component Browser]
    ./.gemini/antigravity/scratch/teacher-tracking/src/components/pages/DailyTasksPage.tsx [Client Component Browser]
    ./.gemini/antigravity/scratch/teacher-tracking/src/components/AppShell.tsx [Client Component Browser]
    ./.gemini/antigravity/scratch/teacher-tracking/src/app/page.tsx [Client Component Browser]
    ./.gemini/antigravity/scratch/teacher-tracking/src/app/page.tsx [Server Component]

  Client Component SSR:
    ./.gemini/antigravity/scratch/teacher-tracking/node_modules/lucide-react/dist/esm/icons/index.mjs [Client Component SSR]
    ./.gemini/antigravity/scratch/teacher-tracking/node_modules/lucide-react/dist/esm/lucide-react.mjs [Client Component SSR]
    ./.gemini/antigravity/scratch/teacher-tracking/src/components/pages/DailyTasksPage.tsx [Client Component SSR]
    ./.gemini/antigravity/scratch/teacher-tracking/src/components/AppShell.tsx [Client Component SSR]
    ./.gemini/antigravity/scratch/teacher-tracking/src/app/page.tsx [Client Component SSR]
    ./.gemini/antigravity/scratch/teacher-tracking/src/app/page.tsx [Server Component]

https://nextjs.org/docs/messages/module-not-found


./.gemini/antigravity/scratch/teacher-tracking/node_modules/lucide-react/dist/esm/icons/index.mjs:1478:1
Module not found: Can't resolve './strikethrough.mjs'
  [90m1476 |[0m [36mexport[0m { [36mdefault[0m [36mas[0m [33mStretchVertical[0m } [36mfrom[0m [32m'./stretch-vertical.mjs'[0m;
  [90m1477 |[0m [36mexport[0m { [36mdefault[0m [36mas[0m [33mSubscript[0m } [36mfrom[0m [32m'./subscript.mjs'[0m;
[31m[1m>[0m [90m1478 |[0m [36mexport[0m { [36mdefault[0m [36mas[0m [33mStrikethrough[0m } [36mfrom[0m [32m'./strikethrough.mjs'[0m;
  [90m     |[0m [31m[1m^^^^^^^^^^^^^^^^^^^^^^^^^^^^^^^^^^^^^^^^^^^^^^^^^^^^^^^^^^^^^^^[0m
  [90m1479 |[0m [36mexport[0m { [36mdefault[0m [36mas[0m [33mSunDim[0m } [36mfrom[0m [32m'./sun-dim.mjs'[0m;
  [90m1480 |[0m [36mexport[0m { [36mdefault[0m [36mas[0m [33mSunMedium[0m } [36mfrom[0m [32m'./sun-medium.mjs'[0m;
  [90m1481 |[0m [36mexport[0m { [36mdefault[0m [36mas[0m [33mSunMoon[0m } [36mfrom[0m [32m'./sun-moon.mjs'[0m;



Import traces:
  Client Component Browser:
    ./.gemini/antigravity/scratch/teacher-tracking/node_modules/lucide-react/dist/esm/icons/index.mjs [Client Component Browser]
    ./.gemini/antigravity/scratch/teacher-tracking/node_modules/lucide-react/dist/esm/lucide-react.mjs [Client Component Browser]
    ./.gemini/antigravity/scratch/teacher-tracking/src/components/pages/DailyTasksPage.tsx [Client Component Browser]
    ./.gemini/antigravity/scratch/teacher-tracking/src/components/AppShell.tsx [Client Component Browser]
    ./.gemini/antigravity/scratch/teacher-tracking/src/app/page.tsx [Client Component Browser]
    ./.gemini/antigravity/scratch/teacher-tracking/src/app/page.tsx [Server Component]

  Client Component SSR:
    ./.gemini/antigravity/scratch/teacher-tracking/node_modules/lucide-react/dist/esm/icons/index.mjs [Client Component SSR]
    ./.gemini/antigravity/scratch/teacher-tracking/node_modules/lucide-react/dist/esm/lucide-react.mjs [Client Component SSR]
    ./.gemini/antigravity/scratch/teacher-tracking/src/components/pages/DailyTasksPage.tsx [Client Component SSR]
    ./.gemini/antigravity/scratch/teacher-tracking/src/components/AppShell.tsx [Client Component SSR]
    ./.gemini/antigravity/scratch/teacher-tracking/src/app/page.tsx [Client Component SSR]
    ./.gemini/antigravity/scratch/teacher-tracking/src/app/page.tsx [Server Component]

https://nextjs.org/docs/messages/module-not-found


./.gemini/antigravity/scratch/teacher-tracking/node_modules/lucide-react/dist/esm/icons/index.mjs:1477:1
Module not found: Can't resolve './subscript.mjs'
  [90m1475 |[0m [36mexport[0m { [36mdefault[0m [36mas[0m [33mStretchHorizontal[0m } [36mfrom[0m [32m'./stretch-horizontal.m...[0m
  [90m1476 |[0m [36mexport[0m { [36mdefault[0m [36mas[0m [33mStretchVertical[0m } [36mfrom[0m [32m'./stretch-vertical.mjs'[0m;
[31m[1m>[0m [90m1477 |[0m [36mexport[0m { [36mdefault[0m [36mas[0m [33mSubscript[0m } [36mfrom[0m [32m'./subscript.mjs'[0m;
  [90m     |[0m [31m[1m^^^^^^^^^^^^^^^^^^^^^^^^^^^^^^^^^^^^^^^^^^^^^^^^^^^^^^^[0m
  [90m1478 |[0m [36mexport[0m { [36mdefault[0m [36mas[0m [33mStrikethrough[0m } [36mfrom[0m [32m'./strikethrough.mjs'[0m;
  [90m1479 |[0m [36mexport[0m { [36mdefault[0m [36mas[0m [33mSunDim[0m } [36mfrom[0m [32m'./sun-dim.mjs'[0m;
  [90m1480 |[0m [36mexport[0m { [36mdefault[0m [36mas[0m [33mSunMedium[0m } [36mfrom[0m [32m'./sun-medium.mjs'[0m;



Import traces:
  Client Component Browser:
    ./.gemini/antigravity/scratch/teacher-tracking/node_modules/lucide-react/dist/esm/icons/index.mjs [Client Component Browser]
    ./.gemini/antigravity/scratch/teacher-tracking/node_modules/lucide-react/dist/esm/lucide-react.mjs [Client Component Browser]
    ./.gemini/antigravity/scratch/teacher-tracking/src/components/pages/DailyTasksPage.tsx [Client Component Browser]
    ./.gemini/antigravity/scratch/teacher-tracking/src/components/AppShell.tsx [Client Component Browser]
    ./.gemini/antigravity/scratch/teacher-tracking/src/app/page.tsx [Client Component Browser]
    ./.gemini/antigravity/scratch/teacher-tracking/src/app/page.tsx [Server Component]

  Client Component SSR:
    ./.gemini/antigravity/scratch/teacher-tracking/node_modules/lucide-react/dist/esm/icons/index.mjs [Client Component SSR]
    ./.gemini/antigravity/scratch/teacher-tracking/node_modules/lucide-react/dist/esm/lucide-react.mjs [Client Component SSR]
    ./.gemini/antigravity/scratch/teacher-tracking/src/components/pages/DailyTasksPage.tsx [Client Component SSR]
    ./.gemini/antigravity/scratch/teacher-tracking/src/components/AppShell.tsx [Client Component SSR]
    ./.gemini/antigravity/scratch/teacher-tracking/src/app/page.tsx [Client Component SSR]
    ./.gemini/antigravity/scratch/teacher-tracking/src/app/page.tsx [Server Component]

https://nextjs.org/docs/messages/module-not-found


./.gemini/antigravity/scratch/teacher-tracking/node_modules/lucide-react/dist/esm/icons/index.mjs:1479:1
Module not found: Can't resolve './sun-dim.mjs'
  [90m1477 |[0m [36mexport[0m { [36mdefault[0m [36mas[0m [33mSubscript[0m } [36mfrom[0m [32m'./subscript.mjs'[0m;
  [90m1478 |[0m [36mexport[0m { [36mdefault[0m [36mas[0m [33mStrikethrough[0m } [36mfrom[0m [32m'./strikethrough.mjs'[0m;
[31m[1m>[0m [90m1479 |[0m [36mexport[0m { [36mdefault[0m [36mas[0m [33mSunDim[0m } [36mfrom[0m [32m'./sun-dim.mjs'[0m;
  [90m     |[0m [31m[1m^^^^^^^^^^^^^^^^^^^^^^^^^^^^^^^^^^^^^^^^^^^^^^^^^^[0m
  [90m1480 |[0m [36mexport[0m { [36mdefault[0m [36mas[0m [33mSunMedium[0m } [36mfrom[0m [32m'./sun-medium.mjs'[0m;
  [90m1481 |[0m [36mexport[0m { [36mdefault[0m [36mas[0m [33mSunMoon[0m } [36mfrom[0m [32m'./sun-moon.mjs'[0m;
  [90m1482 |[0m [36mexport[0m { [36mdefault[0m [36mas[0m [33mSunSnow[0m } [36mfrom[0m [32m'./sun-snow.mjs'[0m;



Import traces:
  Client Component Browser:
    ./.gemini/antigravity/scratch/teacher-tracking/node_modules/lucide-react/dist/esm/icons/index.mjs [Client Component Browser]
    ./.gemini/antigravity/scratch/teacher-tracking/node_modules/lucide-react/dist/esm/lucide-react.mjs [Client Component Browser]
    ./.gemini/antigravity/scratch/teacher-tracking/src/components/pages/DailyTasksPage.tsx [Client Component Browser]
    ./.gemini/antigravity/scratch/teacher-tracking/src/components/AppShell.tsx [Client Component Browser]
    ./.gemini/antigravity/scratch/teacher-tracking/src/app/page.tsx [Client Component Browser]
    ./.gemini/antigravity/scratch/teacher-tracking/src/app/page.tsx [Server Component]

  Client Component SSR:
    ./.gemini/antigravity/scratch/teacher-tracking/node_modules/lucide-react/dist/esm/icons/index.mjs [Client Component SSR]
    ./.gemini/antigravity/scratch/teacher-tracking/node_modules/lucide-react/dist/esm/lucide-react.mjs [Client Component SSR]
    ./.gemini/antigravity/scratch/teacher-tracking/src/components/pages/DailyTasksPage.tsx [Client Component SSR]
    ./.gemini/antigravity/scratch/teacher-tracking/src/components/AppShell.tsx [Client Component SSR]
    ./.gemini/antigravity/scratch/teacher-tracking/src/app/page.tsx [Client Component SSR]
    ./.gemini/antigravity/scratch/teacher-tracking/src/app/page.tsx [Server Component]

https://nextjs.org/docs/messages/module-not-found


./.gemini/antigravity/scratch/teacher-tracking/node_modules/lucide-react/dist/esm/icons/index.mjs:1480:1
Module not found: Can't resolve './sun-medium.mjs'
  [90m1478 |[0m [36mexport[0m { [36mdefault[0m [36mas[0m [33mStrikethrough[0m } [36mfrom[0m [32m'./strikethrough.mjs'[0m;
  [90m1479 |[0m [36mexport[0m { [36mdefault[0m [36mas[0m [33mSunDim[0m } [36mfrom[0m [32m'./sun-dim.mjs'[0m;
[31m[1m>[0m [90m1480 |[0m [36mexport[0m { [36mdefault[0m [36mas[0m [33mSunMedium[0m } [36mfrom[0m [32m'./sun-medium.mjs'[0m;
  [90m     |[0m [31m[1m^^^^^^^^^^^^^^^^^^^^^^^^^^^^^^^^^^^^^^^^^^^^^^^^^^^^^^^^[0m
  [90m1481 |[0m [36mexport[0m { [36mdefault[0m [36mas[0m [33mSunMoon[0m } [36mfrom[0m [32m'./sun-moon.mjs'[0m;
  [90m1482 |[0m [36mexport[0m { [36mdefault[0m [36mas[0m [33mSunSnow[0m } [36mfrom[0m [32m'./sun-snow.mjs'[0m;
  [90m1483 |[0m [36mexport[0m { [36mdefault[0m [36mas[0m [33mSun[0m } [36mfrom[0m [32m'./sun.mjs'[0m;



Import traces:
  Client Component Browser:
    ./.gemini/antigravity/scratch/teacher-tracking/node_modules/lucide-react/dist/esm/icons/index.mjs [Client Component Browser]
    ./.gemini/antigravity/scratch/teacher-tracking/node_modules/lucide-react/dist/esm/lucide-react.mjs [Client Component Browser]
    ./.gemini/antigravity/scratch/teacher-tracking/src/components/pages/DailyTasksPage.tsx [Client Component Browser]
    ./.gemini/antigravity/scratch/teacher-tracking/src/components/AppShell.tsx [Client Component Browser]
    ./.gemini/antigravity/scratch/teacher-tracking/src/app/page.tsx [Client Component Browser]
    ./.gemini/antigravity/scratch/teacher-tracking/src/app/page.tsx [Server Component]

  Client Component SSR:
    ./.gemini/antigravity/scratch/teacher-tracking/node_modules/lucide-react/dist/esm/icons/index.mjs [Client Component SSR]
    ./.gemini/antigravity/scratch/teacher-tracking/node_modules/lucide-react/dist/esm/lucide-react.mjs [Client Component SSR]
    ./.gemini/antigravity/scratch/teacher-tracking/src/components/pages/DailyTasksPage.tsx [Client Component SSR]
    ./.gemini/antigravity/scratch/teacher-tracking/src/components/AppShell.tsx [Client Component SSR]
    ./.gemini/antigravity/scratch/teacher-tracking/src/app/page.tsx [Client Component SSR]
    ./.gemini/antigravity/scratch/teacher-tracking/src/app/page.tsx [Server Component]

https://nextjs.org/docs/messages/module-not-found


./.gemini/antigravity/scratch/teacher-tracking/node_modules/lucide-react/dist/esm/icons/index.mjs:1481:1
Module not found: Can't resolve './sun-moon.mjs'
  [90m1479 |[0m [36mexport[0m { [36mdefault[0m [36mas[0m [33mSunDim[0m } [36mfrom[0m [32m'./sun-dim.mjs'[0m;
  [90m1480 |[0m [36mexport[0m { [36mdefault[0m [36mas[0m [33mSunMedium[0m } [36mfrom[0m [32m'./sun-medium.mjs'[0m;
[31m[1m>[0m [90m1481 |[0m [36mexport[0m { [36mdefault[0m [36mas[0m [33mSunMoon[0m } [36mfrom[0m [32m'./sun-moon.mjs'[0m;
  [90m     |[0m [31m[1m^^^^^^^^^^^^^^^^^^^^^^^^^^^^^^^^^^^^^^^^^^^^^^^^^^^^[0m
  [90m1482 |[0m [36mexport[0m { [36mdefault[0m [36mas[0m [33mSunSnow[0m } [36mfrom[0m [32m'./sun-snow.mjs'[0m;
  [90m1483 |[0m [36mexport[0m { [36mdefault[0m [36mas[0m [33mSun[0m } [36mfrom[0m [32m'./sun.mjs'[0m;
  [90m1484 |[0m [36mexport[0m { [36mdefault[0m [36mas[0m [33mSunrise[0m } [36mfrom[0m [32m'./sunrise.mjs'[0m;



Import traces:
  Client Component Browser:
    ./.gemini/antigravity/scratch/teacher-tracking/node_modules/lucide-react/dist/esm/icons/index.mjs [Client Component Browser]
    ./.gemini/antigravity/scratch/teacher-tracking/node_modules/lucide-react/dist/esm/lucide-react.mjs [Client Component Browser]
    ./.gemini/antigravity/scratch/teacher-tracking/src/components/pages/DailyTasksPage.tsx [Client Component Browser]
    ./.gemini/antigravity/scratch/teacher-tracking/src/components/AppShell.tsx [Client Component Browser]
    ./.gemini/antigravity/scratch/teacher-tracking/src/app/page.tsx [Client Component Browser]
    ./.gemini/antigravity/scratch/teacher-tracking/src/app/page.tsx [Server Component]

  Client Component SSR:
    ./.gemini/antigravity/scratch/teacher-tracking/node_modules/lucide-react/dist/esm/icons/index.mjs [Client Component SSR]
    ./.gemini/antigravity/scratch/teacher-tracking/node_modules/lucide-react/dist/esm/lucide-react.mjs [Client Component SSR]
    ./.gemini/antigravity/scratch/teacher-tracking/src/components/pages/DailyTasksPage.tsx [Client Component SSR]
    ./.gemini/antigravity/scratch/teacher-tracking/src/components/AppShell.tsx [Client Component SSR]
    ./.gemini/antigravity/scratch/teacher-tracking/src/app/page.tsx [Client Component SSR]
    ./.gemini/antigravity/scratch/teacher-tracking/src/app/page.tsx [Server Component]

https://nextjs.org/docs/messages/module-not-found


./.gemini/antigravity/scratch/teacher-tracking/node_modules/lucide-react/dist/esm/icons/index.mjs:1482:1
Module not found: Can't resolve './sun-snow.mjs'
  [90m1480 |[0m [36mexport[0m { [36mdefault[0m [36mas[0m [33mSunMedium[0m } [36mfrom[0m [32m'./sun-medium.mjs'[0m;
  [90m1481 |[0m [36mexport[0m { [36mdefault[0m [36mas[0m [33mSunMoon[0m } [36mfrom[0m [32m'./sun-moon.mjs'[0m;
[31m[1m>[0m [90m1482 |[0m [36mexport[0m { [36mdefault[0m [36mas[0m [33mSunSnow[0m } [36mfrom[0m [32m'./sun-snow.mjs'[0m;
  [90m     |[0m [31m[1m^^^^^^^^^^^^^^^^^^^^^^^^^^^^^^^^^^^^^^^^^^^^^^^^^^^^[0m
  [90m1483 |[0m [36mexport[0m { [36mdefault[0m [36mas[0m [33mSun[0m } [36mfrom[0m [32m'./sun.mjs'[0m;
  [90m1484 |[0m [36mexport[0m { [36mdefault[0m [36mas[0m [33mSunrise[0m } [36mfrom[0m [32m'./sunrise.mjs'[0m;
  [90m1485 |[0m [36mexport[0m { [36mdefault[0m [36mas[0m [33mSuperscript[0m } [36mfrom[0m [32m'./superscript.mjs'[0m;



Import traces:
  Client Component Browser:
    ./.gemini/antigravity/scratch/teacher-tracking/node_modules/lucide-react/dist/esm/icons/index.mjs [Client Component Browser]
    ./.gemini/antigravity/scratch/teacher-tracking/node_modules/lucide-react/dist/esm/lucide-react.mjs [Client Component Browser]
    ./.gemini/antigravity/scratch/teacher-tracking/src/components/pages/DailyTasksPage.tsx [Client Component Browser]
    ./.gemini/antigravity/scratch/teacher-tracking/src/components/AppShell.tsx [Client Component Browser]
    ./.gemini/antigravity/scratch/teacher-tracking/src/app/page.tsx [Client Component Browser]
    ./.gemini/antigravity/scratch/teacher-tracking/src/app/page.tsx [Server Component]

  Client Component SSR:
    ./.gemini/antigravity/scratch/teacher-tracking/node_modules/lucide-react/dist/esm/icons/index.mjs [Client Component SSR]
    ./.gemini/antigravity/scratch/teacher-tracking/node_modules/lucide-react/dist/esm/lucide-react.mjs [Client Component SSR]
    ./.gemini/antigravity/scratch/teacher-tracking/src/components/pages/DailyTasksPage.tsx [Client Component SSR]
    ./.gemini/antigravity/scratch/teacher-tracking/src/components/AppShell.tsx [Client Component SSR]
    ./.gemini/antigravity/scratch/teacher-tracking/src/app/page.tsx [Client Component SSR]
    ./.gemini/antigravity/scratch/teacher-tracking/src/app/page.tsx [Server Component]

https://nextjs.org/docs/messages/module-not-found


./.gemini/antigravity/scratch/teacher-tracking/node_modules/lucide-react/dist/esm/icons/index.mjs:1483:1
Module not found: Can't resolve './sun.mjs'
  [90m1481 |[0m [36mexport[0m { [36mdefault[0m [36mas[0m [33mSunMoon[0m } [36mfrom[0m [32m'./sun-moon.mjs'[0m;
  [90m1482 |[0m [36mexport[0m { [36mdefault[0m [36mas[0m [33mSunSnow[0m } [36mfrom[0m [32m'./sun-snow.mjs'[0m;
[31m[1m>[0m [90m1483 |[0m [36mexport[0m { [36mdefault[0m [36mas[0m [33mSun[0m } [36mfrom[0m [32m'./sun.mjs'[0m;
  [90m     |[0m [31m[1m^^^^^^^^^^^^^^^^^^^^^^^^^^^^^^^^^^^^^^^^^^^[0m
  [90m1484 |[0m [36mexport[0m { [36mdefault[0m [36mas[0m [33mSunrise[0m } [36mfrom[0m [32m'./sunrise.mjs'[0m;
  [90m1485 |[0m [36mexport[0m { [36mdefault[0m [36mas[0m [33mSuperscript[0m } [36mfrom[0m [32m'./superscript.mjs'[0m;
  [90m1486 |[0m [36mexport[0m { [36mdefault[0m [36mas[0m [33mSunset[0m } [36mfrom[0m [32m'./sunset.mjs'[0m;



Import traces:
  Client Component Browser:
    ./.gemini/antigravity/scratch/teacher-tracking/node_modules/lucide-react/dist/esm/icons/index.mjs [Client Component Browser]
    ./.gemini/antigravity/scratch/teacher-tracking/node_modules/lucide-react/dist/esm/lucide-react.mjs [Client Component Browser]
    ./.gemini/antigravity/scratch/teacher-tracking/src/components/pages/DailyTasksPage.tsx [Client Component Browser]
    ./.gemini/antigravity/scratch/teacher-tracking/src/components/AppShell.tsx [Client Component Browser]
    ./.gemini/antigravity/scratch/teacher-tracking/src/app/page.tsx [Client Component Browser]
    ./.gemini/antigravity/scratch/teacher-tracking/src/app/page.tsx [Server Component]

  Client Component SSR:
    ./.gemini/antigravity/scratch/teacher-tracking/node_modules/lucide-react/dist/esm/icons/index.mjs [Client Component SSR]
    ./.gemini/antigravity/scratch/teacher-tracking/node_modules/lucide-react/dist/esm/lucide-react.mjs [Client Component SSR]
    ./.gemini/antigravity/scratch/teacher-tracking/src/components/pages/DailyTasksPage.tsx [Client Component SSR]
    ./.gemini/antigravity/scratch/teacher-tracking/src/components/AppShell.tsx [Client Component SSR]
    ./.gemini/antigravity/scratch/teacher-tracking/src/app/page.tsx [Client Component SSR]
    ./.gemini/antigravity/scratch/teacher-tracking/src/app/page.tsx [Server Component]

https://nextjs.org/docs/messages/module-not-found


./.gemini/antigravity/scratch/teacher-tracking/node_modules/lucide-react/dist/esm/icons/index.mjs:1484:1
Module not found: Can't resolve './sunrise.mjs'
  [90m1482 |[0m [36mexport[0m { [36mdefault[0m [36mas[0m [33mSunSnow[0m } [36mfrom[0m [32m'./sun-snow.mjs'[0m;
  [90m1483 |[0m [36mexport[0m { [36mdefault[0m [36mas[0m [33mSun[0m } [36mfrom[0m [32m'./sun.mjs'[0m;
[31m[1m>[0m [90m1484 |[0m [36mexport[0m { [36mdefault[0m [36mas[0m [33mSunrise[0m } [36mfrom[0m [32m'./sunrise.mjs'[0m;
  [90m     |[0m [31m[1m^^^^^^^^^^^^^^^^^^^^^^^^^^^^^^^^^^^^^^^^^^^^^^^^^^^[0m
  [90m1485 |[0m [36mexport[0m { [36mdefault[0m [36mas[0m [33mSuperscript[0m } [36mfrom[0m [32m'./superscript.mjs'[0m;
  [90m1486 |[0m [36mexport[0m { [36mdefault[0m [36mas[0m [33mSunset[0m } [36mfrom[0m [32m'./sunset.mjs'[0m;
  [90m1487 |[0m [36mexport[0m { [36mdefault[0m [36mas[0m [33mSwatchBook[0m } [36mfrom[0m [32m'./swatch-book.mjs'[0m;



Import traces:
  Client Component Browser:
    ./.gemini/antigravity/scratch/teacher-tracking/node_modules/lucide-react/dist/esm/icons/index.mjs [Client Component Browser]
    ./.gemini/antigravity/scratch/teacher-tracking/node_modules/lucide-react/dist/esm/lucide-react.mjs [Client Component Browser]
    ./.gemini/antigravity/scratch/teacher-tracking/src/components/pages/DailyTasksPage.tsx [Client Component Browser]
    ./.gemini/antigravity/scratch/teacher-tracking/src/components/AppShell.tsx [Client Component Browser]
    ./.gemini/antigravity/scratch/teacher-tracking/src/app/page.tsx [Client Component Browser]
    ./.gemini/antigravity/scratch/teacher-tracking/src/app/page.tsx [Server Component]

  Client Component SSR:
    ./.gemini/antigravity/scratch/teacher-tracking/node_modules/lucide-react/dist/esm/icons/index.mjs [Client Component SSR]
    ./.gemini/antigravity/scratch/teacher-tracking/node_modules/lucide-react/dist/esm/lucide-react.mjs [Client Component SSR]
    ./.gemini/antigravity/scratch/teacher-tracking/src/components/pages/DailyTasksPage.tsx [Client Component SSR]
    ./.gemini/antigravity/scratch/teacher-tracking/src/components/AppShell.tsx [Client Component SSR]
    ./.gemini/antigravity/scratch/teacher-tracking/src/app/page.tsx [Client Component SSR]
    ./.gemini/antigravity/scratch/teacher-tracking/src/app/page.tsx [Server Component]

https://nextjs.org/docs/messages/module-not-found


./.gemini/antigravity/scratch/teacher-tracking/node_modules/lucide-react/dist/esm/icons/index.mjs:1486:1
Module not found: Can't resolve './sunset.mjs'
  [90m1484 |[0m [36mexport[0m { [36mdefault[0m [36mas[0m [33mSunrise[0m } [36mfrom[0m [32m'./sunrise.mjs'[0m;
  [90m1485 |[0m [36mexport[0m { [36mdefault[0m [36mas[0m [33mSuperscript[0m } [36mfrom[0m [32m'./superscript.mjs'[0m;
[31m[1m>[0m [90m1486 |[0m [36mexport[0m { [36mdefault[0m [36mas[0m [33mSunset[0m } [36mfrom[0m [32m'./sunset.mjs'[0m;
  [90m     |[0m [31m[1m^^^^^^^^^^^^^^^^^^^^^^^^^^^^^^^^^^^^^^^^^^^^^^^^^[0m
  [90m1487 |[0m [36mexport[0m { [36mdefault[0m [36mas[0m [33mSwatchBook[0m } [36mfrom[0m [32m'./swatch-book.mjs'[0m;
  [90m1488 |[0m [36mexport[0m { [36mdefault[0m [36mas[0m [33mSwissFranc[0m } [36mfrom[0m [32m'./swiss-franc.mjs'[0m;
  [90m1489 |[0m [36mexport[0m { [36mdefault[0m [36mas[0m [33mSwitchCamera[0m } [36mfrom[0m [32m'./switch-camera.mjs'[0m;



Import traces:
  Client Component Browser:
    ./.gemini/antigravity/scratch/teacher-tracking/node_modules/lucide-react/dist/esm/icons/index.mjs [Client Component Browser]
    ./.gemini/antigravity/scratch/teacher-tracking/node_modules/lucide-react/dist/esm/lucide-react.mjs [Client Component Browser]
    ./.gemini/antigravity/scratch/teacher-tracking/src/components/pages/DailyTasksPage.tsx [Client Component Browser]
    ./.gemini/antigravity/scratch/teacher-tracking/src/components/AppShell.tsx [Client Component Browser]
    ./.gemini/antigravity/scratch/teacher-tracking/src/app/page.tsx [Client Component Browser]
    ./.gemini/antigravity/scratch/teacher-tracking/src/app/page.tsx [Server Component]

  Client Component SSR:
    ./.gemini/antigravity/scratch/teacher-tracking/node_modules/lucide-react/dist/esm/icons/index.mjs [Client Component SSR]
    ./.gemini/antigravity/scratch/teacher-tracking/node_modules/lucide-react/dist/esm/lucide-react.mjs [Client Component SSR]
    ./.gemini/antigravity/scratch/teacher-tracking/src/components/pages/DailyTasksPage.tsx [Client Component SSR]
    ./.gemini/antigravity/scratch/teacher-tracking/src/components/AppShell.tsx [Client Component SSR]
    ./.gemini/antigravity/scratch/teacher-tracking/src/app/page.tsx [Client Component SSR]
    ./.gemini/antigravity/scratch/teacher-tracking/src/app/page.tsx [Server Component]

https://nextjs.org/docs/messages/module-not-found


./.gemini/antigravity/scratch/teacher-tracking/node_modules/lucide-react/dist/esm/icons/index.mjs:1485:1
Module not found: Can't resolve './superscript.mjs'
  [90m1483 |[0m [36mexport[0m { [36mdefault[0m [36mas[0m [33mSun[0m } [36mfrom[0m [32m'./sun.mjs'[0m;
  [90m1484 |[0m [36mexport[0m { [36mdefault[0m [36mas[0m [33mSunrise[0m } [36mfrom[0m [32m'./sunrise.mjs'[0m;
[31m[1m>[0m [90m1485 |[0m [36mexport[0m { [36mdefault[0m [36mas[0m [33mSuperscript[0m } [36mfrom[0m [32m'./superscript.mjs'[0m;
  [90m     |[0m [31m[1m^^^^^^^^^^^^^^^^^^^^^^^^^^^^^^^^^^^^^^^^^^^^^^^^^^^^^^^^^^^[0m
  [90m1486 |[0m [36mexport[0m { [36mdefault[0m [36mas[0m [33mSunset[0m } [36mfrom[0m [32m'./sunset.mjs'[0m;
  [90m1487 |[0m [36mexport[0m { [36mdefault[0m [36mas[0m [33mSwatchBook[0m } [36mfrom[0m [32m'./swatch-book.mjs'[0m;
  [90m1488 |[0m [36mexport[0m { [36mdefault[0m [36mas[0m [33mSwissFranc[0m } [36mfrom[0m [32m'./swiss-franc.mjs'[0m;



Import traces:
  Client Component Browser:
    ./.gemini/antigravity/scratch/teacher-tracking/node_modules/lucide-react/dist/esm/icons/index.mjs [Client Component Browser]
    ./.gemini/antigravity/scratch/teacher-tracking/node_modules/lucide-react/dist/esm/lucide-react.mjs [Client Component Browser]
    ./.gemini/antigravity/scratch/teacher-tracking/src/components/pages/DailyTasksPage.tsx [Client Component Browser]
    ./.gemini/antigravity/scratch/teacher-tracking/src/components/AppShell.tsx [Client Component Browser]
    ./.gemini/antigravity/scratch/teacher-tracking/src/app/page.tsx [Client Component Browser]
    ./.gemini/antigravity/scratch/teacher-tracking/src/app/page.tsx [Server Component]

  Client Component SSR:
    ./.gemini/antigravity/scratch/teacher-tracking/node_modules/lucide-react/dist/esm/icons/index.mjs [Client Component SSR]
    ./.gemini/antigravity/scratch/teacher-tracking/node_modules/lucide-react/dist/esm/lucide-react.mjs [Client Component SSR]
    ./.gemini/antigravity/scratch/teacher-tracking/src/components/pages/DailyTasksPage.tsx [Client Component SSR]
    ./.gemini/antigravity/scratch/teacher-tracking/src/components/AppShell.tsx [Client Component SSR]
    ./.gemini/antigravity/scratch/teacher-tracking/src/app/page.tsx [Client Component SSR]
    ./.gemini/antigravity/scratch/teacher-tracking/src/app/page.tsx [Server Component]

https://nextjs.org/docs/messages/module-not-found


./.gemini/antigravity/scratch/teacher-tracking/node_modules/lucide-react/dist/esm/icons/index.mjs:1487:1
Module not found: Can't resolve './swatch-book.mjs'
  [90m1485 |[0m [36mexport[0m { [36mdefault[0m [36mas[0m [33mSuperscript[0m } [36mfrom[0m [32m'./superscript.mjs'[0m;
  [90m1486 |[0m [36mexport[0m { [36mdefault[0m [36mas[0m [33mSunset[0m } [36mfrom[0m [32m'./sunset.mjs'[0m;
[31m[1m>[0m [90m1487 |[0m [36mexport[0m { [36mdefault[0m [36mas[0m [33mSwatchBook[0m } [36mfrom[0m [32m'./swatch-book.mjs'[0m;
  [90m     |[0m [31m[1m^^^^^^^^^^^^^^^^^^^^^^^^^^^^^^^^^^^^^^^^^^^^^^^^^^^^^^^^^^[0m
  [90m1488 |[0m [36mexport[0m { [36mdefault[0m [36mas[0m [33mSwissFranc[0m } [36mfrom[0m [32m'./swiss-franc.mjs'[0m;
  [90m1489 |[0m [36mexport[0m { [36mdefault[0m [36mas[0m [33mSwitchCamera[0m } [36mfrom[0m [32m'./switch-camera.mjs'[0m;
  [90m1490 |[0m [36mexport[0m { [36mdefault[0m [36mas[0m [33mSword[0m } [36mfrom[0m [32m'./sword.mjs'[0m;



Import traces:
  Client Component Browser:
    ./.gemini/antigravity/scratch/teacher-tracking/node_modules/lucide-react/dist/esm/icons/index.mjs [Client Component Browser]
    ./.gemini/antigravity/scratch/teacher-tracking/node_modules/lucide-react/dist/esm/lucide-react.mjs [Client Component Browser]
    ./.gemini/antigravity/scratch/teacher-tracking/src/components/pages/DailyTasksPage.tsx [Client Component Browser]
    ./.gemini/antigravity/scratch/teacher-tracking/src/components/AppShell.tsx [Client Component Browser]
    ./.gemini/antigravity/scratch/teacher-tracking/src/app/page.tsx [Client Component Browser]
    ./.gemini/antigravity/scratch/teacher-tracking/src/app/page.tsx [Server Component]

  Client Component SSR:
    ./.gemini/antigravity/scratch/teacher-tracking/node_modules/lucide-react/dist/esm/icons/index.mjs [Client Component SSR]
    ./.gemini/antigravity/scratch/teacher-tracking/node_modules/lucide-react/dist/esm/lucide-react.mjs [Client Component SSR]
    ./.gemini/antigravity/scratch/teacher-tracking/src/components/pages/DailyTasksPage.tsx [Client Component SSR]
    ./.gemini/antigravity/scratch/teacher-tracking/src/components/AppShell.tsx [Client Component SSR]
    ./.gemini/antigravity/scratch/teacher-tracking/src/app/page.tsx [Client Component SSR]
    ./.gemini/antigravity/scratch/teacher-tracking/src/app/page.tsx [Server Component]

https://nextjs.org/docs/messages/module-not-found


./.gemini/antigravity/scratch/teacher-tracking/node_modules/lucide-react/dist/esm/icons/index.mjs:1488:1
Module not found: Can't resolve './swiss-franc.mjs'
  [90m1486 |[0m [36mexport[0m { [36mdefault[0m [36mas[0m [33mSunset[0m } [36mfrom[0m [32m'./sunset.mjs'[0m;
  [90m1487 |[0m [36mexport[0m { [36mdefault[0m [36mas[0m [33mSwatchBook[0m } [36mfrom[0m [32m'./swatch-book.mjs'[0m;
[31m[1m>[0m [90m1488 |[0m [36mexport[0m { [36mdefault[0m [36mas[0m [33mSwissFranc[0m } [36mfrom[0m [32m'./swiss-franc.mjs'[0m;
  [90m     |[0m [31m[1m^^^^^^^^^^^^^^^^^^^^^^^^^^^^^^^^^^^^^^^^^^^^^^^^^^^^^^^^^^[0m
  [90m1489 |[0m [36mexport[0m { [36mdefault[0m [36mas[0m [33mSwitchCamera[0m } [36mfrom[0m [32m'./switch-camera.mjs'[0m;
  [90m1490 |[0m [36mexport[0m { [36mdefault[0m [36mas[0m [33mSword[0m } [36mfrom[0m [32m'./sword.mjs'[0m;
  [90m1491 |[0m [36mexport[0m { [36mdefault[0m [36mas[0m [33mSwords[0m } [36mfrom[0m [32m'./swords.mjs'[0m;



Import traces:
  Client Component Browser:
    ./.gemini/antigravity/scratch/teacher-tracking/node_modules/lucide-react/dist/esm/icons/index.mjs [Client Component Browser]
    ./.gemini/antigravity/scratch/teacher-tracking/node_modules/lucide-react/dist/esm/lucide-react.mjs [Client Component Browser]
    ./.gemini/antigravity/scratch/teacher-tracking/src/components/pages/DailyTasksPage.tsx [Client Component Browser]
    ./.gemini/antigravity/scratch/teacher-tracking/src/components/AppShell.tsx [Client Component Browser]
    ./.gemini/antigravity/scratch/teacher-tracking/src/app/page.tsx [Client Component Browser]
    ./.gemini/antigravity/scratch/teacher-tracking/src/app/page.tsx [Server Component]

  Client Component SSR:
    ./.gemini/antigravity/scratch/teacher-tracking/node_modules/lucide-react/dist/esm/icons/index.mjs [Client Component SSR]
    ./.gemini/antigravity/scratch/teacher-tracking/node_modules/lucide-react/dist/esm/lucide-react.mjs [Client Component SSR]
    ./.gemini/antigravity/scratch/teacher-tracking/src/components/pages/DailyTasksPage.tsx [Client Component SSR]
    ./.gemini/antigravity/scratch/teacher-tracking/src/components/AppShell.tsx [Client Component SSR]
    ./.gemini/antigravity/scratch/teacher-tracking/src/app/page.tsx [Client Component SSR]
    ./.gemini/antigravity/scratch/teacher-tracking/src/app/page.tsx [Server Component]

https://nextjs.org/docs/messages/module-not-found


./.gemini/antigravity/scratch/teacher-tracking/node_modules/lucide-react/dist/esm/icons/index.mjs:1489:1
Module not found: Can't resolve './switch-camera.mjs'
  [90m1487 |[0m [36mexport[0m { [36mdefault[0m [36mas[0m [33mSwatchBook[0m } [36mfrom[0m [32m'./swatch-book.mjs'[0m;
  [90m1488 |[0m [36mexport[0m { [36mdefault[0m [36mas[0m [33mSwissFranc[0m } [36mfrom[0m [32m'./swiss-franc.mjs'[0m;
[31m[1m>[0m [90m1489 |[0m [36mexport[0m { [36mdefault[0m [36mas[0m [33mSwitchCamera[0m } [36mfrom[0m [32m'./switch-camera.mjs'[0m;
  [90m     |[0m [31m[1m^^^^^^^^^^^^^^^^^^^^^^^^^^^^^^^^^^^^^^^^^^^^^^^^^^^^^^^^^^^^^^[0m
  [90m1490 |[0m [36mexport[0m { [36mdefault[0m [36mas[0m [33mSword[0m } [36mfrom[0m [32m'./sword.mjs'[0m;
  [90m1491 |[0m [36mexport[0m { [36mdefault[0m [36mas[0m [33mSwords[0m } [36mfrom[0m [32m'./swords.mjs'[0m;
  [90m1492 |[0m [36mexport[0m { [36mdefault[0m [36mas[0m [33mSyringe[0m } [36mfrom[0m [32m'./syringe.mjs'[0m;



Import traces:
  Client Component Browser:
    ./.gemini/antigravity/scratch/teacher-tracking/node_modules/lucide-react/dist/esm/icons/index.mjs [Client Component Browser]
    ./.gemini/antigravity/scratch/teacher-tracking/node_modules/lucide-react/dist/esm/lucide-react.mjs [Client Component Browser]
    ./.gemini/antigravity/scratch/teacher-tracking/src/components/pages/DailyTasksPage.tsx [Client Component Browser]
    ./.gemini/antigravity/scratch/teacher-tracking/src/components/AppShell.tsx [Client Component Browser]
    ./.gemini/antigravity/scratch/teacher-tracking/src/app/page.tsx [Client Component Browser]
    ./.gemini/antigravity/scratch/teacher-tracking/src/app/page.tsx [Server Component]

  Client Component SSR:
    ./.gemini/antigravity/scratch/teacher-tracking/node_modules/lucide-react/dist/esm/icons/index.mjs [Client Component SSR]
    ./.gemini/antigravity/scratch/teacher-tracking/node_modules/lucide-react/dist/esm/lucide-react.mjs [Client Component SSR]
    ./.gemini/antigravity/scratch/teacher-tracking/src/components/pages/DailyTasksPage.tsx [Client Component SSR]
    ./.gemini/antigravity/scratch/teacher-tracking/src/components/AppShell.tsx [Client Component SSR]
    ./.gemini/antigravity/scratch/teacher-tracking/src/app/page.tsx [Client Component SSR]
    ./.gemini/antigravity/scratch/teacher-tracking/src/app/page.tsx [Server Component]

https://nextjs.org/docs/messages/module-not-found


./.gemini/antigravity/scratch/teacher-tracking/node_modules/lucide-react/dist/esm/icons/index.mjs:1490:1
Module not found: Can't resolve './sword.mjs'
  [90m1488 |[0m [36mexport[0m { [36mdefault[0m [36mas[0m [33mSwissFranc[0m } [36mfrom[0m [32m'./swiss-franc.mjs'[0m;
  [90m1489 |[0m [36mexport[0m { [36mdefault[0m [36mas[0m [33mSwitchCamera[0m } [36mfrom[0m [32m'./switch-camera.mjs'[0m;
[31m[1m>[0m [90m1490 |[0m [36mexport[0m { [36mdefault[0m [36mas[0m [33mSword[0m } [36mfrom[0m [32m'./sword.mjs'[0m;
  [90m     |[0m [31m[1m^^^^^^^^^^^^^^^^^^^^^^^^^^^^^^^^^^^^^^^^^^^^^^^[0m
  [90m1491 |[0m [36mexport[0m { [36mdefault[0m [36mas[0m [33mSwords[0m } [36mfrom[0m [32m'./swords.mjs'[0m;
  [90m1492 |[0m [36mexport[0m { [36mdefault[0m [36mas[0m [33mSyringe[0m } [36mfrom[0m [32m'./syringe.mjs'[0m;
  [90m1493 |[0m [36mexport[0m { [36mdefault[0m [36mas[0m [33mTable2[0m } [36mfrom[0m [32m'./table-2.mjs'[0m;



Import traces:
  Client Component Browser:
    ./.gemini/antigravity/scratch/teacher-tracking/node_modules/lucide-react/dist/esm/icons/index.mjs [Client Component Browser]
    ./.gemini/antigravity/scratch/teacher-tracking/node_modules/lucide-react/dist/esm/lucide-react.mjs [Client Component Browser]
    ./.gemini/antigravity/scratch/teacher-tracking/src/components/pages/DailyTasksPage.tsx [Client Component Browser]
    ./.gemini/antigravity/scratch/teacher-tracking/src/components/AppShell.tsx [Client Component Browser]
    ./.gemini/antigravity/scratch/teacher-tracking/src/app/page.tsx [Client Component Browser]
    ./.gemini/antigravity/scratch/teacher-tracking/src/app/page.tsx [Server Component]

  Client Component SSR:
    ./.gemini/antigravity/scratch/teacher-tracking/node_modules/lucide-react/dist/esm/icons/index.mjs [Client Component SSR]
    ./.gemini/antigravity/scratch/teacher-tracking/node_modules/lucide-react/dist/esm/lucide-react.mjs [Client Component SSR]
    ./.gemini/antigravity/scratch/teacher-tracking/src/components/pages/DailyTasksPage.tsx [Client Component SSR]
    ./.gemini/antigravity/scratch/teacher-tracking/src/components/AppShell.tsx [Client Component SSR]
    ./.gemini/antigravity/scratch/teacher-tracking/src/app/page.tsx [Client Component SSR]
    ./.gemini/antigravity/scratch/teacher-tracking/src/app/page.tsx [Server Component]

https://nextjs.org/docs/messages/module-not-found


./.gemini/antigravity/scratch/teacher-tracking/node_modules/lucide-react/dist/esm/icons/index.mjs:1491:1
Module not found: Can't resolve './swords.mjs'
  [90m1489 |[0m [36mexport[0m { [36mdefault[0m [36mas[0m [33mSwitchCamera[0m } [36mfrom[0m [32m'./switch-camera.mjs'[0m;
  [90m1490 |[0m [36mexport[0m { [36mdefault[0m [36mas[0m [33mSword[0m } [36mfrom[0m [32m'./sword.mjs'[0m;
[31m[1m>[0m [90m1491 |[0m [36mexport[0m { [36mdefault[0m [36mas[0m [33mSwords[0m } [36mfrom[0m [32m'./swords.mjs'[0m;
  [90m     |[0m [31m[1m^^^^^^^^^^^^^^^^^^^^^^^^^^^^^^^^^^^^^^^^^^^^^^^^^[0m
  [90m1492 |[0m [36mexport[0m { [36mdefault[0m [36mas[0m [33mSyringe[0m } [36mfrom[0m [32m'./syringe.mjs'[0m;
  [90m1493 |[0m [36mexport[0m { [36mdefault[0m [36mas[0m [33mTable2[0m } [36mfrom[0m [32m'./table-2.mjs'[0m;
  [90m1494 |[0m [36mexport[0m { [36mdefault[0m [36mas[0m [33mTableCellsMerge[0m } [36mfrom[0m [32m'./table-cells-merge.mjs'[0m;



Import traces:
  Client Component Browser:
    ./.gemini/antigravity/scratch/teacher-tracking/node_modules/lucide-react/dist/esm/icons/index.mjs [Client Component Browser]
    ./.gemini/antigravity/scratch/teacher-tracking/node_modules/lucide-react/dist/esm/lucide-react.mjs [Client Component Browser]
    ./.gemini/antigravity/scratch/teacher-tracking/src/components/pages/DailyTasksPage.tsx [Client Component Browser]
    ./.gemini/antigravity/scratch/teacher-tracking/src/components/AppShell.tsx [Client Component Browser]
    ./.gemini/antigravity/scratch/teacher-tracking/src/app/page.tsx [Client Component Browser]
    ./.gemini/antigravity/scratch/teacher-tracking/src/app/page.tsx [Server Component]

  Client Component SSR:
    ./.gemini/antigravity/scratch/teacher-tracking/node_modules/lucide-react/dist/esm/icons/index.mjs [Client Component SSR]
    ./.gemini/antigravity/scratch/teacher-tracking/node_modules/lucide-react/dist/esm/lucide-react.mjs [Client Component SSR]
    ./.gemini/antigravity/scratch/teacher-tracking/src/components/pages/DailyTasksPage.tsx [Client Component SSR]
    ./.gemini/antigravity/scratch/teacher-tracking/src/components/AppShell.tsx [Client Component SSR]
    ./.gemini/antigravity/scratch/teacher-tracking/src/app/page.tsx [Client Component SSR]
    ./.gemini/antigravity/scratch/teacher-tracking/src/app/page.tsx [Server Component]

https://nextjs.org/docs/messages/module-not-found


./.gemini/antigravity/scratch/teacher-tracking/node_modules/lucide-react/dist/esm/icons/index.mjs:1492:1
Module not found: Can't resolve './syringe.mjs'
  [90m1490 |[0m [36mexport[0m { [36mdefault[0m [36mas[0m [33mSword[0m } [36mfrom[0m [32m'./sword.mjs'[0m;
  [90m1491 |[0m [36mexport[0m { [36mdefault[0m [36mas[0m [33mSwords[0m } [36mfrom[0m [32m'./swords.mjs'[0m;
[31m[1m>[0m [90m1492 |[0m [36mexport[0m { [36mdefault[0m [36mas[0m [33mSyringe[0m } [36mfrom[0m [32m'./syringe.mjs'[0m;
  [90m     |[0m [31m[1m^^^^^^^^^^^^^^^^^^^^^^^^^^^^^^^^^^^^^^^^^^^^^^^^^^^[0m
  [90m1493 |[0m [36mexport[0m { [36mdefault[0m [36mas[0m [33mTable2[0m } [36mfrom[0m [32m'./table-2.mjs'[0m;
  [90m1494 |[0m [36mexport[0m { [36mdefault[0m [36mas[0m [33mTableCellsMerge[0m } [36mfrom[0m [32m'./table-cells-merge.mjs'[0m;
  [90m1495 |[0m [36mexport[0m { [36mdefault[0m [36mas[0m [33mTableCellsSplit[0m } [36mfrom[0m [32m'./table-cells-split.mjs'[0m;



Import traces:
  Client Component Browser:
    ./.gemini/antigravity/scratch/teacher-tracking/node_modules/lucide-react/dist/esm/icons/index.mjs [Client Component Browser]
    ./.gemini/antigravity/scratch/teacher-tracking/node_modules/lucide-react/dist/esm/lucide-react.mjs [Client Component Browser]
    ./.gemini/antigravity/scratch/teacher-tracking/src/components/pages/DailyTasksPage.tsx [Client Component Browser]
    ./.gemini/antigravity/scratch/teacher-tracking/src/components/AppShell.tsx [Client Component Browser]
    ./.gemini/antigravity/scratch/teacher-tracking/src/app/page.tsx [Client Component Browser]
    ./.gemini/antigravity/scratch/teacher-tracking/src/app/page.tsx [Server Component]

  Client Component SSR:
    ./.gemini/antigravity/scratch/teacher-tracking/node_modules/lucide-react/dist/esm/icons/index.mjs [Client Component SSR]
    ./.gemini/antigravity/scratch/teacher-tracking/node_modules/lucide-react/dist/esm/lucide-react.mjs [Client Component SSR]
    ./.gemini/antigravity/scratch/teacher-tracking/src/components/pages/DailyTasksPage.tsx [Client Component SSR]
    ./.gemini/antigravity/scratch/teacher-tracking/src/components/AppShell.tsx [Client Component SSR]
    ./.gemini/antigravity/scratch/teacher-tracking/src/app/page.tsx [Client Component SSR]
    ./.gemini/antigravity/scratch/teacher-tracking/src/app/page.tsx [Server Component]

https://nextjs.org/docs/messages/module-not-found


./.gemini/antigravity/scratch/teacher-tracking/node_modules/lucide-react/dist/esm/icons/index.mjs:1493:1
Module not found: Can't resolve './table-2.mjs'
  [90m1491 |[0m [36mexport[0m { [36mdefault[0m [36mas[0m [33mSwords[0m } [36mfrom[0m [32m'./swords.mjs'[0m;
  [90m1492 |[0m [36mexport[0m { [36mdefault[0m [36mas[0m [33mSyringe[0m } [36mfrom[0m [32m'./syringe.mjs'[0m;
[31m[1m>[0m [90m1493 |[0m [36mexport[0m { [36mdefault[0m [36mas[0m [33mTable2[0m } [36mfrom[0m [32m'./table-2.mjs'[0m;
  [90m     |[0m [31m[1m^^^^^^^^^^^^^^^^^^^^^^^^^^^^^^^^^^^^^^^^^^^^^^^^^^[0m
  [90m1494 |[0m [36mexport[0m { [36mdefault[0m [36mas[0m [33mTableCellsMerge[0m } [36mfrom[0m [32m'./table-cells-merge.mjs'[0m;
  [90m1495 |[0m [36mexport[0m { [36mdefault[0m [36mas[0m [33mTableCellsSplit[0m } [36mfrom[0m [32m'./table-cells-split.mjs'[0m;
  [90m1496 |[0m [36mexport[0m { [36mdefault[0m [36mas[0m [33mTableColumnsSplit[0m } [36mfrom[0m [32m'./table-columns-split....[0m



Import traces:
  Client Component Browser:
    ./.gemini/antigravity/scratch/teacher-tracking/node_modules/lucide-react/dist/esm/icons/index.mjs [Client Component Browser]
    ./.gemini/antigravity/scratch/teacher-tracking/node_modules/lucide-react/dist/esm/lucide-react.mjs [Client Component Browser]
    ./.gemini/antigravity/scratch/teacher-tracking/src/components/pages/DailyTasksPage.tsx [Client Component Browser]
    ./.gemini/antigravity/scratch/teacher-tracking/src/components/AppShell.tsx [Client Component Browser]
    ./.gemini/antigravity/scratch/teacher-tracking/src/app/page.tsx [Client Component Browser]
    ./.gemini/antigravity/scratch/teacher-tracking/src/app/page.tsx [Server Component]

  Client Component SSR:
    ./.gemini/antigravity/scratch/teacher-tracking/node_modules/lucide-react/dist/esm/icons/index.mjs [Client Component SSR]
    ./.gemini/antigravity/scratch/teacher-tracking/node_modules/lucide-react/dist/esm/lucide-react.mjs [Client Component SSR]
    ./.gemini/antigravity/scratch/teacher-tracking/src/components/pages/DailyTasksPage.tsx [Client Component SSR]
    ./.gemini/antigravity/scratch/teacher-tracking/src/components/AppShell.tsx [Client Component SSR]
    ./.gemini/antigravity/scratch/teacher-tracking/src/app/page.tsx [Client Component SSR]
    ./.gemini/antigravity/scratch/teacher-tracking/src/app/page.tsx [Server Component]

https://nextjs.org/docs/messages/module-not-found


./.gemini/antigravity/scratch/teacher-tracking/node_modules/lucide-react/dist/esm/icons/index.mjs:1494:1
Module not found: Can't resolve './table-cells-merge.mjs'
  [90m1492 |[0m ...[36mport[0m { [36mdefault[0m [36mas[0m [33mSyringe[0m } [36mfrom[0m [32m'./syringe.mjs'[0m;
  [90m1493 |[0m ...[36mport[0m { [36mdefault[0m [36mas[0m [33mTable2[0m } [36mfrom[0m [32m'./table-2.mjs'[0m;
[31m[1m>[0m [90m1494 |[0m ...[36mport[0m { [36mdefault[0m [36mas[0m [33mTableCellsMerge[0m } [36mfrom[0m [32m'./table-cells-merge.mjs'[0m;
  [90m     |[0m    [31m[1m^^^^^^^^^^^^^^^^^^^^^^^^^^^^^^^^^^^^^^^^^^^^^^^^^^^^^^^^^^^^^^^^^^^^[0m
  [90m1495 |[0m ...[36mport[0m { [36mdefault[0m [36mas[0m [33mTableCellsSplit[0m } [36mfrom[0m [32m'./table-cells-split.mjs'[0m;
  [90m1496 |[0m ...[36mport[0m { [36mdefault[0m [36mas[0m [33mTableColumnsSplit[0m } [36mfrom[0m [32m'./table-columns-split...[0m
  [90m1497 |[0m ...[36mport[0m { [36mdefault[0m [36mas[0m [33mTableOfContents[0m } [36mfrom[0m [32m'./table-of-contents.mjs'[0m;



Import traces:
  Client Component Browser:
    ./.gemini/antigravity/scratch/teacher-tracking/node_modules/lucide-react/dist/esm/icons/index.mjs [Client Component Browser]
    ./.gemini/antigravity/scratch/teacher-tracking/node_modules/lucide-react/dist/esm/lucide-react.mjs [Client Component Browser]
    ./.gemini/antigravity/scratch/teacher-tracking/src/components/pages/DailyTasksPage.tsx [Client Component Browser]
    ./.gemini/antigravity/scratch/teacher-tracking/src/components/AppShell.tsx [Client Component Browser]
    ./.gemini/antigravity/scratch/teacher-tracking/src/app/page.tsx [Client Component Browser]
    ./.gemini/antigravity/scratch/teacher-tracking/src/app/page.tsx [Server Component]

  Client Component SSR:
    ./.gemini/antigravity/scratch/teacher-tracking/node_modules/lucide-react/dist/esm/icons/index.mjs [Client Component SSR]
    ./.gemini/antigravity/scratch/teacher-tracking/node_modules/lucide-react/dist/esm/lucide-react.mjs [Client Component SSR]
    ./.gemini/antigravity/scratch/teacher-tracking/src/components/pages/DailyTasksPage.tsx [Client Component SSR]
    ./.gemini/antigravity/scratch/teacher-tracking/src/components/AppShell.tsx [Client Component SSR]
    ./.gemini/antigravity/scratch/teacher-tracking/src/app/page.tsx [Client Component SSR]
    ./.gemini/antigravity/scratch/teacher-tracking/src/app/page.tsx [Server Component]

https://nextjs.org/docs/messages/module-not-found


./.gemini/antigravity/scratch/teacher-tracking/node_modules/lucide-react/dist/esm/icons/index.mjs:1495:1
Module not found: Can't resolve './table-cells-split.mjs'
  [90m1493 |[0m ...[36mport[0m { [36mdefault[0m [36mas[0m [33mTable2[0m } [36mfrom[0m [32m'./table-2.mjs'[0m;
  [90m1494 |[0m ...[36mport[0m { [36mdefault[0m [36mas[0m [33mTableCellsMerge[0m } [36mfrom[0m [32m'./table-cells-merge.mjs'[0m;
[31m[1m>[0m [90m1495 |[0m ...[36mport[0m { [36mdefault[0m [36mas[0m [33mTableCellsSplit[0m } [36mfrom[0m [32m'./table-cells-split.mjs'[0m;
  [90m     |[0m    [31m[1m^^^^^^^^^^^^^^^^^^^^^^^^^^^^^^^^^^^^^^^^^^^^^^^^^^^^^^^^^^^^^^^^^^^^[0m
  [90m1496 |[0m ...[36mport[0m { [36mdefault[0m [36mas[0m [33mTableColumnsSplit[0m } [36mfrom[0m [32m'./table-columns-split...[0m
  [90m1497 |[0m ...[36mport[0m { [36mdefault[0m [36mas[0m [33mTableOfContents[0m } [36mfrom[0m [32m'./table-of-contents.mjs'[0m;
  [90m1498 |[0m ...[36mport[0m { [36mdefault[0m [36mas[0m [33mTableProperties[0m } [36mfrom[0m [32m'./table-properties.mjs'[0m;



Import traces:
  Client Component Browser:
    ./.gemini/antigravity/scratch/teacher-tracking/node_modules/lucide-react/dist/esm/icons/index.mjs [Client Component Browser]
    ./.gemini/antigravity/scratch/teacher-tracking/node_modules/lucide-react/dist/esm/lucide-react.mjs [Client Component Browser]
    ./.gemini/antigravity/scratch/teacher-tracking/src/components/pages/DailyTasksPage.tsx [Client Component Browser]
    ./.gemini/antigravity/scratch/teacher-tracking/src/components/AppShell.tsx [Client Component Browser]
    ./.gemini/antigravity/scratch/teacher-tracking/src/app/page.tsx [Client Component Browser]
    ./.gemini/antigravity/scratch/teacher-tracking/src/app/page.tsx [Server Component]

  Client Component SSR:
    ./.gemini/antigravity/scratch/teacher-tracking/node_modules/lucide-react/dist/esm/icons/index.mjs [Client Component SSR]
    ./.gemini/antigravity/scratch/teacher-tracking/node_modules/lucide-react/dist/esm/lucide-react.mjs [Client Component SSR]
    ./.gemini/antigravity/scratch/teacher-tracking/src/components/pages/DailyTasksPage.tsx [Client Component SSR]
    ./.gemini/antigravity/scratch/teacher-tracking/src/components/AppShell.tsx [Client Component SSR]
    ./.gemini/antigravity/scratch/teacher-tracking/src/app/page.tsx [Client Component SSR]
    ./.gemini/antigravity/scratch/teacher-tracking/src/app/page.tsx [Server Component]

https://nextjs.org/docs/messages/module-not-found


./.gemini/antigravity/scratch/teacher-tracking/node_modules/lucide-react/dist/esm/icons/index.mjs:1496:1
Module not found: Can't resolve './table-columns-split.mjs'
  [90m1494 |[0m ...[36mrt[0m { [36mdefault[0m [36mas[0m [33mTableCellsMerge[0m } [36mfrom[0m [32m'./table-cells-merge.mjs'[0m;
  [90m1495 |[0m ...[36mrt[0m { [36mdefault[0m [36mas[0m [33mTableCellsSplit[0m } [36mfrom[0m [32m'./table-cells-split.mjs'[0m;
[31m[1m>[0m [90m1496 |[0m ...[36mrt[0m { [36mdefault[0m [36mas[0m [33mTableColumnsSplit[0m } [36mfrom[0m [32m'./table-columns-split.m...[0m
  [90m     |[0m    [31m[1m^^^^^^^^^^^^^^^^^^^^^^^^^^^^^^^^^^^^^^^^^^^^^^^^^^^^^^^^^^^^^^^^^^^^[0m
  [90m1497 |[0m ...[36mrt[0m { [36mdefault[0m [36mas[0m [33mTableOfContents[0m } [36mfrom[0m [32m'./table-of-contents.mjs'[0m;
  [90m1498 |[0m ...[36mrt[0m { [36mdefault[0m [36mas[0m [33mTableProperties[0m } [36mfrom[0m [32m'./table-properties.mjs'[0m;
  [90m1499 |[0m ...[36mrt[0m { [36mdefault[0m [36mas[0m [33mTableRowsSplit[0m } [36mfrom[0m [32m'./table-rows-split.mjs'[0m;



Import traces:
  Client Component Browser:
    ./.gemini/antigravity/scratch/teacher-tracking/node_modules/lucide-react/dist/esm/icons/index.mjs [Client Component Browser]
    ./.gemini/antigravity/scratch/teacher-tracking/node_modules/lucide-react/dist/esm/lucide-react.mjs [Client Component Browser]
    ./.gemini/antigravity/scratch/teacher-tracking/src/components/pages/DailyTasksPage.tsx [Client Component Browser]
    ./.gemini/antigravity/scratch/teacher-tracking/src/components/AppShell.tsx [Client Component Browser]
    ./.gemini/antigravity/scratch/teacher-tracking/src/app/page.tsx [Client Component Browser]
    ./.gemini/antigravity/scratch/teacher-tracking/src/app/page.tsx [Server Component]

  Client Component SSR:
    ./.gemini/antigravity/scratch/teacher-tracking/node_modules/lucide-react/dist/esm/icons/index.mjs [Client Component SSR]
    ./.gemini/antigravity/scratch/teacher-tracking/node_modules/lucide-react/dist/esm/lucide-react.mjs [Client Component SSR]
    ./.gemini/antigravity/scratch/teacher-tracking/src/components/pages/DailyTasksPage.tsx [Client Component SSR]
    ./.gemini/antigravity/scratch/teacher-tracking/src/components/AppShell.tsx [Client Component SSR]
    ./.gemini/antigravity/scratch/teacher-tracking/src/app/page.tsx [Client Component SSR]
    ./.gemini/antigravity/scratch/teacher-tracking/src/app/page.tsx [Server Component]

https://nextjs.org/docs/messages/module-not-found


./.gemini/antigravity/scratch/teacher-tracking/node_modules/lucide-react/dist/esm/icons/index.mjs:1497:1
Module not found: Can't resolve './table-of-contents.mjs'
  [90m1495 |[0m ...[36mport[0m { [36mdefault[0m [36mas[0m [33mTableCellsSplit[0m } [36mfrom[0m [32m'./table-cells-split.mjs'[0m;
  [90m1496 |[0m ...[36mport[0m { [36mdefault[0m [36mas[0m [33mTableColumnsSplit[0m } [36mfrom[0m [32m'./table-columns-split...[0m
[31m[1m>[0m [90m1497 |[0m ...[36mport[0m { [36mdefault[0m [36mas[0m [33mTableOfContents[0m } [36mfrom[0m [32m'./table-of-contents.mjs'[0m;
  [90m     |[0m    [31m[1m^^^^^^^^^^^^^^^^^^^^^^^^^^^^^^^^^^^^^^^^^^^^^^^^^^^^^^^^^^^^^^^^^^^^[0m
  [90m1498 |[0m ...[36mport[0m { [36mdefault[0m [36mas[0m [33mTableProperties[0m } [36mfrom[0m [32m'./table-properties.mjs'[0m;
  [90m1499 |[0m ...[36mport[0m { [36mdefault[0m [36mas[0m [33mTableRowsSplit[0m } [36mfrom[0m [32m'./table-rows-split.mjs'[0m;
  [90m1500 |[0m ...[36mport[0m { [36mdefault[0m [36mas[0m [33mTabletSmartphone[0m } [36mfrom[0m [32m'./tablet-smartphone.mjs'[0m;



Import traces:
  Client Component Browser:
    ./.gemini/antigravity/scratch/teacher-tracking/node_modules/lucide-react/dist/esm/icons/index.mjs [Client Component Browser]
    ./.gemini/antigravity/scratch/teacher-tracking/node_modules/lucide-react/dist/esm/lucide-react.mjs [Client Component Browser]
    ./.gemini/antigravity/scratch/teacher-tracking/src/components/pages/DailyTasksPage.tsx [Client Component Browser]
    ./.gemini/antigravity/scratch/teacher-tracking/src/components/AppShell.tsx [Client Component Browser]
    ./.gemini/antigravity/scratch/teacher-tracking/src/app/page.tsx [Client Component Browser]
    ./.gemini/antigravity/scratch/teacher-tracking/src/app/page.tsx [Server Component]

  Client Component SSR:
    ./.gemini/antigravity/scratch/teacher-tracking/node_modules/lucide-react/dist/esm/icons/index.mjs [Client Component SSR]
    ./.gemini/antigravity/scratch/teacher-tracking/node_modules/lucide-react/dist/esm/lucide-react.mjs [Client Component SSR]
    ./.gemini/antigravity/scratch/teacher-tracking/src/components/pages/DailyTasksPage.tsx [Client Component SSR]
    ./.gemini/antigravity/scratch/teacher-tracking/src/components/AppShell.tsx [Client Component SSR]
    ./.gemini/antigravity/scratch/teacher-tracking/src/app/page.tsx [Client Component SSR]
    ./.gemini/antigravity/scratch/teacher-tracking/src/app/page.tsx [Server Component]

https://nextjs.org/docs/messages/module-not-found


./.gemini/antigravity/scratch/teacher-tracking/node_modules/lucide-react/dist/esm/icons/index.mjs:1498:1
Module not found: Can't resolve './table-properties.mjs'
  [90m1496 |[0m ...[36mport[0m { [36mdefault[0m [36mas[0m [33mTableColumnsSplit[0m } [36mfrom[0m [32m'./table-columns-split...[0m
  [90m1497 |[0m ...[36mport[0m { [36mdefault[0m [36mas[0m [33mTableOfContents[0m } [36mfrom[0m [32m'./table-of-contents.mjs'[0m;
[31m[1m>[0m [90m1498 |[0m ...[36mport[0m { [36mdefault[0m [36mas[0m [33mTableProperties[0m } [36mfrom[0m [32m'./table-properties.mjs'[0m;
  [90m     |[0m    [31m[1m^^^^^^^^^^^^^^^^^^^^^^^^^^^^^^^^^^^^^^^^^^^^^^^^^^^^^^^^^^^^^^^^^^^^[0m
  [90m1499 |[0m ...[36mport[0m { [36mdefault[0m [36mas[0m [33mTableRowsSplit[0m } [36mfrom[0m [32m'./table-rows-split.mjs'[0m;
  [90m1500 |[0m ...[36mport[0m { [36mdefault[0m [36mas[0m [33mTabletSmartphone[0m } [36mfrom[0m [32m'./tablet-smartphone.mjs'[0m;
  [90m1501 |[0m ...[36mport[0m { [36mdefault[0m [36mas[0m [33mTable[0m } [36mfrom[0m [32m'./table.mjs'[0m;



Import traces:
  Client Component Browser:
    ./.gemini/antigravity/scratch/teacher-tracking/node_modules/lucide-react/dist/esm/icons/index.mjs [Client Component Browser]
    ./.gemini/antigravity/scratch/teacher-tracking/node_modules/lucide-react/dist/esm/lucide-react.mjs [Client Component Browser]
    ./.gemini/antigravity/scratch/teacher-tracking/src/components/pages/DailyTasksPage.tsx [Client Component Browser]
    ./.gemini/antigravity/scratch/teacher-tracking/src/components/AppShell.tsx [Client Component Browser]
    ./.gemini/antigravity/scratch/teacher-tracking/src/app/page.tsx [Client Component Browser]
    ./.gemini/antigravity/scratch/teacher-tracking/src/app/page.tsx [Server Component]

  Client Component SSR:
    ./.gemini/antigravity/scratch/teacher-tracking/node_modules/lucide-react/dist/esm/icons/index.mjs [Client Component SSR]
    ./.gemini/antigravity/scratch/teacher-tracking/node_modules/lucide-react/dist/esm/lucide-react.mjs [Client Component SSR]
    ./.gemini/antigravity/scratch/teacher-tracking/src/components/pages/DailyTasksPage.tsx [Client Component SSR]
    ./.gemini/antigravity/scratch/teacher-tracking/src/components/AppShell.tsx [Client Component SSR]
    ./.gemini/antigravity/scratch/teacher-tracking/src/app/page.tsx [Client Component SSR]
    ./.gemini/antigravity/scratch/teacher-tracking/src/app/page.tsx [Server Component]

https://nextjs.org/docs/messages/module-not-found


./.gemini/antigravity/scratch/teacher-tracking/node_modules/lucide-react/dist/esm/icons/index.mjs:1499:1
Module not found: Can't resolve './table-rows-split.mjs'
  [90m1497 |[0m [36mexport[0m { [36mdefault[0m [36mas[0m [33mTableOfContents[0m } [36mfrom[0m [32m'./table-of-contents.mjs'[0m;
  [90m1498 |[0m [36mexport[0m { [36mdefault[0m [36mas[0m [33mTableProperties[0m } [36mfrom[0m [32m'./table-properties.mjs'[0m;
[31m[1m>[0m [90m1499 |[0m [36mexport[0m { [36mdefault[0m [36mas[0m [33mTableRowsSplit[0m } [36mfrom[0m [32m'./table-rows-split.mjs'[0m;
  [90m     |[0m [31m[1m^^^^^^^^^^^^^^^^^^^^^^^^^^^^^^^^^^^^^^^^^^^^^^^^^^^^^^^^^^^^^^^^^^^[0m
  [90m1500 |[0m [36mexport[0m { [36mdefault[0m [36mas[0m [33mTabletSmartphone[0m } [36mfrom[0m [32m'./tablet-smartphone.mjs'[0m;
  [90m1501 |[0m [36mexport[0m { [36mdefault[0m [36mas[0m [33mTable[0m } [36mfrom[0m [32m'./table.mjs'[0m;
  [90m1502 |[0m [36mexport[0m { [36mdefault[0m [36mas[0m [33mTablet[0m } [36mfrom[0m [32m'./tablet.mjs'[0m;



Import traces:
  Client Component Browser:
    ./.gemini/antigravity/scratch/teacher-tracking/node_modules/lucide-react/dist/esm/icons/index.mjs [Client Component Browser]
    ./.gemini/antigravity/scratch/teacher-tracking/node_modules/lucide-react/dist/esm/lucide-react.mjs [Client Component Browser]
    ./.gemini/antigravity/scratch/teacher-tracking/src/components/pages/DailyTasksPage.tsx [Client Component Browser]
    ./.gemini/antigravity/scratch/teacher-tracking/src/components/AppShell.tsx [Client Component Browser]
    ./.gemini/antigravity/scratch/teacher-tracking/src/app/page.tsx [Client Component Browser]
    ./.gemini/antigravity/scratch/teacher-tracking/src/app/page.tsx [Server Component]

  Client Component SSR:
    ./.gemini/antigravity/scratch/teacher-tracking/node_modules/lucide-react/dist/esm/icons/index.mjs [Client Component SSR]
    ./.gemini/antigravity/scratch/teacher-tracking/node_modules/lucide-react/dist/esm/lucide-react.mjs [Client Component SSR]
    ./.gemini/antigravity/scratch/teacher-tracking/src/components/pages/DailyTasksPage.tsx [Client Component SSR]
    ./.gemini/antigravity/scratch/teacher-tracking/src/components/AppShell.tsx [Client Component SSR]
    ./.gemini/antigravity/scratch/teacher-tracking/src/app/page.tsx [Client Component SSR]
    ./.gemini/antigravity/scratch/teacher-tracking/src/app/page.tsx [Server Component]

https://nextjs.org/docs/messages/module-not-found


./.gemini/antigravity/scratch/teacher-tracking/node_modules/lucide-react/dist/esm/icons/index.mjs:1501:1
Module not found: Can't resolve './table.mjs'
  [90m1499 |[0m [36mexport[0m { [36mdefault[0m [36mas[0m [33mTableRowsSplit[0m } [36mfrom[0m [32m'./table-rows-split.mjs'[0m;
  [90m1500 |[0m [36mexport[0m { [36mdefault[0m [36mas[0m [33mTabletSmartphone[0m } [36mfrom[0m [32m'./tablet-smartphone.mjs'[0m;
[31m[1m>[0m [90m1501 |[0m [36mexport[0m { [36mdefault[0m [36mas[0m [33mTable[0m } [36mfrom[0m [32m'./table.mjs'[0m;
  [90m     |[0m [31m[1m^^^^^^^^^^^^^^^^^^^^^^^^^^^^^^^^^^^^^^^^^^^^^^^[0m
  [90m1502 |[0m [36mexport[0m { [36mdefault[0m [36mas[0m [33mTablet[0m } [36mfrom[0m [32m'./tablet.mjs'[0m;
  [90m1503 |[0m [36mexport[0m { [36mdefault[0m [36mas[0m [33mTag[0m } [36mfrom[0m [32m'./tag.mjs'[0m;
  [90m1504 |[0m [36mexport[0m { [36mdefault[0m [36mas[0m [33mTablets[0m } [36mfrom[0m [32m'./tablets.mjs'[0m;



Import traces:
  Client Component Browser:
    ./.gemini/antigravity/scratch/teacher-tracking/node_modules/lucide-react/dist/esm/icons/index.mjs [Client Component Browser]
    ./.gemini/antigravity/scratch/teacher-tracking/node_modules/lucide-react/dist/esm/lucide-react.mjs [Client Component Browser]
    ./.gemini/antigravity/scratch/teacher-tracking/src/components/pages/DailyTasksPage.tsx [Client Component Browser]
    ./.gemini/antigravity/scratch/teacher-tracking/src/components/AppShell.tsx [Client Component Browser]
    ./.gemini/antigravity/scratch/teacher-tracking/src/app/page.tsx [Client Component Browser]
    ./.gemini/antigravity/scratch/teacher-tracking/src/app/page.tsx [Server Component]

  Client Component SSR:
    ./.gemini/antigravity/scratch/teacher-tracking/node_modules/lucide-react/dist/esm/icons/index.mjs [Client Component SSR]
    ./.gemini/antigravity/scratch/teacher-tracking/node_modules/lucide-react/dist/esm/lucide-react.mjs [Client Component SSR]
    ./.gemini/antigravity/scratch/teacher-tracking/src/components/pages/DailyTasksPage.tsx [Client Component SSR]
    ./.gemini/antigravity/scratch/teacher-tracking/src/components/AppShell.tsx [Client Component SSR]
    ./.gemini/antigravity/scratch/teacher-tracking/src/app/page.tsx [Client Component SSR]
    ./.gemini/antigravity/scratch/teacher-tracking/src/app/page.tsx [Server Component]

https://nextjs.org/docs/messages/module-not-found


./.gemini/antigravity/scratch/teacher-tracking/node_modules/lucide-react/dist/esm/icons/index.mjs:1500:1
Module not found: Can't resolve './tablet-smartphone.mjs'
  [90m1498 |[0m [36mexport[0m { [36mdefault[0m [36mas[0m [33mTableProperties[0m } [36mfrom[0m [32m'./table-properties.mjs'[0m;
  [90m1499 |[0m [36mexport[0m { [36mdefault[0m [36mas[0m [33mTableRowsSplit[0m } [36mfrom[0m [32m'./table-rows-split.mjs'[0m;
[31m[1m>[0m [90m1500 |[0m [36mexport[0m { [36mdefault[0m [36mas[0m [33mTabletSmartphone[0m } [36mfrom[0m [32m'./tablet-smartphone.mjs'[0m;
  [90m     |[0m [31m[1m^^^^^^^^^^^^^^^^^^^^^^^^^^^^^^^^^^^^^^^^^^^^^^^^^^^^^^^^^^^^^^^^^^^^^^[0m
  [90m1501 |[0m [36mexport[0m { [36mdefault[0m [36mas[0m [33mTable[0m } [36mfrom[0m [32m'./table.mjs'[0m;
  [90m1502 |[0m [36mexport[0m { [36mdefault[0m [36mas[0m [33mTablet[0m } [36mfrom[0m [32m'./tablet.mjs'[0m;
  [90m1503 |[0m [36mexport[0m { [36mdefault[0m [36mas[0m [33mTag[0m } [36mfrom[0m [32m'./tag.mjs'[0m;



Import traces:
  Client Component Browser:
    ./.gemini/antigravity/scratch/teacher-tracking/node_modules/lucide-react/dist/esm/icons/index.mjs [Client Component Browser]
    ./.gemini/antigravity/scratch/teacher-tracking/node_modules/lucide-react/dist/esm/lucide-react.mjs [Client Component Browser]
    ./.gemini/antigravity/scratch/teacher-tracking/src/components/pages/DailyTasksPage.tsx [Client Component Browser]
    ./.gemini/antigravity/scratch/teacher-tracking/src/components/AppShell.tsx [Client Component Browser]
    ./.gemini/antigravity/scratch/teacher-tracking/src/app/page.tsx [Client Component Browser]
    ./.gemini/antigravity/scratch/teacher-tracking/src/app/page.tsx [Server Component]

  Client Component SSR:
    ./.gemini/antigravity/scratch/teacher-tracking/node_modules/lucide-react/dist/esm/icons/index.mjs [Client Component SSR]
    ./.gemini/antigravity/scratch/teacher-tracking/node_modules/lucide-react/dist/esm/lucide-react.mjs [Client Component SSR]
    ./.gemini/antigravity/scratch/teacher-tracking/src/components/pages/DailyTasksPage.tsx [Client Component SSR]
    ./.gemini/antigravity/scratch/teacher-tracking/src/components/AppShell.tsx [Client Component SSR]
    ./.gemini/antigravity/scratch/teacher-tracking/src/app/page.tsx [Client Component SSR]
    ./.gemini/antigravity/scratch/teacher-tracking/src/app/page.tsx [Server Component]

https://nextjs.org/docs/messages/module-not-found


./.gemini/antigravity/scratch/teacher-tracking/node_modules/lucide-react/dist/esm/icons/index.mjs:1502:1
Module not found: Can't resolve './tablet.mjs'
  [90m1500 |[0m [36mexport[0m { [36mdefault[0m [36mas[0m [33mTabletSmartphone[0m } [36mfrom[0m [32m'./tablet-smartphone.mjs'[0m;
  [90m1501 |[0m [36mexport[0m { [36mdefault[0m [36mas[0m [33mTable[0m } [36mfrom[0m [32m'./table.mjs'[0m;
[31m[1m>[0m [90m1502 |[0m [36mexport[0m { [36mdefault[0m [36mas[0m [33mTablet[0m } [36mfrom[0m [32m'./tablet.mjs'[0m;
  [90m     |[0m [31m[1m^^^^^^^^^^^^^^^^^^^^^^^^^^^^^^^^^^^^^^^^^^^^^^^^^[0m
  [90m1503 |[0m [36mexport[0m { [36mdefault[0m [36mas[0m [33mTag[0m } [36mfrom[0m [32m'./tag.mjs'[0m;
  [90m1504 |[0m [36mexport[0m { [36mdefault[0m [36mas[0m [33mTablets[0m } [36mfrom[0m [32m'./tablets.mjs'[0m;
  [90m1505 |[0m [36mexport[0m { [36mdefault[0m [36mas[0m [33mTally1[0m } [36mfrom[0m [32m'./tally-1.mjs'[0m;



Import traces:
  Client Component Browser:
    ./.gemini/antigravity/scratch/teacher-tracking/node_modules/lucide-react/dist/esm/icons/index.mjs [Client Component Browser]
    ./.gemini/antigravity/scratch/teacher-tracking/node_modules/lucide-react/dist/esm/lucide-react.mjs [Client Component Browser]
    ./.gemini/antigravity/scratch/teacher-tracking/src/components/pages/DailyTasksPage.tsx [Client Component Browser]
    ./.gemini/antigravity/scratch/teacher-tracking/src/components/AppShell.tsx [Client Component Browser]
    ./.gemini/antigravity/scratch/teacher-tracking/src/app/page.tsx [Client Component Browser]
    ./.gemini/antigravity/scratch/teacher-tracking/src/app/page.tsx [Server Component]

  Client Component SSR:
    ./.gemini/antigravity/scratch/teacher-tracking/node_modules/lucide-react/dist/esm/icons/index.mjs [Client Component SSR]
    ./.gemini/antigravity/scratch/teacher-tracking/node_modules/lucide-react/dist/esm/lucide-react.mjs [Client Component SSR]
    ./.gemini/antigravity/scratch/teacher-tracking/src/components/pages/DailyTasksPage.tsx [Client Component SSR]
    ./.gemini/antigravity/scratch/teacher-tracking/src/components/AppShell.tsx [Client Component SSR]
    ./.gemini/antigravity/scratch/teacher-tracking/src/app/page.tsx [Client Component SSR]
    ./.gemini/antigravity/scratch/teacher-tracking/src/app/page.tsx [Server Component]

https://nextjs.org/docs/messages/module-not-found


./.gemini/antigravity/scratch/teacher-tracking/node_modules/lucide-react/dist/esm/icons/index.mjs:1504:1
Module not found: Can't resolve './tablets.mjs'
  [90m1502 |[0m [36mexport[0m { [36mdefault[0m [36mas[0m [33mTablet[0m } [36mfrom[0m [32m'./tablet.mjs'[0m;
  [90m1503 |[0m [36mexport[0m { [36mdefault[0m [36mas[0m [33mTag[0m } [36mfrom[0m [32m'./tag.mjs'[0m;
[31m[1m>[0m [90m1504 |[0m [36mexport[0m { [36mdefault[0m [36mas[0m [33mTablets[0m } [36mfrom[0m [32m'./tablets.mjs'[0m;
  [90m     |[0m [31m[1m^^^^^^^^^^^^^^^^^^^^^^^^^^^^^^^^^^^^^^^^^^^^^^^^^^^[0m
  [90m1505 |[0m [36mexport[0m { [36mdefault[0m [36mas[0m [33mTally1[0m } [36mfrom[0m [32m'./tally-1.mjs'[0m;
  [90m1506 |[0m [36mexport[0m { [36mdefault[0m [36mas[0m [33mTags[0m } [36mfrom[0m [32m'./tags.mjs'[0m;
  [90m1507 |[0m [36mexport[0m { [36mdefault[0m [36mas[0m [33mTally2[0m } [36mfrom[0m [32m'./tally-2.mjs'[0m;



Import traces:
  Client Component Browser:
    ./.gemini/antigravity/scratch/teacher-tracking/node_modules/lucide-react/dist/esm/icons/index.mjs [Client Component Browser]
    ./.gemini/antigravity/scratch/teacher-tracking/node_modules/lucide-react/dist/esm/lucide-react.mjs [Client Component Browser]
    ./.gemini/antigravity/scratch/teacher-tracking/src/components/pages/DailyTasksPage.tsx [Client Component Browser]
    ./.gemini/antigravity/scratch/teacher-tracking/src/components/AppShell.tsx [Client Component Browser]
    ./.gemini/antigravity/scratch/teacher-tracking/src/app/page.tsx [Client Component Browser]
    ./.gemini/antigravity/scratch/teacher-tracking/src/app/page.tsx [Server Component]

  Client Component SSR:
    ./.gemini/antigravity/scratch/teacher-tracking/node_modules/lucide-react/dist/esm/icons/index.mjs [Client Component SSR]
    ./.gemini/antigravity/scratch/teacher-tracking/node_modules/lucide-react/dist/esm/lucide-react.mjs [Client Component SSR]
    ./.gemini/antigravity/scratch/teacher-tracking/src/components/pages/DailyTasksPage.tsx [Client Component SSR]
    ./.gemini/antigravity/scratch/teacher-tracking/src/components/AppShell.tsx [Client Component SSR]
    ./.gemini/antigravity/scratch/teacher-tracking/src/app/page.tsx [Client Component SSR]
    ./.gemini/antigravity/scratch/teacher-tracking/src/app/page.tsx [Server Component]

https://nextjs.org/docs/messages/module-not-found


./.gemini/antigravity/scratch/teacher-tracking/node_modules/lucide-react/dist/esm/icons/index.mjs:1503:1
Module not found: Can't resolve './tag.mjs'
  [90m1501 |[0m [36mexport[0m { [36mdefault[0m [36mas[0m [33mTable[0m } [36mfrom[0m [32m'./table.mjs'[0m;
  [90m1502 |[0m [36mexport[0m { [36mdefault[0m [36mas[0m [33mTablet[0m } [36mfrom[0m [32m'./tablet.mjs'[0m;
[31m[1m>[0m [90m1503 |[0m [36mexport[0m { [36mdefault[0m [36mas[0m [33mTag[0m } [36mfrom[0m [32m'./tag.mjs'[0m;
  [90m     |[0m [31m[1m^^^^^^^^^^^^^^^^^^^^^^^^^^^^^^^^^^^^^^^^^^^[0m
  [90m1504 |[0m [36mexport[0m { [36mdefault[0m [36mas[0m [33mTablets[0m } [36mfrom[0m [32m'./tablets.mjs'[0m;
  [90m1505 |[0m [36mexport[0m { [36mdefault[0m [36mas[0m [33mTally1[0m } [36mfrom[0m [32m'./tally-1.mjs'[0m;
  [90m1506 |[0m [36mexport[0m { [36mdefault[0m [36mas[0m [33mTags[0m } [36mfrom[0m [32m'./tags.mjs'[0m;



Import traces:
  Client Component Browser:
    ./.gemini/antigravity/scratch/teacher-tracking/node_modules/lucide-react/dist/esm/icons/index.mjs [Client Component Browser]
    ./.gemini/antigravity/scratch/teacher-tracking/node_modules/lucide-react/dist/esm/lucide-react.mjs [Client Component Browser]
    ./.gemini/antigravity/scratch/teacher-tracking/src/components/pages/DailyTasksPage.tsx [Client Component Browser]
    ./.gemini/antigravity/scratch/teacher-tracking/src/components/AppShell.tsx [Client Component Browser]
    ./.gemini/antigravity/scratch/teacher-tracking/src/app/page.tsx [Client Component Browser]
    ./.gemini/antigravity/scratch/teacher-tracking/src/app/page.tsx [Server Component]

  Client Component SSR:
    ./.gemini/antigravity/scratch/teacher-tracking/node_modules/lucide-react/dist/esm/icons/index.mjs [Client Component SSR]
    ./.gemini/antigravity/scratch/teacher-tracking/node_modules/lucide-react/dist/esm/lucide-react.mjs [Client Component SSR]
    ./.gemini/antigravity/scratch/teacher-tracking/src/components/pages/DailyTasksPage.tsx [Client Component SSR]
    ./.gemini/antigravity/scratch/teacher-tracking/src/components/AppShell.tsx [Client Component SSR]
    ./.gemini/antigravity/scratch/teacher-tracking/src/app/page.tsx [Client Component SSR]
    ./.gemini/antigravity/scratch/teacher-tracking/src/app/page.tsx [Server Component]

https://nextjs.org/docs/messages/module-not-found


./.gemini/antigravity/scratch/teacher-tracking/node_modules/lucide-react/dist/esm/icons/index.mjs:1506:1
Module not found: Can't resolve './tags.mjs'
  [90m1504 |[0m [36mexport[0m { [36mdefault[0m [36mas[0m [33mTablets[0m } [36mfrom[0m [32m'./tablets.mjs'[0m;
  [90m1505 |[0m [36mexport[0m { [36mdefault[0m [36mas[0m [33mTally1[0m } [36mfrom[0m [32m'./tally-1.mjs'[0m;
[31m[1m>[0m [90m1506 |[0m [36mexport[0m { [36mdefault[0m [36mas[0m [33mTags[0m } [36mfrom[0m [32m'./tags.mjs'[0m;
  [90m     |[0m [31m[1m^^^^^^^^^^^^^^^^^^^^^^^^^^^^^^^^^^^^^^^^^^^^^[0m
  [90m1507 |[0m [36mexport[0m { [36mdefault[0m [36mas[0m [33mTally2[0m } [36mfrom[0m [32m'./tally-2.mjs'[0m;
  [90m1508 |[0m [36mexport[0m { [36mdefault[0m [36mas[0m [33mTally3[0m } [36mfrom[0m [32m'./tally-3.mjs'[0m;
  [90m1509 |[0m [36mexport[0m { [36mdefault[0m [36mas[0m [33mTally5[0m } [36mfrom[0m [32m'./tally-5.mjs'[0m;



Import traces:
  Client Component Browser:
    ./.gemini/antigravity/scratch/teacher-tracking/node_modules/lucide-react/dist/esm/icons/index.mjs [Client Component Browser]
    ./.gemini/antigravity/scratch/teacher-tracking/node_modules/lucide-react/dist/esm/lucide-react.mjs [Client Component Browser]
    ./.gemini/antigravity/scratch/teacher-tracking/src/components/pages/DailyTasksPage.tsx [Client Component Browser]
    ./.gemini/antigravity/scratch/teacher-tracking/src/components/AppShell.tsx [Client Component Browser]
    ./.gemini/antigravity/scratch/teacher-tracking/src/app/page.tsx [Client Component Browser]
    ./.gemini/antigravity/scratch/teacher-tracking/src/app/page.tsx [Server Component]

  Client Component SSR:
    ./.gemini/antigravity/scratch/teacher-tracking/node_modules/lucide-react/dist/esm/icons/index.mjs [Client Component SSR]
    ./.gemini/antigravity/scratch/teacher-tracking/node_modules/lucide-react/dist/esm/lucide-react.mjs [Client Component SSR]
    ./.gemini/antigravity/scratch/teacher-tracking/src/components/pages/DailyTasksPage.tsx [Client Component SSR]
    ./.gemini/antigravity/scratch/teacher-tracking/src/components/AppShell.tsx [Client Component SSR]
    ./.gemini/antigravity/scratch/teacher-tracking/src/app/page.tsx [Client Component SSR]
    ./.gemini/antigravity/scratch/teacher-tracking/src/app/page.tsx [Server Component]

https://nextjs.org/docs/messages/module-not-found


./.gemini/antigravity/scratch/teacher-tracking/node_modules/lucide-react/dist/esm/icons/index.mjs:1505:1
Module not found: Can't resolve './tally-1.mjs'
  [90m1503 |[0m [36mexport[0m { [36mdefault[0m [36mas[0m [33mTag[0m } [36mfrom[0m [32m'./tag.mjs'[0m;
  [90m1504 |[0m [36mexport[0m { [36mdefault[0m [36mas[0m [33mTablets[0m } [36mfrom[0m [32m'./tablets.mjs'[0m;
[31m[1m>[0m [90m1505 |[0m [36mexport[0m { [36mdefault[0m [36mas[0m [33mTally1[0m } [36mfrom[0m [32m'./tally-1.mjs'[0m;
  [90m     |[0m [31m[1m^^^^^^^^^^^^^^^^^^^^^^^^^^^^^^^^^^^^^^^^^^^^^^^^^^[0m
  [90m1506 |[0m [36mexport[0m { [36mdefault[0m [36mas[0m [33mTags[0m } [36mfrom[0m [32m'./tags.mjs'[0m;
  [90m1507 |[0m [36mexport[0m { [36mdefault[0m [36mas[0m [33mTally2[0m } [36mfrom[0m [32m'./tally-2.mjs'[0m;
  [90m1508 |[0m [36mexport[0m { [36mdefault[0m [36mas[0m [33mTally3[0m } [36mfrom[0m [32m'./tally-3.mjs'[0m;



Import traces:
  Client Component Browser:
    ./.gemini/antigravity/scratch/teacher-tracking/node_modules/lucide-react/dist/esm/icons/index.mjs [Client Component Browser]
    ./.gemini/antigravity/scratch/teacher-tracking/node_modules/lucide-react/dist/esm/lucide-react.mjs [Client Component Browser]
    ./.gemini/antigravity/scratch/teacher-tracking/src/components/pages/DailyTasksPage.tsx [Client Component Browser]
    ./.gemini/antigravity/scratch/teacher-tracking/src/components/AppShell.tsx [Client Component Browser]
    ./.gemini/antigravity/scratch/teacher-tracking/src/app/page.tsx [Client Component Browser]
    ./.gemini/antigravity/scratch/teacher-tracking/src/app/page.tsx [Server Component]

  Client Component SSR:
    ./.gemini/antigravity/scratch/teacher-tracking/node_modules/lucide-react/dist/esm/icons/index.mjs [Client Component SSR]
    ./.gemini/antigravity/scratch/teacher-tracking/node_modules/lucide-react/dist/esm/lucide-react.mjs [Client Component SSR]
    ./.gemini/antigravity/scratch/teacher-tracking/src/components/pages/DailyTasksPage.tsx [Client Component SSR]
    ./.gemini/antigravity/scratch/teacher-tracking/src/components/AppShell.tsx [Client Component SSR]
    ./.gemini/antigravity/scratch/teacher-tracking/src/app/page.tsx [Client Component SSR]
    ./.gemini/antigravity/scratch/teacher-tracking/src/app/page.tsx [Server Component]

https://nextjs.org/docs/messages/module-not-found


./.gemini/antigravity/scratch/teacher-tracking/node_modules/lucide-react/dist/esm/icons/index.mjs:1507:1
Module not found: Can't resolve './tally-2.mjs'
  [90m1505 |[0m [36mexport[0m { [36mdefault[0m [36mas[0m [33mTally1[0m } [36mfrom[0m [32m'./tally-1.mjs'[0m;
  [90m1506 |[0m [36mexport[0m { [36mdefault[0m [36mas[0m [33mTags[0m } [36mfrom[0m [32m'./tags.mjs'[0m;
[31m[1m>[0m [90m1507 |[0m [36mexport[0m { [36mdefault[0m [36mas[0m [33mTally2[0m } [36mfrom[0m [32m'./tally-2.mjs'[0m;
  [90m     |[0m [31m[1m^^^^^^^^^^^^^^^^^^^^^^^^^^^^^^^^^^^^^^^^^^^^^^^^^^[0m
  [90m1508 |[0m [36mexport[0m { [36mdefault[0m [36mas[0m [33mTally3[0m } [36mfrom[0m [32m'./tally-3.mjs'[0m;
  [90m1509 |[0m [36mexport[0m { [36mdefault[0m [36mas[0m [33mTally5[0m } [36mfrom[0m [32m'./tally-5.mjs'[0m;
  [90m1510 |[0m [36mexport[0m { [36mdefault[0m [36mas[0m [33mTally4[0m } [36mfrom[0m [32m'./tally-4.mjs'[0m;



Import traces:
  Client Component Browser:
    ./.gemini/antigravity/scratch/teacher-tracking/node_modules/lucide-react/dist/esm/icons/index.mjs [Client Component Browser]
    ./.gemini/antigravity/scratch/teacher-tracking/node_modules/lucide-react/dist/esm/lucide-react.mjs [Client Component Browser]
    ./.gemini/antigravity/scratch/teacher-tracking/src/components/pages/DailyTasksPage.tsx [Client Component Browser]
    ./.gemini/antigravity/scratch/teacher-tracking/src/components/AppShell.tsx [Client Component Browser]
    ./.gemini/antigravity/scratch/teacher-tracking/src/app/page.tsx [Client Component Browser]
    ./.gemini/antigravity/scratch/teacher-tracking/src/app/page.tsx [Server Component]

  Client Component SSR:
    ./.gemini/antigravity/scratch/teacher-tracking/node_modules/lucide-react/dist/esm/icons/index.mjs [Client Component SSR]
    ./.gemini/antigravity/scratch/teacher-tracking/node_modules/lucide-react/dist/esm/lucide-react.mjs [Client Component SSR]
    ./.gemini/antigravity/scratch/teacher-tracking/src/components/pages/DailyTasksPage.tsx [Client Component SSR]
    ./.gemini/antigravity/scratch/teacher-tracking/src/components/AppShell.tsx [Client Component SSR]
    ./.gemini/antigravity/scratch/teacher-tracking/src/app/page.tsx [Client Component SSR]
    ./.gemini/antigravity/scratch/teacher-tracking/src/app/page.tsx [Server Component]

https://nextjs.org/docs/messages/module-not-found


./.gemini/antigravity/scratch/teacher-tracking/node_modules/lucide-react/dist/esm/icons/index.mjs:1508:1
Module not found: Can't resolve './tally-3.mjs'
  [90m1506 |[0m [36mexport[0m { [36mdefault[0m [36mas[0m [33mTags[0m } [36mfrom[0m [32m'./tags.mjs'[0m;
  [90m1507 |[0m [36mexport[0m { [36mdefault[0m [36mas[0m [33mTally2[0m } [36mfrom[0m [32m'./tally-2.mjs'[0m;
[31m[1m>[0m [90m1508 |[0m [36mexport[0m { [36mdefault[0m [36mas[0m [33mTally3[0m } [36mfrom[0m [32m'./tally-3.mjs'[0m;
  [90m     |[0m [31m[1m^^^^^^^^^^^^^^^^^^^^^^^^^^^^^^^^^^^^^^^^^^^^^^^^^^[0m
  [90m1509 |[0m [36mexport[0m { [36mdefault[0m [36mas[0m [33mTally5[0m } [36mfrom[0m [32m'./tally-5.mjs'[0m;
  [90m1510 |[0m [36mexport[0m { [36mdefault[0m [36mas[0m [33mTally4[0m } [36mfrom[0m [32m'./tally-4.mjs'[0m;
  [90m1511 |[0m [36mexport[0m { [36mdefault[0m [36mas[0m [33mTangent[0m } [36mfrom[0m [32m'./tangent.mjs'[0m;



Import traces:
  Client Component Browser:
    ./.gemini/antigravity/scratch/teacher-tracking/node_modules/lucide-react/dist/esm/icons/index.mjs [Client Component Browser]
    ./.gemini/antigravity/scratch/teacher-tracking/node_modules/lucide-react/dist/esm/lucide-react.mjs [Client Component Browser]
    ./.gemini/antigravity/scratch/teacher-tracking/src/components/pages/DailyTasksPage.tsx [Client Component Browser]
    ./.gemini/antigravity/scratch/teacher-tracking/src/components/AppShell.tsx [Client Component Browser]
    ./.gemini/antigravity/scratch/teacher-tracking/src/app/page.tsx [Client Component Browser]
    ./.gemini/antigravity/scratch/teacher-tracking/src/app/page.tsx [Server Component]

  Client Component SSR:
    ./.gemini/antigravity/scratch/teacher-tracking/node_modules/lucide-react/dist/esm/icons/index.mjs [Client Component SSR]
    ./.gemini/antigravity/scratch/teacher-tracking/node_modules/lucide-react/dist/esm/lucide-react.mjs [Client Component SSR]
    ./.gemini/antigravity/scratch/teacher-tracking/src/components/pages/DailyTasksPage.tsx [Client Component SSR]
    ./.gemini/antigravity/scratch/teacher-tracking/src/components/AppShell.tsx [Client Component SSR]
    ./.gemini/antigravity/scratch/teacher-tracking/src/app/page.tsx [Client Component SSR]
    ./.gemini/antigravity/scratch/teacher-tracking/src/app/page.tsx [Server Component]

https://nextjs.org/docs/messages/module-not-found


./.gemini/antigravity/scratch/teacher-tracking/node_modules/lucide-react/dist/esm/icons/index.mjs:1510:1
Module not found: Can't resolve './tally-4.mjs'
  [90m1508 |[0m [36mexport[0m { [36mdefault[0m [36mas[0m [33mTally3[0m } [36mfrom[0m [32m'./tally-3.mjs'[0m;
  [90m1509 |[0m [36mexport[0m { [36mdefault[0m [36mas[0m [33mTally5[0m } [36mfrom[0m [32m'./tally-5.mjs'[0m;
[31m[1m>[0m [90m1510 |[0m [36mexport[0m { [36mdefault[0m [36mas[0m [33mTally4[0m } [36mfrom[0m [32m'./tally-4.mjs'[0m;
  [90m     |[0m [31m[1m^^^^^^^^^^^^^^^^^^^^^^^^^^^^^^^^^^^^^^^^^^^^^^^^^^[0m
  [90m1511 |[0m [36mexport[0m { [36mdefault[0m [36mas[0m [33mTangent[0m } [36mfrom[0m [32m'./tangent.mjs'[0m;
  [90m1512 |[0m [36mexport[0m { [36mdefault[0m [36mas[0m [33mTarget[0m } [36mfrom[0m [32m'./target.mjs'[0m;
  [90m1513 |[0m [36mexport[0m { [36mdefault[0m [36mas[0m [33mTelescope[0m } [36mfrom[0m [32m'./telescope.mjs'[0m;



Import traces:
  Client Component Browser:
    ./.gemini/antigravity/scratch/teacher-tracking/node_modules/lucide-react/dist/esm/icons/index.mjs [Client Component Browser]
    ./.gemini/antigravity/scratch/teacher-tracking/node_modules/lucide-react/dist/esm/lucide-react.mjs [Client Component Browser]
    ./.gemini/antigravity/scratch/teacher-tracking/src/components/pages/DailyTasksPage.tsx [Client Component Browser]
    ./.gemini/antigravity/scratch/teacher-tracking/src/components/AppShell.tsx [Client Component Browser]
    ./.gemini/antigravity/scratch/teacher-tracking/src/app/page.tsx [Client Component Browser]
    ./.gemini/antigravity/scratch/teacher-tracking/src/app/page.tsx [Server Component]

  Client Component SSR:
    ./.gemini/antigravity/scratch/teacher-tracking/node_modules/lucide-react/dist/esm/icons/index.mjs [Client Component SSR]
    ./.gemini/antigravity/scratch/teacher-tracking/node_modules/lucide-react/dist/esm/lucide-react.mjs [Client Component SSR]
    ./.gemini/antigravity/scratch/teacher-tracking/src/components/pages/DailyTasksPage.tsx [Client Component SSR]
    ./.gemini/antigravity/scratch/teacher-tracking/src/components/AppShell.tsx [Client Component SSR]
    ./.gemini/antigravity/scratch/teacher-tracking/src/app/page.tsx [Client Component SSR]
    ./.gemini/antigravity/scratch/teacher-tracking/src/app/page.tsx [Server Component]

https://nextjs.org/docs/messages/module-not-found


./.gemini/antigravity/scratch/teacher-tracking/node_modules/lucide-react/dist/esm/icons/index.mjs:1509:1
Module not found: Can't resolve './tally-5.mjs'
  [90m1507 |[0m [36mexport[0m { [36mdefault[0m [36mas[0m [33mTally2[0m } [36mfrom[0m [32m'./tally-2.mjs'[0m;
  [90m1508 |[0m [36mexport[0m { [36mdefault[0m [36mas[0m [33mTally3[0m } [36mfrom[0m [32m'./tally-3.mjs'[0m;
[31m[1m>[0m [90m1509 |[0m [36mexport[0m { [36mdefault[0m [36mas[0m [33mTally5[0m } [36mfrom[0m [32m'./tally-5.mjs'[0m;
  [90m     |[0m [31m[1m^^^^^^^^^^^^^^^^^^^^^^^^^^^^^^^^^^^^^^^^^^^^^^^^^^[0m
  [90m1510 |[0m [36mexport[0m { [36mdefault[0m [36mas[0m [33mTally4[0m } [36mfrom[0m [32m'./tally-4.mjs'[0m;
  [90m1511 |[0m [36mexport[0m { [36mdefault[0m [36mas[0m [33mTangent[0m } [36mfrom[0m [32m'./tangent.mjs'[0m;
  [90m1512 |[0m [36mexport[0m { [36mdefault[0m [36mas[0m [33mTarget[0m } [36mfrom[0m [32m'./target.mjs'[0m;



Import traces:
  Client Component Browser:
    ./.gemini/antigravity/scratch/teacher-tracking/node_modules/lucide-react/dist/esm/icons/index.mjs [Client Component Browser]
    ./.gemini/antigravity/scratch/teacher-tracking/node_modules/lucide-react/dist/esm/lucide-react.mjs [Client Component Browser]
    ./.gemini/antigravity/scratch/teacher-tracking/src/components/pages/DailyTasksPage.tsx [Client Component Browser]
    ./.gemini/antigravity/scratch/teacher-tracking/src/components/AppShell.tsx [Client Component Browser]
    ./.gemini/antigravity/scratch/teacher-tracking/src/app/page.tsx [Client Component Browser]
    ./.gemini/antigravity/scratch/teacher-tracking/src/app/page.tsx [Server Component]

  Client Component SSR:
    ./.gemini/antigravity/scratch/teacher-tracking/node_modules/lucide-react/dist/esm/icons/index.mjs [Client Component SSR]
    ./.gemini/antigravity/scratch/teacher-tracking/node_modules/lucide-react/dist/esm/lucide-react.mjs [Client Component SSR]
    ./.gemini/antigravity/scratch/teacher-tracking/src/components/pages/DailyTasksPage.tsx [Client Component SSR]
    ./.gemini/antigravity/scratch/teacher-tracking/src/components/AppShell.tsx [Client Component SSR]
    ./.gemini/antigravity/scratch/teacher-tracking/src/app/page.tsx [Client Component SSR]
    ./.gemini/antigravity/scratch/teacher-tracking/src/app/page.tsx [Server Component]

https://nextjs.org/docs/messages/module-not-found


./.gemini/antigravity/scratch/teacher-tracking/node_modules/lucide-react/dist/esm/icons/index.mjs:1511:1
Module not found: Can't resolve './tangent.mjs'
  [90m1509 |[0m [36mexport[0m { [36mdefault[0m [36mas[0m [33mTally5[0m } [36mfrom[0m [32m'./tally-5.mjs'[0m;
  [90m1510 |[0m [36mexport[0m { [36mdefault[0m [36mas[0m [33mTally4[0m } [36mfrom[0m [32m'./tally-4.mjs'[0m;
[31m[1m>[0m [90m1511 |[0m [36mexport[0m { [36mdefault[0m [36mas[0m [33mTangent[0m } [36mfrom[0m [32m'./tangent.mjs'[0m;
  [90m     |[0m [31m[1m^^^^^^^^^^^^^^^^^^^^^^^^^^^^^^^^^^^^^^^^^^^^^^^^^^^[0m
  [90m1512 |[0m [36mexport[0m { [36mdefault[0m [36mas[0m [33mTarget[0m } [36mfrom[0m [32m'./target.mjs'[0m;
  [90m1513 |[0m [36mexport[0m { [36mdefault[0m [36mas[0m [33mTelescope[0m } [36mfrom[0m [32m'./telescope.mjs'[0m;
  [90m1514 |[0m [36mexport[0m { [36mdefault[0m [36mas[0m [33mTentTree[0m } [36mfrom[0m [32m'./tent-tree.mjs'[0m;



Import traces:
  Client Component Browser:
    ./.gemini/antigravity/scratch/teacher-tracking/node_modules/lucide-react/dist/esm/icons/index.mjs [Client Component Browser]
    ./.gemini/antigravity/scratch/teacher-tracking/node_modules/lucide-react/dist/esm/lucide-react.mjs [Client Component Browser]
    ./.gemini/antigravity/scratch/teacher-tracking/src/components/pages/DailyTasksPage.tsx [Client Component Browser]
    ./.gemini/antigravity/scratch/teacher-tracking/src/components/AppShell.tsx [Client Component Browser]
    ./.gemini/antigravity/scratch/teacher-tracking/src/app/page.tsx [Client Component Browser]
    ./.gemini/antigravity/scratch/teacher-tracking/src/app/page.tsx [Server Component]

  Client Component SSR:
    ./.gemini/antigravity/scratch/teacher-tracking/node_modules/lucide-react/dist/esm/icons/index.mjs [Client Component SSR]
    ./.gemini/antigravity/scratch/teacher-tracking/node_modules/lucide-react/dist/esm/lucide-react.mjs [Client Component SSR]
    ./.gemini/antigravity/scratch/teacher-tracking/src/components/pages/DailyTasksPage.tsx [Client Component SSR]
    ./.gemini/antigravity/scratch/teacher-tracking/src/components/AppShell.tsx [Client Component SSR]
    ./.gemini/antigravity/scratch/teacher-tracking/src/app/page.tsx [Client Component SSR]
    ./.gemini/antigravity/scratch/teacher-tracking/src/app/page.tsx [Server Component]

https://nextjs.org/docs/messages/module-not-found


./.gemini/antigravity/scratch/teacher-tracking/node_modules/lucide-react/dist/esm/icons/index.mjs:1512:1
Module not found: Can't resolve './target.mjs'
  [90m1510 |[0m [36mexport[0m { [36mdefault[0m [36mas[0m [33mTally4[0m } [36mfrom[0m [32m'./tally-4.mjs'[0m;
  [90m1511 |[0m [36mexport[0m { [36mdefault[0m [36mas[0m [33mTangent[0m } [36mfrom[0m [32m'./tangent.mjs'[0m;
[31m[1m>[0m [90m1512 |[0m [36mexport[0m { [36mdefault[0m [36mas[0m [33mTarget[0m } [36mfrom[0m [32m'./target.mjs'[0m;
  [90m     |[0m [31m[1m^^^^^^^^^^^^^^^^^^^^^^^^^^^^^^^^^^^^^^^^^^^^^^^^^[0m
  [90m1513 |[0m [36mexport[0m { [36mdefault[0m [36mas[0m [33mTelescope[0m } [36mfrom[0m [32m'./telescope.mjs'[0m;
  [90m1514 |[0m [36mexport[0m { [36mdefault[0m [36mas[0m [33mTentTree[0m } [36mfrom[0m [32m'./tent-tree.mjs'[0m;
  [90m1515 |[0m [36mexport[0m { [36mdefault[0m [36mas[0m [33mTent[0m } [36mfrom[0m [32m'./tent.mjs'[0m;



Import traces:
  Client Component Browser:
    ./.gemini/antigravity/scratch/teacher-tracking/node_modules/lucide-react/dist/esm/icons/index.mjs [Client Component Browser]
    ./.gemini/antigravity/scratch/teacher-tracking/node_modules/lucide-react/dist/esm/lucide-react.mjs [Client Component Browser]
    ./.gemini/antigravity/scratch/teacher-tracking/src/components/pages/DailyTasksPage.tsx [Client Component Browser]
    ./.gemini/antigravity/scratch/teacher-tracking/src/components/AppShell.tsx [Client Component Browser]
    ./.gemini/antigravity/scratch/teacher-tracking/src/app/page.tsx [Client Component Browser]
    ./.gemini/antigravity/scratch/teacher-tracking/src/app/page.tsx [Server Component]

  Client Component SSR:
    ./.gemini/antigravity/scratch/teacher-tracking/node_modules/lucide-react/dist/esm/icons/index.mjs [Client Component SSR]
    ./.gemini/antigravity/scratch/teacher-tracking/node_modules/lucide-react/dist/esm/lucide-react.mjs [Client Component SSR]
    ./.gemini/antigravity/scratch/teacher-tracking/src/components/pages/DailyTasksPage.tsx [Client Component SSR]
    ./.gemini/antigravity/scratch/teacher-tracking/src/components/AppShell.tsx [Client Component SSR]
    ./.gemini/antigravity/scratch/teacher-tracking/src/app/page.tsx [Client Component SSR]
    ./.gemini/antigravity/scratch/teacher-tracking/src/app/page.tsx [Server Component]

https://nextjs.org/docs/messages/module-not-found


./.gemini/antigravity/scratch/teacher-tracking/node_modules/lucide-react/dist/esm/icons/index.mjs:1513:1
Module not found: Can't resolve './telescope.mjs'
  [90m1511 |[0m [36mexport[0m { [36mdefault[0m [36mas[0m [33mTangent[0m } [36mfrom[0m [32m'./tangent.mjs'[0m;
  [90m1512 |[0m [36mexport[0m { [36mdefault[0m [36mas[0m [33mTarget[0m } [36mfrom[0m [32m'./target.mjs'[0m;
[31m[1m>[0m [90m1513 |[0m [36mexport[0m { [36mdefault[0m [36mas[0m [33mTelescope[0m } [36mfrom[0m [32m'./telescope.mjs'[0m;
  [90m     |[0m [31m[1m^^^^^^^^^^^^^^^^^^^^^^^^^^^^^^^^^^^^^^^^^^^^^^^^^^^^^^^[0m
  [90m1514 |[0m [36mexport[0m { [36mdefault[0m [36mas[0m [33mTentTree[0m } [36mfrom[0m [32m'./tent-tree.mjs'[0m;
  [90m1515 |[0m [36mexport[0m { [36mdefault[0m [36mas[0m [33mTent[0m } [36mfrom[0m [32m'./tent.mjs'[0m;
  [90m1516 |[0m [36mexport[0m { [36mdefault[0m [36mas[0m [33mTerminal[0m } [36mfrom[0m [32m'./terminal.mjs'[0m;



Import traces:
  Client Component Browser:
    ./.gemini/antigravity/scratch/teacher-tracking/node_modules/lucide-react/dist/esm/icons/index.mjs [Client Component Browser]
    ./.gemini/antigravity/scratch/teacher-tracking/node_modules/lucide-react/dist/esm/lucide-react.mjs [Client Component Browser]
    ./.gemini/antigravity/scratch/teacher-tracking/src/components/pages/DailyTasksPage.tsx [Client Component Browser]
    ./.gemini/antigravity/scratch/teacher-tracking/src/components/AppShell.tsx [Client Component Browser]
    ./.gemini/antigravity/scratch/teacher-tracking/src/app/page.tsx [Client Component Browser]
    ./.gemini/antigravity/scratch/teacher-tracking/src/app/page.tsx [Server Component]

  Client Component SSR:
    ./.gemini/antigravity/scratch/teacher-tracking/node_modules/lucide-react/dist/esm/icons/index.mjs [Client Component SSR]
    ./.gemini/antigravity/scratch/teacher-tracking/node_modules/lucide-react/dist/esm/lucide-react.mjs [Client Component SSR]
    ./.gemini/antigravity/scratch/teacher-tracking/src/components/pages/DailyTasksPage.tsx [Client Component SSR]
    ./.gemini/antigravity/scratch/teacher-tracking/src/components/AppShell.tsx [Client Component SSR]
    ./.gemini/antigravity/scratch/teacher-tracking/src/app/page.tsx [Client Component SSR]
    ./.gemini/antigravity/scratch/teacher-tracking/src/app/page.tsx [Server Component]

https://nextjs.org/docs/messages/module-not-found


./.gemini/antigravity/scratch/teacher-tracking/node_modules/lucide-react/dist/esm/icons/index.mjs:1514:1
Module not found: Can't resolve './tent-tree.mjs'
  [90m1512 |[0m [36mexport[0m { [36mdefault[0m [36mas[0m [33mTarget[0m } [36mfrom[0m [32m'./target.mjs'[0m;
  [90m1513 |[0m [36mexport[0m { [36mdefault[0m [36mas[0m [33mTelescope[0m } [36mfrom[0m [32m'./telescope.mjs'[0m;
[31m[1m>[0m [90m1514 |[0m [36mexport[0m { [36mdefault[0m [36mas[0m [33mTentTree[0m } [36mfrom[0m [32m'./tent-tree.mjs'[0m;
  [90m     |[0m [31m[1m^^^^^^^^^^^^^^^^^^^^^^^^^^^^^^^^^^^^^^^^^^^^^^^^^^^^^^[0m
  [90m1515 |[0m [36mexport[0m { [36mdefault[0m [36mas[0m [33mTent[0m } [36mfrom[0m [32m'./tent.mjs'[0m;
  [90m1516 |[0m [36mexport[0m { [36mdefault[0m [36mas[0m [33mTerminal[0m } [36mfrom[0m [32m'./terminal.mjs'[0m;
  [90m1517 |[0m [36mexport[0m { [36mdefault[0m [36mas[0m [33mTestTubeDiagonal[0m } [36mfrom[0m [32m'./test-tube-diagonal.mjs'[0m;



Import traces:
  Client Component Browser:
    ./.gemini/antigravity/scratch/teacher-tracking/node_modules/lucide-react/dist/esm/icons/index.mjs [Client Component Browser]
    ./.gemini/antigravity/scratch/teacher-tracking/node_modules/lucide-react/dist/esm/lucide-react.mjs [Client Component Browser]
    ./.gemini/antigravity/scratch/teacher-tracking/src/components/pages/DailyTasksPage.tsx [Client Component Browser]
    ./.gemini/antigravity/scratch/teacher-tracking/src/components/AppShell.tsx [Client Component Browser]
    ./.gemini/antigravity/scratch/teacher-tracking/src/app/page.tsx [Client Component Browser]
    ./.gemini/antigravity/scratch/teacher-tracking/src/app/page.tsx [Server Component]

  Client Component SSR:
    ./.gemini/antigravity/scratch/teacher-tracking/node_modules/lucide-react/dist/esm/icons/index.mjs [Client Component SSR]
    ./.gemini/antigravity/scratch/teacher-tracking/node_modules/lucide-react/dist/esm/lucide-react.mjs [Client Component SSR]
    ./.gemini/antigravity/scratch/teacher-tracking/src/components/pages/DailyTasksPage.tsx [Client Component SSR]
    ./.gemini/antigravity/scratch/teacher-tracking/src/components/AppShell.tsx [Client Component SSR]
    ./.gemini/antigravity/scratch/teacher-tracking/src/app/page.tsx [Client Component SSR]
    ./.gemini/antigravity/scratch/teacher-tracking/src/app/page.tsx [Server Component]

https://nextjs.org/docs/messages/module-not-found


./.gemini/antigravity/scratch/teacher-tracking/node_modules/lucide-react/dist/esm/icons/index.mjs:1515:1
Module not found: Can't resolve './tent.mjs'
  [90m1513 |[0m [36mexport[0m { [36mdefault[0m [36mas[0m [33mTelescope[0m } [36mfrom[0m [32m'./telescope.mjs'[0m;
  [90m1514 |[0m [36mexport[0m { [36mdefault[0m [36mas[0m [33mTentTree[0m } [36mfrom[0m [32m'./tent-tree.mjs'[0m;
[31m[1m>[0m [90m1515 |[0m [36mexport[0m { [36mdefault[0m [36mas[0m [33mTent[0m } [36mfrom[0m [32m'./tent.mjs'[0m;
  [90m     |[0m [31m[1m^^^^^^^^^^^^^^^^^^^^^^^^^^^^^^^^^^^^^^^^^^^^^[0m
  [90m1516 |[0m [36mexport[0m { [36mdefault[0m [36mas[0m [33mTerminal[0m } [36mfrom[0m [32m'./terminal.mjs'[0m;
  [90m1517 |[0m [36mexport[0m { [36mdefault[0m [36mas[0m [33mTestTubeDiagonal[0m } [36mfrom[0m [32m'./test-tube-diagonal.mjs'[0m;
  [90m1518 |[0m [36mexport[0m { [36mdefault[0m [36mas[0m [33mTestTube[0m } [36mfrom[0m [32m'./test-tube.mjs'[0m;



Import traces:
  Client Component Browser:
    ./.gemini/antigravity/scratch/teacher-tracking/node_modules/lucide-react/dist/esm/icons/index.mjs [Client Component Browser]
    ./.gemini/antigravity/scratch/teacher-tracking/node_modules/lucide-react/dist/esm/lucide-react.mjs [Client Component Browser]
    ./.gemini/antigravity/scratch/teacher-tracking/src/components/pages/DailyTasksPage.tsx [Client Component Browser]
    ./.gemini/antigravity/scratch/teacher-tracking/src/components/AppShell.tsx [Client Component Browser]
    ./.gemini/antigravity/scratch/teacher-tracking/src/app/page.tsx [Client Component Browser]
    ./.gemini/antigravity/scratch/teacher-tracking/src/app/page.tsx [Server Component]

  Client Component SSR:
    ./.gemini/antigravity/scratch/teacher-tracking/node_modules/lucide-react/dist/esm/icons/index.mjs [Client Component SSR]
    ./.gemini/antigravity/scratch/teacher-tracking/node_modules/lucide-react/dist/esm/lucide-react.mjs [Client Component SSR]
    ./.gemini/antigravity/scratch/teacher-tracking/src/components/pages/DailyTasksPage.tsx [Client Component SSR]
    ./.gemini/antigravity/scratch/teacher-tracking/src/components/AppShell.tsx [Client Component SSR]
    ./.gemini/antigravity/scratch/teacher-tracking/src/app/page.tsx [Client Component SSR]
    ./.gemini/antigravity/scratch/teacher-tracking/src/app/page.tsx [Server Component]

https://nextjs.org/docs/messages/module-not-found


./.gemini/antigravity/scratch/teacher-tracking/node_modules/lucide-react/dist/esm/icons/index.mjs:1516:1
Module not found: Can't resolve './terminal.mjs'
  [90m1514 |[0m [36mexport[0m { [36mdefault[0m [36mas[0m [33mTentTree[0m } [36mfrom[0m [32m'./tent-tree.mjs'[0m;
  [90m1515 |[0m [36mexport[0m { [36mdefault[0m [36mas[0m [33mTent[0m } [36mfrom[0m [32m'./tent.mjs'[0m;
[31m[1m>[0m [90m1516 |[0m [36mexport[0m { [36mdefault[0m [36mas[0m [33mTerminal[0m } [36mfrom[0m [32m'./terminal.mjs'[0m;
  [90m     |[0m [31m[1m^^^^^^^^^^^^^^^^^^^^^^^^^^^^^^^^^^^^^^^^^^^^^^^^^^^^^[0m
  [90m1517 |[0m [36mexport[0m { [36mdefault[0m [36mas[0m [33mTestTubeDiagonal[0m } [36mfrom[0m [32m'./test-tube-diagonal.mjs'[0m;
  [90m1518 |[0m [36mexport[0m { [36mdefault[0m [36mas[0m [33mTestTube[0m } [36mfrom[0m [32m'./test-tube.mjs'[0m;
  [90m1519 |[0m [36mexport[0m { [36mdefault[0m [36mas[0m [33mTestTubes[0m } [36mfrom[0m [32m'./test-tubes.mjs'[0m;



Import traces:
  Client Component Browser:
    ./.gemini/antigravity/scratch/teacher-tracking/node_modules/lucide-react/dist/esm/icons/index.mjs [Client Component Browser]
    ./.gemini/antigravity/scratch/teacher-tracking/node_modules/lucide-react/dist/esm/lucide-react.mjs [Client Component Browser]
    ./.gemini/antigravity/scratch/teacher-tracking/src/components/pages/DailyTasksPage.tsx [Client Component Browser]
    ./.gemini/antigravity/scratch/teacher-tracking/src/components/AppShell.tsx [Client Component Browser]
    ./.gemini/antigravity/scratch/teacher-tracking/src/app/page.tsx [Client Component Browser]
    ./.gemini/antigravity/scratch/teacher-tracking/src/app/page.tsx [Server Component]

  Client Component SSR:
    ./.gemini/antigravity/scratch/teacher-tracking/node_modules/lucide-react/dist/esm/icons/index.mjs [Client Component SSR]
    ./.gemini/antigravity/scratch/teacher-tracking/node_modules/lucide-react/dist/esm/lucide-react.mjs [Client Component SSR]
    ./.gemini/antigravity/scratch/teacher-tracking/src/components/pages/DailyTasksPage.tsx [Client Component SSR]
    ./.gemini/antigravity/scratch/teacher-tracking/src/components/AppShell.tsx [Client Component SSR]
    ./.gemini/antigravity/scratch/teacher-tracking/src/app/page.tsx [Client Component SSR]
    ./.gemini/antigravity/scratch/teacher-tracking/src/app/page.tsx [Server Component]

https://nextjs.org/docs/messages/module-not-found


./.gemini/antigravity/scratch/teacher-tracking/node_modules/lucide-react/dist/esm/icons/index.mjs:1517:1
Module not found: Can't resolve './test-tube-diagonal.mjs'
  [90m1515 |[0m [36mexport[0m { [36mdefault[0m [36mas[0m [33mTent[0m } [36mfrom[0m [32m'./tent.mjs'[0m;
  [90m1516 |[0m [36mexport[0m { [36mdefault[0m [36mas[0m [33mTerminal[0m } [36mfrom[0m [32m'./terminal.mjs'[0m;
[31m[1m>[0m [90m1517 |[0m [36mexport[0m { [36mdefault[0m [36mas[0m [33mTestTubeDiagonal[0m } [36mfrom[0m [32m'./test-tube-diagonal.mjs'[0m;
  [90m     |[0m [31m[1m^^^^^^^^^^^^^^^^^^^^^^^^^^^^^^^^^^^^^^^^^^^^^^^^^^^^^^^^^^^^^^^^^^^^^^^[0m
  [90m1518 |[0m [36mexport[0m { [36mdefault[0m [36mas[0m [33mTestTube[0m } [36mfrom[0m [32m'./test-tube.mjs'[0m;
  [90m1519 |[0m [36mexport[0m { [36mdefault[0m [36mas[0m [33mTestTubes[0m } [36mfrom[0m [32m'./test-tubes.mjs'[0m;
  [90m1520 |[0m [36mexport[0m { [36mdefault[0m [36mas[0m [33mTextAlignCenter[0m } [36mfrom[0m [32m'./text-align-center.mjs'[0m;



Import traces:
  Client Component Browser:
    ./.gemini/antigravity/scratch/teacher-tracking/node_modules/lucide-react/dist/esm/icons/index.mjs [Client Component Browser]
    ./.gemini/antigravity/scratch/teacher-tracking/node_modules/lucide-react/dist/esm/lucide-react.mjs [Client Component Browser]
    ./.gemini/antigravity/scratch/teacher-tracking/src/components/pages/DailyTasksPage.tsx [Client Component Browser]
    ./.gemini/antigravity/scratch/teacher-tracking/src/components/AppShell.tsx [Client Component Browser]
    ./.gemini/antigravity/scratch/teacher-tracking/src/app/page.tsx [Client Component Browser]
    ./.gemini/antigravity/scratch/teacher-tracking/src/app/page.tsx [Server Component]

  Client Component SSR:
    ./.gemini/antigravity/scratch/teacher-tracking/node_modules/lucide-react/dist/esm/icons/index.mjs [Client Component SSR]
    ./.gemini/antigravity/scratch/teacher-tracking/node_modules/lucide-react/dist/esm/lucide-react.mjs [Client Component SSR]
    ./.gemini/antigravity/scratch/teacher-tracking/src/components/pages/DailyTasksPage.tsx [Client Component SSR]
    ./.gemini/antigravity/scratch/teacher-tracking/src/components/AppShell.tsx [Client Component SSR]
    ./.gemini/antigravity/scratch/teacher-tracking/src/app/page.tsx [Client Component SSR]
    ./.gemini/antigravity/scratch/teacher-tracking/src/app/page.tsx [Server Component]

https://nextjs.org/docs/messages/module-not-found


./.gemini/antigravity/scratch/teacher-tracking/node_modules/lucide-react/dist/esm/icons/index.mjs:1518:1
Module not found: Can't resolve './test-tube.mjs'
  [90m1516 |[0m [36mexport[0m { [36mdefault[0m [36mas[0m [33mTerminal[0m } [36mfrom[0m [32m'./terminal.mjs'[0m;
  [90m1517 |[0m [36mexport[0m { [36mdefault[0m [36mas[0m [33mTestTubeDiagonal[0m } [36mfrom[0m [32m'./test-tube-diagonal.mjs'[0m;
[31m[1m>[0m [90m1518 |[0m [36mexport[0m { [36mdefault[0m [36mas[0m [33mTestTube[0m } [36mfrom[0m [32m'./test-tube.mjs'[0m;
  [90m     |[0m [31m[1m^^^^^^^^^^^^^^^^^^^^^^^^^^^^^^^^^^^^^^^^^^^^^^^^^^^^^^[0m
  [90m1519 |[0m [36mexport[0m { [36mdefault[0m [36mas[0m [33mTestTubes[0m } [36mfrom[0m [32m'./test-tubes.mjs'[0m;
  [90m1520 |[0m [36mexport[0m { [36mdefault[0m [36mas[0m [33mTextAlignCenter[0m } [36mfrom[0m [32m'./text-align-center.mjs'[0m;
  [90m1521 |[0m [36mexport[0m { [36mdefault[0m [36mas[0m [33mTextAlignEnd[0m } [36mfrom[0m [32m'./text-align-end.mjs'[0m;



Import traces:
  Client Component Browser:
    ./.gemini/antigravity/scratch/teacher-tracking/node_modules/lucide-react/dist/esm/icons/index.mjs [Client Component Browser]
    ./.gemini/antigravity/scratch/teacher-tracking/node_modules/lucide-react/dist/esm/lucide-react.mjs [Client Component Browser]
    ./.gemini/antigravity/scratch/teacher-tracking/src/components/pages/DailyTasksPage.tsx [Client Component Browser]
    ./.gemini/antigravity/scratch/teacher-tracking/src/components/AppShell.tsx [Client Component Browser]
    ./.gemini/antigravity/scratch/teacher-tracking/src/app/page.tsx [Client Component Browser]
    ./.gemini/antigravity/scratch/teacher-tracking/src/app/page.tsx [Server Component]

  Client Component SSR:
    ./.gemini/antigravity/scratch/teacher-tracking/node_modules/lucide-react/dist/esm/icons/index.mjs [Client Component SSR]
    ./.gemini/antigravity/scratch/teacher-tracking/node_modules/lucide-react/dist/esm/lucide-react.mjs [Client Component SSR]
    ./.gemini/antigravity/scratch/teacher-tracking/src/components/pages/DailyTasksPage.tsx [Client Component SSR]
    ./.gemini/antigravity/scratch/teacher-tracking/src/components/AppShell.tsx [Client Component SSR]
    ./.gemini/antigravity/scratch/teacher-tracking/src/app/page.tsx [Client Component SSR]
    ./.gemini/antigravity/scratch/teacher-tracking/src/app/page.tsx [Server Component]

https://nextjs.org/docs/messages/module-not-found


./.gemini/antigravity/scratch/teacher-tracking/node_modules/lucide-react/dist/esm/icons/index.mjs:1519:1
Module not found: Can't resolve './test-tubes.mjs'
  [90m1517 |[0m [36mexport[0m { [36mdefault[0m [36mas[0m [33mTestTubeDiagonal[0m } [36mfrom[0m [32m'./test-tube-diagonal.mjs'[0m;
  [90m1518 |[0m [36mexport[0m { [36mdefault[0m [36mas[0m [33mTestTube[0m } [36mfrom[0m [32m'./test-tube.mjs'[0m;
[31m[1m>[0m [90m1519 |[0m [36mexport[0m { [36mdefault[0m [36mas[0m [33mTestTubes[0m } [36mfrom[0m [32m'./test-tubes.mjs'[0m;
  [90m     |[0m [31m[1m^^^^^^^^^^^^^^^^^^^^^^^^^^^^^^^^^^^^^^^^^^^^^^^^^^^^^^^^[0m
  [90m1520 |[0m [36mexport[0m { [36mdefault[0m [36mas[0m [33mTextAlignCenter[0m } [36mfrom[0m [32m'./text-align-center.mjs'[0m;
  [90m1521 |[0m [36mexport[0m { [36mdefault[0m [36mas[0m [33mTextAlignEnd[0m } [36mfrom[0m [32m'./text-align-end.mjs'[0m;
  [90m1522 |[0m [36mexport[0m { [36mdefault[0m [36mas[0m [33mTextAlignJustify[0m } [36mfrom[0m [32m'./text-align-justify.mjs'[0m;



Import traces:
  Client Component Browser:
    ./.gemini/antigravity/scratch/teacher-tracking/node_modules/lucide-react/dist/esm/icons/index.mjs [Client Component Browser]
    ./.gemini/antigravity/scratch/teacher-tracking/node_modules/lucide-react/dist/esm/lucide-react.mjs [Client Component Browser]
    ./.gemini/antigravity/scratch/teacher-tracking/src/components/pages/DailyTasksPage.tsx [Client Component Browser]
    ./.gemini/antigravity/scratch/teacher-tracking/src/components/AppShell.tsx [Client Component Browser]
    ./.gemini/antigravity/scratch/teacher-tracking/src/app/page.tsx [Client Component Browser]
    ./.gemini/antigravity/scratch/teacher-tracking/src/app/page.tsx [Server Component]

  Client Component SSR:
    ./.gemini/antigravity/scratch/teacher-tracking/node_modules/lucide-react/dist/esm/icons/index.mjs [Client Component SSR]
    ./.gemini/antigravity/scratch/teacher-tracking/node_modules/lucide-react/dist/esm/lucide-react.mjs [Client Component SSR]
    ./.gemini/antigravity/scratch/teacher-tracking/src/components/pages/DailyTasksPage.tsx [Client Component SSR]
    ./.gemini/antigravity/scratch/teacher-tracking/src/components/AppShell.tsx [Client Component SSR]
    ./.gemini/antigravity/scratch/teacher-tracking/src/app/page.tsx [Client Component SSR]
    ./.gemini/antigravity/scratch/teacher-tracking/src/app/page.tsx [Server Component]

https://nextjs.org/docs/messages/module-not-found


./.gemini/antigravity/scratch/teacher-tracking/node_modules/lucide-react/dist/esm/icons/index.mjs:1520:1
Module not found: Can't resolve './text-align-center.mjs'
  [90m1518 |[0m [36mexport[0m { [36mdefault[0m [36mas[0m [33mTestTube[0m } [36mfrom[0m [32m'./test-tube.mjs'[0m;
  [90m1519 |[0m [36mexport[0m { [36mdefault[0m [36mas[0m [33mTestTubes[0m } [36mfrom[0m [32m'./test-tubes.mjs'[0m;
[31m[1m>[0m [90m1520 |[0m [36mexport[0m { [36mdefault[0m [36mas[0m [33mTextAlignCenter[0m } [36mfrom[0m [32m'./text-align-center.mjs'[0m;
  [90m     |[0m [31m[1m^^^^^^^^^^^^^^^^^^^^^^^^^^^^^^^^^^^^^^^^^^^^^^^^^^^^^^^^^^^^^^^^^^^^^[0m
  [90m1521 |[0m [36mexport[0m { [36mdefault[0m [36mas[0m [33mTextAlignEnd[0m } [36mfrom[0m [32m'./text-align-end.mjs'[0m;
  [90m1522 |[0m [36mexport[0m { [36mdefault[0m [36mas[0m [33mTextAlignJustify[0m } [36mfrom[0m [32m'./text-align-justify.mjs'[0m;
  [90m1523 |[0m [36mexport[0m { [36mdefault[0m [36mas[0m [33mTextAlignStart[0m } [36mfrom[0m [32m'./text-align-start.mjs'[0m;



Import traces:
  Client Component Browser:
    ./.gemini/antigravity/scratch/teacher-tracking/node_modules/lucide-react/dist/esm/icons/index.mjs [Client Component Browser]
    ./.gemini/antigravity/scratch/teacher-tracking/node_modules/lucide-react/dist/esm/lucide-react.mjs [Client Component Browser]
    ./.gemini/antigravity/scratch/teacher-tracking/src/components/pages/DailyTasksPage.tsx [Client Component Browser]
    ./.gemini/antigravity/scratch/teacher-tracking/src/components/AppShell.tsx [Client Component Browser]
    ./.gemini/antigravity/scratch/teacher-tracking/src/app/page.tsx [Client Component Browser]
    ./.gemini/antigravity/scratch/teacher-tracking/src/app/page.tsx [Server Component]

  Client Component SSR:
    ./.gemini/antigravity/scratch/teacher-tracking/node_modules/lucide-react/dist/esm/icons/index.mjs [Client Component SSR]
    ./.gemini/antigravity/scratch/teacher-tracking/node_modules/lucide-react/dist/esm/lucide-react.mjs [Client Component SSR]
    ./.gemini/antigravity/scratch/teacher-tracking/src/components/pages/DailyTasksPage.tsx [Client Component SSR]
    ./.gemini/antigravity/scratch/teacher-tracking/src/components/AppShell.tsx [Client Component SSR]
    ./.gemini/antigravity/scratch/teacher-tracking/src/app/page.tsx [Client Component SSR]
    ./.gemini/antigravity/scratch/teacher-tracking/src/app/page.tsx [Server Component]

https://nextjs.org/docs/messages/module-not-found


./.gemini/antigravity/scratch/teacher-tracking/node_modules/lucide-react/dist/esm/icons/index.mjs:1521:1
Module not found: Can't resolve './text-align-end.mjs'
  [90m1519 |[0m [36mexport[0m { [36mdefault[0m [36mas[0m [33mTestTubes[0m } [36mfrom[0m [32m'./test-tubes.mjs'[0m;
  [90m1520 |[0m [36mexport[0m { [36mdefault[0m [36mas[0m [33mTextAlignCenter[0m } [36mfrom[0m [32m'./text-align-center.mjs'[0m;
[31m[1m>[0m [90m1521 |[0m [36mexport[0m { [36mdefault[0m [36mas[0m [33mTextAlignEnd[0m } [36mfrom[0m [32m'./text-align-end.mjs'[0m;
  [90m     |[0m [31m[1m^^^^^^^^^^^^^^^^^^^^^^^^^^^^^^^^^^^^^^^^^^^^^^^^^^^^^^^^^^^^^^^[0m
  [90m1522 |[0m [36mexport[0m { [36mdefault[0m [36mas[0m [33mTextAlignJustify[0m } [36mfrom[0m [32m'./text-align-justify.mjs'[0m;
  [90m1523 |[0m [36mexport[0m { [36mdefault[0m [36mas[0m [33mTextAlignStart[0m } [36mfrom[0m [32m'./text-align-start.mjs'[0m;
  [90m1524 |[0m [36mexport[0m { [36mdefault[0m [36mas[0m [33mTextCursorInput[0m } [36mfrom[0m [32m'./text-cursor-input.mjs'[0m;



Import traces:
  Client Component Browser:
    ./.gemini/antigravity/scratch/teacher-tracking/node_modules/lucide-react/dist/esm/icons/index.mjs [Client Component Browser]
    ./.gemini/antigravity/scratch/teacher-tracking/node_modules/lucide-react/dist/esm/lucide-react.mjs [Client Component Browser]
    ./.gemini/antigravity/scratch/teacher-tracking/src/components/pages/DailyTasksPage.tsx [Client Component Browser]
    ./.gemini/antigravity/scratch/teacher-tracking/src/components/AppShell.tsx [Client Component Browser]
    ./.gemini/antigravity/scratch/teacher-tracking/src/app/page.tsx [Client Component Browser]
    ./.gemini/antigravity/scratch/teacher-tracking/src/app/page.tsx [Server Component]

  Client Component SSR:
    ./.gemini/antigravity/scratch/teacher-tracking/node_modules/lucide-react/dist/esm/icons/index.mjs [Client Component SSR]
    ./.gemini/antigravity/scratch/teacher-tracking/node_modules/lucide-react/dist/esm/lucide-react.mjs [Client Component SSR]
    ./.gemini/antigravity/scratch/teacher-tracking/src/components/pages/DailyTasksPage.tsx [Client Component SSR]
    ./.gemini/antigravity/scratch/teacher-tracking/src/components/AppShell.tsx [Client Component SSR]
    ./.gemini/antigravity/scratch/teacher-tracking/src/app/page.tsx [Client Component SSR]
    ./.gemini/antigravity/scratch/teacher-tracking/src/app/page.tsx [Server Component]

https://nextjs.org/docs/messages/module-not-found


./.gemini/antigravity/scratch/teacher-tracking/node_modules/lucide-react/dist/esm/icons/index.mjs:1522:1
Module not found: Can't resolve './text-align-justify.mjs'
  [90m1520 |[0m [36mexport[0m { [36mdefault[0m [36mas[0m [33mTextAlignCenter[0m } [36mfrom[0m [32m'./text-align-center.mjs'[0m;
  [90m1521 |[0m [36mexport[0m { [36mdefault[0m [36mas[0m [33mTextAlignEnd[0m } [36mfrom[0m [32m'./text-align-end.mjs'[0m;
[31m[1m>[0m [90m1522 |[0m [36mexport[0m { [36mdefault[0m [36mas[0m [33mTextAlignJustify[0m } [36mfrom[0m [32m'./text-align-justify.mjs'[0m;
  [90m     |[0m [31m[1m^^^^^^^^^^^^^^^^^^^^^^^^^^^^^^^^^^^^^^^^^^^^^^^^^^^^^^^^^^^^^^^^^^^^^^^[0m
  [90m1523 |[0m [36mexport[0m { [36mdefault[0m [36mas[0m [33mTextAlignStart[0m } [36mfrom[0m [32m'./text-align-start.mjs'[0m;
  [90m1524 |[0m [36mexport[0m { [36mdefault[0m [36mas[0m [33mTextCursorInput[0m } [36mfrom[0m [32m'./text-cursor-input.mjs'[0m;
  [90m1525 |[0m [36mexport[0m { [36mdefault[0m [36mas[0m [33mTextCursor[0m } [36mfrom[0m [32m'./text-cursor.mjs'[0m;



Import traces:
  Client Component Browser:
    ./.gemini/antigravity/scratch/teacher-tracking/node_modules/lucide-react/dist/esm/icons/index.mjs [Client Component Browser]
    ./.gemini/antigravity/scratch/teacher-tracking/node_modules/lucide-react/dist/esm/lucide-react.mjs [Client Component Browser]
    ./.gemini/antigravity/scratch/teacher-tracking/src/components/pages/DailyTasksPage.tsx [Client Component Browser]
    ./.gemini/antigravity/scratch/teacher-tracking/src/components/AppShell.tsx [Client Component Browser]
    ./.gemini/antigravity/scratch/teacher-tracking/src/app/page.tsx [Client Component Browser]
    ./.gemini/antigravity/scratch/teacher-tracking/src/app/page.tsx [Server Component]

  Client Component SSR:
    ./.gemini/antigravity/scratch/teacher-tracking/node_modules/lucide-react/dist/esm/icons/index.mjs [Client Component SSR]
    ./.gemini/antigravity/scratch/teacher-tracking/node_modules/lucide-react/dist/esm/lucide-react.mjs [Client Component SSR]
    ./.gemini/antigravity/scratch/teacher-tracking/src/components/pages/DailyTasksPage.tsx [Client Component SSR]
    ./.gemini/antigravity/scratch/teacher-tracking/src/components/AppShell.tsx [Client Component SSR]
    ./.gemini/antigravity/scratch/teacher-tracking/src/app/page.tsx [Client Component SSR]
    ./.gemini/antigravity/scratch/teacher-tracking/src/app/page.tsx [Server Component]

https://nextjs.org/docs/messages/module-not-found


./.gemini/antigravity/scratch/teacher-tracking/node_modules/lucide-react/dist/esm/icons/index.mjs:1523:1
Module not found: Can't resolve './text-align-start.mjs'
  [90m1521 |[0m [36mexport[0m { [36mdefault[0m [36mas[0m [33mTextAlignEnd[0m } [36mfrom[0m [32m'./text-align-end.mjs'[0m;
  [90m1522 |[0m [36mexport[0m { [36mdefault[0m [36mas[0m [33mTextAlignJustify[0m } [36mfrom[0m [32m'./text-align-justify.mjs'[0m;
[31m[1m>[0m [90m1523 |[0m [36mexport[0m { [36mdefault[0m [36mas[0m [33mTextAlignStart[0m } [36mfrom[0m [32m'./text-align-start.mjs'[0m;
  [90m     |[0m [31m[1m^^^^^^^^^^^^^^^^^^^^^^^^^^^^^^^^^^^^^^^^^^^^^^^^^^^^^^^^^^^^^^^^^^^[0m
  [90m1524 |[0m [36mexport[0m { [36mdefault[0m [36mas[0m [33mTextCursorInput[0m } [36mfrom[0m [32m'./text-cursor-input.mjs'[0m;
  [90m1525 |[0m [36mexport[0m { [36mdefault[0m [36mas[0m [33mTextCursor[0m } [36mfrom[0m [32m'./text-cursor.mjs'[0m;
  [90m1526 |[0m [36mexport[0m { [36mdefault[0m [36mas[0m [33mTextInitial[0m } [36mfrom[0m [32m'./text-initial.mjs'[0m;



Import traces:
  Client Component Browser:
    ./.gemini/antigravity/scratch/teacher-tracking/node_modules/lucide-react/dist/esm/icons/index.mjs [Client Component Browser]
    ./.gemini/antigravity/scratch/teacher-tracking/node_modules/lucide-react/dist/esm/lucide-react.mjs [Client Component Browser]
    ./.gemini/antigravity/scratch/teacher-tracking/src/components/pages/DailyTasksPage.tsx [Client Component Browser]
    ./.gemini/antigravity/scratch/teacher-tracking/src/components/AppShell.tsx [Client Component Browser]
    ./.gemini/antigravity/scratch/teacher-tracking/src/app/page.tsx [Client Component Browser]
    ./.gemini/antigravity/scratch/teacher-tracking/src/app/page.tsx [Server Component]

  Client Component SSR:
    ./.gemini/antigravity/scratch/teacher-tracking/node_modules/lucide-react/dist/esm/icons/index.mjs [Client Component SSR]
    ./.gemini/antigravity/scratch/teacher-tracking/node_modules/lucide-react/dist/esm/lucide-react.mjs [Client Component SSR]
    ./.gemini/antigravity/scratch/teacher-tracking/src/components/pages/DailyTasksPage.tsx [Client Component SSR]
    ./.gemini/antigravity/scratch/teacher-tracking/src/components/AppShell.tsx [Client Component SSR]
    ./.gemini/antigravity/scratch/teacher-tracking/src/app/page.tsx [Client Component SSR]
    ./.gemini/antigravity/scratch/teacher-tracking/src/app/page.tsx [Server Component]

https://nextjs.org/docs/messages/module-not-found


./.gemini/antigravity/scratch/teacher-tracking/node_modules/lucide-react/dist/esm/icons/index.mjs:1524:1
Module not found: Can't resolve './text-cursor-input.mjs'
  [90m1522 |[0m [36mexport[0m { [36mdefault[0m [36mas[0m [33mTextAlignJustify[0m } [36mfrom[0m [32m'./text-align-justify.mjs'[0m;
  [90m1523 |[0m [36mexport[0m { [36mdefault[0m [36mas[0m [33mTextAlignStart[0m } [36mfrom[0m [32m'./text-align-start.mjs'[0m;
[31m[1m>[0m [90m1524 |[0m [36mexport[0m { [36mdefault[0m [36mas[0m [33mTextCursorInput[0m } [36mfrom[0m [32m'./text-cursor-input.mjs'[0m;
  [90m     |[0m [31m[1m^^^^^^^^^^^^^^^^^^^^^^^^^^^^^^^^^^^^^^^^^^^^^^^^^^^^^^^^^^^^^^^^^^^^^[0m
  [90m1525 |[0m [36mexport[0m { [36mdefault[0m [36mas[0m [33mTextCursor[0m } [36mfrom[0m [32m'./text-cursor.mjs'[0m;
  [90m1526 |[0m [36mexport[0m { [36mdefault[0m [36mas[0m [33mTextInitial[0m } [36mfrom[0m [32m'./text-initial.mjs'[0m;
  [90m1527 |[0m [36mexport[0m { [36mdefault[0m [36mas[0m [33mTextQuote[0m } [36mfrom[0m [32m'./text-quote.mjs'[0m;



Import traces:
  Client Component Browser:
    ./.gemini/antigravity/scratch/teacher-tracking/node_modules/lucide-react/dist/esm/icons/index.mjs [Client Component Browser]
    ./.gemini/antigravity/scratch/teacher-tracking/node_modules/lucide-react/dist/esm/lucide-react.mjs [Client Component Browser]
    ./.gemini/antigravity/scratch/teacher-tracking/src/components/pages/DailyTasksPage.tsx [Client Component Browser]
    ./.gemini/antigravity/scratch/teacher-tracking/src/components/AppShell.tsx [Client Component Browser]
    ./.gemini/antigravity/scratch/teacher-tracking/src/app/page.tsx [Client Component Browser]
    ./.gemini/antigravity/scratch/teacher-tracking/src/app/page.tsx [Server Component]

  Client Component SSR:
    ./.gemini/antigravity/scratch/teacher-tracking/node_modules/lucide-react/dist/esm/icons/index.mjs [Client Component SSR]
    ./.gemini/antigravity/scratch/teacher-tracking/node_modules/lucide-react/dist/esm/lucide-react.mjs [Client Component SSR]
    ./.gemini/antigravity/scratch/teacher-tracking/src/components/pages/DailyTasksPage.tsx [Client Component SSR]
    ./.gemini/antigravity/scratch/teacher-tracking/src/components/AppShell.tsx [Client Component SSR]
    ./.gemini/antigravity/scratch/teacher-tracking/src/app/page.tsx [Client Component SSR]
    ./.gemini/antigravity/scratch/teacher-tracking/src/app/page.tsx [Server Component]

https://nextjs.org/docs/messages/module-not-found


./.gemini/antigravity/scratch/teacher-tracking/node_modules/lucide-react/dist/esm/icons/index.mjs:1525:1
Module not found: Can't resolve './text-cursor.mjs'
  [90m1523 |[0m [36mexport[0m { [36mdefault[0m [36mas[0m [33mTextAlignStart[0m } [36mfrom[0m [32m'./text-align-start.mjs'[0m;
  [90m1524 |[0m [36mexport[0m { [36mdefault[0m [36mas[0m [33mTextCursorInput[0m } [36mfrom[0m [32m'./text-cursor-input.mjs'[0m;
[31m[1m>[0m [90m1525 |[0m [36mexport[0m { [36mdefault[0m [36mas[0m [33mTextCursor[0m } [36mfrom[0m [32m'./text-cursor.mjs'[0m;
  [90m     |[0m [31m[1m^^^^^^^^^^^^^^^^^^^^^^^^^^^^^^^^^^^^^^^^^^^^^^^^^^^^^^^^^^[0m
  [90m1526 |[0m [36mexport[0m { [36mdefault[0m [36mas[0m [33mTextInitial[0m } [36mfrom[0m [32m'./text-initial.mjs'[0m;
  [90m1527 |[0m [36mexport[0m { [36mdefault[0m [36mas[0m [33mTextQuote[0m } [36mfrom[0m [32m'./text-quote.mjs'[0m;
  [90m1528 |[0m [36mexport[0m { [36mdefault[0m [36mas[0m [33mTextSearch[0m } [36mfrom[0m [32m'./text-search.mjs'[0m;



Import traces:
  Client Component Browser:
    ./.gemini/antigravity/scratch/teacher-tracking/node_modules/lucide-react/dist/esm/icons/index.mjs [Client Component Browser]
    ./.gemini/antigravity/scratch/teacher-tracking/node_modules/lucide-react/dist/esm/lucide-react.mjs [Client Component Browser]
    ./.gemini/antigravity/scratch/teacher-tracking/src/components/pages/DailyTasksPage.tsx [Client Component Browser]
    ./.gemini/antigravity/scratch/teacher-tracking/src/components/AppShell.tsx [Client Component Browser]
    ./.gemini/antigravity/scratch/teacher-tracking/src/app/page.tsx [Client Component Browser]
    ./.gemini/antigravity/scratch/teacher-tracking/src/app/page.tsx [Server Component]

  Client Component SSR:
    ./.gemini/antigravity/scratch/teacher-tracking/node_modules/lucide-react/dist/esm/icons/index.mjs [Client Component SSR]
    ./.gemini/antigravity/scratch/teacher-tracking/node_modules/lucide-react/dist/esm/lucide-react.mjs [Client Component SSR]
    ./.gemini/antigravity/scratch/teacher-tracking/src/components/pages/DailyTasksPage.tsx [Client Component SSR]
    ./.gemini/antigravity/scratch/teacher-tracking/src/components/AppShell.tsx [Client Component SSR]
    ./.gemini/antigravity/scratch/teacher-tracking/src/app/page.tsx [Client Component SSR]
    ./.gemini/antigravity/scratch/teacher-tracking/src/app/page.tsx [Server Component]

https://nextjs.org/docs/messages/module-not-found


./.gemini/antigravity/scratch/teacher-tracking/node_modules/lucide-react/dist/esm/icons/index.mjs:1526:1
Module not found: Can't resolve './text-initial.mjs'
  [90m1524 |[0m [36mexport[0m { [36mdefault[0m [36mas[0m [33mTextCursorInput[0m } [36mfrom[0m [32m'./text-cursor-input.mjs'[0m;
  [90m1525 |[0m [36mexport[0m { [36mdefault[0m [36mas[0m [33mTextCursor[0m } [36mfrom[0m [32m'./text-cursor.mjs'[0m;
[31m[1m>[0m [90m1526 |[0m [36mexport[0m { [36mdefault[0m [36mas[0m [33mTextInitial[0m } [36mfrom[0m [32m'./text-initial.mjs'[0m;
  [90m     |[0m [31m[1m^^^^^^^^^^^^^^^^^^^^^^^^^^^^^^^^^^^^^^^^^^^^^^^^^^^^^^^^^^^^[0m
  [90m1527 |[0m [36mexport[0m { [36mdefault[0m [36mas[0m [33mTextQuote[0m } [36mfrom[0m [32m'./text-quote.mjs'[0m;
  [90m1528 |[0m [36mexport[0m { [36mdefault[0m [36mas[0m [33mTextSearch[0m } [36mfrom[0m [32m'./text-search.mjs'[0m;
  [90m1529 |[0m [36mexport[0m { [36mdefault[0m [36mas[0m [33mTextWrap[0m } [36mfrom[0m [32m'./text-wrap.mjs'[0m;



Import traces:
  Client Component Browser:
    ./.gemini/antigravity/scratch/teacher-tracking/node_modules/lucide-react/dist/esm/icons/index.mjs [Client Component Browser]
    ./.gemini/antigravity/scratch/teacher-tracking/node_modules/lucide-react/dist/esm/lucide-react.mjs [Client Component Browser]
    ./.gemini/antigravity/scratch/teacher-tracking/src/components/pages/DailyTasksPage.tsx [Client Component Browser]
    ./.gemini/antigravity/scratch/teacher-tracking/src/components/AppShell.tsx [Client Component Browser]
    ./.gemini/antigravity/scratch/teacher-tracking/src/app/page.tsx [Client Component Browser]
    ./.gemini/antigravity/scratch/teacher-tracking/src/app/page.tsx [Server Component]

  Client Component SSR:
    ./.gemini/antigravity/scratch/teacher-tracking/node_modules/lucide-react/dist/esm/icons/index.mjs [Client Component SSR]
    ./.gemini/antigravity/scratch/teacher-tracking/node_modules/lucide-react/dist/esm/lucide-react.mjs [Client Component SSR]
    ./.gemini/antigravity/scratch/teacher-tracking/src/components/pages/DailyTasksPage.tsx [Client Component SSR]
    ./.gemini/antigravity/scratch/teacher-tracking/src/components/AppShell.tsx [Client Component SSR]
    ./.gemini/antigravity/scratch/teacher-tracking/src/app/page.tsx [Client Component SSR]
    ./.gemini/antigravity/scratch/teacher-tracking/src/app/page.tsx [Server Component]

https://nextjs.org/docs/messages/module-not-found


./.gemini/antigravity/scratch/teacher-tracking/node_modules/lucide-react/dist/esm/icons/index.mjs:1527:1
Module not found: Can't resolve './text-quote.mjs'
  [90m1525 |[0m [36mexport[0m { [36mdefault[0m [36mas[0m [33mTextCursor[0m } [36mfrom[0m [32m'./text-cursor.mjs'[0m;
  [90m1526 |[0m [36mexport[0m { [36mdefault[0m [36mas[0m [33mTextInitial[0m } [36mfrom[0m [32m'./text-initial.mjs'[0m;
[31m[1m>[0m [90m1527 |[0m [36mexport[0m { [36mdefault[0m [36mas[0m [33mTextQuote[0m } [36mfrom[0m [32m'./text-quote.mjs'[0m;
  [90m     |[0m [31m[1m^^^^^^^^^^^^^^^^^^^^^^^^^^^^^^^^^^^^^^^^^^^^^^^^^^^^^^^^[0m
  [90m1528 |[0m [36mexport[0m { [36mdefault[0m [36mas[0m [33mTextSearch[0m } [36mfrom[0m [32m'./text-search.mjs'[0m;
  [90m1529 |[0m [36mexport[0m { [36mdefault[0m [36mas[0m [33mTextWrap[0m } [36mfrom[0m [32m'./text-wrap.mjs'[0m;
  [90m1530 |[0m [36mexport[0m { [36mdefault[0m [36mas[0m [33mTheater[0m } [36mfrom[0m [32m'./theater.mjs'[0m;



Import traces:
  Client Component Browser:
    ./.gemini/antigravity/scratch/teacher-tracking/node_modules/lucide-react/dist/esm/icons/index.mjs [Client Component Browser]
    ./.gemini/antigravity/scratch/teacher-tracking/node_modules/lucide-react/dist/esm/lucide-react.mjs [Client Component Browser]
    ./.gemini/antigravity/scratch/teacher-tracking/src/components/pages/DailyTasksPage.tsx [Client Component Browser]
    ./.gemini/antigravity/scratch/teacher-tracking/src/components/AppShell.tsx [Client Component Browser]
    ./.gemini/antigravity/scratch/teacher-tracking/src/app/page.tsx [Client Component Browser]
    ./.gemini/antigravity/scratch/teacher-tracking/src/app/page.tsx [Server Component]

  Client Component SSR:
    ./.gemini/antigravity/scratch/teacher-tracking/node_modules/lucide-react/dist/esm/icons/index.mjs [Client Component SSR]
    ./.gemini/antigravity/scratch/teacher-tracking/node_modules/lucide-react/dist/esm/lucide-react.mjs [Client Component SSR]
    ./.gemini/antigravity/scratch/teacher-tracking/src/components/pages/DailyTasksPage.tsx [Client Component SSR]
    ./.gemini/antigravity/scratch/teacher-tracking/src/components/AppShell.tsx [Client Component SSR]
    ./.gemini/antigravity/scratch/teacher-tracking/src/app/page.tsx [Client Component SSR]
    ./.gemini/antigravity/scratch/teacher-tracking/src/app/page.tsx [Server Component]

https://nextjs.org/docs/messages/module-not-found


./.gemini/antigravity/scratch/teacher-tracking/node_modules/lucide-react/dist/esm/icons/index.mjs:1528:1
Module not found: Can't resolve './text-search.mjs'
  [90m1526 |[0m [36mexport[0m { [36mdefault[0m [36mas[0m [33mTextInitial[0m } [36mfrom[0m [32m'./text-initial.mjs'[0m;
  [90m1527 |[0m [36mexport[0m { [36mdefault[0m [36mas[0m [33mTextQuote[0m } [36mfrom[0m [32m'./text-quote.mjs'[0m;
[31m[1m>[0m [90m1528 |[0m [36mexport[0m { [36mdefault[0m [36mas[0m [33mTextSearch[0m } [36mfrom[0m [32m'./text-search.mjs'[0m;
  [90m     |[0m [31m[1m^^^^^^^^^^^^^^^^^^^^^^^^^^^^^^^^^^^^^^^^^^^^^^^^^^^^^^^^^^[0m
  [90m1529 |[0m [36mexport[0m { [36mdefault[0m [36mas[0m [33mTextWrap[0m } [36mfrom[0m [32m'./text-wrap.mjs'[0m;
  [90m1530 |[0m [36mexport[0m { [36mdefault[0m [36mas[0m [33mTheater[0m } [36mfrom[0m [32m'./theater.mjs'[0m;
  [90m1531 |[0m [36mexport[0m { [36mdefault[0m [36mas[0m [33mThermometerSnowflake[0m } [36mfrom[0m [32m'./thermometer-snowf...[0m



Import traces:
  Client Component Browser:
    ./.gemini/antigravity/scratch/teacher-tracking/node_modules/lucide-react/dist/esm/icons/index.mjs [Client Component Browser]
    ./.gemini/antigravity/scratch/teacher-tracking/node_modules/lucide-react/dist/esm/lucide-react.mjs [Client Component Browser]
    ./.gemini/antigravity/scratch/teacher-tracking/src/components/pages/DailyTasksPage.tsx [Client Component Browser]
    ./.gemini/antigravity/scratch/teacher-tracking/src/components/AppShell.tsx [Client Component Browser]
    ./.gemini/antigravity/scratch/teacher-tracking/src/app/page.tsx [Client Component Browser]
    ./.gemini/antigravity/scratch/teacher-tracking/src/app/page.tsx [Server Component]

  Client Component SSR:
    ./.gemini/antigravity/scratch/teacher-tracking/node_modules/lucide-react/dist/esm/icons/index.mjs [Client Component SSR]
    ./.gemini/antigravity/scratch/teacher-tracking/node_modules/lucide-react/dist/esm/lucide-react.mjs [Client Component SSR]
    ./.gemini/antigravity/scratch/teacher-tracking/src/components/pages/DailyTasksPage.tsx [Client Component SSR]
    ./.gemini/antigravity/scratch/teacher-tracking/src/components/AppShell.tsx [Client Component SSR]
    ./.gemini/antigravity/scratch/teacher-tracking/src/app/page.tsx [Client Component SSR]
    ./.gemini/antigravity/scratch/teacher-tracking/src/app/page.tsx [Server Component]

https://nextjs.org/docs/messages/module-not-found


./.gemini/antigravity/scratch/teacher-tracking/node_modules/lucide-react/dist/esm/icons/index.mjs:1529:1
Module not found: Can't resolve './text-wrap.mjs'
  [90m1527 |[0m [36mexport[0m { [36mdefault[0m [36mas[0m [33mTextQuote[0m } [36mfrom[0m [32m'./text-quote.mjs'[0m;
  [90m1528 |[0m [36mexport[0m { [36mdefault[0m [36mas[0m [33mTextSearch[0m } [36mfrom[0m [32m'./text-search.mjs'[0m;
[31m[1m>[0m [90m1529 |[0m [36mexport[0m { [36mdefault[0m [36mas[0m [33mTextWrap[0m } [36mfrom[0m [32m'./text-wrap.mjs'[0m;
  [90m     |[0m [31m[1m^^^^^^^^^^^^^^^^^^^^^^^^^^^^^^^^^^^^^^^^^^^^^^^^^^^^^^[0m
  [90m1530 |[0m [36mexport[0m { [36mdefault[0m [36mas[0m [33mTheater[0m } [36mfrom[0m [32m'./theater.mjs'[0m;
  [90m1531 |[0m [36mexport[0m { [36mdefault[0m [36mas[0m [33mThermometerSnowflake[0m } [36mfrom[0m [32m'./thermometer-snowf...[0m
  [90m1532 |[0m [36mexport[0m { [36mdefault[0m [36mas[0m [33mThermometerSun[0m } [36mfrom[0m [32m'./thermometer-sun.mjs'[0m;



Import traces:
  Client Component Browser:
    ./.gemini/antigravity/scratch/teacher-tracking/node_modules/lucide-react/dist/esm/icons/index.mjs [Client Component Browser]
    ./.gemini/antigravity/scratch/teacher-tracking/node_modules/lucide-react/dist/esm/lucide-react.mjs [Client Component Browser]
    ./.gemini/antigravity/scratch/teacher-tracking/src/components/pages/DailyTasksPage.tsx [Client Component Browser]
    ./.gemini/antigravity/scratch/teacher-tracking/src/components/AppShell.tsx [Client Component Browser]
    ./.gemini/antigravity/scratch/teacher-tracking/src/app/page.tsx [Client Component Browser]
    ./.gemini/antigravity/scratch/teacher-tracking/src/app/page.tsx [Server Component]

  Client Component SSR:
    ./.gemini/antigravity/scratch/teacher-tracking/node_modules/lucide-react/dist/esm/icons/index.mjs [Client Component SSR]
    ./.gemini/antigravity/scratch/teacher-tracking/node_modules/lucide-react/dist/esm/lucide-react.mjs [Client Component SSR]
    ./.gemini/antigravity/scratch/teacher-tracking/src/components/pages/DailyTasksPage.tsx [Client Component SSR]
    ./.gemini/antigravity/scratch/teacher-tracking/src/components/AppShell.tsx [Client Component SSR]
    ./.gemini/antigravity/scratch/teacher-tracking/src/app/page.tsx [Client Component SSR]
    ./.gemini/antigravity/scratch/teacher-tracking/src/app/page.tsx [Server Component]

https://nextjs.org/docs/messages/module-not-found


./.gemini/antigravity/scratch/teacher-tracking/node_modules/lucide-react/dist/esm/icons/index.mjs:1530:1
Module not found: Can't resolve './theater.mjs'
  [90m1528 |[0m [36mexport[0m { [36mdefault[0m [36mas[0m [33mTextSearch[0m } [36mfrom[0m [32m'./text-search.mjs'[0m;
  [90m1529 |[0m [36mexport[0m { [36mdefault[0m [36mas[0m [33mTextWrap[0m } [36mfrom[0m [32m'./text-wrap.mjs'[0m;
[31m[1m>[0m [90m1530 |[0m [36mexport[0m { [36mdefault[0m [36mas[0m [33mTheater[0m } [36mfrom[0m [32m'./theater.mjs'[0m;
  [90m     |[0m [31m[1m^^^^^^^^^^^^^^^^^^^^^^^^^^^^^^^^^^^^^^^^^^^^^^^^^^^[0m
  [90m1531 |[0m [36mexport[0m { [36mdefault[0m [36mas[0m [33mThermometerSnowflake[0m } [36mfrom[0m [32m'./thermometer-snowf...[0m
  [90m1532 |[0m [36mexport[0m { [36mdefault[0m [36mas[0m [33mThermometerSun[0m } [36mfrom[0m [32m'./thermometer-sun.mjs'[0m;
  [90m1533 |[0m [36mexport[0m { [36mdefault[0m [36mas[0m [33mThermometer[0m } [36mfrom[0m [32m'./thermometer.mjs'[0m;



Import traces:
  Client Component Browser:
    ./.gemini/antigravity/scratch/teacher-tracking/node_modules/lucide-react/dist/esm/icons/index.mjs [Client Component Browser]
    ./.gemini/antigravity/scratch/teacher-tracking/node_modules/lucide-react/dist/esm/lucide-react.mjs [Client Component Browser]
    ./.gemini/antigravity/scratch/teacher-tracking/src/components/pages/DailyTasksPage.tsx [Client Component Browser]
    ./.gemini/antigravity/scratch/teacher-tracking/src/components/AppShell.tsx [Client Component Browser]
    ./.gemini/antigravity/scratch/teacher-tracking/src/app/page.tsx [Client Component Browser]
    ./.gemini/antigravity/scratch/teacher-tracking/src/app/page.tsx [Server Component]

  Client Component SSR:
    ./.gemini/antigravity/scratch/teacher-tracking/node_modules/lucide-react/dist/esm/icons/index.mjs [Client Component SSR]
    ./.gemini/antigravity/scratch/teacher-tracking/node_modules/lucide-react/dist/esm/lucide-react.mjs [Client Component SSR]
    ./.gemini/antigravity/scratch/teacher-tracking/src/components/pages/DailyTasksPage.tsx [Client Component SSR]
    ./.gemini/antigravity/scratch/teacher-tracking/src/components/AppShell.tsx [Client Component SSR]
    ./.gemini/antigravity/scratch/teacher-tracking/src/app/page.tsx [Client Component SSR]
    ./.gemini/antigravity/scratch/teacher-tracking/src/app/page.tsx [Server Component]

https://nextjs.org/docs/messages/module-not-found


./.gemini/antigravity/scratch/teacher-tracking/node_modules/lucide-react/dist/esm/icons/index.mjs:1531:1
Module not found: Can't resolve './thermometer-snowflake.mjs'
  [90m1529 |[0m ...{ [36mdefault[0m [36mas[0m [33mTextWrap[0m } [36mfrom[0m [32m'./text-wrap.mjs'[0m;
  [90m1530 |[0m ...{ [36mdefault[0m [36mas[0m [33mTheater[0m } [36mfrom[0m [32m'./theater.mjs'[0m;
[31m[1m>[0m [90m1531 |[0m ...{ [36mdefault[0m [36mas[0m [33mThermometerSnowflake[0m } [36mfrom[0m [32m'./thermometer-snowflake...[0m
  [90m     |[0m    [31m[1m^^^^^^^^^^^^^^^^^^^^^^^^^^^^^^^^^^^^^^^^^^^^^^^^^^^^^^^^^^^^^^^^^^^^[0m
  [90m1532 |[0m ...{ [36mdefault[0m [36mas[0m [33mThermometerSun[0m } [36mfrom[0m [32m'./thermometer-sun.mjs'[0m;
  [90m1533 |[0m ...{ [36mdefault[0m [36mas[0m [33mThermometer[0m } [36mfrom[0m [32m'./thermometer.mjs'[0m;
  [90m1534 |[0m ...{ [36mdefault[0m [36mas[0m [33mThumbsDown[0m } [36mfrom[0m [32m'./thumbs-down.mjs'[0m;



Import traces:
  Client Component Browser:
    ./.gemini/antigravity/scratch/teacher-tracking/node_modules/lucide-react/dist/esm/icons/index.mjs [Client Component Browser]
    ./.gemini/antigravity/scratch/teacher-tracking/node_modules/lucide-react/dist/esm/lucide-react.mjs [Client Component Browser]
    ./.gemini/antigravity/scratch/teacher-tracking/src/components/pages/DailyTasksPage.tsx [Client Component Browser]
    ./.gemini/antigravity/scratch/teacher-tracking/src/components/AppShell.tsx [Client Component Browser]
    ./.gemini/antigravity/scratch/teacher-tracking/src/app/page.tsx [Client Component Browser]
    ./.gemini/antigravity/scratch/teacher-tracking/src/app/page.tsx [Server Component]

  Client Component SSR:
    ./.gemini/antigravity/scratch/teacher-tracking/node_modules/lucide-react/dist/esm/icons/index.mjs [Client Component SSR]
    ./.gemini/antigravity/scratch/teacher-tracking/node_modules/lucide-react/dist/esm/lucide-react.mjs [Client Component SSR]
    ./.gemini/antigravity/scratch/teacher-tracking/src/components/pages/DailyTasksPage.tsx [Client Component SSR]
    ./.gemini/antigravity/scratch/teacher-tracking/src/components/AppShell.tsx [Client Component SSR]
    ./.gemini/antigravity/scratch/teacher-tracking/src/app/page.tsx [Client Component SSR]
    ./.gemini/antigravity/scratch/teacher-tracking/src/app/page.tsx [Server Component]

https://nextjs.org/docs/messages/module-not-found


./.gemini/antigravity/scratch/teacher-tracking/node_modules/lucide-react/dist/esm/icons/index.mjs:1532:1
Module not found: Can't resolve './thermometer-sun.mjs'
  [90m1530 |[0m ...[36mxport[0m { [36mdefault[0m [36mas[0m [33mTheater[0m } [36mfrom[0m [32m'./theater.mjs'[0m;
  [90m1531 |[0m ...[36mxport[0m { [36mdefault[0m [36mas[0m [33mThermometerSnowflake[0m } [36mfrom[0m [32m'./thermometer-sno...[0m
[31m[1m>[0m [90m1532 |[0m ...[36mxport[0m { [36mdefault[0m [36mas[0m [33mThermometerSun[0m } [36mfrom[0m [32m'./thermometer-sun.mjs'[0m;
  [90m     |[0m    [31m[1m^^^^^^^^^^^^^^^^^^^^^^^^^^^^^^^^^^^^^^^^^^^^^^^^^^^^^^^^^^^^^^^^^^[0m
  [90m1533 |[0m ...[36mxport[0m { [36mdefault[0m [36mas[0m [33mThermometer[0m } [36mfrom[0m [32m'./thermometer.mjs'[0m;
  [90m1534 |[0m ...[36mxport[0m { [36mdefault[0m [36mas[0m [33mThumbsDown[0m } [36mfrom[0m [32m'./thumbs-down.mjs'[0m;
  [90m1535 |[0m ...[36mxport[0m { [36mdefault[0m [36mas[0m [33mTicketCheck[0m } [36mfrom[0m [32m'./ticket-check.mjs'[0m;



Import traces:
  Client Component Browser:
    ./.gemini/antigravity/scratch/teacher-tracking/node_modules/lucide-react/dist/esm/icons/index.mjs [Client Component Browser]
    ./.gemini/antigravity/scratch/teacher-tracking/node_modules/lucide-react/dist/esm/lucide-react.mjs [Client Component Browser]
    ./.gemini/antigravity/scratch/teacher-tracking/src/components/pages/DailyTasksPage.tsx [Client Component Browser]
    ./.gemini/antigravity/scratch/teacher-tracking/src/components/AppShell.tsx [Client Component Browser]
    ./.gemini/antigravity/scratch/teacher-tracking/src/app/page.tsx [Client Component Browser]
    ./.gemini/antigravity/scratch/teacher-tracking/src/app/page.tsx [Server Component]

  Client Component SSR:
    ./.gemini/antigravity/scratch/teacher-tracking/node_modules/lucide-react/dist/esm/icons/index.mjs [Client Component SSR]
    ./.gemini/antigravity/scratch/teacher-tracking/node_modules/lucide-react/dist/esm/lucide-react.mjs [Client Component SSR]
    ./.gemini/antigravity/scratch/teacher-tracking/src/components/pages/DailyTasksPage.tsx [Client Component SSR]
    ./.gemini/antigravity/scratch/teacher-tracking/src/components/AppShell.tsx [Client Component SSR]
    ./.gemini/antigravity/scratch/teacher-tracking/src/app/page.tsx [Client Component SSR]
    ./.gemini/antigravity/scratch/teacher-tracking/src/app/page.tsx [Server Component]

https://nextjs.org/docs/messages/module-not-found


./.gemini/antigravity/scratch/teacher-tracking/node_modules/lucide-react/dist/esm/icons/index.mjs:1533:1
Module not found: Can't resolve './thermometer.mjs'
  [90m1531 |[0m [36mexport[0m { [36mdefault[0m [36mas[0m [33mThermometerSnowflake[0m } [36mfrom[0m [32m'./thermometer-snowf...[0m
  [90m1532 |[0m [36mexport[0m { [36mdefault[0m [36mas[0m [33mThermometerSun[0m } [36mfrom[0m [32m'./thermometer-sun.mjs'[0m;
[31m[1m>[0m [90m1533 |[0m [36mexport[0m { [36mdefault[0m [36mas[0m [33mThermometer[0m } [36mfrom[0m [32m'./thermometer.mjs'[0m;
  [90m     |[0m [31m[1m^^^^^^^^^^^^^^^^^^^^^^^^^^^^^^^^^^^^^^^^^^^^^^^^^^^^^^^^^^^[0m
  [90m1534 |[0m [36mexport[0m { [36mdefault[0m [36mas[0m [33mThumbsDown[0m } [36mfrom[0m [32m'./thumbs-down.mjs'[0m;
  [90m1535 |[0m [36mexport[0m { [36mdefault[0m [36mas[0m [33mTicketCheck[0m } [36mfrom[0m [32m'./ticket-check.mjs'[0m;
  [90m1536 |[0m [36mexport[0m { [36mdefault[0m [36mas[0m [33mThumbsUp[0m } [36mfrom[0m [32m'./thumbs-up.mjs'[0m;



Import traces:
  Client Component Browser:
    ./.gemini/antigravity/scratch/teacher-tracking/node_modules/lucide-react/dist/esm/icons/index.mjs [Client Component Browser]
    ./.gemini/antigravity/scratch/teacher-tracking/node_modules/lucide-react/dist/esm/lucide-react.mjs [Client Component Browser]
    ./.gemini/antigravity/scratch/teacher-tracking/src/components/pages/DailyTasksPage.tsx [Client Component Browser]
    ./.gemini/antigravity/scratch/teacher-tracking/src/components/AppShell.tsx [Client Component Browser]
    ./.gemini/antigravity/scratch/teacher-tracking/src/app/page.tsx [Client Component Browser]
    ./.gemini/antigravity/scratch/teacher-tracking/src/app/page.tsx [Server Component]

  Client Component SSR:
    ./.gemini/antigravity/scratch/teacher-tracking/node_modules/lucide-react/dist/esm/icons/index.mjs [Client Component SSR]
    ./.gemini/antigravity/scratch/teacher-tracking/node_modules/lucide-react/dist/esm/lucide-react.mjs [Client Component SSR]
    ./.gemini/antigravity/scratch/teacher-tracking/src/components/pages/DailyTasksPage.tsx [Client Component SSR]
    ./.gemini/antigravity/scratch/teacher-tracking/src/components/AppShell.tsx [Client Component SSR]
    ./.gemini/antigravity/scratch/teacher-tracking/src/app/page.tsx [Client Component SSR]
    ./.gemini/antigravity/scratch/teacher-tracking/src/app/page.tsx [Server Component]

https://nextjs.org/docs/messages/module-not-found


./.gemini/antigravity/scratch/teacher-tracking/node_modules/lucide-react/dist/esm/icons/index.mjs:1534:1
Module not found: Can't resolve './thumbs-down.mjs'
  [90m1532 |[0m [36mexport[0m { [36mdefault[0m [36mas[0m [33mThermometerSun[0m } [36mfrom[0m [32m'./thermometer-sun.mjs'[0m;
  [90m1533 |[0m [36mexport[0m { [36mdefault[0m [36mas[0m [33mThermometer[0m } [36mfrom[0m [32m'./thermometer.mjs'[0m;
[31m[1m>[0m [90m1534 |[0m [36mexport[0m { [36mdefault[0m [36mas[0m [33mThumbsDown[0m } [36mfrom[0m [32m'./thumbs-down.mjs'[0m;
  [90m     |[0m [31m[1m^^^^^^^^^^^^^^^^^^^^^^^^^^^^^^^^^^^^^^^^^^^^^^^^^^^^^^^^^^[0m
  [90m1535 |[0m [36mexport[0m { [36mdefault[0m [36mas[0m [33mTicketCheck[0m } [36mfrom[0m [32m'./ticket-check.mjs'[0m;
  [90m1536 |[0m [36mexport[0m { [36mdefault[0m [36mas[0m [33mThumbsUp[0m } [36mfrom[0m [32m'./thumbs-up.mjs'[0m;
  [90m1537 |[0m [36mexport[0m { [36mdefault[0m [36mas[0m [33mTicketMinus[0m } [36mfrom[0m [32m'./ticket-minus.mjs'[0m;



Import traces:
  Client Component Browser:
    ./.gemini/antigravity/scratch/teacher-tracking/node_modules/lucide-react/dist/esm/icons/index.mjs [Client Component Browser]
    ./.gemini/antigravity/scratch/teacher-tracking/node_modules/lucide-react/dist/esm/lucide-react.mjs [Client Component Browser]
    ./.gemini/antigravity/scratch/teacher-tracking/src/components/pages/DailyTasksPage.tsx [Client Component Browser]
    ./.gemini/antigravity/scratch/teacher-tracking/src/components/AppShell.tsx [Client Component Browser]
    ./.gemini/antigravity/scratch/teacher-tracking/src/app/page.tsx [Client Component Browser]
    ./.gemini/antigravity/scratch/teacher-tracking/src/app/page.tsx [Server Component]

  Client Component SSR:
    ./.gemini/antigravity/scratch/teacher-tracking/node_modules/lucide-react/dist/esm/icons/index.mjs [Client Component SSR]
    ./.gemini/antigravity/scratch/teacher-tracking/node_modules/lucide-react/dist/esm/lucide-react.mjs [Client Component SSR]
    ./.gemini/antigravity/scratch/teacher-tracking/src/components/pages/DailyTasksPage.tsx [Client Component SSR]
    ./.gemini/antigravity/scratch/teacher-tracking/src/components/AppShell.tsx [Client Component SSR]
    ./.gemini/antigravity/scratch/teacher-tracking/src/app/page.tsx [Client Component SSR]
    ./.gemini/antigravity/scratch/teacher-tracking/src/app/page.tsx [Server Component]

https://nextjs.org/docs/messages/module-not-found


./.gemini/antigravity/scratch/teacher-tracking/node_modules/lucide-react/dist/esm/icons/index.mjs:1536:1
Module not found: Can't resolve './thumbs-up.mjs'
  [90m1534 |[0m [36mexport[0m { [36mdefault[0m [36mas[0m [33mThumbsDown[0m } [36mfrom[0m [32m'./thumbs-down.mjs'[0m;
  [90m1535 |[0m [36mexport[0m { [36mdefault[0m [36mas[0m [33mTicketCheck[0m } [36mfrom[0m [32m'./ticket-check.mjs'[0m;
[31m[1m>[0m [90m1536 |[0m [36mexport[0m { [36mdefault[0m [36mas[0m [33mThumbsUp[0m } [36mfrom[0m [32m'./thumbs-up.mjs'[0m;
  [90m     |[0m [31m[1m^^^^^^^^^^^^^^^^^^^^^^^^^^^^^^^^^^^^^^^^^^^^^^^^^^^^^^[0m
  [90m1537 |[0m [36mexport[0m { [36mdefault[0m [36mas[0m [33mTicketMinus[0m } [36mfrom[0m [32m'./ticket-minus.mjs'[0m;
  [90m1538 |[0m [36mexport[0m { [36mdefault[0m [36mas[0m [33mTicketPercent[0m } [36mfrom[0m [32m'./ticket-percent.mjs'[0m;
  [90m1539 |[0m [36mexport[0m { [36mdefault[0m [36mas[0m [33mTicketPlus[0m } [36mfrom[0m [32m'./ticket-plus.mjs'[0m;



Import traces:
  Client Component Browser:
    ./.gemini/antigravity/scratch/teacher-tracking/node_modules/lucide-react/dist/esm/icons/index.mjs [Client Component Browser]
    ./.gemini/antigravity/scratch/teacher-tracking/node_modules/lucide-react/dist/esm/lucide-react.mjs [Client Component Browser]
    ./.gemini/antigravity/scratch/teacher-tracking/src/components/pages/DailyTasksPage.tsx [Client Component Browser]
    ./.gemini/antigravity/scratch/teacher-tracking/src/components/AppShell.tsx [Client Component Browser]
    ./.gemini/antigravity/scratch/teacher-tracking/src/app/page.tsx [Client Component Browser]
    ./.gemini/antigravity/scratch/teacher-tracking/src/app/page.tsx [Server Component]

  Client Component SSR:
    ./.gemini/antigravity/scratch/teacher-tracking/node_modules/lucide-react/dist/esm/icons/index.mjs [Client Component SSR]
    ./.gemini/antigravity/scratch/teacher-tracking/node_modules/lucide-react/dist/esm/lucide-react.mjs [Client Component SSR]
    ./.gemini/antigravity/scratch/teacher-tracking/src/components/pages/DailyTasksPage.tsx [Client Component SSR]
    ./.gemini/antigravity/scratch/teacher-tracking/src/components/AppShell.tsx [Client Component SSR]
    ./.gemini/antigravity/scratch/teacher-tracking/src/app/page.tsx [Client Component SSR]
    ./.gemini/antigravity/scratch/teacher-tracking/src/app/page.tsx [Server Component]

https://nextjs.org/docs/messages/module-not-found


./.gemini/antigravity/scratch/teacher-tracking/node_modules/lucide-react/dist/esm/icons/index.mjs:1535:1
Module not found: Can't resolve './ticket-check.mjs'
  [90m1533 |[0m [36mexport[0m { [36mdefault[0m [36mas[0m [33mThermometer[0m } [36mfrom[0m [32m'./thermometer.mjs'[0m;
  [90m1534 |[0m [36mexport[0m { [36mdefault[0m [36mas[0m [33mThumbsDown[0m } [36mfrom[0m [32m'./thumbs-down.mjs'[0m;
[31m[1m>[0m [90m1535 |[0m [36mexport[0m { [36mdefault[0m [36mas[0m [33mTicketCheck[0m } [36mfrom[0m [32m'./ticket-check.mjs'[0m;
  [90m     |[0m [31m[1m^^^^^^^^^^^^^^^^^^^^^^^^^^^^^^^^^^^^^^^^^^^^^^^^^^^^^^^^^^^^[0m
  [90m1536 |[0m [36mexport[0m { [36mdefault[0m [36mas[0m [33mThumbsUp[0m } [36mfrom[0m [32m'./thumbs-up.mjs'[0m;
  [90m1537 |[0m [36mexport[0m { [36mdefault[0m [36mas[0m [33mTicketMinus[0m } [36mfrom[0m [32m'./ticket-minus.mjs'[0m;
  [90m1538 |[0m [36mexport[0m { [36mdefault[0m [36mas[0m [33mTicketPercent[0m } [36mfrom[0m [32m'./ticket-percent.mjs'[0m;



Import traces:
  Client Component Browser:
    ./.gemini/antigravity/scratch/teacher-tracking/node_modules/lucide-react/dist/esm/icons/index.mjs [Client Component Browser]
    ./.gemini/antigravity/scratch/teacher-tracking/node_modules/lucide-react/dist/esm/lucide-react.mjs [Client Component Browser]
    ./.gemini/antigravity/scratch/teacher-tracking/src/components/pages/DailyTasksPage.tsx [Client Component Browser]
    ./.gemini/antigravity/scratch/teacher-tracking/src/components/AppShell.tsx [Client Component Browser]
    ./.gemini/antigravity/scratch/teacher-tracking/src/app/page.tsx [Client Component Browser]
    ./.gemini/antigravity/scratch/teacher-tracking/src/app/page.tsx [Server Component]

  Client Component SSR:
    ./.gemini/antigravity/scratch/teacher-tracking/node_modules/lucide-react/dist/esm/icons/index.mjs [Client Component SSR]
    ./.gemini/antigravity/scratch/teacher-tracking/node_modules/lucide-react/dist/esm/lucide-react.mjs [Client Component SSR]
    ./.gemini/antigravity/scratch/teacher-tracking/src/components/pages/DailyTasksPage.tsx [Client Component SSR]
    ./.gemini/antigravity/scratch/teacher-tracking/src/components/AppShell.tsx [Client Component SSR]
    ./.gemini/antigravity/scratch/teacher-tracking/src/app/page.tsx [Client Component SSR]
    ./.gemini/antigravity/scratch/teacher-tracking/src/app/page.tsx [Server Component]

https://nextjs.org/docs/messages/module-not-found


./.gemini/antigravity/scratch/teacher-tracking/node_modules/lucide-react/dist/esm/icons/index.mjs:1537:1
Module not found: Can't resolve './ticket-minus.mjs'
  [90m1535 |[0m [36mexport[0m { [36mdefault[0m [36mas[0m [33mTicketCheck[0m } [36mfrom[0m [32m'./ticket-check.mjs'[0m;
  [90m1536 |[0m [36mexport[0m { [36mdefault[0m [36mas[0m [33mThumbsUp[0m } [36mfrom[0m [32m'./thumbs-up.mjs'[0m;
[31m[1m>[0m [90m1537 |[0m [36mexport[0m { [36mdefault[0m [36mas[0m [33mTicketMinus[0m } [36mfrom[0m [32m'./ticket-minus.mjs'[0m;
  [90m     |[0m [31m[1m^^^^^^^^^^^^^^^^^^^^^^^^^^^^^^^^^^^^^^^^^^^^^^^^^^^^^^^^^^^^[0m
  [90m1538 |[0m [36mexport[0m { [36mdefault[0m [36mas[0m [33mTicketPercent[0m } [36mfrom[0m [32m'./ticket-percent.mjs'[0m;
  [90m1539 |[0m [36mexport[0m { [36mdefault[0m [36mas[0m [33mTicketPlus[0m } [36mfrom[0m [32m'./ticket-plus.mjs'[0m;
  [90m1540 |[0m [36mexport[0m { [36mdefault[0m [36mas[0m [33mTicketSlash[0m } [36mfrom[0m [32m'./ticket-slash.mjs'[0m;



Import traces:
  Client Component Browser:
    ./.gemini/antigravity/scratch/teacher-tracking/node_modules/lucide-react/dist/esm/icons/index.mjs [Client Component Browser]
    ./.gemini/antigravity/scratch/teacher-tracking/node_modules/lucide-react/dist/esm/lucide-react.mjs [Client Component Browser]
    ./.gemini/antigravity/scratch/teacher-tracking/src/components/pages/DailyTasksPage.tsx [Client Component Browser]
    ./.gemini/antigravity/scratch/teacher-tracking/src/components/AppShell.tsx [Client Component Browser]
    ./.gemini/antigravity/scratch/teacher-tracking/src/app/page.tsx [Client Component Browser]
    ./.gemini/antigravity/scratch/teacher-tracking/src/app/page.tsx [Server Component]

  Client Component SSR:
    ./.gemini/antigravity/scratch/teacher-tracking/node_modules/lucide-react/dist/esm/icons/index.mjs [Client Component SSR]
    ./.gemini/antigravity/scratch/teacher-tracking/node_modules/lucide-react/dist/esm/lucide-react.mjs [Client Component SSR]
    ./.gemini/antigravity/scratch/teacher-tracking/src/components/pages/DailyTasksPage.tsx [Client Component SSR]
    ./.gemini/antigravity/scratch/teacher-tracking/src/components/AppShell.tsx [Client Component SSR]
    ./.gemini/antigravity/scratch/teacher-tracking/src/app/page.tsx [Client Component SSR]
    ./.gemini/antigravity/scratch/teacher-tracking/src/app/page.tsx [Server Component]

https://nextjs.org/docs/messages/module-not-found


./.gemini/antigravity/scratch/teacher-tracking/node_modules/lucide-react/dist/esm/icons/index.mjs:1538:1
Module not found: Can't resolve './ticket-percent.mjs'
  [90m1536 |[0m [36mexport[0m { [36mdefault[0m [36mas[0m [33mThumbsUp[0m } [36mfrom[0m [32m'./thumbs-up.mjs'[0m;
  [90m1537 |[0m [36mexport[0m { [36mdefault[0m [36mas[0m [33mTicketMinus[0m } [36mfrom[0m [32m'./ticket-minus.mjs'[0m;
[31m[1m>[0m [90m1538 |[0m [36mexport[0m { [36mdefault[0m [36mas[0m [33mTicketPercent[0m } [36mfrom[0m [32m'./ticket-percent.mjs'[0m;
  [90m     |[0m [31m[1m^^^^^^^^^^^^^^^^^^^^^^^^^^^^^^^^^^^^^^^^^^^^^^^^^^^^^^^^^^^^^^^^[0m
  [90m1539 |[0m [36mexport[0m { [36mdefault[0m [36mas[0m [33mTicketPlus[0m } [36mfrom[0m [32m'./ticket-plus.mjs'[0m;
  [90m1540 |[0m [36mexport[0m { [36mdefault[0m [36mas[0m [33mTicketSlash[0m } [36mfrom[0m [32m'./ticket-slash.mjs'[0m;
  [90m1541 |[0m [36mexport[0m { [36mdefault[0m [36mas[0m [33mTicket[0m } [36mfrom[0m [32m'./ticket.mjs'[0m;



Import traces:
  Client Component Browser:
    ./.gemini/antigravity/scratch/teacher-tracking/node_modules/lucide-react/dist/esm/icons/index.mjs [Client Component Browser]
    ./.gemini/antigravity/scratch/teacher-tracking/node_modules/lucide-react/dist/esm/lucide-react.mjs [Client Component Browser]
    ./.gemini/antigravity/scratch/teacher-tracking/src/components/pages/DailyTasksPage.tsx [Client Component Browser]
    ./.gemini/antigravity/scratch/teacher-tracking/src/components/AppShell.tsx [Client Component Browser]
    ./.gemini/antigravity/scratch/teacher-tracking/src/app/page.tsx [Client Component Browser]
    ./.gemini/antigravity/scratch/teacher-tracking/src/app/page.tsx [Server Component]

  Client Component SSR:
    ./.gemini/antigravity/scratch/teacher-tracking/node_modules/lucide-react/dist/esm/icons/index.mjs [Client Component SSR]
    ./.gemini/antigravity/scratch/teacher-tracking/node_modules/lucide-react/dist/esm/lucide-react.mjs [Client Component SSR]
    ./.gemini/antigravity/scratch/teacher-tracking/src/components/pages/DailyTasksPage.tsx [Client Component SSR]
    ./.gemini/antigravity/scratch/teacher-tracking/src/components/AppShell.tsx [Client Component SSR]
    ./.gemini/antigravity/scratch/teacher-tracking/src/app/page.tsx [Client Component SSR]
    ./.gemini/antigravity/scratch/teacher-tracking/src/app/page.tsx [Server Component]

https://nextjs.org/docs/messages/module-not-found


./.gemini/antigravity/scratch/teacher-tracking/node_modules/lucide-react/dist/esm/icons/index.mjs:1539:1
Module not found: Can't resolve './ticket-plus.mjs'
  [90m1537 |[0m [36mexport[0m { [36mdefault[0m [36mas[0m [33mTicketMinus[0m } [36mfrom[0m [32m'./ticket-minus.mjs'[0m;
  [90m1538 |[0m [36mexport[0m { [36mdefault[0m [36mas[0m [33mTicketPercent[0m } [36mfrom[0m [32m'./ticket-percent.mjs'[0m;
[31m[1m>[0m [90m1539 |[0m [36mexport[0m { [36mdefault[0m [36mas[0m [33mTicketPlus[0m } [36mfrom[0m [32m'./ticket-plus.mjs'[0m;
  [90m     |[0m [31m[1m^^^^^^^^^^^^^^^^^^^^^^^^^^^^^^^^^^^^^^^^^^^^^^^^^^^^^^^^^^[0m
  [90m1540 |[0m [36mexport[0m { [36mdefault[0m [36mas[0m [33mTicketSlash[0m } [36mfrom[0m [32m'./ticket-slash.mjs'[0m;
  [90m1541 |[0m [36mexport[0m { [36mdefault[0m [36mas[0m [33mTicket[0m } [36mfrom[0m [32m'./ticket.mjs'[0m;
  [90m1542 |[0m [36mexport[0m { [36mdefault[0m [36mas[0m [33mTicketX[0m } [36mfrom[0m [32m'./ticket-x.mjs'[0m;



Import traces:
  Client Component Browser:
    ./.gemini/antigravity/scratch/teacher-tracking/node_modules/lucide-react/dist/esm/icons/index.mjs [Client Component Browser]
    ./.gemini/antigravity/scratch/teacher-tracking/node_modules/lucide-react/dist/esm/lucide-react.mjs [Client Component Browser]
    ./.gemini/antigravity/scratch/teacher-tracking/src/components/pages/DailyTasksPage.tsx [Client Component Browser]
    ./.gemini/antigravity/scratch/teacher-tracking/src/components/AppShell.tsx [Client Component Browser]
    ./.gemini/antigravity/scratch/teacher-tracking/src/app/page.tsx [Client Component Browser]
    ./.gemini/antigravity/scratch/teacher-tracking/src/app/page.tsx [Server Component]

  Client Component SSR:
    ./.gemini/antigravity/scratch/teacher-tracking/node_modules/lucide-react/dist/esm/icons/index.mjs [Client Component SSR]
    ./.gemini/antigravity/scratch/teacher-tracking/node_modules/lucide-react/dist/esm/lucide-react.mjs [Client Component SSR]
    ./.gemini/antigravity/scratch/teacher-tracking/src/components/pages/DailyTasksPage.tsx [Client Component SSR]
    ./.gemini/antigravity/scratch/teacher-tracking/src/components/AppShell.tsx [Client Component SSR]
    ./.gemini/antigravity/scratch/teacher-tracking/src/app/page.tsx [Client Component SSR]
    ./.gemini/antigravity/scratch/teacher-tracking/src/app/page.tsx [Server Component]

https://nextjs.org/docs/messages/module-not-found


./.gemini/antigravity/scratch/teacher-tracking/node_modules/lucide-react/dist/esm/icons/index.mjs:1540:1
Module not found: Can't resolve './ticket-slash.mjs'
  [90m1538 |[0m [36mexport[0m { [36mdefault[0m [36mas[0m [33mTicketPercent[0m } [36mfrom[0m [32m'./ticket-percent.mjs'[0m;
  [90m1539 |[0m [36mexport[0m { [36mdefault[0m [36mas[0m [33mTicketPlus[0m } [36mfrom[0m [32m'./ticket-plus.mjs'[0m;
[31m[1m>[0m [90m1540 |[0m [36mexport[0m { [36mdefault[0m [36mas[0m [33mTicketSlash[0m } [36mfrom[0m [32m'./ticket-slash.mjs'[0m;
  [90m     |[0m [31m[1m^^^^^^^^^^^^^^^^^^^^^^^^^^^^^^^^^^^^^^^^^^^^^^^^^^^^^^^^^^^^[0m
  [90m1541 |[0m [36mexport[0m { [36mdefault[0m [36mas[0m [33mTicket[0m } [36mfrom[0m [32m'./ticket.mjs'[0m;
  [90m1542 |[0m [36mexport[0m { [36mdefault[0m [36mas[0m [33mTicketX[0m } [36mfrom[0m [32m'./ticket-x.mjs'[0m;
  [90m1543 |[0m [36mexport[0m { [36mdefault[0m [36mas[0m [33mTicketsPlane[0m } [36mfrom[0m [32m'./tickets-plane.mjs'[0m;



Import traces:
  Client Component Browser:
    ./.gemini/antigravity/scratch/teacher-tracking/node_modules/lucide-react/dist/esm/icons/index.mjs [Client Component Browser]
    ./.gemini/antigravity/scratch/teacher-tracking/node_modules/lucide-react/dist/esm/lucide-react.mjs [Client Component Browser]
    ./.gemini/antigravity/scratch/teacher-tracking/src/components/pages/DailyTasksPage.tsx [Client Component Browser]
    ./.gemini/antigravity/scratch/teacher-tracking/src/components/AppShell.tsx [Client Component Browser]
    ./.gemini/antigravity/scratch/teacher-tracking/src/app/page.tsx [Client Component Browser]
    ./.gemini/antigravity/scratch/teacher-tracking/src/app/page.tsx [Server Component]

  Client Component SSR:
    ./.gemini/antigravity/scratch/teacher-tracking/node_modules/lucide-react/dist/esm/icons/index.mjs [Client Component SSR]
    ./.gemini/antigravity/scratch/teacher-tracking/node_modules/lucide-react/dist/esm/lucide-react.mjs [Client Component SSR]
    ./.gemini/antigravity/scratch/teacher-tracking/src/components/pages/DailyTasksPage.tsx [Client Component SSR]
    ./.gemini/antigravity/scratch/teacher-tracking/src/components/AppShell.tsx [Client Component SSR]
    ./.gemini/antigravity/scratch/teacher-tracking/src/app/page.tsx [Client Component SSR]
    ./.gemini/antigravity/scratch/teacher-tracking/src/app/page.tsx [Server Component]

https://nextjs.org/docs/messages/module-not-found


./.gemini/antigravity/scratch/teacher-tracking/node_modules/lucide-react/dist/esm/icons/index.mjs:1542:1
Module not found: Can't resolve './ticket-x.mjs'
  [90m1540 |[0m [36mexport[0m { [36mdefault[0m [36mas[0m [33mTicketSlash[0m } [36mfrom[0m [32m'./ticket-slash.mjs'[0m;
  [90m1541 |[0m [36mexport[0m { [36mdefault[0m [36mas[0m [33mTicket[0m } [36mfrom[0m [32m'./ticket.mjs'[0m;
[31m[1m>[0m [90m1542 |[0m [36mexport[0m { [36mdefault[0m [36mas[0m [33mTicketX[0m } [36mfrom[0m [32m'./ticket-x.mjs'[0m;
  [90m     |[0m [31m[1m^^^^^^^^^^^^^^^^^^^^^^^^^^^^^^^^^^^^^^^^^^^^^^^^^^^^[0m
  [90m1543 |[0m [36mexport[0m { [36mdefault[0m [36mas[0m [33mTicketsPlane[0m } [36mfrom[0m [32m'./tickets-plane.mjs'[0m;
  [90m1544 |[0m [36mexport[0m { [36mdefault[0m [36mas[0m [33mTickets[0m } [36mfrom[0m [32m'./tickets.mjs'[0m;
  [90m1545 |[0m [36mexport[0m { [36mdefault[0m [36mas[0m [33mTimeline[0m } [36mfrom[0m [32m'./timeline.mjs'[0m;



Import traces:
  Client Component Browser:
    ./.gemini/antigravity/scratch/teacher-tracking/node_modules/lucide-react/dist/esm/icons/index.mjs [Client Component Browser]
    ./.gemini/antigravity/scratch/teacher-tracking/node_modules/lucide-react/dist/esm/lucide-react.mjs [Client Component Browser]
    ./.gemini/antigravity/scratch/teacher-tracking/src/components/pages/DailyTasksPage.tsx [Client Component Browser]
    ./.gemini/antigravity/scratch/teacher-tracking/src/components/AppShell.tsx [Client Component Browser]
    ./.gemini/antigravity/scratch/teacher-tracking/src/app/page.tsx [Client Component Browser]
    ./.gemini/antigravity/scratch/teacher-tracking/src/app/page.tsx [Server Component]

  Client Component SSR:
    ./.gemini/antigravity/scratch/teacher-tracking/node_modules/lucide-react/dist/esm/icons/index.mjs [Client Component SSR]
    ./.gemini/antigravity/scratch/teacher-tracking/node_modules/lucide-react/dist/esm/lucide-react.mjs [Client Component SSR]
    ./.gemini/antigravity/scratch/teacher-tracking/src/components/pages/DailyTasksPage.tsx [Client Component SSR]
    ./.gemini/antigravity/scratch/teacher-tracking/src/components/AppShell.tsx [Client Component SSR]
    ./.gemini/antigravity/scratch/teacher-tracking/src/app/page.tsx [Client Component SSR]
    ./.gemini/antigravity/scratch/teacher-tracking/src/app/page.tsx [Server Component]

https://nextjs.org/docs/messages/module-not-found


./.gemini/antigravity/scratch/teacher-tracking/node_modules/lucide-react/dist/esm/icons/index.mjs:1541:1
Module not found: Can't resolve './ticket.mjs'
  [90m1539 |[0m [36mexport[0m { [36mdefault[0m [36mas[0m [33mTicketPlus[0m } [36mfrom[0m [32m'./ticket-plus.mjs'[0m;
  [90m1540 |[0m [36mexport[0m { [36mdefault[0m [36mas[0m [33mTicketSlash[0m } [36mfrom[0m [32m'./ticket-slash.mjs'[0m;
[31m[1m>[0m [90m1541 |[0m [36mexport[0m { [36mdefault[0m [36mas[0m [33mTicket[0m } [36mfrom[0m [32m'./ticket.mjs'[0m;
  [90m     |[0m [31m[1m^^^^^^^^^^^^^^^^^^^^^^^^^^^^^^^^^^^^^^^^^^^^^^^^^[0m
  [90m1542 |[0m [36mexport[0m { [36mdefault[0m [36mas[0m [33mTicketX[0m } [36mfrom[0m [32m'./ticket-x.mjs'[0m;
  [90m1543 |[0m [36mexport[0m { [36mdefault[0m [36mas[0m [33mTicketsPlane[0m } [36mfrom[0m [32m'./tickets-plane.mjs'[0m;
  [90m1544 |[0m [36mexport[0m { [36mdefault[0m [36mas[0m [33mTickets[0m } [36mfrom[0m [32m'./tickets.mjs'[0m;



Import traces:
  Client Component Browser:
    ./.gemini/antigravity/scratch/teacher-tracking/node_modules/lucide-react/dist/esm/icons/index.mjs [Client Component Browser]
    ./.gemini/antigravity/scratch/teacher-tracking/node_modules/lucide-react/dist/esm/lucide-react.mjs [Client Component Browser]
    ./.gemini/antigravity/scratch/teacher-tracking/src/components/pages/DailyTasksPage.tsx [Client Component Browser]
    ./.gemini/antigravity/scratch/teacher-tracking/src/components/AppShell.tsx [Client Component Browser]
    ./.gemini/antigravity/scratch/teacher-tracking/src/app/page.tsx [Client Component Browser]
    ./.gemini/antigravity/scratch/teacher-tracking/src/app/page.tsx [Server Component]

  Client Component SSR:
    ./.gemini/antigravity/scratch/teacher-tracking/node_modules/lucide-react/dist/esm/icons/index.mjs [Client Component SSR]
    ./.gemini/antigravity/scratch/teacher-tracking/node_modules/lucide-react/dist/esm/lucide-react.mjs [Client Component SSR]
    ./.gemini/antigravity/scratch/teacher-tracking/src/components/pages/DailyTasksPage.tsx [Client Component SSR]
    ./.gemini/antigravity/scratch/teacher-tracking/src/components/AppShell.tsx [Client Component SSR]
    ./.gemini/antigravity/scratch/teacher-tracking/src/app/page.tsx [Client Component SSR]
    ./.gemini/antigravity/scratch/teacher-tracking/src/app/page.tsx [Server Component]

https://nextjs.org/docs/messages/module-not-found


./.gemini/antigravity/scratch/teacher-tracking/node_modules/lucide-react/dist/esm/icons/index.mjs:1543:1
Module not found: Can't resolve './tickets-plane.mjs'
  [90m1541 |[0m [36mexport[0m { [36mdefault[0m [36mas[0m [33mTicket[0m } [36mfrom[0m [32m'./ticket.mjs'[0m;
  [90m1542 |[0m [36mexport[0m { [36mdefault[0m [36mas[0m [33mTicketX[0m } [36mfrom[0m [32m'./ticket-x.mjs'[0m;
[31m[1m>[0m [90m1543 |[0m [36mexport[0m { [36mdefault[0m [36mas[0m [33mTicketsPlane[0m } [36mfrom[0m [32m'./tickets-plane.mjs'[0m;
  [90m     |[0m [31m[1m^^^^^^^^^^^^^^^^^^^^^^^^^^^^^^^^^^^^^^^^^^^^^^^^^^^^^^^^^^^^^^[0m
  [90m1544 |[0m [36mexport[0m { [36mdefault[0m [36mas[0m [33mTickets[0m } [36mfrom[0m [32m'./tickets.mjs'[0m;
  [90m1545 |[0m [36mexport[0m { [36mdefault[0m [36mas[0m [33mTimeline[0m } [36mfrom[0m [32m'./timeline.mjs'[0m;
  [90m1546 |[0m [36mexport[0m { [36mdefault[0m [36mas[0m [33mTimerOff[0m } [36mfrom[0m [32m'./timer-off.mjs'[0m;



Import traces:
  Client Component Browser:
    ./.gemini/antigravity/scratch/teacher-tracking/node_modules/lucide-react/dist/esm/icons/index.mjs [Client Component Browser]
    ./.gemini/antigravity/scratch/teacher-tracking/node_modules/lucide-react/dist/esm/lucide-react.mjs [Client Component Browser]
    ./.gemini/antigravity/scratch/teacher-tracking/src/components/pages/DailyTasksPage.tsx [Client Component Browser]
    ./.gemini/antigravity/scratch/teacher-tracking/src/components/AppShell.tsx [Client Component Browser]
    ./.gemini/antigravity/scratch/teacher-tracking/src/app/page.tsx [Client Component Browser]
    ./.gemini/antigravity/scratch/teacher-tracking/src/app/page.tsx [Server Component]

  Client Component SSR:
    ./.gemini/antigravity/scratch/teacher-tracking/node_modules/lucide-react/dist/esm/icons/index.mjs [Client Component SSR]
    ./.gemini/antigravity/scratch/teacher-tracking/node_modules/lucide-react/dist/esm/lucide-react.mjs [Client Component SSR]
    ./.gemini/antigravity/scratch/teacher-tracking/src/components/pages/DailyTasksPage.tsx [Client Component SSR]
    ./.gemini/antigravity/scratch/teacher-tracking/src/components/AppShell.tsx [Client Component SSR]
    ./.gemini/antigravity/scratch/teacher-tracking/src/app/page.tsx [Client Component SSR]
    ./.gemini/antigravity/scratch/teacher-tracking/src/app/page.tsx [Server Component]

https://nextjs.org/docs/messages/module-not-found


./.gemini/antigravity/scratch/teacher-tracking/node_modules/lucide-react/dist/esm/icons/index.mjs:1544:1
Module not found: Can't resolve './tickets.mjs'
  [90m1542 |[0m [36mexport[0m { [36mdefault[0m [36mas[0m [33mTicketX[0m } [36mfrom[0m [32m'./ticket-x.mjs'[0m;
  [90m1543 |[0m [36mexport[0m { [36mdefault[0m [36mas[0m [33mTicketsPlane[0m } [36mfrom[0m [32m'./tickets-plane.mjs'[0m;
[31m[1m>[0m [90m1544 |[0m [36mexport[0m { [36mdefault[0m [36mas[0m [33mTickets[0m } [36mfrom[0m [32m'./tickets.mjs'[0m;
  [90m     |[0m [31m[1m^^^^^^^^^^^^^^^^^^^^^^^^^^^^^^^^^^^^^^^^^^^^^^^^^^^[0m
  [90m1545 |[0m [36mexport[0m { [36mdefault[0m [36mas[0m [33mTimeline[0m } [36mfrom[0m [32m'./timeline.mjs'[0m;
  [90m1546 |[0m [36mexport[0m { [36mdefault[0m [36mas[0m [33mTimerOff[0m } [36mfrom[0m [32m'./timer-off.mjs'[0m;
  [90m1547 |[0m [36mexport[0m { [36mdefault[0m [36mas[0m [33mTimerReset[0m } [36mfrom[0m [32m'./timer-reset.mjs'[0m;



Import traces:
  Client Component Browser:
    ./.gemini/antigravity/scratch/teacher-tracking/node_modules/lucide-react/dist/esm/icons/index.mjs [Client Component Browser]
    ./.gemini/antigravity/scratch/teacher-tracking/node_modules/lucide-react/dist/esm/lucide-react.mjs [Client Component Browser]
    ./.gemini/antigravity/scratch/teacher-tracking/src/components/pages/DailyTasksPage.tsx [Client Component Browser]
    ./.gemini/antigravity/scratch/teacher-tracking/src/components/AppShell.tsx [Client Component Browser]
    ./.gemini/antigravity/scratch/teacher-tracking/src/app/page.tsx [Client Component Browser]
    ./.gemini/antigravity/scratch/teacher-tracking/src/app/page.tsx [Server Component]

  Client Component SSR:
    ./.gemini/antigravity/scratch/teacher-tracking/node_modules/lucide-react/dist/esm/icons/index.mjs [Client Component SSR]
    ./.gemini/antigravity/scratch/teacher-tracking/node_modules/lucide-react/dist/esm/lucide-react.mjs [Client Component SSR]
    ./.gemini/antigravity/scratch/teacher-tracking/src/components/pages/DailyTasksPage.tsx [Client Component SSR]
    ./.gemini/antigravity/scratch/teacher-tracking/src/components/AppShell.tsx [Client Component SSR]
    ./.gemini/antigravity/scratch/teacher-tracking/src/app/page.tsx [Client Component SSR]
    ./.gemini/antigravity/scratch/teacher-tracking/src/app/page.tsx [Server Component]

https://nextjs.org/docs/messages/module-not-found


./.gemini/antigravity/scratch/teacher-tracking/node_modules/lucide-react/dist/esm/icons/index.mjs:1545:1
Module not found: Can't resolve './timeline.mjs'
  [90m1543 |[0m [36mexport[0m { [36mdefault[0m [36mas[0m [33mTicketsPlane[0m } [36mfrom[0m [32m'./tickets-plane.mjs'[0m;
  [90m1544 |[0m [36mexport[0m { [36mdefault[0m [36mas[0m [33mTickets[0m } [36mfrom[0m [32m'./tickets.mjs'[0m;
[31m[1m>[0m [90m1545 |[0m [36mexport[0m { [36mdefault[0m [36mas[0m [33mTimeline[0m } [36mfrom[0m [32m'./timeline.mjs'[0m;
  [90m     |[0m [31m[1m^^^^^^^^^^^^^^^^^^^^^^^^^^^^^^^^^^^^^^^^^^^^^^^^^^^^^[0m
  [90m1546 |[0m [36mexport[0m { [36mdefault[0m [36mas[0m [33mTimerOff[0m } [36mfrom[0m [32m'./timer-off.mjs'[0m;
  [90m1547 |[0m [36mexport[0m { [36mdefault[0m [36mas[0m [33mTimerReset[0m } [36mfrom[0m [32m'./timer-reset.mjs'[0m;
  [90m1548 |[0m [36mexport[0m { [36mdefault[0m [36mas[0m [33mTimer[0m } [36mfrom[0m [32m'./timer.mjs'[0m;



Import traces:
  Client Component Browser:
    ./.gemini/antigravity/scratch/teacher-tracking/node_modules/lucide-react/dist/esm/icons/index.mjs [Client Component Browser]
    ./.gemini/antigravity/scratch/teacher-tracking/node_modules/lucide-react/dist/esm/lucide-react.mjs [Client Component Browser]
    ./.gemini/antigravity/scratch/teacher-tracking/src/components/pages/DailyTasksPage.tsx [Client Component Browser]
    ./.gemini/antigravity/scratch/teacher-tracking/src/components/AppShell.tsx [Client Component Browser]
    ./.gemini/antigravity/scratch/teacher-tracking/src/app/page.tsx [Client Component Browser]
    ./.gemini/antigravity/scratch/teacher-tracking/src/app/page.tsx [Server Component]

  Client Component SSR:
    ./.gemini/antigravity/scratch/teacher-tracking/node_modules/lucide-react/dist/esm/icons/index.mjs [Client Component SSR]
    ./.gemini/antigravity/scratch/teacher-tracking/node_modules/lucide-react/dist/esm/lucide-react.mjs [Client Component SSR]
    ./.gemini/antigravity/scratch/teacher-tracking/src/components/pages/DailyTasksPage.tsx [Client Component SSR]
    ./.gemini/antigravity/scratch/teacher-tracking/src/components/AppShell.tsx [Client Component SSR]
    ./.gemini/antigravity/scratch/teacher-tracking/src/app/page.tsx [Client Component SSR]
    ./.gemini/antigravity/scratch/teacher-tracking/src/app/page.tsx [Server Component]

https://nextjs.org/docs/messages/module-not-found


./.gemini/antigravity/scratch/teacher-tracking/node_modules/lucide-react/dist/esm/icons/index.mjs:1546:1
Module not found: Can't resolve './timer-off.mjs'
  [90m1544 |[0m [36mexport[0m { [36mdefault[0m [36mas[0m [33mTickets[0m } [36mfrom[0m [32m'./tickets.mjs'[0m;
  [90m1545 |[0m [36mexport[0m { [36mdefault[0m [36mas[0m [33mTimeline[0m } [36mfrom[0m [32m'./timeline.mjs'[0m;
[31m[1m>[0m [90m1546 |[0m [36mexport[0m { [36mdefault[0m [36mas[0m [33mTimerOff[0m } [36mfrom[0m [32m'./timer-off.mjs'[0m;
  [90m     |[0m [31m[1m^^^^^^^^^^^^^^^^^^^^^^^^^^^^^^^^^^^^^^^^^^^^^^^^^^^^^^[0m
  [90m1547 |[0m [36mexport[0m { [36mdefault[0m [36mas[0m [33mTimerReset[0m } [36mfrom[0m [32m'./timer-reset.mjs'[0m;
  [90m1548 |[0m [36mexport[0m { [36mdefault[0m [36mas[0m [33mTimer[0m } [36mfrom[0m [32m'./timer.mjs'[0m;
  [90m1549 |[0m [36mexport[0m { [36mdefault[0m [36mas[0m [33mToggleLeft[0m } [36mfrom[0m [32m'./toggle-left.mjs'[0m;



Import traces:
  Client Component Browser:
    ./.gemini/antigravity/scratch/teacher-tracking/node_modules/lucide-react/dist/esm/icons/index.mjs [Client Component Browser]
    ./.gemini/antigravity/scratch/teacher-tracking/node_modules/lucide-react/dist/esm/lucide-react.mjs [Client Component Browser]
    ./.gemini/antigravity/scratch/teacher-tracking/src/components/pages/DailyTasksPage.tsx [Client Component Browser]
    ./.gemini/antigravity/scratch/teacher-tracking/src/components/AppShell.tsx [Client Component Browser]
    ./.gemini/antigravity/scratch/teacher-tracking/src/app/page.tsx [Client Component Browser]
    ./.gemini/antigravity/scratch/teacher-tracking/src/app/page.tsx [Server Component]

  Client Component SSR:
    ./.gemini/antigravity/scratch/teacher-tracking/node_modules/lucide-react/dist/esm/icons/index.mjs [Client Component SSR]
    ./.gemini/antigravity/scratch/teacher-tracking/node_modules/lucide-react/dist/esm/lucide-react.mjs [Client Component SSR]
    ./.gemini/antigravity/scratch/teacher-tracking/src/components/pages/DailyTasksPage.tsx [Client Component SSR]
    ./.gemini/antigravity/scratch/teacher-tracking/src/components/AppShell.tsx [Client Component SSR]
    ./.gemini/antigravity/scratch/teacher-tracking/src/app/page.tsx [Client Component SSR]
    ./.gemini/antigravity/scratch/teacher-tracking/src/app/page.tsx [Server Component]

https://nextjs.org/docs/messages/module-not-found


./.gemini/antigravity/scratch/teacher-tracking/node_modules/lucide-react/dist/esm/icons/index.mjs:1547:1
Module not found: Can't resolve './timer-reset.mjs'
  [90m1545 |[0m [36mexport[0m { [36mdefault[0m [36mas[0m [33mTimeline[0m } [36mfrom[0m [32m'./timeline.mjs'[0m;
  [90m1546 |[0m [36mexport[0m { [36mdefault[0m [36mas[0m [33mTimerOff[0m } [36mfrom[0m [32m'./timer-off.mjs'[0m;
[31m[1m>[0m [90m1547 |[0m [36mexport[0m { [36mdefault[0m [36mas[0m [33mTimerReset[0m } [36mfrom[0m [32m'./timer-reset.mjs'[0m;
  [90m     |[0m [31m[1m^^^^^^^^^^^^^^^^^^^^^^^^^^^^^^^^^^^^^^^^^^^^^^^^^^^^^^^^^^[0m
  [90m1548 |[0m [36mexport[0m { [36mdefault[0m [36mas[0m [33mTimer[0m } [36mfrom[0m [32m'./timer.mjs'[0m;
  [90m1549 |[0m [36mexport[0m { [36mdefault[0m [36mas[0m [33mToggleLeft[0m } [36mfrom[0m [32m'./toggle-left.mjs'[0m;
  [90m1550 |[0m [36mexport[0m { [36mdefault[0m [36mas[0m [33mToggleRight[0m } [36mfrom[0m [32m'./toggle-right.mjs'[0m;



Import traces:
  Client Component Browser:
    ./.gemini/antigravity/scratch/teacher-tracking/node_modules/lucide-react/dist/esm/icons/index.mjs [Client Component Browser]
    ./.gemini/antigravity/scratch/teacher-tracking/node_modules/lucide-react/dist/esm/lucide-react.mjs [Client Component Browser]
    ./.gemini/antigravity/scratch/teacher-tracking/src/components/pages/DailyTasksPage.tsx [Client Component Browser]
    ./.gemini/antigravity/scratch/teacher-tracking/src/components/AppShell.tsx [Client Component Browser]
    ./.gemini/antigravity/scratch/teacher-tracking/src/app/page.tsx [Client Component Browser]
    ./.gemini/antigravity/scratch/teacher-tracking/src/app/page.tsx [Server Component]

  Client Component SSR:
    ./.gemini/antigravity/scratch/teacher-tracking/node_modules/lucide-react/dist/esm/icons/index.mjs [Client Component SSR]
    ./.gemini/antigravity/scratch/teacher-tracking/node_modules/lucide-react/dist/esm/lucide-react.mjs [Client Component SSR]
    ./.gemini/antigravity/scratch/teacher-tracking/src/components/pages/DailyTasksPage.tsx [Client Component SSR]
    ./.gemini/antigravity/scratch/teacher-tracking/src/components/AppShell.tsx [Client Component SSR]
    ./.gemini/antigravity/scratch/teacher-tracking/src/app/page.tsx [Client Component SSR]
    ./.gemini/antigravity/scratch/teacher-tracking/src/app/page.tsx [Server Component]

https://nextjs.org/docs/messages/module-not-found


./.gemini/antigravity/scratch/teacher-tracking/node_modules/lucide-react/dist/esm/icons/index.mjs:1548:1
Module not found: Can't resolve './timer.mjs'
  [90m1546 |[0m [36mexport[0m { [36mdefault[0m [36mas[0m [33mTimerOff[0m } [36mfrom[0m [32m'./timer-off.mjs'[0m;
  [90m1547 |[0m [36mexport[0m { [36mdefault[0m [36mas[0m [33mTimerReset[0m } [36mfrom[0m [32m'./timer-reset.mjs'[0m;
[31m[1m>[0m [90m1548 |[0m [36mexport[0m { [36mdefault[0m [36mas[0m [33mTimer[0m } [36mfrom[0m [32m'./timer.mjs'[0m;
  [90m     |[0m [31m[1m^^^^^^^^^^^^^^^^^^^^^^^^^^^^^^^^^^^^^^^^^^^^^^^[0m
  [90m1549 |[0m [36mexport[0m { [36mdefault[0m [36mas[0m [33mToggleLeft[0m } [36mfrom[0m [32m'./toggle-left.mjs'[0m;
  [90m1550 |[0m [36mexport[0m { [36mdefault[0m [36mas[0m [33mToggleRight[0m } [36mfrom[0m [32m'./toggle-right.mjs'[0m;
  [90m1551 |[0m [36mexport[0m { [36mdefault[0m [36mas[0m [33mToilet[0m } [36mfrom[0m [32m'./toilet.mjs'[0m;



Import traces:
  Client Component Browser:
    ./.gemini/antigravity/scratch/teacher-tracking/node_modules/lucide-react/dist/esm/icons/index.mjs [Client Component Browser]
    ./.gemini/antigravity/scratch/teacher-tracking/node_modules/lucide-react/dist/esm/lucide-react.mjs [Client Component Browser]
    ./.gemini/antigravity/scratch/teacher-tracking/src/components/pages/DailyTasksPage.tsx [Client Component Browser]
    ./.gemini/antigravity/scratch/teacher-tracking/src/components/AppShell.tsx [Client Component Browser]
    ./.gemini/antigravity/scratch/teacher-tracking/src/app/page.tsx [Client Component Browser]
    ./.gemini/antigravity/scratch/teacher-tracking/src/app/page.tsx [Server Component]

  Client Component SSR:
    ./.gemini/antigravity/scratch/teacher-tracking/node_modules/lucide-react/dist/esm/icons/index.mjs [Client Component SSR]
    ./.gemini/antigravity/scratch/teacher-tracking/node_modules/lucide-react/dist/esm/lucide-react.mjs [Client Component SSR]
    ./.gemini/antigravity/scratch/teacher-tracking/src/components/pages/DailyTasksPage.tsx [Client Component SSR]
    ./.gemini/antigravity/scratch/teacher-tracking/src/components/AppShell.tsx [Client Component SSR]
    ./.gemini/antigravity/scratch/teacher-tracking/src/app/page.tsx [Client Component SSR]
    ./.gemini/antigravity/scratch/teacher-tracking/src/app/page.tsx [Server Component]

https://nextjs.org/docs/messages/module-not-found


./.gemini/antigravity/scratch/teacher-tracking/node_modules/lucide-react/dist/esm/icons/index.mjs:1549:1
Module not found: Can't resolve './toggle-left.mjs'
  [90m1547 |[0m [36mexport[0m { [36mdefault[0m [36mas[0m [33mTimerReset[0m } [36mfrom[0m [32m'./timer-reset.mjs'[0m;
  [90m1548 |[0m [36mexport[0m { [36mdefault[0m [36mas[0m [33mTimer[0m } [36mfrom[0m [32m'./timer.mjs'[0m;
[31m[1m>[0m [90m1549 |[0m [36mexport[0m { [36mdefault[0m [36mas[0m [33mToggleLeft[0m } [36mfrom[0m [32m'./toggle-left.mjs'[0m;
  [90m     |[0m [31m[1m^^^^^^^^^^^^^^^^^^^^^^^^^^^^^^^^^^^^^^^^^^^^^^^^^^^^^^^^^^[0m
  [90m1550 |[0m [36mexport[0m { [36mdefault[0m [36mas[0m [33mToggleRight[0m } [36mfrom[0m [32m'./toggle-right.mjs'[0m;
  [90m1551 |[0m [36mexport[0m { [36mdefault[0m [36mas[0m [33mToilet[0m } [36mfrom[0m [32m'./toilet.mjs'[0m;
  [90m1552 |[0m [36mexport[0m { [36mdefault[0m [36mas[0m [33mToolbox[0m } [36mfrom[0m [32m'./toolbox.mjs'[0m;



Import traces:
  Client Component Browser:
    ./.gemini/antigravity/scratch/teacher-tracking/node_modules/lucide-react/dist/esm/icons/index.mjs [Client Component Browser]
    ./.gemini/antigravity/scratch/teacher-tracking/node_modules/lucide-react/dist/esm/lucide-react.mjs [Client Component Browser]
    ./.gemini/antigravity/scratch/teacher-tracking/src/components/pages/DailyTasksPage.tsx [Client Component Browser]
    ./.gemini/antigravity/scratch/teacher-tracking/src/components/AppShell.tsx [Client Component Browser]
    ./.gemini/antigravity/scratch/teacher-tracking/src/app/page.tsx [Client Component Browser]
    ./.gemini/antigravity/scratch/teacher-tracking/src/app/page.tsx [Server Component]

  Client Component SSR:
    ./.gemini/antigravity/scratch/teacher-tracking/node_modules/lucide-react/dist/esm/icons/index.mjs [Client Component SSR]
    ./.gemini/antigravity/scratch/teacher-tracking/node_modules/lucide-react/dist/esm/lucide-react.mjs [Client Component SSR]
    ./.gemini/antigravity/scratch/teacher-tracking/src/components/pages/DailyTasksPage.tsx [Client Component SSR]
    ./.gemini/antigravity/scratch/teacher-tracking/src/components/AppShell.tsx [Client Component SSR]
    ./.gemini/antigravity/scratch/teacher-tracking/src/app/page.tsx [Client Component SSR]
    ./.gemini/antigravity/scratch/teacher-tracking/src/app/page.tsx [Server Component]

https://nextjs.org/docs/messages/module-not-found


./.gemini/antigravity/scratch/teacher-tracking/node_modules/lucide-react/dist/esm/icons/index.mjs:1550:1
Module not found: Can't resolve './toggle-right.mjs'
  [90m1548 |[0m [36mexport[0m { [36mdefault[0m [36mas[0m [33mTimer[0m } [36mfrom[0m [32m'./timer.mjs'[0m;
  [90m1549 |[0m [36mexport[0m { [36mdefault[0m [36mas[0m [33mToggleLeft[0m } [36mfrom[0m [32m'./toggle-left.mjs'[0m;
[31m[1m>[0m [90m1550 |[0m [36mexport[0m { [36mdefault[0m [36mas[0m [33mToggleRight[0m } [36mfrom[0m [32m'./toggle-right.mjs'[0m;
  [90m     |[0m [31m[1m^^^^^^^^^^^^^^^^^^^^^^^^^^^^^^^^^^^^^^^^^^^^^^^^^^^^^^^^^^^^[0m
  [90m1551 |[0m [36mexport[0m { [36mdefault[0m [36mas[0m [33mToilet[0m } [36mfrom[0m [32m'./toilet.mjs'[0m;
  [90m1552 |[0m [36mexport[0m { [36mdefault[0m [36mas[0m [33mToolbox[0m } [36mfrom[0m [32m'./toolbox.mjs'[0m;
  [90m1553 |[0m [36mexport[0m { [36mdefault[0m [36mas[0m [33mTornado[0m } [36mfrom[0m [32m'./tornado.mjs'[0m;



Import traces:
  Client Component Browser:
    ./.gemini/antigravity/scratch/teacher-tracking/node_modules/lucide-react/dist/esm/icons/index.mjs [Client Component Browser]
    ./.gemini/antigravity/scratch/teacher-tracking/node_modules/lucide-react/dist/esm/lucide-react.mjs [Client Component Browser]
    ./.gemini/antigravity/scratch/teacher-tracking/src/components/pages/DailyTasksPage.tsx [Client Component Browser]
    ./.gemini/antigravity/scratch/teacher-tracking/src/components/AppShell.tsx [Client Component Browser]
    ./.gemini/antigravity/scratch/teacher-tracking/src/app/page.tsx [Client Component Browser]
    ./.gemini/antigravity/scratch/teacher-tracking/src/app/page.tsx [Server Component]

  Client Component SSR:
    ./.gemini/antigravity/scratch/teacher-tracking/node_modules/lucide-react/dist/esm/icons/index.mjs [Client Component SSR]
    ./.gemini/antigravity/scratch/teacher-tracking/node_modules/lucide-react/dist/esm/lucide-react.mjs [Client Component SSR]
    ./.gemini/antigravity/scratch/teacher-tracking/src/components/pages/DailyTasksPage.tsx [Client Component SSR]
    ./.gemini/antigravity/scratch/teacher-tracking/src/components/AppShell.tsx [Client Component SSR]
    ./.gemini/antigravity/scratch/teacher-tracking/src/app/page.tsx [Client Component SSR]
    ./.gemini/antigravity/scratch/teacher-tracking/src/app/page.tsx [Server Component]

https://nextjs.org/docs/messages/module-not-found


./.gemini/antigravity/scratch/teacher-tracking/node_modules/lucide-react/dist/esm/icons/index.mjs:1551:1
Module not found: Can't resolve './toilet.mjs'
  [90m1549 |[0m [36mexport[0m { [36mdefault[0m [36mas[0m [33mToggleLeft[0m } [36mfrom[0m [32m'./toggle-left.mjs'[0m;
  [90m1550 |[0m [36mexport[0m { [36mdefault[0m [36mas[0m [33mToggleRight[0m } [36mfrom[0m [32m'./toggle-right.mjs'[0m;
[31m[1m>[0m [90m1551 |[0m [36mexport[0m { [36mdefault[0m [36mas[0m [33mToilet[0m } [36mfrom[0m [32m'./toilet.mjs'[0m;
  [90m     |[0m [31m[1m^^^^^^^^^^^^^^^^^^^^^^^^^^^^^^^^^^^^^^^^^^^^^^^^^[0m
  [90m1552 |[0m [36mexport[0m { [36mdefault[0m [36mas[0m [33mToolbox[0m } [36mfrom[0m [32m'./toolbox.mjs'[0m;
  [90m1553 |[0m [36mexport[0m { [36mdefault[0m [36mas[0m [33mTornado[0m } [36mfrom[0m [32m'./tornado.mjs'[0m;
  [90m1554 |[0m [36mexport[0m { [36mdefault[0m [36mas[0m [33mToolCase[0m } [36mfrom[0m [32m'./tool-case.mjs'[0m;



Import traces:
  Client Component Browser:
    ./.gemini/antigravity/scratch/teacher-tracking/node_modules/lucide-react/dist/esm/icons/index.mjs [Client Component Browser]
    ./.gemini/antigravity/scratch/teacher-tracking/node_modules/lucide-react/dist/esm/lucide-react.mjs [Client Component Browser]
    ./.gemini/antigravity/scratch/teacher-tracking/src/components/pages/DailyTasksPage.tsx [Client Component Browser]
    ./.gemini/antigravity/scratch/teacher-tracking/src/components/AppShell.tsx [Client Component Browser]
    ./.gemini/antigravity/scratch/teacher-tracking/src/app/page.tsx [Client Component Browser]
    ./.gemini/antigravity/scratch/teacher-tracking/src/app/page.tsx [Server Component]

  Client Component SSR:
    ./.gemini/antigravity/scratch/teacher-tracking/node_modules/lucide-react/dist/esm/icons/index.mjs [Client Component SSR]
    ./.gemini/antigravity/scratch/teacher-tracking/node_modules/lucide-react/dist/esm/lucide-react.mjs [Client Component SSR]
    ./.gemini/antigravity/scratch/teacher-tracking/src/components/pages/DailyTasksPage.tsx [Client Component SSR]
    ./.gemini/antigravity/scratch/teacher-tracking/src/components/AppShell.tsx [Client Component SSR]
    ./.gemini/antigravity/scratch/teacher-tracking/src/app/page.tsx [Client Component SSR]
    ./.gemini/antigravity/scratch/teacher-tracking/src/app/page.tsx [Server Component]

https://nextjs.org/docs/messages/module-not-found


./.gemini/antigravity/scratch/teacher-tracking/node_modules/lucide-react/dist/esm/icons/index.mjs:1554:1
Module not found: Can't resolve './tool-case.mjs'
  [90m1552 |[0m [36mexport[0m { [36mdefault[0m [36mas[0m [33mToolbox[0m } [36mfrom[0m [32m'./toolbox.mjs'[0m;
  [90m1553 |[0m [36mexport[0m { [36mdefault[0m [36mas[0m [33mTornado[0m } [36mfrom[0m [32m'./tornado.mjs'[0m;
[31m[1m>[0m [90m1554 |[0m [36mexport[0m { [36mdefault[0m [36mas[0m [33mToolCase[0m } [36mfrom[0m [32m'./tool-case.mjs'[0m;
  [90m     |[0m [31m[1m^^^^^^^^^^^^^^^^^^^^^^^^^^^^^^^^^^^^^^^^^^^^^^^^^^^^^^[0m
  [90m1555 |[0m [36mexport[0m { [36mdefault[0m [36mas[0m [33mTouchpadOff[0m } [36mfrom[0m [32m'./touchpad-off.mjs'[0m;
  [90m1556 |[0m [36mexport[0m { [36mdefault[0m [36mas[0m [33mTorus[0m } [36mfrom[0m [32m'./torus.mjs'[0m;
  [90m1557 |[0m [36mexport[0m { [36mdefault[0m [36mas[0m [33mTouchpad[0m } [36mfrom[0m [32m'./touchpad.mjs'[0m;



Import traces:
  Client Component Browser:
    ./.gemini/antigravity/scratch/teacher-tracking/node_modules/lucide-react/dist/esm/icons/index.mjs [Client Component Browser]
    ./.gemini/antigravity/scratch/teacher-tracking/node_modules/lucide-react/dist/esm/lucide-react.mjs [Client Component Browser]
    ./.gemini/antigravity/scratch/teacher-tracking/src/components/pages/DailyTasksPage.tsx [Client Component Browser]
    ./.gemini/antigravity/scratch/teacher-tracking/src/components/AppShell.tsx [Client Component Browser]
    ./.gemini/antigravity/scratch/teacher-tracking/src/app/page.tsx [Client Component Browser]
    ./.gemini/antigravity/scratch/teacher-tracking/src/app/page.tsx [Server Component]

  Client Component SSR:
    ./.gemini/antigravity/scratch/teacher-tracking/node_modules/lucide-react/dist/esm/icons/index.mjs [Client Component SSR]
    ./.gemini/antigravity/scratch/teacher-tracking/node_modules/lucide-react/dist/esm/lucide-react.mjs [Client Component SSR]
    ./.gemini/antigravity/scratch/teacher-tracking/src/components/pages/DailyTasksPage.tsx [Client Component SSR]
    ./.gemini/antigravity/scratch/teacher-tracking/src/components/AppShell.tsx [Client Component SSR]
    ./.gemini/antigravity/scratch/teacher-tracking/src/app/page.tsx [Client Component SSR]
    ./.gemini/antigravity/scratch/teacher-tracking/src/app/page.tsx [Server Component]

https://nextjs.org/docs/messages/module-not-found


./.gemini/antigravity/scratch/teacher-tracking/node_modules/lucide-react/dist/esm/icons/index.mjs:1552:1
Module not found: Can't resolve './toolbox.mjs'
  [90m1550 |[0m [36mexport[0m { [36mdefault[0m [36mas[0m [33mToggleRight[0m } [36mfrom[0m [32m'./toggle-right.mjs'[0m;
  [90m1551 |[0m [36mexport[0m { [36mdefault[0m [36mas[0m [33mToilet[0m } [36mfrom[0m [32m'./toilet.mjs'[0m;
[31m[1m>[0m [90m1552 |[0m [36mexport[0m { [36mdefault[0m [36mas[0m [33mToolbox[0m } [36mfrom[0m [32m'./toolbox.mjs'[0m;
  [90m     |[0m [31m[1m^^^^^^^^^^^^^^^^^^^^^^^^^^^^^^^^^^^^^^^^^^^^^^^^^^^[0m
  [90m1553 |[0m [36mexport[0m { [36mdefault[0m [36mas[0m [33mTornado[0m } [36mfrom[0m [32m'./tornado.mjs'[0m;
  [90m1554 |[0m [36mexport[0m { [36mdefault[0m [36mas[0m [33mToolCase[0m } [36mfrom[0m [32m'./tool-case.mjs'[0m;
  [90m1555 |[0m [36mexport[0m { [36mdefault[0m [36mas[0m [33mTouchpadOff[0m } [36mfrom[0m [32m'./touchpad-off.mjs'[0m;



Import traces:
  Client Component Browser:
    ./.gemini/antigravity/scratch/teacher-tracking/node_modules/lucide-react/dist/esm/icons/index.mjs [Client Component Browser]
    ./.gemini/antigravity/scratch/teacher-tracking/node_modules/lucide-react/dist/esm/lucide-react.mjs [Client Component Browser]
    ./.gemini/antigravity/scratch/teacher-tracking/src/components/pages/DailyTasksPage.tsx [Client Component Browser]
    ./.gemini/antigravity/scratch/teacher-tracking/src/components/AppShell.tsx [Client Component Browser]
    ./.gemini/antigravity/scratch/teacher-tracking/src/app/page.tsx [Client Component Browser]
    ./.gemini/antigravity/scratch/teacher-tracking/src/app/page.tsx [Server Component]

  Client Component SSR:
    ./.gemini/antigravity/scratch/teacher-tracking/node_modules/lucide-react/dist/esm/icons/index.mjs [Client Component SSR]
    ./.gemini/antigravity/scratch/teacher-tracking/node_modules/lucide-react/dist/esm/lucide-react.mjs [Client Component SSR]
    ./.gemini/antigravity/scratch/teacher-tracking/src/components/pages/DailyTasksPage.tsx [Client Component SSR]
    ./.gemini/antigravity/scratch/teacher-tracking/src/components/AppShell.tsx [Client Component SSR]
    ./.gemini/antigravity/scratch/teacher-tracking/src/app/page.tsx [Client Component SSR]
    ./.gemini/antigravity/scratch/teacher-tracking/src/app/page.tsx [Server Component]

https://nextjs.org/docs/messages/module-not-found


./.gemini/antigravity/scratch/teacher-tracking/node_modules/lucide-react/dist/esm/icons/index.mjs:1553:1
Module not found: Can't resolve './tornado.mjs'
  [90m1551 |[0m [36mexport[0m { [36mdefault[0m [36mas[0m [33mToilet[0m } [36mfrom[0m [32m'./toilet.mjs'[0m;
  [90m1552 |[0m [36mexport[0m { [36mdefault[0m [36mas[0m [33mToolbox[0m } [36mfrom[0m [32m'./toolbox.mjs'[0m;
[31m[1m>[0m [90m1553 |[0m [36mexport[0m { [36mdefault[0m [36mas[0m [33mTornado[0m } [36mfrom[0m [32m'./tornado.mjs'[0m;
  [90m     |[0m [31m[1m^^^^^^^^^^^^^^^^^^^^^^^^^^^^^^^^^^^^^^^^^^^^^^^^^^^[0m
  [90m1554 |[0m [36mexport[0m { [36mdefault[0m [36mas[0m [33mToolCase[0m } [36mfrom[0m [32m'./tool-case.mjs'[0m;
  [90m1555 |[0m [36mexport[0m { [36mdefault[0m [36mas[0m [33mTouchpadOff[0m } [36mfrom[0m [32m'./touchpad-off.mjs'[0m;
  [90m1556 |[0m [36mexport[0m { [36mdefault[0m [36mas[0m [33mTorus[0m } [36mfrom[0m [32m'./torus.mjs'[0m;



Import traces:
  Client Component Browser:
    ./.gemini/antigravity/scratch/teacher-tracking/node_modules/lucide-react/dist/esm/icons/index.mjs [Client Component Browser]
    ./.gemini/antigravity/scratch/teacher-tracking/node_modules/lucide-react/dist/esm/lucide-react.mjs [Client Component Browser]
    ./.gemini/antigravity/scratch/teacher-tracking/src/components/pages/DailyTasksPage.tsx [Client Component Browser]
    ./.gemini/antigravity/scratch/teacher-tracking/src/components/AppShell.tsx [Client Component Browser]
    ./.gemini/antigravity/scratch/teacher-tracking/src/app/page.tsx [Client Component Browser]
    ./.gemini/antigravity/scratch/teacher-tracking/src/app/page.tsx [Server Component]

  Client Component SSR:
    ./.gemini/antigravity/scratch/teacher-tracking/node_modules/lucide-react/dist/esm/icons/index.mjs [Client Component SSR]
    ./.gemini/antigravity/scratch/teacher-tracking/node_modules/lucide-react/dist/esm/lucide-react.mjs [Client Component SSR]
    ./.gemini/antigravity/scratch/teacher-tracking/src/components/pages/DailyTasksPage.tsx [Client Component SSR]
    ./.gemini/antigravity/scratch/teacher-tracking/src/components/AppShell.tsx [Client Component SSR]
    ./.gemini/antigravity/scratch/teacher-tracking/src/app/page.tsx [Client Component SSR]
    ./.gemini/antigravity/scratch/teacher-tracking/src/app/page.tsx [Server Component]

https://nextjs.org/docs/messages/module-not-found


./.gemini/antigravity/scratch/teacher-tracking/node_modules/lucide-react/dist/esm/icons/index.mjs:1556:1
Module not found: Can't resolve './torus.mjs'
  [90m1554 |[0m [36mexport[0m { [36mdefault[0m [36mas[0m [33mToolCase[0m } [36mfrom[0m [32m'./tool-case.mjs'[0m;
  [90m1555 |[0m [36mexport[0m { [36mdefault[0m [36mas[0m [33mTouchpadOff[0m } [36mfrom[0m [32m'./touchpad-off.mjs'[0m;
[31m[1m>[0m [90m1556 |[0m [36mexport[0m { [36mdefault[0m [36mas[0m [33mTorus[0m } [36mfrom[0m [32m'./torus.mjs'[0m;
  [90m     |[0m [31m[1m^^^^^^^^^^^^^^^^^^^^^^^^^^^^^^^^^^^^^^^^^^^^^^^[0m
  [90m1557 |[0m [36mexport[0m { [36mdefault[0m [36mas[0m [33mTouchpad[0m } [36mfrom[0m [32m'./touchpad.mjs'[0m;
  [90m1558 |[0m [36mexport[0m { [36mdefault[0m [36mas[0m [33mTowelRack[0m } [36mfrom[0m [32m'./towel-rack.mjs'[0m;
  [90m1559 |[0m [36mexport[0m { [36mdefault[0m [36mas[0m [33mTowerControl[0m } [36mfrom[0m [32m'./tower-control.mjs'[0m;



Import traces:
  Client Component Browser:
    ./.gemini/antigravity/scratch/teacher-tracking/node_modules/lucide-react/dist/esm/icons/index.mjs [Client Component Browser]
    ./.gemini/antigravity/scratch/teacher-tracking/node_modules/lucide-react/dist/esm/lucide-react.mjs [Client Component Browser]
    ./.gemini/antigravity/scratch/teacher-tracking/src/components/pages/DailyTasksPage.tsx [Client Component Browser]
    ./.gemini/antigravity/scratch/teacher-tracking/src/components/AppShell.tsx [Client Component Browser]
    ./.gemini/antigravity/scratch/teacher-tracking/src/app/page.tsx [Client Component Browser]
    ./.gemini/antigravity/scratch/teacher-tracking/src/app/page.tsx [Server Component]

  Client Component SSR:
    ./.gemini/antigravity/scratch/teacher-tracking/node_modules/lucide-react/dist/esm/icons/index.mjs [Client Component SSR]
    ./.gemini/antigravity/scratch/teacher-tracking/node_modules/lucide-react/dist/esm/lucide-react.mjs [Client Component SSR]
    ./.gemini/antigravity/scratch/teacher-tracking/src/components/pages/DailyTasksPage.tsx [Client Component SSR]
    ./.gemini/antigravity/scratch/teacher-tracking/src/components/AppShell.tsx [Client Component SSR]
    ./.gemini/antigravity/scratch/teacher-tracking/src/app/page.tsx [Client Component SSR]
    ./.gemini/antigravity/scratch/teacher-tracking/src/app/page.tsx [Server Component]

https://nextjs.org/docs/messages/module-not-found


./.gemini/antigravity/scratch/teacher-tracking/node_modules/lucide-react/dist/esm/icons/index.mjs:1555:1
Module not found: Can't resolve './touchpad-off.mjs'
  [90m1553 |[0m [36mexport[0m { [36mdefault[0m [36mas[0m [33mTornado[0m } [36mfrom[0m [32m'./tornado.mjs'[0m;
  [90m1554 |[0m [36mexport[0m { [36mdefault[0m [36mas[0m [33mToolCase[0m } [36mfrom[0m [32m'./tool-case.mjs'[0m;
[31m[1m>[0m [90m1555 |[0m [36mexport[0m { [36mdefault[0m [36mas[0m [33mTouchpadOff[0m } [36mfrom[0m [32m'./touchpad-off.mjs'[0m;
  [90m     |[0m [31m[1m^^^^^^^^^^^^^^^^^^^^^^^^^^^^^^^^^^^^^^^^^^^^^^^^^^^^^^^^^^^^[0m
  [90m1556 |[0m [36mexport[0m { [36mdefault[0m [36mas[0m [33mTorus[0m } [36mfrom[0m [32m'./torus.mjs'[0m;
  [90m1557 |[0m [36mexport[0m { [36mdefault[0m [36mas[0m [33mTouchpad[0m } [36mfrom[0m [32m'./touchpad.mjs'[0m;
  [90m1558 |[0m [36mexport[0m { [36mdefault[0m [36mas[0m [33mTowelRack[0m } [36mfrom[0m [32m'./towel-rack.mjs'[0m;



Import traces:
  Client Component Browser:
    ./.gemini/antigravity/scratch/teacher-tracking/node_modules/lucide-react/dist/esm/icons/index.mjs [Client Component Browser]
    ./.gemini/antigravity/scratch/teacher-tracking/node_modules/lucide-react/dist/esm/lucide-react.mjs [Client Component Browser]
    ./.gemini/antigravity/scratch/teacher-tracking/src/components/pages/DailyTasksPage.tsx [Client Component Browser]
    ./.gemini/antigravity/scratch/teacher-tracking/src/components/AppShell.tsx [Client Component Browser]
    ./.gemini/antigravity/scratch/teacher-tracking/src/app/page.tsx [Client Component Browser]
    ./.gemini/antigravity/scratch/teacher-tracking/src/app/page.tsx [Server Component]

  Client Component SSR:
    ./.gemini/antigravity/scratch/teacher-tracking/node_modules/lucide-react/dist/esm/icons/index.mjs [Client Component SSR]
    ./.gemini/antigravity/scratch/teacher-tracking/node_modules/lucide-react/dist/esm/lucide-react.mjs [Client Component SSR]
    ./.gemini/antigravity/scratch/teacher-tracking/src/components/pages/DailyTasksPage.tsx [Client Component SSR]
    ./.gemini/antigravity/scratch/teacher-tracking/src/components/AppShell.tsx [Client Component SSR]
    ./.gemini/antigravity/scratch/teacher-tracking/src/app/page.tsx [Client Component SSR]
    ./.gemini/antigravity/scratch/teacher-tracking/src/app/page.tsx [Server Component]

https://nextjs.org/docs/messages/module-not-found


./.gemini/antigravity/scratch/teacher-tracking/node_modules/lucide-react/dist/esm/icons/index.mjs:1557:1
Module not found: Can't resolve './touchpad.mjs'
  [90m1555 |[0m [36mexport[0m { [36mdefault[0m [36mas[0m [33mTouchpadOff[0m } [36mfrom[0m [32m'./touchpad-off.mjs'[0m;
  [90m1556 |[0m [36mexport[0m { [36mdefault[0m [36mas[0m [33mTorus[0m } [36mfrom[0m [32m'./torus.mjs'[0m;
[31m[1m>[0m [90m1557 |[0m [36mexport[0m { [36mdefault[0m [36mas[0m [33mTouchpad[0m } [36mfrom[0m [32m'./touchpad.mjs'[0m;
  [90m     |[0m [31m[1m^^^^^^^^^^^^^^^^^^^^^^^^^^^^^^^^^^^^^^^^^^^^^^^^^^^^^[0m
  [90m1558 |[0m [36mexport[0m { [36mdefault[0m [36mas[0m [33mTowelRack[0m } [36mfrom[0m [32m'./towel-rack.mjs'[0m;
  [90m1559 |[0m [36mexport[0m { [36mdefault[0m [36mas[0m [33mTowerControl[0m } [36mfrom[0m [32m'./tower-control.mjs'[0m;
  [90m1560 |[0m [36mexport[0m { [36mdefault[0m [36mas[0m [33mToyBrick[0m } [36mfrom[0m [32m'./toy-brick.mjs'[0m;



Import traces:
  Client Component Browser:
    ./.gemini/antigravity/scratch/teacher-tracking/node_modules/lucide-react/dist/esm/icons/index.mjs [Client Component Browser]
    ./.gemini/antigravity/scratch/teacher-tracking/node_modules/lucide-react/dist/esm/lucide-react.mjs [Client Component Browser]
    ./.gemini/antigravity/scratch/teacher-tracking/src/components/pages/DailyTasksPage.tsx [Client Component Browser]
    ./.gemini/antigravity/scratch/teacher-tracking/src/components/AppShell.tsx [Client Component Browser]
    ./.gemini/antigravity/scratch/teacher-tracking/src/app/page.tsx [Client Component Browser]
    ./.gemini/antigravity/scratch/teacher-tracking/src/app/page.tsx [Server Component]

  Client Component SSR:
    ./.gemini/antigravity/scratch/teacher-tracking/node_modules/lucide-react/dist/esm/icons/index.mjs [Client Component SSR]
    ./.gemini/antigravity/scratch/teacher-tracking/node_modules/lucide-react/dist/esm/lucide-react.mjs [Client Component SSR]
    ./.gemini/antigravity/scratch/teacher-tracking/src/components/pages/DailyTasksPage.tsx [Client Component SSR]
    ./.gemini/antigravity/scratch/teacher-tracking/src/components/AppShell.tsx [Client Component SSR]
    ./.gemini/antigravity/scratch/teacher-tracking/src/app/page.tsx [Client Component SSR]
    ./.gemini/antigravity/scratch/teacher-tracking/src/app/page.tsx [Server Component]

https://nextjs.org/docs/messages/module-not-found


./.gemini/antigravity/scratch/teacher-tracking/node_modules/lucide-react/dist/esm/icons/index.mjs:1558:1
Module not found: Can't resolve './towel-rack.mjs'
  [90m1556 |[0m [36mexport[0m { [36mdefault[0m [36mas[0m [33mTorus[0m } [36mfrom[0m [32m'./torus.mjs'[0m;
  [90m1557 |[0m [36mexport[0m { [36mdefault[0m [36mas[0m [33mTouchpad[0m } [36mfrom[0m [32m'./touchpad.mjs'[0m;
[31m[1m>[0m [90m1558 |[0m [36mexport[0m { [36mdefault[0m [36mas[0m [33mTowelRack[0m } [36mfrom[0m [32m'./towel-rack.mjs'[0m;
  [90m     |[0m [31m[1m^^^^^^^^^^^^^^^^^^^^^^^^^^^^^^^^^^^^^^^^^^^^^^^^^^^^^^^^[0m
  [90m1559 |[0m [36mexport[0m { [36mdefault[0m [36mas[0m [33mTowerControl[0m } [36mfrom[0m [32m'./tower-control.mjs'[0m;
  [90m1560 |[0m [36mexport[0m { [36mdefault[0m [36mas[0m [33mToyBrick[0m } [36mfrom[0m [32m'./toy-brick.mjs'[0m;
  [90m1561 |[0m [36mexport[0m { [36mdefault[0m [36mas[0m [33mTrafficCone[0m } [36mfrom[0m [32m'./traffic-cone.mjs'[0m;



Import traces:
  Client Component Browser:
    ./.gemini/antigravity/scratch/teacher-tracking/node_modules/lucide-react/dist/esm/icons/index.mjs [Client Component Browser]
    ./.gemini/antigravity/scratch/teacher-tracking/node_modules/lucide-react/dist/esm/lucide-react.mjs [Client Component Browser]
    ./.gemini/antigravity/scratch/teacher-tracking/src/components/pages/DailyTasksPage.tsx [Client Component Browser]
    ./.gemini/antigravity/scratch/teacher-tracking/src/components/AppShell.tsx [Client Component Browser]
    ./.gemini/antigravity/scratch/teacher-tracking/src/app/page.tsx [Client Component Browser]
    ./.gemini/antigravity/scratch/teacher-tracking/src/app/page.tsx [Server Component]

  Client Component SSR:
    ./.gemini/antigravity/scratch/teacher-tracking/node_modules/lucide-react/dist/esm/icons/index.mjs [Client Component SSR]
    ./.gemini/antigravity/scratch/teacher-tracking/node_modules/lucide-react/dist/esm/lucide-react.mjs [Client Component SSR]
    ./.gemini/antigravity/scratch/teacher-tracking/src/components/pages/DailyTasksPage.tsx [Client Component SSR]
    ./.gemini/antigravity/scratch/teacher-tracking/src/components/AppShell.tsx [Client Component SSR]
    ./.gemini/antigravity/scratch/teacher-tracking/src/app/page.tsx [Client Component SSR]
    ./.gemini/antigravity/scratch/teacher-tracking/src/app/page.tsx [Server Component]

https://nextjs.org/docs/messages/module-not-found


./.gemini/antigravity/scratch/teacher-tracking/node_modules/lucide-react/dist/esm/icons/index.mjs:1559:1
Module not found: Can't resolve './tower-control.mjs'
  [90m1557 |[0m [36mexport[0m { [36mdefault[0m [36mas[0m [33mTouchpad[0m } [36mfrom[0m [32m'./touchpad.mjs'[0m;
  [90m1558 |[0m [36mexport[0m { [36mdefault[0m [36mas[0m [33mTowelRack[0m } [36mfrom[0m [32m'./towel-rack.mjs'[0m;
[31m[1m>[0m [90m1559 |[0m [36mexport[0m { [36mdefault[0m [36mas[0m [33mTowerControl[0m } [36mfrom[0m [32m'./tower-control.mjs'[0m;
  [90m     |[0m [31m[1m^^^^^^^^^^^^^^^^^^^^^^^^^^^^^^^^^^^^^^^^^^^^^^^^^^^^^^^^^^^^^^[0m
  [90m1560 |[0m [36mexport[0m { [36mdefault[0m [36mas[0m [33mToyBrick[0m } [36mfrom[0m [32m'./toy-brick.mjs'[0m;
  [90m1561 |[0m [36mexport[0m { [36mdefault[0m [36mas[0m [33mTrafficCone[0m } [36mfrom[0m [32m'./traffic-cone.mjs'[0m;
  [90m1562 |[0m [36mexport[0m { [36mdefault[0m [36mas[0m [33mTractor[0m } [36mfrom[0m [32m'./tractor.mjs'[0m;



Import traces:
  Client Component Browser:
    ./.gemini/antigravity/scratch/teacher-tracking/node_modules/lucide-react/dist/esm/icons/index.mjs [Client Component Browser]
    ./.gemini/antigravity/scratch/teacher-tracking/node_modules/lucide-react/dist/esm/lucide-react.mjs [Client Component Browser]
    ./.gemini/antigravity/scratch/teacher-tracking/src/components/pages/DailyTasksPage.tsx [Client Component Browser]
    ./.gemini/antigravity/scratch/teacher-tracking/src/components/AppShell.tsx [Client Component Browser]
    ./.gemini/antigravity/scratch/teacher-tracking/src/app/page.tsx [Client Component Browser]
    ./.gemini/antigravity/scratch/teacher-tracking/src/app/page.tsx [Server Component]

  Client Component SSR:
    ./.gemini/antigravity/scratch/teacher-tracking/node_modules/lucide-react/dist/esm/icons/index.mjs [Client Component SSR]
    ./.gemini/antigravity/scratch/teacher-tracking/node_modules/lucide-react/dist/esm/lucide-react.mjs [Client Component SSR]
    ./.gemini/antigravity/scratch/teacher-tracking/src/components/pages/DailyTasksPage.tsx [Client Component SSR]
    ./.gemini/antigravity/scratch/teacher-tracking/src/components/AppShell.tsx [Client Component SSR]
    ./.gemini/antigravity/scratch/teacher-tracking/src/app/page.tsx [Client Component SSR]
    ./.gemini/antigravity/scratch/teacher-tracking/src/app/page.tsx [Server Component]

https://nextjs.org/docs/messages/module-not-found


./.gemini/antigravity/scratch/teacher-tracking/node_modules/lucide-react/dist/esm/icons/index.mjs:1560:1
Module not found: Can't resolve './toy-brick.mjs'
  [90m1558 |[0m [36mexport[0m { [36mdefault[0m [36mas[0m [33mTowelRack[0m } [36mfrom[0m [32m'./towel-rack.mjs'[0m;
  [90m1559 |[0m [36mexport[0m { [36mdefault[0m [36mas[0m [33mTowerControl[0m } [36mfrom[0m [32m'./tower-control.mjs'[0m;
[31m[1m>[0m [90m1560 |[0m [36mexport[0m { [36mdefault[0m [36mas[0m [33mToyBrick[0m } [36mfrom[0m [32m'./toy-brick.mjs'[0m;
  [90m     |[0m [31m[1m^^^^^^^^^^^^^^^^^^^^^^^^^^^^^^^^^^^^^^^^^^^^^^^^^^^^^^[0m
  [90m1561 |[0m [36mexport[0m { [36mdefault[0m [36mas[0m [33mTrafficCone[0m } [36mfrom[0m [32m'./traffic-cone.mjs'[0m;
  [90m1562 |[0m [36mexport[0m { [36mdefault[0m [36mas[0m [33mTractor[0m } [36mfrom[0m [32m'./tractor.mjs'[0m;
  [90m1563 |[0m [36mexport[0m { [36mdefault[0m [36mas[0m [33mTrainFrontTunnel[0m } [36mfrom[0m [32m'./train-front-tunnel.mjs'[0m;



Import traces:
  Client Component Browser:
    ./.gemini/antigravity/scratch/teacher-tracking/node_modules/lucide-react/dist/esm/icons/index.mjs [Client Component Browser]
    ./.gemini/antigravity/scratch/teacher-tracking/node_modules/lucide-react/dist/esm/lucide-react.mjs [Client Component Browser]
    ./.gemini/antigravity/scratch/teacher-tracking/src/components/pages/DailyTasksPage.tsx [Client Component Browser]
    ./.gemini/antigravity/scratch/teacher-tracking/src/components/AppShell.tsx [Client Component Browser]
    ./.gemini/antigravity/scratch/teacher-tracking/src/app/page.tsx [Client Component Browser]
    ./.gemini/antigravity/scratch/teacher-tracking/src/app/page.tsx [Server Component]

  Client Component SSR:
    ./.gemini/antigravity/scratch/teacher-tracking/node_modules/lucide-react/dist/esm/icons/index.mjs [Client Component SSR]
    ./.gemini/antigravity/scratch/teacher-tracking/node_modules/lucide-react/dist/esm/lucide-react.mjs [Client Component SSR]
    ./.gemini/antigravity/scratch/teacher-tracking/src/components/pages/DailyTasksPage.tsx [Client Component SSR]
    ./.gemini/antigravity/scratch/teacher-tracking/src/components/AppShell.tsx [Client Component SSR]
    ./.gemini/antigravity/scratch/teacher-tracking/src/app/page.tsx [Client Component SSR]
    ./.gemini/antigravity/scratch/teacher-tracking/src/app/page.tsx [Server Component]

https://nextjs.org/docs/messages/module-not-found


./.gemini/antigravity/scratch/teacher-tracking/node_modules/lucide-react/dist/esm/icons/index.mjs:1562:1
Module not found: Can't resolve './tractor.mjs'
  [90m1560 |[0m [36mexport[0m { [36mdefault[0m [36mas[0m [33mToyBrick[0m } [36mfrom[0m [32m'./toy-brick.mjs'[0m;
  [90m1561 |[0m [36mexport[0m { [36mdefault[0m [36mas[0m [33mTrafficCone[0m } [36mfrom[0m [32m'./traffic-cone.mjs'[0m;
[31m[1m>[0m [90m1562 |[0m [36mexport[0m { [36mdefault[0m [36mas[0m [33mTractor[0m } [36mfrom[0m [32m'./tractor.mjs'[0m;
  [90m     |[0m [31m[1m^^^^^^^^^^^^^^^^^^^^^^^^^^^^^^^^^^^^^^^^^^^^^^^^^^^[0m
  [90m1563 |[0m [36mexport[0m { [36mdefault[0m [36mas[0m [33mTrainFrontTunnel[0m } [36mfrom[0m [32m'./train-front-tunnel.mjs'[0m;
  [90m1564 |[0m [36mexport[0m { [36mdefault[0m [36mas[0m [33mTrainFront[0m } [36mfrom[0m [32m'./train-front.mjs'[0m;
  [90m1565 |[0m [36mexport[0m { [36mdefault[0m [36mas[0m [33mTrainTrack[0m } [36mfrom[0m [32m'./train-track.mjs'[0m;



Import traces:
  Client Component Browser:
    ./.gemini/antigravity/scratch/teacher-tracking/node_modules/lucide-react/dist/esm/icons/index.mjs [Client Component Browser]
    ./.gemini/antigravity/scratch/teacher-tracking/node_modules/lucide-react/dist/esm/lucide-react.mjs [Client Component Browser]
    ./.gemini/antigravity/scratch/teacher-tracking/src/components/pages/DailyTasksPage.tsx [Client Component Browser]
    ./.gemini/antigravity/scratch/teacher-tracking/src/components/AppShell.tsx [Client Component Browser]
    ./.gemini/antigravity/scratch/teacher-tracking/src/app/page.tsx [Client Component Browser]
    ./.gemini/antigravity/scratch/teacher-tracking/src/app/page.tsx [Server Component]

  Client Component SSR:
    ./.gemini/antigravity/scratch/teacher-tracking/node_modules/lucide-react/dist/esm/icons/index.mjs [Client Component SSR]
    ./.gemini/antigravity/scratch/teacher-tracking/node_modules/lucide-react/dist/esm/lucide-react.mjs [Client Component SSR]
    ./.gemini/antigravity/scratch/teacher-tracking/src/components/pages/DailyTasksPage.tsx [Client Component SSR]
    ./.gemini/antigravity/scratch/teacher-tracking/src/components/AppShell.tsx [Client Component SSR]
    ./.gemini/antigravity/scratch/teacher-tracking/src/app/page.tsx [Client Component SSR]
    ./.gemini/antigravity/scratch/teacher-tracking/src/app/page.tsx [Server Component]

https://nextjs.org/docs/messages/module-not-found


./.gemini/antigravity/scratch/teacher-tracking/node_modules/lucide-react/dist/esm/icons/index.mjs:1561:1
Module not found: Can't resolve './traffic-cone.mjs'
  [90m1559 |[0m [36mexport[0m { [36mdefault[0m [36mas[0m [33mTowerControl[0m } [36mfrom[0m [32m'./tower-control.mjs'[0m;
  [90m1560 |[0m [36mexport[0m { [36mdefault[0m [36mas[0m [33mToyBrick[0m } [36mfrom[0m [32m'./toy-brick.mjs'[0m;
[31m[1m>[0m [90m1561 |[0m [36mexport[0m { [36mdefault[0m [36mas[0m [33mTrafficCone[0m } [36mfrom[0m [32m'./traffic-cone.mjs'[0m;
  [90m     |[0m [31m[1m^^^^^^^^^^^^^^^^^^^^^^^^^^^^^^^^^^^^^^^^^^^^^^^^^^^^^^^^^^^^[0m
  [90m1562 |[0m [36mexport[0m { [36mdefault[0m [36mas[0m [33mTractor[0m } [36mfrom[0m [32m'./tractor.mjs'[0m;
  [90m1563 |[0m [36mexport[0m { [36mdefault[0m [36mas[0m [33mTrainFrontTunnel[0m } [36mfrom[0m [32m'./train-front-tunnel.mjs'[0m;
  [90m1564 |[0m [36mexport[0m { [36mdefault[0m [36mas[0m [33mTrainFront[0m } [36mfrom[0m [32m'./train-front.mjs'[0m;



Import traces:
  Client Component Browser:
    ./.gemini/antigravity/scratch/teacher-tracking/node_modules/lucide-react/dist/esm/icons/index.mjs [Client Component Browser]
    ./.gemini/antigravity/scratch/teacher-tracking/node_modules/lucide-react/dist/esm/lucide-react.mjs [Client Component Browser]
    ./.gemini/antigravity/scratch/teacher-tracking/src/components/pages/DailyTasksPage.tsx [Client Component Browser]
    ./.gemini/antigravity/scratch/teacher-tracking/src/components/AppShell.tsx [Client Component Browser]
    ./.gemini/antigravity/scratch/teacher-tracking/src/app/page.tsx [Client Component Browser]
    ./.gemini/antigravity/scratch/teacher-tracking/src/app/page.tsx [Server Component]

  Client Component SSR:
    ./.gemini/antigravity/scratch/teacher-tracking/node_modules/lucide-react/dist/esm/icons/index.mjs [Client Component SSR]
    ./.gemini/antigravity/scratch/teacher-tracking/node_modules/lucide-react/dist/esm/lucide-react.mjs [Client Component SSR]
    ./.gemini/antigravity/scratch/teacher-tracking/src/components/pages/DailyTasksPage.tsx [Client Component SSR]
    ./.gemini/antigravity/scratch/teacher-tracking/src/components/AppShell.tsx [Client Component SSR]
    ./.gemini/antigravity/scratch/teacher-tracking/src/app/page.tsx [Client Component SSR]
    ./.gemini/antigravity/scratch/teacher-tracking/src/app/page.tsx [Server Component]

https://nextjs.org/docs/messages/module-not-found


./.gemini/antigravity/scratch/teacher-tracking/node_modules/lucide-react/dist/esm/icons/index.mjs:1563:1
Module not found: Can't resolve './train-front-tunnel.mjs'
  [90m1561 |[0m [36mexport[0m { [36mdefault[0m [36mas[0m [33mTrafficCone[0m } [36mfrom[0m [32m'./traffic-cone.mjs'[0m;
  [90m1562 |[0m [36mexport[0m { [36mdefault[0m [36mas[0m [33mTractor[0m } [36mfrom[0m [32m'./tractor.mjs'[0m;
[31m[1m>[0m [90m1563 |[0m [36mexport[0m { [36mdefault[0m [36mas[0m [33mTrainFrontTunnel[0m } [36mfrom[0m [32m'./train-front-tunnel.mjs'[0m;
  [90m     |[0m [31m[1m^^^^^^^^^^^^^^^^^^^^^^^^^^^^^^^^^^^^^^^^^^^^^^^^^^^^^^^^^^^^^^^^^^^^^^^[0m
  [90m1564 |[0m [36mexport[0m { [36mdefault[0m [36mas[0m [33mTrainFront[0m } [36mfrom[0m [32m'./train-front.mjs'[0m;
  [90m1565 |[0m [36mexport[0m { [36mdefault[0m [36mas[0m [33mTrainTrack[0m } [36mfrom[0m [32m'./train-track.mjs'[0m;
  [90m1566 |[0m [36mexport[0m { [36mdefault[0m [36mas[0m [33mTramFront[0m } [36mfrom[0m [32m'./tram-front.mjs'[0m;



Import traces:
  Client Component Browser:
    ./.gemini/antigravity/scratch/teacher-tracking/node_modules/lucide-react/dist/esm/icons/index.mjs [Client Component Browser]
    ./.gemini/antigravity/scratch/teacher-tracking/node_modules/lucide-react/dist/esm/lucide-react.mjs [Client Component Browser]
    ./.gemini/antigravity/scratch/teacher-tracking/src/components/pages/DailyTasksPage.tsx [Client Component Browser]
    ./.gemini/antigravity/scratch/teacher-tracking/src/components/AppShell.tsx [Client Component Browser]
    ./.gemini/antigravity/scratch/teacher-tracking/src/app/page.tsx [Client Component Browser]
    ./.gemini/antigravity/scratch/teacher-tracking/src/app/page.tsx [Server Component]

  Client Component SSR:
    ./.gemini/antigravity/scratch/teacher-tracking/node_modules/lucide-react/dist/esm/icons/index.mjs [Client Component SSR]
    ./.gemini/antigravity/scratch/teacher-tracking/node_modules/lucide-react/dist/esm/lucide-react.mjs [Client Component SSR]
    ./.gemini/antigravity/scratch/teacher-tracking/src/components/pages/DailyTasksPage.tsx [Client Component SSR]
    ./.gemini/antigravity/scratch/teacher-tracking/src/components/AppShell.tsx [Client Component SSR]
    ./.gemini/antigravity/scratch/teacher-tracking/src/app/page.tsx [Client Component SSR]
    ./.gemini/antigravity/scratch/teacher-tracking/src/app/page.tsx [Server Component]

https://nextjs.org/docs/messages/module-not-found


./.gemini/antigravity/scratch/teacher-tracking/node_modules/lucide-react/dist/esm/icons/index.mjs:1564:1
Module not found: Can't resolve './train-front.mjs'
  [90m1562 |[0m [36mexport[0m { [36mdefault[0m [36mas[0m [33mTractor[0m } [36mfrom[0m [32m'./tractor.mjs'[0m;
  [90m1563 |[0m [36mexport[0m { [36mdefault[0m [36mas[0m [33mTrainFrontTunnel[0m } [36mfrom[0m [32m'./train-front-tunnel.mjs'[0m;
[31m[1m>[0m [90m1564 |[0m [36mexport[0m { [36mdefault[0m [36mas[0m [33mTrainFront[0m } [36mfrom[0m [32m'./train-front.mjs'[0m;
  [90m     |[0m [31m[1m^^^^^^^^^^^^^^^^^^^^^^^^^^^^^^^^^^^^^^^^^^^^^^^^^^^^^^^^^^[0m
  [90m1565 |[0m [36mexport[0m { [36mdefault[0m [36mas[0m [33mTrainTrack[0m } [36mfrom[0m [32m'./train-track.mjs'[0m;
  [90m1566 |[0m [36mexport[0m { [36mdefault[0m [36mas[0m [33mTramFront[0m } [36mfrom[0m [32m'./tram-front.mjs'[0m;
  [90m1567 |[0m [36mexport[0m { [36mdefault[0m [36mas[0m [33mTransgender[0m } [36mfrom[0m [32m'./transgender.mjs'[0m;



Import traces:
  Client Component Browser:
    ./.gemini/antigravity/scratch/teacher-tracking/node_modules/lucide-react/dist/esm/icons/index.mjs [Client Component Browser]
    ./.gemini/antigravity/scratch/teacher-tracking/node_modules/lucide-react/dist/esm/lucide-react.mjs [Client Component Browser]
    ./.gemini/antigravity/scratch/teacher-tracking/src/components/pages/DailyTasksPage.tsx [Client Component Browser]
    ./.gemini/antigravity/scratch/teacher-tracking/src/components/AppShell.tsx [Client Component Browser]
    ./.gemini/antigravity/scratch/teacher-tracking/src/app/page.tsx [Client Component Browser]
    ./.gemini/antigravity/scratch/teacher-tracking/src/app/page.tsx [Server Component]

  Client Component SSR:
    ./.gemini/antigravity/scratch/teacher-tracking/node_modules/lucide-react/dist/esm/icons/index.mjs [Client Component SSR]
    ./.gemini/antigravity/scratch/teacher-tracking/node_modules/lucide-react/dist/esm/lucide-react.mjs [Client Component SSR]
    ./.gemini/antigravity/scratch/teacher-tracking/src/components/pages/DailyTasksPage.tsx [Client Component SSR]
    ./.gemini/antigravity/scratch/teacher-tracking/src/components/AppShell.tsx [Client Component SSR]
    ./.gemini/antigravity/scratch/teacher-tracking/src/app/page.tsx [Client Component SSR]
    ./.gemini/antigravity/scratch/teacher-tracking/src/app/page.tsx [Server Component]

https://nextjs.org/docs/messages/module-not-found


./.gemini/antigravity/scratch/teacher-tracking/node_modules/lucide-react/dist/esm/icons/index.mjs:1565:1
Module not found: Can't resolve './train-track.mjs'
  [90m1563 |[0m [36mexport[0m { [36mdefault[0m [36mas[0m [33mTrainFrontTunnel[0m } [36mfrom[0m [32m'./train-front-tunnel.mjs'[0m;
  [90m1564 |[0m [36mexport[0m { [36mdefault[0m [36mas[0m [33mTrainFront[0m } [36mfrom[0m [32m'./train-front.mjs'[0m;
[31m[1m>[0m [90m1565 |[0m [36mexport[0m { [36mdefault[0m [36mas[0m [33mTrainTrack[0m } [36mfrom[0m [32m'./train-track.mjs'[0m;
  [90m     |[0m [31m[1m^^^^^^^^^^^^^^^^^^^^^^^^^^^^^^^^^^^^^^^^^^^^^^^^^^^^^^^^^^[0m
  [90m1566 |[0m [36mexport[0m { [36mdefault[0m [36mas[0m [33mTramFront[0m } [36mfrom[0m [32m'./tram-front.mjs'[0m;
  [90m1567 |[0m [36mexport[0m { [36mdefault[0m [36mas[0m [33mTransgender[0m } [36mfrom[0m [32m'./transgender.mjs'[0m;
  [90m1568 |[0m [36mexport[0m { [36mdefault[0m [36mas[0m [33mTrash2[0m } [36mfrom[0m [32m'./trash-2.mjs'[0m;



Import traces:
  Client Component Browser:
    ./.gemini/antigravity/scratch/teacher-tracking/node_modules/lucide-react/dist/esm/icons/index.mjs [Client Component Browser]
    ./.gemini/antigravity/scratch/teacher-tracking/node_modules/lucide-react/dist/esm/lucide-react.mjs [Client Component Browser]
    ./.gemini/antigravity/scratch/teacher-tracking/src/components/pages/DailyTasksPage.tsx [Client Component Browser]
    ./.gemini/antigravity/scratch/teacher-tracking/src/components/AppShell.tsx [Client Component Browser]
    ./.gemini/antigravity/scratch/teacher-tracking/src/app/page.tsx [Client Component Browser]
    ./.gemini/antigravity/scratch/teacher-tracking/src/app/page.tsx [Server Component]

  Client Component SSR:
    ./.gemini/antigravity/scratch/teacher-tracking/node_modules/lucide-react/dist/esm/icons/index.mjs [Client Component SSR]
    ./.gemini/antigravity/scratch/teacher-tracking/node_modules/lucide-react/dist/esm/lucide-react.mjs [Client Component SSR]
    ./.gemini/antigravity/scratch/teacher-tracking/src/components/pages/DailyTasksPage.tsx [Client Component SSR]
    ./.gemini/antigravity/scratch/teacher-tracking/src/components/AppShell.tsx [Client Component SSR]
    ./.gemini/antigravity/scratch/teacher-tracking/src/app/page.tsx [Client Component SSR]
    ./.gemini/antigravity/scratch/teacher-tracking/src/app/page.tsx [Server Component]

https://nextjs.org/docs/messages/module-not-found


./.gemini/antigravity/scratch/teacher-tracking/node_modules/lucide-react/dist/esm/icons/index.mjs:1566:1
Module not found: Can't resolve './tram-front.mjs'
  [90m1564 |[0m [36mexport[0m { [36mdefault[0m [36mas[0m [33mTrainFront[0m } [36mfrom[0m [32m'./train-front.mjs'[0m;
  [90m1565 |[0m [36mexport[0m { [36mdefault[0m [36mas[0m [33mTrainTrack[0m } [36mfrom[0m [32m'./train-track.mjs'[0m;
[31m[1m>[0m [90m1566 |[0m [36mexport[0m { [36mdefault[0m [36mas[0m [33mTramFront[0m } [36mfrom[0m [32m'./tram-front.mjs'[0m;
  [90m     |[0m [31m[1m^^^^^^^^^^^^^^^^^^^^^^^^^^^^^^^^^^^^^^^^^^^^^^^^^^^^^^^^[0m
  [90m1567 |[0m [36mexport[0m { [36mdefault[0m [36mas[0m [33mTransgender[0m } [36mfrom[0m [32m'./transgender.mjs'[0m;
  [90m1568 |[0m [36mexport[0m { [36mdefault[0m [36mas[0m [33mTrash2[0m } [36mfrom[0m [32m'./trash-2.mjs'[0m;
  [90m1569 |[0m [36mexport[0m { [36mdefault[0m [36mas[0m [33mTrash[0m } [36mfrom[0m [32m'./trash.mjs'[0m;



Import traces:
  Client Component Browser:
    ./.gemini/antigravity/scratch/teacher-tracking/node_modules/lucide-react/dist/esm/icons/index.mjs [Client Component Browser]
    ./.gemini/antigravity/scratch/teacher-tracking/node_modules/lucide-react/dist/esm/lucide-react.mjs [Client Component Browser]
    ./.gemini/antigravity/scratch/teacher-tracking/src/components/pages/DailyTasksPage.tsx [Client Component Browser]
    ./.gemini/antigravity/scratch/teacher-tracking/src/components/AppShell.tsx [Client Component Browser]
    ./.gemini/antigravity/scratch/teacher-tracking/src/app/page.tsx [Client Component Browser]
    ./.gemini/antigravity/scratch/teacher-tracking/src/app/page.tsx [Server Component]

  Client Component SSR:
    ./.gemini/antigravity/scratch/teacher-tracking/node_modules/lucide-react/dist/esm/icons/index.mjs [Client Component SSR]
    ./.gemini/antigravity/scratch/teacher-tracking/node_modules/lucide-react/dist/esm/lucide-react.mjs [Client Component SSR]
    ./.gemini/antigravity/scratch/teacher-tracking/src/components/pages/DailyTasksPage.tsx [Client Component SSR]
    ./.gemini/antigravity/scratch/teacher-tracking/src/components/AppShell.tsx [Client Component SSR]
    ./.gemini/antigravity/scratch/teacher-tracking/src/app/page.tsx [Client Component SSR]
    ./.gemini/antigravity/scratch/teacher-tracking/src/app/page.tsx [Server Component]

https://nextjs.org/docs/messages/module-not-found


./.gemini/antigravity/scratch/teacher-tracking/node_modules/lucide-react/dist/esm/icons/index.mjs:1567:1
Module not found: Can't resolve './transgender.mjs'
  [90m1565 |[0m [36mexport[0m { [36mdefault[0m [36mas[0m [33mTrainTrack[0m } [36mfrom[0m [32m'./train-track.mjs'[0m;
  [90m1566 |[0m [36mexport[0m { [36mdefault[0m [36mas[0m [33mTramFront[0m } [36mfrom[0m [32m'./tram-front.mjs'[0m;
[31m[1m>[0m [90m1567 |[0m [36mexport[0m { [36mdefault[0m [36mas[0m [33mTransgender[0m } [36mfrom[0m [32m'./transgender.mjs'[0m;
  [90m     |[0m [31m[1m^^^^^^^^^^^^^^^^^^^^^^^^^^^^^^^^^^^^^^^^^^^^^^^^^^^^^^^^^^^[0m
  [90m1568 |[0m [36mexport[0m { [36mdefault[0m [36mas[0m [33mTrash2[0m } [36mfrom[0m [32m'./trash-2.mjs'[0m;
  [90m1569 |[0m [36mexport[0m { [36mdefault[0m [36mas[0m [33mTrash[0m } [36mfrom[0m [32m'./trash.mjs'[0m;
  [90m1570 |[0m [36mexport[0m { [36mdefault[0m [36mas[0m [33mTreeDeciduous[0m } [36mfrom[0m [32m'./tree-deciduous.mjs'[0m;



Import traces:
  Client Component Browser:
    ./.gemini/antigravity/scratch/teacher-tracking/node_modules/lucide-react/dist/esm/icons/index.mjs [Client Component Browser]
    ./.gemini/antigravity/scratch/teacher-tracking/node_modules/lucide-react/dist/esm/lucide-react.mjs [Client Component Browser]
    ./.gemini/antigravity/scratch/teacher-tracking/src/components/pages/DailyTasksPage.tsx [Client Component Browser]
    ./.gemini/antigravity/scratch/teacher-tracking/src/components/AppShell.tsx [Client Component Browser]
    ./.gemini/antigravity/scratch/teacher-tracking/src/app/page.tsx [Client Component Browser]
    ./.gemini/antigravity/scratch/teacher-tracking/src/app/page.tsx [Server Component]

  Client Component SSR:
    ./.gemini/antigravity/scratch/teacher-tracking/node_modules/lucide-react/dist/esm/icons/index.mjs [Client Component SSR]
    ./.gemini/antigravity/scratch/teacher-tracking/node_modules/lucide-react/dist/esm/lucide-react.mjs [Client Component SSR]
    ./.gemini/antigravity/scratch/teacher-tracking/src/components/pages/DailyTasksPage.tsx [Client Component SSR]
    ./.gemini/antigravity/scratch/teacher-tracking/src/components/AppShell.tsx [Client Component SSR]
    ./.gemini/antigravity/scratch/teacher-tracking/src/app/page.tsx [Client Component SSR]
    ./.gemini/antigravity/scratch/teacher-tracking/src/app/page.tsx [Server Component]

https://nextjs.org/docs/messages/module-not-found


./.gemini/antigravity/scratch/teacher-tracking/node_modules/lucide-react/dist/esm/icons/index.mjs:1568:1
Module not found: Can't resolve './trash-2.mjs'
  [90m1566 |[0m [36mexport[0m { [36mdefault[0m [36mas[0m [33mTramFront[0m } [36mfrom[0m [32m'./tram-front.mjs'[0m;
  [90m1567 |[0m [36mexport[0m { [36mdefault[0m [36mas[0m [33mTransgender[0m } [36mfrom[0m [32m'./transgender.mjs'[0m;
[31m[1m>[0m [90m1568 |[0m [36mexport[0m { [36mdefault[0m [36mas[0m [33mTrash2[0m } [36mfrom[0m [32m'./trash-2.mjs'[0m;
  [90m     |[0m [31m[1m^^^^^^^^^^^^^^^^^^^^^^^^^^^^^^^^^^^^^^^^^^^^^^^^^^[0m
  [90m1569 |[0m [36mexport[0m { [36mdefault[0m [36mas[0m [33mTrash[0m } [36mfrom[0m [32m'./trash.mjs'[0m;
  [90m1570 |[0m [36mexport[0m { [36mdefault[0m [36mas[0m [33mTreeDeciduous[0m } [36mfrom[0m [32m'./tree-deciduous.mjs'[0m;
  [90m1571 |[0m [36mexport[0m { [36mdefault[0m [36mas[0m [33mTreePalm[0m } [36mfrom[0m [32m'./tree-palm.mjs'[0m;



Import traces:
  Client Component Browser:
    ./.gemini/antigravity/scratch/teacher-tracking/node_modules/lucide-react/dist/esm/icons/index.mjs [Client Component Browser]
    ./.gemini/antigravity/scratch/teacher-tracking/node_modules/lucide-react/dist/esm/lucide-react.mjs [Client Component Browser]
    ./.gemini/antigravity/scratch/teacher-tracking/src/components/pages/DailyTasksPage.tsx [Client Component Browser]
    ./.gemini/antigravity/scratch/teacher-tracking/src/components/AppShell.tsx [Client Component Browser]
    ./.gemini/antigravity/scratch/teacher-tracking/src/app/page.tsx [Client Component Browser]
    ./.gemini/antigravity/scratch/teacher-tracking/src/app/page.tsx [Server Component]

  Client Component SSR:
    ./.gemini/antigravity/scratch/teacher-tracking/node_modules/lucide-react/dist/esm/icons/index.mjs [Client Component SSR]
    ./.gemini/antigravity/scratch/teacher-tracking/node_modules/lucide-react/dist/esm/lucide-react.mjs [Client Component SSR]
    ./.gemini/antigravity/scratch/teacher-tracking/src/components/pages/DailyTasksPage.tsx [Client Component SSR]
    ./.gemini/antigravity/scratch/teacher-tracking/src/components/AppShell.tsx [Client Component SSR]
    ./.gemini/antigravity/scratch/teacher-tracking/src/app/page.tsx [Client Component SSR]
    ./.gemini/antigravity/scratch/teacher-tracking/src/app/page.tsx [Server Component]

https://nextjs.org/docs/messages/module-not-found


./.gemini/antigravity/scratch/teacher-tracking/node_modules/lucide-react/dist/esm/icons/index.mjs:1569:1
Module not found: Can't resolve './trash.mjs'
  [90m1567 |[0m [36mexport[0m { [36mdefault[0m [36mas[0m [33mTransgender[0m } [36mfrom[0m [32m'./transgender.mjs'[0m;
  [90m1568 |[0m [36mexport[0m { [36mdefault[0m [36mas[0m [33mTrash2[0m } [36mfrom[0m [32m'./trash-2.mjs'[0m;
[31m[1m>[0m [90m1569 |[0m [36mexport[0m { [36mdefault[0m [36mas[0m [33mTrash[0m } [36mfrom[0m [32m'./trash.mjs'[0m;
  [90m     |[0m [31m[1m^^^^^^^^^^^^^^^^^^^^^^^^^^^^^^^^^^^^^^^^^^^^^^^[0m
  [90m1570 |[0m [36mexport[0m { [36mdefault[0m [36mas[0m [33mTreeDeciduous[0m } [36mfrom[0m [32m'./tree-deciduous.mjs'[0m;
  [90m1571 |[0m [36mexport[0m { [36mdefault[0m [36mas[0m [33mTreePalm[0m } [36mfrom[0m [32m'./tree-palm.mjs'[0m;
  [90m1572 |[0m [36mexport[0m { [36mdefault[0m [36mas[0m [33mTreePine[0m } [36mfrom[0m [32m'./tree-pine.mjs'[0m;



Import traces:
  Client Component Browser:
    ./.gemini/antigravity/scratch/teacher-tracking/node_modules/lucide-react/dist/esm/icons/index.mjs [Client Component Browser]
    ./.gemini/antigravity/scratch/teacher-tracking/node_modules/lucide-react/dist/esm/lucide-react.mjs [Client Component Browser]
    ./.gemini/antigravity/scratch/teacher-tracking/src/components/pages/DailyTasksPage.tsx [Client Component Browser]
    ./.gemini/antigravity/scratch/teacher-tracking/src/components/AppShell.tsx [Client Component Browser]
    ./.gemini/antigravity/scratch/teacher-tracking/src/app/page.tsx [Client Component Browser]
    ./.gemini/antigravity/scratch/teacher-tracking/src/app/page.tsx [Server Component]

  Client Component SSR:
    ./.gemini/antigravity/scratch/teacher-tracking/node_modules/lucide-react/dist/esm/icons/index.mjs [Client Component SSR]
    ./.gemini/antigravity/scratch/teacher-tracking/node_modules/lucide-react/dist/esm/lucide-react.mjs [Client Component SSR]
    ./.gemini/antigravity/scratch/teacher-tracking/src/components/pages/DailyTasksPage.tsx [Client Component SSR]
    ./.gemini/antigravity/scratch/teacher-tracking/src/components/AppShell.tsx [Client Component SSR]
    ./.gemini/antigravity/scratch/teacher-tracking/src/app/page.tsx [Client Component SSR]
    ./.gemini/antigravity/scratch/teacher-tracking/src/app/page.tsx [Server Component]

https://nextjs.org/docs/messages/module-not-found


./.gemini/antigravity/scratch/teacher-tracking/node_modules/lucide-react/dist/esm/icons/index.mjs:1570:1
Module not found: Can't resolve './tree-deciduous.mjs'
  [90m1568 |[0m [36mexport[0m { [36mdefault[0m [36mas[0m [33mTrash2[0m } [36mfrom[0m [32m'./trash-2.mjs'[0m;
  [90m1569 |[0m [36mexport[0m { [36mdefault[0m [36mas[0m [33mTrash[0m } [36mfrom[0m [32m'./trash.mjs'[0m;
[31m[1m>[0m [90m1570 |[0m [36mexport[0m { [36mdefault[0m [36mas[0m [33mTreeDeciduous[0m } [36mfrom[0m [32m'./tree-deciduous.mjs'[0m;
  [90m     |[0m [31m[1m^^^^^^^^^^^^^^^^^^^^^^^^^^^^^^^^^^^^^^^^^^^^^^^^^^^^^^^^^^^^^^^^[0m
  [90m1571 |[0m [36mexport[0m { [36mdefault[0m [36mas[0m [33mTreePalm[0m } [36mfrom[0m [32m'./tree-palm.mjs'[0m;
  [90m1572 |[0m [36mexport[0m { [36mdefault[0m [36mas[0m [33mTreePine[0m } [36mfrom[0m [32m'./tree-pine.mjs'[0m;
  [90m1573 |[0m [36mexport[0m { [36mdefault[0m [36mas[0m [33mTrees[0m } [36mfrom[0m [32m'./trees.mjs'[0m;



Import traces:
  Client Component Browser:
    ./.gemini/antigravity/scratch/teacher-tracking/node_modules/lucide-react/dist/esm/icons/index.mjs [Client Component Browser]
    ./.gemini/antigravity/scratch/teacher-tracking/node_modules/lucide-react/dist/esm/lucide-react.mjs [Client Component Browser]
    ./.gemini/antigravity/scratch/teacher-tracking/src/components/pages/DailyTasksPage.tsx [Client Component Browser]
    ./.gemini/antigravity/scratch/teacher-tracking/src/components/AppShell.tsx [Client Component Browser]
    ./.gemini/antigravity/scratch/teacher-tracking/src/app/page.tsx [Client Component Browser]
    ./.gemini/antigravity/scratch/teacher-tracking/src/app/page.tsx [Server Component]

  Client Component SSR:
    ./.gemini/antigravity/scratch/teacher-tracking/node_modules/lucide-react/dist/esm/icons/index.mjs [Client Component SSR]
    ./.gemini/antigravity/scratch/teacher-tracking/node_modules/lucide-react/dist/esm/lucide-react.mjs [Client Component SSR]
    ./.gemini/antigravity/scratch/teacher-tracking/src/components/pages/DailyTasksPage.tsx [Client Component SSR]
    ./.gemini/antigravity/scratch/teacher-tracking/src/components/AppShell.tsx [Client Component SSR]
    ./.gemini/antigravity/scratch/teacher-tracking/src/app/page.tsx [Client Component SSR]
    ./.gemini/antigravity/scratch/teacher-tracking/src/app/page.tsx [Server Component]

https://nextjs.org/docs/messages/module-not-found


./.gemini/antigravity/scratch/teacher-tracking/node_modules/lucide-react/dist/esm/icons/index.mjs:1571:1
Module not found: Can't resolve './tree-palm.mjs'
  [90m1569 |[0m [36mexport[0m { [36mdefault[0m [36mas[0m [33mTrash[0m } [36mfrom[0m [32m'./trash.mjs'[0m;
  [90m1570 |[0m [36mexport[0m { [36mdefault[0m [36mas[0m [33mTreeDeciduous[0m } [36mfrom[0m [32m'./tree-deciduous.mjs'[0m;
[31m[1m>[0m [90m1571 |[0m [36mexport[0m { [36mdefault[0m [36mas[0m [33mTreePalm[0m } [36mfrom[0m [32m'./tree-palm.mjs'[0m;
  [90m     |[0m [31m[1m^^^^^^^^^^^^^^^^^^^^^^^^^^^^^^^^^^^^^^^^^^^^^^^^^^^^^^[0m
  [90m1572 |[0m [36mexport[0m { [36mdefault[0m [36mas[0m [33mTreePine[0m } [36mfrom[0m [32m'./tree-pine.mjs'[0m;
  [90m1573 |[0m [36mexport[0m { [36mdefault[0m [36mas[0m [33mTrees[0m } [36mfrom[0m [32m'./trees.mjs'[0m;
  [90m1574 |[0m [36mexport[0m { [36mdefault[0m [36mas[0m [33mTrendingDown[0m } [36mfrom[0m [32m'./trending-down.mjs'[0m;



Import traces:
  Client Component Browser:
    ./.gemini/antigravity/scratch/teacher-tracking/node_modules/lucide-react/dist/esm/icons/index.mjs [Client Component Browser]
    ./.gemini/antigravity/scratch/teacher-tracking/node_modules/lucide-react/dist/esm/lucide-react.mjs [Client Component Browser]
    ./.gemini/antigravity/scratch/teacher-tracking/src/components/pages/DailyTasksPage.tsx [Client Component Browser]
    ./.gemini/antigravity/scratch/teacher-tracking/src/components/AppShell.tsx [Client Component Browser]
    ./.gemini/antigravity/scratch/teacher-tracking/src/app/page.tsx [Client Component Browser]
    ./.gemini/antigravity/scratch/teacher-tracking/src/app/page.tsx [Server Component]

  Client Component SSR:
    ./.gemini/antigravity/scratch/teacher-tracking/node_modules/lucide-react/dist/esm/icons/index.mjs [Client Component SSR]
    ./.gemini/antigravity/scratch/teacher-tracking/node_modules/lucide-react/dist/esm/lucide-react.mjs [Client Component SSR]
    ./.gemini/antigravity/scratch/teacher-tracking/src/components/pages/DailyTasksPage.tsx [Client Component SSR]
    ./.gemini/antigravity/scratch/teacher-tracking/src/components/AppShell.tsx [Client Component SSR]
    ./.gemini/antigravity/scratch/teacher-tracking/src/app/page.tsx [Client Component SSR]
    ./.gemini/antigravity/scratch/teacher-tracking/src/app/page.tsx [Server Component]

https://nextjs.org/docs/messages/module-not-found


./.gemini/antigravity/scratch/teacher-tracking/node_modules/lucide-react/dist/esm/icons/index.mjs:1572:1
Module not found: Can't resolve './tree-pine.mjs'
  [90m1570 |[0m [36mexport[0m { [36mdefault[0m [36mas[0m [33mTreeDeciduous[0m } [36mfrom[0m [32m'./tree-deciduous.mjs'[0m;
  [90m1571 |[0m [36mexport[0m { [36mdefault[0m [36mas[0m [33mTreePalm[0m } [36mfrom[0m [32m'./tree-palm.mjs'[0m;
[31m[1m>[0m [90m1572 |[0m [36mexport[0m { [36mdefault[0m [36mas[0m [33mTreePine[0m } [36mfrom[0m [32m'./tree-pine.mjs'[0m;
  [90m     |[0m [31m[1m^^^^^^^^^^^^^^^^^^^^^^^^^^^^^^^^^^^^^^^^^^^^^^^^^^^^^^[0m
  [90m1573 |[0m [36mexport[0m { [36mdefault[0m [36mas[0m [33mTrees[0m } [36mfrom[0m [32m'./trees.mjs'[0m;
  [90m1574 |[0m [36mexport[0m { [36mdefault[0m [36mas[0m [33mTrendingDown[0m } [36mfrom[0m [32m'./trending-down.mjs'[0m;
  [90m1575 |[0m [36mexport[0m { [36mdefault[0m [36mas[0m [33mTrendingUpDown[0m } [36mfrom[0m [32m'./trending-up-down.mjs'[0m;



Import traces:
  Client Component Browser:
    ./.gemini/antigravity/scratch/teacher-tracking/node_modules/lucide-react/dist/esm/icons/index.mjs [Client Component Browser]
    ./.gemini/antigravity/scratch/teacher-tracking/node_modules/lucide-react/dist/esm/lucide-react.mjs [Client Component Browser]
    ./.gemini/antigravity/scratch/teacher-tracking/src/components/pages/DailyTasksPage.tsx [Client Component Browser]
    ./.gemini/antigravity/scratch/teacher-tracking/src/components/AppShell.tsx [Client Component Browser]
    ./.gemini/antigravity/scratch/teacher-tracking/src/app/page.tsx [Client Component Browser]
    ./.gemini/antigravity/scratch/teacher-tracking/src/app/page.tsx [Server Component]

  Client Component SSR:
    ./.gemini/antigravity/scratch/teacher-tracking/node_modules/lucide-react/dist/esm/icons/index.mjs [Client Component SSR]
    ./.gemini/antigravity/scratch/teacher-tracking/node_modules/lucide-react/dist/esm/lucide-react.mjs [Client Component SSR]
    ./.gemini/antigravity/scratch/teacher-tracking/src/components/pages/DailyTasksPage.tsx [Client Component SSR]
    ./.gemini/antigravity/scratch/teacher-tracking/src/components/AppShell.tsx [Client Component SSR]
    ./.gemini/antigravity/scratch/teacher-tracking/src/app/page.tsx [Client Component SSR]
    ./.gemini/antigravity/scratch/teacher-tracking/src/app/page.tsx [Server Component]

https://nextjs.org/docs/messages/module-not-found


./.gemini/antigravity/scratch/teacher-tracking/node_modules/lucide-react/dist/esm/icons/index.mjs:1573:1
Module not found: Can't resolve './trees.mjs'
  [90m1571 |[0m [36mexport[0m { [36mdefault[0m [36mas[0m [33mTreePalm[0m } [36mfrom[0m [32m'./tree-palm.mjs'[0m;
  [90m1572 |[0m [36mexport[0m { [36mdefault[0m [36mas[0m [33mTreePine[0m } [36mfrom[0m [32m'./tree-pine.mjs'[0m;
[31m[1m>[0m [90m1573 |[0m [36mexport[0m { [36mdefault[0m [36mas[0m [33mTrees[0m } [36mfrom[0m [32m'./trees.mjs'[0m;
  [90m     |[0m [31m[1m^^^^^^^^^^^^^^^^^^^^^^^^^^^^^^^^^^^^^^^^^^^^^^^[0m
  [90m1574 |[0m [36mexport[0m { [36mdefault[0m [36mas[0m [33mTrendingDown[0m } [36mfrom[0m [32m'./trending-down.mjs'[0m;
  [90m1575 |[0m [36mexport[0m { [36mdefault[0m [36mas[0m [33mTrendingUpDown[0m } [36mfrom[0m [32m'./trending-up-down.mjs'[0m;
  [90m1576 |[0m [36mexport[0m { [36mdefault[0m [36mas[0m [33mTrendingUp[0m } [36mfrom[0m [32m'./trending-up.mjs'[0m;



Import traces:
  Client Component Browser:
    ./.gemini/antigravity/scratch/teacher-tracking/node_modules/lucide-react/dist/esm/icons/index.mjs [Client Component Browser]
    ./.gemini/antigravity/scratch/teacher-tracking/node_modules/lucide-react/dist/esm/lucide-react.mjs [Client Component Browser]
    ./.gemini/antigravity/scratch/teacher-tracking/src/components/pages/DailyTasksPage.tsx [Client Component Browser]
    ./.gemini/antigravity/scratch/teacher-tracking/src/components/AppShell.tsx [Client Component Browser]
    ./.gemini/antigravity/scratch/teacher-tracking/src/app/page.tsx [Client Component Browser]
    ./.gemini/antigravity/scratch/teacher-tracking/src/app/page.tsx [Server Component]

  Client Component SSR:
    ./.gemini/antigravity/scratch/teacher-tracking/node_modules/lucide-react/dist/esm/icons/index.mjs [Client Component SSR]
    ./.gemini/antigravity/scratch/teacher-tracking/node_modules/lucide-react/dist/esm/lucide-react.mjs [Client Component SSR]
    ./.gemini/antigravity/scratch/teacher-tracking/src/components/pages/DailyTasksPage.tsx [Client Component SSR]
    ./.gemini/antigravity/scratch/teacher-tracking/src/components/AppShell.tsx [Client Component SSR]
    ./.gemini/antigravity/scratch/teacher-tracking/src/app/page.tsx [Client Component SSR]
    ./.gemini/antigravity/scratch/teacher-tracking/src/app/page.tsx [Server Component]

https://nextjs.org/docs/messages/module-not-found


./.gemini/antigravity/scratch/teacher-tracking/node_modules/lucide-react/dist/esm/icons/index.mjs:1574:1
Module not found: Can't resolve './trending-down.mjs'
  [90m1572 |[0m [36mexport[0m { [36mdefault[0m [36mas[0m [33mTreePine[0m } [36mfrom[0m [32m'./tree-pine.mjs'[0m;
  [90m1573 |[0m [36mexport[0m { [36mdefault[0m [36mas[0m [33mTrees[0m } [36mfrom[0m [32m'./trees.mjs'[0m;
[31m[1m>[0m [90m1574 |[0m [36mexport[0m { [36mdefault[0m [36mas[0m [33mTrendingDown[0m } [36mfrom[0m [32m'./trending-down.mjs'[0m;
  [90m     |[0m [31m[1m^^^^^^^^^^^^^^^^^^^^^^^^^^^^^^^^^^^^^^^^^^^^^^^^^^^^^^^^^^^^^^[0m
  [90m1575 |[0m [36mexport[0m { [36mdefault[0m [36mas[0m [33mTrendingUpDown[0m } [36mfrom[0m [32m'./trending-up-down.mjs'[0m;
  [90m1576 |[0m [36mexport[0m { [36mdefault[0m [36mas[0m [33mTrendingUp[0m } [36mfrom[0m [32m'./trending-up.mjs'[0m;
  [90m1577 |[0m [36mexport[0m { [36mdefault[0m [36mas[0m [33mTriangleDashed[0m } [36mfrom[0m [32m'./triangle-dashed.mjs'[0m;



Import traces:
  Client Component Browser:
    ./.gemini/antigravity/scratch/teacher-tracking/node_modules/lucide-react/dist/esm/icons/index.mjs [Client Component Browser]
    ./.gemini/antigravity/scratch/teacher-tracking/node_modules/lucide-react/dist/esm/lucide-react.mjs [Client Component Browser]
    ./.gemini/antigravity/scratch/teacher-tracking/src/components/pages/DailyTasksPage.tsx [Client Component Browser]
    ./.gemini/antigravity/scratch/teacher-tracking/src/components/AppShell.tsx [Client Component Browser]
    ./.gemini/antigravity/scratch/teacher-tracking/src/app/page.tsx [Client Component Browser]
    ./.gemini/antigravity/scratch/teacher-tracking/src/app/page.tsx [Server Component]

  Client Component SSR:
    ./.gemini/antigravity/scratch/teacher-tracking/node_modules/lucide-react/dist/esm/icons/index.mjs [Client Component SSR]
    ./.gemini/antigravity/scratch/teacher-tracking/node_modules/lucide-react/dist/esm/lucide-react.mjs [Client Component SSR]
    ./.gemini/antigravity/scratch/teacher-tracking/src/components/pages/DailyTasksPage.tsx [Client Component SSR]
    ./.gemini/antigravity/scratch/teacher-tracking/src/components/AppShell.tsx [Client Component SSR]
    ./.gemini/antigravity/scratch/teacher-tracking/src/app/page.tsx [Client Component SSR]
    ./.gemini/antigravity/scratch/teacher-tracking/src/app/page.tsx [Server Component]

https://nextjs.org/docs/messages/module-not-found


./.gemini/antigravity/scratch/teacher-tracking/node_modules/lucide-react/dist/esm/icons/index.mjs:1575:1
Module not found: Can't resolve './trending-up-down.mjs'
  [90m1573 |[0m [36mexport[0m { [36mdefault[0m [36mas[0m [33mTrees[0m } [36mfrom[0m [32m'./trees.mjs'[0m;
  [90m1574 |[0m [36mexport[0m { [36mdefault[0m [36mas[0m [33mTrendingDown[0m } [36mfrom[0m [32m'./trending-down.mjs'[0m;
[31m[1m>[0m [90m1575 |[0m [36mexport[0m { [36mdefault[0m [36mas[0m [33mTrendingUpDown[0m } [36mfrom[0m [32m'./trending-up-down.mjs'[0m;
  [90m     |[0m [31m[1m^^^^^^^^^^^^^^^^^^^^^^^^^^^^^^^^^^^^^^^^^^^^^^^^^^^^^^^^^^^^^^^^^^^[0m
  [90m1576 |[0m [36mexport[0m { [36mdefault[0m [36mas[0m [33mTrendingUp[0m } [36mfrom[0m [32m'./trending-up.mjs'[0m;
  [90m1577 |[0m [36mexport[0m { [36mdefault[0m [36mas[0m [33mTriangleDashed[0m } [36mfrom[0m [32m'./triangle-dashed.mjs'[0m;
  [90m1578 |[0m [36mexport[0m { [36mdefault[0m [36mas[0m [33mTriangleAlert[0m } [36mfrom[0m [32m'./triangle-alert.mjs'[0m;



Import traces:
  Client Component Browser:
    ./.gemini/antigravity/scratch/teacher-tracking/node_modules/lucide-react/dist/esm/icons/index.mjs [Client Component Browser]
    ./.gemini/antigravity/scratch/teacher-tracking/node_modules/lucide-react/dist/esm/lucide-react.mjs [Client Component Browser]
    ./.gemini/antigravity/scratch/teacher-tracking/src/components/pages/DailyTasksPage.tsx [Client Component Browser]
    ./.gemini/antigravity/scratch/teacher-tracking/src/components/AppShell.tsx [Client Component Browser]
    ./.gemini/antigravity/scratch/teacher-tracking/src/app/page.tsx [Client Component Browser]
    ./.gemini/antigravity/scratch/teacher-tracking/src/app/page.tsx [Server Component]

  Client Component SSR:
    ./.gemini/antigravity/scratch/teacher-tracking/node_modules/lucide-react/dist/esm/icons/index.mjs [Client Component SSR]
    ./.gemini/antigravity/scratch/teacher-tracking/node_modules/lucide-react/dist/esm/lucide-react.mjs [Client Component SSR]
    ./.gemini/antigravity/scratch/teacher-tracking/src/components/pages/DailyTasksPage.tsx [Client Component SSR]
    ./.gemini/antigravity/scratch/teacher-tracking/src/components/AppShell.tsx [Client Component SSR]
    ./.gemini/antigravity/scratch/teacher-tracking/src/app/page.tsx [Client Component SSR]
    ./.gemini/antigravity/scratch/teacher-tracking/src/app/page.tsx [Server Component]

https://nextjs.org/docs/messages/module-not-found


./.gemini/antigravity/scratch/teacher-tracking/node_modules/lucide-react/dist/esm/icons/index.mjs:1576:1
Module not found: Can't resolve './trending-up.mjs'
  [90m1574 |[0m [36mexport[0m { [36mdefault[0m [36mas[0m [33mTrendingDown[0m } [36mfrom[0m [32m'./trending-down.mjs'[0m;
  [90m1575 |[0m [36mexport[0m { [36mdefault[0m [36mas[0m [33mTrendingUpDown[0m } [36mfrom[0m [32m'./trending-up-down.mjs'[0m;
[31m[1m>[0m [90m1576 |[0m [36mexport[0m { [36mdefault[0m [36mas[0m [33mTrendingUp[0m } [36mfrom[0m [32m'./trending-up.mjs'[0m;
  [90m     |[0m [31m[1m^^^^^^^^^^^^^^^^^^^^^^^^^^^^^^^^^^^^^^^^^^^^^^^^^^^^^^^^^^[0m
  [90m1577 |[0m [36mexport[0m { [36mdefault[0m [36mas[0m [33mTriangleDashed[0m } [36mfrom[0m [32m'./triangle-dashed.mjs'[0m;
  [90m1578 |[0m [36mexport[0m { [36mdefault[0m [36mas[0m [33mTriangleAlert[0m } [36mfrom[0m [32m'./triangle-alert.mjs'[0m;
  [90m1579 |[0m [36mexport[0m { [36mdefault[0m [36mas[0m [33mTriangleRight[0m } [36mfrom[0m [32m'./triangle-right.mjs'[0m;



Import traces:
  Client Component Browser:
    ./.gemini/antigravity/scratch/teacher-tracking/node_modules/lucide-react/dist/esm/icons/index.mjs [Client Component Browser]
    ./.gemini/antigravity/scratch/teacher-tracking/node_modules/lucide-react/dist/esm/lucide-react.mjs [Client Component Browser]
    ./.gemini/antigravity/scratch/teacher-tracking/src/components/pages/DailyTasksPage.tsx [Client Component Browser]
    ./.gemini/antigravity/scratch/teacher-tracking/src/components/AppShell.tsx [Client Component Browser]
    ./.gemini/antigravity/scratch/teacher-tracking/src/app/page.tsx [Client Component Browser]
    ./.gemini/antigravity/scratch/teacher-tracking/src/app/page.tsx [Server Component]

  Client Component SSR:
    ./.gemini/antigravity/scratch/teacher-tracking/node_modules/lucide-react/dist/esm/icons/index.mjs [Client Component SSR]
    ./.gemini/antigravity/scratch/teacher-tracking/node_modules/lucide-react/dist/esm/lucide-react.mjs [Client Component SSR]
    ./.gemini/antigravity/scratch/teacher-tracking/src/components/pages/DailyTasksPage.tsx [Client Component SSR]
    ./.gemini/antigravity/scratch/teacher-tracking/src/components/AppShell.tsx [Client Component SSR]
    ./.gemini/antigravity/scratch/teacher-tracking/src/app/page.tsx [Client Component SSR]
    ./.gemini/antigravity/scratch/teacher-tracking/src/app/page.tsx [Server Component]

https://nextjs.org/docs/messages/module-not-found


./.gemini/antigravity/scratch/teacher-tracking/node_modules/lucide-react/dist/esm/icons/index.mjs:1578:1
Module not found: Can't resolve './triangle-alert.mjs'
  [90m1576 |[0m [36mexport[0m { [36mdefault[0m [36mas[0m [33mTrendingUp[0m } [36mfrom[0m [32m'./trending-up.mjs'[0m;
  [90m1577 |[0m [36mexport[0m { [36mdefault[0m [36mas[0m [33mTriangleDashed[0m } [36mfrom[0m [32m'./triangle-dashed.mjs'[0m;
[31m[1m>[0m [90m1578 |[0m [36mexport[0m { [36mdefault[0m [36mas[0m [33mTriangleAlert[0m } [36mfrom[0m [32m'./triangle-alert.mjs'[0m;
  [90m     |[0m [31m[1m^^^^^^^^^^^^^^^^^^^^^^^^^^^^^^^^^^^^^^^^^^^^^^^^^^^^^^^^^^^^^^^^[0m
  [90m1579 |[0m [36mexport[0m { [36mdefault[0m [36mas[0m [33mTriangleRight[0m } [36mfrom[0m [32m'./triangle-right.mjs'[0m;
  [90m1580 |[0m [36mexport[0m { [36mdefault[0m [36mas[0m [33mTriangle[0m } [36mfrom[0m [32m'./triangle.mjs'[0m;
  [90m1581 |[0m [36mexport[0m { [36mdefault[0m [36mas[0m [33mTrophy[0m } [36mfrom[0m [32m'./trophy.mjs'[0m;



Import traces:
  Client Component Browser:
    ./.gemini/antigravity/scratch/teacher-tracking/node_modules/lucide-react/dist/esm/icons/index.mjs [Client Component Browser]
    ./.gemini/antigravity/scratch/teacher-tracking/node_modules/lucide-react/dist/esm/lucide-react.mjs [Client Component Browser]
    ./.gemini/antigravity/scratch/teacher-tracking/src/components/pages/DailyTasksPage.tsx [Client Component Browser]
    ./.gemini/antigravity/scratch/teacher-tracking/src/components/AppShell.tsx [Client Component Browser]
    ./.gemini/antigravity/scratch/teacher-tracking/src/app/page.tsx [Client Component Browser]
    ./.gemini/antigravity/scratch/teacher-tracking/src/app/page.tsx [Server Component]

  Client Component SSR:
    ./.gemini/antigravity/scratch/teacher-tracking/node_modules/lucide-react/dist/esm/icons/index.mjs [Client Component SSR]
    ./.gemini/antigravity/scratch/teacher-tracking/node_modules/lucide-react/dist/esm/lucide-react.mjs [Client Component SSR]
    ./.gemini/antigravity/scratch/teacher-tracking/src/components/pages/DailyTasksPage.tsx [Client Component SSR]
    ./.gemini/antigravity/scratch/teacher-tracking/src/components/AppShell.tsx [Client Component SSR]
    ./.gemini/antigravity/scratch/teacher-tracking/src/app/page.tsx [Client Component SSR]
    ./.gemini/antigravity/scratch/teacher-tracking/src/app/page.tsx [Server Component]

https://nextjs.org/docs/messages/module-not-found


./.gemini/antigravity/scratch/teacher-tracking/node_modules/lucide-react/dist/esm/icons/index.mjs:1577:1
Module not found: Can't resolve './triangle-dashed.mjs'
  [90m1575 |[0m [36mexport[0m { [36mdefault[0m [36mas[0m [33mTrendingUpDown[0m } [36mfrom[0m [32m'./trending-up-down.mjs'[0m;
  [90m1576 |[0m [36mexport[0m { [36mdefault[0m [36mas[0m [33mTrendingUp[0m } [36mfrom[0m [32m'./trending-up.mjs'[0m;
[31m[1m>[0m [90m1577 |[0m [36mexport[0m { [36mdefault[0m [36mas[0m [33mTriangleDashed[0m } [36mfrom[0m [32m'./triangle-dashed.mjs'[0m;
  [90m     |[0m [31m[1m^^^^^^^^^^^^^^^^^^^^^^^^^^^^^^^^^^^^^^^^^^^^^^^^^^^^^^^^^^^^^^^^^^[0m
  [90m1578 |[0m [36mexport[0m { [36mdefault[0m [36mas[0m [33mTriangleAlert[0m } [36mfrom[0m [32m'./triangle-alert.mjs'[0m;
  [90m1579 |[0m [36mexport[0m { [36mdefault[0m [36mas[0m [33mTriangleRight[0m } [36mfrom[0m [32m'./triangle-right.mjs'[0m;
  [90m1580 |[0m [36mexport[0m { [36mdefault[0m [36mas[0m [33mTriangle[0m } [36mfrom[0m [32m'./triangle.mjs'[0m;



Import traces:
  Client Component Browser:
    ./.gemini/antigravity/scratch/teacher-tracking/node_modules/lucide-react/dist/esm/icons/index.mjs [Client Component Browser]
    ./.gemini/antigravity/scratch/teacher-tracking/node_modules/lucide-react/dist/esm/lucide-react.mjs [Client Component Browser]
    ./.gemini/antigravity/scratch/teacher-tracking/src/components/pages/DailyTasksPage.tsx [Client Component Browser]
    ./.gemini/antigravity/scratch/teacher-tracking/src/components/AppShell.tsx [Client Component Browser]
    ./.gemini/antigravity/scratch/teacher-tracking/src/app/page.tsx [Client Component Browser]
    ./.gemini/antigravity/scratch/teacher-tracking/src/app/page.tsx [Server Component]

  Client Component SSR:
    ./.gemini/antigravity/scratch/teacher-tracking/node_modules/lucide-react/dist/esm/icons/index.mjs [Client Component SSR]
    ./.gemini/antigravity/scratch/teacher-tracking/node_modules/lucide-react/dist/esm/lucide-react.mjs [Client Component SSR]
    ./.gemini/antigravity/scratch/teacher-tracking/src/components/pages/DailyTasksPage.tsx [Client Component SSR]
    ./.gemini/antigravity/scratch/teacher-tracking/src/components/AppShell.tsx [Client Component SSR]
    ./.gemini/antigravity/scratch/teacher-tracking/src/app/page.tsx [Client Component SSR]
    ./.gemini/antigravity/scratch/teacher-tracking/src/app/page.tsx [Server Component]

https://nextjs.org/docs/messages/module-not-found


./.gemini/antigravity/scratch/teacher-tracking/node_modules/lucide-react/dist/esm/icons/index.mjs:1579:1
Module not found: Can't resolve './triangle-right.mjs'
  [90m1577 |[0m [36mexport[0m { [36mdefault[0m [36mas[0m [33mTriangleDashed[0m } [36mfrom[0m [32m'./triangle-dashed.mjs'[0m;
  [90m1578 |[0m [36mexport[0m { [36mdefault[0m [36mas[0m [33mTriangleAlert[0m } [36mfrom[0m [32m'./triangle-alert.mjs'[0m;
[31m[1m>[0m [90m1579 |[0m [36mexport[0m { [36mdefault[0m [36mas[0m [33mTriangleRight[0m } [36mfrom[0m [32m'./triangle-right.mjs'[0m;
  [90m     |[0m [31m[1m^^^^^^^^^^^^^^^^^^^^^^^^^^^^^^^^^^^^^^^^^^^^^^^^^^^^^^^^^^^^^^^^[0m
  [90m1580 |[0m [36mexport[0m { [36mdefault[0m [36mas[0m [33mTriangle[0m } [36mfrom[0m [32m'./triangle.mjs'[0m;
  [90m1581 |[0m [36mexport[0m { [36mdefault[0m [36mas[0m [33mTrophy[0m } [36mfrom[0m [32m'./trophy.mjs'[0m;
  [90m1582 |[0m [36mexport[0m { [36mdefault[0m [36mas[0m [33mTruckElectric[0m } [36mfrom[0m [32m'./truck-electric.mjs'[0m;



Import traces:
  Client Component Browser:
    ./.gemini/antigravity/scratch/teacher-tracking/node_modules/lucide-react/dist/esm/icons/index.mjs [Client Component Browser]
    ./.gemini/antigravity/scratch/teacher-tracking/node_modules/lucide-react/dist/esm/lucide-react.mjs [Client Component Browser]
    ./.gemini/antigravity/scratch/teacher-tracking/src/components/pages/DailyTasksPage.tsx [Client Component Browser]
    ./.gemini/antigravity/scratch/teacher-tracking/src/components/AppShell.tsx [Client Component Browser]
    ./.gemini/antigravity/scratch/teacher-tracking/src/app/page.tsx [Client Component Browser]
    ./.gemini/antigravity/scratch/teacher-tracking/src/app/page.tsx [Server Component]

  Client Component SSR:
    ./.gemini/antigravity/scratch/teacher-tracking/node_modules/lucide-react/dist/esm/icons/index.mjs [Client Component SSR]
    ./.gemini/antigravity/scratch/teacher-tracking/node_modules/lucide-react/dist/esm/lucide-react.mjs [Client Component SSR]
    ./.gemini/antigravity/scratch/teacher-tracking/src/components/pages/DailyTasksPage.tsx [Client Component SSR]
    ./.gemini/antigravity/scratch/teacher-tracking/src/components/AppShell.tsx [Client Component SSR]
    ./.gemini/antigravity/scratch/teacher-tracking/src/app/page.tsx [Client Component SSR]
    ./.gemini/antigravity/scratch/teacher-tracking/src/app/page.tsx [Server Component]

https://nextjs.org/docs/messages/module-not-found


./.gemini/antigravity/scratch/teacher-tracking/node_modules/lucide-react/dist/esm/icons/index.mjs:1580:1
Module not found: Can't resolve './triangle.mjs'
  [90m1578 |[0m [36mexport[0m { [36mdefault[0m [36mas[0m [33mTriangleAlert[0m } [36mfrom[0m [32m'./triangle-alert.mjs'[0m;
  [90m1579 |[0m [36mexport[0m { [36mdefault[0m [36mas[0m [33mTriangleRight[0m } [36mfrom[0m [32m'./triangle-right.mjs'[0m;
[31m[1m>[0m [90m1580 |[0m [36mexport[0m { [36mdefault[0m [36mas[0m [33mTriangle[0m } [36mfrom[0m [32m'./triangle.mjs'[0m;
  [90m     |[0m [31m[1m^^^^^^^^^^^^^^^^^^^^^^^^^^^^^^^^^^^^^^^^^^^^^^^^^^^^^[0m
  [90m1581 |[0m [36mexport[0m { [36mdefault[0m [36mas[0m [33mTrophy[0m } [36mfrom[0m [32m'./trophy.mjs'[0m;
  [90m1582 |[0m [36mexport[0m { [36mdefault[0m [36mas[0m [33mTruckElectric[0m } [36mfrom[0m [32m'./truck-electric.mjs'[0m;
  [90m1583 |[0m [36mexport[0m { [36mdefault[0m [36mas[0m [33mTruck[0m } [36mfrom[0m [32m'./truck.mjs'[0m;



Import traces:
  Client Component Browser:
    ./.gemini/antigravity/scratch/teacher-tracking/node_modules/lucide-react/dist/esm/icons/index.mjs [Client Component Browser]
    ./.gemini/antigravity/scratch/teacher-tracking/node_modules/lucide-react/dist/esm/lucide-react.mjs [Client Component Browser]
    ./.gemini/antigravity/scratch/teacher-tracking/src/components/pages/DailyTasksPage.tsx [Client Component Browser]
    ./.gemini/antigravity/scratch/teacher-tracking/src/components/AppShell.tsx [Client Component Browser]
    ./.gemini/antigravity/scratch/teacher-tracking/src/app/page.tsx [Client Component Browser]
    ./.gemini/antigravity/scratch/teacher-tracking/src/app/page.tsx [Server Component]

  Client Component SSR:
    ./.gemini/antigravity/scratch/teacher-tracking/node_modules/lucide-react/dist/esm/icons/index.mjs [Client Component SSR]
    ./.gemini/antigravity/scratch/teacher-tracking/node_modules/lucide-react/dist/esm/lucide-react.mjs [Client Component SSR]
    ./.gemini/antigravity/scratch/teacher-tracking/src/components/pages/DailyTasksPage.tsx [Client Component SSR]
    ./.gemini/antigravity/scratch/teacher-tracking/src/components/AppShell.tsx [Client Component SSR]
    ./.gemini/antigravity/scratch/teacher-tracking/src/app/page.tsx [Client Component SSR]
    ./.gemini/antigravity/scratch/teacher-tracking/src/app/page.tsx [Server Component]

https://nextjs.org/docs/messages/module-not-found


./.gemini/antigravity/scratch/teacher-tracking/node_modules/lucide-react/dist/esm/icons/index.mjs:1581:1
Module not found: Can't resolve './trophy.mjs'
  [90m1579 |[0m [36mexport[0m { [36mdefault[0m [36mas[0m [33mTriangleRight[0m } [36mfrom[0m [32m'./triangle-right.mjs'[0m;
  [90m1580 |[0m [36mexport[0m { [36mdefault[0m [36mas[0m [33mTriangle[0m } [36mfrom[0m [32m'./triangle.mjs'[0m;
[31m[1m>[0m [90m1581 |[0m [36mexport[0m { [36mdefault[0m [36mas[0m [33mTrophy[0m } [36mfrom[0m [32m'./trophy.mjs'[0m;
  [90m     |[0m [31m[1m^^^^^^^^^^^^^^^^^^^^^^^^^^^^^^^^^^^^^^^^^^^^^^^^^[0m
  [90m1582 |[0m [36mexport[0m { [36mdefault[0m [36mas[0m [33mTruckElectric[0m } [36mfrom[0m [32m'./truck-electric.mjs'[0m;
  [90m1583 |[0m [36mexport[0m { [36mdefault[0m [36mas[0m [33mTruck[0m } [36mfrom[0m [32m'./truck.mjs'[0m;
  [90m1584 |[0m [36mexport[0m { [36mdefault[0m [36mas[0m [33mTurkishLira[0m } [36mfrom[0m [32m'./turkish-lira.mjs'[0m;



Import traces:
  Client Component Browser:
    ./.gemini/antigravity/scratch/teacher-tracking/node_modules/lucide-react/dist/esm/icons/index.mjs [Client Component Browser]
    ./.gemini/antigravity/scratch/teacher-tracking/node_modules/lucide-react/dist/esm/lucide-react.mjs [Client Component Browser]
    ./.gemini/antigravity/scratch/teacher-tracking/src/components/pages/DailyTasksPage.tsx [Client Component Browser]
    ./.gemini/antigravity/scratch/teacher-tracking/src/components/AppShell.tsx [Client Component Browser]
    ./.gemini/antigravity/scratch/teacher-tracking/src/app/page.tsx [Client Component Browser]
    ./.gemini/antigravity/scratch/teacher-tracking/src/app/page.tsx [Server Component]

  Client Component SSR:
    ./.gemini/antigravity/scratch/teacher-tracking/node_modules/lucide-react/dist/esm/icons/index.mjs [Client Component SSR]
    ./.gemini/antigravity/scratch/teacher-tracking/node_modules/lucide-react/dist/esm/lucide-react.mjs [Client Component SSR]
    ./.gemini/antigravity/scratch/teacher-tracking/src/components/pages/DailyTasksPage.tsx [Client Component SSR]
    ./.gemini/antigravity/scratch/teacher-tracking/src/components/AppShell.tsx [Client Component SSR]
    ./.gemini/antigravity/scratch/teacher-tracking/src/app/page.tsx [Client Component SSR]
    ./.gemini/antigravity/scratch/teacher-tracking/src/app/page.tsx [Server Component]

https://nextjs.org/docs/messages/module-not-found


./.gemini/antigravity/scratch/teacher-tracking/node_modules/lucide-react/dist/esm/icons/index.mjs:1582:1
Module not found: Can't resolve './truck-electric.mjs'
  [90m1580 |[0m [36mexport[0m { [36mdefault[0m [36mas[0m [33mTriangle[0m } [36mfrom[0m [32m'./triangle.mjs'[0m;
  [90m1581 |[0m [36mexport[0m { [36mdefault[0m [36mas[0m [33mTrophy[0m } [36mfrom[0m [32m'./trophy.mjs'[0m;
[31m[1m>[0m [90m1582 |[0m [36mexport[0m { [36mdefault[0m [36mas[0m [33mTruckElectric[0m } [36mfrom[0m [32m'./truck-electric.mjs'[0m;
  [90m     |[0m [31m[1m^^^^^^^^^^^^^^^^^^^^^^^^^^^^^^^^^^^^^^^^^^^^^^^^^^^^^^^^^^^^^^^^[0m
  [90m1583 |[0m [36mexport[0m { [36mdefault[0m [36mas[0m [33mTruck[0m } [36mfrom[0m [32m'./truck.mjs'[0m;
  [90m1584 |[0m [36mexport[0m { [36mdefault[0m [36mas[0m [33mTurkishLira[0m } [36mfrom[0m [32m'./turkish-lira.mjs'[0m;
  [90m1585 |[0m [36mexport[0m { [36mdefault[0m [36mas[0m [33mTurntable[0m } [36mfrom[0m [32m'./turntable.mjs'[0m;



Import traces:
  Client Component Browser:
    ./.gemini/antigravity/scratch/teacher-tracking/node_modules/lucide-react/dist/esm/icons/index.mjs [Client Component Browser]
    ./.gemini/antigravity/scratch/teacher-tracking/node_modules/lucide-react/dist/esm/lucide-react.mjs [Client Component Browser]
    ./.gemini/antigravity/scratch/teacher-tracking/src/components/pages/DailyTasksPage.tsx [Client Component Browser]
    ./.gemini/antigravity/scratch/teacher-tracking/src/components/AppShell.tsx [Client Component Browser]
    ./.gemini/antigravity/scratch/teacher-tracking/src/app/page.tsx [Client Component Browser]
    ./.gemini/antigravity/scratch/teacher-tracking/src/app/page.tsx [Server Component]

  Client Component SSR:
    ./.gemini/antigravity/scratch/teacher-tracking/node_modules/lucide-react/dist/esm/icons/index.mjs [Client Component SSR]
    ./.gemini/antigravity/scratch/teacher-tracking/node_modules/lucide-react/dist/esm/lucide-react.mjs [Client Component SSR]
    ./.gemini/antigravity/scratch/teacher-tracking/src/components/pages/DailyTasksPage.tsx [Client Component SSR]
    ./.gemini/antigravity/scratch/teacher-tracking/src/components/AppShell.tsx [Client Component SSR]
    ./.gemini/antigravity/scratch/teacher-tracking/src/app/page.tsx [Client Component SSR]
    ./.gemini/antigravity/scratch/teacher-tracking/src/app/page.tsx [Server Component]

https://nextjs.org/docs/messages/module-not-found


./.gemini/antigravity/scratch/teacher-tracking/node_modules/lucide-react/dist/esm/icons/index.mjs:1583:1
Module not found: Can't resolve './truck.mjs'
  [90m1581 |[0m [36mexport[0m { [36mdefault[0m [36mas[0m [33mTrophy[0m } [36mfrom[0m [32m'./trophy.mjs'[0m;
  [90m1582 |[0m [36mexport[0m { [36mdefault[0m [36mas[0m [33mTruckElectric[0m } [36mfrom[0m [32m'./truck-electric.mjs'[0m;
[31m[1m>[0m [90m1583 |[0m [36mexport[0m { [36mdefault[0m [36mas[0m [33mTruck[0m } [36mfrom[0m [32m'./truck.mjs'[0m;
  [90m     |[0m [31m[1m^^^^^^^^^^^^^^^^^^^^^^^^^^^^^^^^^^^^^^^^^^^^^^^[0m
  [90m1584 |[0m [36mexport[0m { [36mdefault[0m [36mas[0m [33mTurkishLira[0m } [36mfrom[0m [32m'./turkish-lira.mjs'[0m;
  [90m1585 |[0m [36mexport[0m { [36mdefault[0m [36mas[0m [33mTurntable[0m } [36mfrom[0m [32m'./turntable.mjs'[0m;
  [90m1586 |[0m [36mexport[0m { [36mdefault[0m [36mas[0m [33mTurtle[0m } [36mfrom[0m [32m'./turtle.mjs'[0m;



Import traces:
  Client Component Browser:
    ./.gemini/antigravity/scratch/teacher-tracking/node_modules/lucide-react/dist/esm/icons/index.mjs [Client Component Browser]
    ./.gemini/antigravity/scratch/teacher-tracking/node_modules/lucide-react/dist/esm/lucide-react.mjs [Client Component Browser]
    ./.gemini/antigravity/scratch/teacher-tracking/src/components/pages/DailyTasksPage.tsx [Client Component Browser]
    ./.gemini/antigravity/scratch/teacher-tracking/src/components/AppShell.tsx [Client Component Browser]
    ./.gemini/antigravity/scratch/teacher-tracking/src/app/page.tsx [Client Component Browser]
    ./.gemini/antigravity/scratch/teacher-tracking/src/app/page.tsx [Server Component]

  Client Component SSR:
    ./.gemini/antigravity/scratch/teacher-tracking/node_modules/lucide-react/dist/esm/icons/index.mjs [Client Component SSR]
    ./.gemini/antigravity/scratch/teacher-tracking/node_modules/lucide-react/dist/esm/lucide-react.mjs [Client Component SSR]
    ./.gemini/antigravity/scratch/teacher-tracking/src/components/pages/DailyTasksPage.tsx [Client Component SSR]
    ./.gemini/antigravity/scratch/teacher-tracking/src/components/AppShell.tsx [Client Component SSR]
    ./.gemini/antigravity/scratch/teacher-tracking/src/app/page.tsx [Client Component SSR]
    ./.gemini/antigravity/scratch/teacher-tracking/src/app/page.tsx [Server Component]

https://nextjs.org/docs/messages/module-not-found


./.gemini/antigravity/scratch/teacher-tracking/node_modules/lucide-react/dist/esm/icons/index.mjs:1584:1
Module not found: Can't resolve './turkish-lira.mjs'
  [90m1582 |[0m [36mexport[0m { [36mdefault[0m [36mas[0m [33mTruckElectric[0m } [36mfrom[0m [32m'./truck-electric.mjs'[0m;
  [90m1583 |[0m [36mexport[0m { [36mdefault[0m [36mas[0m [33mTruck[0m } [36mfrom[0m [32m'./truck.mjs'[0m;
[31m[1m>[0m [90m1584 |[0m [36mexport[0m { [36mdefault[0m [36mas[0m [33mTurkishLira[0m } [36mfrom[0m [32m'./turkish-lira.mjs'[0m;
  [90m     |[0m [31m[1m^^^^^^^^^^^^^^^^^^^^^^^^^^^^^^^^^^^^^^^^^^^^^^^^^^^^^^^^^^^^[0m
  [90m1585 |[0m [36mexport[0m { [36mdefault[0m [36mas[0m [33mTurntable[0m } [36mfrom[0m [32m'./turntable.mjs'[0m;
  [90m1586 |[0m [36mexport[0m { [36mdefault[0m [36mas[0m [33mTurtle[0m } [36mfrom[0m [32m'./turtle.mjs'[0m;
  [90m1587 |[0m [36mexport[0m { [36mdefault[0m [36mas[0m [33mTvMinimalPlay[0m } [36mfrom[0m [32m'./tv-minimal-play.mjs'[0m;



Import traces:
  Client Component Browser:
    ./.gemini/antigravity/scratch/teacher-tracking/node_modules/lucide-react/dist/esm/icons/index.mjs [Client Component Browser]
    ./.gemini/antigravity/scratch/teacher-tracking/node_modules/lucide-react/dist/esm/lucide-react.mjs [Client Component Browser]
    ./.gemini/antigravity/scratch/teacher-tracking/src/components/pages/DailyTasksPage.tsx [Client Component Browser]
    ./.gemini/antigravity/scratch/teacher-tracking/src/components/AppShell.tsx [Client Component Browser]
    ./.gemini/antigravity/scratch/teacher-tracking/src/app/page.tsx [Client Component Browser]
    ./.gemini/antigravity/scratch/teacher-tracking/src/app/page.tsx [Server Component]

  Client Component SSR:
    ./.gemini/antigravity/scratch/teacher-tracking/node_modules/lucide-react/dist/esm/icons/index.mjs [Client Component SSR]
    ./.gemini/antigravity/scratch/teacher-tracking/node_modules/lucide-react/dist/esm/lucide-react.mjs [Client Component SSR]
    ./.gemini/antigravity/scratch/teacher-tracking/src/components/pages/DailyTasksPage.tsx [Client Component SSR]
    ./.gemini/antigravity/scratch/teacher-tracking/src/components/AppShell.tsx [Client Component SSR]
    ./.gemini/antigravity/scratch/teacher-tracking/src/app/page.tsx [Client Component SSR]
    ./.gemini/antigravity/scratch/teacher-tracking/src/app/page.tsx [Server Component]

https://nextjs.org/docs/messages/module-not-found


./.gemini/antigravity/scratch/teacher-tracking/node_modules/lucide-react/dist/esm/icons/index.mjs:1585:1
Module not found: Can't resolve './turntable.mjs'
  [90m1583 |[0m [36mexport[0m { [36mdefault[0m [36mas[0m [33mTruck[0m } [36mfrom[0m [32m'./truck.mjs'[0m;
  [90m1584 |[0m [36mexport[0m { [36mdefault[0m [36mas[0m [33mTurkishLira[0m } [36mfrom[0m [32m'./turkish-lira.mjs'[0m;
[31m[1m>[0m [90m1585 |[0m [36mexport[0m { [36mdefault[0m [36mas[0m [33mTurntable[0m } [36mfrom[0m [32m'./turntable.mjs'[0m;
  [90m     |[0m [31m[1m^^^^^^^^^^^^^^^^^^^^^^^^^^^^^^^^^^^^^^^^^^^^^^^^^^^^^^^[0m
  [90m1586 |[0m [36mexport[0m { [36mdefault[0m [36mas[0m [33mTurtle[0m } [36mfrom[0m [32m'./turtle.mjs'[0m;
  [90m1587 |[0m [36mexport[0m { [36mdefault[0m [36mas[0m [33mTvMinimalPlay[0m } [36mfrom[0m [32m'./tv-minimal-play.mjs'[0m;
  [90m1588 |[0m [36mexport[0m { [36mdefault[0m [36mas[0m [33mTvMinimal[0m } [36mfrom[0m [32m'./tv-minimal.mjs'[0m;



Import traces:
  Client Component Browser:
    ./.gemini/antigravity/scratch/teacher-tracking/node_modules/lucide-react/dist/esm/icons/index.mjs [Client Component Browser]
    ./.gemini/antigravity/scratch/teacher-tracking/node_modules/lucide-react/dist/esm/lucide-react.mjs [Client Component Browser]
    ./.gemini/antigravity/scratch/teacher-tracking/src/components/pages/DailyTasksPage.tsx [Client Component Browser]
    ./.gemini/antigravity/scratch/teacher-tracking/src/components/AppShell.tsx [Client Component Browser]
    ./.gemini/antigravity/scratch/teacher-tracking/src/app/page.tsx [Client Component Browser]
    ./.gemini/antigravity/scratch/teacher-tracking/src/app/page.tsx [Server Component]

  Client Component SSR:
    ./.gemini/antigravity/scratch/teacher-tracking/node_modules/lucide-react/dist/esm/icons/index.mjs [Client Component SSR]
    ./.gemini/antigravity/scratch/teacher-tracking/node_modules/lucide-react/dist/esm/lucide-react.mjs [Client Component SSR]
    ./.gemini/antigravity/scratch/teacher-tracking/src/components/pages/DailyTasksPage.tsx [Client Component SSR]
    ./.gemini/antigravity/scratch/teacher-tracking/src/components/AppShell.tsx [Client Component SSR]
    ./.gemini/antigravity/scratch/teacher-tracking/src/app/page.tsx [Client Component SSR]
    ./.gemini/antigravity/scratch/teacher-tracking/src/app/page.tsx [Server Component]

https://nextjs.org/docs/messages/module-not-found


./.gemini/antigravity/scratch/teacher-tracking/node_modules/lucide-react/dist/esm/icons/index.mjs:1586:1
Module not found: Can't resolve './turtle.mjs'
  [90m1584 |[0m [36mexport[0m { [36mdefault[0m [36mas[0m [33mTurkishLira[0m } [36mfrom[0m [32m'./turkish-lira.mjs'[0m;
  [90m1585 |[0m [36mexport[0m { [36mdefault[0m [36mas[0m [33mTurntable[0m } [36mfrom[0m [32m'./turntable.mjs'[0m;
[31m[1m>[0m [90m1586 |[0m [36mexport[0m { [36mdefault[0m [36mas[0m [33mTurtle[0m } [36mfrom[0m [32m'./turtle.mjs'[0m;
  [90m     |[0m [31m[1m^^^^^^^^^^^^^^^^^^^^^^^^^^^^^^^^^^^^^^^^^^^^^^^^^[0m
  [90m1587 |[0m [36mexport[0m { [36mdefault[0m [36mas[0m [33mTvMinimalPlay[0m } [36mfrom[0m [32m'./tv-minimal-play.mjs'[0m;
  [90m1588 |[0m [36mexport[0m { [36mdefault[0m [36mas[0m [33mTvMinimal[0m } [36mfrom[0m [32m'./tv-minimal.mjs'[0m;
  [90m1589 |[0m [36mexport[0m { [36mdefault[0m [36mas[0m [33mTv[0m } [36mfrom[0m [32m'./tv.mjs'[0m;



Import traces:
  Client Component Browser:
    ./.gemini/antigravity/scratch/teacher-tracking/node_modules/lucide-react/dist/esm/icons/index.mjs [Client Component Browser]
    ./.gemini/antigravity/scratch/teacher-tracking/node_modules/lucide-react/dist/esm/lucide-react.mjs [Client Component Browser]
    ./.gemini/antigravity/scratch/teacher-tracking/src/components/pages/DailyTasksPage.tsx [Client Component Browser]
    ./.gemini/antigravity/scratch/teacher-tracking/src/components/AppShell.tsx [Client Component Browser]
    ./.gemini/antigravity/scratch/teacher-tracking/src/app/page.tsx [Client Component Browser]
    ./.gemini/antigravity/scratch/teacher-tracking/src/app/page.tsx [Server Component]

  Client Component SSR:
    ./.gemini/antigravity/scratch/teacher-tracking/node_modules/lucide-react/dist/esm/icons/index.mjs [Client Component SSR]
    ./.gemini/antigravity/scratch/teacher-tracking/node_modules/lucide-react/dist/esm/lucide-react.mjs [Client Component SSR]
    ./.gemini/antigravity/scratch/teacher-tracking/src/components/pages/DailyTasksPage.tsx [Client Component SSR]
    ./.gemini/antigravity/scratch/teacher-tracking/src/components/AppShell.tsx [Client Component SSR]
    ./.gemini/antigravity/scratch/teacher-tracking/src/app/page.tsx [Client Component SSR]
    ./.gemini/antigravity/scratch/teacher-tracking/src/app/page.tsx [Server Component]

https://nextjs.org/docs/messages/module-not-found


./.gemini/antigravity/scratch/teacher-tracking/node_modules/lucide-react/dist/esm/icons/index.mjs:1587:1
Module not found: Can't resolve './tv-minimal-play.mjs'
  [90m1585 |[0m [36mexport[0m { [36mdefault[0m [36mas[0m [33mTurntable[0m } [36mfrom[0m [32m'./turntable.mjs'[0m;
  [90m1586 |[0m [36mexport[0m { [36mdefault[0m [36mas[0m [33mTurtle[0m } [36mfrom[0m [32m'./turtle.mjs'[0m;
[31m[1m>[0m [90m1587 |[0m [36mexport[0m { [36mdefault[0m [36mas[0m [33mTvMinimalPlay[0m } [36mfrom[0m [32m'./tv-minimal-play.mjs'[0m;
  [90m     |[0m [31m[1m^^^^^^^^^^^^^^^^^^^^^^^^^^^^^^^^^^^^^^^^^^^^^^^^^^^^^^^^^^^^^^^^^[0m
  [90m1588 |[0m [36mexport[0m { [36mdefault[0m [36mas[0m [33mTvMinimal[0m } [36mfrom[0m [32m'./tv-minimal.mjs'[0m;
  [90m1589 |[0m [36mexport[0m { [36mdefault[0m [36mas[0m [33mTv[0m } [36mfrom[0m [32m'./tv.mjs'[0m;
  [90m1590 |[0m [36mexport[0m { [36mdefault[0m [36mas[0m [33mTypeOutline[0m } [36mfrom[0m [32m'./type-outline.mjs'[0m;



Import traces:
  Client Component Browser:
    ./.gemini/antigravity/scratch/teacher-tracking/node_modules/lucide-react/dist/esm/icons/index.mjs [Client Component Browser]
    ./.gemini/antigravity/scratch/teacher-tracking/node_modules/lucide-react/dist/esm/lucide-react.mjs [Client Component Browser]
    ./.gemini/antigravity/scratch/teacher-tracking/src/components/pages/DailyTasksPage.tsx [Client Component Browser]
    ./.gemini/antigravity/scratch/teacher-tracking/src/components/AppShell.tsx [Client Component Browser]
    ./.gemini/antigravity/scratch/teacher-tracking/src/app/page.tsx [Client Component Browser]
    ./.gemini/antigravity/scratch/teacher-tracking/src/app/page.tsx [Server Component]

  Client Component SSR:
    ./.gemini/antigravity/scratch/teacher-tracking/node_modules/lucide-react/dist/esm/icons/index.mjs [Client Component SSR]
    ./.gemini/antigravity/scratch/teacher-tracking/node_modules/lucide-react/dist/esm/lucide-react.mjs [Client Component SSR]
    ./.gemini/antigravity/scratch/teacher-tracking/src/components/pages/DailyTasksPage.tsx [Client Component SSR]
    ./.gemini/antigravity/scratch/teacher-tracking/src/components/AppShell.tsx [Client Component SSR]
    ./.gemini/antigravity/scratch/teacher-tracking/src/app/page.tsx [Client Component SSR]
    ./.gemini/antigravity/scratch/teacher-tracking/src/app/page.tsx [Server Component]

https://nextjs.org/docs/messages/module-not-found


./.gemini/antigravity/scratch/teacher-tracking/node_modules/lucide-react/dist/esm/icons/index.mjs:1588:1
Module not found: Can't resolve './tv-minimal.mjs'
  [90m1586 |[0m [36mexport[0m { [36mdefault[0m [36mas[0m [33mTurtle[0m } [36mfrom[0m [32m'./turtle.mjs'[0m;
  [90m1587 |[0m [36mexport[0m { [36mdefault[0m [36mas[0m [33mTvMinimalPlay[0m } [36mfrom[0m [32m'./tv-minimal-play.mjs'[0m;
[31m[1m>[0m [90m1588 |[0m [36mexport[0m { [36mdefault[0m [36mas[0m [33mTvMinimal[0m } [36mfrom[0m [32m'./tv-minimal.mjs'[0m;
  [90m     |[0m [31m[1m^^^^^^^^^^^^^^^^^^^^^^^^^^^^^^^^^^^^^^^^^^^^^^^^^^^^^^^^[0m
  [90m1589 |[0m [36mexport[0m { [36mdefault[0m [36mas[0m [33mTv[0m } [36mfrom[0m [32m'./tv.mjs'[0m;
  [90m1590 |[0m [36mexport[0m { [36mdefault[0m [36mas[0m [33mTypeOutline[0m } [36mfrom[0m [32m'./type-outline.mjs'[0m;
  [90m1591 |[0m [36mexport[0m { [36mdefault[0m [36mas[0m [33mUmbrellaOff[0m } [36mfrom[0m [32m'./umbrella-off.mjs'[0m;



Import traces:
  Client Component Browser:
    ./.gemini/antigravity/scratch/teacher-tracking/node_modules/lucide-react/dist/esm/icons/index.mjs [Client Component Browser]
    ./.gemini/antigravity/scratch/teacher-tracking/node_modules/lucide-react/dist/esm/lucide-react.mjs [Client Component Browser]
    ./.gemini/antigravity/scratch/teacher-tracking/src/components/pages/DailyTasksPage.tsx [Client Component Browser]
    ./.gemini/antigravity/scratch/teacher-tracking/src/components/AppShell.tsx [Client Component Browser]
    ./.gemini/antigravity/scratch/teacher-tracking/src/app/page.tsx [Client Component Browser]
    ./.gemini/antigravity/scratch/teacher-tracking/src/app/page.tsx [Server Component]

  Client Component SSR:
    ./.gemini/antigravity/scratch/teacher-tracking/node_modules/lucide-react/dist/esm/icons/index.mjs [Client Component SSR]
    ./.gemini/antigravity/scratch/teacher-tracking/node_modules/lucide-react/dist/esm/lucide-react.mjs [Client Component SSR]
    ./.gemini/antigravity/scratch/teacher-tracking/src/components/pages/DailyTasksPage.tsx [Client Component SSR]
    ./.gemini/antigravity/scratch/teacher-tracking/src/components/AppShell.tsx [Client Component SSR]
    ./.gemini/antigravity/scratch/teacher-tracking/src/app/page.tsx [Client Component SSR]
    ./.gemini/antigravity/scratch/teacher-tracking/src/app/page.tsx [Server Component]

https://nextjs.org/docs/messages/module-not-found


./.gemini/antigravity/scratch/teacher-tracking/node_modules/lucide-react/dist/esm/icons/index.mjs:1589:1
Module not found: Can't resolve './tv.mjs'
  [90m1587 |[0m [36mexport[0m { [36mdefault[0m [36mas[0m [33mTvMinimalPlay[0m } [36mfrom[0m [32m'./tv-minimal-play.mjs'[0m;
  [90m1588 |[0m [36mexport[0m { [36mdefault[0m [36mas[0m [33mTvMinimal[0m } [36mfrom[0m [32m'./tv-minimal.mjs'[0m;
[31m[1m>[0m [90m1589 |[0m [36mexport[0m { [36mdefault[0m [36mas[0m [33mTv[0m } [36mfrom[0m [32m'./tv.mjs'[0m;
  [90m     |[0m [31m[1m^^^^^^^^^^^^^^^^^^^^^^^^^^^^^^^^^^^^^^^^^[0m
  [90m1590 |[0m [36mexport[0m { [36mdefault[0m [36mas[0m [33mTypeOutline[0m } [36mfrom[0m [32m'./type-outline.mjs'[0m;
  [90m1591 |[0m [36mexport[0m { [36mdefault[0m [36mas[0m [33mUmbrellaOff[0m } [36mfrom[0m [32m'./umbrella-off.mjs'[0m;
  [90m1592 |[0m [36mexport[0m { [36mdefault[0m [36mas[0m [33mType[0m } [36mfrom[0m [32m'./type.mjs'[0m;



Import traces:
  Client Component Browser:
    ./.gemini/antigravity/scratch/teacher-tracking/node_modules/lucide-react/dist/esm/icons/index.mjs [Client Component Browser]
    ./.gemini/antigravity/scratch/teacher-tracking/node_modules/lucide-react/dist/esm/lucide-react.mjs [Client Component Browser]
    ./.gemini/antigravity/scratch/teacher-tracking/src/components/pages/DailyTasksPage.tsx [Client Component Browser]
    ./.gemini/antigravity/scratch/teacher-tracking/src/components/AppShell.tsx [Client Component Browser]
    ./.gemini/antigravity/scratch/teacher-tracking/src/app/page.tsx [Client Component Browser]
    ./.gemini/antigravity/scratch/teacher-tracking/src/app/page.tsx [Server Component]

  Client Component SSR:
    ./.gemini/antigravity/scratch/teacher-tracking/node_modules/lucide-react/dist/esm/icons/index.mjs [Client Component SSR]
    ./.gemini/antigravity/scratch/teacher-tracking/node_modules/lucide-react/dist/esm/lucide-react.mjs [Client Component SSR]
    ./.gemini/antigravity/scratch/teacher-tracking/src/components/pages/DailyTasksPage.tsx [Client Component SSR]
    ./.gemini/antigravity/scratch/teacher-tracking/src/components/AppShell.tsx [Client Component SSR]
    ./.gemini/antigravity/scratch/teacher-tracking/src/app/page.tsx [Client Component SSR]
    ./.gemini/antigravity/scratch/teacher-tracking/src/app/page.tsx [Server Component]

https://nextjs.org/docs/messages/module-not-found


./.gemini/antigravity/scratch/teacher-tracking/node_modules/lucide-react/dist/esm/icons/index.mjs:1590:1
Module not found: Can't resolve './type-outline.mjs'
  [90m1588 |[0m [36mexport[0m { [36mdefault[0m [36mas[0m [33mTvMinimal[0m } [36mfrom[0m [32m'./tv-minimal.mjs'[0m;
  [90m1589 |[0m [36mexport[0m { [36mdefault[0m [36mas[0m [33mTv[0m } [36mfrom[0m [32m'./tv.mjs'[0m;
[31m[1m>[0m [90m1590 |[0m [36mexport[0m { [36mdefault[0m [36mas[0m [33mTypeOutline[0m } [36mfrom[0m [32m'./type-outline.mjs'[0m;
  [90m     |[0m [31m[1m^^^^^^^^^^^^^^^^^^^^^^^^^^^^^^^^^^^^^^^^^^^^^^^^^^^^^^^^^^^^[0m
  [90m1591 |[0m [36mexport[0m { [36mdefault[0m [36mas[0m [33mUmbrellaOff[0m } [36mfrom[0m [32m'./umbrella-off.mjs'[0m;
  [90m1592 |[0m [36mexport[0m { [36mdefault[0m [36mas[0m [33mType[0m } [36mfrom[0m [32m'./type.mjs'[0m;
  [90m1593 |[0m [36mexport[0m { [36mdefault[0m [36mas[0m [33mUmbrella[0m } [36mfrom[0m [32m'./umbrella.mjs'[0m;



Import traces:
  Client Component Browser:
    ./.gemini/antigravity/scratch/teacher-tracking/node_modules/lucide-react/dist/esm/icons/index.mjs [Client Component Browser]
    ./.gemini/antigravity/scratch/teacher-tracking/node_modules/lucide-react/dist/esm/lucide-react.mjs [Client Component Browser]
    ./.gemini/antigravity/scratch/teacher-tracking/src/components/pages/DailyTasksPage.tsx [Client Component Browser]
    ./.gemini/antigravity/scratch/teacher-tracking/src/components/AppShell.tsx [Client Component Browser]
    ./.gemini/antigravity/scratch/teacher-tracking/src/app/page.tsx [Client Component Browser]
    ./.gemini/antigravity/scratch/teacher-tracking/src/app/page.tsx [Server Component]

  Client Component SSR:
    ./.gemini/antigravity/scratch/teacher-tracking/node_modules/lucide-react/dist/esm/icons/index.mjs [Client Component SSR]
    ./.gemini/antigravity/scratch/teacher-tracking/node_modules/lucide-react/dist/esm/lucide-react.mjs [Client Component SSR]
    ./.gemini/antigravity/scratch/teacher-tracking/src/components/pages/DailyTasksPage.tsx [Client Component SSR]
    ./.gemini/antigravity/scratch/teacher-tracking/src/components/AppShell.tsx [Client Component SSR]
    ./.gemini/antigravity/scratch/teacher-tracking/src/app/page.tsx [Client Component SSR]
    ./.gemini/antigravity/scratch/teacher-tracking/src/app/page.tsx [Server Component]

https://nextjs.org/docs/messages/module-not-found


./.gemini/antigravity/scratch/teacher-tracking/node_modules/lucide-react/dist/esm/icons/index.mjs:1592:1
Module not found: Can't resolve './type.mjs'
  [90m1590 |[0m [36mexport[0m { [36mdefault[0m [36mas[0m [33mTypeOutline[0m } [36mfrom[0m [32m'./type-outline.mjs'[0m;
  [90m1591 |[0m [36mexport[0m { [36mdefault[0m [36mas[0m [33mUmbrellaOff[0m } [36mfrom[0m [32m'./umbrella-off.mjs'[0m;
[31m[1m>[0m [90m1592 |[0m [36mexport[0m { [36mdefault[0m [36mas[0m [33mType[0m } [36mfrom[0m [32m'./type.mjs'[0m;
  [90m     |[0m [31m[1m^^^^^^^^^^^^^^^^^^^^^^^^^^^^^^^^^^^^^^^^^^^^^[0m
  [90m1593 |[0m [36mexport[0m { [36mdefault[0m [36mas[0m [33mUmbrella[0m } [36mfrom[0m [32m'./umbrella.mjs'[0m;
  [90m1594 |[0m [36mexport[0m { [36mdefault[0m [36mas[0m [33mUnderline[0m } [36mfrom[0m [32m'./underline.mjs'[0m;
  [90m1595 |[0m [36mexport[0m { [36mdefault[0m [36mas[0m [33mUndo2[0m } [36mfrom[0m [32m'./undo-2.mjs'[0m;



Import traces:
  Client Component Browser:
    ./.gemini/antigravity/scratch/teacher-tracking/node_modules/lucide-react/dist/esm/icons/index.mjs [Client Component Browser]
    ./.gemini/antigravity/scratch/teacher-tracking/node_modules/lucide-react/dist/esm/lucide-react.mjs [Client Component Browser]
    ./.gemini/antigravity/scratch/teacher-tracking/src/components/pages/DailyTasksPage.tsx [Client Component Browser]
    ./.gemini/antigravity/scratch/teacher-tracking/src/components/AppShell.tsx [Client Component Browser]
    ./.gemini/antigravity/scratch/teacher-tracking/src/app/page.tsx [Client Component Browser]
    ./.gemini/antigravity/scratch/teacher-tracking/src/app/page.tsx [Server Component]

  Client Component SSR:
    ./.gemini/antigravity/scratch/teacher-tracking/node_modules/lucide-react/dist/esm/icons/index.mjs [Client Component SSR]
    ./.gemini/antigravity/scratch/teacher-tracking/node_modules/lucide-react/dist/esm/lucide-react.mjs [Client Component SSR]
    ./.gemini/antigravity/scratch/teacher-tracking/src/components/pages/DailyTasksPage.tsx [Client Component SSR]
    ./.gemini/antigravity/scratch/teacher-tracking/src/components/AppShell.tsx [Client Component SSR]
    ./.gemini/antigravity/scratch/teacher-tracking/src/app/page.tsx [Client Component SSR]
    ./.gemini/antigravity/scratch/teacher-tracking/src/app/page.tsx [Server Component]

https://nextjs.org/docs/messages/module-not-found


./.gemini/antigravity/scratch/teacher-tracking/node_modules/lucide-react/dist/esm/icons/index.mjs:1591:1
Module not found: Can't resolve './umbrella-off.mjs'
  [90m1589 |[0m [36mexport[0m { [36mdefault[0m [36mas[0m [33mTv[0m } [36mfrom[0m [32m'./tv.mjs'[0m;
  [90m1590 |[0m [36mexport[0m { [36mdefault[0m [36mas[0m [33mTypeOutline[0m } [36mfrom[0m [32m'./type-outline.mjs'[0m;
[31m[1m>[0m [90m1591 |[0m [36mexport[0m { [36mdefault[0m [36mas[0m [33mUmbrellaOff[0m } [36mfrom[0m [32m'./umbrella-off.mjs'[0m;
  [90m     |[0m [31m[1m^^^^^^^^^^^^^^^^^^^^^^^^^^^^^^^^^^^^^^^^^^^^^^^^^^^^^^^^^^^^[0m
  [90m1592 |[0m [36mexport[0m { [36mdefault[0m [36mas[0m [33mType[0m } [36mfrom[0m [32m'./type.mjs'[0m;
  [90m1593 |[0m [36mexport[0m { [36mdefault[0m [36mas[0m [33mUmbrella[0m } [36mfrom[0m [32m'./umbrella.mjs'[0m;
  [90m1594 |[0m [36mexport[0m { [36mdefault[0m [36mas[0m [33mUnderline[0m } [36mfrom[0m [32m'./underline.mjs'[0m;



Import traces:
  Client Component Browser:
    ./.gemini/antigravity/scratch/teacher-tracking/node_modules/lucide-react/dist/esm/icons/index.mjs [Client Component Browser]
    ./.gemini/antigravity/scratch/teacher-tracking/node_modules/lucide-react/dist/esm/lucide-react.mjs [Client Component Browser]
    ./.gemini/antigravity/scratch/teacher-tracking/src/components/pages/DailyTasksPage.tsx [Client Component Browser]
    ./.gemini/antigravity/scratch/teacher-tracking/src/components/AppShell.tsx [Client Component Browser]
    ./.gemini/antigravity/scratch/teacher-tracking/src/app/page.tsx [Client Component Browser]
    ./.gemini/antigravity/scratch/teacher-tracking/src/app/page.tsx [Server Component]

  Client Component SSR:
    ./.gemini/antigravity/scratch/teacher-tracking/node_modules/lucide-react/dist/esm/icons/index.mjs [Client Component SSR]
    ./.gemini/antigravity/scratch/teacher-tracking/node_modules/lucide-react/dist/esm/lucide-react.mjs [Client Component SSR]
    ./.gemini/antigravity/scratch/teacher-tracking/src/components/pages/DailyTasksPage.tsx [Client Component SSR]
    ./.gemini/antigravity/scratch/teacher-tracking/src/components/AppShell.tsx [Client Component SSR]
    ./.gemini/antigravity/scratch/teacher-tracking/src/app/page.tsx [Client Component SSR]
    ./.gemini/antigravity/scratch/teacher-tracking/src/app/page.tsx [Server Component]

https://nextjs.org/docs/messages/module-not-found


./.gemini/antigravity/scratch/teacher-tracking/node_modules/lucide-react/dist/esm/icons/index.mjs:1593:1
Module not found: Can't resolve './umbrella.mjs'
  [90m1591 |[0m [36mexport[0m { [36mdefault[0m [36mas[0m [33mUmbrellaOff[0m } [36mfrom[0m [32m'./umbrella-off.mjs'[0m;
  [90m1592 |[0m [36mexport[0m { [36mdefault[0m [36mas[0m [33mType[0m } [36mfrom[0m [32m'./type.mjs'[0m;
[31m[1m>[0m [90m1593 |[0m [36mexport[0m { [36mdefault[0m [36mas[0m [33mUmbrella[0m } [36mfrom[0m [32m'./umbrella.mjs'[0m;
  [90m     |[0m [31m[1m^^^^^^^^^^^^^^^^^^^^^^^^^^^^^^^^^^^^^^^^^^^^^^^^^^^^^[0m
  [90m1594 |[0m [36mexport[0m { [36mdefault[0m [36mas[0m [33mUnderline[0m } [36mfrom[0m [32m'./underline.mjs'[0m;
  [90m1595 |[0m [36mexport[0m { [36mdefault[0m [36mas[0m [33mUndo2[0m } [36mfrom[0m [32m'./undo-2.mjs'[0m;
  [90m1596 |[0m [36mexport[0m { [36mdefault[0m [36mas[0m [33mUndoDot[0m } [36mfrom[0m [32m'./undo-dot.mjs'[0m;



Import traces:
  Client Component Browser:
    ./.gemini/antigravity/scratch/teacher-tracking/node_modules/lucide-react/dist/esm/icons/index.mjs [Client Component Browser]
    ./.gemini/antigravity/scratch/teacher-tracking/node_modules/lucide-react/dist/esm/lucide-react.mjs [Client Component Browser]
    ./.gemini/antigravity/scratch/teacher-tracking/src/components/pages/DailyTasksPage.tsx [Client Component Browser]
    ./.gemini/antigravity/scratch/teacher-tracking/src/components/AppShell.tsx [Client Component Browser]
    ./.gemini/antigravity/scratch/teacher-tracking/src/app/page.tsx [Client Component Browser]
    ./.gemini/antigravity/scratch/teacher-tracking/src/app/page.tsx [Server Component]

  Client Component SSR:
    ./.gemini/antigravity/scratch/teacher-tracking/node_modules/lucide-react/dist/esm/icons/index.mjs [Client Component SSR]
    ./.gemini/antigravity/scratch/teacher-tracking/node_modules/lucide-react/dist/esm/lucide-react.mjs [Client Component SSR]
    ./.gemini/antigravity/scratch/teacher-tracking/src/components/pages/DailyTasksPage.tsx [Client Component SSR]
    ./.gemini/antigravity/scratch/teacher-tracking/src/components/AppShell.tsx [Client Component SSR]
    ./.gemini/antigravity/scratch/teacher-tracking/src/app/page.tsx [Client Component SSR]
    ./.gemini/antigravity/scratch/teacher-tracking/src/app/page.tsx [Server Component]

https://nextjs.org/docs/messages/module-not-found


./.gemini/antigravity/scratch/teacher-tracking/node_modules/lucide-react/dist/esm/icons/index.mjs:1594:1
Module not found: Can't resolve './underline.mjs'
  [90m1592 |[0m [36mexport[0m { [36mdefault[0m [36mas[0m [33mType[0m } [36mfrom[0m [32m'./type.mjs'[0m;
  [90m1593 |[0m [36mexport[0m { [36mdefault[0m [36mas[0m [33mUmbrella[0m } [36mfrom[0m [32m'./umbrella.mjs'[0m;
[31m[1m>[0m [90m1594 |[0m [36mexport[0m { [36mdefault[0m [36mas[0m [33mUnderline[0m } [36mfrom[0m [32m'./underline.mjs'[0m;
  [90m     |[0m [31m[1m^^^^^^^^^^^^^^^^^^^^^^^^^^^^^^^^^^^^^^^^^^^^^^^^^^^^^^^[0m
  [90m1595 |[0m [36mexport[0m { [36mdefault[0m [36mas[0m [33mUndo2[0m } [36mfrom[0m [32m'./undo-2.mjs'[0m;
  [90m1596 |[0m [36mexport[0m { [36mdefault[0m [36mas[0m [33mUndoDot[0m } [36mfrom[0m [32m'./undo-dot.mjs'[0m;
  [90m1597 |[0m [36mexport[0m { [36mdefault[0m [36mas[0m [33mUndo[0m } [36mfrom[0m [32m'./undo.mjs'[0m;



Import traces:
  Client Component Browser:
    ./.gemini/antigravity/scratch/teacher-tracking/node_modules/lucide-react/dist/esm/icons/index.mjs [Client Component Browser]
    ./.gemini/antigravity/scratch/teacher-tracking/node_modules/lucide-react/dist/esm/lucide-react.mjs [Client Component Browser]
    ./.gemini/antigravity/scratch/teacher-tracking/src/components/pages/DailyTasksPage.tsx [Client Component Browser]
    ./.gemini/antigravity/scratch/teacher-tracking/src/components/AppShell.tsx [Client Component Browser]
    ./.gemini/antigravity/scratch/teacher-tracking/src/app/page.tsx [Client Component Browser]
    ./.gemini/antigravity/scratch/teacher-tracking/src/app/page.tsx [Server Component]

  Client Component SSR:
    ./.gemini/antigravity/scratch/teacher-tracking/node_modules/lucide-react/dist/esm/icons/index.mjs [Client Component SSR]
    ./.gemini/antigravity/scratch/teacher-tracking/node_modules/lucide-react/dist/esm/lucide-react.mjs [Client Component SSR]
    ./.gemini/antigravity/scratch/teacher-tracking/src/components/pages/DailyTasksPage.tsx [Client Component SSR]
    ./.gemini/antigravity/scratch/teacher-tracking/src/components/AppShell.tsx [Client Component SSR]
    ./.gemini/antigravity/scratch/teacher-tracking/src/app/page.tsx [Client Component SSR]
    ./.gemini/antigravity/scratch/teacher-tracking/src/app/page.tsx [Server Component]

https://nextjs.org/docs/messages/module-not-found


./.gemini/antigravity/scratch/teacher-tracking/node_modules/lucide-react/dist/esm/icons/index.mjs:1595:1
Module not found: Can't resolve './undo-2.mjs'
  [90m1593 |[0m [36mexport[0m { [36mdefault[0m [36mas[0m [33mUmbrella[0m } [36mfrom[0m [32m'./umbrella.mjs'[0m;
  [90m1594 |[0m [36mexport[0m { [36mdefault[0m [36mas[0m [33mUnderline[0m } [36mfrom[0m [32m'./underline.mjs'[0m;
[31m[1m>[0m [90m1595 |[0m [36mexport[0m { [36mdefault[0m [36mas[0m [33mUndo2[0m } [36mfrom[0m [32m'./undo-2.mjs'[0m;
  [90m     |[0m [31m[1m^^^^^^^^^^^^^^^^^^^^^^^^^^^^^^^^^^^^^^^^^^^^^^^^[0m
  [90m1596 |[0m [36mexport[0m { [36mdefault[0m [36mas[0m [33mUndoDot[0m } [36mfrom[0m [32m'./undo-dot.mjs'[0m;
  [90m1597 |[0m [36mexport[0m { [36mdefault[0m [36mas[0m [33mUndo[0m } [36mfrom[0m [32m'./undo.mjs'[0m;
  [90m1598 |[0m [36mexport[0m { [36mdefault[0m [36mas[0m [33mUnfoldHorizontal[0m } [36mfrom[0m [32m'./unfold-horizontal.mjs'[0m;



Import traces:
  Client Component Browser:
    ./.gemini/antigravity/scratch/teacher-tracking/node_modules/lucide-react/dist/esm/icons/index.mjs [Client Component Browser]
    ./.gemini/antigravity/scratch/teacher-tracking/node_modules/lucide-react/dist/esm/lucide-react.mjs [Client Component Browser]
    ./.gemini/antigravity/scratch/teacher-tracking/src/components/pages/DailyTasksPage.tsx [Client Component Browser]
    ./.gemini/antigravity/scratch/teacher-tracking/src/components/AppShell.tsx [Client Component Browser]
    ./.gemini/antigravity/scratch/teacher-tracking/src/app/page.tsx [Client Component Browser]
    ./.gemini/antigravity/scratch/teacher-tracking/src/app/page.tsx [Server Component]

  Client Component SSR:
    ./.gemini/antigravity/scratch/teacher-tracking/node_modules/lucide-react/dist/esm/icons/index.mjs [Client Component SSR]
    ./.gemini/antigravity/scratch/teacher-tracking/node_modules/lucide-react/dist/esm/lucide-react.mjs [Client Component SSR]
    ./.gemini/antigravity/scratch/teacher-tracking/src/components/pages/DailyTasksPage.tsx [Client Component SSR]
    ./.gemini/antigravity/scratch/teacher-tracking/src/components/AppShell.tsx [Client Component SSR]
    ./.gemini/antigravity/scratch/teacher-tracking/src/app/page.tsx [Client Component SSR]
    ./.gemini/antigravity/scratch/teacher-tracking/src/app/page.tsx [Server Component]

https://nextjs.org/docs/messages/module-not-found


./.gemini/antigravity/scratch/teacher-tracking/node_modules/lucide-react/dist/esm/icons/index.mjs:1596:1
Module not found: Can't resolve './undo-dot.mjs'
  [90m1594 |[0m [36mexport[0m { [36mdefault[0m [36mas[0m [33mUnderline[0m } [36mfrom[0m [32m'./underline.mjs'[0m;
  [90m1595 |[0m [36mexport[0m { [36mdefault[0m [36mas[0m [33mUndo2[0m } [36mfrom[0m [32m'./undo-2.mjs'[0m;
[31m[1m>[0m [90m1596 |[0m [36mexport[0m { [36mdefault[0m [36mas[0m [33mUndoDot[0m } [36mfrom[0m [32m'./undo-dot.mjs'[0m;
  [90m     |[0m [31m[1m^^^^^^^^^^^^^^^^^^^^^^^^^^^^^^^^^^^^^^^^^^^^^^^^^^^^[0m
  [90m1597 |[0m [36mexport[0m { [36mdefault[0m [36mas[0m [33mUndo[0m } [36mfrom[0m [32m'./undo.mjs'[0m;
  [90m1598 |[0m [36mexport[0m { [36mdefault[0m [36mas[0m [33mUnfoldHorizontal[0m } [36mfrom[0m [32m'./unfold-horizontal.mjs'[0m;
  [90m1599 |[0m [36mexport[0m { [36mdefault[0m [36mas[0m [33mUnfoldVertical[0m } [36mfrom[0m [32m'./unfold-vertical.mjs'[0m;



Import traces:
  Client Component Browser:
    ./.gemini/antigravity/scratch/teacher-tracking/node_modules/lucide-react/dist/esm/icons/index.mjs [Client Component Browser]
    ./.gemini/antigravity/scratch/teacher-tracking/node_modules/lucide-react/dist/esm/lucide-react.mjs [Client Component Browser]
    ./.gemini/antigravity/scratch/teacher-tracking/src/components/pages/DailyTasksPage.tsx [Client Component Browser]
    ./.gemini/antigravity/scratch/teacher-tracking/src/components/AppShell.tsx [Client Component Browser]
    ./.gemini/antigravity/scratch/teacher-tracking/src/app/page.tsx [Client Component Browser]
    ./.gemini/antigravity/scratch/teacher-tracking/src/app/page.tsx [Server Component]

  Client Component SSR:
    ./.gemini/antigravity/scratch/teacher-tracking/node_modules/lucide-react/dist/esm/icons/index.mjs [Client Component SSR]
    ./.gemini/antigravity/scratch/teacher-tracking/node_modules/lucide-react/dist/esm/lucide-react.mjs [Client Component SSR]
    ./.gemini/antigravity/scratch/teacher-tracking/src/components/pages/DailyTasksPage.tsx [Client Component SSR]
    ./.gemini/antigravity/scratch/teacher-tracking/src/components/AppShell.tsx [Client Component SSR]
    ./.gemini/antigravity/scratch/teacher-tracking/src/app/page.tsx [Client Component SSR]
    ./.gemini/antigravity/scratch/teacher-tracking/src/app/page.tsx [Server Component]

https://nextjs.org/docs/messages/module-not-found


./.gemini/antigravity/scratch/teacher-tracking/node_modules/lucide-react/dist/esm/icons/index.mjs:1597:1
Module not found: Can't resolve './undo.mjs'
  [90m1595 |[0m [36mexport[0m { [36mdefault[0m [36mas[0m [33mUndo2[0m } [36mfrom[0m [32m'./undo-2.mjs'[0m;
  [90m1596 |[0m [36mexport[0m { [36mdefault[0m [36mas[0m [33mUndoDot[0m } [36mfrom[0m [32m'./undo-dot.mjs'[0m;
[31m[1m>[0m [90m1597 |[0m [36mexport[0m { [36mdefault[0m [36mas[0m [33mUndo[0m } [36mfrom[0m [32m'./undo.mjs'[0m;
  [90m     |[0m [31m[1m^^^^^^^^^^^^^^^^^^^^^^^^^^^^^^^^^^^^^^^^^^^^^[0m
  [90m1598 |[0m [36mexport[0m { [36mdefault[0m [36mas[0m [33mUnfoldHorizontal[0m } [36mfrom[0m [32m'./unfold-horizontal.mjs'[0m;
  [90m1599 |[0m [36mexport[0m { [36mdefault[0m [36mas[0m [33mUnfoldVertical[0m } [36mfrom[0m [32m'./unfold-vertical.mjs'[0m;
  [90m1600 |[0m [36mexport[0m { [36mdefault[0m [36mas[0m [33mUngroup[0m } [36mfrom[0m [32m'./ungroup.mjs'[0m;



Import traces:
  Client Component Browser:
    ./.gemini/antigravity/scratch/teacher-tracking/node_modules/lucide-react/dist/esm/icons/index.mjs [Client Component Browser]
    ./.gemini/antigravity/scratch/teacher-tracking/node_modules/lucide-react/dist/esm/lucide-react.mjs [Client Component Browser]
    ./.gemini/antigravity/scratch/teacher-tracking/src/components/pages/DailyTasksPage.tsx [Client Component Browser]
    ./.gemini/antigravity/scratch/teacher-tracking/src/components/AppShell.tsx [Client Component Browser]
    ./.gemini/antigravity/scratch/teacher-tracking/src/app/page.tsx [Client Component Browser]
    ./.gemini/antigravity/scratch/teacher-tracking/src/app/page.tsx [Server Component]

  Client Component SSR:
    ./.gemini/antigravity/scratch/teacher-tracking/node_modules/lucide-react/dist/esm/icons/index.mjs [Client Component SSR]
    ./.gemini/antigravity/scratch/teacher-tracking/node_modules/lucide-react/dist/esm/lucide-react.mjs [Client Component SSR]
    ./.gemini/antigravity/scratch/teacher-tracking/src/components/pages/DailyTasksPage.tsx [Client Component SSR]
    ./.gemini/antigravity/scratch/teacher-tracking/src/components/AppShell.tsx [Client Component SSR]
    ./.gemini/antigravity/scratch/teacher-tracking/src/app/page.tsx [Client Component SSR]
    ./.gemini/antigravity/scratch/teacher-tracking/src/app/page.tsx [Server Component]

https://nextjs.org/docs/messages/module-not-found


./.gemini/antigravity/scratch/teacher-tracking/node_modules/lucide-react/dist/esm/icons/index.mjs:1598:1
Module not found: Can't resolve './unfold-horizontal.mjs'
  [90m1596 |[0m [36mexport[0m { [36mdefault[0m [36mas[0m [33mUndoDot[0m } [36mfrom[0m [32m'./undo-dot.mjs'[0m;
  [90m1597 |[0m [36mexport[0m { [36mdefault[0m [36mas[0m [33mUndo[0m } [36mfrom[0m [32m'./undo.mjs'[0m;
[31m[1m>[0m [90m1598 |[0m [36mexport[0m { [36mdefault[0m [36mas[0m [33mUnfoldHorizontal[0m } [36mfrom[0m [32m'./unfold-horizontal.mjs'[0m;
  [90m     |[0m [31m[1m^^^^^^^^^^^^^^^^^^^^^^^^^^^^^^^^^^^^^^^^^^^^^^^^^^^^^^^^^^^^^^^^^^^^^^[0m
  [90m1599 |[0m [36mexport[0m { [36mdefault[0m [36mas[0m [33mUnfoldVertical[0m } [36mfrom[0m [32m'./unfold-vertical.mjs'[0m;
  [90m1600 |[0m [36mexport[0m { [36mdefault[0m [36mas[0m [33mUngroup[0m } [36mfrom[0m [32m'./ungroup.mjs'[0m;
  [90m1601 |[0m [36mexport[0m { [36mdefault[0m [36mas[0m [33mUniversity[0m } [36mfrom[0m [32m'./university.mjs'[0m;



Import traces:
  Client Component Browser:
    ./.gemini/antigravity/scratch/teacher-tracking/node_modules/lucide-react/dist/esm/icons/index.mjs [Client Component Browser]
    ./.gemini/antigravity/scratch/teacher-tracking/node_modules/lucide-react/dist/esm/lucide-react.mjs [Client Component Browser]
    ./.gemini/antigravity/scratch/teacher-tracking/src/components/pages/DailyTasksPage.tsx [Client Component Browser]
    ./.gemini/antigravity/scratch/teacher-tracking/src/components/AppShell.tsx [Client Component Browser]
    ./.gemini/antigravity/scratch/teacher-tracking/src/app/page.tsx [Client Component Browser]
    ./.gemini/antigravity/scratch/teacher-tracking/src/app/page.tsx [Server Component]

  Client Component SSR:
    ./.gemini/antigravity/scratch/teacher-tracking/node_modules/lucide-react/dist/esm/icons/index.mjs [Client Component SSR]
    ./.gemini/antigravity/scratch/teacher-tracking/node_modules/lucide-react/dist/esm/lucide-react.mjs [Client Component SSR]
    ./.gemini/antigravity/scratch/teacher-tracking/src/components/pages/DailyTasksPage.tsx [Client Component SSR]
    ./.gemini/antigravity/scratch/teacher-tracking/src/components/AppShell.tsx [Client Component SSR]
    ./.gemini/antigravity/scratch/teacher-tracking/src/app/page.tsx [Client Component SSR]
    ./.gemini/antigravity/scratch/teacher-tracking/src/app/page.tsx [Server Component]

https://nextjs.org/docs/messages/module-not-found


./.gemini/antigravity/scratch/teacher-tracking/node_modules/lucide-react/dist/esm/icons/index.mjs:1599:1
Module not found: Can't resolve './unfold-vertical.mjs'
  [90m1597 |[0m [36mexport[0m { [36mdefault[0m [36mas[0m [33mUndo[0m } [36mfrom[0m [32m'./undo.mjs'[0m;
  [90m1598 |[0m [36mexport[0m { [36mdefault[0m [36mas[0m [33mUnfoldHorizontal[0m } [36mfrom[0m [32m'./unfold-horizontal.mjs'[0m;
[31m[1m>[0m [90m1599 |[0m [36mexport[0m { [36mdefault[0m [36mas[0m [33mUnfoldVertical[0m } [36mfrom[0m [32m'./unfold-vertical.mjs'[0m;
  [90m     |[0m [31m[1m^^^^^^^^^^^^^^^^^^^^^^^^^^^^^^^^^^^^^^^^^^^^^^^^^^^^^^^^^^^^^^^^^^[0m
  [90m1600 |[0m [36mexport[0m { [36mdefault[0m [36mas[0m [33mUngroup[0m } [36mfrom[0m [32m'./ungroup.mjs'[0m;
  [90m1601 |[0m [36mexport[0m { [36mdefault[0m [36mas[0m [33mUniversity[0m } [36mfrom[0m [32m'./university.mjs'[0m;
  [90m1602 |[0m [36mexport[0m { [36mdefault[0m [36mas[0m [33mUnlink2[0m } [36mfrom[0m [32m'./unlink-2.mjs'[0m;



Import traces:
  Client Component Browser:
    ./.gemini/antigravity/scratch/teacher-tracking/node_modules/lucide-react/dist/esm/icons/index.mjs [Client Component Browser]
    ./.gemini/antigravity/scratch/teacher-tracking/node_modules/lucide-react/dist/esm/lucide-react.mjs [Client Component Browser]
    ./.gemini/antigravity/scratch/teacher-tracking/src/components/pages/DailyTasksPage.tsx [Client Component Browser]
    ./.gemini/antigravity/scratch/teacher-tracking/src/components/AppShell.tsx [Client Component Browser]
    ./.gemini/antigravity/scratch/teacher-tracking/src/app/page.tsx [Client Component Browser]
    ./.gemini/antigravity/scratch/teacher-tracking/src/app/page.tsx [Server Component]

  Client Component SSR:
    ./.gemini/antigravity/scratch/teacher-tracking/node_modules/lucide-react/dist/esm/icons/index.mjs [Client Component SSR]
    ./.gemini/antigravity/scratch/teacher-tracking/node_modules/lucide-react/dist/esm/lucide-react.mjs [Client Component SSR]
    ./.gemini/antigravity/scratch/teacher-tracking/src/components/pages/DailyTasksPage.tsx [Client Component SSR]
    ./.gemini/antigravity/scratch/teacher-tracking/src/components/AppShell.tsx [Client Component SSR]
    ./.gemini/antigravity/scratch/teacher-tracking/src/app/page.tsx [Client Component SSR]
    ./.gemini/antigravity/scratch/teacher-tracking/src/app/page.tsx [Server Component]

https://nextjs.org/docs/messages/module-not-found


./.gemini/antigravity/scratch/teacher-tracking/node_modules/lucide-react/dist/esm/icons/index.mjs:1600:1
Module not found: Can't resolve './ungroup.mjs'
  [90m1598 |[0m [36mexport[0m { [36mdefault[0m [36mas[0m [33mUnfoldHorizontal[0m } [36mfrom[0m [32m'./unfold-horizontal.mjs'[0m;
  [90m1599 |[0m [36mexport[0m { [36mdefault[0m [36mas[0m [33mUnfoldVertical[0m } [36mfrom[0m [32m'./unfold-vertical.mjs'[0m;
[31m[1m>[0m [90m1600 |[0m [36mexport[0m { [36mdefault[0m [36mas[0m [33mUngroup[0m } [36mfrom[0m [32m'./ungroup.mjs'[0m;
  [90m     |[0m [31m[1m^^^^^^^^^^^^^^^^^^^^^^^^^^^^^^^^^^^^^^^^^^^^^^^^^^^[0m
  [90m1601 |[0m [36mexport[0m { [36mdefault[0m [36mas[0m [33mUniversity[0m } [36mfrom[0m [32m'./university.mjs'[0m;
  [90m1602 |[0m [36mexport[0m { [36mdefault[0m [36mas[0m [33mUnlink2[0m } [36mfrom[0m [32m'./unlink-2.mjs'[0m;
  [90m1603 |[0m [36mexport[0m { [36mdefault[0m [36mas[0m [33mUnlink[0m } [36mfrom[0m [32m'./unlink.mjs'[0m;



Import traces:
  Client Component Browser:
    ./.gemini/antigravity/scratch/teacher-tracking/node_modules/lucide-react/dist/esm/icons/index.mjs [Client Component Browser]
    ./.gemini/antigravity/scratch/teacher-tracking/node_modules/lucide-react/dist/esm/lucide-react.mjs [Client Component Browser]
    ./.gemini/antigravity/scratch/teacher-tracking/src/components/pages/DailyTasksPage.tsx [Client Component Browser]
    ./.gemini/antigravity/scratch/teacher-tracking/src/components/AppShell.tsx [Client Component Browser]
    ./.gemini/antigravity/scratch/teacher-tracking/src/app/page.tsx [Client Component Browser]
    ./.gemini/antigravity/scratch/teacher-tracking/src/app/page.tsx [Server Component]

  Client Component SSR:
    ./.gemini/antigravity/scratch/teacher-tracking/node_modules/lucide-react/dist/esm/icons/index.mjs [Client Component SSR]
    ./.gemini/antigravity/scratch/teacher-tracking/node_modules/lucide-react/dist/esm/lucide-react.mjs [Client Component SSR]
    ./.gemini/antigravity/scratch/teacher-tracking/src/components/pages/DailyTasksPage.tsx [Client Component SSR]
    ./.gemini/antigravity/scratch/teacher-tracking/src/components/AppShell.tsx [Client Component SSR]
    ./.gemini/antigravity/scratch/teacher-tracking/src/app/page.tsx [Client Component SSR]
    ./.gemini/antigravity/scratch/teacher-tracking/src/app/page.tsx [Server Component]

https://nextjs.org/docs/messages/module-not-found


./.gemini/antigravity/scratch/teacher-tracking/node_modules/lucide-react/dist/esm/icons/index.mjs:1601:1
Module not found: Can't resolve './university.mjs'
  [90m1599 |[0m [36mexport[0m { [36mdefault[0m [36mas[0m [33mUnfoldVertical[0m } [36mfrom[0m [32m'./unfold-vertical.mjs'[0m;
  [90m1600 |[0m [36mexport[0m { [36mdefault[0m [36mas[0m [33mUngroup[0m } [36mfrom[0m [32m'./ungroup.mjs'[0m;
[31m[1m>[0m [90m1601 |[0m [36mexport[0m { [36mdefault[0m [36mas[0m [33mUniversity[0m } [36mfrom[0m [32m'./university.mjs'[0m;
  [90m     |[0m [31m[1m^^^^^^^^^^^^^^^^^^^^^^^^^^^^^^^^^^^^^^^^^^^^^^^^^^^^^^^^^[0m
  [90m1602 |[0m [36mexport[0m { [36mdefault[0m [36mas[0m [33mUnlink2[0m } [36mfrom[0m [32m'./unlink-2.mjs'[0m;
  [90m1603 |[0m [36mexport[0m { [36mdefault[0m [36mas[0m [33mUnlink[0m } [36mfrom[0m [32m'./unlink.mjs'[0m;
  [90m1604 |[0m [36mexport[0m { [36mdefault[0m [36mas[0m [33mUnplug[0m } [36mfrom[0m [32m'./unplug.mjs'[0m;



Import traces:
  Client Component Browser:
    ./.gemini/antigravity/scratch/teacher-tracking/node_modules/lucide-react/dist/esm/icons/index.mjs [Client Component Browser]
    ./.gemini/antigravity/scratch/teacher-tracking/node_modules/lucide-react/dist/esm/lucide-react.mjs [Client Component Browser]
    ./.gemini/antigravity/scratch/teacher-tracking/src/components/pages/DailyTasksPage.tsx [Client Component Browser]
    ./.gemini/antigravity/scratch/teacher-tracking/src/components/AppShell.tsx [Client Component Browser]
    ./.gemini/antigravity/scratch/teacher-tracking/src/app/page.tsx [Client Component Browser]
    ./.gemini/antigravity/scratch/teacher-tracking/src/app/page.tsx [Server Component]

  Client Component SSR:
    ./.gemini/antigravity/scratch/teacher-tracking/node_modules/lucide-react/dist/esm/icons/index.mjs [Client Component SSR]
    ./.gemini/antigravity/scratch/teacher-tracking/node_modules/lucide-react/dist/esm/lucide-react.mjs [Client Component SSR]
    ./.gemini/antigravity/scratch/teacher-tracking/src/components/pages/DailyTasksPage.tsx [Client Component SSR]
    ./.gemini/antigravity/scratch/teacher-tracking/src/components/AppShell.tsx [Client Component SSR]
    ./.gemini/antigravity/scratch/teacher-tracking/src/app/page.tsx [Client Component SSR]
    ./.gemini/antigravity/scratch/teacher-tracking/src/app/page.tsx [Server Component]

https://nextjs.org/docs/messages/module-not-found


./.gemini/antigravity/scratch/teacher-tracking/node_modules/lucide-react/dist/esm/icons/index.mjs:1602:1
Module not found: Can't resolve './unlink-2.mjs'
  [90m1600 |[0m [36mexport[0m { [36mdefault[0m [36mas[0m [33mUngroup[0m } [36mfrom[0m [32m'./ungroup.mjs'[0m;
  [90m1601 |[0m [36mexport[0m { [36mdefault[0m [36mas[0m [33mUniversity[0m } [36mfrom[0m [32m'./university.mjs'[0m;
[31m[1m>[0m [90m1602 |[0m [36mexport[0m { [36mdefault[0m [36mas[0m [33mUnlink2[0m } [36mfrom[0m [32m'./unlink-2.mjs'[0m;
  [90m     |[0m [31m[1m^^^^^^^^^^^^^^^^^^^^^^^^^^^^^^^^^^^^^^^^^^^^^^^^^^^^[0m
  [90m1603 |[0m [36mexport[0m { [36mdefault[0m [36mas[0m [33mUnlink[0m } [36mfrom[0m [32m'./unlink.mjs'[0m;
  [90m1604 |[0m [36mexport[0m { [36mdefault[0m [36mas[0m [33mUnplug[0m } [36mfrom[0m [32m'./unplug.mjs'[0m;
  [90m1605 |[0m [36mexport[0m { [36mdefault[0m [36mas[0m [33mUsb[0m } [36mfrom[0m [32m'./usb.mjs'[0m;



Import traces:
  Client Component Browser:
    ./.gemini/antigravity/scratch/teacher-tracking/node_modules/lucide-react/dist/esm/icons/index.mjs [Client Component Browser]
    ./.gemini/antigravity/scratch/teacher-tracking/node_modules/lucide-react/dist/esm/lucide-react.mjs [Client Component Browser]
    ./.gemini/antigravity/scratch/teacher-tracking/src/components/pages/DailyTasksPage.tsx [Client Component Browser]
    ./.gemini/antigravity/scratch/teacher-tracking/src/components/AppShell.tsx [Client Component Browser]
    ./.gemini/antigravity/scratch/teacher-tracking/src/app/page.tsx [Client Component Browser]
    ./.gemini/antigravity/scratch/teacher-tracking/src/app/page.tsx [Server Component]

  Client Component SSR:
    ./.gemini/antigravity/scratch/teacher-tracking/node_modules/lucide-react/dist/esm/icons/index.mjs [Client Component SSR]
    ./.gemini/antigravity/scratch/teacher-tracking/node_modules/lucide-react/dist/esm/lucide-react.mjs [Client Component SSR]
    ./.gemini/antigravity/scratch/teacher-tracking/src/components/pages/DailyTasksPage.tsx [Client Component SSR]
    ./.gemini/antigravity/scratch/teacher-tracking/src/components/AppShell.tsx [Client Component SSR]
    ./.gemini/antigravity/scratch/teacher-tracking/src/app/page.tsx [Client Component SSR]
    ./.gemini/antigravity/scratch/teacher-tracking/src/app/page.tsx [Server Component]

https://nextjs.org/docs/messages/module-not-found


./.gemini/antigravity/scratch/teacher-tracking/node_modules/lucide-react/dist/esm/icons/index.mjs:1603:1
Module not found: Can't resolve './unlink.mjs'
  [90m1601 |[0m [36mexport[0m { [36mdefault[0m [36mas[0m [33mUniversity[0m } [36mfrom[0m [32m'./university.mjs'[0m;
  [90m1602 |[0m [36mexport[0m { [36mdefault[0m [36mas[0m [33mUnlink2[0m } [36mfrom[0m [32m'./unlink-2.mjs'[0m;
[31m[1m>[0m [90m1603 |[0m [36mexport[0m { [36mdefault[0m [36mas[0m [33mUnlink[0m } [36mfrom[0m [32m'./unlink.mjs'[0m;
  [90m     |[0m [31m[1m^^^^^^^^^^^^^^^^^^^^^^^^^^^^^^^^^^^^^^^^^^^^^^^^^[0m
  [90m1604 |[0m [36mexport[0m { [36mdefault[0m [36mas[0m [33mUnplug[0m } [36mfrom[0m [32m'./unplug.mjs'[0m;
  [90m1605 |[0m [36mexport[0m { [36mdefault[0m [36mas[0m [33mUsb[0m } [36mfrom[0m [32m'./usb.mjs'[0m;
  [90m1606 |[0m [36mexport[0m { [36mdefault[0m [36mas[0m [33mUpload[0m } [36mfrom[0m [32m'./upload.mjs'[0m;



Import traces:
  Client Component Browser:
    ./.gemini/antigravity/scratch/teacher-tracking/node_modules/lucide-react/dist/esm/icons/index.mjs [Client Component Browser]
    ./.gemini/antigravity/scratch/teacher-tracking/node_modules/lucide-react/dist/esm/lucide-react.mjs [Client Component Browser]
    ./.gemini/antigravity/scratch/teacher-tracking/src/components/pages/DailyTasksPage.tsx [Client Component Browser]
    ./.gemini/antigravity/scratch/teacher-tracking/src/components/AppShell.tsx [Client Component Browser]
    ./.gemini/antigravity/scratch/teacher-tracking/src/app/page.tsx [Client Component Browser]
    ./.gemini/antigravity/scratch/teacher-tracking/src/app/page.tsx [Server Component]

  Client Component SSR:
    ./.gemini/antigravity/scratch/teacher-tracking/node_modules/lucide-react/dist/esm/icons/index.mjs [Client Component SSR]
    ./.gemini/antigravity/scratch/teacher-tracking/node_modules/lucide-react/dist/esm/lucide-react.mjs [Client Component SSR]
    ./.gemini/antigravity/scratch/teacher-tracking/src/components/pages/DailyTasksPage.tsx [Client Component SSR]
    ./.gemini/antigravity/scratch/teacher-tracking/src/components/AppShell.tsx [Client Component SSR]
    ./.gemini/antigravity/scratch/teacher-tracking/src/app/page.tsx [Client Component SSR]
    ./.gemini/antigravity/scratch/teacher-tracking/src/app/page.tsx [Server Component]

https://nextjs.org/docs/messages/module-not-found


./.gemini/antigravity/scratch/teacher-tracking/node_modules/lucide-react/dist/esm/icons/index.mjs:1604:1
Module not found: Can't resolve './unplug.mjs'
  [90m1602 |[0m [36mexport[0m { [36mdefault[0m [36mas[0m [33mUnlink2[0m } [36mfrom[0m [32m'./unlink-2.mjs'[0m;
  [90m1603 |[0m [36mexport[0m { [36mdefault[0m [36mas[0m [33mUnlink[0m } [36mfrom[0m [32m'./unlink.mjs'[0m;
[31m[1m>[0m [90m1604 |[0m [36mexport[0m { [36mdefault[0m [36mas[0m [33mUnplug[0m } [36mfrom[0m [32m'./unplug.mjs'[0m;
  [90m     |[0m [31m[1m^^^^^^^^^^^^^^^^^^^^^^^^^^^^^^^^^^^^^^^^^^^^^^^^^[0m
  [90m1605 |[0m [36mexport[0m { [36mdefault[0m [36mas[0m [33mUsb[0m } [36mfrom[0m [32m'./usb.mjs'[0m;
  [90m1606 |[0m [36mexport[0m { [36mdefault[0m [36mas[0m [33mUpload[0m } [36mfrom[0m [32m'./upload.mjs'[0m;
  [90m1607 |[0m [36mexport[0m { [36mdefault[0m [36mas[0m [33mUserCog[0m } [36mfrom[0m [32m'./user-cog.mjs'[0m;



Import traces:
  Client Component Browser:
    ./.gemini/antigravity/scratch/teacher-tracking/node_modules/lucide-react/dist/esm/icons/index.mjs [Client Component Browser]
    ./.gemini/antigravity/scratch/teacher-tracking/node_modules/lucide-react/dist/esm/lucide-react.mjs [Client Component Browser]
    ./.gemini/antigravity/scratch/teacher-tracking/src/components/pages/DailyTasksPage.tsx [Client Component Browser]
    ./.gemini/antigravity/scratch/teacher-tracking/src/components/AppShell.tsx [Client Component Browser]
    ./.gemini/antigravity/scratch/teacher-tracking/src/app/page.tsx [Client Component Browser]
    ./.gemini/antigravity/scratch/teacher-tracking/src/app/page.tsx [Server Component]

  Client Component SSR:
    ./.gemini/antigravity/scratch/teacher-tracking/node_modules/lucide-react/dist/esm/icons/index.mjs [Client Component SSR]
    ./.gemini/antigravity/scratch/teacher-tracking/node_modules/lucide-react/dist/esm/lucide-react.mjs [Client Component SSR]
    ./.gemini/antigravity/scratch/teacher-tracking/src/components/pages/DailyTasksPage.tsx [Client Component SSR]
    ./.gemini/antigravity/scratch/teacher-tracking/src/components/AppShell.tsx [Client Component SSR]
    ./.gemini/antigravity/scratch/teacher-tracking/src/app/page.tsx [Client Component SSR]
    ./.gemini/antigravity/scratch/teacher-tracking/src/app/page.tsx [Server Component]

https://nextjs.org/docs/messages/module-not-found


./.gemini/antigravity/scratch/teacher-tracking/node_modules/lucide-react/dist/esm/icons/index.mjs:1606:1
Module not found: Can't resolve './upload.mjs'
  [90m1604 |[0m [36mexport[0m { [36mdefault[0m [36mas[0m [33mUnplug[0m } [36mfrom[0m [32m'./unplug.mjs'[0m;
  [90m1605 |[0m [36mexport[0m { [36mdefault[0m [36mas[0m [33mUsb[0m } [36mfrom[0m [32m'./usb.mjs'[0m;
[31m[1m>[0m [90m1606 |[0m [36mexport[0m { [36mdefault[0m [36mas[0m [33mUpload[0m } [36mfrom[0m [32m'./upload.mjs'[0m;
  [90m     |[0m [31m[1m^^^^^^^^^^^^^^^^^^^^^^^^^^^^^^^^^^^^^^^^^^^^^^^^^[0m
  [90m1607 |[0m [36mexport[0m { [36mdefault[0m [36mas[0m [33mUserCog[0m } [36mfrom[0m [32m'./user-cog.mjs'[0m;
  [90m1608 |[0m [36mexport[0m { [36mdefault[0m [36mas[0m [33mUserCheck[0m } [36mfrom[0m [32m'./user-check.mjs'[0m;
  [90m1609 |[0m [36mexport[0m { [36mdefault[0m [36mas[0m [33mUserKey[0m } [36mfrom[0m [32m'./user-key.mjs'[0m;



Import traces:
  Client Component Browser:
    ./.gemini/antigravity/scratch/teacher-tracking/node_modules/lucide-react/dist/esm/icons/index.mjs [Client Component Browser]
    ./.gemini/antigravity/scratch/teacher-tracking/node_modules/lucide-react/dist/esm/lucide-react.mjs [Client Component Browser]
    ./.gemini/antigravity/scratch/teacher-tracking/src/components/pages/DailyTasksPage.tsx [Client Component Browser]
    ./.gemini/antigravity/scratch/teacher-tracking/src/components/AppShell.tsx [Client Component Browser]
    ./.gemini/antigravity/scratch/teacher-tracking/src/app/page.tsx [Client Component Browser]
    ./.gemini/antigravity/scratch/teacher-tracking/src/app/page.tsx [Server Component]

  Client Component SSR:
    ./.gemini/antigravity/scratch/teacher-tracking/node_modules/lucide-react/dist/esm/icons/index.mjs [Client Component SSR]
    ./.gemini/antigravity/scratch/teacher-tracking/node_modules/lucide-react/dist/esm/lucide-react.mjs [Client Component SSR]
    ./.gemini/antigravity/scratch/teacher-tracking/src/components/pages/DailyTasksPage.tsx [Client Component SSR]
    ./.gemini/antigravity/scratch/teacher-tracking/src/components/AppShell.tsx [Client Component SSR]
    ./.gemini/antigravity/scratch/teacher-tracking/src/app/page.tsx [Client Component SSR]
    ./.gemini/antigravity/scratch/teacher-tracking/src/app/page.tsx [Server Component]

https://nextjs.org/docs/messages/module-not-found


./.gemini/antigravity/scratch/teacher-tracking/node_modules/lucide-react/dist/esm/icons/index.mjs:1605:1
Module not found: Can't resolve './usb.mjs'
  [90m1603 |[0m [36mexport[0m { [36mdefault[0m [36mas[0m [33mUnlink[0m } [36mfrom[0m [32m'./unlink.mjs'[0m;
  [90m1604 |[0m [36mexport[0m { [36mdefault[0m [36mas[0m [33mUnplug[0m } [36mfrom[0m [32m'./unplug.mjs'[0m;
[31m[1m>[0m [90m1605 |[0m [36mexport[0m { [36mdefault[0m [36mas[0m [33mUsb[0m } [36mfrom[0m [32m'./usb.mjs'[0m;
  [90m     |[0m [31m[1m^^^^^^^^^^^^^^^^^^^^^^^^^^^^^^^^^^^^^^^^^^^[0m
  [90m1606 |[0m [36mexport[0m { [36mdefault[0m [36mas[0m [33mUpload[0m } [36mfrom[0m [32m'./upload.mjs'[0m;
  [90m1607 |[0m [36mexport[0m { [36mdefault[0m [36mas[0m [33mUserCog[0m } [36mfrom[0m [32m'./user-cog.mjs'[0m;
  [90m1608 |[0m [36mexport[0m { [36mdefault[0m [36mas[0m [33mUserCheck[0m } [36mfrom[0m [32m'./user-check.mjs'[0m;



Import traces:
  Client Component Browser:
    ./.gemini/antigravity/scratch/teacher-tracking/node_modules/lucide-react/dist/esm/icons/index.mjs [Client Component Browser]
    ./.gemini/antigravity/scratch/teacher-tracking/node_modules/lucide-react/dist/esm/lucide-react.mjs [Client Component Browser]
    ./.gemini/antigravity/scratch/teacher-tracking/src/components/pages/DailyTasksPage.tsx [Client Component Browser]
    ./.gemini/antigravity/scratch/teacher-tracking/src/components/AppShell.tsx [Client Component Browser]
    ./.gemini/antigravity/scratch/teacher-tracking/src/app/page.tsx [Client Component Browser]
    ./.gemini/antigravity/scratch/teacher-tracking/src/app/page.tsx [Server Component]

  Client Component SSR:
    ./.gemini/antigravity/scratch/teacher-tracking/node_modules/lucide-react/dist/esm/icons/index.mjs [Client Component SSR]
    ./.gemini/antigravity/scratch/teacher-tracking/node_modules/lucide-react/dist/esm/lucide-react.mjs [Client Component SSR]
    ./.gemini/antigravity/scratch/teacher-tracking/src/components/pages/DailyTasksPage.tsx [Client Component SSR]
    ./.gemini/antigravity/scratch/teacher-tracking/src/components/AppShell.tsx [Client Component SSR]
    ./.gemini/antigravity/scratch/teacher-tracking/src/app/page.tsx [Client Component SSR]
    ./.gemini/antigravity/scratch/teacher-tracking/src/app/page.tsx [Server Component]

https://nextjs.org/docs/messages/module-not-found


./.gemini/antigravity/scratch/teacher-tracking/node_modules/lucide-react/dist/esm/icons/index.mjs:1608:1
Module not found: Can't resolve './user-check.mjs'
  [90m1606 |[0m [36mexport[0m { [36mdefault[0m [36mas[0m [33mUpload[0m } [36mfrom[0m [32m'./upload.mjs'[0m;
  [90m1607 |[0m [36mexport[0m { [36mdefault[0m [36mas[0m [33mUserCog[0m } [36mfrom[0m [32m'./user-cog.mjs'[0m;
[31m[1m>[0m [90m1608 |[0m [36mexport[0m { [36mdefault[0m [36mas[0m [33mUserCheck[0m } [36mfrom[0m [32m'./user-check.mjs'[0m;
  [90m     |[0m [31m[1m^^^^^^^^^^^^^^^^^^^^^^^^^^^^^^^^^^^^^^^^^^^^^^^^^^^^^^^^[0m
  [90m1609 |[0m [36mexport[0m { [36mdefault[0m [36mas[0m [33mUserKey[0m } [36mfrom[0m [32m'./user-key.mjs'[0m;
  [90m1610 |[0m [36mexport[0m { [36mdefault[0m [36mas[0m [33mUserLock[0m } [36mfrom[0m [32m'./user-lock.mjs'[0m;
  [90m1611 |[0m [36mexport[0m { [36mdefault[0m [36mas[0m [33mUserMinus[0m } [36mfrom[0m [32m'./user-minus.mjs'[0m;



Import traces:
  Client Component Browser:
    ./.gemini/antigravity/scratch/teacher-tracking/node_modules/lucide-react/dist/esm/icons/index.mjs [Client Component Browser]
    ./.gemini/antigravity/scratch/teacher-tracking/node_modules/lucide-react/dist/esm/lucide-react.mjs [Client Component Browser]
    ./.gemini/antigravity/scratch/teacher-tracking/src/components/pages/DailyTasksPage.tsx [Client Component Browser]
    ./.gemini/antigravity/scratch/teacher-tracking/src/components/AppShell.tsx [Client Component Browser]
    ./.gemini/antigravity/scratch/teacher-tracking/src/app/page.tsx [Client Component Browser]
    ./.gemini/antigravity/scratch/teacher-tracking/src/app/page.tsx [Server Component]

  Client Component SSR:
    ./.gemini/antigravity/scratch/teacher-tracking/node_modules/lucide-react/dist/esm/icons/index.mjs [Client Component SSR]
    ./.gemini/antigravity/scratch/teacher-tracking/node_modules/lucide-react/dist/esm/lucide-react.mjs [Client Component SSR]
    ./.gemini/antigravity/scratch/teacher-tracking/src/components/pages/DailyTasksPage.tsx [Client Component SSR]
    ./.gemini/antigravity/scratch/teacher-tracking/src/components/AppShell.tsx [Client Component SSR]
    ./.gemini/antigravity/scratch/teacher-tracking/src/app/page.tsx [Client Component SSR]
    ./.gemini/antigravity/scratch/teacher-tracking/src/app/page.tsx [Server Component]

https://nextjs.org/docs/messages/module-not-found


./.gemini/antigravity/scratch/teacher-tracking/node_modules/lucide-react/dist/esm/icons/index.mjs:1607:1
Module not found: Can't resolve './user-cog.mjs'
  [90m1605 |[0m [36mexport[0m { [36mdefault[0m [36mas[0m [33mUsb[0m } [36mfrom[0m [32m'./usb.mjs'[0m;
  [90m1606 |[0m [36mexport[0m { [36mdefault[0m [36mas[0m [33mUpload[0m } [36mfrom[0m [32m'./upload.mjs'[0m;
[31m[1m>[0m [90m1607 |[0m [36mexport[0m { [36mdefault[0m [36mas[0m [33mUserCog[0m } [36mfrom[0m [32m'./user-cog.mjs'[0m;
  [90m     |[0m [31m[1m^^^^^^^^^^^^^^^^^^^^^^^^^^^^^^^^^^^^^^^^^^^^^^^^^^^^[0m
  [90m1608 |[0m [36mexport[0m { [36mdefault[0m [36mas[0m [33mUserCheck[0m } [36mfrom[0m [32m'./user-check.mjs'[0m;
  [90m1609 |[0m [36mexport[0m { [36mdefault[0m [36mas[0m [33mUserKey[0m } [36mfrom[0m [32m'./user-key.mjs'[0m;
  [90m1610 |[0m [36mexport[0m { [36mdefault[0m [36mas[0m [33mUserLock[0m } [36mfrom[0m [32m'./user-lock.mjs'[0m;



Import traces:
  Client Component Browser:
    ./.gemini/antigravity/scratch/teacher-tracking/node_modules/lucide-react/dist/esm/icons/index.mjs [Client Component Browser]
    ./.gemini/antigravity/scratch/teacher-tracking/node_modules/lucide-react/dist/esm/lucide-react.mjs [Client Component Browser]
    ./.gemini/antigravity/scratch/teacher-tracking/src/components/pages/DailyTasksPage.tsx [Client Component Browser]
    ./.gemini/antigravity/scratch/teacher-tracking/src/components/AppShell.tsx [Client Component Browser]
    ./.gemini/antigravity/scratch/teacher-tracking/src/app/page.tsx [Client Component Browser]
    ./.gemini/antigravity/scratch/teacher-tracking/src/app/page.tsx [Server Component]

  Client Component SSR:
    ./.gemini/antigravity/scratch/teacher-tracking/node_modules/lucide-react/dist/esm/icons/index.mjs [Client Component SSR]
    ./.gemini/antigravity/scratch/teacher-tracking/node_modules/lucide-react/dist/esm/lucide-react.mjs [Client Component SSR]
    ./.gemini/antigravity/scratch/teacher-tracking/src/components/pages/DailyTasksPage.tsx [Client Component SSR]
    ./.gemini/antigravity/scratch/teacher-tracking/src/components/AppShell.tsx [Client Component SSR]
    ./.gemini/antigravity/scratch/teacher-tracking/src/app/page.tsx [Client Component SSR]
    ./.gemini/antigravity/scratch/teacher-tracking/src/app/page.tsx [Server Component]

https://nextjs.org/docs/messages/module-not-found


./.gemini/antigravity/scratch/teacher-tracking/node_modules/lucide-react/dist/esm/icons/index.mjs:1609:1
Module not found: Can't resolve './user-key.mjs'
  [90m1607 |[0m [36mexport[0m { [36mdefault[0m [36mas[0m [33mUserCog[0m } [36mfrom[0m [32m'./user-cog.mjs'[0m;
  [90m1608 |[0m [36mexport[0m { [36mdefault[0m [36mas[0m [33mUserCheck[0m } [36mfrom[0m [32m'./user-check.mjs'[0m;
[31m[1m>[0m [90m1609 |[0m [36mexport[0m { [36mdefault[0m [36mas[0m [33mUserKey[0m } [36mfrom[0m [32m'./user-key.mjs'[0m;
  [90m     |[0m [31m[1m^^^^^^^^^^^^^^^^^^^^^^^^^^^^^^^^^^^^^^^^^^^^^^^^^^^^[0m
  [90m1610 |[0m [36mexport[0m { [36mdefault[0m [36mas[0m [33mUserLock[0m } [36mfrom[0m [32m'./user-lock.mjs'[0m;
  [90m1611 |[0m [36mexport[0m { [36mdefault[0m [36mas[0m [33mUserMinus[0m } [36mfrom[0m [32m'./user-minus.mjs'[0m;
  [90m1612 |[0m [36mexport[0m { [36mdefault[0m [36mas[0m [33mUserPen[0m } [36mfrom[0m [32m'./user-pen.mjs'[0m;



Import traces:
  Client Component Browser:
    ./.gemini/antigravity/scratch/teacher-tracking/node_modules/lucide-react/dist/esm/icons/index.mjs [Client Component Browser]
    ./.gemini/antigravity/scratch/teacher-tracking/node_modules/lucide-react/dist/esm/lucide-react.mjs [Client Component Browser]
    ./.gemini/antigravity/scratch/teacher-tracking/src/components/pages/DailyTasksPage.tsx [Client Component Browser]
    ./.gemini/antigravity/scratch/teacher-tracking/src/components/AppShell.tsx [Client Component Browser]
    ./.gemini/antigravity/scratch/teacher-tracking/src/app/page.tsx [Client Component Browser]
    ./.gemini/antigravity/scratch/teacher-tracking/src/app/page.tsx [Server Component]

  Client Component SSR:
    ./.gemini/antigravity/scratch/teacher-tracking/node_modules/lucide-react/dist/esm/icons/index.mjs [Client Component SSR]
    ./.gemini/antigravity/scratch/teacher-tracking/node_modules/lucide-react/dist/esm/lucide-react.mjs [Client Component SSR]
    ./.gemini/antigravity/scratch/teacher-tracking/src/components/pages/DailyTasksPage.tsx [Client Component SSR]
    ./.gemini/antigravity/scratch/teacher-tracking/src/components/AppShell.tsx [Client Component SSR]
    ./.gemini/antigravity/scratch/teacher-tracking/src/app/page.tsx [Client Component SSR]
    ./.gemini/antigravity/scratch/teacher-tracking/src/app/page.tsx [Server Component]

https://nextjs.org/docs/messages/module-not-found


./.gemini/antigravity/scratch/teacher-tracking/node_modules/lucide-react/dist/esm/icons/index.mjs:1610:1
Module not found: Can't resolve './user-lock.mjs'
  [90m1608 |[0m [36mexport[0m { [36mdefault[0m [36mas[0m [33mUserCheck[0m } [36mfrom[0m [32m'./user-check.mjs'[0m;
  [90m1609 |[0m [36mexport[0m { [36mdefault[0m [36mas[0m [33mUserKey[0m } [36mfrom[0m [32m'./user-key.mjs'[0m;
[31m[1m>[0m [90m1610 |[0m [36mexport[0m { [36mdefault[0m [36mas[0m [33mUserLock[0m } [36mfrom[0m [32m'./user-lock.mjs'[0m;
  [90m     |[0m [31m[1m^^^^^^^^^^^^^^^^^^^^^^^^^^^^^^^^^^^^^^^^^^^^^^^^^^^^^^[0m
  [90m1611 |[0m [36mexport[0m { [36mdefault[0m [36mas[0m [33mUserMinus[0m } [36mfrom[0m [32m'./user-minus.mjs'[0m;
  [90m1612 |[0m [36mexport[0m { [36mdefault[0m [36mas[0m [33mUserPen[0m } [36mfrom[0m [32m'./user-pen.mjs'[0m;
  [90m1613 |[0m [36mexport[0m { [36mdefault[0m [36mas[0m [33mUserPlus[0m } [36mfrom[0m [32m'./user-plus.mjs'[0m;



Import traces:
  Client Component Browser:
    ./.gemini/antigravity/scratch/teacher-tracking/node_modules/lucide-react/dist/esm/icons/index.mjs [Client Component Browser]
    ./.gemini/antigravity/scratch/teacher-tracking/node_modules/lucide-react/dist/esm/lucide-react.mjs [Client Component Browser]
    ./.gemini/antigravity/scratch/teacher-tracking/src/components/pages/DailyTasksPage.tsx [Client Component Browser]
    ./.gemini/antigravity/scratch/teacher-tracking/src/components/AppShell.tsx [Client Component Browser]
    ./.gemini/antigravity/scratch/teacher-tracking/src/app/page.tsx [Client Component Browser]
    ./.gemini/antigravity/scratch/teacher-tracking/src/app/page.tsx [Server Component]

  Client Component SSR:
    ./.gemini/antigravity/scratch/teacher-tracking/node_modules/lucide-react/dist/esm/icons/index.mjs [Client Component SSR]
    ./.gemini/antigravity/scratch/teacher-tracking/node_modules/lucide-react/dist/esm/lucide-react.mjs [Client Component SSR]
    ./.gemini/antigravity/scratch/teacher-tracking/src/components/pages/DailyTasksPage.tsx [Client Component SSR]
    ./.gemini/antigravity/scratch/teacher-tracking/src/components/AppShell.tsx [Client Component SSR]
    ./.gemini/antigravity/scratch/teacher-tracking/src/app/page.tsx [Client Component SSR]
    ./.gemini/antigravity/scratch/teacher-tracking/src/app/page.tsx [Server Component]

https://nextjs.org/docs/messages/module-not-found


./.gemini/antigravity/scratch/teacher-tracking/node_modules/lucide-react/dist/esm/icons/index.mjs:1611:1
Module not found: Can't resolve './user-minus.mjs'
  [90m1609 |[0m [36mexport[0m { [36mdefault[0m [36mas[0m [33mUserKey[0m } [36mfrom[0m [32m'./user-key.mjs'[0m;
  [90m1610 |[0m [36mexport[0m { [36mdefault[0m [36mas[0m [33mUserLock[0m } [36mfrom[0m [32m'./user-lock.mjs'[0m;
[31m[1m>[0m [90m1611 |[0m [36mexport[0m { [36mdefault[0m [36mas[0m [33mUserMinus[0m } [36mfrom[0m [32m'./user-minus.mjs'[0m;
  [90m     |[0m [31m[1m^^^^^^^^^^^^^^^^^^^^^^^^^^^^^^^^^^^^^^^^^^^^^^^^^^^^^^^^[0m
  [90m1612 |[0m [36mexport[0m { [36mdefault[0m [36mas[0m [33mUserPen[0m } [36mfrom[0m [32m'./user-pen.mjs'[0m;
  [90m1613 |[0m [36mexport[0m { [36mdefault[0m [36mas[0m [33mUserPlus[0m } [36mfrom[0m [32m'./user-plus.mjs'[0m;
  [90m1614 |[0m [36mexport[0m { [36mdefault[0m [36mas[0m [33mUserRoundCheck[0m } [36mfrom[0m [32m'./user-round-check.mjs'[0m;



Import traces:
  Client Component Browser:
    ./.gemini/antigravity/scratch/teacher-tracking/node_modules/lucide-react/dist/esm/icons/index.mjs [Client Component Browser]
    ./.gemini/antigravity/scratch/teacher-tracking/node_modules/lucide-react/dist/esm/lucide-react.mjs [Client Component Browser]
    ./.gemini/antigravity/scratch/teacher-tracking/src/components/pages/DailyTasksPage.tsx [Client Component Browser]
    ./.gemini/antigravity/scratch/teacher-tracking/src/components/AppShell.tsx [Client Component Browser]
    ./.gemini/antigravity/scratch/teacher-tracking/src/app/page.tsx [Client Component Browser]
    ./.gemini/antigravity/scratch/teacher-tracking/src/app/page.tsx [Server Component]

  Client Component SSR:
    ./.gemini/antigravity/scratch/teacher-tracking/node_modules/lucide-react/dist/esm/icons/index.mjs [Client Component SSR]
    ./.gemini/antigravity/scratch/teacher-tracking/node_modules/lucide-react/dist/esm/lucide-react.mjs [Client Component SSR]
    ./.gemini/antigravity/scratch/teacher-tracking/src/components/pages/DailyTasksPage.tsx [Client Component SSR]
    ./.gemini/antigravity/scratch/teacher-tracking/src/components/AppShell.tsx [Client Component SSR]
    ./.gemini/antigravity/scratch/teacher-tracking/src/app/page.tsx [Client Component SSR]
    ./.gemini/antigravity/scratch/teacher-tracking/src/app/page.tsx [Server Component]

https://nextjs.org/docs/messages/module-not-found


./.gemini/antigravity/scratch/teacher-tracking/node_modules/lucide-react/dist/esm/icons/index.mjs:1612:1
Module not found: Can't resolve './user-pen.mjs'
  [90m1610 |[0m [36mexport[0m { [36mdefault[0m [36mas[0m [33mUserLock[0m } [36mfrom[0m [32m'./user-lock.mjs'[0m;
  [90m1611 |[0m [36mexport[0m { [36mdefault[0m [36mas[0m [33mUserMinus[0m } [36mfrom[0m [32m'./user-minus.mjs'[0m;
[31m[1m>[0m [90m1612 |[0m [36mexport[0m { [36mdefault[0m [36mas[0m [33mUserPen[0m } [36mfrom[0m [32m'./user-pen.mjs'[0m;
  [90m     |[0m [31m[1m^^^^^^^^^^^^^^^^^^^^^^^^^^^^^^^^^^^^^^^^^^^^^^^^^^^^[0m
  [90m1613 |[0m [36mexport[0m { [36mdefault[0m [36mas[0m [33mUserPlus[0m } [36mfrom[0m [32m'./user-plus.mjs'[0m;
  [90m1614 |[0m [36mexport[0m { [36mdefault[0m [36mas[0m [33mUserRoundCheck[0m } [36mfrom[0m [32m'./user-round-check.mjs'[0m;
  [90m1615 |[0m [36mexport[0m { [36mdefault[0m [36mas[0m [33mUserRoundCog[0m } [36mfrom[0m [32m'./user-round-cog.mjs'[0m;



Import traces:
  Client Component Browser:
    ./.gemini/antigravity/scratch/teacher-tracking/node_modules/lucide-react/dist/esm/icons/index.mjs [Client Component Browser]
    ./.gemini/antigravity/scratch/teacher-tracking/node_modules/lucide-react/dist/esm/lucide-react.mjs [Client Component Browser]
    ./.gemini/antigravity/scratch/teacher-tracking/src/components/pages/DailyTasksPage.tsx [Client Component Browser]
    ./.gemini/antigravity/scratch/teacher-tracking/src/components/AppShell.tsx [Client Component Browser]
    ./.gemini/antigravity/scratch/teacher-tracking/src/app/page.tsx [Client Component Browser]
    ./.gemini/antigravity/scratch/teacher-tracking/src/app/page.tsx [Server Component]

  Client Component SSR:
    ./.gemini/antigravity/scratch/teacher-tracking/node_modules/lucide-react/dist/esm/icons/index.mjs [Client Component SSR]
    ./.gemini/antigravity/scratch/teacher-tracking/node_modules/lucide-react/dist/esm/lucide-react.mjs [Client Component SSR]
    ./.gemini/antigravity/scratch/teacher-tracking/src/components/pages/DailyTasksPage.tsx [Client Component SSR]
    ./.gemini/antigravity/scratch/teacher-tracking/src/components/AppShell.tsx [Client Component SSR]
    ./.gemini/antigravity/scratch/teacher-tracking/src/app/page.tsx [Client Component SSR]
    ./.gemini/antigravity/scratch/teacher-tracking/src/app/page.tsx [Server Component]

https://nextjs.org/docs/messages/module-not-found


./.gemini/antigravity/scratch/teacher-tracking/node_modules/lucide-react/dist/esm/icons/index.mjs:1613:1
Module not found: Can't resolve './user-plus.mjs'
  [90m1611 |[0m [36mexport[0m { [36mdefault[0m [36mas[0m [33mUserMinus[0m } [36mfrom[0m [32m'./user-minus.mjs'[0m;
  [90m1612 |[0m [36mexport[0m { [36mdefault[0m [36mas[0m [33mUserPen[0m } [36mfrom[0m [32m'./user-pen.mjs'[0m;
[31m[1m>[0m [90m1613 |[0m [36mexport[0m { [36mdefault[0m [36mas[0m [33mUserPlus[0m } [36mfrom[0m [32m'./user-plus.mjs'[0m;
  [90m     |[0m [31m[1m^^^^^^^^^^^^^^^^^^^^^^^^^^^^^^^^^^^^^^^^^^^^^^^^^^^^^^[0m
  [90m1614 |[0m [36mexport[0m { [36mdefault[0m [36mas[0m [33mUserRoundCheck[0m } [36mfrom[0m [32m'./user-round-check.mjs'[0m;
  [90m1615 |[0m [36mexport[0m { [36mdefault[0m [36mas[0m [33mUserRoundCog[0m } [36mfrom[0m [32m'./user-round-cog.mjs'[0m;
  [90m1616 |[0m [36mexport[0m { [36mdefault[0m [36mas[0m [33mUserRoundKey[0m } [36mfrom[0m [32m'./user-round-key.mjs'[0m;



Import traces:
  Client Component Browser:
    ./.gemini/antigravity/scratch/teacher-tracking/node_modules/lucide-react/dist/esm/icons/index.mjs [Client Component Browser]
    ./.gemini/antigravity/scratch/teacher-tracking/node_modules/lucide-react/dist/esm/lucide-react.mjs [Client Component Browser]
    ./.gemini/antigravity/scratch/teacher-tracking/src/components/pages/DailyTasksPage.tsx [Client Component Browser]
    ./.gemini/antigravity/scratch/teacher-tracking/src/components/AppShell.tsx [Client Component Browser]
    ./.gemini/antigravity/scratch/teacher-tracking/src/app/page.tsx [Client Component Browser]
    ./.gemini/antigravity/scratch/teacher-tracking/src/app/page.tsx [Server Component]

  Client Component SSR:
    ./.gemini/antigravity/scratch/teacher-tracking/node_modules/lucide-react/dist/esm/icons/index.mjs [Client Component SSR]
    ./.gemini/antigravity/scratch/teacher-tracking/node_modules/lucide-react/dist/esm/lucide-react.mjs [Client Component SSR]
    ./.gemini/antigravity/scratch/teacher-tracking/src/components/pages/DailyTasksPage.tsx [Client Component SSR]
    ./.gemini/antigravity/scratch/teacher-tracking/src/components/AppShell.tsx [Client Component SSR]
    ./.gemini/antigravity/scratch/teacher-tracking/src/app/page.tsx [Client Component SSR]
    ./.gemini/antigravity/scratch/teacher-tracking/src/app/page.tsx [Server Component]

https://nextjs.org/docs/messages/module-not-found


./.gemini/antigravity/scratch/teacher-tracking/node_modules/lucide-react/dist/esm/icons/index.mjs:1614:1
Module not found: Can't resolve './user-round-check.mjs'
  [90m1612 |[0m [36mexport[0m { [36mdefault[0m [36mas[0m [33mUserPen[0m } [36mfrom[0m [32m'./user-pen.mjs'[0m;
  [90m1613 |[0m [36mexport[0m { [36mdefault[0m [36mas[0m [33mUserPlus[0m } [36mfrom[0m [32m'./user-plus.mjs'[0m;
[31m[1m>[0m [90m1614 |[0m [36mexport[0m { [36mdefault[0m [36mas[0m [33mUserRoundCheck[0m } [36mfrom[0m [32m'./user-round-check.mjs'[0m;
  [90m     |[0m [31m[1m^^^^^^^^^^^^^^^^^^^^^^^^^^^^^^^^^^^^^^^^^^^^^^^^^^^^^^^^^^^^^^^^^^^[0m
  [90m1615 |[0m [36mexport[0m { [36mdefault[0m [36mas[0m [33mUserRoundCog[0m } [36mfrom[0m [32m'./user-round-cog.mjs'[0m;
  [90m1616 |[0m [36mexport[0m { [36mdefault[0m [36mas[0m [33mUserRoundKey[0m } [36mfrom[0m [32m'./user-round-key.mjs'[0m;
  [90m1617 |[0m [36mexport[0m { [36mdefault[0m [36mas[0m [33mUserRoundMinus[0m } [36mfrom[0m [32m'./user-round-minus.mjs'[0m;



Import traces:
  Client Component Browser:
    ./.gemini/antigravity/scratch/teacher-tracking/node_modules/lucide-react/dist/esm/icons/index.mjs [Client Component Browser]
    ./.gemini/antigravity/scratch/teacher-tracking/node_modules/lucide-react/dist/esm/lucide-react.mjs [Client Component Browser]
    ./.gemini/antigravity/scratch/teacher-tracking/src/components/pages/DailyTasksPage.tsx [Client Component Browser]
    ./.gemini/antigravity/scratch/teacher-tracking/src/components/AppShell.tsx [Client Component Browser]
    ./.gemini/antigravity/scratch/teacher-tracking/src/app/page.tsx [Client Component Browser]
    ./.gemini/antigravity/scratch/teacher-tracking/src/app/page.tsx [Server Component]

  Client Component SSR:
    ./.gemini/antigravity/scratch/teacher-tracking/node_modules/lucide-react/dist/esm/icons/index.mjs [Client Component SSR]
    ./.gemini/antigravity/scratch/teacher-tracking/node_modules/lucide-react/dist/esm/lucide-react.mjs [Client Component SSR]
    ./.gemini/antigravity/scratch/teacher-tracking/src/components/pages/DailyTasksPage.tsx [Client Component SSR]
    ./.gemini/antigravity/scratch/teacher-tracking/src/components/AppShell.tsx [Client Component SSR]
    ./.gemini/antigravity/scratch/teacher-tracking/src/app/page.tsx [Client Component SSR]
    ./.gemini/antigravity/scratch/teacher-tracking/src/app/page.tsx [Server Component]

https://nextjs.org/docs/messages/module-not-found


./.gemini/antigravity/scratch/teacher-tracking/node_modules/lucide-react/dist/esm/icons/index.mjs:1615:1
Module not found: Can't resolve './user-round-cog.mjs'
  [90m1613 |[0m [36mexport[0m { [36mdefault[0m [36mas[0m [33mUserPlus[0m } [36mfrom[0m [32m'./user-plus.mjs'[0m;
  [90m1614 |[0m [36mexport[0m { [36mdefault[0m [36mas[0m [33mUserRoundCheck[0m } [36mfrom[0m [32m'./user-round-check.mjs'[0m;
[31m[1m>[0m [90m1615 |[0m [36mexport[0m { [36mdefault[0m [36mas[0m [33mUserRoundCog[0m } [36mfrom[0m [32m'./user-round-cog.mjs'[0m;
  [90m     |[0m [31m[1m^^^^^^^^^^^^^^^^^^^^^^^^^^^^^^^^^^^^^^^^^^^^^^^^^^^^^^^^^^^^^^^[0m
  [90m1616 |[0m [36mexport[0m { [36mdefault[0m [36mas[0m [33mUserRoundKey[0m } [36mfrom[0m [32m'./user-round-key.mjs'[0m;
  [90m1617 |[0m [36mexport[0m { [36mdefault[0m [36mas[0m [33mUserRoundMinus[0m } [36mfrom[0m [32m'./user-round-minus.mjs'[0m;
  [90m1618 |[0m [36mexport[0m { [36mdefault[0m [36mas[0m [33mUserRoundPen[0m } [36mfrom[0m [32m'./user-round-pen.mjs'[0m;



Import traces:
  Client Component Browser:
    ./.gemini/antigravity/scratch/teacher-tracking/node_modules/lucide-react/dist/esm/icons/index.mjs [Client Component Browser]
    ./.gemini/antigravity/scratch/teacher-tracking/node_modules/lucide-react/dist/esm/lucide-react.mjs [Client Component Browser]
    ./.gemini/antigravity/scratch/teacher-tracking/src/components/pages/DailyTasksPage.tsx [Client Component Browser]
    ./.gemini/antigravity/scratch/teacher-tracking/src/components/AppShell.tsx [Client Component Browser]
    ./.gemini/antigravity/scratch/teacher-tracking/src/app/page.tsx [Client Component Browser]
    ./.gemini/antigravity/scratch/teacher-tracking/src/app/page.tsx [Server Component]

  Client Component SSR:
    ./.gemini/antigravity/scratch/teacher-tracking/node_modules/lucide-react/dist/esm/icons/index.mjs [Client Component SSR]
    ./.gemini/antigravity/scratch/teacher-tracking/node_modules/lucide-react/dist/esm/lucide-react.mjs [Client Component SSR]
    ./.gemini/antigravity/scratch/teacher-tracking/src/components/pages/DailyTasksPage.tsx [Client Component SSR]
    ./.gemini/antigravity/scratch/teacher-tracking/src/components/AppShell.tsx [Client Component SSR]
    ./.gemini/antigravity/scratch/teacher-tracking/src/app/page.tsx [Client Component SSR]
    ./.gemini/antigravity/scratch/teacher-tracking/src/app/page.tsx [Server Component]

https://nextjs.org/docs/messages/module-not-found


./.gemini/antigravity/scratch/teacher-tracking/node_modules/lucide-react/dist/esm/icons/index.mjs:1616:1
Module not found: Can't resolve './user-round-key.mjs'
  [90m1614 |[0m [36mexport[0m { [36mdefault[0m [36mas[0m [33mUserRoundCheck[0m } [36mfrom[0m [32m'./user-round-check.mjs'[0m;
  [90m1615 |[0m [36mexport[0m { [36mdefault[0m [36mas[0m [33mUserRoundCog[0m } [36mfrom[0m [32m'./user-round-cog.mjs'[0m;
[31m[1m>[0m [90m1616 |[0m [36mexport[0m { [36mdefault[0m [36mas[0m [33mUserRoundKey[0m } [36mfrom[0m [32m'./user-round-key.mjs'[0m;
  [90m     |[0m [31m[1m^^^^^^^^^^^^^^^^^^^^^^^^^^^^^^^^^^^^^^^^^^^^^^^^^^^^^^^^^^^^^^^[0m
  [90m1617 |[0m [36mexport[0m { [36mdefault[0m [36mas[0m [33mUserRoundMinus[0m } [36mfrom[0m [32m'./user-round-minus.mjs'[0m;
  [90m1618 |[0m [36mexport[0m { [36mdefault[0m [36mas[0m [33mUserRoundPen[0m } [36mfrom[0m [32m'./user-round-pen.mjs'[0m;
  [90m1619 |[0m [36mexport[0m { [36mdefault[0m [36mas[0m [33mUserRoundPlus[0m } [36mfrom[0m [32m'./user-round-plus.mjs'[0m;



Import traces:
  Client Component Browser:
    ./.gemini/antigravity/scratch/teacher-tracking/node_modules/lucide-react/dist/esm/icons/index.mjs [Client Component Browser]
    ./.gemini/antigravity/scratch/teacher-tracking/node_modules/lucide-react/dist/esm/lucide-react.mjs [Client Component Browser]
    ./.gemini/antigravity/scratch/teacher-tracking/src/components/pages/DailyTasksPage.tsx [Client Component Browser]
    ./.gemini/antigravity/scratch/teacher-tracking/src/components/AppShell.tsx [Client Component Browser]
    ./.gemini/antigravity/scratch/teacher-tracking/src/app/page.tsx [Client Component Browser]
    ./.gemini/antigravity/scratch/teacher-tracking/src/app/page.tsx [Server Component]

  Client Component SSR:
    ./.gemini/antigravity/scratch/teacher-tracking/node_modules/lucide-react/dist/esm/icons/index.mjs [Client Component SSR]
    ./.gemini/antigravity/scratch/teacher-tracking/node_modules/lucide-react/dist/esm/lucide-react.mjs [Client Component SSR]
    ./.gemini/antigravity/scratch/teacher-tracking/src/components/pages/DailyTasksPage.tsx [Client Component SSR]
    ./.gemini/antigravity/scratch/teacher-tracking/src/components/AppShell.tsx [Client Component SSR]
    ./.gemini/antigravity/scratch/teacher-tracking/src/app/page.tsx [Client Component SSR]
    ./.gemini/antigravity/scratch/teacher-tracking/src/app/page.tsx [Server Component]

https://nextjs.org/docs/messages/module-not-found


./.gemini/antigravity/scratch/teacher-tracking/node_modules/lucide-react/dist/esm/icons/index.mjs:1617:1
Module not found: Can't resolve './user-round-minus.mjs'
  [90m1615 |[0m [36mexport[0m { [36mdefault[0m [36mas[0m [33mUserRoundCog[0m } [36mfrom[0m [32m'./user-round-cog.mjs'[0m;
  [90m1616 |[0m [36mexport[0m { [36mdefault[0m [36mas[0m [33mUserRoundKey[0m } [36mfrom[0m [32m'./user-round-key.mjs'[0m;
[31m[1m>[0m [90m1617 |[0m [36mexport[0m { [36mdefault[0m [36mas[0m [33mUserRoundMinus[0m } [36mfrom[0m [32m'./user-round-minus.mjs'[0m;
  [90m     |[0m [31m[1m^^^^^^^^^^^^^^^^^^^^^^^^^^^^^^^^^^^^^^^^^^^^^^^^^^^^^^^^^^^^^^^^^^^[0m
  [90m1618 |[0m [36mexport[0m { [36mdefault[0m [36mas[0m [33mUserRoundPen[0m } [36mfrom[0m [32m'./user-round-pen.mjs'[0m;
  [90m1619 |[0m [36mexport[0m { [36mdefault[0m [36mas[0m [33mUserRoundPlus[0m } [36mfrom[0m [32m'./user-round-plus.mjs'[0m;
  [90m1620 |[0m [36mexport[0m { [36mdefault[0m [36mas[0m [33mUserRoundSearch[0m } [36mfrom[0m [32m'./user-round-search.mjs'[0m;



Import traces:
  Client Component Browser:
    ./.gemini/antigravity/scratch/teacher-tracking/node_modules/lucide-react/dist/esm/icons/index.mjs [Client Component Browser]
    ./.gemini/antigravity/scratch/teacher-tracking/node_modules/lucide-react/dist/esm/lucide-react.mjs [Client Component Browser]
    ./.gemini/antigravity/scratch/teacher-tracking/src/components/pages/DailyTasksPage.tsx [Client Component Browser]
    ./.gemini/antigravity/scratch/teacher-tracking/src/components/AppShell.tsx [Client Component Browser]
    ./.gemini/antigravity/scratch/teacher-tracking/src/app/page.tsx [Client Component Browser]
    ./.gemini/antigravity/scratch/teacher-tracking/src/app/page.tsx [Server Component]

  Client Component SSR:
    ./.gemini/antigravity/scratch/teacher-tracking/node_modules/lucide-react/dist/esm/icons/index.mjs [Client Component SSR]
    ./.gemini/antigravity/scratch/teacher-tracking/node_modules/lucide-react/dist/esm/lucide-react.mjs [Client Component SSR]
    ./.gemini/antigravity/scratch/teacher-tracking/src/components/pages/DailyTasksPage.tsx [Client Component SSR]
    ./.gemini/antigravity/scratch/teacher-tracking/src/components/AppShell.tsx [Client Component SSR]
    ./.gemini/antigravity/scratch/teacher-tracking/src/app/page.tsx [Client Component SSR]
    ./.gemini/antigravity/scratch/teacher-tracking/src/app/page.tsx [Server Component]

https://nextjs.org/docs/messages/module-not-found


./.gemini/antigravity/scratch/teacher-tracking/node_modules/lucide-react/dist/esm/icons/index.mjs:1618:1
Module not found: Can't resolve './user-round-pen.mjs'
  [90m1616 |[0m [36mexport[0m { [36mdefault[0m [36mas[0m [33mUserRoundKey[0m } [36mfrom[0m [32m'./user-round-key.mjs'[0m;
  [90m1617 |[0m [36mexport[0m { [36mdefault[0m [36mas[0m [33mUserRoundMinus[0m } [36mfrom[0m [32m'./user-round-minus.mjs'[0m;
[31m[1m>[0m [90m1618 |[0m [36mexport[0m { [36mdefault[0m [36mas[0m [33mUserRoundPen[0m } [36mfrom[0m [32m'./user-round-pen.mjs'[0m;
  [90m     |[0m [31m[1m^^^^^^^^^^^^^^^^^^^^^^^^^^^^^^^^^^^^^^^^^^^^^^^^^^^^^^^^^^^^^^^[0m
  [90m1619 |[0m [36mexport[0m { [36mdefault[0m [36mas[0m [33mUserRoundPlus[0m } [36mfrom[0m [32m'./user-round-plus.mjs'[0m;
  [90m1620 |[0m [36mexport[0m { [36mdefault[0m [36mas[0m [33mUserRoundSearch[0m } [36mfrom[0m [32m'./user-round-search.mjs'[0m;
  [90m1621 |[0m [36mexport[0m { [36mdefault[0m [36mas[0m [33mUserRoundX[0m } [36mfrom[0m [32m'./user-round-x.mjs'[0m;



Import traces:
  Client Component Browser:
    ./.gemini/antigravity/scratch/teacher-tracking/node_modules/lucide-react/dist/esm/icons/index.mjs [Client Component Browser]
    ./.gemini/antigravity/scratch/teacher-tracking/node_modules/lucide-react/dist/esm/lucide-react.mjs [Client Component Browser]
    ./.gemini/antigravity/scratch/teacher-tracking/src/components/pages/DailyTasksPage.tsx [Client Component Browser]
    ./.gemini/antigravity/scratch/teacher-tracking/src/components/AppShell.tsx [Client Component Browser]
    ./.gemini/antigravity/scratch/teacher-tracking/src/app/page.tsx [Client Component Browser]
    ./.gemini/antigravity/scratch/teacher-tracking/src/app/page.tsx [Server Component]

  Client Component SSR:
    ./.gemini/antigravity/scratch/teacher-tracking/node_modules/lucide-react/dist/esm/icons/index.mjs [Client Component SSR]
    ./.gemini/antigravity/scratch/teacher-tracking/node_modules/lucide-react/dist/esm/lucide-react.mjs [Client Component SSR]
    ./.gemini/antigravity/scratch/teacher-tracking/src/components/pages/DailyTasksPage.tsx [Client Component SSR]
    ./.gemini/antigravity/scratch/teacher-tracking/src/components/AppShell.tsx [Client Component SSR]
    ./.gemini/antigravity/scratch/teacher-tracking/src/app/page.tsx [Client Component SSR]
    ./.gemini/antigravity/scratch/teacher-tracking/src/app/page.tsx [Server Component]

https://nextjs.org/docs/messages/module-not-found


./.gemini/antigravity/scratch/teacher-tracking/node_modules/lucide-react/dist/esm/icons/index.mjs:1619:1
Module not found: Can't resolve './user-round-plus.mjs'
  [90m1617 |[0m [36mexport[0m { [36mdefault[0m [36mas[0m [33mUserRoundMinus[0m } [36mfrom[0m [32m'./user-round-minus.mjs'[0m;
  [90m1618 |[0m [36mexport[0m { [36mdefault[0m [36mas[0m [33mUserRoundPen[0m } [36mfrom[0m [32m'./user-round-pen.mjs'[0m;
[31m[1m>[0m [90m1619 |[0m [36mexport[0m { [36mdefault[0m [36mas[0m [33mUserRoundPlus[0m } [36mfrom[0m [32m'./user-round-plus.mjs'[0m;
  [90m     |[0m [31m[1m^^^^^^^^^^^^^^^^^^^^^^^^^^^^^^^^^^^^^^^^^^^^^^^^^^^^^^^^^^^^^^^^^[0m
  [90m1620 |[0m [36mexport[0m { [36mdefault[0m [36mas[0m [33mUserRoundSearch[0m } [36mfrom[0m [32m'./user-round-search.mjs'[0m;
  [90m1621 |[0m [36mexport[0m { [36mdefault[0m [36mas[0m [33mUserRoundX[0m } [36mfrom[0m [32m'./user-round-x.mjs'[0m;
  [90m1622 |[0m [36mexport[0m { [36mdefault[0m [36mas[0m [33mUserRound[0m } [36mfrom[0m [32m'./user-round.mjs'[0m;



Import traces:
  Client Component Browser:
    ./.gemini/antigravity/scratch/teacher-tracking/node_modules/lucide-react/dist/esm/icons/index.mjs [Client Component Browser]
    ./.gemini/antigravity/scratch/teacher-tracking/node_modules/lucide-react/dist/esm/lucide-react.mjs [Client Component Browser]
    ./.gemini/antigravity/scratch/teacher-tracking/src/components/pages/DailyTasksPage.tsx [Client Component Browser]
    ./.gemini/antigravity/scratch/teacher-tracking/src/components/AppShell.tsx [Client Component Browser]
    ./.gemini/antigravity/scratch/teacher-tracking/src/app/page.tsx [Client Component Browser]
    ./.gemini/antigravity/scratch/teacher-tracking/src/app/page.tsx [Server Component]

  Client Component SSR:
    ./.gemini/antigravity/scratch/teacher-tracking/node_modules/lucide-react/dist/esm/icons/index.mjs [Client Component SSR]
    ./.gemini/antigravity/scratch/teacher-tracking/node_modules/lucide-react/dist/esm/lucide-react.mjs [Client Component SSR]
    ./.gemini/antigravity/scratch/teacher-tracking/src/components/pages/DailyTasksPage.tsx [Client Component SSR]
    ./.gemini/antigravity/scratch/teacher-tracking/src/components/AppShell.tsx [Client Component SSR]
    ./.gemini/antigravity/scratch/teacher-tracking/src/app/page.tsx [Client Component SSR]
    ./.gemini/antigravity/scratch/teacher-tracking/src/app/page.tsx [Server Component]

https://nextjs.org/docs/messages/module-not-found


./.gemini/antigravity/scratch/teacher-tracking/node_modules/lucide-react/dist/esm/icons/index.mjs:1620:1
Module not found: Can't resolve './user-round-search.mjs'
  [90m1618 |[0m [36mexport[0m { [36mdefault[0m [36mas[0m [33mUserRoundPen[0m } [36mfrom[0m [32m'./user-round-pen.mjs'[0m;
  [90m1619 |[0m [36mexport[0m { [36mdefault[0m [36mas[0m [33mUserRoundPlus[0m } [36mfrom[0m [32m'./user-round-plus.mjs'[0m;
[31m[1m>[0m [90m1620 |[0m [36mexport[0m { [36mdefault[0m [36mas[0m [33mUserRoundSearch[0m } [36mfrom[0m [32m'./user-round-search.mjs'[0m;
  [90m     |[0m [31m[1m^^^^^^^^^^^^^^^^^^^^^^^^^^^^^^^^^^^^^^^^^^^^^^^^^^^^^^^^^^^^^^^^^^^^^[0m
  [90m1621 |[0m [36mexport[0m { [36mdefault[0m [36mas[0m [33mUserRoundX[0m } [36mfrom[0m [32m'./user-round-x.mjs'[0m;
  [90m1622 |[0m [36mexport[0m { [36mdefault[0m [36mas[0m [33mUserRound[0m } [36mfrom[0m [32m'./user-round.mjs'[0m;
  [90m1623 |[0m [36mexport[0m { [36mdefault[0m [36mas[0m [33mUserSearch[0m } [36mfrom[0m [32m'./user-search.mjs'[0m;



Import traces:
  Client Component Browser:
    ./.gemini/antigravity/scratch/teacher-tracking/node_modules/lucide-react/dist/esm/icons/index.mjs [Client Component Browser]
    ./.gemini/antigravity/scratch/teacher-tracking/node_modules/lucide-react/dist/esm/lucide-react.mjs [Client Component Browser]
    ./.gemini/antigravity/scratch/teacher-tracking/src/components/pages/DailyTasksPage.tsx [Client Component Browser]
    ./.gemini/antigravity/scratch/teacher-tracking/src/components/AppShell.tsx [Client Component Browser]
    ./.gemini/antigravity/scratch/teacher-tracking/src/app/page.tsx [Client Component Browser]
    ./.gemini/antigravity/scratch/teacher-tracking/src/app/page.tsx [Server Component]

  Client Component SSR:
    ./.gemini/antigravity/scratch/teacher-tracking/node_modules/lucide-react/dist/esm/icons/index.mjs [Client Component SSR]
    ./.gemini/antigravity/scratch/teacher-tracking/node_modules/lucide-react/dist/esm/lucide-react.mjs [Client Component SSR]
    ./.gemini/antigravity/scratch/teacher-tracking/src/components/pages/DailyTasksPage.tsx [Client Component SSR]
    ./.gemini/antigravity/scratch/teacher-tracking/src/components/AppShell.tsx [Client Component SSR]
    ./.gemini/antigravity/scratch/teacher-tracking/src/app/page.tsx [Client Component SSR]
    ./.gemini/antigravity/scratch/teacher-tracking/src/app/page.tsx [Server Component]

https://nextjs.org/docs/messages/module-not-found


./.gemini/antigravity/scratch/teacher-tracking/node_modules/lucide-react/dist/esm/icons/index.mjs:1621:1
Module not found: Can't resolve './user-round-x.mjs'
  [90m1619 |[0m [36mexport[0m { [36mdefault[0m [36mas[0m [33mUserRoundPlus[0m } [36mfrom[0m [32m'./user-round-plus.mjs'[0m;
  [90m1620 |[0m [36mexport[0m { [36mdefault[0m [36mas[0m [33mUserRoundSearch[0m } [36mfrom[0m [32m'./user-round-search.mjs'[0m;
[31m[1m>[0m [90m1621 |[0m [36mexport[0m { [36mdefault[0m [36mas[0m [33mUserRoundX[0m } [36mfrom[0m [32m'./user-round-x.mjs'[0m;
  [90m     |[0m [31m[1m^^^^^^^^^^^^^^^^^^^^^^^^^^^^^^^^^^^^^^^^^^^^^^^^^^^^^^^^^^^[0m
  [90m1622 |[0m [36mexport[0m { [36mdefault[0m [36mas[0m [33mUserRound[0m } [36mfrom[0m [32m'./user-round.mjs'[0m;
  [90m1623 |[0m [36mexport[0m { [36mdefault[0m [36mas[0m [33mUserSearch[0m } [36mfrom[0m [32m'./user-search.mjs'[0m;
  [90m1624 |[0m [36mexport[0m { [36mdefault[0m [36mas[0m [33mUserStar[0m } [36mfrom[0m [32m'./user-star.mjs'[0m;



Import traces:
  Client Component Browser:
    ./.gemini/antigravity/scratch/teacher-tracking/node_modules/lucide-react/dist/esm/icons/index.mjs [Client Component Browser]
    ./.gemini/antigravity/scratch/teacher-tracking/node_modules/lucide-react/dist/esm/lucide-react.mjs [Client Component Browser]
    ./.gemini/antigravity/scratch/teacher-tracking/src/components/pages/DailyTasksPage.tsx [Client Component Browser]
    ./.gemini/antigravity/scratch/teacher-tracking/src/components/AppShell.tsx [Client Component Browser]
    ./.gemini/antigravity/scratch/teacher-tracking/src/app/page.tsx [Client Component Browser]
    ./.gemini/antigravity/scratch/teacher-tracking/src/app/page.tsx [Server Component]

  Client Component SSR:
    ./.gemini/antigravity/scratch/teacher-tracking/node_modules/lucide-react/dist/esm/icons/index.mjs [Client Component SSR]
    ./.gemini/antigravity/scratch/teacher-tracking/node_modules/lucide-react/dist/esm/lucide-react.mjs [Client Component SSR]
    ./.gemini/antigravity/scratch/teacher-tracking/src/components/pages/DailyTasksPage.tsx [Client Component SSR]
    ./.gemini/antigravity/scratch/teacher-tracking/src/components/AppShell.tsx [Client Component SSR]
    ./.gemini/antigravity/scratch/teacher-tracking/src/app/page.tsx [Client Component SSR]
    ./.gemini/antigravity/scratch/teacher-tracking/src/app/page.tsx [Server Component]

https://nextjs.org/docs/messages/module-not-found


./.gemini/antigravity/scratch/teacher-tracking/node_modules/lucide-react/dist/esm/icons/index.mjs:1622:1
Module not found: Can't resolve './user-round.mjs'
  [90m1620 |[0m [36mexport[0m { [36mdefault[0m [36mas[0m [33mUserRoundSearch[0m } [36mfrom[0m [32m'./user-round-search.mjs'[0m;
  [90m1621 |[0m [36mexport[0m { [36mdefault[0m [36mas[0m [33mUserRoundX[0m } [36mfrom[0m [32m'./user-round-x.mjs'[0m;
[31m[1m>[0m [90m1622 |[0m [36mexport[0m { [36mdefault[0m [36mas[0m [33mUserRound[0m } [36mfrom[0m [32m'./user-round.mjs'[0m;
  [90m     |[0m [31m[1m^^^^^^^^^^^^^^^^^^^^^^^^^^^^^^^^^^^^^^^^^^^^^^^^^^^^^^^^[0m
  [90m1623 |[0m [36mexport[0m { [36mdefault[0m [36mas[0m [33mUserSearch[0m } [36mfrom[0m [32m'./user-search.mjs'[0m;
  [90m1624 |[0m [36mexport[0m { [36mdefault[0m [36mas[0m [33mUserStar[0m } [36mfrom[0m [32m'./user-star.mjs'[0m;
  [90m1625 |[0m [36mexport[0m { [36mdefault[0m [36mas[0m [33mUserX[0m } [36mfrom[0m [32m'./user-x.mjs'[0m;



Import traces:
  Client Component Browser:
    ./.gemini/antigravity/scratch/teacher-tracking/node_modules/lucide-react/dist/esm/icons/index.mjs [Client Component Browser]
    ./.gemini/antigravity/scratch/teacher-tracking/node_modules/lucide-react/dist/esm/lucide-react.mjs [Client Component Browser]
    ./.gemini/antigravity/scratch/teacher-tracking/src/components/pages/DailyTasksPage.tsx [Client Component Browser]
    ./.gemini/antigravity/scratch/teacher-tracking/src/components/AppShell.tsx [Client Component Browser]
    ./.gemini/antigravity/scratch/teacher-tracking/src/app/page.tsx [Client Component Browser]
    ./.gemini/antigravity/scratch/teacher-tracking/src/app/page.tsx [Server Component]

  Client Component SSR:
    ./.gemini/antigravity/scratch/teacher-tracking/node_modules/lucide-react/dist/esm/icons/index.mjs [Client Component SSR]
    ./.gemini/antigravity/scratch/teacher-tracking/node_modules/lucide-react/dist/esm/lucide-react.mjs [Client Component SSR]
    ./.gemini/antigravity/scratch/teacher-tracking/src/components/pages/DailyTasksPage.tsx [Client Component SSR]
    ./.gemini/antigravity/scratch/teacher-tracking/src/components/AppShell.tsx [Client Component SSR]
    ./.gemini/antigravity/scratch/teacher-tracking/src/app/page.tsx [Client Component SSR]
    ./.gemini/antigravity/scratch/teacher-tracking/src/app/page.tsx [Server Component]

https://nextjs.org/docs/messages/module-not-found


./.gemini/antigravity/scratch/teacher-tracking/node_modules/lucide-react/dist/esm/icons/index.mjs:1623:1
Module not found: Can't resolve './user-search.mjs'
  [90m1621 |[0m [36mexport[0m { [36mdefault[0m [36mas[0m [33mUserRoundX[0m } [36mfrom[0m [32m'./user-round-x.mjs'[0m;
  [90m1622 |[0m [36mexport[0m { [36mdefault[0m [36mas[0m [33mUserRound[0m } [36mfrom[0m [32m'./user-round.mjs'[0m;
[31m[1m>[0m [90m1623 |[0m [36mexport[0m { [36mdefault[0m [36mas[0m [33mUserSearch[0m } [36mfrom[0m [32m'./user-search.mjs'[0m;
  [90m     |[0m [31m[1m^^^^^^^^^^^^^^^^^^^^^^^^^^^^^^^^^^^^^^^^^^^^^^^^^^^^^^^^^^[0m
  [90m1624 |[0m [36mexport[0m { [36mdefault[0m [36mas[0m [33mUserStar[0m } [36mfrom[0m [32m'./user-star.mjs'[0m;
  [90m1625 |[0m [36mexport[0m { [36mdefault[0m [36mas[0m [33mUserX[0m } [36mfrom[0m [32m'./user-x.mjs'[0m;
  [90m1626 |[0m [36mexport[0m { [36mdefault[0m [36mas[0m [33mUser[0m } [36mfrom[0m [32m'./user.mjs'[0m;



Import traces:
  Client Component Browser:
    ./.gemini/antigravity/scratch/teacher-tracking/node_modules/lucide-react/dist/esm/icons/index.mjs [Client Component Browser]
    ./.gemini/antigravity/scratch/teacher-tracking/node_modules/lucide-react/dist/esm/lucide-react.mjs [Client Component Browser]
    ./.gemini/antigravity/scratch/teacher-tracking/src/components/pages/DailyTasksPage.tsx [Client Component Browser]
    ./.gemini/antigravity/scratch/teacher-tracking/src/components/AppShell.tsx [Client Component Browser]
    ./.gemini/antigravity/scratch/teacher-tracking/src/app/page.tsx [Client Component Browser]
    ./.gemini/antigravity/scratch/teacher-tracking/src/app/page.tsx [Server Component]

  Client Component SSR:
    ./.gemini/antigravity/scratch/teacher-tracking/node_modules/lucide-react/dist/esm/icons/index.mjs [Client Component SSR]
    ./.gemini/antigravity/scratch/teacher-tracking/node_modules/lucide-react/dist/esm/lucide-react.mjs [Client Component SSR]
    ./.gemini/antigravity/scratch/teacher-tracking/src/components/pages/DailyTasksPage.tsx [Client Component SSR]
    ./.gemini/antigravity/scratch/teacher-tracking/src/components/AppShell.tsx [Client Component SSR]
    ./.gemini/antigravity/scratch/teacher-tracking/src/app/page.tsx [Client Component SSR]
    ./.gemini/antigravity/scratch/teacher-tracking/src/app/page.tsx [Server Component]

https://nextjs.org/docs/messages/module-not-found


./.gemini/antigravity/scratch/teacher-tracking/node_modules/lucide-react/dist/esm/icons/index.mjs:1624:1
Module not found: Can't resolve './user-star.mjs'
  [90m1622 |[0m [36mexport[0m { [36mdefault[0m [36mas[0m [33mUserRound[0m } [36mfrom[0m [32m'./user-round.mjs'[0m;
  [90m1623 |[0m [36mexport[0m { [36mdefault[0m [36mas[0m [33mUserSearch[0m } [36mfrom[0m [32m'./user-search.mjs'[0m;
[31m[1m>[0m [90m1624 |[0m [36mexport[0m { [36mdefault[0m [36mas[0m [33mUserStar[0m } [36mfrom[0m [32m'./user-star.mjs'[0m;
  [90m     |[0m [31m[1m^^^^^^^^^^^^^^^^^^^^^^^^^^^^^^^^^^^^^^^^^^^^^^^^^^^^^^[0m
  [90m1625 |[0m [36mexport[0m { [36mdefault[0m [36mas[0m [33mUserX[0m } [36mfrom[0m [32m'./user-x.mjs'[0m;
  [90m1626 |[0m [36mexport[0m { [36mdefault[0m [36mas[0m [33mUser[0m } [36mfrom[0m [32m'./user.mjs'[0m;
  [90m1627 |[0m [36mexport[0m { [36mdefault[0m [36mas[0m [33mUsersRound[0m } [36mfrom[0m [32m'./users-round.mjs'[0m;



Import traces:
  Client Component Browser:
    ./.gemini/antigravity/scratch/teacher-tracking/node_modules/lucide-react/dist/esm/icons/index.mjs [Client Component Browser]
    ./.gemini/antigravity/scratch/teacher-tracking/node_modules/lucide-react/dist/esm/lucide-react.mjs [Client Component Browser]
    ./.gemini/antigravity/scratch/teacher-tracking/src/components/pages/DailyTasksPage.tsx [Client Component Browser]
    ./.gemini/antigravity/scratch/teacher-tracking/src/components/AppShell.tsx [Client Component Browser]
    ./.gemini/antigravity/scratch/teacher-tracking/src/app/page.tsx [Client Component Browser]
    ./.gemini/antigravity/scratch/teacher-tracking/src/app/page.tsx [Server Component]

  Client Component SSR:
    ./.gemini/antigravity/scratch/teacher-tracking/node_modules/lucide-react/dist/esm/icons/index.mjs [Client Component SSR]
    ./.gemini/antigravity/scratch/teacher-tracking/node_modules/lucide-react/dist/esm/lucide-react.mjs [Client Component SSR]
    ./.gemini/antigravity/scratch/teacher-tracking/src/components/pages/DailyTasksPage.tsx [Client Component SSR]
    ./.gemini/antigravity/scratch/teacher-tracking/src/components/AppShell.tsx [Client Component SSR]
    ./.gemini/antigravity/scratch/teacher-tracking/src/app/page.tsx [Client Component SSR]
    ./.gemini/antigravity/scratch/teacher-tracking/src/app/page.tsx [Server Component]

https://nextjs.org/docs/messages/module-not-found


./.gemini/antigravity/scratch/teacher-tracking/node_modules/lucide-react/dist/esm/icons/index.mjs:1625:1
Module not found: Can't resolve './user-x.mjs'
  [90m1623 |[0m [36mexport[0m { [36mdefault[0m [36mas[0m [33mUserSearch[0m } [36mfrom[0m [32m'./user-search.mjs'[0m;
  [90m1624 |[0m [36mexport[0m { [36mdefault[0m [36mas[0m [33mUserStar[0m } [36mfrom[0m [32m'./user-star.mjs'[0m;
[31m[1m>[0m [90m1625 |[0m [36mexport[0m { [36mdefault[0m [36mas[0m [33mUserX[0m } [36mfrom[0m [32m'./user-x.mjs'[0m;
  [90m     |[0m [31m[1m^^^^^^^^^^^^^^^^^^^^^^^^^^^^^^^^^^^^^^^^^^^^^^^^[0m
  [90m1626 |[0m [36mexport[0m { [36mdefault[0m [36mas[0m [33mUser[0m } [36mfrom[0m [32m'./user.mjs'[0m;
  [90m1627 |[0m [36mexport[0m { [36mdefault[0m [36mas[0m [33mUsersRound[0m } [36mfrom[0m [32m'./users-round.mjs'[0m;
  [90m1628 |[0m [36mexport[0m { [36mdefault[0m [36mas[0m [33mUsers[0m } [36mfrom[0m [32m'./users.mjs'[0m;



Import traces:
  Client Component Browser:
    ./.gemini/antigravity/scratch/teacher-tracking/node_modules/lucide-react/dist/esm/icons/index.mjs [Client Component Browser]
    ./.gemini/antigravity/scratch/teacher-tracking/node_modules/lucide-react/dist/esm/lucide-react.mjs [Client Component Browser]
    ./.gemini/antigravity/scratch/teacher-tracking/src/components/pages/DailyTasksPage.tsx [Client Component Browser]
    ./.gemini/antigravity/scratch/teacher-tracking/src/components/AppShell.tsx [Client Component Browser]
    ./.gemini/antigravity/scratch/teacher-tracking/src/app/page.tsx [Client Component Browser]
    ./.gemini/antigravity/scratch/teacher-tracking/src/app/page.tsx [Server Component]

  Client Component SSR:
    ./.gemini/antigravity/scratch/teacher-tracking/node_modules/lucide-react/dist/esm/icons/index.mjs [Client Component SSR]
    ./.gemini/antigravity/scratch/teacher-tracking/node_modules/lucide-react/dist/esm/lucide-react.mjs [Client Component SSR]
    ./.gemini/antigravity/scratch/teacher-tracking/src/components/pages/DailyTasksPage.tsx [Client Component SSR]
    ./.gemini/antigravity/scratch/teacher-tracking/src/components/AppShell.tsx [Client Component SSR]
    ./.gemini/antigravity/scratch/teacher-tracking/src/app/page.tsx [Client Component SSR]
    ./.gemini/antigravity/scratch/teacher-tracking/src/app/page.tsx [Server Component]

https://nextjs.org/docs/messages/module-not-found


./.gemini/antigravity/scratch/teacher-tracking/node_modules/lucide-react/dist/esm/icons/index.mjs:1626:1
Module not found: Can't resolve './user.mjs'
  [90m1624 |[0m [36mexport[0m { [36mdefault[0m [36mas[0m [33mUserStar[0m } [36mfrom[0m [32m'./user-star.mjs'[0m;
  [90m1625 |[0m [36mexport[0m { [36mdefault[0m [36mas[0m [33mUserX[0m } [36mfrom[0m [32m'./user-x.mjs'[0m;
[31m[1m>[0m [90m1626 |[0m [36mexport[0m { [36mdefault[0m [36mas[0m [33mUser[0m } [36mfrom[0m [32m'./user.mjs'[0m;
  [90m     |[0m [31m[1m^^^^^^^^^^^^^^^^^^^^^^^^^^^^^^^^^^^^^^^^^^^^^[0m
  [90m1627 |[0m [36mexport[0m { [36mdefault[0m [36mas[0m [33mUsersRound[0m } [36mfrom[0m [32m'./users-round.mjs'[0m;
  [90m1628 |[0m [36mexport[0m { [36mdefault[0m [36mas[0m [33mUsers[0m } [36mfrom[0m [32m'./users.mjs'[0m;
  [90m1629 |[0m [36mexport[0m { [36mdefault[0m [36mas[0m [33mUtensilsCrossed[0m } [36mfrom[0m [32m'./utensils-crossed.mjs'[0m;



Import traces:
  Client Component Browser:
    ./.gemini/antigravity/scratch/teacher-tracking/node_modules/lucide-react/dist/esm/icons/index.mjs [Client Component Browser]
    ./.gemini/antigravity/scratch/teacher-tracking/node_modules/lucide-react/dist/esm/lucide-react.mjs [Client Component Browser]
    ./.gemini/antigravity/scratch/teacher-tracking/src/components/pages/DailyTasksPage.tsx [Client Component Browser]
    ./.gemini/antigravity/scratch/teacher-tracking/src/components/AppShell.tsx [Client Component Browser]
    ./.gemini/antigravity/scratch/teacher-tracking/src/app/page.tsx [Client Component Browser]
    ./.gemini/antigravity/scratch/teacher-tracking/src/app/page.tsx [Server Component]

  Client Component SSR:
    ./.gemini/antigravity/scratch/teacher-tracking/node_modules/lucide-react/dist/esm/icons/index.mjs [Client Component SSR]
    ./.gemini/antigravity/scratch/teacher-tracking/node_modules/lucide-react/dist/esm/lucide-react.mjs [Client Component SSR]
    ./.gemini/antigravity/scratch/teacher-tracking/src/components/pages/DailyTasksPage.tsx [Client Component SSR]
    ./.gemini/antigravity/scratch/teacher-tracking/src/components/AppShell.tsx [Client Component SSR]
    ./.gemini/antigravity/scratch/teacher-tracking/src/app/page.tsx [Client Component SSR]
    ./.gemini/antigravity/scratch/teacher-tracking/src/app/page.tsx [Server Component]

https://nextjs.org/docs/messages/module-not-found


./.gemini/antigravity/scratch/teacher-tracking/node_modules/lucide-react/dist/esm/icons/index.mjs:1627:1
Module not found: Can't resolve './users-round.mjs'
  [90m1625 |[0m [36mexport[0m { [36mdefault[0m [36mas[0m [33mUserX[0m } [36mfrom[0m [32m'./user-x.mjs'[0m;
  [90m1626 |[0m [36mexport[0m { [36mdefault[0m [36mas[0m [33mUser[0m } [36mfrom[0m [32m'./user.mjs'[0m;
[31m[1m>[0m [90m1627 |[0m [36mexport[0m { [36mdefault[0m [36mas[0m [33mUsersRound[0m } [36mfrom[0m [32m'./users-round.mjs'[0m;
  [90m     |[0m [31m[1m^^^^^^^^^^^^^^^^^^^^^^^^^^^^^^^^^^^^^^^^^^^^^^^^^^^^^^^^^^[0m
  [90m1628 |[0m [36mexport[0m { [36mdefault[0m [36mas[0m [33mUsers[0m } [36mfrom[0m [32m'./users.mjs'[0m;
  [90m1629 |[0m [36mexport[0m { [36mdefault[0m [36mas[0m [33mUtensilsCrossed[0m } [36mfrom[0m [32m'./utensils-crossed.mjs'[0m;
  [90m1630 |[0m [36mexport[0m { [36mdefault[0m [36mas[0m [33mUtensils[0m } [36mfrom[0m [32m'./utensils.mjs'[0m;



Import traces:
  Client Component Browser:
    ./.gemini/antigravity/scratch/teacher-tracking/node_modules/lucide-react/dist/esm/icons/index.mjs [Client Component Browser]
    ./.gemini/antigravity/scratch/teacher-tracking/node_modules/lucide-react/dist/esm/lucide-react.mjs [Client Component Browser]
    ./.gemini/antigravity/scratch/teacher-tracking/src/components/pages/DailyTasksPage.tsx [Client Component Browser]
    ./.gemini/antigravity/scratch/teacher-tracking/src/components/AppShell.tsx [Client Component Browser]
    ./.gemini/antigravity/scratch/teacher-tracking/src/app/page.tsx [Client Component Browser]
    ./.gemini/antigravity/scratch/teacher-tracking/src/app/page.tsx [Server Component]

  Client Component SSR:
    ./.gemini/antigravity/scratch/teacher-tracking/node_modules/lucide-react/dist/esm/icons/index.mjs [Client Component SSR]
    ./.gemini/antigravity/scratch/teacher-tracking/node_modules/lucide-react/dist/esm/lucide-react.mjs [Client Component SSR]
    ./.gemini/antigravity/scratch/teacher-tracking/src/components/pages/DailyTasksPage.tsx [Client Component SSR]
    ./.gemini/antigravity/scratch/teacher-tracking/src/components/AppShell.tsx [Client Component SSR]
    ./.gemini/antigravity/scratch/teacher-tracking/src/app/page.tsx [Client Component SSR]
    ./.gemini/antigravity/scratch/teacher-tracking/src/app/page.tsx [Server Component]

https://nextjs.org/docs/messages/module-not-found


./.gemini/antigravity/scratch/teacher-tracking/node_modules/lucide-react/dist/esm/icons/index.mjs:1628:1
Module not found: Can't resolve './users.mjs'
  [90m1626 |[0m [36mexport[0m { [36mdefault[0m [36mas[0m [33mUser[0m } [36mfrom[0m [32m'./user.mjs'[0m;
  [90m1627 |[0m [36mexport[0m { [36mdefault[0m [36mas[0m [33mUsersRound[0m } [36mfrom[0m [32m'./users-round.mjs'[0m;
[31m[1m>[0m [90m1628 |[0m [36mexport[0m { [36mdefault[0m [36mas[0m [33mUsers[0m } [36mfrom[0m [32m'./users.mjs'[0m;
  [90m     |[0m [31m[1m^^^^^^^^^^^^^^^^^^^^^^^^^^^^^^^^^^^^^^^^^^^^^^^[0m
  [90m1629 |[0m [36mexport[0m { [36mdefault[0m [36mas[0m [33mUtensilsCrossed[0m } [36mfrom[0m [32m'./utensils-crossed.mjs'[0m;
  [90m1630 |[0m [36mexport[0m { [36mdefault[0m [36mas[0m [33mUtensils[0m } [36mfrom[0m [32m'./utensils.mjs'[0m;
  [90m1631 |[0m [36mexport[0m { [36mdefault[0m [36mas[0m [33mVan[0m } [36mfrom[0m [32m'./van.mjs'[0m;



Import traces:
  Client Component Browser:
    ./.gemini/antigravity/scratch/teacher-tracking/node_modules/lucide-react/dist/esm/icons/index.mjs [Client Component Browser]
    ./.gemini/antigravity/scratch/teacher-tracking/node_modules/lucide-react/dist/esm/lucide-react.mjs [Client Component Browser]
    ./.gemini/antigravity/scratch/teacher-tracking/src/components/pages/DailyTasksPage.tsx [Client Component Browser]
    ./.gemini/antigravity/scratch/teacher-tracking/src/components/AppShell.tsx [Client Component Browser]
    ./.gemini/antigravity/scratch/teacher-tracking/src/app/page.tsx [Client Component Browser]
    ./.gemini/antigravity/scratch/teacher-tracking/src/app/page.tsx [Server Component]

  Client Component SSR:
    ./.gemini/antigravity/scratch/teacher-tracking/node_modules/lucide-react/dist/esm/icons/index.mjs [Client Component SSR]
    ./.gemini/antigravity/scratch/teacher-tracking/node_modules/lucide-react/dist/esm/lucide-react.mjs [Client Component SSR]
    ./.gemini/antigravity/scratch/teacher-tracking/src/components/pages/DailyTasksPage.tsx [Client Component SSR]
    ./.gemini/antigravity/scratch/teacher-tracking/src/components/AppShell.tsx [Client Component SSR]
    ./.gemini/antigravity/scratch/teacher-tracking/src/app/page.tsx [Client Component SSR]
    ./.gemini/antigravity/scratch/teacher-tracking/src/app/page.tsx [Server Component]

https://nextjs.org/docs/messages/module-not-found


./.gemini/antigravity/scratch/teacher-tracking/node_modules/lucide-react/dist/esm/icons/index.mjs:1629:1
Module not found: Can't resolve './utensils-crossed.mjs'
  [90m1627 |[0m [36mexport[0m { [36mdefault[0m [36mas[0m [33mUsersRound[0m } [36mfrom[0m [32m'./users-round.mjs'[0m;
  [90m1628 |[0m [36mexport[0m { [36mdefault[0m [36mas[0m [33mUsers[0m } [36mfrom[0m [32m'./users.mjs'[0m;
[31m[1m>[0m [90m1629 |[0m [36mexport[0m { [36mdefault[0m [36mas[0m [33mUtensilsCrossed[0m } [36mfrom[0m [32m'./utensils-crossed.mjs'[0m;
  [90m     |[0m [31m[1m^^^^^^^^^^^^^^^^^^^^^^^^^^^^^^^^^^^^^^^^^^^^^^^^^^^^^^^^^^^^^^^^^^^^[0m
  [90m1630 |[0m [36mexport[0m { [36mdefault[0m [36mas[0m [33mUtensils[0m } [36mfrom[0m [32m'./utensils.mjs'[0m;
  [90m1631 |[0m [36mexport[0m { [36mdefault[0m [36mas[0m [33mVan[0m } [36mfrom[0m [32m'./van.mjs'[0m;
  [90m1632 |[0m [36mexport[0m { [36mdefault[0m [36mas[0m [33mUtilityPole[0m } [36mfrom[0m [32m'./utility-pole.mjs'[0m;



Import traces:
  Client Component Browser:
    ./.gemini/antigravity/scratch/teacher-tracking/node_modules/lucide-react/dist/esm/icons/index.mjs [Client Component Browser]
    ./.gemini/antigravity/scratch/teacher-tracking/node_modules/lucide-react/dist/esm/lucide-react.mjs [Client Component Browser]
    ./.gemini/antigravity/scratch/teacher-tracking/src/components/pages/DailyTasksPage.tsx [Client Component Browser]
    ./.gemini/antigravity/scratch/teacher-tracking/src/components/AppShell.tsx [Client Component Browser]
    ./.gemini/antigravity/scratch/teacher-tracking/src/app/page.tsx [Client Component Browser]
    ./.gemini/antigravity/scratch/teacher-tracking/src/app/page.tsx [Server Component]

  Client Component SSR:
    ./.gemini/antigravity/scratch/teacher-tracking/node_modules/lucide-react/dist/esm/icons/index.mjs [Client Component SSR]
    ./.gemini/antigravity/scratch/teacher-tracking/node_modules/lucide-react/dist/esm/lucide-react.mjs [Client Component SSR]
    ./.gemini/antigravity/scratch/teacher-tracking/src/components/pages/DailyTasksPage.tsx [Client Component SSR]
    ./.gemini/antigravity/scratch/teacher-tracking/src/components/AppShell.tsx [Client Component SSR]
    ./.gemini/antigravity/scratch/teacher-tracking/src/app/page.tsx [Client Component SSR]
    ./.gemini/antigravity/scratch/teacher-tracking/src/app/page.tsx [Server Component]

https://nextjs.org/docs/messages/module-not-found


./.gemini/antigravity/scratch/teacher-tracking/node_modules/lucide-react/dist/esm/icons/index.mjs:1630:1
Module not found: Can't resolve './utensils.mjs'
  [90m1628 |[0m [36mexport[0m { [36mdefault[0m [36mas[0m [33mUsers[0m } [36mfrom[0m [32m'./users.mjs'[0m;
  [90m1629 |[0m [36mexport[0m { [36mdefault[0m [36mas[0m [33mUtensilsCrossed[0m } [36mfrom[0m [32m'./utensils-crossed.mjs'[0m;
[31m[1m>[0m [90m1630 |[0m [36mexport[0m { [36mdefault[0m [36mas[0m [33mUtensils[0m } [36mfrom[0m [32m'./utensils.mjs'[0m;
  [90m     |[0m [31m[1m^^^^^^^^^^^^^^^^^^^^^^^^^^^^^^^^^^^^^^^^^^^^^^^^^^^^^[0m
  [90m1631 |[0m [36mexport[0m { [36mdefault[0m [36mas[0m [33mVan[0m } [36mfrom[0m [32m'./van.mjs'[0m;
  [90m1632 |[0m [36mexport[0m { [36mdefault[0m [36mas[0m [33mUtilityPole[0m } [36mfrom[0m [32m'./utility-pole.mjs'[0m;
  [90m1633 |[0m [36mexport[0m { [36mdefault[0m [36mas[0m [33mVariable[0m } [36mfrom[0m [32m'./variable.mjs'[0m;



Import traces:
  Client Component Browser:
    ./.gemini/antigravity/scratch/teacher-tracking/node_modules/lucide-react/dist/esm/icons/index.mjs [Client Component Browser]
    ./.gemini/antigravity/scratch/teacher-tracking/node_modules/lucide-react/dist/esm/lucide-react.mjs [Client Component Browser]
    ./.gemini/antigravity/scratch/teacher-tracking/src/components/pages/DailyTasksPage.tsx [Client Component Browser]
    ./.gemini/antigravity/scratch/teacher-tracking/src/components/AppShell.tsx [Client Component Browser]
    ./.gemini/antigravity/scratch/teacher-tracking/src/app/page.tsx [Client Component Browser]
    ./.gemini/antigravity/scratch/teacher-tracking/src/app/page.tsx [Server Component]

  Client Component SSR:
    ./.gemini/antigravity/scratch/teacher-tracking/node_modules/lucide-react/dist/esm/icons/index.mjs [Client Component SSR]
    ./.gemini/antigravity/scratch/teacher-tracking/node_modules/lucide-react/dist/esm/lucide-react.mjs [Client Component SSR]
    ./.gemini/antigravity/scratch/teacher-tracking/src/components/pages/DailyTasksPage.tsx [Client Component SSR]
    ./.gemini/antigravity/scratch/teacher-tracking/src/components/AppShell.tsx [Client Component SSR]
    ./.gemini/antigravity/scratch/teacher-tracking/src/app/page.tsx [Client Component SSR]
    ./.gemini/antigravity/scratch/teacher-tracking/src/app/page.tsx [Server Component]

https://nextjs.org/docs/messages/module-not-found


./.gemini/antigravity/scratch/teacher-tracking/node_modules/lucide-react/dist/esm/icons/index.mjs:1632:1
Module not found: Can't resolve './utility-pole.mjs'
  [90m1630 |[0m [36mexport[0m { [36mdefault[0m [36mas[0m [33mUtensils[0m } [36mfrom[0m [32m'./utensils.mjs'[0m;
  [90m1631 |[0m [36mexport[0m { [36mdefault[0m [36mas[0m [33mVan[0m } [36mfrom[0m [32m'./van.mjs'[0m;
[31m[1m>[0m [90m1632 |[0m [36mexport[0m { [36mdefault[0m [36mas[0m [33mUtilityPole[0m } [36mfrom[0m [32m'./utility-pole.mjs'[0m;
  [90m     |[0m [31m[1m^^^^^^^^^^^^^^^^^^^^^^^^^^^^^^^^^^^^^^^^^^^^^^^^^^^^^^^^^^^^[0m
  [90m1633 |[0m [36mexport[0m { [36mdefault[0m [36mas[0m [33mVariable[0m } [36mfrom[0m [32m'./variable.mjs'[0m;
  [90m1634 |[0m [36mexport[0m { [36mdefault[0m [36mas[0m [33mVectorSquare[0m } [36mfrom[0m [32m'./vector-square.mjs'[0m;
  [90m1635 |[0m [36mexport[0m { [36mdefault[0m [36mas[0m [33mVault[0m } [36mfrom[0m [32m'./vault.mjs'[0m;



Import traces:
  Client Component Browser:
    ./.gemini/antigravity/scratch/teacher-tracking/node_modules/lucide-react/dist/esm/icons/index.mjs [Client Component Browser]
    ./.gemini/antigravity/scratch/teacher-tracking/node_modules/lucide-react/dist/esm/lucide-react.mjs [Client Component Browser]
    ./.gemini/antigravity/scratch/teacher-tracking/src/components/pages/DailyTasksPage.tsx [Client Component Browser]
    ./.gemini/antigravity/scratch/teacher-tracking/src/components/AppShell.tsx [Client Component Browser]
    ./.gemini/antigravity/scratch/teacher-tracking/src/app/page.tsx [Client Component Browser]
    ./.gemini/antigravity/scratch/teacher-tracking/src/app/page.tsx [Server Component]

  Client Component SSR:
    ./.gemini/antigravity/scratch/teacher-tracking/node_modules/lucide-react/dist/esm/icons/index.mjs [Client Component SSR]
    ./.gemini/antigravity/scratch/teacher-tracking/node_modules/lucide-react/dist/esm/lucide-react.mjs [Client Component SSR]
    ./.gemini/antigravity/scratch/teacher-tracking/src/components/pages/DailyTasksPage.tsx [Client Component SSR]
    ./.gemini/antigravity/scratch/teacher-tracking/src/components/AppShell.tsx [Client Component SSR]
    ./.gemini/antigravity/scratch/teacher-tracking/src/app/page.tsx [Client Component SSR]
    ./.gemini/antigravity/scratch/teacher-tracking/src/app/page.tsx [Server Component]

https://nextjs.org/docs/messages/module-not-found


./.gemini/antigravity/scratch/teacher-tracking/node_modules/lucide-react/dist/esm/icons/index.mjs:1631:1
Module not found: Can't resolve './van.mjs'
  [90m1629 |[0m [36mexport[0m { [36mdefault[0m [36mas[0m [33mUtensilsCrossed[0m } [36mfrom[0m [32m'./utensils-crossed.mjs'[0m;
  [90m1630 |[0m [36mexport[0m { [36mdefault[0m [36mas[0m [33mUtensils[0m } [36mfrom[0m [32m'./utensils.mjs'[0m;
[31m[1m>[0m [90m1631 |[0m [36mexport[0m { [36mdefault[0m [36mas[0m [33mVan[0m } [36mfrom[0m [32m'./van.mjs'[0m;
  [90m     |[0m [31m[1m^^^^^^^^^^^^^^^^^^^^^^^^^^^^^^^^^^^^^^^^^^^[0m
  [90m1632 |[0m [36mexport[0m { [36mdefault[0m [36mas[0m [33mUtilityPole[0m } [36mfrom[0m [32m'./utility-pole.mjs'[0m;
  [90m1633 |[0m [36mexport[0m { [36mdefault[0m [36mas[0m [33mVariable[0m } [36mfrom[0m [32m'./variable.mjs'[0m;
  [90m1634 |[0m [36mexport[0m { [36mdefault[0m [36mas[0m [33mVectorSquare[0m } [36mfrom[0m [32m'./vector-square.mjs'[0m;



Import traces:
  Client Component Browser:
    ./.gemini/antigravity/scratch/teacher-tracking/node_modules/lucide-react/dist/esm/icons/index.mjs [Client Component Browser]
    ./.gemini/antigravity/scratch/teacher-tracking/node_modules/lucide-react/dist/esm/lucide-react.mjs [Client Component Browser]
    ./.gemini/antigravity/scratch/teacher-tracking/src/components/pages/DailyTasksPage.tsx [Client Component Browser]
    ./.gemini/antigravity/scratch/teacher-tracking/src/components/AppShell.tsx [Client Component Browser]
    ./.gemini/antigravity/scratch/teacher-tracking/src/app/page.tsx [Client Component Browser]
    ./.gemini/antigravity/scratch/teacher-tracking/src/app/page.tsx [Server Component]

  Client Component SSR:
    ./.gemini/antigravity/scratch/teacher-tracking/node_modules/lucide-react/dist/esm/icons/index.mjs [Client Component SSR]
    ./.gemini/antigravity/scratch/teacher-tracking/node_modules/lucide-react/dist/esm/lucide-react.mjs [Client Component SSR]
    ./.gemini/antigravity/scratch/teacher-tracking/src/components/pages/DailyTasksPage.tsx [Client Component SSR]
    ./.gemini/antigravity/scratch/teacher-tracking/src/components/AppShell.tsx [Client Component SSR]
    ./.gemini/antigravity/scratch/teacher-tracking/src/app/page.tsx [Client Component SSR]
    ./.gemini/antigravity/scratch/teacher-tracking/src/app/page.tsx [Server Component]

https://nextjs.org/docs/messages/module-not-found


./.gemini/antigravity/scratch/teacher-tracking/node_modules/lucide-react/dist/esm/icons/index.mjs:1633:1
Module not found: Can't resolve './variable.mjs'
  [90m1631 |[0m [36mexport[0m { [36mdefault[0m [36mas[0m [33mVan[0m } [36mfrom[0m [32m'./van.mjs'[0m;
  [90m1632 |[0m [36mexport[0m { [36mdefault[0m [36mas[0m [33mUtilityPole[0m } [36mfrom[0m [32m'./utility-pole.mjs'[0m;
[31m[1m>[0m [90m1633 |[0m [36mexport[0m { [36mdefault[0m [36mas[0m [33mVariable[0m } [36mfrom[0m [32m'./variable.mjs'[0m;
  [90m     |[0m [31m[1m^^^^^^^^^^^^^^^^^^^^^^^^^^^^^^^^^^^^^^^^^^^^^^^^^^^^^[0m
  [90m1634 |[0m [36mexport[0m { [36mdefault[0m [36mas[0m [33mVectorSquare[0m } [36mfrom[0m [32m'./vector-square.mjs'[0m;
  [90m1635 |[0m [36mexport[0m { [36mdefault[0m [36mas[0m [33mVault[0m } [36mfrom[0m [32m'./vault.mjs'[0m;
  [90m1636 |[0m [36mexport[0m { [36mdefault[0m [36mas[0m [33mVegan[0m } [36mfrom[0m [32m'./vegan.mjs'[0m;



Import traces:
  Client Component Browser:
    ./.gemini/antigravity/scratch/teacher-tracking/node_modules/lucide-react/dist/esm/icons/index.mjs [Client Component Browser]
    ./.gemini/antigravity/scratch/teacher-tracking/node_modules/lucide-react/dist/esm/lucide-react.mjs [Client Component Browser]
    ./.gemini/antigravity/scratch/teacher-tracking/src/components/pages/DailyTasksPage.tsx [Client Component Browser]
    ./.gemini/antigravity/scratch/teacher-tracking/src/components/AppShell.tsx [Client Component Browser]
    ./.gemini/antigravity/scratch/teacher-tracking/src/app/page.tsx [Client Component Browser]
    ./.gemini/antigravity/scratch/teacher-tracking/src/app/page.tsx [Server Component]

  Client Component SSR:
    ./.gemini/antigravity/scratch/teacher-tracking/node_modules/lucide-react/dist/esm/icons/index.mjs [Client Component SSR]
    ./.gemini/antigravity/scratch/teacher-tracking/node_modules/lucide-react/dist/esm/lucide-react.mjs [Client Component SSR]
    ./.gemini/antigravity/scratch/teacher-tracking/src/components/pages/DailyTasksPage.tsx [Client Component SSR]
    ./.gemini/antigravity/scratch/teacher-tracking/src/components/AppShell.tsx [Client Component SSR]
    ./.gemini/antigravity/scratch/teacher-tracking/src/app/page.tsx [Client Component SSR]
    ./.gemini/antigravity/scratch/teacher-tracking/src/app/page.tsx [Server Component]

https://nextjs.org/docs/messages/module-not-found


./.gemini/antigravity/scratch/teacher-tracking/node_modules/lucide-react/dist/esm/icons/index.mjs:1635:1
Module not found: Can't resolve './vault.mjs'
  [90m1633 |[0m [36mexport[0m { [36mdefault[0m [36mas[0m [33mVariable[0m } [36mfrom[0m [32m'./variable.mjs'[0m;
  [90m1634 |[0m [36mexport[0m { [36mdefault[0m [36mas[0m [33mVectorSquare[0m } [36mfrom[0m [32m'./vector-square.mjs'[0m;
[31m[1m>[0m [90m1635 |[0m [36mexport[0m { [36mdefault[0m [36mas[0m [33mVault[0m } [36mfrom[0m [32m'./vault.mjs'[0m;
  [90m     |[0m [31m[1m^^^^^^^^^^^^^^^^^^^^^^^^^^^^^^^^^^^^^^^^^^^^^^^[0m
  [90m1636 |[0m [36mexport[0m { [36mdefault[0m [36mas[0m [33mVegan[0m } [36mfrom[0m [32m'./vegan.mjs'[0m;
  [90m1637 |[0m [36mexport[0m { [36mdefault[0m [36mas[0m [33mVenetianMask[0m } [36mfrom[0m [32m'./venetian-mask.mjs'[0m;
  [90m1638 |[0m [36mexport[0m { [36mdefault[0m [36mas[0m [33mVenusAndMars[0m } [36mfrom[0m [32m'./venus-and-mars.mjs'[0m;



Import traces:
  Client Component Browser:
    ./.gemini/antigravity/scratch/teacher-tracking/node_modules/lucide-react/dist/esm/icons/index.mjs [Client Component Browser]
    ./.gemini/antigravity/scratch/teacher-tracking/node_modules/lucide-react/dist/esm/lucide-react.mjs [Client Component Browser]
    ./.gemini/antigravity/scratch/teacher-tracking/src/components/pages/DailyTasksPage.tsx [Client Component Browser]
    ./.gemini/antigravity/scratch/teacher-tracking/src/components/AppShell.tsx [Client Component Browser]
    ./.gemini/antigravity/scratch/teacher-tracking/src/app/page.tsx [Client Component Browser]
    ./.gemini/antigravity/scratch/teacher-tracking/src/app/page.tsx [Server Component]

  Client Component SSR:
    ./.gemini/antigravity/scratch/teacher-tracking/node_modules/lucide-react/dist/esm/icons/index.mjs [Client Component SSR]
    ./.gemini/antigravity/scratch/teacher-tracking/node_modules/lucide-react/dist/esm/lucide-react.mjs [Client Component SSR]
    ./.gemini/antigravity/scratch/teacher-tracking/src/components/pages/DailyTasksPage.tsx [Client Component SSR]
    ./.gemini/antigravity/scratch/teacher-tracking/src/components/AppShell.tsx [Client Component SSR]
    ./.gemini/antigravity/scratch/teacher-tracking/src/app/page.tsx [Client Component SSR]
    ./.gemini/antigravity/scratch/teacher-tracking/src/app/page.tsx [Server Component]

https://nextjs.org/docs/messages/module-not-found


./.gemini/antigravity/scratch/teacher-tracking/node_modules/lucide-react/dist/esm/icons/index.mjs:1634:1
Module not found: Can't resolve './vector-square.mjs'
  [90m1632 |[0m [36mexport[0m { [36mdefault[0m [36mas[0m [33mUtilityPole[0m } [36mfrom[0m [32m'./utility-pole.mjs'[0m;
  [90m1633 |[0m [36mexport[0m { [36mdefault[0m [36mas[0m [33mVariable[0m } [36mfrom[0m [32m'./variable.mjs'[0m;
[31m[1m>[0m [90m1634 |[0m [36mexport[0m { [36mdefault[0m [36mas[0m [33mVectorSquare[0m } [36mfrom[0m [32m'./vector-square.mjs'[0m;
  [90m     |[0m [31m[1m^^^^^^^^^^^^^^^^^^^^^^^^^^^^^^^^^^^^^^^^^^^^^^^^^^^^^^^^^^^^^^[0m
  [90m1635 |[0m [36mexport[0m { [36mdefault[0m [36mas[0m [33mVault[0m } [36mfrom[0m [32m'./vault.mjs'[0m;
  [90m1636 |[0m [36mexport[0m { [36mdefault[0m [36mas[0m [33mVegan[0m } [36mfrom[0m [32m'./vegan.mjs'[0m;
  [90m1637 |[0m [36mexport[0m { [36mdefault[0m [36mas[0m [33mVenetianMask[0m } [36mfrom[0m [32m'./venetian-mask.mjs'[0m;



Import traces:
  Client Component Browser:
    ./.gemini/antigravity/scratch/teacher-tracking/node_modules/lucide-react/dist/esm/icons/index.mjs [Client Component Browser]
    ./.gemini/antigravity/scratch/teacher-tracking/node_modules/lucide-react/dist/esm/lucide-react.mjs [Client Component Browser]
    ./.gemini/antigravity/scratch/teacher-tracking/src/components/pages/DailyTasksPage.tsx [Client Component Browser]
    ./.gemini/antigravity/scratch/teacher-tracking/src/components/AppShell.tsx [Client Component Browser]
    ./.gemini/antigravity/scratch/teacher-tracking/src/app/page.tsx [Client Component Browser]
    ./.gemini/antigravity/scratch/teacher-tracking/src/app/page.tsx [Server Component]

  Client Component SSR:
    ./.gemini/antigravity/scratch/teacher-tracking/node_modules/lucide-react/dist/esm/icons/index.mjs [Client Component SSR]
    ./.gemini/antigravity/scratch/teacher-tracking/node_modules/lucide-react/dist/esm/lucide-react.mjs [Client Component SSR]
    ./.gemini/antigravity/scratch/teacher-tracking/src/components/pages/DailyTasksPage.tsx [Client Component SSR]
    ./.gemini/antigravity/scratch/teacher-tracking/src/components/AppShell.tsx [Client Component SSR]
    ./.gemini/antigravity/scratch/teacher-tracking/src/app/page.tsx [Client Component SSR]
    ./.gemini/antigravity/scratch/teacher-tracking/src/app/page.tsx [Server Component]

https://nextjs.org/docs/messages/module-not-found


./.gemini/antigravity/scratch/teacher-tracking/node_modules/lucide-react/dist/esm/icons/index.mjs:1636:1
Module not found: Can't resolve './vegan.mjs'
  [90m1634 |[0m [36mexport[0m { [36mdefault[0m [36mas[0m [33mVectorSquare[0m } [36mfrom[0m [32m'./vector-square.mjs'[0m;
  [90m1635 |[0m [36mexport[0m { [36mdefault[0m [36mas[0m [33mVault[0m } [36mfrom[0m [32m'./vault.mjs'[0m;
[31m[1m>[0m [90m1636 |[0m [36mexport[0m { [36mdefault[0m [36mas[0m [33mVegan[0m } [36mfrom[0m [32m'./vegan.mjs'[0m;
  [90m     |[0m [31m[1m^^^^^^^^^^^^^^^^^^^^^^^^^^^^^^^^^^^^^^^^^^^^^^^[0m
  [90m1637 |[0m [36mexport[0m { [36mdefault[0m [36mas[0m [33mVenetianMask[0m } [36mfrom[0m [32m'./venetian-mask.mjs'[0m;
  [90m1638 |[0m [36mexport[0m { [36mdefault[0m [36mas[0m [33mVenusAndMars[0m } [36mfrom[0m [32m'./venus-and-mars.mjs'[0m;
  [90m1639 |[0m [36mexport[0m { [36mdefault[0m [36mas[0m [33mVenus[0m } [36mfrom[0m [32m'./venus.mjs'[0m;



Import traces:
  Client Component Browser:
    ./.gemini/antigravity/scratch/teacher-tracking/node_modules/lucide-react/dist/esm/icons/index.mjs [Client Component Browser]
    ./.gemini/antigravity/scratch/teacher-tracking/node_modules/lucide-react/dist/esm/lucide-react.mjs [Client Component Browser]
    ./.gemini/antigravity/scratch/teacher-tracking/src/components/pages/DailyTasksPage.tsx [Client Component Browser]
    ./.gemini/antigravity/scratch/teacher-tracking/src/components/AppShell.tsx [Client Component Browser]
    ./.gemini/antigravity/scratch/teacher-tracking/src/app/page.tsx [Client Component Browser]
    ./.gemini/antigravity/scratch/teacher-tracking/src/app/page.tsx [Server Component]

  Client Component SSR:
    ./.gemini/antigravity/scratch/teacher-tracking/node_modules/lucide-react/dist/esm/icons/index.mjs [Client Component SSR]
    ./.gemini/antigravity/scratch/teacher-tracking/node_modules/lucide-react/dist/esm/lucide-react.mjs [Client Component SSR]
    ./.gemini/antigravity/scratch/teacher-tracking/src/components/pages/DailyTasksPage.tsx [Client Component SSR]
    ./.gemini/antigravity/scratch/teacher-tracking/src/components/AppShell.tsx [Client Component SSR]
    ./.gemini/antigravity/scratch/teacher-tracking/src/app/page.tsx [Client Component SSR]
    ./.gemini/antigravity/scratch/teacher-tracking/src/app/page.tsx [Server Component]

https://nextjs.org/docs/messages/module-not-found


./.gemini/antigravity/scratch/teacher-tracking/node_modules/lucide-react/dist/esm/icons/index.mjs:1637:1
Module not found: Can't resolve './venetian-mask.mjs'
  [90m1635 |[0m [36mexport[0m { [36mdefault[0m [36mas[0m [33mVault[0m } [36mfrom[0m [32m'./vault.mjs'[0m;
  [90m1636 |[0m [36mexport[0m { [36mdefault[0m [36mas[0m [33mVegan[0m } [36mfrom[0m [32m'./vegan.mjs'[0m;
[31m[1m>[0m [90m1637 |[0m [36mexport[0m { [36mdefault[0m [36mas[0m [33mVenetianMask[0m } [36mfrom[0m [32m'./venetian-mask.mjs'[0m;
  [90m     |[0m [31m[1m^^^^^^^^^^^^^^^^^^^^^^^^^^^^^^^^^^^^^^^^^^^^^^^^^^^^^^^^^^^^^^[0m
  [90m1638 |[0m [36mexport[0m { [36mdefault[0m [36mas[0m [33mVenusAndMars[0m } [36mfrom[0m [32m'./venus-and-mars.mjs'[0m;
  [90m1639 |[0m [36mexport[0m { [36mdefault[0m [36mas[0m [33mVenus[0m } [36mfrom[0m [32m'./venus.mjs'[0m;
  [90m1640 |[0m [36mexport[0m { [36mdefault[0m [36mas[0m [33mVibrateOff[0m } [36mfrom[0m [32m'./vibrate-off.mjs'[0m;



Import traces:
  Client Component Browser:
    ./.gemini/antigravity/scratch/teacher-tracking/node_modules/lucide-react/dist/esm/icons/index.mjs [Client Component Browser]
    ./.gemini/antigravity/scratch/teacher-tracking/node_modules/lucide-react/dist/esm/lucide-react.mjs [Client Component Browser]
    ./.gemini/antigravity/scratch/teacher-tracking/src/components/pages/DailyTasksPage.tsx [Client Component Browser]
    ./.gemini/antigravity/scratch/teacher-tracking/src/components/AppShell.tsx [Client Component Browser]
    ./.gemini/antigravity/scratch/teacher-tracking/src/app/page.tsx [Client Component Browser]
    ./.gemini/antigravity/scratch/teacher-tracking/src/app/page.tsx [Server Component]

  Client Component SSR:
    ./.gemini/antigravity/scratch/teacher-tracking/node_modules/lucide-react/dist/esm/icons/index.mjs [Client Component SSR]
    ./.gemini/antigravity/scratch/teacher-tracking/node_modules/lucide-react/dist/esm/lucide-react.mjs [Client Component SSR]
    ./.gemini/antigravity/scratch/teacher-tracking/src/components/pages/DailyTasksPage.tsx [Client Component SSR]
    ./.gemini/antigravity/scratch/teacher-tracking/src/components/AppShell.tsx [Client Component SSR]
    ./.gemini/antigravity/scratch/teacher-tracking/src/app/page.tsx [Client Component SSR]
    ./.gemini/antigravity/scratch/teacher-tracking/src/app/page.tsx [Server Component]

https://nextjs.org/docs/messages/module-not-found


./.gemini/antigravity/scratch/teacher-tracking/node_modules/lucide-react/dist/esm/icons/index.mjs:1638:1
Module not found: Can't resolve './venus-and-mars.mjs'
  [90m1636 |[0m [36mexport[0m { [36mdefault[0m [36mas[0m [33mVegan[0m } [36mfrom[0m [32m'./vegan.mjs'[0m;
  [90m1637 |[0m [36mexport[0m { [36mdefault[0m [36mas[0m [33mVenetianMask[0m } [36mfrom[0m [32m'./venetian-mask.mjs'[0m;
[31m[1m>[0m [90m1638 |[0m [36mexport[0m { [36mdefault[0m [36mas[0m [33mVenusAndMars[0m } [36mfrom[0m [32m'./venus-and-mars.mjs'[0m;
  [90m     |[0m [31m[1m^^^^^^^^^^^^^^^^^^^^^^^^^^^^^^^^^^^^^^^^^^^^^^^^^^^^^^^^^^^^^^^[0m
  [90m1639 |[0m [36mexport[0m { [36mdefault[0m [36mas[0m [33mVenus[0m } [36mfrom[0m [32m'./venus.mjs'[0m;
  [90m1640 |[0m [36mexport[0m { [36mdefault[0m [36mas[0m [33mVibrateOff[0m } [36mfrom[0m [32m'./vibrate-off.mjs'[0m;
  [90m1641 |[0m [36mexport[0m { [36mdefault[0m [36mas[0m [33mVibrate[0m } [36mfrom[0m [32m'./vibrate.mjs'[0m;



Import traces:
  Client Component Browser:
    ./.gemini/antigravity/scratch/teacher-tracking/node_modules/lucide-react/dist/esm/icons/index.mjs [Client Component Browser]
    ./.gemini/antigravity/scratch/teacher-tracking/node_modules/lucide-react/dist/esm/lucide-react.mjs [Client Component Browser]
    ./.gemini/antigravity/scratch/teacher-tracking/src/components/pages/DailyTasksPage.tsx [Client Component Browser]
    ./.gemini/antigravity/scratch/teacher-tracking/src/components/AppShell.tsx [Client Component Browser]
    ./.gemini/antigravity/scratch/teacher-tracking/src/app/page.tsx [Client Component Browser]
    ./.gemini/antigravity/scratch/teacher-tracking/src/app/page.tsx [Server Component]

  Client Component SSR:
    ./.gemini/antigravity/scratch/teacher-tracking/node_modules/lucide-react/dist/esm/icons/index.mjs [Client Component SSR]
    ./.gemini/antigravity/scratch/teacher-tracking/node_modules/lucide-react/dist/esm/lucide-react.mjs [Client Component SSR]
    ./.gemini/antigravity/scratch/teacher-tracking/src/components/pages/DailyTasksPage.tsx [Client Component SSR]
    ./.gemini/antigravity/scratch/teacher-tracking/src/components/AppShell.tsx [Client Component SSR]
    ./.gemini/antigravity/scratch/teacher-tracking/src/app/page.tsx [Client Component SSR]
    ./.gemini/antigravity/scratch/teacher-tracking/src/app/page.tsx [Server Component]

https://nextjs.org/docs/messages/module-not-found


./.gemini/antigravity/scratch/teacher-tracking/node_modules/lucide-react/dist/esm/icons/index.mjs:1639:1
Module not found: Can't resolve './venus.mjs'
  [90m1637 |[0m [36mexport[0m { [36mdefault[0m [36mas[0m [33mVenetianMask[0m } [36mfrom[0m [32m'./venetian-mask.mjs'[0m;
  [90m1638 |[0m [36mexport[0m { [36mdefault[0m [36mas[0m [33mVenusAndMars[0m } [36mfrom[0m [32m'./venus-and-mars.mjs'[0m;
[31m[1m>[0m [90m1639 |[0m [36mexport[0m { [36mdefault[0m [36mas[0m [33mVenus[0m } [36mfrom[0m [32m'./venus.mjs'[0m;
  [90m     |[0m [31m[1m^^^^^^^^^^^^^^^^^^^^^^^^^^^^^^^^^^^^^^^^^^^^^^^[0m
  [90m1640 |[0m [36mexport[0m { [36mdefault[0m [36mas[0m [33mVibrateOff[0m } [36mfrom[0m [32m'./vibrate-off.mjs'[0m;
  [90m1641 |[0m [36mexport[0m { [36mdefault[0m [36mas[0m [33mVibrate[0m } [36mfrom[0m [32m'./vibrate.mjs'[0m;
  [90m1642 |[0m [36mexport[0m { [36mdefault[0m [36mas[0m [33mVideoOff[0m } [36mfrom[0m [32m'./video-off.mjs'[0m;



Import traces:
  Client Component Browser:
    ./.gemini/antigravity/scratch/teacher-tracking/node_modules/lucide-react/dist/esm/icons/index.mjs [Client Component Browser]
    ./.gemini/antigravity/scratch/teacher-tracking/node_modules/lucide-react/dist/esm/lucide-react.mjs [Client Component Browser]
    ./.gemini/antigravity/scratch/teacher-tracking/src/components/pages/DailyTasksPage.tsx [Client Component Browser]
    ./.gemini/antigravity/scratch/teacher-tracking/src/components/AppShell.tsx [Client Component Browser]
    ./.gemini/antigravity/scratch/teacher-tracking/src/app/page.tsx [Client Component Browser]
    ./.gemini/antigravity/scratch/teacher-tracking/src/app/page.tsx [Server Component]

  Client Component SSR:
    ./.gemini/antigravity/scratch/teacher-tracking/node_modules/lucide-react/dist/esm/icons/index.mjs [Client Component SSR]
    ./.gemini/antigravity/scratch/teacher-tracking/node_modules/lucide-react/dist/esm/lucide-react.mjs [Client Component SSR]
    ./.gemini/antigravity/scratch/teacher-tracking/src/components/pages/DailyTasksPage.tsx [Client Component SSR]
    ./.gemini/antigravity/scratch/teacher-tracking/src/components/AppShell.tsx [Client Component SSR]
    ./.gemini/antigravity/scratch/teacher-tracking/src/app/page.tsx [Client Component SSR]
    ./.gemini/antigravity/scratch/teacher-tracking/src/app/page.tsx [Server Component]

https://nextjs.org/docs/messages/module-not-found


./.gemini/antigravity/scratch/teacher-tracking/node_modules/lucide-react/dist/esm/icons/index.mjs:1640:1
Module not found: Can't resolve './vibrate-off.mjs'
  [90m1638 |[0m [36mexport[0m { [36mdefault[0m [36mas[0m [33mVenusAndMars[0m } [36mfrom[0m [32m'./venus-and-mars.mjs'[0m;
  [90m1639 |[0m [36mexport[0m { [36mdefault[0m [36mas[0m [33mVenus[0m } [36mfrom[0m [32m'./venus.mjs'[0m;
[31m[1m>[0m [90m1640 |[0m [36mexport[0m { [36mdefault[0m [36mas[0m [33mVibrateOff[0m } [36mfrom[0m [32m'./vibrate-off.mjs'[0m;
  [90m     |[0m [31m[1m^^^^^^^^^^^^^^^^^^^^^^^^^^^^^^^^^^^^^^^^^^^^^^^^^^^^^^^^^^[0m
  [90m1641 |[0m [36mexport[0m { [36mdefault[0m [36mas[0m [33mVibrate[0m } [36mfrom[0m [32m'./vibrate.mjs'[0m;
  [90m1642 |[0m [36mexport[0m { [36mdefault[0m [36mas[0m [33mVideoOff[0m } [36mfrom[0m [32m'./video-off.mjs'[0m;
  [90m1643 |[0m [36mexport[0m { [36mdefault[0m [36mas[0m [33mVideo[0m } [36mfrom[0m [32m'./video.mjs'[0m;



Import traces:
  Client Component Browser:
    ./.gemini/antigravity/scratch/teacher-tracking/node_modules/lucide-react/dist/esm/icons/index.mjs [Client Component Browser]
    ./.gemini/antigravity/scratch/teacher-tracking/node_modules/lucide-react/dist/esm/lucide-react.mjs [Client Component Browser]
    ./.gemini/antigravity/scratch/teacher-tracking/src/components/pages/DailyTasksPage.tsx [Client Component Browser]
    ./.gemini/antigravity/scratch/teacher-tracking/src/components/AppShell.tsx [Client Component Browser]
    ./.gemini/antigravity/scratch/teacher-tracking/src/app/page.tsx [Client Component Browser]
    ./.gemini/antigravity/scratch/teacher-tracking/src/app/page.tsx [Server Component]

  Client Component SSR:
    ./.gemini/antigravity/scratch/teacher-tracking/node_modules/lucide-react/dist/esm/icons/index.mjs [Client Component SSR]
    ./.gemini/antigravity/scratch/teacher-tracking/node_modules/lucide-react/dist/esm/lucide-react.mjs [Client Component SSR]
    ./.gemini/antigravity/scratch/teacher-tracking/src/components/pages/DailyTasksPage.tsx [Client Component SSR]
    ./.gemini/antigravity/scratch/teacher-tracking/src/components/AppShell.tsx [Client Component SSR]
    ./.gemini/antigravity/scratch/teacher-tracking/src/app/page.tsx [Client Component SSR]
    ./.gemini/antigravity/scratch/teacher-tracking/src/app/page.tsx [Server Component]

https://nextjs.org/docs/messages/module-not-found


./.gemini/antigravity/scratch/teacher-tracking/node_modules/lucide-react/dist/esm/icons/index.mjs:1641:1
Module not found: Can't resolve './vibrate.mjs'
  [90m1639 |[0m [36mexport[0m { [36mdefault[0m [36mas[0m [33mVenus[0m } [36mfrom[0m [32m'./venus.mjs'[0m;
  [90m1640 |[0m [36mexport[0m { [36mdefault[0m [36mas[0m [33mVibrateOff[0m } [36mfrom[0m [32m'./vibrate-off.mjs'[0m;
[31m[1m>[0m [90m1641 |[0m [36mexport[0m { [36mdefault[0m [36mas[0m [33mVibrate[0m } [36mfrom[0m [32m'./vibrate.mjs'[0m;
  [90m     |[0m [31m[1m^^^^^^^^^^^^^^^^^^^^^^^^^^^^^^^^^^^^^^^^^^^^^^^^^^^[0m
  [90m1642 |[0m [36mexport[0m { [36mdefault[0m [36mas[0m [33mVideoOff[0m } [36mfrom[0m [32m'./video-off.mjs'[0m;
  [90m1643 |[0m [36mexport[0m { [36mdefault[0m [36mas[0m [33mVideo[0m } [36mfrom[0m [32m'./video.mjs'[0m;
  [90m1644 |[0m [36mexport[0m { [36mdefault[0m [36mas[0m [33mVideotape[0m } [36mfrom[0m [32m'./videotape.mjs'[0m;



Import traces:
  Client Component Browser:
    ./.gemini/antigravity/scratch/teacher-tracking/node_modules/lucide-react/dist/esm/icons/index.mjs [Client Component Browser]
    ./.gemini/antigravity/scratch/teacher-tracking/node_modules/lucide-react/dist/esm/lucide-react.mjs [Client Component Browser]
    ./.gemini/antigravity/scratch/teacher-tracking/src/components/pages/DailyTasksPage.tsx [Client Component Browser]
    ./.gemini/antigravity/scratch/teacher-tracking/src/components/AppShell.tsx [Client Component Browser]
    ./.gemini/antigravity/scratch/teacher-tracking/src/app/page.tsx [Client Component Browser]
    ./.gemini/antigravity/scratch/teacher-tracking/src/app/page.tsx [Server Component]

  Client Component SSR:
    ./.gemini/antigravity/scratch/teacher-tracking/node_modules/lucide-react/dist/esm/icons/index.mjs [Client Component SSR]
    ./.gemini/antigravity/scratch/teacher-tracking/node_modules/lucide-react/dist/esm/lucide-react.mjs [Client Component SSR]
    ./.gemini/antigravity/scratch/teacher-tracking/src/components/pages/DailyTasksPage.tsx [Client Component SSR]
    ./.gemini/antigravity/scratch/teacher-tracking/src/components/AppShell.tsx [Client Component SSR]
    ./.gemini/antigravity/scratch/teacher-tracking/src/app/page.tsx [Client Component SSR]
    ./.gemini/antigravity/scratch/teacher-tracking/src/app/page.tsx [Server Component]

https://nextjs.org/docs/messages/module-not-found


./.gemini/antigravity/scratch/teacher-tracking/node_modules/lucide-react/dist/esm/icons/index.mjs:1642:1
Module not found: Can't resolve './video-off.mjs'
  [90m1640 |[0m [36mexport[0m { [36mdefault[0m [36mas[0m [33mVibrateOff[0m } [36mfrom[0m [32m'./vibrate-off.mjs'[0m;
  [90m1641 |[0m [36mexport[0m { [36mdefault[0m [36mas[0m [33mVibrate[0m } [36mfrom[0m [32m'./vibrate.mjs'[0m;
[31m[1m>[0m [90m1642 |[0m [36mexport[0m { [36mdefault[0m [36mas[0m [33mVideoOff[0m } [36mfrom[0m [32m'./video-off.mjs'[0m;
  [90m     |[0m [31m[1m^^^^^^^^^^^^^^^^^^^^^^^^^^^^^^^^^^^^^^^^^^^^^^^^^^^^^^[0m
  [90m1643 |[0m [36mexport[0m { [36mdefault[0m [36mas[0m [33mVideo[0m } [36mfrom[0m [32m'./video.mjs'[0m;
  [90m1644 |[0m [36mexport[0m { [36mdefault[0m [36mas[0m [33mVideotape[0m } [36mfrom[0m [32m'./videotape.mjs'[0m;
  [90m1645 |[0m [36mexport[0m { [36mdefault[0m [36mas[0m [33mView[0m } [36mfrom[0m [32m'./view.mjs'[0m;



Import traces:
  Client Component Browser:
    ./.gemini/antigravity/scratch/teacher-tracking/node_modules/lucide-react/dist/esm/icons/index.mjs [Client Component Browser]
    ./.gemini/antigravity/scratch/teacher-tracking/node_modules/lucide-react/dist/esm/lucide-react.mjs [Client Component Browser]
    ./.gemini/antigravity/scratch/teacher-tracking/src/components/pages/DailyTasksPage.tsx [Client Component Browser]
    ./.gemini/antigravity/scratch/teacher-tracking/src/components/AppShell.tsx [Client Component Browser]
    ./.gemini/antigravity/scratch/teacher-tracking/src/app/page.tsx [Client Component Browser]
    ./.gemini/antigravity/scratch/teacher-tracking/src/app/page.tsx [Server Component]

  Client Component SSR:
    ./.gemini/antigravity/scratch/teacher-tracking/node_modules/lucide-react/dist/esm/icons/index.mjs [Client Component SSR]
    ./.gemini/antigravity/scratch/teacher-tracking/node_modules/lucide-react/dist/esm/lucide-react.mjs [Client Component SSR]
    ./.gemini/antigravity/scratch/teacher-tracking/src/components/pages/DailyTasksPage.tsx [Client Component SSR]
    ./.gemini/antigravity/scratch/teacher-tracking/src/components/AppShell.tsx [Client Component SSR]
    ./.gemini/antigravity/scratch/teacher-tracking/src/app/page.tsx [Client Component SSR]
    ./.gemini/antigravity/scratch/teacher-tracking/src/app/page.tsx [Server Component]

https://nextjs.org/docs/messages/module-not-found


./.gemini/antigravity/scratch/teacher-tracking/node_modules/lucide-react/dist/esm/icons/index.mjs:1643:1
Module not found: Can't resolve './video.mjs'
  [90m1641 |[0m [36mexport[0m { [36mdefault[0m [36mas[0m [33mVibrate[0m } [36mfrom[0m [32m'./vibrate.mjs'[0m;
  [90m1642 |[0m [36mexport[0m { [36mdefault[0m [36mas[0m [33mVideoOff[0m } [36mfrom[0m [32m'./video-off.mjs'[0m;
[31m[1m>[0m [90m1643 |[0m [36mexport[0m { [36mdefault[0m [36mas[0m [33mVideo[0m } [36mfrom[0m [32m'./video.mjs'[0m;
  [90m     |[0m [31m[1m^^^^^^^^^^^^^^^^^^^^^^^^^^^^^^^^^^^^^^^^^^^^^^^[0m
  [90m1644 |[0m [36mexport[0m { [36mdefault[0m [36mas[0m [33mVideotape[0m } [36mfrom[0m [32m'./videotape.mjs'[0m;
  [90m1645 |[0m [36mexport[0m { [36mdefault[0m [36mas[0m [33mView[0m } [36mfrom[0m [32m'./view.mjs'[0m;
  [90m1646 |[0m [36mexport[0m { [36mdefault[0m [36mas[0m [33mVoicemail[0m } [36mfrom[0m [32m'./voicemail.mjs'[0m;



Import traces:
  Client Component Browser:
    ./.gemini/antigravity/scratch/teacher-tracking/node_modules/lucide-react/dist/esm/icons/index.mjs [Client Component Browser]
    ./.gemini/antigravity/scratch/teacher-tracking/node_modules/lucide-react/dist/esm/lucide-react.mjs [Client Component Browser]
    ./.gemini/antigravity/scratch/teacher-tracking/src/components/pages/DailyTasksPage.tsx [Client Component Browser]
    ./.gemini/antigravity/scratch/teacher-tracking/src/components/AppShell.tsx [Client Component Browser]
    ./.gemini/antigravity/scratch/teacher-tracking/src/app/page.tsx [Client Component Browser]
    ./.gemini/antigravity/scratch/teacher-tracking/src/app/page.tsx [Server Component]

  Client Component SSR:
    ./.gemini/antigravity/scratch/teacher-tracking/node_modules/lucide-react/dist/esm/icons/index.mjs [Client Component SSR]
    ./.gemini/antigravity/scratch/teacher-tracking/node_modules/lucide-react/dist/esm/lucide-react.mjs [Client Component SSR]
    ./.gemini/antigravity/scratch/teacher-tracking/src/components/pages/DailyTasksPage.tsx [Client Component SSR]
    ./.gemini/antigravity/scratch/teacher-tracking/src/components/AppShell.tsx [Client Component SSR]
    ./.gemini/antigravity/scratch/teacher-tracking/src/app/page.tsx [Client Component SSR]
    ./.gemini/antigravity/scratch/teacher-tracking/src/app/page.tsx [Server Component]

https://nextjs.org/docs/messages/module-not-found


./.gemini/antigravity/scratch/teacher-tracking/node_modules/lucide-react/dist/esm/icons/index.mjs:1644:1
Module not found: Can't resolve './videotape.mjs'
  [90m1642 |[0m [36mexport[0m { [36mdefault[0m [36mas[0m [33mVideoOff[0m } [36mfrom[0m [32m'./video-off.mjs'[0m;
  [90m1643 |[0m [36mexport[0m { [36mdefault[0m [36mas[0m [33mVideo[0m } [36mfrom[0m [32m'./video.mjs'[0m;
[31m[1m>[0m [90m1644 |[0m [36mexport[0m { [36mdefault[0m [36mas[0m [33mVideotape[0m } [36mfrom[0m [32m'./videotape.mjs'[0m;
  [90m     |[0m [31m[1m^^^^^^^^^^^^^^^^^^^^^^^^^^^^^^^^^^^^^^^^^^^^^^^^^^^^^^^[0m
  [90m1645 |[0m [36mexport[0m { [36mdefault[0m [36mas[0m [33mView[0m } [36mfrom[0m [32m'./view.mjs'[0m;
  [90m1646 |[0m [36mexport[0m { [36mdefault[0m [36mas[0m [33mVoicemail[0m } [36mfrom[0m [32m'./voicemail.mjs'[0m;
  [90m1647 |[0m [36mexport[0m { [36mdefault[0m [36mas[0m [33mVolume1[0m } [36mfrom[0m [32m'./volume-1.mjs'[0m;



Import traces:
  Client Component Browser:
    ./.gemini/antigravity/scratch/teacher-tracking/node_modules/lucide-react/dist/esm/icons/index.mjs [Client Component Browser]
    ./.gemini/antigravity/scratch/teacher-tracking/node_modules/lucide-react/dist/esm/lucide-react.mjs [Client Component Browser]
    ./.gemini/antigravity/scratch/teacher-tracking/src/components/pages/DailyTasksPage.tsx [Client Component Browser]
    ./.gemini/antigravity/scratch/teacher-tracking/src/components/AppShell.tsx [Client Component Browser]
    ./.gemini/antigravity/scratch/teacher-tracking/src/app/page.tsx [Client Component Browser]
    ./.gemini/antigravity/scratch/teacher-tracking/src/app/page.tsx [Server Component]

  Client Component SSR:
    ./.gemini/antigravity/scratch/teacher-tracking/node_modules/lucide-react/dist/esm/icons/index.mjs [Client Component SSR]
    ./.gemini/antigravity/scratch/teacher-tracking/node_modules/lucide-react/dist/esm/lucide-react.mjs [Client Component SSR]
    ./.gemini/antigravity/scratch/teacher-tracking/src/components/pages/DailyTasksPage.tsx [Client Component SSR]
    ./.gemini/antigravity/scratch/teacher-tracking/src/components/AppShell.tsx [Client Component SSR]
    ./.gemini/antigravity/scratch/teacher-tracking/src/app/page.tsx [Client Component SSR]
    ./.gemini/antigravity/scratch/teacher-tracking/src/app/page.tsx [Server Component]

https://nextjs.org/docs/messages/module-not-found


./.gemini/antigravity/scratch/teacher-tracking/node_modules/lucide-react/dist/esm/icons/index.mjs:1645:1
Module not found: Can't resolve './view.mjs'
  [90m1643 |[0m [36mexport[0m { [36mdefault[0m [36mas[0m [33mVideo[0m } [36mfrom[0m [32m'./video.mjs'[0m;
  [90m1644 |[0m [36mexport[0m { [36mdefault[0m [36mas[0m [33mVideotape[0m } [36mfrom[0m [32m'./videotape.mjs'[0m;
[31m[1m>[0m [90m1645 |[0m [36mexport[0m { [36mdefault[0m [36mas[0m [33mView[0m } [36mfrom[0m [32m'./view.mjs'[0m;
  [90m     |[0m [31m[1m^^^^^^^^^^^^^^^^^^^^^^^^^^^^^^^^^^^^^^^^^^^^^[0m
  [90m1646 |[0m [36mexport[0m { [36mdefault[0m [36mas[0m [33mVoicemail[0m } [36mfrom[0m [32m'./voicemail.mjs'[0m;
  [90m1647 |[0m [36mexport[0m { [36mdefault[0m [36mas[0m [33mVolume1[0m } [36mfrom[0m [32m'./volume-1.mjs'[0m;
  [90m1648 |[0m [36mexport[0m { [36mdefault[0m [36mas[0m [33mVolleyball[0m } [36mfrom[0m [32m'./volleyball.mjs'[0m;



Import traces:
  Client Component Browser:
    ./.gemini/antigravity/scratch/teacher-tracking/node_modules/lucide-react/dist/esm/icons/index.mjs [Client Component Browser]
    ./.gemini/antigravity/scratch/teacher-tracking/node_modules/lucide-react/dist/esm/lucide-react.mjs [Client Component Browser]
    ./.gemini/antigravity/scratch/teacher-tracking/src/components/pages/DailyTasksPage.tsx [Client Component Browser]
    ./.gemini/antigravity/scratch/teacher-tracking/src/components/AppShell.tsx [Client Component Browser]
    ./.gemini/antigravity/scratch/teacher-tracking/src/app/page.tsx [Client Component Browser]
    ./.gemini/antigravity/scratch/teacher-tracking/src/app/page.tsx [Server Component]

  Client Component SSR:
    ./.gemini/antigravity/scratch/teacher-tracking/node_modules/lucide-react/dist/esm/icons/index.mjs [Client Component SSR]
    ./.gemini/antigravity/scratch/teacher-tracking/node_modules/lucide-react/dist/esm/lucide-react.mjs [Client Component SSR]
    ./.gemini/antigravity/scratch/teacher-tracking/src/components/pages/DailyTasksPage.tsx [Client Component SSR]
    ./.gemini/antigravity/scratch/teacher-tracking/src/components/AppShell.tsx [Client Component SSR]
    ./.gemini/antigravity/scratch/teacher-tracking/src/app/page.tsx [Client Component SSR]
    ./.gemini/antigravity/scratch/teacher-tracking/src/app/page.tsx [Server Component]

https://nextjs.org/docs/messages/module-not-found


./.gemini/antigravity/scratch/teacher-tracking/node_modules/lucide-react/dist/esm/icons/index.mjs:1646:1
Module not found: Can't resolve './voicemail.mjs'
  [90m1644 |[0m [36mexport[0m { [36mdefault[0m [36mas[0m [33mVideotape[0m } [36mfrom[0m [32m'./videotape.mjs'[0m;
  [90m1645 |[0m [36mexport[0m { [36mdefault[0m [36mas[0m [33mView[0m } [36mfrom[0m [32m'./view.mjs'[0m;
[31m[1m>[0m [90m1646 |[0m [36mexport[0m { [36mdefault[0m [36mas[0m [33mVoicemail[0m } [36mfrom[0m [32m'./voicemail.mjs'[0m;
  [90m     |[0m [31m[1m^^^^^^^^^^^^^^^^^^^^^^^^^^^^^^^^^^^^^^^^^^^^^^^^^^^^^^^[0m
  [90m1647 |[0m [36mexport[0m { [36mdefault[0m [36mas[0m [33mVolume1[0m } [36mfrom[0m [32m'./volume-1.mjs'[0m;
  [90m1648 |[0m [36mexport[0m { [36mdefault[0m [36mas[0m [33mVolleyball[0m } [36mfrom[0m [32m'./volleyball.mjs'[0m;
  [90m1649 |[0m [36mexport[0m { [36mdefault[0m [36mas[0m [33mVolumeOff[0m } [36mfrom[0m [32m'./volume-off.mjs'[0m;



Import traces:
  Client Component Browser:
    ./.gemini/antigravity/scratch/teacher-tracking/node_modules/lucide-react/dist/esm/icons/index.mjs [Client Component Browser]
    ./.gemini/antigravity/scratch/teacher-tracking/node_modules/lucide-react/dist/esm/lucide-react.mjs [Client Component Browser]
    ./.gemini/antigravity/scratch/teacher-tracking/src/components/pages/DailyTasksPage.tsx [Client Component Browser]
    ./.gemini/antigravity/scratch/teacher-tracking/src/components/AppShell.tsx [Client Component Browser]
    ./.gemini/antigravity/scratch/teacher-tracking/src/app/page.tsx [Client Component Browser]
    ./.gemini/antigravity/scratch/teacher-tracking/src/app/page.tsx [Server Component]

  Client Component SSR:
    ./.gemini/antigravity/scratch/teacher-tracking/node_modules/lucide-react/dist/esm/icons/index.mjs [Client Component SSR]
    ./.gemini/antigravity/scratch/teacher-tracking/node_modules/lucide-react/dist/esm/lucide-react.mjs [Client Component SSR]
    ./.gemini/antigravity/scratch/teacher-tracking/src/components/pages/DailyTasksPage.tsx [Client Component SSR]
    ./.gemini/antigravity/scratch/teacher-tracking/src/components/AppShell.tsx [Client Component SSR]
    ./.gemini/antigravity/scratch/teacher-tracking/src/app/page.tsx [Client Component SSR]
    ./.gemini/antigravity/scratch/teacher-tracking/src/app/page.tsx [Server Component]

https://nextjs.org/docs/messages/module-not-found


./.gemini/antigravity/scratch/teacher-tracking/node_modules/lucide-react/dist/esm/icons/index.mjs:1648:1
Module not found: Can't resolve './volleyball.mjs'
  [90m1646 |[0m [36mexport[0m { [36mdefault[0m [36mas[0m [33mVoicemail[0m } [36mfrom[0m [32m'./voicemail.mjs'[0m;
  [90m1647 |[0m [36mexport[0m { [36mdefault[0m [36mas[0m [33mVolume1[0m } [36mfrom[0m [32m'./volume-1.mjs'[0m;
[31m[1m>[0m [90m1648 |[0m [36mexport[0m { [36mdefault[0m [36mas[0m [33mVolleyball[0m } [36mfrom[0m [32m'./volleyball.mjs'[0m;
  [90m     |[0m [31m[1m^^^^^^^^^^^^^^^^^^^^^^^^^^^^^^^^^^^^^^^^^^^^^^^^^^^^^^^^^[0m
  [90m1649 |[0m [36mexport[0m { [36mdefault[0m [36mas[0m [33mVolumeOff[0m } [36mfrom[0m [32m'./volume-off.mjs'[0m;
  [90m1650 |[0m [36mexport[0m { [36mdefault[0m [36mas[0m [33mVolume2[0m } [36mfrom[0m [32m'./volume-2.mjs'[0m;
  [90m1651 |[0m [36mexport[0m { [36mdefault[0m [36mas[0m [33mVolumeX[0m } [36mfrom[0m [32m'./volume-x.mjs'[0m;



Import traces:
  Client Component Browser:
    ./.gemini/antigravity/scratch/teacher-tracking/node_modules/lucide-react/dist/esm/icons/index.mjs [Client Component Browser]
    ./.gemini/antigravity/scratch/teacher-tracking/node_modules/lucide-react/dist/esm/lucide-react.mjs [Client Component Browser]
    ./.gemini/antigravity/scratch/teacher-tracking/src/components/pages/DailyTasksPage.tsx [Client Component Browser]
    ./.gemini/antigravity/scratch/teacher-tracking/src/components/AppShell.tsx [Client Component Browser]
    ./.gemini/antigravity/scratch/teacher-tracking/src/app/page.tsx [Client Component Browser]
    ./.gemini/antigravity/scratch/teacher-tracking/src/app/page.tsx [Server Component]

  Client Component SSR:
    ./.gemini/antigravity/scratch/teacher-tracking/node_modules/lucide-react/dist/esm/icons/index.mjs [Client Component SSR]
    ./.gemini/antigravity/scratch/teacher-tracking/node_modules/lucide-react/dist/esm/lucide-react.mjs [Client Component SSR]
    ./.gemini/antigravity/scratch/teacher-tracking/src/components/pages/DailyTasksPage.tsx [Client Component SSR]
    ./.gemini/antigravity/scratch/teacher-tracking/src/components/AppShell.tsx [Client Component SSR]
    ./.gemini/antigravity/scratch/teacher-tracking/src/app/page.tsx [Client Component SSR]
    ./.gemini/antigravity/scratch/teacher-tracking/src/app/page.tsx [Server Component]

https://nextjs.org/docs/messages/module-not-found


./.gemini/antigravity/scratch/teacher-tracking/node_modules/lucide-react/dist/esm/icons/index.mjs:1647:1
Module not found: Can't resolve './volume-1.mjs'
  [90m1645 |[0m [36mexport[0m { [36mdefault[0m [36mas[0m [33mView[0m } [36mfrom[0m [32m'./view.mjs'[0m;
  [90m1646 |[0m [36mexport[0m { [36mdefault[0m [36mas[0m [33mVoicemail[0m } [36mfrom[0m [32m'./voicemail.mjs'[0m;
[31m[1m>[0m [90m1647 |[0m [36mexport[0m { [36mdefault[0m [36mas[0m [33mVolume1[0m } [36mfrom[0m [32m'./volume-1.mjs'[0m;
  [90m     |[0m [31m[1m^^^^^^^^^^^^^^^^^^^^^^^^^^^^^^^^^^^^^^^^^^^^^^^^^^^^[0m
  [90m1648 |[0m [36mexport[0m { [36mdefault[0m [36mas[0m [33mVolleyball[0m } [36mfrom[0m [32m'./volleyball.mjs'[0m;
  [90m1649 |[0m [36mexport[0m { [36mdefault[0m [36mas[0m [33mVolumeOff[0m } [36mfrom[0m [32m'./volume-off.mjs'[0m;
  [90m1650 |[0m [36mexport[0m { [36mdefault[0m [36mas[0m [33mVolume2[0m } [36mfrom[0m [32m'./volume-2.mjs'[0m;



Import traces:
  Client Component Browser:
    ./.gemini/antigravity/scratch/teacher-tracking/node_modules/lucide-react/dist/esm/icons/index.mjs [Client Component Browser]
    ./.gemini/antigravity/scratch/teacher-tracking/node_modules/lucide-react/dist/esm/lucide-react.mjs [Client Component Browser]
    ./.gemini/antigravity/scratch/teacher-tracking/src/components/pages/DailyTasksPage.tsx [Client Component Browser]
    ./.gemini/antigravity/scratch/teacher-tracking/src/components/AppShell.tsx [Client Component Browser]
    ./.gemini/antigravity/scratch/teacher-tracking/src/app/page.tsx [Client Component Browser]
    ./.gemini/antigravity/scratch/teacher-tracking/src/app/page.tsx [Server Component]

  Client Component SSR:
    ./.gemini/antigravity/scratch/teacher-tracking/node_modules/lucide-react/dist/esm/icons/index.mjs [Client Component SSR]
    ./.gemini/antigravity/scratch/teacher-tracking/node_modules/lucide-react/dist/esm/lucide-react.mjs [Client Component SSR]
    ./.gemini/antigravity/scratch/teacher-tracking/src/components/pages/DailyTasksPage.tsx [Client Component SSR]
    ./.gemini/antigravity/scratch/teacher-tracking/src/components/AppShell.tsx [Client Component SSR]
    ./.gemini/antigravity/scratch/teacher-tracking/src/app/page.tsx [Client Component SSR]
    ./.gemini/antigravity/scratch/teacher-tracking/src/app/page.tsx [Server Component]

https://nextjs.org/docs/messages/module-not-found


./.gemini/antigravity/scratch/teacher-tracking/node_modules/lucide-react/dist/esm/icons/index.mjs:1650:1
Module not found: Can't resolve './volume-2.mjs'
  [90m1648 |[0m [36mexport[0m { [36mdefault[0m [36mas[0m [33mVolleyball[0m } [36mfrom[0m [32m'./volleyball.mjs'[0m;
  [90m1649 |[0m [36mexport[0m { [36mdefault[0m [36mas[0m [33mVolumeOff[0m } [36mfrom[0m [32m'./volume-off.mjs'[0m;
[31m[1m>[0m [90m1650 |[0m [36mexport[0m { [36mdefault[0m [36mas[0m [33mVolume2[0m } [36mfrom[0m [32m'./volume-2.mjs'[0m;
  [90m     |[0m [31m[1m^^^^^^^^^^^^^^^^^^^^^^^^^^^^^^^^^^^^^^^^^^^^^^^^^^^^[0m
  [90m1651 |[0m [36mexport[0m { [36mdefault[0m [36mas[0m [33mVolumeX[0m } [36mfrom[0m [32m'./volume-x.mjs'[0m;
  [90m1652 |[0m [36mexport[0m { [36mdefault[0m [36mas[0m [33mVote[0m } [36mfrom[0m [32m'./vote.mjs'[0m;
  [90m1653 |[0m [36mexport[0m { [36mdefault[0m [36mas[0m [33mVolume[0m } [36mfrom[0m [32m'./volume.mjs'[0m;



Import traces:
  Client Component Browser:
    ./.gemini/antigravity/scratch/teacher-tracking/node_modules/lucide-react/dist/esm/icons/index.mjs [Client Component Browser]
    ./.gemini/antigravity/scratch/teacher-tracking/node_modules/lucide-react/dist/esm/lucide-react.mjs [Client Component Browser]
    ./.gemini/antigravity/scratch/teacher-tracking/src/components/pages/DailyTasksPage.tsx [Client Component Browser]
    ./.gemini/antigravity/scratch/teacher-tracking/src/components/AppShell.tsx [Client Component Browser]
    ./.gemini/antigravity/scratch/teacher-tracking/src/app/page.tsx [Client Component Browser]
    ./.gemini/antigravity/scratch/teacher-tracking/src/app/page.tsx [Server Component]

  Client Component SSR:
    ./.gemini/antigravity/scratch/teacher-tracking/node_modules/lucide-react/dist/esm/icons/index.mjs [Client Component SSR]
    ./.gemini/antigravity/scratch/teacher-tracking/node_modules/lucide-react/dist/esm/lucide-react.mjs [Client Component SSR]
    ./.gemini/antigravity/scratch/teacher-tracking/src/components/pages/DailyTasksPage.tsx [Client Component SSR]
    ./.gemini/antigravity/scratch/teacher-tracking/src/components/AppShell.tsx [Client Component SSR]
    ./.gemini/antigravity/scratch/teacher-tracking/src/app/page.tsx [Client Component SSR]
    ./.gemini/antigravity/scratch/teacher-tracking/src/app/page.tsx [Server Component]

https://nextjs.org/docs/messages/module-not-found


./.gemini/antigravity/scratch/teacher-tracking/node_modules/lucide-react/dist/esm/icons/index.mjs:1649:1
Module not found: Can't resolve './volume-off.mjs'
  [90m1647 |[0m [36mexport[0m { [36mdefault[0m [36mas[0m [33mVolume1[0m } [36mfrom[0m [32m'./volume-1.mjs'[0m;
  [90m1648 |[0m [36mexport[0m { [36mdefault[0m [36mas[0m [33mVolleyball[0m } [36mfrom[0m [32m'./volleyball.mjs'[0m;
[31m[1m>[0m [90m1649 |[0m [36mexport[0m { [36mdefault[0m [36mas[0m [33mVolumeOff[0m } [36mfrom[0m [32m'./volume-off.mjs'[0m;
  [90m     |[0m [31m[1m^^^^^^^^^^^^^^^^^^^^^^^^^^^^^^^^^^^^^^^^^^^^^^^^^^^^^^^^[0m
  [90m1650 |[0m [36mexport[0m { [36mdefault[0m [36mas[0m [33mVolume2[0m } [36mfrom[0m [32m'./volume-2.mjs'[0m;
  [90m1651 |[0m [36mexport[0m { [36mdefault[0m [36mas[0m [33mVolumeX[0m } [36mfrom[0m [32m'./volume-x.mjs'[0m;
  [90m1652 |[0m [36mexport[0m { [36mdefault[0m [36mas[0m [33mVote[0m } [36mfrom[0m [32m'./vote.mjs'[0m;



Import traces:
  Client Component Browser:
    ./.gemini/antigravity/scratch/teacher-tracking/node_modules/lucide-react/dist/esm/icons/index.mjs [Client Component Browser]
    ./.gemini/antigravity/scratch/teacher-tracking/node_modules/lucide-react/dist/esm/lucide-react.mjs [Client Component Browser]
    ./.gemini/antigravity/scratch/teacher-tracking/src/components/pages/DailyTasksPage.tsx [Client Component Browser]
    ./.gemini/antigravity/scratch/teacher-tracking/src/components/AppShell.tsx [Client Component Browser]
    ./.gemini/antigravity/scratch/teacher-tracking/src/app/page.tsx [Client Component Browser]
    ./.gemini/antigravity/scratch/teacher-tracking/src/app/page.tsx [Server Component]

  Client Component SSR:
    ./.gemini/antigravity/scratch/teacher-tracking/node_modules/lucide-react/dist/esm/icons/index.mjs [Client Component SSR]
    ./.gemini/antigravity/scratch/teacher-tracking/node_modules/lucide-react/dist/esm/lucide-react.mjs [Client Component SSR]
    ./.gemini/antigravity/scratch/teacher-tracking/src/components/pages/DailyTasksPage.tsx [Client Component SSR]
    ./.gemini/antigravity/scratch/teacher-tracking/src/components/AppShell.tsx [Client Component SSR]
    ./.gemini/antigravity/scratch/teacher-tracking/src/app/page.tsx [Client Component SSR]
    ./.gemini/antigravity/scratch/teacher-tracking/src/app/page.tsx [Server Component]

https://nextjs.org/docs/messages/module-not-found


./.gemini/antigravity/scratch/teacher-tracking/node_modules/lucide-react/dist/esm/icons/index.mjs:1651:1
Module not found: Can't resolve './volume-x.mjs'
  [90m1649 |[0m [36mexport[0m { [36mdefault[0m [36mas[0m [33mVolumeOff[0m } [36mfrom[0m [32m'./volume-off.mjs'[0m;
  [90m1650 |[0m [36mexport[0m { [36mdefault[0m [36mas[0m [33mVolume2[0m } [36mfrom[0m [32m'./volume-2.mjs'[0m;
[31m[1m>[0m [90m1651 |[0m [36mexport[0m { [36mdefault[0m [36mas[0m [33mVolumeX[0m } [36mfrom[0m [32m'./volume-x.mjs'[0m;
  [90m     |[0m [31m[1m^^^^^^^^^^^^^^^^^^^^^^^^^^^^^^^^^^^^^^^^^^^^^^^^^^^^[0m
  [90m1652 |[0m [36mexport[0m { [36mdefault[0m [36mas[0m [33mVote[0m } [36mfrom[0m [32m'./vote.mjs'[0m;
  [90m1653 |[0m [36mexport[0m { [36mdefault[0m [36mas[0m [33mVolume[0m } [36mfrom[0m [32m'./volume.mjs'[0m;
  [90m1654 |[0m [36mexport[0m { [36mdefault[0m [36mas[0m [33mWalletCards[0m } [36mfrom[0m [32m'./wallet-cards.mjs'[0m;



Import traces:
  Client Component Browser:
    ./.gemini/antigravity/scratch/teacher-tracking/node_modules/lucide-react/dist/esm/icons/index.mjs [Client Component Browser]
    ./.gemini/antigravity/scratch/teacher-tracking/node_modules/lucide-react/dist/esm/lucide-react.mjs [Client Component Browser]
    ./.gemini/antigravity/scratch/teacher-tracking/src/components/pages/DailyTasksPage.tsx [Client Component Browser]
    ./.gemini/antigravity/scratch/teacher-tracking/src/components/AppShell.tsx [Client Component Browser]
    ./.gemini/antigravity/scratch/teacher-tracking/src/app/page.tsx [Client Component Browser]
    ./.gemini/antigravity/scratch/teacher-tracking/src/app/page.tsx [Server Component]

  Client Component SSR:
    ./.gemini/antigravity/scratch/teacher-tracking/node_modules/lucide-react/dist/esm/icons/index.mjs [Client Component SSR]
    ./.gemini/antigravity/scratch/teacher-tracking/node_modules/lucide-react/dist/esm/lucide-react.mjs [Client Component SSR]
    ./.gemini/antigravity/scratch/teacher-tracking/src/components/pages/DailyTasksPage.tsx [Client Component SSR]
    ./.gemini/antigravity/scratch/teacher-tracking/src/components/AppShell.tsx [Client Component SSR]
    ./.gemini/antigravity/scratch/teacher-tracking/src/app/page.tsx [Client Component SSR]
    ./.gemini/antigravity/scratch/teacher-tracking/src/app/page.tsx [Server Component]

https://nextjs.org/docs/messages/module-not-found


./.gemini/antigravity/scratch/teacher-tracking/node_modules/lucide-react/dist/esm/icons/index.mjs:1653:1
Module not found: Can't resolve './volume.mjs'
  [90m1651 |[0m [36mexport[0m { [36mdefault[0m [36mas[0m [33mVolumeX[0m } [36mfrom[0m [32m'./volume-x.mjs'[0m;
  [90m1652 |[0m [36mexport[0m { [36mdefault[0m [36mas[0m [33mVote[0m } [36mfrom[0m [32m'./vote.mjs'[0m;
[31m[1m>[0m [90m1653 |[0m [36mexport[0m { [36mdefault[0m [36mas[0m [33mVolume[0m } [36mfrom[0m [32m'./volume.mjs'[0m;
  [90m     |[0m [31m[1m^^^^^^^^^^^^^^^^^^^^^^^^^^^^^^^^^^^^^^^^^^^^^^^^^[0m
  [90m1654 |[0m [36mexport[0m { [36mdefault[0m [36mas[0m [33mWalletCards[0m } [36mfrom[0m [32m'./wallet-cards.mjs'[0m;
  [90m1655 |[0m [36mexport[0m { [36mdefault[0m [36mas[0m [33mWalletMinimal[0m } [36mfrom[0m [32m'./wallet-minimal.mjs'[0m;
  [90m1656 |[0m [36mexport[0m { [36mdefault[0m [36mas[0m [33mWallet[0m } [36mfrom[0m [32m'./wallet.mjs'[0m;



Import traces:
  Client Component Browser:
    ./.gemini/antigravity/scratch/teacher-tracking/node_modules/lucide-react/dist/esm/icons/index.mjs [Client Component Browser]
    ./.gemini/antigravity/scratch/teacher-tracking/node_modules/lucide-react/dist/esm/lucide-react.mjs [Client Component Browser]
    ./.gemini/antigravity/scratch/teacher-tracking/src/components/pages/DailyTasksPage.tsx [Client Component Browser]
    ./.gemini/antigravity/scratch/teacher-tracking/src/components/AppShell.tsx [Client Component Browser]
    ./.gemini/antigravity/scratch/teacher-tracking/src/app/page.tsx [Client Component Browser]
    ./.gemini/antigravity/scratch/teacher-tracking/src/app/page.tsx [Server Component]

  Client Component SSR:
    ./.gemini/antigravity/scratch/teacher-tracking/node_modules/lucide-react/dist/esm/icons/index.mjs [Client Component SSR]
    ./.gemini/antigravity/scratch/teacher-tracking/node_modules/lucide-react/dist/esm/lucide-react.mjs [Client Component SSR]
    ./.gemini/antigravity/scratch/teacher-tracking/src/components/pages/DailyTasksPage.tsx [Client Component SSR]
    ./.gemini/antigravity/scratch/teacher-tracking/src/components/AppShell.tsx [Client Component SSR]
    ./.gemini/antigravity/scratch/teacher-tracking/src/app/page.tsx [Client Component SSR]
    ./.gemini/antigravity/scratch/teacher-tracking/src/app/page.tsx [Server Component]

https://nextjs.org/docs/messages/module-not-found


./.gemini/antigravity/scratch/teacher-tracking/node_modules/lucide-react/dist/esm/icons/index.mjs:1652:1
Module not found: Can't resolve './vote.mjs'
  [90m1650 |[0m [36mexport[0m { [36mdefault[0m [36mas[0m [33mVolume2[0m } [36mfrom[0m [32m'./volume-2.mjs'[0m;
  [90m1651 |[0m [36mexport[0m { [36mdefault[0m [36mas[0m [33mVolumeX[0m } [36mfrom[0m [32m'./volume-x.mjs'[0m;
[31m[1m>[0m [90m1652 |[0m [36mexport[0m { [36mdefault[0m [36mas[0m [33mVote[0m } [36mfrom[0m [32m'./vote.mjs'[0m;
  [90m     |[0m [31m[1m^^^^^^^^^^^^^^^^^^^^^^^^^^^^^^^^^^^^^^^^^^^^^[0m
  [90m1653 |[0m [36mexport[0m { [36mdefault[0m [36mas[0m [33mVolume[0m } [36mfrom[0m [32m'./volume.mjs'[0m;
  [90m1654 |[0m [36mexport[0m { [36mdefault[0m [36mas[0m [33mWalletCards[0m } [36mfrom[0m [32m'./wallet-cards.mjs'[0m;
  [90m1655 |[0m [36mexport[0m { [36mdefault[0m [36mas[0m [33mWalletMinimal[0m } [36mfrom[0m [32m'./wallet-minimal.mjs'[0m;



Import traces:
  Client Component Browser:
    ./.gemini/antigravity/scratch/teacher-tracking/node_modules/lucide-react/dist/esm/icons/index.mjs [Client Component Browser]
    ./.gemini/antigravity/scratch/teacher-tracking/node_modules/lucide-react/dist/esm/lucide-react.mjs [Client Component Browser]
    ./.gemini/antigravity/scratch/teacher-tracking/src/components/pages/DailyTasksPage.tsx [Client Component Browser]
    ./.gemini/antigravity/scratch/teacher-tracking/src/components/AppShell.tsx [Client Component Browser]
    ./.gemini/antigravity/scratch/teacher-tracking/src/app/page.tsx [Client Component Browser]
    ./.gemini/antigravity/scratch/teacher-tracking/src/app/page.tsx [Server Component]

  Client Component SSR:
    ./.gemini/antigravity/scratch/teacher-tracking/node_modules/lucide-react/dist/esm/icons/index.mjs [Client Component SSR]
    ./.gemini/antigravity/scratch/teacher-tracking/node_modules/lucide-react/dist/esm/lucide-react.mjs [Client Component SSR]
    ./.gemini/antigravity/scratch/teacher-tracking/src/components/pages/DailyTasksPage.tsx [Client Component SSR]
    ./.gemini/antigravity/scratch/teacher-tracking/src/components/AppShell.tsx [Client Component SSR]
    ./.gemini/antigravity/scratch/teacher-tracking/src/app/page.tsx [Client Component SSR]
    ./.gemini/antigravity/scratch/teacher-tracking/src/app/page.tsx [Server Component]

https://nextjs.org/docs/messages/module-not-found


./.gemini/antigravity/scratch/teacher-tracking/node_modules/lucide-react/dist/esm/icons/index.mjs:1654:1
Module not found: Can't resolve './wallet-cards.mjs'
  [90m1652 |[0m [36mexport[0m { [36mdefault[0m [36mas[0m [33mVote[0m } [36mfrom[0m [32m'./vote.mjs'[0m;
  [90m1653 |[0m [36mexport[0m { [36mdefault[0m [36mas[0m [33mVolume[0m } [36mfrom[0m [32m'./volume.mjs'[0m;
[31m[1m>[0m [90m1654 |[0m [36mexport[0m { [36mdefault[0m [36mas[0m [33mWalletCards[0m } [36mfrom[0m [32m'./wallet-cards.mjs'[0m;
  [90m     |[0m [31m[1m^^^^^^^^^^^^^^^^^^^^^^^^^^^^^^^^^^^^^^^^^^^^^^^^^^^^^^^^^^^^[0m
  [90m1655 |[0m [36mexport[0m { [36mdefault[0m [36mas[0m [33mWalletMinimal[0m } [36mfrom[0m [32m'./wallet-minimal.mjs'[0m;
  [90m1656 |[0m [36mexport[0m { [36mdefault[0m [36mas[0m [33mWallet[0m } [36mfrom[0m [32m'./wallet.mjs'[0m;
  [90m1657 |[0m [36mexport[0m { [36mdefault[0m [36mas[0m [33mWandSparkles[0m } [36mfrom[0m [32m'./wand-sparkles.mjs'[0m;



Import traces:
  Client Component Browser:
    ./.gemini/antigravity/scratch/teacher-tracking/node_modules/lucide-react/dist/esm/icons/index.mjs [Client Component Browser]
    ./.gemini/antigravity/scratch/teacher-tracking/node_modules/lucide-react/dist/esm/lucide-react.mjs [Client Component Browser]
    ./.gemini/antigravity/scratch/teacher-tracking/src/components/pages/DailyTasksPage.tsx [Client Component Browser]
    ./.gemini/antigravity/scratch/teacher-tracking/src/components/AppShell.tsx [Client Component Browser]
    ./.gemini/antigravity/scratch/teacher-tracking/src/app/page.tsx [Client Component Browser]
    ./.gemini/antigravity/scratch/teacher-tracking/src/app/page.tsx [Server Component]

  Client Component SSR:
    ./.gemini/antigravity/scratch/teacher-tracking/node_modules/lucide-react/dist/esm/icons/index.mjs [Client Component SSR]
    ./.gemini/antigravity/scratch/teacher-tracking/node_modules/lucide-react/dist/esm/lucide-react.mjs [Client Component SSR]
    ./.gemini/antigravity/scratch/teacher-tracking/src/components/pages/DailyTasksPage.tsx [Client Component SSR]
    ./.gemini/antigravity/scratch/teacher-tracking/src/components/AppShell.tsx [Client Component SSR]
    ./.gemini/antigravity/scratch/teacher-tracking/src/app/page.tsx [Client Component SSR]
    ./.gemini/antigravity/scratch/teacher-tracking/src/app/page.tsx [Server Component]

https://nextjs.org/docs/messages/module-not-found


./.gemini/antigravity/scratch/teacher-tracking/node_modules/lucide-react/dist/esm/icons/index.mjs:1655:1
Module not found: Can't resolve './wallet-minimal.mjs'
  [90m1653 |[0m [36mexport[0m { [36mdefault[0m [36mas[0m [33mVolume[0m } [36mfrom[0m [32m'./volume.mjs'[0m;
  [90m1654 |[0m [36mexport[0m { [36mdefault[0m [36mas[0m [33mWalletCards[0m } [36mfrom[0m [32m'./wallet-cards.mjs'[0m;
[31m[1m>[0m [90m1655 |[0m [36mexport[0m { [36mdefault[0m [36mas[0m [33mWalletMinimal[0m } [36mfrom[0m [32m'./wallet-minimal.mjs'[0m;
  [90m     |[0m [31m[1m^^^^^^^^^^^^^^^^^^^^^^^^^^^^^^^^^^^^^^^^^^^^^^^^^^^^^^^^^^^^^^^^[0m
  [90m1656 |[0m [36mexport[0m { [36mdefault[0m [36mas[0m [33mWallet[0m } [36mfrom[0m [32m'./wallet.mjs'[0m;
  [90m1657 |[0m [36mexport[0m { [36mdefault[0m [36mas[0m [33mWandSparkles[0m } [36mfrom[0m [32m'./wand-sparkles.mjs'[0m;
  [90m1658 |[0m [36mexport[0m { [36mdefault[0m [36mas[0m [33mWallpaper[0m } [36mfrom[0m [32m'./wallpaper.mjs'[0m;



Import traces:
  Client Component Browser:
    ./.gemini/antigravity/scratch/teacher-tracking/node_modules/lucide-react/dist/esm/icons/index.mjs [Client Component Browser]
    ./.gemini/antigravity/scratch/teacher-tracking/node_modules/lucide-react/dist/esm/lucide-react.mjs [Client Component Browser]
    ./.gemini/antigravity/scratch/teacher-tracking/src/components/pages/DailyTasksPage.tsx [Client Component Browser]
    ./.gemini/antigravity/scratch/teacher-tracking/src/components/AppShell.tsx [Client Component Browser]
    ./.gemini/antigravity/scratch/teacher-tracking/src/app/page.tsx [Client Component Browser]
    ./.gemini/antigravity/scratch/teacher-tracking/src/app/page.tsx [Server Component]

  Client Component SSR:
    ./.gemini/antigravity/scratch/teacher-tracking/node_modules/lucide-react/dist/esm/icons/index.mjs [Client Component SSR]
    ./.gemini/antigravity/scratch/teacher-tracking/node_modules/lucide-react/dist/esm/lucide-react.mjs [Client Component SSR]
    ./.gemini/antigravity/scratch/teacher-tracking/src/components/pages/DailyTasksPage.tsx [Client Component SSR]
    ./.gemini/antigravity/scratch/teacher-tracking/src/components/AppShell.tsx [Client Component SSR]
    ./.gemini/antigravity/scratch/teacher-tracking/src/app/page.tsx [Client Component SSR]
    ./.gemini/antigravity/scratch/teacher-tracking/src/app/page.tsx [Server Component]

https://nextjs.org/docs/messages/module-not-found


./.gemini/antigravity/scratch/teacher-tracking/node_modules/lucide-react/dist/esm/icons/index.mjs:1656:1
Module not found: Can't resolve './wallet.mjs'
  [90m1654 |[0m [36mexport[0m { [36mdefault[0m [36mas[0m [33mWalletCards[0m } [36mfrom[0m [32m'./wallet-cards.mjs'[0m;
  [90m1655 |[0m [36mexport[0m { [36mdefault[0m [36mas[0m [33mWalletMinimal[0m } [36mfrom[0m [32m'./wallet-minimal.mjs'[0m;
[31m[1m>[0m [90m1656 |[0m [36mexport[0m { [36mdefault[0m [36mas[0m [33mWallet[0m } [36mfrom[0m [32m'./wallet.mjs'[0m;
  [90m     |[0m [31m[1m^^^^^^^^^^^^^^^^^^^^^^^^^^^^^^^^^^^^^^^^^^^^^^^^^[0m
  [90m1657 |[0m [36mexport[0m { [36mdefault[0m [36mas[0m [33mWandSparkles[0m } [36mfrom[0m [32m'./wand-sparkles.mjs'[0m;
  [90m1658 |[0m [36mexport[0m { [36mdefault[0m [36mas[0m [33mWallpaper[0m } [36mfrom[0m [32m'./wallpaper.mjs'[0m;
  [90m1659 |[0m [36mexport[0m { [36mdefault[0m [36mas[0m [33mWand[0m } [36mfrom[0m [32m'./wand.mjs'[0m;



Import traces:
  Client Component Browser:
    ./.gemini/antigravity/scratch/teacher-tracking/node_modules/lucide-react/dist/esm/icons/index.mjs [Client Component Browser]
    ./.gemini/antigravity/scratch/teacher-tracking/node_modules/lucide-react/dist/esm/lucide-react.mjs [Client Component Browser]
    ./.gemini/antigravity/scratch/teacher-tracking/src/components/pages/DailyTasksPage.tsx [Client Component Browser]
    ./.gemini/antigravity/scratch/teacher-tracking/src/components/AppShell.tsx [Client Component Browser]
    ./.gemini/antigravity/scratch/teacher-tracking/src/app/page.tsx [Client Component Browser]
    ./.gemini/antigravity/scratch/teacher-tracking/src/app/page.tsx [Server Component]

  Client Component SSR:
    ./.gemini/antigravity/scratch/teacher-tracking/node_modules/lucide-react/dist/esm/icons/index.mjs [Client Component SSR]
    ./.gemini/antigravity/scratch/teacher-tracking/node_modules/lucide-react/dist/esm/lucide-react.mjs [Client Component SSR]
    ./.gemini/antigravity/scratch/teacher-tracking/src/components/pages/DailyTasksPage.tsx [Client Component SSR]
    ./.gemini/antigravity/scratch/teacher-tracking/src/components/AppShell.tsx [Client Component SSR]
    ./.gemini/antigravity/scratch/teacher-tracking/src/app/page.tsx [Client Component SSR]
    ./.gemini/antigravity/scratch/teacher-tracking/src/app/page.tsx [Server Component]

https://nextjs.org/docs/messages/module-not-found


./.gemini/antigravity/scratch/teacher-tracking/node_modules/lucide-react/dist/esm/icons/index.mjs:1658:1
Module not found: Can't resolve './wallpaper.mjs'
  [90m1656 |[0m [36mexport[0m { [36mdefault[0m [36mas[0m [33mWallet[0m } [36mfrom[0m [32m'./wallet.mjs'[0m;
  [90m1657 |[0m [36mexport[0m { [36mdefault[0m [36mas[0m [33mWandSparkles[0m } [36mfrom[0m [32m'./wand-sparkles.mjs'[0m;
[31m[1m>[0m [90m1658 |[0m [36mexport[0m { [36mdefault[0m [36mas[0m [33mWallpaper[0m } [36mfrom[0m [32m'./wallpaper.mjs'[0m;
  [90m     |[0m [31m[1m^^^^^^^^^^^^^^^^^^^^^^^^^^^^^^^^^^^^^^^^^^^^^^^^^^^^^^^[0m
  [90m1659 |[0m [36mexport[0m { [36mdefault[0m [36mas[0m [33mWand[0m } [36mfrom[0m [32m'./wand.mjs'[0m;
  [90m1660 |[0m [36mexport[0m { [36mdefault[0m [36mas[0m [33mWarehouse[0m } [36mfrom[0m [32m'./warehouse.mjs'[0m;
  [90m1661 |[0m [36mexport[0m { [36mdefault[0m [36mas[0m [33mWashingMachine[0m } [36mfrom[0m [32m'./washing-machine.mjs'[0m;



Import traces:
  Client Component Browser:
    ./.gemini/antigravity/scratch/teacher-tracking/node_modules/lucide-react/dist/esm/icons/index.mjs [Client Component Browser]
    ./.gemini/antigravity/scratch/teacher-tracking/node_modules/lucide-react/dist/esm/lucide-react.mjs [Client Component Browser]
    ./.gemini/antigravity/scratch/teacher-tracking/src/components/pages/DailyTasksPage.tsx [Client Component Browser]
    ./.gemini/antigravity/scratch/teacher-tracking/src/components/AppShell.tsx [Client Component Browser]
    ./.gemini/antigravity/scratch/teacher-tracking/src/app/page.tsx [Client Component Browser]
    ./.gemini/antigravity/scratch/teacher-tracking/src/app/page.tsx [Server Component]

  Client Component SSR:
    ./.gemini/antigravity/scratch/teacher-tracking/node_modules/lucide-react/dist/esm/icons/index.mjs [Client Component SSR]
    ./.gemini/antigravity/scratch/teacher-tracking/node_modules/lucide-react/dist/esm/lucide-react.mjs [Client Component SSR]
    ./.gemini/antigravity/scratch/teacher-tracking/src/components/pages/DailyTasksPage.tsx [Client Component SSR]
    ./.gemini/antigravity/scratch/teacher-tracking/src/components/AppShell.tsx [Client Component SSR]
    ./.gemini/antigravity/scratch/teacher-tracking/src/app/page.tsx [Client Component SSR]
    ./.gemini/antigravity/scratch/teacher-tracking/src/app/page.tsx [Server Component]

https://nextjs.org/docs/messages/module-not-found


./.gemini/antigravity/scratch/teacher-tracking/node_modules/lucide-react/dist/esm/icons/index.mjs:1657:1
Module not found: Can't resolve './wand-sparkles.mjs'
  [90m1655 |[0m [36mexport[0m { [36mdefault[0m [36mas[0m [33mWalletMinimal[0m } [36mfrom[0m [32m'./wallet-minimal.mjs'[0m;
  [90m1656 |[0m [36mexport[0m { [36mdefault[0m [36mas[0m [33mWallet[0m } [36mfrom[0m [32m'./wallet.mjs'[0m;
[31m[1m>[0m [90m1657 |[0m [36mexport[0m { [36mdefault[0m [36mas[0m [33mWandSparkles[0m } [36mfrom[0m [32m'./wand-sparkles.mjs'[0m;
  [90m     |[0m [31m[1m^^^^^^^^^^^^^^^^^^^^^^^^^^^^^^^^^^^^^^^^^^^^^^^^^^^^^^^^^^^^^^[0m
  [90m1658 |[0m [36mexport[0m { [36mdefault[0m [36mas[0m [33mWallpaper[0m } [36mfrom[0m [32m'./wallpaper.mjs'[0m;
  [90m1659 |[0m [36mexport[0m { [36mdefault[0m [36mas[0m [33mWand[0m } [36mfrom[0m [32m'./wand.mjs'[0m;
  [90m1660 |[0m [36mexport[0m { [36mdefault[0m [36mas[0m [33mWarehouse[0m } [36mfrom[0m [32m'./warehouse.mjs'[0m;



Import traces:
  Client Component Browser:
    ./.gemini/antigravity/scratch/teacher-tracking/node_modules/lucide-react/dist/esm/icons/index.mjs [Client Component Browser]
    ./.gemini/antigravity/scratch/teacher-tracking/node_modules/lucide-react/dist/esm/lucide-react.mjs [Client Component Browser]
    ./.gemini/antigravity/scratch/teacher-tracking/src/components/pages/DailyTasksPage.tsx [Client Component Browser]
    ./.gemini/antigravity/scratch/teacher-tracking/src/components/AppShell.tsx [Client Component Browser]
    ./.gemini/antigravity/scratch/teacher-tracking/src/app/page.tsx [Client Component Browser]
    ./.gemini/antigravity/scratch/teacher-tracking/src/app/page.tsx [Server Component]

  Client Component SSR:
    ./.gemini/antigravity/scratch/teacher-tracking/node_modules/lucide-react/dist/esm/icons/index.mjs [Client Component SSR]
    ./.gemini/antigravity/scratch/teacher-tracking/node_modules/lucide-react/dist/esm/lucide-react.mjs [Client Component SSR]
    ./.gemini/antigravity/scratch/teacher-tracking/src/components/pages/DailyTasksPage.tsx [Client Component SSR]
    ./.gemini/antigravity/scratch/teacher-tracking/src/components/AppShell.tsx [Client Component SSR]
    ./.gemini/antigravity/scratch/teacher-tracking/src/app/page.tsx [Client Component SSR]
    ./.gemini/antigravity/scratch/teacher-tracking/src/app/page.tsx [Server Component]

https://nextjs.org/docs/messages/module-not-found


./.gemini/antigravity/scratch/teacher-tracking/node_modules/lucide-react/dist/esm/icons/index.mjs:1659:1
Module not found: Can't resolve './wand.mjs'
  [90m1657 |[0m [36mexport[0m { [36mdefault[0m [36mas[0m [33mWandSparkles[0m } [36mfrom[0m [32m'./wand-sparkles.mjs'[0m;
  [90m1658 |[0m [36mexport[0m { [36mdefault[0m [36mas[0m [33mWallpaper[0m } [36mfrom[0m [32m'./wallpaper.mjs'[0m;
[31m[1m>[0m [90m1659 |[0m [36mexport[0m { [36mdefault[0m [36mas[0m [33mWand[0m } [36mfrom[0m [32m'./wand.mjs'[0m;
  [90m     |[0m [31m[1m^^^^^^^^^^^^^^^^^^^^^^^^^^^^^^^^^^^^^^^^^^^^^[0m
  [90m1660 |[0m [36mexport[0m { [36mdefault[0m [36mas[0m [33mWarehouse[0m } [36mfrom[0m [32m'./warehouse.mjs'[0m;
  [90m1661 |[0m [36mexport[0m { [36mdefault[0m [36mas[0m [33mWashingMachine[0m } [36mfrom[0m [32m'./washing-machine.mjs'[0m;
  [90m1662 |[0m [36mexport[0m { [36mdefault[0m [36mas[0m [33mWatch[0m } [36mfrom[0m [32m'./watch.mjs'[0m;



Import traces:
  Client Component Browser:
    ./.gemini/antigravity/scratch/teacher-tracking/node_modules/lucide-react/dist/esm/icons/index.mjs [Client Component Browser]
    ./.gemini/antigravity/scratch/teacher-tracking/node_modules/lucide-react/dist/esm/lucide-react.mjs [Client Component Browser]
    ./.gemini/antigravity/scratch/teacher-tracking/src/components/pages/DailyTasksPage.tsx [Client Component Browser]
    ./.gemini/antigravity/scratch/teacher-tracking/src/components/AppShell.tsx [Client Component Browser]
    ./.gemini/antigravity/scratch/teacher-tracking/src/app/page.tsx [Client Component Browser]
    ./.gemini/antigravity/scratch/teacher-tracking/src/app/page.tsx [Server Component]

  Client Component SSR:
    ./.gemini/antigravity/scratch/teacher-tracking/node_modules/lucide-react/dist/esm/icons/index.mjs [Client Component SSR]
    ./.gemini/antigravity/scratch/teacher-tracking/node_modules/lucide-react/dist/esm/lucide-react.mjs [Client Component SSR]
    ./.gemini/antigravity/scratch/teacher-tracking/src/components/pages/DailyTasksPage.tsx [Client Component SSR]
    ./.gemini/antigravity/scratch/teacher-tracking/src/components/AppShell.tsx [Client Component SSR]
    ./.gemini/antigravity/scratch/teacher-tracking/src/app/page.tsx [Client Component SSR]
    ./.gemini/antigravity/scratch/teacher-tracking/src/app/page.tsx [Server Component]

https://nextjs.org/docs/messages/module-not-found


./.gemini/antigravity/scratch/teacher-tracking/node_modules/lucide-react/dist/esm/icons/index.mjs:1660:1
Module not found: Can't resolve './warehouse.mjs'
  [90m1658 |[0m [36mexport[0m { [36mdefault[0m [36mas[0m [33mWallpaper[0m } [36mfrom[0m [32m'./wallpaper.mjs'[0m;
  [90m1659 |[0m [36mexport[0m { [36mdefault[0m [36mas[0m [33mWand[0m } [36mfrom[0m [32m'./wand.mjs'[0m;
[31m[1m>[0m [90m1660 |[0m [36mexport[0m { [36mdefault[0m [36mas[0m [33mWarehouse[0m } [36mfrom[0m [32m'./warehouse.mjs'[0m;
  [90m     |[0m [31m[1m^^^^^^^^^^^^^^^^^^^^^^^^^^^^^^^^^^^^^^^^^^^^^^^^^^^^^^^[0m
  [90m1661 |[0m [36mexport[0m { [36mdefault[0m [36mas[0m [33mWashingMachine[0m } [36mfrom[0m [32m'./washing-machine.mjs'[0m;
  [90m1662 |[0m [36mexport[0m { [36mdefault[0m [36mas[0m [33mWatch[0m } [36mfrom[0m [32m'./watch.mjs'[0m;
  [90m1663 |[0m [36mexport[0m { [36mdefault[0m [36mas[0m [33mWavesArrowDown[0m } [36mfrom[0m [32m'./waves-arrow-down.mjs'[0m;



Import traces:
  Client Component Browser:
    ./.gemini/antigravity/scratch/teacher-tracking/node_modules/lucide-react/dist/esm/icons/index.mjs [Client Component Browser]
    ./.gemini/antigravity/scratch/teacher-tracking/node_modules/lucide-react/dist/esm/lucide-react.mjs [Client Component Browser]
    ./.gemini/antigravity/scratch/teacher-tracking/src/components/pages/DailyTasksPage.tsx [Client Component Browser]
    ./.gemini/antigravity/scratch/teacher-tracking/src/components/AppShell.tsx [Client Component Browser]
    ./.gemini/antigravity/scratch/teacher-tracking/src/app/page.tsx [Client Component Browser]
    ./.gemini/antigravity/scratch/teacher-tracking/src/app/page.tsx [Server Component]

  Client Component SSR:
    ./.gemini/antigravity/scratch/teacher-tracking/node_modules/lucide-react/dist/esm/icons/index.mjs [Client Component SSR]
    ./.gemini/antigravity/scratch/teacher-tracking/node_modules/lucide-react/dist/esm/lucide-react.mjs [Client Component SSR]
    ./.gemini/antigravity/scratch/teacher-tracking/src/components/pages/DailyTasksPage.tsx [Client Component SSR]
    ./.gemini/antigravity/scratch/teacher-tracking/src/components/AppShell.tsx [Client Component SSR]
    ./.gemini/antigravity/scratch/teacher-tracking/src/app/page.tsx [Client Component SSR]
    ./.gemini/antigravity/scratch/teacher-tracking/src/app/page.tsx [Server Component]

https://nextjs.org/docs/messages/module-not-found


./.gemini/antigravity/scratch/teacher-tracking/node_modules/lucide-react/dist/esm/icons/index.mjs:1661:1
Module not found: Can't resolve './washing-machine.mjs'
  [90m1659 |[0m [36mexport[0m { [36mdefault[0m [36mas[0m [33mWand[0m } [36mfrom[0m [32m'./wand.mjs'[0m;
  [90m1660 |[0m [36mexport[0m { [36mdefault[0m [36mas[0m [33mWarehouse[0m } [36mfrom[0m [32m'./warehouse.mjs'[0m;
[31m[1m>[0m [90m1661 |[0m [36mexport[0m { [36mdefault[0m [36mas[0m [33mWashingMachine[0m } [36mfrom[0m [32m'./washing-machine.mjs'[0m;
  [90m     |[0m [31m[1m^^^^^^^^^^^^^^^^^^^^^^^^^^^^^^^^^^^^^^^^^^^^^^^^^^^^^^^^^^^^^^^^^^[0m
  [90m1662 |[0m [36mexport[0m { [36mdefault[0m [36mas[0m [33mWatch[0m } [36mfrom[0m [32m'./watch.mjs'[0m;
  [90m1663 |[0m [36mexport[0m { [36mdefault[0m [36mas[0m [33mWavesArrowDown[0m } [36mfrom[0m [32m'./waves-arrow-down.mjs'[0m;
  [90m1664 |[0m [36mexport[0m { [36mdefault[0m [36mas[0m [33mWavesHorizontal[0m } [36mfrom[0m [32m'./waves-horizontal.mjs'[0m;



Import traces:
  Client Component Browser:
    ./.gemini/antigravity/scratch/teacher-tracking/node_modules/lucide-react/dist/esm/icons/index.mjs [Client Component Browser]
    ./.gemini/antigravity/scratch/teacher-tracking/node_modules/lucide-react/dist/esm/lucide-react.mjs [Client Component Browser]
    ./.gemini/antigravity/scratch/teacher-tracking/src/components/pages/DailyTasksPage.tsx [Client Component Browser]
    ./.gemini/antigravity/scratch/teacher-tracking/src/components/AppShell.tsx [Client Component Browser]
    ./.gemini/antigravity/scratch/teacher-tracking/src/app/page.tsx [Client Component Browser]
    ./.gemini/antigravity/scratch/teacher-tracking/src/app/page.tsx [Server Component]

  Client Component SSR:
    ./.gemini/antigravity/scratch/teacher-tracking/node_modules/lucide-react/dist/esm/icons/index.mjs [Client Component SSR]
    ./.gemini/antigravity/scratch/teacher-tracking/node_modules/lucide-react/dist/esm/lucide-react.mjs [Client Component SSR]
    ./.gemini/antigravity/scratch/teacher-tracking/src/components/pages/DailyTasksPage.tsx [Client Component SSR]
    ./.gemini/antigravity/scratch/teacher-tracking/src/components/AppShell.tsx [Client Component SSR]
    ./.gemini/antigravity/scratch/teacher-tracking/src/app/page.tsx [Client Component SSR]
    ./.gemini/antigravity/scratch/teacher-tracking/src/app/page.tsx [Server Component]

https://nextjs.org/docs/messages/module-not-found


./.gemini/antigravity/scratch/teacher-tracking/node_modules/lucide-react/dist/esm/icons/index.mjs:1662:1
Module not found: Can't resolve './watch.mjs'
  [90m1660 |[0m [36mexport[0m { [36mdefault[0m [36mas[0m [33mWarehouse[0m } [36mfrom[0m [32m'./warehouse.mjs'[0m;
  [90m1661 |[0m [36mexport[0m { [36mdefault[0m [36mas[0m [33mWashingMachine[0m } [36mfrom[0m [32m'./washing-machine.mjs'[0m;
[31m[1m>[0m [90m1662 |[0m [36mexport[0m { [36mdefault[0m [36mas[0m [33mWatch[0m } [36mfrom[0m [32m'./watch.mjs'[0m;
  [90m     |[0m [31m[1m^^^^^^^^^^^^^^^^^^^^^^^^^^^^^^^^^^^^^^^^^^^^^^^[0m
  [90m1663 |[0m [36mexport[0m { [36mdefault[0m [36mas[0m [33mWavesArrowDown[0m } [36mfrom[0m [32m'./waves-arrow-down.mjs'[0m;
  [90m1664 |[0m [36mexport[0m { [36mdefault[0m [36mas[0m [33mWavesHorizontal[0m } [36mfrom[0m [32m'./waves-horizontal.mjs'[0m;
  [90m1665 |[0m [36mexport[0m { [36mdefault[0m [36mas[0m [33mWavesArrowUp[0m } [36mfrom[0m [32m'./waves-arrow-up.mjs'[0m;



Import traces:
  Client Component Browser:
    ./.gemini/antigravity/scratch/teacher-tracking/node_modules/lucide-react/dist/esm/icons/index.mjs [Client Component Browser]
    ./.gemini/antigravity/scratch/teacher-tracking/node_modules/lucide-react/dist/esm/lucide-react.mjs [Client Component Browser]
    ./.gemini/antigravity/scratch/teacher-tracking/src/components/pages/DailyTasksPage.tsx [Client Component Browser]
    ./.gemini/antigravity/scratch/teacher-tracking/src/components/AppShell.tsx [Client Component Browser]
    ./.gemini/antigravity/scratch/teacher-tracking/src/app/page.tsx [Client Component Browser]
    ./.gemini/antigravity/scratch/teacher-tracking/src/app/page.tsx [Server Component]

  Client Component SSR:
    ./.gemini/antigravity/scratch/teacher-tracking/node_modules/lucide-react/dist/esm/icons/index.mjs [Client Component SSR]
    ./.gemini/antigravity/scratch/teacher-tracking/node_modules/lucide-react/dist/esm/lucide-react.mjs [Client Component SSR]
    ./.gemini/antigravity/scratch/teacher-tracking/src/components/pages/DailyTasksPage.tsx [Client Component SSR]
    ./.gemini/antigravity/scratch/teacher-tracking/src/components/AppShell.tsx [Client Component SSR]
    ./.gemini/antigravity/scratch/teacher-tracking/src/app/page.tsx [Client Component SSR]
    ./.gemini/antigravity/scratch/teacher-tracking/src/app/page.tsx [Server Component]

https://nextjs.org/docs/messages/module-not-found


./.gemini/antigravity/scratch/teacher-tracking/node_modules/lucide-react/dist/esm/icons/index.mjs:1663:1
Module not found: Can't resolve './waves-arrow-down.mjs'
  [90m1661 |[0m [36mexport[0m { [36mdefault[0m [36mas[0m [33mWashingMachine[0m } [36mfrom[0m [32m'./washing-machine.mjs'[0m;
  [90m1662 |[0m [36mexport[0m { [36mdefault[0m [36mas[0m [33mWatch[0m } [36mfrom[0m [32m'./watch.mjs'[0m;
[31m[1m>[0m [90m1663 |[0m [36mexport[0m { [36mdefault[0m [36mas[0m [33mWavesArrowDown[0m } [36mfrom[0m [32m'./waves-arrow-down.mjs'[0m;
  [90m     |[0m [31m[1m^^^^^^^^^^^^^^^^^^^^^^^^^^^^^^^^^^^^^^^^^^^^^^^^^^^^^^^^^^^^^^^^^^^[0m
  [90m1664 |[0m [36mexport[0m { [36mdefault[0m [36mas[0m [33mWavesHorizontal[0m } [36mfrom[0m [32m'./waves-horizontal.mjs'[0m;
  [90m1665 |[0m [36mexport[0m { [36mdefault[0m [36mas[0m [33mWavesArrowUp[0m } [36mfrom[0m [32m'./waves-arrow-up.mjs'[0m;
  [90m1666 |[0m [36mexport[0m { [36mdefault[0m [36mas[0m [33mWavesLadder[0m } [36mfrom[0m [32m'./waves-ladder.mjs'[0m;



Import traces:
  Client Component Browser:
    ./.gemini/antigravity/scratch/teacher-tracking/node_modules/lucide-react/dist/esm/icons/index.mjs [Client Component Browser]
    ./.gemini/antigravity/scratch/teacher-tracking/node_modules/lucide-react/dist/esm/lucide-react.mjs [Client Component Browser]
    ./.gemini/antigravity/scratch/teacher-tracking/src/components/pages/DailyTasksPage.tsx [Client Component Browser]
    ./.gemini/antigravity/scratch/teacher-tracking/src/components/AppShell.tsx [Client Component Browser]
    ./.gemini/antigravity/scratch/teacher-tracking/src/app/page.tsx [Client Component Browser]
    ./.gemini/antigravity/scratch/teacher-tracking/src/app/page.tsx [Server Component]

  Client Component SSR:
    ./.gemini/antigravity/scratch/teacher-tracking/node_modules/lucide-react/dist/esm/icons/index.mjs [Client Component SSR]
    ./.gemini/antigravity/scratch/teacher-tracking/node_modules/lucide-react/dist/esm/lucide-react.mjs [Client Component SSR]
    ./.gemini/antigravity/scratch/teacher-tracking/src/components/pages/DailyTasksPage.tsx [Client Component SSR]
    ./.gemini/antigravity/scratch/teacher-tracking/src/components/AppShell.tsx [Client Component SSR]
    ./.gemini/antigravity/scratch/teacher-tracking/src/app/page.tsx [Client Component SSR]
    ./.gemini/antigravity/scratch/teacher-tracking/src/app/page.tsx [Server Component]

https://nextjs.org/docs/messages/module-not-found


./.gemini/antigravity/scratch/teacher-tracking/node_modules/lucide-react/dist/esm/icons/index.mjs:1665:1
Module not found: Can't resolve './waves-arrow-up.mjs'
  [90m1663 |[0m [36mexport[0m { [36mdefault[0m [36mas[0m [33mWavesArrowDown[0m } [36mfrom[0m [32m'./waves-arrow-down.mjs'[0m;
  [90m1664 |[0m [36mexport[0m { [36mdefault[0m [36mas[0m [33mWavesHorizontal[0m } [36mfrom[0m [32m'./waves-horizontal.mjs'[0m;
[31m[1m>[0m [90m1665 |[0m [36mexport[0m { [36mdefault[0m [36mas[0m [33mWavesArrowUp[0m } [36mfrom[0m [32m'./waves-arrow-up.mjs'[0m;
  [90m     |[0m [31m[1m^^^^^^^^^^^^^^^^^^^^^^^^^^^^^^^^^^^^^^^^^^^^^^^^^^^^^^^^^^^^^^^[0m
  [90m1666 |[0m [36mexport[0m { [36mdefault[0m [36mas[0m [33mWavesLadder[0m } [36mfrom[0m [32m'./waves-ladder.mjs'[0m;
  [90m1667 |[0m [36mexport[0m { [36mdefault[0m [36mas[0m [33mWavesVertical[0m } [36mfrom[0m [32m'./waves-vertical.mjs'[0m;
  [90m1668 |[0m [36mexport[0m { [36mdefault[0m [36mas[0m [33mWaypoints[0m } [36mfrom[0m [32m'./waypoints.mjs'[0m;



Import traces:
  Client Component Browser:
    ./.gemini/antigravity/scratch/teacher-tracking/node_modules/lucide-react/dist/esm/icons/index.mjs [Client Component Browser]
    ./.gemini/antigravity/scratch/teacher-tracking/node_modules/lucide-react/dist/esm/lucide-react.mjs [Client Component Browser]
    ./.gemini/antigravity/scratch/teacher-tracking/src/components/pages/DailyTasksPage.tsx [Client Component Browser]
    ./.gemini/antigravity/scratch/teacher-tracking/src/components/AppShell.tsx [Client Component Browser]
    ./.gemini/antigravity/scratch/teacher-tracking/src/app/page.tsx [Client Component Browser]
    ./.gemini/antigravity/scratch/teacher-tracking/src/app/page.tsx [Server Component]

  Client Component SSR:
    ./.gemini/antigravity/scratch/teacher-tracking/node_modules/lucide-react/dist/esm/icons/index.mjs [Client Component SSR]
    ./.gemini/antigravity/scratch/teacher-tracking/node_modules/lucide-react/dist/esm/lucide-react.mjs [Client Component SSR]
    ./.gemini/antigravity/scratch/teacher-tracking/src/components/pages/DailyTasksPage.tsx [Client Component SSR]
    ./.gemini/antigravity/scratch/teacher-tracking/src/components/AppShell.tsx [Client Component SSR]
    ./.gemini/antigravity/scratch/teacher-tracking/src/app/page.tsx [Client Component SSR]
    ./.gemini/antigravity/scratch/teacher-tracking/src/app/page.tsx [Server Component]

https://nextjs.org/docs/messages/module-not-found


./.gemini/antigravity/scratch/teacher-tracking/node_modules/lucide-react/dist/esm/icons/index.mjs:1664:1
Module not found: Can't resolve './waves-horizontal.mjs'
  [90m1662 |[0m [36mexport[0m { [36mdefault[0m [36mas[0m [33mWatch[0m } [36mfrom[0m [32m'./watch.mjs'[0m;
  [90m1663 |[0m [36mexport[0m { [36mdefault[0m [36mas[0m [33mWavesArrowDown[0m } [36mfrom[0m [32m'./waves-arrow-down.mjs'[0m;
[31m[1m>[0m [90m1664 |[0m [36mexport[0m { [36mdefault[0m [36mas[0m [33mWavesHorizontal[0m } [36mfrom[0m [32m'./waves-horizontal.mjs'[0m;
  [90m     |[0m [31m[1m^^^^^^^^^^^^^^^^^^^^^^^^^^^^^^^^^^^^^^^^^^^^^^^^^^^^^^^^^^^^^^^^^^^^[0m
  [90m1665 |[0m [36mexport[0m { [36mdefault[0m [36mas[0m [33mWavesArrowUp[0m } [36mfrom[0m [32m'./waves-arrow-up.mjs'[0m;
  [90m1666 |[0m [36mexport[0m { [36mdefault[0m [36mas[0m [33mWavesLadder[0m } [36mfrom[0m [32m'./waves-ladder.mjs'[0m;
  [90m1667 |[0m [36mexport[0m { [36mdefault[0m [36mas[0m [33mWavesVertical[0m } [36mfrom[0m [32m'./waves-vertical.mjs'[0m;



Import traces:
  Client Component Browser:
    ./.gemini/antigravity/scratch/teacher-tracking/node_modules/lucide-react/dist/esm/icons/index.mjs [Client Component Browser]
    ./.gemini/antigravity/scratch/teacher-tracking/node_modules/lucide-react/dist/esm/lucide-react.mjs [Client Component Browser]
    ./.gemini/antigravity/scratch/teacher-tracking/src/components/pages/DailyTasksPage.tsx [Client Component Browser]
    ./.gemini/antigravity/scratch/teacher-tracking/src/components/AppShell.tsx [Client Component Browser]
    ./.gemini/antigravity/scratch/teacher-tracking/src/app/page.tsx [Client Component Browser]
    ./.gemini/antigravity/scratch/teacher-tracking/src/app/page.tsx [Server Component]

  Client Component SSR:
    ./.gemini/antigravity/scratch/teacher-tracking/node_modules/lucide-react/dist/esm/icons/index.mjs [Client Component SSR]
    ./.gemini/antigravity/scratch/teacher-tracking/node_modules/lucide-react/dist/esm/lucide-react.mjs [Client Component SSR]
    ./.gemini/antigravity/scratch/teacher-tracking/src/components/pages/DailyTasksPage.tsx [Client Component SSR]
    ./.gemini/antigravity/scratch/teacher-tracking/src/components/AppShell.tsx [Client Component SSR]
    ./.gemini/antigravity/scratch/teacher-tracking/src/app/page.tsx [Client Component SSR]
    ./.gemini/antigravity/scratch/teacher-tracking/src/app/page.tsx [Server Component]

https://nextjs.org/docs/messages/module-not-found


./.gemini/antigravity/scratch/teacher-tracking/node_modules/lucide-react/dist/esm/icons/index.mjs:1666:1
Module not found: Can't resolve './waves-ladder.mjs'
  [90m1664 |[0m [36mexport[0m { [36mdefault[0m [36mas[0m [33mWavesHorizontal[0m } [36mfrom[0m [32m'./waves-horizontal.mjs'[0m;
  [90m1665 |[0m [36mexport[0m { [36mdefault[0m [36mas[0m [33mWavesArrowUp[0m } [36mfrom[0m [32m'./waves-arrow-up.mjs'[0m;
[31m[1m>[0m [90m1666 |[0m [36mexport[0m { [36mdefault[0m [36mas[0m [33mWavesLadder[0m } [36mfrom[0m [32m'./waves-ladder.mjs'[0m;
  [90m     |[0m [31m[1m^^^^^^^^^^^^^^^^^^^^^^^^^^^^^^^^^^^^^^^^^^^^^^^^^^^^^^^^^^^^[0m
  [90m1667 |[0m [36mexport[0m { [36mdefault[0m [36mas[0m [33mWavesVertical[0m } [36mfrom[0m [32m'./waves-vertical.mjs'[0m;
  [90m1668 |[0m [36mexport[0m { [36mdefault[0m [36mas[0m [33mWaypoints[0m } [36mfrom[0m [32m'./waypoints.mjs'[0m;
  [90m1669 |[0m [36mexport[0m { [36mdefault[0m [36mas[0m [33mWebcam[0m } [36mfrom[0m [32m'./webcam.mjs'[0m;



Import traces:
  Client Component Browser:
    ./.gemini/antigravity/scratch/teacher-tracking/node_modules/lucide-react/dist/esm/icons/index.mjs [Client Component Browser]
    ./.gemini/antigravity/scratch/teacher-tracking/node_modules/lucide-react/dist/esm/lucide-react.mjs [Client Component Browser]
    ./.gemini/antigravity/scratch/teacher-tracking/src/components/pages/DailyTasksPage.tsx [Client Component Browser]
    ./.gemini/antigravity/scratch/teacher-tracking/src/components/AppShell.tsx [Client Component Browser]
    ./.gemini/antigravity/scratch/teacher-tracking/src/app/page.tsx [Client Component Browser]
    ./.gemini/antigravity/scratch/teacher-tracking/src/app/page.tsx [Server Component]

  Client Component SSR:
    ./.gemini/antigravity/scratch/teacher-tracking/node_modules/lucide-react/dist/esm/icons/index.mjs [Client Component SSR]
    ./.gemini/antigravity/scratch/teacher-tracking/node_modules/lucide-react/dist/esm/lucide-react.mjs [Client Component SSR]
    ./.gemini/antigravity/scratch/teacher-tracking/src/components/pages/DailyTasksPage.tsx [Client Component SSR]
    ./.gemini/antigravity/scratch/teacher-tracking/src/components/AppShell.tsx [Client Component SSR]
    ./.gemini/antigravity/scratch/teacher-tracking/src/app/page.tsx [Client Component SSR]
    ./.gemini/antigravity/scratch/teacher-tracking/src/app/page.tsx [Server Component]

https://nextjs.org/docs/messages/module-not-found


./.gemini/antigravity/scratch/teacher-tracking/node_modules/lucide-react/dist/esm/icons/index.mjs:1667:1
Module not found: Can't resolve './waves-vertical.mjs'
  [90m1665 |[0m [36mexport[0m { [36mdefault[0m [36mas[0m [33mWavesArrowUp[0m } [36mfrom[0m [32m'./waves-arrow-up.mjs'[0m;
  [90m1666 |[0m [36mexport[0m { [36mdefault[0m [36mas[0m [33mWavesLadder[0m } [36mfrom[0m [32m'./waves-ladder.mjs'[0m;
[31m[1m>[0m [90m1667 |[0m [36mexport[0m { [36mdefault[0m [36mas[0m [33mWavesVertical[0m } [36mfrom[0m [32m'./waves-vertical.mjs'[0m;
  [90m     |[0m [31m[1m^^^^^^^^^^^^^^^^^^^^^^^^^^^^^^^^^^^^^^^^^^^^^^^^^^^^^^^^^^^^^^^^[0m
  [90m1668 |[0m [36mexport[0m { [36mdefault[0m [36mas[0m [33mWaypoints[0m } [36mfrom[0m [32m'./waypoints.mjs'[0m;
  [90m1669 |[0m [36mexport[0m { [36mdefault[0m [36mas[0m [33mWebcam[0m } [36mfrom[0m [32m'./webcam.mjs'[0m;
  [90m1670 |[0m [36mexport[0m { [36mdefault[0m [36mas[0m [33mWebhookOff[0m } [36mfrom[0m [32m'./webhook-off.mjs'[0m;



Import traces:
  Client Component Browser:
    ./.gemini/antigravity/scratch/teacher-tracking/node_modules/lucide-react/dist/esm/icons/index.mjs [Client Component Browser]
    ./.gemini/antigravity/scratch/teacher-tracking/node_modules/lucide-react/dist/esm/lucide-react.mjs [Client Component Browser]
    ./.gemini/antigravity/scratch/teacher-tracking/src/components/pages/DailyTasksPage.tsx [Client Component Browser]
    ./.gemini/antigravity/scratch/teacher-tracking/src/components/AppShell.tsx [Client Component Browser]
    ./.gemini/antigravity/scratch/teacher-tracking/src/app/page.tsx [Client Component Browser]
    ./.gemini/antigravity/scratch/teacher-tracking/src/app/page.tsx [Server Component]

  Client Component SSR:
    ./.gemini/antigravity/scratch/teacher-tracking/node_modules/lucide-react/dist/esm/icons/index.mjs [Client Component SSR]
    ./.gemini/antigravity/scratch/teacher-tracking/node_modules/lucide-react/dist/esm/lucide-react.mjs [Client Component SSR]
    ./.gemini/antigravity/scratch/teacher-tracking/src/components/pages/DailyTasksPage.tsx [Client Component SSR]
    ./.gemini/antigravity/scratch/teacher-tracking/src/components/AppShell.tsx [Client Component SSR]
    ./.gemini/antigravity/scratch/teacher-tracking/src/app/page.tsx [Client Component SSR]
    ./.gemini/antigravity/scratch/teacher-tracking/src/app/page.tsx [Server Component]

https://nextjs.org/docs/messages/module-not-found


./.gemini/antigravity/scratch/teacher-tracking/node_modules/lucide-react/dist/esm/icons/index.mjs:1668:1
Module not found: Can't resolve './waypoints.mjs'
  [90m1666 |[0m [36mexport[0m { [36mdefault[0m [36mas[0m [33mWavesLadder[0m } [36mfrom[0m [32m'./waves-ladder.mjs'[0m;
  [90m1667 |[0m [36mexport[0m { [36mdefault[0m [36mas[0m [33mWavesVertical[0m } [36mfrom[0m [32m'./waves-vertical.mjs'[0m;
[31m[1m>[0m [90m1668 |[0m [36mexport[0m { [36mdefault[0m [36mas[0m [33mWaypoints[0m } [36mfrom[0m [32m'./waypoints.mjs'[0m;
  [90m     |[0m [31m[1m^^^^^^^^^^^^^^^^^^^^^^^^^^^^^^^^^^^^^^^^^^^^^^^^^^^^^^^[0m
  [90m1669 |[0m [36mexport[0m { [36mdefault[0m [36mas[0m [33mWebcam[0m } [36mfrom[0m [32m'./webcam.mjs'[0m;
  [90m1670 |[0m [36mexport[0m { [36mdefault[0m [36mas[0m [33mWebhookOff[0m } [36mfrom[0m [32m'./webhook-off.mjs'[0m;
  [90m1671 |[0m [36mexport[0m { [36mdefault[0m [36mas[0m [33mWebhook[0m } [36mfrom[0m [32m'./webhook.mjs'[0m;



Import traces:
  Client Component Browser:
    ./.gemini/antigravity/scratch/teacher-tracking/node_modules/lucide-react/dist/esm/icons/index.mjs [Client Component Browser]
    ./.gemini/antigravity/scratch/teacher-tracking/node_modules/lucide-react/dist/esm/lucide-react.mjs [Client Component Browser]
    ./.gemini/antigravity/scratch/teacher-tracking/src/components/pages/DailyTasksPage.tsx [Client Component Browser]
    ./.gemini/antigravity/scratch/teacher-tracking/src/components/AppShell.tsx [Client Component Browser]
    ./.gemini/antigravity/scratch/teacher-tracking/src/app/page.tsx [Client Component Browser]
    ./.gemini/antigravity/scratch/teacher-tracking/src/app/page.tsx [Server Component]

  Client Component SSR:
    ./.gemini/antigravity/scratch/teacher-tracking/node_modules/lucide-react/dist/esm/icons/index.mjs [Client Component SSR]
    ./.gemini/antigravity/scratch/teacher-tracking/node_modules/lucide-react/dist/esm/lucide-react.mjs [Client Component SSR]
    ./.gemini/antigravity/scratch/teacher-tracking/src/components/pages/DailyTasksPage.tsx [Client Component SSR]
    ./.gemini/antigravity/scratch/teacher-tracking/src/components/AppShell.tsx [Client Component SSR]
    ./.gemini/antigravity/scratch/teacher-tracking/src/app/page.tsx [Client Component SSR]
    ./.gemini/antigravity/scratch/teacher-tracking/src/app/page.tsx [Server Component]

https://nextjs.org/docs/messages/module-not-found


./.gemini/antigravity/scratch/teacher-tracking/node_modules/lucide-react/dist/esm/icons/index.mjs:1669:1
Module not found: Can't resolve './webcam.mjs'
  [90m1667 |[0m [36mexport[0m { [36mdefault[0m [36mas[0m [33mWavesVertical[0m } [36mfrom[0m [32m'./waves-vertical.mjs'[0m;
  [90m1668 |[0m [36mexport[0m { [36mdefault[0m [36mas[0m [33mWaypoints[0m } [36mfrom[0m [32m'./waypoints.mjs'[0m;
[31m[1m>[0m [90m1669 |[0m [36mexport[0m { [36mdefault[0m [36mas[0m [33mWebcam[0m } [36mfrom[0m [32m'./webcam.mjs'[0m;
  [90m     |[0m [31m[1m^^^^^^^^^^^^^^^^^^^^^^^^^^^^^^^^^^^^^^^^^^^^^^^^^[0m
  [90m1670 |[0m [36mexport[0m { [36mdefault[0m [36mas[0m [33mWebhookOff[0m } [36mfrom[0m [32m'./webhook-off.mjs'[0m;
  [90m1671 |[0m [36mexport[0m { [36mdefault[0m [36mas[0m [33mWebhook[0m } [36mfrom[0m [32m'./webhook.mjs'[0m;
  [90m1672 |[0m [36mexport[0m { [36mdefault[0m [36mas[0m [33mWeightTilde[0m } [36mfrom[0m [32m'./weight-tilde.mjs'[0m;



Import traces:
  Client Component Browser:
    ./.gemini/antigravity/scratch/teacher-tracking/node_modules/lucide-react/dist/esm/icons/index.mjs [Client Component Browser]
    ./.gemini/antigravity/scratch/teacher-tracking/node_modules/lucide-react/dist/esm/lucide-react.mjs [Client Component Browser]
    ./.gemini/antigravity/scratch/teacher-tracking/src/components/pages/DailyTasksPage.tsx [Client Component Browser]
    ./.gemini/antigravity/scratch/teacher-tracking/src/components/AppShell.tsx [Client Component Browser]
    ./.gemini/antigravity/scratch/teacher-tracking/src/app/page.tsx [Client Component Browser]
    ./.gemini/antigravity/scratch/teacher-tracking/src/app/page.tsx [Server Component]

  Client Component SSR:
    ./.gemini/antigravity/scratch/teacher-tracking/node_modules/lucide-react/dist/esm/icons/index.mjs [Client Component SSR]
    ./.gemini/antigravity/scratch/teacher-tracking/node_modules/lucide-react/dist/esm/lucide-react.mjs [Client Component SSR]
    ./.gemini/antigravity/scratch/teacher-tracking/src/components/pages/DailyTasksPage.tsx [Client Component SSR]
    ./.gemini/antigravity/scratch/teacher-tracking/src/components/AppShell.tsx [Client Component SSR]
    ./.gemini/antigravity/scratch/teacher-tracking/src/app/page.tsx [Client Component SSR]
    ./.gemini/antigravity/scratch/teacher-tracking/src/app/page.tsx [Server Component]

https://nextjs.org/docs/messages/module-not-found


./.gemini/antigravity/scratch/teacher-tracking/node_modules/lucide-react/dist/esm/icons/index.mjs:1670:1
Module not found: Can't resolve './webhook-off.mjs'
  [90m1668 |[0m [36mexport[0m { [36mdefault[0m [36mas[0m [33mWaypoints[0m } [36mfrom[0m [32m'./waypoints.mjs'[0m;
  [90m1669 |[0m [36mexport[0m { [36mdefault[0m [36mas[0m [33mWebcam[0m } [36mfrom[0m [32m'./webcam.mjs'[0m;
[31m[1m>[0m [90m1670 |[0m [36mexport[0m { [36mdefault[0m [36mas[0m [33mWebhookOff[0m } [36mfrom[0m [32m'./webhook-off.mjs'[0m;
  [90m     |[0m [31m[1m^^^^^^^^^^^^^^^^^^^^^^^^^^^^^^^^^^^^^^^^^^^^^^^^^^^^^^^^^^[0m
  [90m1671 |[0m [36mexport[0m { [36mdefault[0m [36mas[0m [33mWebhook[0m } [36mfrom[0m [32m'./webhook.mjs'[0m;
  [90m1672 |[0m [36mexport[0m { [36mdefault[0m [36mas[0m [33mWeightTilde[0m } [36mfrom[0m [32m'./weight-tilde.mjs'[0m;
  [90m1673 |[0m [36mexport[0m { [36mdefault[0m [36mas[0m [33mWeight[0m } [36mfrom[0m [32m'./weight.mjs'[0m;



Import traces:
  Client Component Browser:
    ./.gemini/antigravity/scratch/teacher-tracking/node_modules/lucide-react/dist/esm/icons/index.mjs [Client Component Browser]
    ./.gemini/antigravity/scratch/teacher-tracking/node_modules/lucide-react/dist/esm/lucide-react.mjs [Client Component Browser]
    ./.gemini/antigravity/scratch/teacher-tracking/src/components/pages/DailyTasksPage.tsx [Client Component Browser]
    ./.gemini/antigravity/scratch/teacher-tracking/src/components/AppShell.tsx [Client Component Browser]
    ./.gemini/antigravity/scratch/teacher-tracking/src/app/page.tsx [Client Component Browser]
    ./.gemini/antigravity/scratch/teacher-tracking/src/app/page.tsx [Server Component]

  Client Component SSR:
    ./.gemini/antigravity/scratch/teacher-tracking/node_modules/lucide-react/dist/esm/icons/index.mjs [Client Component SSR]
    ./.gemini/antigravity/scratch/teacher-tracking/node_modules/lucide-react/dist/esm/lucide-react.mjs [Client Component SSR]
    ./.gemini/antigravity/scratch/teacher-tracking/src/components/pages/DailyTasksPage.tsx [Client Component SSR]
    ./.gemini/antigravity/scratch/teacher-tracking/src/components/AppShell.tsx [Client Component SSR]
    ./.gemini/antigravity/scratch/teacher-tracking/src/app/page.tsx [Client Component SSR]
    ./.gemini/antigravity/scratch/teacher-tracking/src/app/page.tsx [Server Component]

https://nextjs.org/docs/messages/module-not-found


./.gemini/antigravity/scratch/teacher-tracking/node_modules/lucide-react/dist/esm/icons/index.mjs:1671:1
Module not found: Can't resolve './webhook.mjs'
  [90m1669 |[0m [36mexport[0m { [36mdefault[0m [36mas[0m [33mWebcam[0m } [36mfrom[0m [32m'./webcam.mjs'[0m;
  [90m1670 |[0m [36mexport[0m { [36mdefault[0m [36mas[0m [33mWebhookOff[0m } [36mfrom[0m [32m'./webhook-off.mjs'[0m;
[31m[1m>[0m [90m1671 |[0m [36mexport[0m { [36mdefault[0m [36mas[0m [33mWebhook[0m } [36mfrom[0m [32m'./webhook.mjs'[0m;
  [90m     |[0m [31m[1m^^^^^^^^^^^^^^^^^^^^^^^^^^^^^^^^^^^^^^^^^^^^^^^^^^^[0m
  [90m1672 |[0m [36mexport[0m { [36mdefault[0m [36mas[0m [33mWeightTilde[0m } [36mfrom[0m [32m'./weight-tilde.mjs'[0m;
  [90m1673 |[0m [36mexport[0m { [36mdefault[0m [36mas[0m [33mWeight[0m } [36mfrom[0m [32m'./weight.mjs'[0m;
  [90m1674 |[0m [36mexport[0m { [36mdefault[0m [36mas[0m [33mWheatOff[0m } [36mfrom[0m [32m'./wheat-off.mjs'[0m;



Import traces:
  Client Component Browser:
    ./.gemini/antigravity/scratch/teacher-tracking/node_modules/lucide-react/dist/esm/icons/index.mjs [Client Component Browser]
    ./.gemini/antigravity/scratch/teacher-tracking/node_modules/lucide-react/dist/esm/lucide-react.mjs [Client Component Browser]
    ./.gemini/antigravity/scratch/teacher-tracking/src/components/pages/DailyTasksPage.tsx [Client Component Browser]
    ./.gemini/antigravity/scratch/teacher-tracking/src/components/AppShell.tsx [Client Component Browser]
    ./.gemini/antigravity/scratch/teacher-tracking/src/app/page.tsx [Client Component Browser]
    ./.gemini/antigravity/scratch/teacher-tracking/src/app/page.tsx [Server Component]

  Client Component SSR:
    ./.gemini/antigravity/scratch/teacher-tracking/node_modules/lucide-react/dist/esm/icons/index.mjs [Client Component SSR]
    ./.gemini/antigravity/scratch/teacher-tracking/node_modules/lucide-react/dist/esm/lucide-react.mjs [Client Component SSR]
    ./.gemini/antigravity/scratch/teacher-tracking/src/components/pages/DailyTasksPage.tsx [Client Component SSR]
    ./.gemini/antigravity/scratch/teacher-tracking/src/components/AppShell.tsx [Client Component SSR]
    ./.gemini/antigravity/scratch/teacher-tracking/src/app/page.tsx [Client Component SSR]
    ./.gemini/antigravity/scratch/teacher-tracking/src/app/page.tsx [Server Component]

https://nextjs.org/docs/messages/module-not-found


./.gemini/antigravity/scratch/teacher-tracking/node_modules/lucide-react/dist/esm/icons/index.mjs:1672:1
Module not found: Can't resolve './weight-tilde.mjs'
  [90m1670 |[0m [36mexport[0m { [36mdefault[0m [36mas[0m [33mWebhookOff[0m } [36mfrom[0m [32m'./webhook-off.mjs'[0m;
  [90m1671 |[0m [36mexport[0m { [36mdefault[0m [36mas[0m [33mWebhook[0m } [36mfrom[0m [32m'./webhook.mjs'[0m;
[31m[1m>[0m [90m1672 |[0m [36mexport[0m { [36mdefault[0m [36mas[0m [33mWeightTilde[0m } [36mfrom[0m [32m'./weight-tilde.mjs'[0m;
  [90m     |[0m [31m[1m^^^^^^^^^^^^^^^^^^^^^^^^^^^^^^^^^^^^^^^^^^^^^^^^^^^^^^^^^^^^[0m
  [90m1673 |[0m [36mexport[0m { [36mdefault[0m [36mas[0m [33mWeight[0m } [36mfrom[0m [32m'./weight.mjs'[0m;
  [90m1674 |[0m [36mexport[0m { [36mdefault[0m [36mas[0m [33mWheatOff[0m } [36mfrom[0m [32m'./wheat-off.mjs'[0m;
  [90m1675 |[0m [36mexport[0m { [36mdefault[0m [36mas[0m [33mWheat[0m } [36mfrom[0m [32m'./wheat.mjs'[0m;



Import traces:
  Client Component Browser:
    ./.gemini/antigravity/scratch/teacher-tracking/node_modules/lucide-react/dist/esm/icons/index.mjs [Client Component Browser]
    ./.gemini/antigravity/scratch/teacher-tracking/node_modules/lucide-react/dist/esm/lucide-react.mjs [Client Component Browser]
    ./.gemini/antigravity/scratch/teacher-tracking/src/components/pages/DailyTasksPage.tsx [Client Component Browser]
    ./.gemini/antigravity/scratch/teacher-tracking/src/components/AppShell.tsx [Client Component Browser]
    ./.gemini/antigravity/scratch/teacher-tracking/src/app/page.tsx [Client Component Browser]
    ./.gemini/antigravity/scratch/teacher-tracking/src/app/page.tsx [Server Component]

  Client Component SSR:
    ./.gemini/antigravity/scratch/teacher-tracking/node_modules/lucide-react/dist/esm/icons/index.mjs [Client Component SSR]
    ./.gemini/antigravity/scratch/teacher-tracking/node_modules/lucide-react/dist/esm/lucide-react.mjs [Client Component SSR]
    ./.gemini/antigravity/scratch/teacher-tracking/src/components/pages/DailyTasksPage.tsx [Client Component SSR]
    ./.gemini/antigravity/scratch/teacher-tracking/src/components/AppShell.tsx [Client Component SSR]
    ./.gemini/antigravity/scratch/teacher-tracking/src/app/page.tsx [Client Component SSR]
    ./.gemini/antigravity/scratch/teacher-tracking/src/app/page.tsx [Server Component]

https://nextjs.org/docs/messages/module-not-found


./.gemini/antigravity/scratch/teacher-tracking/node_modules/lucide-react/dist/esm/icons/index.mjs:1673:1
Module not found: Can't resolve './weight.mjs'
  [90m1671 |[0m [36mexport[0m { [36mdefault[0m [36mas[0m [33mWebhook[0m } [36mfrom[0m [32m'./webhook.mjs'[0m;
  [90m1672 |[0m [36mexport[0m { [36mdefault[0m [36mas[0m [33mWeightTilde[0m } [36mfrom[0m [32m'./weight-tilde.mjs'[0m;
[31m[1m>[0m [90m1673 |[0m [36mexport[0m { [36mdefault[0m [36mas[0m [33mWeight[0m } [36mfrom[0m [32m'./weight.mjs'[0m;
  [90m     |[0m [31m[1m^^^^^^^^^^^^^^^^^^^^^^^^^^^^^^^^^^^^^^^^^^^^^^^^^[0m
  [90m1674 |[0m [36mexport[0m { [36mdefault[0m [36mas[0m [33mWheatOff[0m } [36mfrom[0m [32m'./wheat-off.mjs'[0m;
  [90m1675 |[0m [36mexport[0m { [36mdefault[0m [36mas[0m [33mWheat[0m } [36mfrom[0m [32m'./wheat.mjs'[0m;
  [90m1676 |[0m [36mexport[0m { [36mdefault[0m [36mas[0m [33mWholeWord[0m } [36mfrom[0m [32m'./whole-word.mjs'[0m;



Import traces:
  Client Component Browser:
    ./.gemini/antigravity/scratch/teacher-tracking/node_modules/lucide-react/dist/esm/icons/index.mjs [Client Component Browser]
    ./.gemini/antigravity/scratch/teacher-tracking/node_modules/lucide-react/dist/esm/lucide-react.mjs [Client Component Browser]
    ./.gemini/antigravity/scratch/teacher-tracking/src/components/pages/DailyTasksPage.tsx [Client Component Browser]
    ./.gemini/antigravity/scratch/teacher-tracking/src/components/AppShell.tsx [Client Component Browser]
    ./.gemini/antigravity/scratch/teacher-tracking/src/app/page.tsx [Client Component Browser]
    ./.gemini/antigravity/scratch/teacher-tracking/src/app/page.tsx [Server Component]

  Client Component SSR:
    ./.gemini/antigravity/scratch/teacher-tracking/node_modules/lucide-react/dist/esm/icons/index.mjs [Client Component SSR]
    ./.gemini/antigravity/scratch/teacher-tracking/node_modules/lucide-react/dist/esm/lucide-react.mjs [Client Component SSR]
    ./.gemini/antigravity/scratch/teacher-tracking/src/components/pages/DailyTasksPage.tsx [Client Component SSR]
    ./.gemini/antigravity/scratch/teacher-tracking/src/components/AppShell.tsx [Client Component SSR]
    ./.gemini/antigravity/scratch/teacher-tracking/src/app/page.tsx [Client Component SSR]
    ./.gemini/antigravity/scratch/teacher-tracking/src/app/page.tsx [Server Component]

https://nextjs.org/docs/messages/module-not-found


./.gemini/antigravity/scratch/teacher-tracking/node_modules/lucide-react/dist/esm/icons/index.mjs:1674:1
Module not found: Can't resolve './wheat-off.mjs'
  [90m1672 |[0m [36mexport[0m { [36mdefault[0m [36mas[0m [33mWeightTilde[0m } [36mfrom[0m [32m'./weight-tilde.mjs'[0m;
  [90m1673 |[0m [36mexport[0m { [36mdefault[0m [36mas[0m [33mWeight[0m } [36mfrom[0m [32m'./weight.mjs'[0m;
[31m[1m>[0m [90m1674 |[0m [36mexport[0m { [36mdefault[0m [36mas[0m [33mWheatOff[0m } [36mfrom[0m [32m'./wheat-off.mjs'[0m;
  [90m     |[0m [31m[1m^^^^^^^^^^^^^^^^^^^^^^^^^^^^^^^^^^^^^^^^^^^^^^^^^^^^^^[0m
  [90m1675 |[0m [36mexport[0m { [36mdefault[0m [36mas[0m [33mWheat[0m } [36mfrom[0m [32m'./wheat.mjs'[0m;
  [90m1676 |[0m [36mexport[0m { [36mdefault[0m [36mas[0m [33mWholeWord[0m } [36mfrom[0m [32m'./whole-word.mjs'[0m;
  [90m1677 |[0m [36mexport[0m { [36mdefault[0m [36mas[0m [33mWifiCog[0m } [36mfrom[0m [32m'./wifi-cog.mjs'[0m;



Import traces:
  Client Component Browser:
    ./.gemini/antigravity/scratch/teacher-tracking/node_modules/lucide-react/dist/esm/icons/index.mjs [Client Component Browser]
    ./.gemini/antigravity/scratch/teacher-tracking/node_modules/lucide-react/dist/esm/lucide-react.mjs [Client Component Browser]
    ./.gemini/antigravity/scratch/teacher-tracking/src/components/pages/DailyTasksPage.tsx [Client Component Browser]
    ./.gemini/antigravity/scratch/teacher-tracking/src/components/AppShell.tsx [Client Component Browser]
    ./.gemini/antigravity/scratch/teacher-tracking/src/app/page.tsx [Client Component Browser]
    ./.gemini/antigravity/scratch/teacher-tracking/src/app/page.tsx [Server Component]

  Client Component SSR:
    ./.gemini/antigravity/scratch/teacher-tracking/node_modules/lucide-react/dist/esm/icons/index.mjs [Client Component SSR]
    ./.gemini/antigravity/scratch/teacher-tracking/node_modules/lucide-react/dist/esm/lucide-react.mjs [Client Component SSR]
    ./.gemini/antigravity/scratch/teacher-tracking/src/components/pages/DailyTasksPage.tsx [Client Component SSR]
    ./.gemini/antigravity/scratch/teacher-tracking/src/components/AppShell.tsx [Client Component SSR]
    ./.gemini/antigravity/scratch/teacher-tracking/src/app/page.tsx [Client Component SSR]
    ./.gemini/antigravity/scratch/teacher-tracking/src/app/page.tsx [Server Component]

https://nextjs.org/docs/messages/module-not-found


./.gemini/antigravity/scratch/teacher-tracking/node_modules/lucide-react/dist/esm/icons/index.mjs:1675:1
Module not found: Can't resolve './wheat.mjs'
  [90m1673 |[0m [36mexport[0m { [36mdefault[0m [36mas[0m [33mWeight[0m } [36mfrom[0m [32m'./weight.mjs'[0m;
  [90m1674 |[0m [36mexport[0m { [36mdefault[0m [36mas[0m [33mWheatOff[0m } [36mfrom[0m [32m'./wheat-off.mjs'[0m;
[31m[1m>[0m [90m1675 |[0m [36mexport[0m { [36mdefault[0m [36mas[0m [33mWheat[0m } [36mfrom[0m [32m'./wheat.mjs'[0m;
  [90m     |[0m [31m[1m^^^^^^^^^^^^^^^^^^^^^^^^^^^^^^^^^^^^^^^^^^^^^^^[0m
  [90m1676 |[0m [36mexport[0m { [36mdefault[0m [36mas[0m [33mWholeWord[0m } [36mfrom[0m [32m'./whole-word.mjs'[0m;
  [90m1677 |[0m [36mexport[0m { [36mdefault[0m [36mas[0m [33mWifiCog[0m } [36mfrom[0m [32m'./wifi-cog.mjs'[0m;
  [90m1678 |[0m [36mexport[0m { [36mdefault[0m [36mas[0m [33mWifiHigh[0m } [36mfrom[0m [32m'./wifi-high.mjs'[0m;



Import traces:
  Client Component Browser:
    ./.gemini/antigravity/scratch/teacher-tracking/node_modules/lucide-react/dist/esm/icons/index.mjs [Client Component Browser]
    ./.gemini/antigravity/scratch/teacher-tracking/node_modules/lucide-react/dist/esm/lucide-react.mjs [Client Component Browser]
    ./.gemini/antigravity/scratch/teacher-tracking/src/components/pages/DailyTasksPage.tsx [Client Component Browser]
    ./.gemini/antigravity/scratch/teacher-tracking/src/components/AppShell.tsx [Client Component Browser]
    ./.gemini/antigravity/scratch/teacher-tracking/src/app/page.tsx [Client Component Browser]
    ./.gemini/antigravity/scratch/teacher-tracking/src/app/page.tsx [Server Component]

  Client Component SSR:
    ./.gemini/antigravity/scratch/teacher-tracking/node_modules/lucide-react/dist/esm/icons/index.mjs [Client Component SSR]
    ./.gemini/antigravity/scratch/teacher-tracking/node_modules/lucide-react/dist/esm/lucide-react.mjs [Client Component SSR]
    ./.gemini/antigravity/scratch/teacher-tracking/src/components/pages/DailyTasksPage.tsx [Client Component SSR]
    ./.gemini/antigravity/scratch/teacher-tracking/src/components/AppShell.tsx [Client Component SSR]
    ./.gemini/antigravity/scratch/teacher-tracking/src/app/page.tsx [Client Component SSR]
    ./.gemini/antigravity/scratch/teacher-tracking/src/app/page.tsx [Server Component]

https://nextjs.org/docs/messages/module-not-found


./.gemini/antigravity/scratch/teacher-tracking/node_modules/lucide-react/dist/esm/icons/index.mjs:1676:1
Module not found: Can't resolve './whole-word.mjs'
  [90m1674 |[0m [36mexport[0m { [36mdefault[0m [36mas[0m [33mWheatOff[0m } [36mfrom[0m [32m'./wheat-off.mjs'[0m;
  [90m1675 |[0m [36mexport[0m { [36mdefault[0m [36mas[0m [33mWheat[0m } [36mfrom[0m [32m'./wheat.mjs'[0m;
[31m[1m>[0m [90m1676 |[0m [36mexport[0m { [36mdefault[0m [36mas[0m [33mWholeWord[0m } [36mfrom[0m [32m'./whole-word.mjs'[0m;
  [90m     |[0m [31m[1m^^^^^^^^^^^^^^^^^^^^^^^^^^^^^^^^^^^^^^^^^^^^^^^^^^^^^^^^[0m
  [90m1677 |[0m [36mexport[0m { [36mdefault[0m [36mas[0m [33mWifiCog[0m } [36mfrom[0m [32m'./wifi-cog.mjs'[0m;
  [90m1678 |[0m [36mexport[0m { [36mdefault[0m [36mas[0m [33mWifiHigh[0m } [36mfrom[0m [32m'./wifi-high.mjs'[0m;
  [90m1679 |[0m [36mexport[0m { [36mdefault[0m [36mas[0m [33mWifiLow[0m } [36mfrom[0m [32m'./wifi-low.mjs'[0m;



Import traces:
  Client Component Browser:
    ./.gemini/antigravity/scratch/teacher-tracking/node_modules/lucide-react/dist/esm/icons/index.mjs [Client Component Browser]
    ./.gemini/antigravity/scratch/teacher-tracking/node_modules/lucide-react/dist/esm/lucide-react.mjs [Client Component Browser]
    ./.gemini/antigravity/scratch/teacher-tracking/src/components/pages/DailyTasksPage.tsx [Client Component Browser]
    ./.gemini/antigravity/scratch/teacher-tracking/src/components/AppShell.tsx [Client Component Browser]
    ./.gemini/antigravity/scratch/teacher-tracking/src/app/page.tsx [Client Component Browser]
    ./.gemini/antigravity/scratch/teacher-tracking/src/app/page.tsx [Server Component]

  Client Component SSR:
    ./.gemini/antigravity/scratch/teacher-tracking/node_modules/lucide-react/dist/esm/icons/index.mjs [Client Component SSR]
    ./.gemini/antigravity/scratch/teacher-tracking/node_modules/lucide-react/dist/esm/lucide-react.mjs [Client Component SSR]
    ./.gemini/antigravity/scratch/teacher-tracking/src/components/pages/DailyTasksPage.tsx [Client Component SSR]
    ./.gemini/antigravity/scratch/teacher-tracking/src/components/AppShell.tsx [Client Component SSR]
    ./.gemini/antigravity/scratch/teacher-tracking/src/app/page.tsx [Client Component SSR]
    ./.gemini/antigravity/scratch/teacher-tracking/src/app/page.tsx [Server Component]

https://nextjs.org/docs/messages/module-not-found


./.gemini/antigravity/scratch/teacher-tracking/node_modules/lucide-react/dist/esm/icons/index.mjs:1677:1
Module not found: Can't resolve './wifi-cog.mjs'
  [90m1675 |[0m [36mexport[0m { [36mdefault[0m [36mas[0m [33mWheat[0m } [36mfrom[0m [32m'./wheat.mjs'[0m;
  [90m1676 |[0m [36mexport[0m { [36mdefault[0m [36mas[0m [33mWholeWord[0m } [36mfrom[0m [32m'./whole-word.mjs'[0m;
[31m[1m>[0m [90m1677 |[0m [36mexport[0m { [36mdefault[0m [36mas[0m [33mWifiCog[0m } [36mfrom[0m [32m'./wifi-cog.mjs'[0m;
  [90m     |[0m [31m[1m^^^^^^^^^^^^^^^^^^^^^^^^^^^^^^^^^^^^^^^^^^^^^^^^^^^^[0m
  [90m1678 |[0m [36mexport[0m { [36mdefault[0m [36mas[0m [33mWifiHigh[0m } [36mfrom[0m [32m'./wifi-high.mjs'[0m;
  [90m1679 |[0m [36mexport[0m { [36mdefault[0m [36mas[0m [33mWifiLow[0m } [36mfrom[0m [32m'./wifi-low.mjs'[0m;
  [90m1680 |[0m [36mexport[0m { [36mdefault[0m [36mas[0m [33mWifiOff[0m } [36mfrom[0m [32m'./wifi-off.mjs'[0m;



Import traces:
  Client Component Browser:
    ./.gemini/antigravity/scratch/teacher-tracking/node_modules/lucide-react/dist/esm/icons/index.mjs [Client Component Browser]
    ./.gemini/antigravity/scratch/teacher-tracking/node_modules/lucide-react/dist/esm/lucide-react.mjs [Client Component Browser]
    ./.gemini/antigravity/scratch/teacher-tracking/src/components/pages/DailyTasksPage.tsx [Client Component Browser]
    ./.gemini/antigravity/scratch/teacher-tracking/src/components/AppShell.tsx [Client Component Browser]
    ./.gemini/antigravity/scratch/teacher-tracking/src/app/page.tsx [Client Component Browser]
    ./.gemini/antigravity/scratch/teacher-tracking/src/app/page.tsx [Server Component]

  Client Component SSR:
    ./.gemini/antigravity/scratch/teacher-tracking/node_modules/lucide-react/dist/esm/icons/index.mjs [Client Component SSR]
    ./.gemini/antigravity/scratch/teacher-tracking/node_modules/lucide-react/dist/esm/lucide-react.mjs [Client Component SSR]
    ./.gemini/antigravity/scratch/teacher-tracking/src/components/pages/DailyTasksPage.tsx [Client Component SSR]
    ./.gemini/antigravity/scratch/teacher-tracking/src/components/AppShell.tsx [Client Component SSR]
    ./.gemini/antigravity/scratch/teacher-tracking/src/app/page.tsx [Client Component SSR]
    ./.gemini/antigravity/scratch/teacher-tracking/src/app/page.tsx [Server Component]

https://nextjs.org/docs/messages/module-not-found


./.gemini/antigravity/scratch/teacher-tracking/node_modules/lucide-react/dist/esm/icons/index.mjs:1678:1
Module not found: Can't resolve './wifi-high.mjs'
  [90m1676 |[0m [36mexport[0m { [36mdefault[0m [36mas[0m [33mWholeWord[0m } [36mfrom[0m [32m'./whole-word.mjs'[0m;
  [90m1677 |[0m [36mexport[0m { [36mdefault[0m [36mas[0m [33mWifiCog[0m } [36mfrom[0m [32m'./wifi-cog.mjs'[0m;
[31m[1m>[0m [90m1678 |[0m [36mexport[0m { [36mdefault[0m [36mas[0m [33mWifiHigh[0m } [36mfrom[0m [32m'./wifi-high.mjs'[0m;
  [90m     |[0m [31m[1m^^^^^^^^^^^^^^^^^^^^^^^^^^^^^^^^^^^^^^^^^^^^^^^^^^^^^^[0m
  [90m1679 |[0m [36mexport[0m { [36mdefault[0m [36mas[0m [33mWifiLow[0m } [36mfrom[0m [32m'./wifi-low.mjs'[0m;
  [90m1680 |[0m [36mexport[0m { [36mdefault[0m [36mas[0m [33mWifiOff[0m } [36mfrom[0m [32m'./wifi-off.mjs'[0m;
  [90m1681 |[0m [36mexport[0m { [36mdefault[0m [36mas[0m [33mWifiPen[0m } [36mfrom[0m [32m'./wifi-pen.mjs'[0m;



Import traces:
  Client Component Browser:
    ./.gemini/antigravity/scratch/teacher-tracking/node_modules/lucide-react/dist/esm/icons/index.mjs [Client Component Browser]
    ./.gemini/antigravity/scratch/teacher-tracking/node_modules/lucide-react/dist/esm/lucide-react.mjs [Client Component Browser]
    ./.gemini/antigravity/scratch/teacher-tracking/src/components/pages/DailyTasksPage.tsx [Client Component Browser]
    ./.gemini/antigravity/scratch/teacher-tracking/src/components/AppShell.tsx [Client Component Browser]
    ./.gemini/antigravity/scratch/teacher-tracking/src/app/page.tsx [Client Component Browser]
    ./.gemini/antigravity/scratch/teacher-tracking/src/app/page.tsx [Server Component]

  Client Component SSR:
    ./.gemini/antigravity/scratch/teacher-tracking/node_modules/lucide-react/dist/esm/icons/index.mjs [Client Component SSR]
    ./.gemini/antigravity/scratch/teacher-tracking/node_modules/lucide-react/dist/esm/lucide-react.mjs [Client Component SSR]
    ./.gemini/antigravity/scratch/teacher-tracking/src/components/pages/DailyTasksPage.tsx [Client Component SSR]
    ./.gemini/antigravity/scratch/teacher-tracking/src/components/AppShell.tsx [Client Component SSR]
    ./.gemini/antigravity/scratch/teacher-tracking/src/app/page.tsx [Client Component SSR]
    ./.gemini/antigravity/scratch/teacher-tracking/src/app/page.tsx [Server Component]

https://nextjs.org/docs/messages/module-not-found


./.gemini/antigravity/scratch/teacher-tracking/node_modules/lucide-react/dist/esm/icons/index.mjs:1679:1
Module not found: Can't resolve './wifi-low.mjs'
  [90m1677 |[0m [36mexport[0m { [36mdefault[0m [36mas[0m [33mWifiCog[0m } [36mfrom[0m [32m'./wifi-cog.mjs'[0m;
  [90m1678 |[0m [36mexport[0m { [36mdefault[0m [36mas[0m [33mWifiHigh[0m } [36mfrom[0m [32m'./wifi-high.mjs'[0m;
[31m[1m>[0m [90m1679 |[0m [36mexport[0m { [36mdefault[0m [36mas[0m [33mWifiLow[0m } [36mfrom[0m [32m'./wifi-low.mjs'[0m;
  [90m     |[0m [31m[1m^^^^^^^^^^^^^^^^^^^^^^^^^^^^^^^^^^^^^^^^^^^^^^^^^^^^[0m
  [90m1680 |[0m [36mexport[0m { [36mdefault[0m [36mas[0m [33mWifiOff[0m } [36mfrom[0m [32m'./wifi-off.mjs'[0m;
  [90m1681 |[0m [36mexport[0m { [36mdefault[0m [36mas[0m [33mWifiPen[0m } [36mfrom[0m [32m'./wifi-pen.mjs'[0m;
  [90m1682 |[0m [36mexport[0m { [36mdefault[0m [36mas[0m [33mWifiSync[0m } [36mfrom[0m [32m'./wifi-sync.mjs'[0m;



Import traces:
  Client Component Browser:
    ./.gemini/antigravity/scratch/teacher-tracking/node_modules/lucide-react/dist/esm/icons/index.mjs [Client Component Browser]
    ./.gemini/antigravity/scratch/teacher-tracking/node_modules/lucide-react/dist/esm/lucide-react.mjs [Client Component Browser]
    ./.gemini/antigravity/scratch/teacher-tracking/src/components/pages/DailyTasksPage.tsx [Client Component Browser]
    ./.gemini/antigravity/scratch/teacher-tracking/src/components/AppShell.tsx [Client Component Browser]
    ./.gemini/antigravity/scratch/teacher-tracking/src/app/page.tsx [Client Component Browser]
    ./.gemini/antigravity/scratch/teacher-tracking/src/app/page.tsx [Server Component]

  Client Component SSR:
    ./.gemini/antigravity/scratch/teacher-tracking/node_modules/lucide-react/dist/esm/icons/index.mjs [Client Component SSR]
    ./.gemini/antigravity/scratch/teacher-tracking/node_modules/lucide-react/dist/esm/lucide-react.mjs [Client Component SSR]
    ./.gemini/antigravity/scratch/teacher-tracking/src/components/pages/DailyTasksPage.tsx [Client Component SSR]
    ./.gemini/antigravity/scratch/teacher-tracking/src/components/AppShell.tsx [Client Component SSR]
    ./.gemini/antigravity/scratch/teacher-tracking/src/app/page.tsx [Client Component SSR]
    ./.gemini/antigravity/scratch/teacher-tracking/src/app/page.tsx [Server Component]

https://nextjs.org/docs/messages/module-not-found


./.gemini/antigravity/scratch/teacher-tracking/node_modules/lucide-react/dist/esm/icons/index.mjs:1680:1
Module not found: Can't resolve './wifi-off.mjs'
  [90m1678 |[0m [36mexport[0m { [36mdefault[0m [36mas[0m [33mWifiHigh[0m } [36mfrom[0m [32m'./wifi-high.mjs'[0m;
  [90m1679 |[0m [36mexport[0m { [36mdefault[0m [36mas[0m [33mWifiLow[0m } [36mfrom[0m [32m'./wifi-low.mjs'[0m;
[31m[1m>[0m [90m1680 |[0m [36mexport[0m { [36mdefault[0m [36mas[0m [33mWifiOff[0m } [36mfrom[0m [32m'./wifi-off.mjs'[0m;
  [90m     |[0m [31m[1m^^^^^^^^^^^^^^^^^^^^^^^^^^^^^^^^^^^^^^^^^^^^^^^^^^^^[0m
  [90m1681 |[0m [36mexport[0m { [36mdefault[0m [36mas[0m [33mWifiPen[0m } [36mfrom[0m [32m'./wifi-pen.mjs'[0m;
  [90m1682 |[0m [36mexport[0m { [36mdefault[0m [36mas[0m [33mWifiSync[0m } [36mfrom[0m [32m'./wifi-sync.mjs'[0m;
  [90m1683 |[0m [36mexport[0m { [36mdefault[0m [36mas[0m [33mWifi[0m } [36mfrom[0m [32m'./wifi.mjs'[0m;



Import traces:
  Client Component Browser:
    ./.gemini/antigravity/scratch/teacher-tracking/node_modules/lucide-react/dist/esm/icons/index.mjs [Client Component Browser]
    ./.gemini/antigravity/scratch/teacher-tracking/node_modules/lucide-react/dist/esm/lucide-react.mjs [Client Component Browser]
    ./.gemini/antigravity/scratch/teacher-tracking/src/components/pages/DailyTasksPage.tsx [Client Component Browser]
    ./.gemini/antigravity/scratch/teacher-tracking/src/components/AppShell.tsx [Client Component Browser]
    ./.gemini/antigravity/scratch/teacher-tracking/src/app/page.tsx [Client Component Browser]
    ./.gemini/antigravity/scratch/teacher-tracking/src/app/page.tsx [Server Component]

  Client Component SSR:
    ./.gemini/antigravity/scratch/teacher-tracking/node_modules/lucide-react/dist/esm/icons/index.mjs [Client Component SSR]
    ./.gemini/antigravity/scratch/teacher-tracking/node_modules/lucide-react/dist/esm/lucide-react.mjs [Client Component SSR]
    ./.gemini/antigravity/scratch/teacher-tracking/src/components/pages/DailyTasksPage.tsx [Client Component SSR]
    ./.gemini/antigravity/scratch/teacher-tracking/src/components/AppShell.tsx [Client Component SSR]
    ./.gemini/antigravity/scratch/teacher-tracking/src/app/page.tsx [Client Component SSR]
    ./.gemini/antigravity/scratch/teacher-tracking/src/app/page.tsx [Server Component]

https://nextjs.org/docs/messages/module-not-found


./.gemini/antigravity/scratch/teacher-tracking/node_modules/lucide-react/dist/esm/icons/index.mjs:1681:1
Module not found: Can't resolve './wifi-pen.mjs'
  [90m1679 |[0m [36mexport[0m { [36mdefault[0m [36mas[0m [33mWifiLow[0m } [36mfrom[0m [32m'./wifi-low.mjs'[0m;
  [90m1680 |[0m [36mexport[0m { [36mdefault[0m [36mas[0m [33mWifiOff[0m } [36mfrom[0m [32m'./wifi-off.mjs'[0m;
[31m[1m>[0m [90m1681 |[0m [36mexport[0m { [36mdefault[0m [36mas[0m [33mWifiPen[0m } [36mfrom[0m [32m'./wifi-pen.mjs'[0m;
  [90m     |[0m [31m[1m^^^^^^^^^^^^^^^^^^^^^^^^^^^^^^^^^^^^^^^^^^^^^^^^^^^^[0m
  [90m1682 |[0m [36mexport[0m { [36mdefault[0m [36mas[0m [33mWifiSync[0m } [36mfrom[0m [32m'./wifi-sync.mjs'[0m;
  [90m1683 |[0m [36mexport[0m { [36mdefault[0m [36mas[0m [33mWifi[0m } [36mfrom[0m [32m'./wifi.mjs'[0m;
  [90m1684 |[0m [36mexport[0m { [36mdefault[0m [36mas[0m [33mWifiZero[0m } [36mfrom[0m [32m'./wifi-zero.mjs'[0m;



Import traces:
  Client Component Browser:
    ./.gemini/antigravity/scratch/teacher-tracking/node_modules/lucide-react/dist/esm/icons/index.mjs [Client Component Browser]
    ./.gemini/antigravity/scratch/teacher-tracking/node_modules/lucide-react/dist/esm/lucide-react.mjs [Client Component Browser]
    ./.gemini/antigravity/scratch/teacher-tracking/src/components/pages/DailyTasksPage.tsx [Client Component Browser]
    ./.gemini/antigravity/scratch/teacher-tracking/src/components/AppShell.tsx [Client Component Browser]
    ./.gemini/antigravity/scratch/teacher-tracking/src/app/page.tsx [Client Component Browser]
    ./.gemini/antigravity/scratch/teacher-tracking/src/app/page.tsx [Server Component]

  Client Component SSR:
    ./.gemini/antigravity/scratch/teacher-tracking/node_modules/lucide-react/dist/esm/icons/index.mjs [Client Component SSR]
    ./.gemini/antigravity/scratch/teacher-tracking/node_modules/lucide-react/dist/esm/lucide-react.mjs [Client Component SSR]
    ./.gemini/antigravity/scratch/teacher-tracking/src/components/pages/DailyTasksPage.tsx [Client Component SSR]
    ./.gemini/antigravity/scratch/teacher-tracking/src/components/AppShell.tsx [Client Component SSR]
    ./.gemini/antigravity/scratch/teacher-tracking/src/app/page.tsx [Client Component SSR]
    ./.gemini/antigravity/scratch/teacher-tracking/src/app/page.tsx [Server Component]

https://nextjs.org/docs/messages/module-not-found


./.gemini/antigravity/scratch/teacher-tracking/node_modules/lucide-react/dist/esm/icons/index.mjs:1682:1
Module not found: Can't resolve './wifi-sync.mjs'
  [90m1680 |[0m [36mexport[0m { [36mdefault[0m [36mas[0m [33mWifiOff[0m } [36mfrom[0m [32m'./wifi-off.mjs'[0m;
  [90m1681 |[0m [36mexport[0m { [36mdefault[0m [36mas[0m [33mWifiPen[0m } [36mfrom[0m [32m'./wifi-pen.mjs'[0m;
[31m[1m>[0m [90m1682 |[0m [36mexport[0m { [36mdefault[0m [36mas[0m [33mWifiSync[0m } [36mfrom[0m [32m'./wifi-sync.mjs'[0m;
  [90m     |[0m [31m[1m^^^^^^^^^^^^^^^^^^^^^^^^^^^^^^^^^^^^^^^^^^^^^^^^^^^^^^[0m
  [90m1683 |[0m [36mexport[0m { [36mdefault[0m [36mas[0m [33mWifi[0m } [36mfrom[0m [32m'./wifi.mjs'[0m;
  [90m1684 |[0m [36mexport[0m { [36mdefault[0m [36mas[0m [33mWifiZero[0m } [36mfrom[0m [32m'./wifi-zero.mjs'[0m;
  [90m1685 |[0m [36mexport[0m { [36mdefault[0m [36mas[0m [33mWindArrowDown[0m } [36mfrom[0m [32m'./wind-arrow-down.mjs'[0m;



Import traces:
  Client Component Browser:
    ./.gemini/antigravity/scratch/teacher-tracking/node_modules/lucide-react/dist/esm/icons/index.mjs [Client Component Browser]
    ./.gemini/antigravity/scratch/teacher-tracking/node_modules/lucide-react/dist/esm/lucide-react.mjs [Client Component Browser]
    ./.gemini/antigravity/scratch/teacher-tracking/src/components/pages/DailyTasksPage.tsx [Client Component Browser]
    ./.gemini/antigravity/scratch/teacher-tracking/src/components/AppShell.tsx [Client Component Browser]
    ./.gemini/antigravity/scratch/teacher-tracking/src/app/page.tsx [Client Component Browser]
    ./.gemini/antigravity/scratch/teacher-tracking/src/app/page.tsx [Server Component]

  Client Component SSR:
    ./.gemini/antigravity/scratch/teacher-tracking/node_modules/lucide-react/dist/esm/icons/index.mjs [Client Component SSR]
    ./.gemini/antigravity/scratch/teacher-tracking/node_modules/lucide-react/dist/esm/lucide-react.mjs [Client Component SSR]
    ./.gemini/antigravity/scratch/teacher-tracking/src/components/pages/DailyTasksPage.tsx [Client Component SSR]
    ./.gemini/antigravity/scratch/teacher-tracking/src/components/AppShell.tsx [Client Component SSR]
    ./.gemini/antigravity/scratch/teacher-tracking/src/app/page.tsx [Client Component SSR]
    ./.gemini/antigravity/scratch/teacher-tracking/src/app/page.tsx [Server Component]

https://nextjs.org/docs/messages/module-not-found


./.gemini/antigravity/scratch/teacher-tracking/node_modules/lucide-react/dist/esm/icons/index.mjs:1684:1
Module not found: Can't resolve './wifi-zero.mjs'
  [90m1682 |[0m [36mexport[0m { [36mdefault[0m [36mas[0m [33mWifiSync[0m } [36mfrom[0m [32m'./wifi-sync.mjs'[0m;
  [90m1683 |[0m [36mexport[0m { [36mdefault[0m [36mas[0m [33mWifi[0m } [36mfrom[0m [32m'./wifi.mjs'[0m;
[31m[1m>[0m [90m1684 |[0m [36mexport[0m { [36mdefault[0m [36mas[0m [33mWifiZero[0m } [36mfrom[0m [32m'./wifi-zero.mjs'[0m;
  [90m     |[0m [31m[1m^^^^^^^^^^^^^^^^^^^^^^^^^^^^^^^^^^^^^^^^^^^^^^^^^^^^^^[0m
  [90m1685 |[0m [36mexport[0m { [36mdefault[0m [36mas[0m [33mWindArrowDown[0m } [36mfrom[0m [32m'./wind-arrow-down.mjs'[0m;
  [90m1686 |[0m [36mexport[0m { [36mdefault[0m [36mas[0m [33mWind[0m } [36mfrom[0m [32m'./wind.mjs'[0m;
  [90m1687 |[0m [36mexport[0m { [36mdefault[0m [36mas[0m [33mWineOff[0m } [36mfrom[0m [32m'./wine-off.mjs'[0m;



Import traces:
  Client Component Browser:
    ./.gemini/antigravity/scratch/teacher-tracking/node_modules/lucide-react/dist/esm/icons/index.mjs [Client Component Browser]
    ./.gemini/antigravity/scratch/teacher-tracking/node_modules/lucide-react/dist/esm/lucide-react.mjs [Client Component Browser]
    ./.gemini/antigravity/scratch/teacher-tracking/src/components/pages/DailyTasksPage.tsx [Client Component Browser]
    ./.gemini/antigravity/scratch/teacher-tracking/src/components/AppShell.tsx [Client Component Browser]
    ./.gemini/antigravity/scratch/teacher-tracking/src/app/page.tsx [Client Component Browser]
    ./.gemini/antigravity/scratch/teacher-tracking/src/app/page.tsx [Server Component]

  Client Component SSR:
    ./.gemini/antigravity/scratch/teacher-tracking/node_modules/lucide-react/dist/esm/icons/index.mjs [Client Component SSR]
    ./.gemini/antigravity/scratch/teacher-tracking/node_modules/lucide-react/dist/esm/lucide-react.mjs [Client Component SSR]
    ./.gemini/antigravity/scratch/teacher-tracking/src/components/pages/DailyTasksPage.tsx [Client Component SSR]
    ./.gemini/antigravity/scratch/teacher-tracking/src/components/AppShell.tsx [Client Component SSR]
    ./.gemini/antigravity/scratch/teacher-tracking/src/app/page.tsx [Client Component SSR]
    ./.gemini/antigravity/scratch/teacher-tracking/src/app/page.tsx [Server Component]

https://nextjs.org/docs/messages/module-not-found


./.gemini/antigravity/scratch/teacher-tracking/node_modules/lucide-react/dist/esm/icons/index.mjs:1683:1
Module not found: Can't resolve './wifi.mjs'
  [90m1681 |[0m [36mexport[0m { [36mdefault[0m [36mas[0m [33mWifiPen[0m } [36mfrom[0m [32m'./wifi-pen.mjs'[0m;
  [90m1682 |[0m [36mexport[0m { [36mdefault[0m [36mas[0m [33mWifiSync[0m } [36mfrom[0m [32m'./wifi-sync.mjs'[0m;
[31m[1m>[0m [90m1683 |[0m [36mexport[0m { [36mdefault[0m [36mas[0m [33mWifi[0m } [36mfrom[0m [32m'./wifi.mjs'[0m;
  [90m     |[0m [31m[1m^^^^^^^^^^^^^^^^^^^^^^^^^^^^^^^^^^^^^^^^^^^^^[0m
  [90m1684 |[0m [36mexport[0m { [36mdefault[0m [36mas[0m [33mWifiZero[0m } [36mfrom[0m [32m'./wifi-zero.mjs'[0m;
  [90m1685 |[0m [36mexport[0m { [36mdefault[0m [36mas[0m [33mWindArrowDown[0m } [36mfrom[0m [32m'./wind-arrow-down.mjs'[0m;
  [90m1686 |[0m [36mexport[0m { [36mdefault[0m [36mas[0m [33mWind[0m } [36mfrom[0m [32m'./wind.mjs'[0m;



Import traces:
  Client Component Browser:
    ./.gemini/antigravity/scratch/teacher-tracking/node_modules/lucide-react/dist/esm/icons/index.mjs [Client Component Browser]
    ./.gemini/antigravity/scratch/teacher-tracking/node_modules/lucide-react/dist/esm/lucide-react.mjs [Client Component Browser]
    ./.gemini/antigravity/scratch/teacher-tracking/src/components/pages/DailyTasksPage.tsx [Client Component Browser]
    ./.gemini/antigravity/scratch/teacher-tracking/src/components/AppShell.tsx [Client Component Browser]
    ./.gemini/antigravity/scratch/teacher-tracking/src/app/page.tsx [Client Component Browser]
    ./.gemini/antigravity/scratch/teacher-tracking/src/app/page.tsx [Server Component]

  Client Component SSR:
    ./.gemini/antigravity/scratch/teacher-tracking/node_modules/lucide-react/dist/esm/icons/index.mjs [Client Component SSR]
    ./.gemini/antigravity/scratch/teacher-tracking/node_modules/lucide-react/dist/esm/lucide-react.mjs [Client Component SSR]
    ./.gemini/antigravity/scratch/teacher-tracking/src/components/pages/DailyTasksPage.tsx [Client Component SSR]
    ./.gemini/antigravity/scratch/teacher-tracking/src/components/AppShell.tsx [Client Component SSR]
    ./.gemini/antigravity/scratch/teacher-tracking/src/app/page.tsx [Client Component SSR]
    ./.gemini/antigravity/scratch/teacher-tracking/src/app/page.tsx [Server Component]

https://nextjs.org/docs/messages/module-not-found


./.gemini/antigravity/scratch/teacher-tracking/node_modules/lucide-react/dist/esm/icons/index.mjs:1685:1
Module not found: Can't resolve './wind-arrow-down.mjs'
  [90m1683 |[0m [36mexport[0m { [36mdefault[0m [36mas[0m [33mWifi[0m } [36mfrom[0m [32m'./wifi.mjs'[0m;
  [90m1684 |[0m [36mexport[0m { [36mdefault[0m [36mas[0m [33mWifiZero[0m } [36mfrom[0m [32m'./wifi-zero.mjs'[0m;
[31m[1m>[0m [90m1685 |[0m [36mexport[0m { [36mdefault[0m [36mas[0m [33mWindArrowDown[0m } [36mfrom[0m [32m'./wind-arrow-down.mjs'[0m;
  [90m     |[0m [31m[1m^^^^^^^^^^^^^^^^^^^^^^^^^^^^^^^^^^^^^^^^^^^^^^^^^^^^^^^^^^^^^^^^^[0m
  [90m1686 |[0m [36mexport[0m { [36mdefault[0m [36mas[0m [33mWind[0m } [36mfrom[0m [32m'./wind.mjs'[0m;
  [90m1687 |[0m [36mexport[0m { [36mdefault[0m [36mas[0m [33mWineOff[0m } [36mfrom[0m [32m'./wine-off.mjs'[0m;
  [90m1688 |[0m [36mexport[0m { [36mdefault[0m [36mas[0m [33mWine[0m } [36mfrom[0m [32m'./wine.mjs'[0m;



Import traces:
  Client Component Browser:
    ./.gemini/antigravity/scratch/teacher-tracking/node_modules/lucide-react/dist/esm/icons/index.mjs [Client Component Browser]
    ./.gemini/antigravity/scratch/teacher-tracking/node_modules/lucide-react/dist/esm/lucide-react.mjs [Client Component Browser]
    ./.gemini/antigravity/scratch/teacher-tracking/src/components/pages/DailyTasksPage.tsx [Client Component Browser]
    ./.gemini/antigravity/scratch/teacher-tracking/src/components/AppShell.tsx [Client Component Browser]
    ./.gemini/antigravity/scratch/teacher-tracking/src/app/page.tsx [Client Component Browser]
    ./.gemini/antigravity/scratch/teacher-tracking/src/app/page.tsx [Server Component]

  Client Component SSR:
    ./.gemini/antigravity/scratch/teacher-tracking/node_modules/lucide-react/dist/esm/icons/index.mjs [Client Component SSR]
    ./.gemini/antigravity/scratch/teacher-tracking/node_modules/lucide-react/dist/esm/lucide-react.mjs [Client Component SSR]
    ./.gemini/antigravity/scratch/teacher-tracking/src/components/pages/DailyTasksPage.tsx [Client Component SSR]
    ./.gemini/antigravity/scratch/teacher-tracking/src/components/AppShell.tsx [Client Component SSR]
    ./.gemini/antigravity/scratch/teacher-tracking/src/app/page.tsx [Client Component SSR]
    ./.gemini/antigravity/scratch/teacher-tracking/src/app/page.tsx [Server Component]

https://nextjs.org/docs/messages/module-not-found


./.gemini/antigravity/scratch/teacher-tracking/node_modules/lucide-react/dist/esm/icons/index.mjs:1686:1
Module not found: Can't resolve './wind.mjs'
  [90m1684 |[0m [36mexport[0m { [36mdefault[0m [36mas[0m [33mWifiZero[0m } [36mfrom[0m [32m'./wifi-zero.mjs'[0m;
  [90m1685 |[0m [36mexport[0m { [36mdefault[0m [36mas[0m [33mWindArrowDown[0m } [36mfrom[0m [32m'./wind-arrow-down.mjs'[0m;
[31m[1m>[0m [90m1686 |[0m [36mexport[0m { [36mdefault[0m [36mas[0m [33mWind[0m } [36mfrom[0m [32m'./wind.mjs'[0m;
  [90m     |[0m [31m[1m^^^^^^^^^^^^^^^^^^^^^^^^^^^^^^^^^^^^^^^^^^^^^[0m
  [90m1687 |[0m [36mexport[0m { [36mdefault[0m [36mas[0m [33mWineOff[0m } [36mfrom[0m [32m'./wine-off.mjs'[0m;
  [90m1688 |[0m [36mexport[0m { [36mdefault[0m [36mas[0m [33mWine[0m } [36mfrom[0m [32m'./wine.mjs'[0m;
  [90m1689 |[0m [36mexport[0m { [36mdefault[0m [36mas[0m [33mWorkflow[0m } [36mfrom[0m [32m'./workflow.mjs'[0m;



Import traces:
  Client Component Browser:
    ./.gemini/antigravity/scratch/teacher-tracking/node_modules/lucide-react/dist/esm/icons/index.mjs [Client Component Browser]
    ./.gemini/antigravity/scratch/teacher-tracking/node_modules/lucide-react/dist/esm/lucide-react.mjs [Client Component Browser]
    ./.gemini/antigravity/scratch/teacher-tracking/src/components/pages/DailyTasksPage.tsx [Client Component Browser]
    ./.gemini/antigravity/scratch/teacher-tracking/src/components/AppShell.tsx [Client Component Browser]
    ./.gemini/antigravity/scratch/teacher-tracking/src/app/page.tsx [Client Component Browser]
    ./.gemini/antigravity/scratch/teacher-tracking/src/app/page.tsx [Server Component]

  Client Component SSR:
    ./.gemini/antigravity/scratch/teacher-tracking/node_modules/lucide-react/dist/esm/icons/index.mjs [Client Component SSR]
    ./.gemini/antigravity/scratch/teacher-tracking/node_modules/lucide-react/dist/esm/lucide-react.mjs [Client Component SSR]
    ./.gemini/antigravity/scratch/teacher-tracking/src/components/pages/DailyTasksPage.tsx [Client Component SSR]
    ./.gemini/antigravity/scratch/teacher-tracking/src/components/AppShell.tsx [Client Component SSR]
    ./.gemini/antigravity/scratch/teacher-tracking/src/app/page.tsx [Client Component SSR]
    ./.gemini/antigravity/scratch/teacher-tracking/src/app/page.tsx [Server Component]

https://nextjs.org/docs/messages/module-not-found


./.gemini/antigravity/scratch/teacher-tracking/node_modules/lucide-react/dist/esm/icons/index.mjs:1687:1
Module not found: Can't resolve './wine-off.mjs'
  [90m1685 |[0m [36mexport[0m { [36mdefault[0m [36mas[0m [33mWindArrowDown[0m } [36mfrom[0m [32m'./wind-arrow-down.mjs'[0m;
  [90m1686 |[0m [36mexport[0m { [36mdefault[0m [36mas[0m [33mWind[0m } [36mfrom[0m [32m'./wind.mjs'[0m;
[31m[1m>[0m [90m1687 |[0m [36mexport[0m { [36mdefault[0m [36mas[0m [33mWineOff[0m } [36mfrom[0m [32m'./wine-off.mjs'[0m;
  [90m     |[0m [31m[1m^^^^^^^^^^^^^^^^^^^^^^^^^^^^^^^^^^^^^^^^^^^^^^^^^^^^[0m
  [90m1688 |[0m [36mexport[0m { [36mdefault[0m [36mas[0m [33mWine[0m } [36mfrom[0m [32m'./wine.mjs'[0m;
  [90m1689 |[0m [36mexport[0m { [36mdefault[0m [36mas[0m [33mWorkflow[0m } [36mfrom[0m [32m'./workflow.mjs'[0m;
  [90m1690 |[0m [36mexport[0m { [36mdefault[0m [36mas[0m [33mWrench[0m } [36mfrom[0m [32m'./wrench.mjs'[0m;



Import traces:
  Client Component Browser:
    ./.gemini/antigravity/scratch/teacher-tracking/node_modules/lucide-react/dist/esm/icons/index.mjs [Client Component Browser]
    ./.gemini/antigravity/scratch/teacher-tracking/node_modules/lucide-react/dist/esm/lucide-react.mjs [Client Component Browser]
    ./.gemini/antigravity/scratch/teacher-tracking/src/components/pages/DailyTasksPage.tsx [Client Component Browser]
    ./.gemini/antigravity/scratch/teacher-tracking/src/components/AppShell.tsx [Client Component Browser]
    ./.gemini/antigravity/scratch/teacher-tracking/src/app/page.tsx [Client Component Browser]
    ./.gemini/antigravity/scratch/teacher-tracking/src/app/page.tsx [Server Component]

  Client Component SSR:
    ./.gemini/antigravity/scratch/teacher-tracking/node_modules/lucide-react/dist/esm/icons/index.mjs [Client Component SSR]
    ./.gemini/antigravity/scratch/teacher-tracking/node_modules/lucide-react/dist/esm/lucide-react.mjs [Client Component SSR]
    ./.gemini/antigravity/scratch/teacher-tracking/src/components/pages/DailyTasksPage.tsx [Client Component SSR]
    ./.gemini/antigravity/scratch/teacher-tracking/src/components/AppShell.tsx [Client Component SSR]
    ./.gemini/antigravity/scratch/teacher-tracking/src/app/page.tsx [Client Component SSR]
    ./.gemini/antigravity/scratch/teacher-tracking/src/app/page.tsx [Server Component]

https://nextjs.org/docs/messages/module-not-found


./.gemini/antigravity/scratch/teacher-tracking/node_modules/lucide-react/dist/esm/icons/index.mjs:1688:1
Module not found: Can't resolve './wine.mjs'
  [90m1686 |[0m [36mexport[0m { [36mdefault[0m [36mas[0m [33mWind[0m } [36mfrom[0m [32m'./wind.mjs'[0m;
  [90m1687 |[0m [36mexport[0m { [36mdefault[0m [36mas[0m [33mWineOff[0m } [36mfrom[0m [32m'./wine-off.mjs'[0m;
[31m[1m>[0m [90m1688 |[0m [36mexport[0m { [36mdefault[0m [36mas[0m [33mWine[0m } [36mfrom[0m [32m'./wine.mjs'[0m;
  [90m     |[0m [31m[1m^^^^^^^^^^^^^^^^^^^^^^^^^^^^^^^^^^^^^^^^^^^^^[0m
  [90m1689 |[0m [36mexport[0m { [36mdefault[0m [36mas[0m [33mWorkflow[0m } [36mfrom[0m [32m'./workflow.mjs'[0m;
  [90m1690 |[0m [36mexport[0m { [36mdefault[0m [36mas[0m [33mWrench[0m } [36mfrom[0m [32m'./wrench.mjs'[0m;
  [90m1691 |[0m [36mexport[0m { [36mdefault[0m [36mas[0m [33mWorm[0m } [36mfrom[0m [32m'./worm.mjs'[0m;



Import traces:
  Client Component Browser:
    ./.gemini/antigravity/scratch/teacher-tracking/node_modules/lucide-react/dist/esm/icons/index.mjs [Client Component Browser]
    ./.gemini/antigravity/scratch/teacher-tracking/node_modules/lucide-react/dist/esm/lucide-react.mjs [Client Component Browser]
    ./.gemini/antigravity/scratch/teacher-tracking/src/components/pages/DailyTasksPage.tsx [Client Component Browser]
    ./.gemini/antigravity/scratch/teacher-tracking/src/components/AppShell.tsx [Client Component Browser]
    ./.gemini/antigravity/scratch/teacher-tracking/src/app/page.tsx [Client Component Browser]
    ./.gemini/antigravity/scratch/teacher-tracking/src/app/page.tsx [Server Component]

  Client Component SSR:
    ./.gemini/antigravity/scratch/teacher-tracking/node_modules/lucide-react/dist/esm/icons/index.mjs [Client Component SSR]
    ./.gemini/antigravity/scratch/teacher-tracking/node_modules/lucide-react/dist/esm/lucide-react.mjs [Client Component SSR]
    ./.gemini/antigravity/scratch/teacher-tracking/src/components/pages/DailyTasksPage.tsx [Client Component SSR]
    ./.gemini/antigravity/scratch/teacher-tracking/src/components/AppShell.tsx [Client Component SSR]
    ./.gemini/antigravity/scratch/teacher-tracking/src/app/page.tsx [Client Component SSR]
    ./.gemini/antigravity/scratch/teacher-tracking/src/app/page.tsx [Server Component]

https://nextjs.org/docs/messages/module-not-found


./.gemini/antigravity/scratch/teacher-tracking/node_modules/lucide-react/dist/esm/icons/index.mjs:1689:1
Module not found: Can't resolve './workflow.mjs'
  [90m1687 |[0m [36mexport[0m { [36mdefault[0m [36mas[0m [33mWineOff[0m } [36mfrom[0m [32m'./wine-off.mjs'[0m;
  [90m1688 |[0m [36mexport[0m { [36mdefault[0m [36mas[0m [33mWine[0m } [36mfrom[0m [32m'./wine.mjs'[0m;
[31m[1m>[0m [90m1689 |[0m [36mexport[0m { [36mdefault[0m [36mas[0m [33mWorkflow[0m } [36mfrom[0m [32m'./workflow.mjs'[0m;
  [90m     |[0m [31m[1m^^^^^^^^^^^^^^^^^^^^^^^^^^^^^^^^^^^^^^^^^^^^^^^^^^^^^[0m
  [90m1690 |[0m [36mexport[0m { [36mdefault[0m [36mas[0m [33mWrench[0m } [36mfrom[0m [32m'./wrench.mjs'[0m;
  [90m1691 |[0m [36mexport[0m { [36mdefault[0m [36mas[0m [33mWorm[0m } [36mfrom[0m [32m'./worm.mjs'[0m;
  [90m1692 |[0m [36mexport[0m { [36mdefault[0m [36mas[0m [33mXLineTop[0m } [36mfrom[0m [32m'./x-line-top.mjs'[0m;



Import traces:
  Client Component Browser:
    ./.gemini/antigravity/scratch/teacher-tracking/node_modules/lucide-react/dist/esm/icons/index.mjs [Client Component Browser]
    ./.gemini/antigravity/scratch/teacher-tracking/node_modules/lucide-react/dist/esm/lucide-react.mjs [Client Component Browser]
    ./.gemini/antigravity/scratch/teacher-tracking/src/components/pages/DailyTasksPage.tsx [Client Component Browser]
    ./.gemini/antigravity/scratch/teacher-tracking/src/components/AppShell.tsx [Client Component Browser]
    ./.gemini/antigravity/scratch/teacher-tracking/src/app/page.tsx [Client Component Browser]
    ./.gemini/antigravity/scratch/teacher-tracking/src/app/page.tsx [Server Component]

  Client Component SSR:
    ./.gemini/antigravity/scratch/teacher-tracking/node_modules/lucide-react/dist/esm/icons/index.mjs [Client Component SSR]
    ./.gemini/antigravity/scratch/teacher-tracking/node_modules/lucide-react/dist/esm/lucide-react.mjs [Client Component SSR]
    ./.gemini/antigravity/scratch/teacher-tracking/src/components/pages/DailyTasksPage.tsx [Client Component SSR]
    ./.gemini/antigravity/scratch/teacher-tracking/src/components/AppShell.tsx [Client Component SSR]
    ./.gemini/antigravity/scratch/teacher-tracking/src/app/page.tsx [Client Component SSR]
    ./.gemini/antigravity/scratch/teacher-tracking/src/app/page.tsx [Server Component]

https://nextjs.org/docs/messages/module-not-found


./.gemini/antigravity/scratch/teacher-tracking/node_modules/lucide-react/dist/esm/icons/index.mjs:1691:1
Module not found: Can't resolve './worm.mjs'
  [90m1689 |[0m [36mexport[0m { [36mdefault[0m [36mas[0m [33mWorkflow[0m } [36mfrom[0m [32m'./workflow.mjs'[0m;
  [90m1690 |[0m [36mexport[0m { [36mdefault[0m [36mas[0m [33mWrench[0m } [36mfrom[0m [32m'./wrench.mjs'[0m;
[31m[1m>[0m [90m1691 |[0m [36mexport[0m { [36mdefault[0m [36mas[0m [33mWorm[0m } [36mfrom[0m [32m'./worm.mjs'[0m;
  [90m     |[0m [31m[1m^^^^^^^^^^^^^^^^^^^^^^^^^^^^^^^^^^^^^^^^^^^^^[0m
  [90m1692 |[0m [36mexport[0m { [36mdefault[0m [36mas[0m [33mXLineTop[0m } [36mfrom[0m [32m'./x-line-top.mjs'[0m;
  [90m1693 |[0m [36mexport[0m { [36mdefault[0m [36mas[0m [33mX[0m } [36mfrom[0m [32m'./x.mjs'[0m;
  [90m1694 |[0m [36mexport[0m { [36mdefault[0m [36mas[0m [33mZap[0m } [36mfrom[0m [32m'./zap.mjs'[0m;



Import traces:
  Client Component Browser:
    ./.gemini/antigravity/scratch/teacher-tracking/node_modules/lucide-react/dist/esm/icons/index.mjs [Client Component Browser]
    ./.gemini/antigravity/scratch/teacher-tracking/node_modules/lucide-react/dist/esm/lucide-react.mjs [Client Component Browser]
    ./.gemini/antigravity/scratch/teacher-tracking/src/components/pages/DailyTasksPage.tsx [Client Component Browser]
    ./.gemini/antigravity/scratch/teacher-tracking/src/components/AppShell.tsx [Client Component Browser]
    ./.gemini/antigravity/scratch/teacher-tracking/src/app/page.tsx [Client Component Browser]
    ./.gemini/antigravity/scratch/teacher-tracking/src/app/page.tsx [Server Component]

  Client Component SSR:
    ./.gemini/antigravity/scratch/teacher-tracking/node_modules/lucide-react/dist/esm/icons/index.mjs [Client Component SSR]
    ./.gemini/antigravity/scratch/teacher-tracking/node_modules/lucide-react/dist/esm/lucide-react.mjs [Client Component SSR]
    ./.gemini/antigravity/scratch/teacher-tracking/src/components/pages/DailyTasksPage.tsx [Client Component SSR]
    ./.gemini/antigravity/scratch/teacher-tracking/src/components/AppShell.tsx [Client Component SSR]
    ./.gemini/antigravity/scratch/teacher-tracking/src/app/page.tsx [Client Component SSR]
    ./.gemini/antigravity/scratch/teacher-tracking/src/app/page.tsx [Server Component]

https://nextjs.org/docs/messages/module-not-found


./.gemini/antigravity/scratch/teacher-tracking/node_modules/lucide-react/dist/esm/icons/index.mjs:1690:1
Module not found: Can't resolve './wrench.mjs'
  [90m1688 |[0m [36mexport[0m { [36mdefault[0m [36mas[0m [33mWine[0m } [36mfrom[0m [32m'./wine.mjs'[0m;
  [90m1689 |[0m [36mexport[0m { [36mdefault[0m [36mas[0m [33mWorkflow[0m } [36mfrom[0m [32m'./workflow.mjs'[0m;
[31m[1m>[0m [90m1690 |[0m [36mexport[0m { [36mdefault[0m [36mas[0m [33mWrench[0m } [36mfrom[0m [32m'./wrench.mjs'[0m;
  [90m     |[0m [31m[1m^^^^^^^^^^^^^^^^^^^^^^^^^^^^^^^^^^^^^^^^^^^^^^^^^[0m
  [90m1691 |[0m [36mexport[0m { [36mdefault[0m [36mas[0m [33mWorm[0m } [36mfrom[0m [32m'./worm.mjs'[0m;
  [90m1692 |[0m [36mexport[0m { [36mdefault[0m [36mas[0m [33mXLineTop[0m } [36mfrom[0m [32m'./x-line-top.mjs'[0m;
  [90m1693 |[0m [36mexport[0m { [36mdefault[0m [36mas[0m [33mX[0m } [36mfrom[0m [32m'./x.mjs'[0m;



Import traces:
  Client Component Browser:
    ./.gemini/antigravity/scratch/teacher-tracking/node_modules/lucide-react/dist/esm/icons/index.mjs [Client Component Browser]
    ./.gemini/antigravity/scratch/teacher-tracking/node_modules/lucide-react/dist/esm/lucide-react.mjs [Client Component Browser]
    ./.gemini/antigravity/scratch/teacher-tracking/src/components/pages/DailyTasksPage.tsx [Client Component Browser]
    ./.gemini/antigravity/scratch/teacher-tracking/src/components/AppShell.tsx [Client Component Browser]
    ./.gemini/antigravity/scratch/teacher-tracking/src/app/page.tsx [Client Component Browser]
    ./.gemini/antigravity/scratch/teacher-tracking/src/app/page.tsx [Server Component]

  Client Component SSR:
    ./.gemini/antigravity/scratch/teacher-tracking/node_modules/lucide-react/dist/esm/icons/index.mjs [Client Component SSR]
    ./.gemini/antigravity/scratch/teacher-tracking/node_modules/lucide-react/dist/esm/lucide-react.mjs [Client Component SSR]
    ./.gemini/antigravity/scratch/teacher-tracking/src/components/pages/DailyTasksPage.tsx [Client Component SSR]
    ./.gemini/antigravity/scratch/teacher-tracking/src/components/AppShell.tsx [Client Component SSR]
    ./.gemini/antigravity/scratch/teacher-tracking/src/app/page.tsx [Client Component SSR]
    ./.gemini/antigravity/scratch/teacher-tracking/src/app/page.tsx [Server Component]

https://nextjs.org/docs/messages/module-not-found


./.gemini/antigravity/scratch/teacher-tracking/node_modules/lucide-react/dist/esm/icons/index.mjs:1692:1
Module not found: Can't resolve './x-line-top.mjs'
  [90m1690 |[0m [36mexport[0m { [36mdefault[0m [36mas[0m [33mWrench[0m } [36mfrom[0m [32m'./wrench.mjs'[0m;
  [90m1691 |[0m [36mexport[0m { [36mdefault[0m [36mas[0m [33mWorm[0m } [36mfrom[0m [32m'./worm.mjs'[0m;
[31m[1m>[0m [90m1692 |[0m [36mexport[0m { [36mdefault[0m [36mas[0m [33mXLineTop[0m } [36mfrom[0m [32m'./x-line-top.mjs'[0m;
  [90m     |[0m [31m[1m^^^^^^^^^^^^^^^^^^^^^^^^^^^^^^^^^^^^^^^^^^^^^^^^^^^^^^^[0m
  [90m1693 |[0m [36mexport[0m { [36mdefault[0m [36mas[0m [33mX[0m } [36mfrom[0m [32m'./x.mjs'[0m;
  [90m1694 |[0m [36mexport[0m { [36mdefault[0m [36mas[0m [33mZap[0m } [36mfrom[0m [32m'./zap.mjs'[0m;
  [90m1695 |[0m [36mexport[0m { [36mdefault[0m [36mas[0m [33mZapOff[0m } [36mfrom[0m [32m'./zap-off.mjs'[0m;



Import traces:
  Client Component Browser:
    ./.gemini/antigravity/scratch/teacher-tracking/node_modules/lucide-react/dist/esm/icons/index.mjs [Client Component Browser]
    ./.gemini/antigravity/scratch/teacher-tracking/node_modules/lucide-react/dist/esm/lucide-react.mjs [Client Component Browser]
    ./.gemini/antigravity/scratch/teacher-tracking/src/components/pages/DailyTasksPage.tsx [Client Component Browser]
    ./.gemini/antigravity/scratch/teacher-tracking/src/components/AppShell.tsx [Client Component Browser]
    ./.gemini/antigravity/scratch/teacher-tracking/src/app/page.tsx [Client Component Browser]
    ./.gemini/antigravity/scratch/teacher-tracking/src/app/page.tsx [Server Component]

  Client Component SSR:
    ./.gemini/antigravity/scratch/teacher-tracking/node_modules/lucide-react/dist/esm/icons/index.mjs [Client Component SSR]
    ./.gemini/antigravity/scratch/teacher-tracking/node_modules/lucide-react/dist/esm/lucide-react.mjs [Client Component SSR]
    ./.gemini/antigravity/scratch/teacher-tracking/src/components/pages/DailyTasksPage.tsx [Client Component SSR]
    ./.gemini/antigravity/scratch/teacher-tracking/src/components/AppShell.tsx [Client Component SSR]
    ./.gemini/antigravity/scratch/teacher-tracking/src/app/page.tsx [Client Component SSR]
    ./.gemini/antigravity/scratch/teacher-tracking/src/app/page.tsx [Server Component]

https://nextjs.org/docs/messages/module-not-found


./.gemini/antigravity/scratch/teacher-tracking/node_modules/lucide-react/dist/esm/icons/index.mjs:1693:1
Module not found: Can't resolve './x.mjs'
  [90m1691 |[0m [36mexport[0m { [36mdefault[0m [36mas[0m [33mWorm[0m } [36mfrom[0m [32m'./worm.mjs'[0m;
  [90m1692 |[0m [36mexport[0m { [36mdefault[0m [36mas[0m [33mXLineTop[0m } [36mfrom[0m [32m'./x-line-top.mjs'[0m;
[31m[1m>[0m [90m1693 |[0m [36mexport[0m { [36mdefault[0m [36mas[0m [33mX[0m } [36mfrom[0m [32m'./x.mjs'[0m;
  [90m     |[0m [31m[1m^^^^^^^^^^^^^^^^^^^^^^^^^^^^^^^^^^^^^^^[0m
  [90m1694 |[0m [36mexport[0m { [36mdefault[0m [36mas[0m [33mZap[0m } [36mfrom[0m [32m'./zap.mjs'[0m;
  [90m1695 |[0m [36mexport[0m { [36mdefault[0m [36mas[0m [33mZapOff[0m } [36mfrom[0m [32m'./zap-off.mjs'[0m;
  [90m1696 |[0m [36mexport[0m { [36mdefault[0m [36mas[0m [33mZodiacAquarius[0m } [36mfrom[0m [32m'./zodiac-aquarius.mjs'[0m;



Import traces:
  Client Component Browser:
    ./.gemini/antigravity/scratch/teacher-tracking/node_modules/lucide-react/dist/esm/icons/index.mjs [Client Component Browser]
    ./.gemini/antigravity/scratch/teacher-tracking/node_modules/lucide-react/dist/esm/lucide-react.mjs [Client Component Browser]
    ./.gemini/antigravity/scratch/teacher-tracking/src/components/pages/DailyTasksPage.tsx [Client Component Browser]
    ./.gemini/antigravity/scratch/teacher-tracking/src/components/AppShell.tsx [Client Component Browser]
    ./.gemini/antigravity/scratch/teacher-tracking/src/app/page.tsx [Client Component Browser]
    ./.gemini/antigravity/scratch/teacher-tracking/src/app/page.tsx [Server Component]

  Client Component SSR:
    ./.gemini/antigravity/scratch/teacher-tracking/node_modules/lucide-react/dist/esm/icons/index.mjs [Client Component SSR]
    ./.gemini/antigravity/scratch/teacher-tracking/node_modules/lucide-react/dist/esm/lucide-react.mjs [Client Component SSR]
    ./.gemini/antigravity/scratch/teacher-tracking/src/components/pages/DailyTasksPage.tsx [Client Component SSR]
    ./.gemini/antigravity/scratch/teacher-tracking/src/components/AppShell.tsx [Client Component SSR]
    ./.gemini/antigravity/scratch/teacher-tracking/src/app/page.tsx [Client Component SSR]
    ./.gemini/antigravity/scratch/teacher-tracking/src/app/page.tsx [Server Component]

https://nextjs.org/docs/messages/module-not-found


./.gemini/antigravity/scratch/teacher-tracking/node_modules/lucide-react/dist/esm/icons/index.mjs:1695:1
Module not found: Can't resolve './zap-off.mjs'
  [90m1693 |[0m [36mexport[0m { [36mdefault[0m [36mas[0m [33mX[0m } [36mfrom[0m [32m'./x.mjs'[0m;
  [90m1694 |[0m [36mexport[0m { [36mdefault[0m [36mas[0m [33mZap[0m } [36mfrom[0m [32m'./zap.mjs'[0m;
[31m[1m>[0m [90m1695 |[0m [36mexport[0m { [36mdefault[0m [36mas[0m [33mZapOff[0m } [36mfrom[0m [32m'./zap-off.mjs'[0m;
  [90m     |[0m [31m[1m^^^^^^^^^^^^^^^^^^^^^^^^^^^^^^^^^^^^^^^^^^^^^^^^^^[0m
  [90m1696 |[0m [36mexport[0m { [36mdefault[0m [36mas[0m [33mZodiacAquarius[0m } [36mfrom[0m [32m'./zodiac-aquarius.mjs'[0m;
  [90m1697 |[0m [36mexport[0m { [36mdefault[0m [36mas[0m [33mZodiacAries[0m } [36mfrom[0m [32m'./zodiac-aries.mjs'[0m;
  [90m1698 |[0m [36mexport[0m { [36mdefault[0m [36mas[0m [33mZodiacCancer[0m } [36mfrom[0m [32m'./zodiac-cancer.mjs'[0m;



Import traces:
  Client Component Browser:
    ./.gemini/antigravity/scratch/teacher-tracking/node_modules/lucide-react/dist/esm/icons/index.mjs [Client Component Browser]
    ./.gemini/antigravity/scratch/teacher-tracking/node_modules/lucide-react/dist/esm/lucide-react.mjs [Client Component Browser]
    ./.gemini/antigravity/scratch/teacher-tracking/src/components/pages/DailyTasksPage.tsx [Client Component Browser]
    ./.gemini/antigravity/scratch/teacher-tracking/src/components/AppShell.tsx [Client Component Browser]
    ./.gemini/antigravity/scratch/teacher-tracking/src/app/page.tsx [Client Component Browser]
    ./.gemini/antigravity/scratch/teacher-tracking/src/app/page.tsx [Server Component]

  Client Component SSR:
    ./.gemini/antigravity/scratch/teacher-tracking/node_modules/lucide-react/dist/esm/icons/index.mjs [Client Component SSR]
    ./.gemini/antigravity/scratch/teacher-tracking/node_modules/lucide-react/dist/esm/lucide-react.mjs [Client Component SSR]
    ./.gemini/antigravity/scratch/teacher-tracking/src/components/pages/DailyTasksPage.tsx [Client Component SSR]
    ./.gemini/antigravity/scratch/teacher-tracking/src/components/AppShell.tsx [Client Component SSR]
    ./.gemini/antigravity/scratch/teacher-tracking/src/app/page.tsx [Client Component SSR]
    ./.gemini/antigravity/scratch/teacher-tracking/src/app/page.tsx [Server Component]

https://nextjs.org/docs/messages/module-not-found


./.gemini/antigravity/scratch/teacher-tracking/node_modules/lucide-react/dist/esm/icons/index.mjs:1694:1
Module not found: Can't resolve './zap.mjs'
  [90m1692 |[0m [36mexport[0m { [36mdefault[0m [36mas[0m [33mXLineTop[0m } [36mfrom[0m [32m'./x-line-top.mjs'[0m;
  [90m1693 |[0m [36mexport[0m { [36mdefault[0m [36mas[0m [33mX[0m } [36mfrom[0m [32m'./x.mjs'[0m;
[31m[1m>[0m [90m1694 |[0m [36mexport[0m { [36mdefault[0m [36mas[0m [33mZap[0m } [36mfrom[0m [32m'./zap.mjs'[0m;
  [90m     |[0m [31m[1m^^^^^^^^^^^^^^^^^^^^^^^^^^^^^^^^^^^^^^^^^^^[0m
  [90m1695 |[0m [36mexport[0m { [36mdefault[0m [36mas[0m [33mZapOff[0m } [36mfrom[0m [32m'./zap-off.mjs'[0m;
  [90m1696 |[0m [36mexport[0m { [36mdefault[0m [36mas[0m [33mZodiacAquarius[0m } [36mfrom[0m [32m'./zodiac-aquarius.mjs'[0m;
  [90m1697 |[0m [36mexport[0m { [36mdefault[0m [36mas[0m [33mZodiacAries[0m } [36mfrom[0m [32m'./zodiac-aries.mjs'[0m;



Import traces:
  Client Component Browser:
    ./.gemini/antigravity/scratch/teacher-tracking/node_modules/lucide-react/dist/esm/icons/index.mjs [Client Component Browser]
    ./.gemini/antigravity/scratch/teacher-tracking/node_modules/lucide-react/dist/esm/lucide-react.mjs [Client Component Browser]
    ./.gemini/antigravity/scratch/teacher-tracking/src/components/pages/DailyTasksPage.tsx [Client Component Browser]
    ./.gemini/antigravity/scratch/teacher-tracking/src/components/AppShell.tsx [Client Component Browser]
    ./.gemini/antigravity/scratch/teacher-tracking/src/app/page.tsx [Client Component Browser]
    ./.gemini/antigravity/scratch/teacher-tracking/src/app/page.tsx [Server Component]

  Client Component SSR:
    ./.gemini/antigravity/scratch/teacher-tracking/node_modules/lucide-react/dist/esm/icons/index.mjs [Client Component SSR]
    ./.gemini/antigravity/scratch/teacher-tracking/node_modules/lucide-react/dist/esm/lucide-react.mjs [Client Component SSR]
    ./.gemini/antigravity/scratch/teacher-tracking/src/components/pages/DailyTasksPage.tsx [Client Component SSR]
    ./.gemini/antigravity/scratch/teacher-tracking/src/components/AppShell.tsx [Client Component SSR]
    ./.gemini/antigravity/scratch/teacher-tracking/src/app/page.tsx [Client Component SSR]
    ./.gemini/antigravity/scratch/teacher-tracking/src/app/page.tsx [Server Component]

https://nextjs.org/docs/messages/module-not-found


./.gemini/antigravity/scratch/teacher-tracking/node_modules/lucide-react/dist/esm/icons/index.mjs:1696:1
Module not found: Can't resolve './zodiac-aquarius.mjs'
  [90m1694 |[0m [36mexport[0m { [36mdefault[0m [36mas[0m [33mZap[0m } [36mfrom[0m [32m'./zap.mjs'[0m;
  [90m1695 |[0m [36mexport[0m { [36mdefault[0m [36mas[0m [33mZapOff[0m } [36mfrom[0m [32m'./zap-off.mjs'[0m;
[31m[1m>[0m [90m1696 |[0m [36mexport[0m { [36mdefault[0m [36mas[0m [33mZodiacAquarius[0m } [36mfrom[0m [32m'./zodiac-aquarius.mjs'[0m;
  [90m     |[0m [31m[1m^^^^^^^^^^^^^^^^^^^^^^^^^^^^^^^^^^^^^^^^^^^^^^^^^^^^^^^^^^^^^^^^^^[0m
  [90m1697 |[0m [36mexport[0m { [36mdefault[0m [36mas[0m [33mZodiacAries[0m } [36mfrom[0m [32m'./zodiac-aries.mjs'[0m;
  [90m1698 |[0m [36mexport[0m { [36mdefault[0m [36mas[0m [33mZodiacCancer[0m } [36mfrom[0m [32m'./zodiac-cancer.mjs'[0m;
  [90m1699 |[0m [36mexport[0m { [36mdefault[0m [36mas[0m [33mZodiacCapricorn[0m } [36mfrom[0m [32m'./zodiac-capricorn.mjs'[0m;



Import traces:
  Client Component Browser:
    ./.gemini/antigravity/scratch/teacher-tracking/node_modules/lucide-react/dist/esm/icons/index.mjs [Client Component Browser]
    ./.gemini/antigravity/scratch/teacher-tracking/node_modules/lucide-react/dist/esm/lucide-react.mjs [Client Component Browser]
    ./.gemini/antigravity/scratch/teacher-tracking/src/components/pages/DailyTasksPage.tsx [Client Component Browser]
    ./.gemini/antigravity/scratch/teacher-tracking/src/components/AppShell.tsx [Client Component Browser]
    ./.gemini/antigravity/scratch/teacher-tracking/src/app/page.tsx [Client Component Browser]
    ./.gemini/antigravity/scratch/teacher-tracking/src/app/page.tsx [Server Component]

  Client Component SSR:
    ./.gemini/antigravity/scratch/teacher-tracking/node_modules/lucide-react/dist/esm/icons/index.mjs [Client Component SSR]
    ./.gemini/antigravity/scratch/teacher-tracking/node_modules/lucide-react/dist/esm/lucide-react.mjs [Client Component SSR]
    ./.gemini/antigravity/scratch/teacher-tracking/src/components/pages/DailyTasksPage.tsx [Client Component SSR]
    ./.gemini/antigravity/scratch/teacher-tracking/src/components/AppShell.tsx [Client Component SSR]
    ./.gemini/antigravity/scratch/teacher-tracking/src/app/page.tsx [Client Component SSR]
    ./.gemini/antigravity/scratch/teacher-tracking/src/app/page.tsx [Server Component]

https://nextjs.org/docs/messages/module-not-found


./.gemini/antigravity/scratch/teacher-tracking/node_modules/lucide-react/dist/esm/icons/index.mjs:1697:1
Module not found: Can't resolve './zodiac-aries.mjs'
  [90m1695 |[0m [36mexport[0m { [36mdefault[0m [36mas[0m [33mZapOff[0m } [36mfrom[0m [32m'./zap-off.mjs'[0m;
  [90m1696 |[0m [36mexport[0m { [36mdefault[0m [36mas[0m [33mZodiacAquarius[0m } [36mfrom[0m [32m'./zodiac-aquarius.mjs'[0m;
[31m[1m>[0m [90m1697 |[0m [36mexport[0m { [36mdefault[0m [36mas[0m [33mZodiacAries[0m } [36mfrom[0m [32m'./zodiac-aries.mjs'[0m;
  [90m     |[0m [31m[1m^^^^^^^^^^^^^^^^^^^^^^^^^^^^^^^^^^^^^^^^^^^^^^^^^^^^^^^^^^^^[0m
  [90m1698 |[0m [36mexport[0m { [36mdefault[0m [36mas[0m [33mZodiacCancer[0m } [36mfrom[0m [32m'./zodiac-cancer.mjs'[0m;
  [90m1699 |[0m [36mexport[0m { [36mdefault[0m [36mas[0m [33mZodiacCapricorn[0m } [36mfrom[0m [32m'./zodiac-capricorn.mjs'[0m;
  [90m1700 |[0m [36mexport[0m { [36mdefault[0m [36mas[0m [33mZodiacGemini[0m } [36mfrom[0m [32m'./zodiac-gemini.mjs'[0m;



Import traces:
  Client Component Browser:
    ./.gemini/antigravity/scratch/teacher-tracking/node_modules/lucide-react/dist/esm/icons/index.mjs [Client Component Browser]
    ./.gemini/antigravity/scratch/teacher-tracking/node_modules/lucide-react/dist/esm/lucide-react.mjs [Client Component Browser]
    ./.gemini/antigravity/scratch/teacher-tracking/src/components/pages/DailyTasksPage.tsx [Client Component Browser]
    ./.gemini/antigravity/scratch/teacher-tracking/src/components/AppShell.tsx [Client Component Browser]
    ./.gemini/antigravity/scratch/teacher-tracking/src/app/page.tsx [Client Component Browser]
    ./.gemini/antigravity/scratch/teacher-tracking/src/app/page.tsx [Server Component]

  Client Component SSR:
    ./.gemini/antigravity/scratch/teacher-tracking/node_modules/lucide-react/dist/esm/icons/index.mjs [Client Component SSR]
    ./.gemini/antigravity/scratch/teacher-tracking/node_modules/lucide-react/dist/esm/lucide-react.mjs [Client Component SSR]
    ./.gemini/antigravity/scratch/teacher-tracking/src/components/pages/DailyTasksPage.tsx [Client Component SSR]
    ./.gemini/antigravity/scratch/teacher-tracking/src/components/AppShell.tsx [Client Component SSR]
    ./.gemini/antigravity/scratch/teacher-tracking/src/app/page.tsx [Client Component SSR]
    ./.gemini/antigravity/scratch/teacher-tracking/src/app/page.tsx [Server Component]

https://nextjs.org/docs/messages/module-not-found


./.gemini/antigravity/scratch/teacher-tracking/node_modules/lucide-react/dist/esm/icons/index.mjs:1698:1
Module not found: Can't resolve './zodiac-cancer.mjs'
  [90m1696 |[0m [36mexport[0m { [36mdefault[0m [36mas[0m [33mZodiacAquarius[0m } [36mfrom[0m [32m'./zodiac-aquarius.mjs'[0m;
  [90m1697 |[0m [36mexport[0m { [36mdefault[0m [36mas[0m [33mZodiacAries[0m } [36mfrom[0m [32m'./zodiac-aries.mjs'[0m;
[31m[1m>[0m [90m1698 |[0m [36mexport[0m { [36mdefault[0m [36mas[0m [33mZodiacCancer[0m } [36mfrom[0m [32m'./zodiac-cancer.mjs'[0m;
  [90m     |[0m [31m[1m^^^^^^^^^^^^^^^^^^^^^^^^^^^^^^^^^^^^^^^^^^^^^^^^^^^^^^^^^^^^^^[0m
  [90m1699 |[0m [36mexport[0m { [36mdefault[0m [36mas[0m [33mZodiacCapricorn[0m } [36mfrom[0m [32m'./zodiac-capricorn.mjs'[0m;
  [90m1700 |[0m [36mexport[0m { [36mdefault[0m [36mas[0m [33mZodiacGemini[0m } [36mfrom[0m [32m'./zodiac-gemini.mjs'[0m;
  [90m1701 |[0m [36mexport[0m { [36mdefault[0m [36mas[0m [33mZodiacLeo[0m } [36mfrom[0m [32m'./zodiac-leo.mjs'[0m;



Import traces:
  Client Component Browser:
    ./.gemini/antigravity/scratch/teacher-tracking/node_modules/lucide-react/dist/esm/icons/index.mjs [Client Component Browser]
    ./.gemini/antigravity/scratch/teacher-tracking/node_modules/lucide-react/dist/esm/lucide-react.mjs [Client Component Browser]
    ./.gemini/antigravity/scratch/teacher-tracking/src/components/pages/DailyTasksPage.tsx [Client Component Browser]
    ./.gemini/antigravity/scratch/teacher-tracking/src/components/AppShell.tsx [Client Component Browser]
    ./.gemini/antigravity/scratch/teacher-tracking/src/app/page.tsx [Client Component Browser]
    ./.gemini/antigravity/scratch/teacher-tracking/src/app/page.tsx [Server Component]

  Client Component SSR:
    ./.gemini/antigravity/scratch/teacher-tracking/node_modules/lucide-react/dist/esm/icons/index.mjs [Client Component SSR]
    ./.gemini/antigravity/scratch/teacher-tracking/node_modules/lucide-react/dist/esm/lucide-react.mjs [Client Component SSR]
    ./.gemini/antigravity/scratch/teacher-tracking/src/components/pages/DailyTasksPage.tsx [Client Component SSR]
    ./.gemini/antigravity/scratch/teacher-tracking/src/components/AppShell.tsx [Client Component SSR]
    ./.gemini/antigravity/scratch/teacher-tracking/src/app/page.tsx [Client Component SSR]
    ./.gemini/antigravity/scratch/teacher-tracking/src/app/page.tsx [Server Component]

https://nextjs.org/docs/messages/module-not-found


./.gemini/antigravity/scratch/teacher-tracking/node_modules/lucide-react/dist/esm/icons/index.mjs:1699:1
Module not found: Can't resolve './zodiac-capricorn.mjs'
  [90m1697 |[0m [36mexport[0m { [36mdefault[0m [36mas[0m [33mZodiacAries[0m } [36mfrom[0m [32m'./zodiac-aries.mjs'[0m;
  [90m1698 |[0m [36mexport[0m { [36mdefault[0m [36mas[0m [33mZodiacCancer[0m } [36mfrom[0m [32m'./zodiac-cancer.mjs'[0m;
[31m[1m>[0m [90m1699 |[0m [36mexport[0m { [36mdefault[0m [36mas[0m [33mZodiacCapricorn[0m } [36mfrom[0m [32m'./zodiac-capricorn.mjs'[0m;
  [90m     |[0m [31m[1m^^^^^^^^^^^^^^^^^^^^^^^^^^^^^^^^^^^^^^^^^^^^^^^^^^^^^^^^^^^^^^^^^^^^[0m
  [90m1700 |[0m [36mexport[0m { [36mdefault[0m [36mas[0m [33mZodiacGemini[0m } [36mfrom[0m [32m'./zodiac-gemini.mjs'[0m;
  [90m1701 |[0m [36mexport[0m { [36mdefault[0m [36mas[0m [33mZodiacLeo[0m } [36mfrom[0m [32m'./zodiac-leo.mjs'[0m;
  [90m1702 |[0m [36mexport[0m { [36mdefault[0m [36mas[0m [33mZodiacOphiuchus[0m } [36mfrom[0m [32m'./zodiac-ophiuchus.mjs'[0m;



Import traces:
  Client Component Browser:
    ./.gemini/antigravity/scratch/teacher-tracking/node_modules/lucide-react/dist/esm/icons/index.mjs [Client Component Browser]
    ./.gemini/antigravity/scratch/teacher-tracking/node_modules/lucide-react/dist/esm/lucide-react.mjs [Client Component Browser]
    ./.gemini/antigravity/scratch/teacher-tracking/src/components/pages/DailyTasksPage.tsx [Client Component Browser]
    ./.gemini/antigravity/scratch/teacher-tracking/src/components/AppShell.tsx [Client Component Browser]
    ./.gemini/antigravity/scratch/teacher-tracking/src/app/page.tsx [Client Component Browser]
    ./.gemini/antigravity/scratch/teacher-tracking/src/app/page.tsx [Server Component]

  Client Component SSR:
    ./.gemini/antigravity/scratch/teacher-tracking/node_modules/lucide-react/dist/esm/icons/index.mjs [Client Component SSR]
    ./.gemini/antigravity/scratch/teacher-tracking/node_modules/lucide-react/dist/esm/lucide-react.mjs [Client Component SSR]
    ./.gemini/antigravity/scratch/teacher-tracking/src/components/pages/DailyTasksPage.tsx [Client Component SSR]
    ./.gemini/antigravity/scratch/teacher-tracking/src/components/AppShell.tsx [Client Component SSR]
    ./.gemini/antigravity/scratch/teacher-tracking/src/app/page.tsx [Client Component SSR]
    ./.gemini/antigravity/scratch/teacher-tracking/src/app/page.tsx [Server Component]

https://nextjs.org/docs/messages/module-not-found


./.gemini/antigravity/scratch/teacher-tracking/node_modules/lucide-react/dist/esm/icons/index.mjs:1700:1
Module not found: Can't resolve './zodiac-gemini.mjs'
  [90m1698 |[0m [36mexport[0m { [36mdefault[0m [36mas[0m [33mZodiacCancer[0m } [36mfrom[0m [32m'./zodiac-cancer.mjs'[0m;
  [90m1699 |[0m [36mexport[0m { [36mdefault[0m [36mas[0m [33mZodiacCapricorn[0m } [36mfrom[0m [32m'./zodiac-capricorn.mjs'[0m;
[31m[1m>[0m [90m1700 |[0m [36mexport[0m { [36mdefault[0m [36mas[0m [33mZodiacGemini[0m } [36mfrom[0m [32m'./zodiac-gemini.mjs'[0m;
  [90m     |[0m [31m[1m^^^^^^^^^^^^^^^^^^^^^^^^^^^^^^^^^^^^^^^^^^^^^^^^^^^^^^^^^^^^^^[0m
  [90m1701 |[0m [36mexport[0m { [36mdefault[0m [36mas[0m [33mZodiacLeo[0m } [36mfrom[0m [32m'./zodiac-leo.mjs'[0m;
  [90m1702 |[0m [36mexport[0m { [36mdefault[0m [36mas[0m [33mZodiacOphiuchus[0m } [36mfrom[0m [32m'./zodiac-ophiuchus.mjs'[0m;
  [90m1703 |[0m [36mexport[0m { [36mdefault[0m [36mas[0m [33mZodiacLibra[0m } [36mfrom[0m [32m'./zodiac-libra.mjs'[0m;



Import traces:
  Client Component Browser:
    ./.gemini/antigravity/scratch/teacher-tracking/node_modules/lucide-react/dist/esm/icons/index.mjs [Client Component Browser]
    ./.gemini/antigravity/scratch/teacher-tracking/node_modules/lucide-react/dist/esm/lucide-react.mjs [Client Component Browser]
    ./.gemini/antigravity/scratch/teacher-tracking/src/components/pages/DailyTasksPage.tsx [Client Component Browser]
    ./.gemini/antigravity/scratch/teacher-tracking/src/components/AppShell.tsx [Client Component Browser]
    ./.gemini/antigravity/scratch/teacher-tracking/src/app/page.tsx [Client Component Browser]
    ./.gemini/antigravity/scratch/teacher-tracking/src/app/page.tsx [Server Component]

  Client Component SSR:
    ./.gemini/antigravity/scratch/teacher-tracking/node_modules/lucide-react/dist/esm/icons/index.mjs [Client Component SSR]
    ./.gemini/antigravity/scratch/teacher-tracking/node_modules/lucide-react/dist/esm/lucide-react.mjs [Client Component SSR]
    ./.gemini/antigravity/scratch/teacher-tracking/src/components/pages/DailyTasksPage.tsx [Client Component SSR]
    ./.gemini/antigravity/scratch/teacher-tracking/src/components/AppShell.tsx [Client Component SSR]
    ./.gemini/antigravity/scratch/teacher-tracking/src/app/page.tsx [Client Component SSR]
    ./.gemini/antigravity/scratch/teacher-tracking/src/app/page.tsx [Server Component]

https://nextjs.org/docs/messages/module-not-found


./.gemini/antigravity/scratch/teacher-tracking/node_modules/lucide-react/dist/esm/icons/index.mjs:1701:1
Module not found: Can't resolve './zodiac-leo.mjs'
  [90m1699 |[0m [36mexport[0m { [36mdefault[0m [36mas[0m [33mZodiacCapricorn[0m } [36mfrom[0m [32m'./zodiac-capricorn.mjs'[0m;
  [90m1700 |[0m [36mexport[0m { [36mdefault[0m [36mas[0m [33mZodiacGemini[0m } [36mfrom[0m [32m'./zodiac-gemini.mjs'[0m;
[31m[1m>[0m [90m1701 |[0m [36mexport[0m { [36mdefault[0m [36mas[0m [33mZodiacLeo[0m } [36mfrom[0m [32m'./zodiac-leo.mjs'[0m;
  [90m     |[0m [31m[1m^^^^^^^^^^^^^^^^^^^^^^^^^^^^^^^^^^^^^^^^^^^^^^^^^^^^^^^^[0m
  [90m1702 |[0m [36mexport[0m { [36mdefault[0m [36mas[0m [33mZodiacOphiuchus[0m } [36mfrom[0m [32m'./zodiac-ophiuchus.mjs'[0m;
  [90m1703 |[0m [36mexport[0m { [36mdefault[0m [36mas[0m [33mZodiacLibra[0m } [36mfrom[0m [32m'./zodiac-libra.mjs'[0m;
  [90m1704 |[0m [36mexport[0m { [36mdefault[0m [36mas[0m [33mZodiacPisces[0m } [36mfrom[0m [32m'./zodiac-pisces.mjs'[0m;



Import traces:
  Client Component Browser:
    ./.gemini/antigravity/scratch/teacher-tracking/node_modules/lucide-react/dist/esm/icons/index.mjs [Client Component Browser]
    ./.gemini/antigravity/scratch/teacher-tracking/node_modules/lucide-react/dist/esm/lucide-react.mjs [Client Component Browser]
    ./.gemini/antigravity/scratch/teacher-tracking/src/components/pages/DailyTasksPage.tsx [Client Component Browser]
    ./.gemini/antigravity/scratch/teacher-tracking/src/components/AppShell.tsx [Client Component Browser]
    ./.gemini/antigravity/scratch/teacher-tracking/src/app/page.tsx [Client Component Browser]
    ./.gemini/antigravity/scratch/teacher-tracking/src/app/page.tsx [Server Component]

  Client Component SSR:
    ./.gemini/antigravity/scratch/teacher-tracking/node_modules/lucide-react/dist/esm/icons/index.mjs [Client Component SSR]
    ./.gemini/antigravity/scratch/teacher-tracking/node_modules/lucide-react/dist/esm/lucide-react.mjs [Client Component SSR]
    ./.gemini/antigravity/scratch/teacher-tracking/src/components/pages/DailyTasksPage.tsx [Client Component SSR]
    ./.gemini/antigravity/scratch/teacher-tracking/src/components/AppShell.tsx [Client Component SSR]
    ./.gemini/antigravity/scratch/teacher-tracking/src/app/page.tsx [Client Component SSR]
    ./.gemini/antigravity/scratch/teacher-tracking/src/app/page.tsx [Server Component]

https://nextjs.org/docs/messages/module-not-found


./.gemini/antigravity/scratch/teacher-tracking/node_modules/lucide-react/dist/esm/icons/index.mjs:1703:1
Module not found: Can't resolve './zodiac-libra.mjs'
  [90m1701 |[0m [36mexport[0m { [36mdefault[0m [36mas[0m [33mZodiacLeo[0m } [36mfrom[0m [32m'./zodiac-leo.mjs'[0m;
  [90m1702 |[0m [36mexport[0m { [36mdefault[0m [36mas[0m [33mZodiacOphiuchus[0m } [36mfrom[0m [32m'./zodiac-ophiuchus.mjs'[0m;
[31m[1m>[0m [90m1703 |[0m [36mexport[0m { [36mdefault[0m [36mas[0m [33mZodiacLibra[0m } [36mfrom[0m [32m'./zodiac-libra.mjs'[0m;
  [90m     |[0m [31m[1m^^^^^^^^^^^^^^^^^^^^^^^^^^^^^^^^^^^^^^^^^^^^^^^^^^^^^^^^^^^^[0m
  [90m1704 |[0m [36mexport[0m { [36mdefault[0m [36mas[0m [33mZodiacPisces[0m } [36mfrom[0m [32m'./zodiac-pisces.mjs'[0m;
  [90m1705 |[0m [36mexport[0m { [36mdefault[0m [36mas[0m [33mZodiacSagittarius[0m } [36mfrom[0m [32m'./zodiac-sagittarius.m...[0m
  [90m1706 |[0m [36mexport[0m { [36mdefault[0m [36mas[0m [33mZodiacScorpio[0m } [36mfrom[0m [32m'./zodiac-scorpio.mjs'[0m;



Import traces:
  Client Component Browser:
    ./.gemini/antigravity/scratch/teacher-tracking/node_modules/lucide-react/dist/esm/icons/index.mjs [Client Component Browser]
    ./.gemini/antigravity/scratch/teacher-tracking/node_modules/lucide-react/dist/esm/lucide-react.mjs [Client Component Browser]
    ./.gemini/antigravity/scratch/teacher-tracking/src/components/pages/DailyTasksPage.tsx [Client Component Browser]
    ./.gemini/antigravity/scratch/teacher-tracking/src/components/AppShell.tsx [Client Component Browser]
    ./.gemini/antigravity/scratch/teacher-tracking/src/app/page.tsx [Client Component Browser]
    ./.gemini/antigravity/scratch/teacher-tracking/src/app/page.tsx [Server Component]

  Client Component SSR:
    ./.gemini/antigravity/scratch/teacher-tracking/node_modules/lucide-react/dist/esm/icons/index.mjs [Client Component SSR]
    ./.gemini/antigravity/scratch/teacher-tracking/node_modules/lucide-react/dist/esm/lucide-react.mjs [Client Component SSR]
    ./.gemini/antigravity/scratch/teacher-tracking/src/components/pages/DailyTasksPage.tsx [Client Component SSR]
    ./.gemini/antigravity/scratch/teacher-tracking/src/components/AppShell.tsx [Client Component SSR]
    ./.gemini/antigravity/scratch/teacher-tracking/src/app/page.tsx [Client Component SSR]
    ./.gemini/antigravity/scratch/teacher-tracking/src/app/page.tsx [Server Component]

https://nextjs.org/docs/messages/module-not-found


./.gemini/antigravity/scratch/teacher-tracking/node_modules/lucide-react/dist/esm/icons/index.mjs:1702:1
Module not found: Can't resolve './zodiac-ophiuchus.mjs'
  [90m1700 |[0m ...[36mport[0m { [36mdefault[0m [36mas[0m [33mZodiacGemini[0m } [36mfrom[0m [32m'./zodiac-gemini.mjs'[0m;
  [90m1701 |[0m ...[36mport[0m { [36mdefault[0m [36mas[0m [33mZodiacLeo[0m } [36mfrom[0m [32m'./zodiac-leo.mjs'[0m;
[31m[1m>[0m [90m1702 |[0m ...[36mport[0m { [36mdefault[0m [36mas[0m [33mZodiacOphiuchus[0m } [36mfrom[0m [32m'./zodiac-ophiuchus.mjs'[0m;
  [90m     |[0m    [31m[1m^^^^^^^^^^^^^^^^^^^^^^^^^^^^^^^^^^^^^^^^^^^^^^^^^^^^^^^^^^^^^^^^^^^^[0m
  [90m1703 |[0m ...[36mport[0m { [36mdefault[0m [36mas[0m [33mZodiacLibra[0m } [36mfrom[0m [32m'./zodiac-libra.mjs'[0m;
  [90m1704 |[0m ...[36mport[0m { [36mdefault[0m [36mas[0m [33mZodiacPisces[0m } [36mfrom[0m [32m'./zodiac-pisces.mjs'[0m;
  [90m1705 |[0m ...[36mport[0m { [36mdefault[0m [36mas[0m [33mZodiacSagittarius[0m } [36mfrom[0m [32m'./zodiac-sagittarius....[0m



Import traces:
  Client Component Browser:
    ./.gemini/antigravity/scratch/teacher-tracking/node_modules/lucide-react/dist/esm/icons/index.mjs [Client Component Browser]
    ./.gemini/antigravity/scratch/teacher-tracking/node_modules/lucide-react/dist/esm/lucide-react.mjs [Client Component Browser]
    ./.gemini/antigravity/scratch/teacher-tracking/src/components/pages/DailyTasksPage.tsx [Client Component Browser]
    ./.gemini/antigravity/scratch/teacher-tracking/src/components/AppShell.tsx [Client Component Browser]
    ./.gemini/antigravity/scratch/teacher-tracking/src/app/page.tsx [Client Component Browser]
    ./.gemini/antigravity/scratch/teacher-tracking/src/app/page.tsx [Server Component]

  Client Component SSR:
    ./.gemini/antigravity/scratch/teacher-tracking/node_modules/lucide-react/dist/esm/icons/index.mjs [Client Component SSR]
    ./.gemini/antigravity/scratch/teacher-tracking/node_modules/lucide-react/dist/esm/lucide-react.mjs [Client Component SSR]
    ./.gemini/antigravity/scratch/teacher-tracking/src/components/pages/DailyTasksPage.tsx [Client Component SSR]
    ./.gemini/antigravity/scratch/teacher-tracking/src/components/AppShell.tsx [Client Component SSR]
    ./.gemini/antigravity/scratch/teacher-tracking/src/app/page.tsx [Client Component SSR]
    ./.gemini/antigravity/scratch/teacher-tracking/src/app/page.tsx [Server Component]

https://nextjs.org/docs/messages/module-not-found


./.gemini/antigravity/scratch/teacher-tracking/node_modules/lucide-react/dist/esm/icons/index.mjs:1704:1
Module not found: Can't resolve './zodiac-pisces.mjs'
  [90m1702 |[0m [36mexport[0m { [36mdefault[0m [36mas[0m [33mZodiacOphiuchus[0m } [36mfrom[0m [32m'./zodiac-ophiuchus.mjs'[0m;
  [90m1703 |[0m [36mexport[0m { [36mdefault[0m [36mas[0m [33mZodiacLibra[0m } [36mfrom[0m [32m'./zodiac-libra.mjs'[0m;
[31m[1m>[0m [90m1704 |[0m [36mexport[0m { [36mdefault[0m [36mas[0m [33mZodiacPisces[0m } [36mfrom[0m [32m'./zodiac-pisces.mjs'[0m;
  [90m     |[0m [31m[1m^^^^^^^^^^^^^^^^^^^^^^^^^^^^^^^^^^^^^^^^^^^^^^^^^^^^^^^^^^^^^^[0m
  [90m1705 |[0m [36mexport[0m { [36mdefault[0m [36mas[0m [33mZodiacSagittarius[0m } [36mfrom[0m [32m'./zodiac-sagittarius.m...[0m
  [90m1706 |[0m [36mexport[0m { [36mdefault[0m [36mas[0m [33mZodiacScorpio[0m } [36mfrom[0m [32m'./zodiac-scorpio.mjs'[0m;
  [90m1707 |[0m [36mexport[0m { [36mdefault[0m [36mas[0m [33mZodiacTaurus[0m } [36mfrom[0m [32m'./zodiac-taurus.mjs'[0m;



Import traces:
  Client Component Browser:
    ./.gemini/antigravity/scratch/teacher-tracking/node_modules/lucide-react/dist/esm/icons/index.mjs [Client Component Browser]
    ./.gemini/antigravity/scratch/teacher-tracking/node_modules/lucide-react/dist/esm/lucide-react.mjs [Client Component Browser]
    ./.gemini/antigravity/scratch/teacher-tracking/src/components/pages/DailyTasksPage.tsx [Client Component Browser]
    ./.gemini/antigravity/scratch/teacher-tracking/src/components/AppShell.tsx [Client Component Browser]
    ./.gemini/antigravity/scratch/teacher-tracking/src/app/page.tsx [Client Component Browser]
    ./.gemini/antigravity/scratch/teacher-tracking/src/app/page.tsx [Server Component]

  Client Component SSR:
    ./.gemini/antigravity/scratch/teacher-tracking/node_modules/lucide-react/dist/esm/icons/index.mjs [Client Component SSR]
    ./.gemini/antigravity/scratch/teacher-tracking/node_modules/lucide-react/dist/esm/lucide-react.mjs [Client Component SSR]
    ./.gemini/antigravity/scratch/teacher-tracking/src/components/pages/DailyTasksPage.tsx [Client Component SSR]
    ./.gemini/antigravity/scratch/teacher-tracking/src/components/AppShell.tsx [Client Component SSR]
    ./.gemini/antigravity/scratch/teacher-tracking/src/app/page.tsx [Client Component SSR]
    ./.gemini/antigravity/scratch/teacher-tracking/src/app/page.tsx [Server Component]

https://nextjs.org/docs/messages/module-not-found


./.gemini/antigravity/scratch/teacher-tracking/node_modules/lucide-react/dist/esm/icons/index.mjs:1705:1
Module not found: Can't resolve './zodiac-sagittarius.mjs'
  [90m1703 |[0m ...[36mrt[0m { [36mdefault[0m [36mas[0m [33mZodiacLibra[0m } [36mfrom[0m [32m'./zodiac-libra.mjs'[0m;
  [90m1704 |[0m ...[36mrt[0m { [36mdefault[0m [36mas[0m [33mZodiacPisces[0m } [36mfrom[0m [32m'./zodiac-pisces.mjs'[0m;
[31m[1m>[0m [90m1705 |[0m ...[36mrt[0m { [36mdefault[0m [36mas[0m [33mZodiacSagittarius[0m } [36mfrom[0m [32m'./zodiac-sagittarius.mjs'[0m;
  [90m     |[0m    [31m[1m^^^^^^^^^^^^^^^^^^^^^^^^^^^^^^^^^^^^^^^^^^^^^^^^^^^^^^^^^^^^^^^^^^^^[0m
  [90m1706 |[0m ...[36mrt[0m { [36mdefault[0m [36mas[0m [33mZodiacScorpio[0m } [36mfrom[0m [32m'./zodiac-scorpio.mjs'[0m;
  [90m1707 |[0m ...[36mrt[0m { [36mdefault[0m [36mas[0m [33mZodiacTaurus[0m } [36mfrom[0m [32m'./zodiac-taurus.mjs'[0m;
  [90m1708 |[0m ...[36mrt[0m { [36mdefault[0m [36mas[0m [33mZodiacVirgo[0m } [36mfrom[0m [32m'./zodiac-virgo.mjs'[0m;



Import traces:
  Client Component Browser:
    ./.gemini/antigravity/scratch/teacher-tracking/node_modules/lucide-react/dist/esm/icons/index.mjs [Client Component Browser]
    ./.gemini/antigravity/scratch/teacher-tracking/node_modules/lucide-react/dist/esm/lucide-react.mjs [Client Component Browser]
    ./.gemini/antigravity/scratch/teacher-tracking/src/components/pages/DailyTasksPage.tsx [Client Component Browser]
    ./.gemini/antigravity/scratch/teacher-tracking/src/components/AppShell.tsx [Client Component Browser]
    ./.gemini/antigravity/scratch/teacher-tracking/src/app/page.tsx [Client Component Browser]
    ./.gemini/antigravity/scratch/teacher-tracking/src/app/page.tsx [Server Component]

  Client Component SSR:
    ./.gemini/antigravity/scratch/teacher-tracking/node_modules/lucide-react/dist/esm/icons/index.mjs [Client Component SSR]
    ./.gemini/antigravity/scratch/teacher-tracking/node_modules/lucide-react/dist/esm/lucide-react.mjs [Client Component SSR]
    ./.gemini/antigravity/scratch/teacher-tracking/src/components/pages/DailyTasksPage.tsx [Client Component SSR]
    ./.gemini/antigravity/scratch/teacher-tracking/src/components/AppShell.tsx [Client Component SSR]
    ./.gemini/antigravity/scratch/teacher-tracking/src/app/page.tsx [Client Component SSR]
    ./.gemini/antigravity/scratch/teacher-tracking/src/app/page.tsx [Server Component]

https://nextjs.org/docs/messages/module-not-found


./.gemini/antigravity/scratch/teacher-tracking/node_modules/lucide-react/dist/esm/icons/index.mjs:1706:1
Module not found: Can't resolve './zodiac-scorpio.mjs'
  [90m1704 |[0m [36mexport[0m { [36mdefault[0m [36mas[0m [33mZodiacPisces[0m } [36mfrom[0m [32m'./zodiac-pisces.mjs'[0m;
  [90m1705 |[0m [36mexport[0m { [36mdefault[0m [36mas[0m [33mZodiacSagittarius[0m } [36mfrom[0m [32m'./zodiac-sagittarius.m...[0m
[31m[1m>[0m [90m1706 |[0m [36mexport[0m { [36mdefault[0m [36mas[0m [33mZodiacScorpio[0m } [36mfrom[0m [32m'./zodiac-scorpio.mjs'[0m;
  [90m     |[0m [31m[1m^^^^^^^^^^^^^^^^^^^^^^^^^^^^^^^^^^^^^^^^^^^^^^^^^^^^^^^^^^^^^^^^[0m
  [90m1707 |[0m [36mexport[0m { [36mdefault[0m [36mas[0m [33mZodiacTaurus[0m } [36mfrom[0m [32m'./zodiac-taurus.mjs'[0m;
  [90m1708 |[0m [36mexport[0m { [36mdefault[0m [36mas[0m [33mZodiacVirgo[0m } [36mfrom[0m [32m'./zodiac-virgo.mjs'[0m;
  [90m1709 |[0m [36mexport[0m { [36mdefault[0m [36mas[0m [33mZoomIn[0m } [36mfrom[0m [32m'./zoom-in.mjs'[0m;



Import traces:
  Client Component Browser:
    ./.gemini/antigravity/scratch/teacher-tracking/node_modules/lucide-react/dist/esm/icons/index.mjs [Client Component Browser]
    ./.gemini/antigravity/scratch/teacher-tracking/node_modules/lucide-react/dist/esm/lucide-react.mjs [Client Component Browser]
    ./.gemini/antigravity/scratch/teacher-tracking/src/components/pages/DailyTasksPage.tsx [Client Component Browser]
    ./.gemini/antigravity/scratch/teacher-tracking/src/components/AppShell.tsx [Client Component Browser]
    ./.gemini/antigravity/scratch/teacher-tracking/src/app/page.tsx [Client Component Browser]
    ./.gemini/antigravity/scratch/teacher-tracking/src/app/page.tsx [Server Component]

  Client Component SSR:
    ./.gemini/antigravity/scratch/teacher-tracking/node_modules/lucide-react/dist/esm/icons/index.mjs [Client Component SSR]
    ./.gemini/antigravity/scratch/teacher-tracking/node_modules/lucide-react/dist/esm/lucide-react.mjs [Client Component SSR]
    ./.gemini/antigravity/scratch/teacher-tracking/src/components/pages/DailyTasksPage.tsx [Client Component SSR]
    ./.gemini/antigravity/scratch/teacher-tracking/src/components/AppShell.tsx [Client Component SSR]
    ./.gemini/antigravity/scratch/teacher-tracking/src/app/page.tsx [Client Component SSR]
    ./.gemini/antigravity/scratch/teacher-tracking/src/app/page.tsx [Server Component]

https://nextjs.org/docs/messages/module-not-found


./.gemini/antigravity/scratch/teacher-tracking/node_modules/lucide-react/dist/esm/icons/index.mjs:1707:1
Module not found: Can't resolve './zodiac-taurus.mjs'
  [90m1705 |[0m [36mexport[0m { [36mdefault[0m [36mas[0m [33mZodiacSagittarius[0m } [36mfrom[0m [32m'./zodiac-sagittarius.m...[0m
  [90m1706 |[0m [36mexport[0m { [36mdefault[0m [36mas[0m [33mZodiacScorpio[0m } [36mfrom[0m [32m'./zodiac-scorpio.mjs'[0m;
[31m[1m>[0m [90m1707 |[0m [36mexport[0m { [36mdefault[0m [36mas[0m [33mZodiacTaurus[0m } [36mfrom[0m [32m'./zodiac-taurus.mjs'[0m;
  [90m     |[0m [31m[1m^^^^^^^^^^^^^^^^^^^^^^^^^^^^^^^^^^^^^^^^^^^^^^^^^^^^^^^^^^^^^^[0m
  [90m1708 |[0m [36mexport[0m { [36mdefault[0m [36mas[0m [33mZodiacVirgo[0m } [36mfrom[0m [32m'./zodiac-virgo.mjs'[0m;
  [90m1709 |[0m [36mexport[0m { [36mdefault[0m [36mas[0m [33mZoomIn[0m } [36mfrom[0m [32m'./zoom-in.mjs'[0m;
  [90m1710 |[0m [36mexport[0m { [36mdefault[0m [36mas[0m [33mZoomOut[0m } [36mfrom[0m [32m'./zoom-out.mjs'[0m;



Import traces:
  Client Component Browser:
    ./.gemini/antigravity/scratch/teacher-tracking/node_modules/lucide-react/dist/esm/icons/index.mjs [Client Component Browser]
    ./.gemini/antigravity/scratch/teacher-tracking/node_modules/lucide-react/dist/esm/lucide-react.mjs [Client Component Browser]
    ./.gemini/antigravity/scratch/teacher-tracking/src/components/pages/DailyTasksPage.tsx [Client Component Browser]
    ./.gemini/antigravity/scratch/teacher-tracking/src/components/AppShell.tsx [Client Component Browser]
    ./.gemini/antigravity/scratch/teacher-tracking/src/app/page.tsx [Client Component Browser]
    ./.gemini/antigravity/scratch/teacher-tracking/src/app/page.tsx [Server Component]

  Client Component SSR:
    ./.gemini/antigravity/scratch/teacher-tracking/node_modules/lucide-react/dist/esm/icons/index.mjs [Client Component SSR]
    ./.gemini/antigravity/scratch/teacher-tracking/node_modules/lucide-react/dist/esm/lucide-react.mjs [Client Component SSR]
    ./.gemini/antigravity/scratch/teacher-tracking/src/components/pages/DailyTasksPage.tsx [Client Component SSR]
    ./.gemini/antigravity/scratch/teacher-tracking/src/components/AppShell.tsx [Client Component SSR]
    ./.gemini/antigravity/scratch/teacher-tracking/src/app/page.tsx [Client Component SSR]
    ./.gemini/antigravity/scratch/teacher-tracking/src/app/page.tsx [Server Component]

https://nextjs.org/docs/messages/module-not-found


./.gemini/antigravity/scratch/teacher-tracking/node_modules/lucide-react/dist/esm/icons/index.mjs:1708:1
Module not found: Can't resolve './zodiac-virgo.mjs'
  [90m1706 |[0m [36mexport[0m { [36mdefault[0m [36mas[0m [33mZodiacScorpio[0m } [36mfrom[0m [32m'./zodiac-scorpio.mjs'[0m;
  [90m1707 |[0m [36mexport[0m { [36mdefault[0m [36mas[0m [33mZodiacTaurus[0m } [36mfrom[0m [32m'./zodiac-taurus.mjs'[0m;
[31m[1m>[0m [90m1708 |[0m [36mexport[0m { [36mdefault[0m [36mas[0m [33mZodiacVirgo[0m } [36mfrom[0m [32m'./zodiac-virgo.mjs'[0m;
  [90m     |[0m [31m[1m^^^^^^^^^^^^^^^^^^^^^^^^^^^^^^^^^^^^^^^^^^^^^^^^^^^^^^^^^^^^[0m
  [90m1709 |[0m [36mexport[0m { [36mdefault[0m [36mas[0m [33mZoomIn[0m } [36mfrom[0m [32m'./zoom-in.mjs'[0m;
  [90m1710 |[0m [36mexport[0m { [36mdefault[0m [36mas[0m [33mZoomOut[0m } [36mfrom[0m [32m'./zoom-out.mjs'[0m;
  [90m1711 |[0m [90m//# sourceMappingURL=index.mjs.map[0m



Import traces:
  Client Component Browser:
    ./.gemini/antigravity/scratch/teacher-tracking/node_modules/lucide-react/dist/esm/icons/index.mjs [Client Component Browser]
    ./.gemini/antigravity/scratch/teacher-tracking/node_modules/lucide-react/dist/esm/lucide-react.mjs [Client Component Browser]
    ./.gemini/antigravity/scratch/teacher-tracking/src/components/pages/DailyTasksPage.tsx [Client Component Browser]
    ./.gemini/antigravity/scratch/teacher-tracking/src/components/AppShell.tsx [Client Component Browser]
    ./.gemini/antigravity/scratch/teacher-tracking/src/app/page.tsx [Client Component Browser]
    ./.gemini/antigravity/scratch/teacher-tracking/src/app/page.tsx [Server Component]

  Client Component SSR:
    ./.gemini/antigravity/scratch/teacher-tracking/node_modules/lucide-react/dist/esm/icons/index.mjs [Client Component SSR]
    ./.gemini/antigravity/scratch/teacher-tracking/node_modules/lucide-react/dist/esm/lucide-react.mjs [Client Component SSR]
    ./.gemini/antigravity/scratch/teacher-tracking/src/components/pages/DailyTasksPage.tsx [Client Component SSR]
    ./.gemini/antigravity/scratch/teacher-tracking/src/components/AppShell.tsx [Client Component SSR]
    ./.gemini/antigravity/scratch/teacher-tracking/src/app/page.tsx [Client Component SSR]
    ./.gemini/antigravity/scratch/teacher-tracking/src/app/page.tsx [Server Component]

https://nextjs.org/docs/messages/module-not-found


./.gemini/antigravity/scratch/teacher-tracking/node_modules/lucide-react/dist/esm/icons/index.mjs:1709:1
Module not found: Can't resolve './zoom-in.mjs'
  [90m1707 |[0m [36mexport[0m { [36mdefault[0m [36mas[0m [33mZodiacTaurus[0m } [36mfrom[0m [32m'./zodiac-taurus.mjs'[0m;
  [90m1708 |[0m [36mexport[0m { [36mdefault[0m [36mas[0m [33mZodiacVirgo[0m } [36mfrom[0m [32m'./zodiac-virgo.mjs'[0m;
[31m[1m>[0m [90m1709 |[0m [36mexport[0m { [36mdefault[0m [36mas[0m [33mZoomIn[0m } [36mfrom[0m [32m'./zoom-in.mjs'[0m;
  [90m     |[0m [31m[1m^^^^^^^^^^^^^^^^^^^^^^^^^^^^^^^^^^^^^^^^^^^^^^^^^^[0m
  [90m1710 |[0m [36mexport[0m { [36mdefault[0m [36mas[0m [33mZoomOut[0m } [36mfrom[0m [32m'./zoom-out.mjs'[0m;
  [90m1711 |[0m [90m//# sourceMappingURL=index.mjs.map[0m
  [90m1712 |[0m



Import traces:
  Client Component Browser:
    ./.gemini/antigravity/scratch/teacher-tracking/node_modules/lucide-react/dist/esm/icons/index.mjs [Client Component Browser]
    ./.gemini/antigravity/scratch/teacher-tracking/node_modules/lucide-react/dist/esm/lucide-react.mjs [Client Component Browser]
    ./.gemini/antigravity/scratch/teacher-tracking/src/components/pages/DailyTasksPage.tsx [Client Component Browser]
    ./.gemini/antigravity/scratch/teacher-tracking/src/components/AppShell.tsx [Client Component Browser]
    ./.gemini/antigravity/scratch/teacher-tracking/src/app/page.tsx [Client Component Browser]
    ./.gemini/antigravity/scratch/teacher-tracking/src/app/page.tsx [Server Component]

  Client Component SSR:
    ./.gemini/antigravity/scratch/teacher-tracking/node_modules/lucide-react/dist/esm/icons/index.mjs [Client Component SSR]
    ./.gemini/antigravity/scratch/teacher-tracking/node_modules/lucide-react/dist/esm/lucide-react.mjs [Client Component SSR]
    ./.gemini/antigravity/scratch/teacher-tracking/src/components/pages/DailyTasksPage.tsx [Client Component SSR]
    ./.gemini/antigravity/scratch/teacher-tracking/src/components/AppShell.tsx [Client Component SSR]
    ./.gemini/antigravity/scratch/teacher-tracking/src/app/page.tsx [Client Component SSR]
    ./.gemini/antigravity/scratch/teacher-tracking/src/app/page.tsx [Server Component]

https://nextjs.org/docs/messages/module-not-found


./.gemini/antigravity/scratch/teacher-tracking/node_modules/lucide-react/dist/esm/icons/index.mjs:1710:1
Module not found: Can't resolve './zoom-out.mjs'
  [90m1708 |[0m [36mexport[0m { [36mdefault[0m [36mas[0m [33mZodiacVirgo[0m } [36mfrom[0m [32m'./zodiac-virgo.mjs'[0m;
  [90m1709 |[0m [36mexport[0m { [36mdefault[0m [36mas[0m [33mZoomIn[0m } [36mfrom[0m [32m'./zoom-in.mjs'[0m;
[31m[1m>[0m [90m1710 |[0m [36mexport[0m { [36mdefault[0m [36mas[0m [33mZoomOut[0m } [36mfrom[0m [32m'./zoom-out.mjs'[0m;
  [90m     |[0m [31m[1m^^^^^^^^^^^^^^^^^^^^^^^^^^^^^^^^^^^^^^^^^^^^^^^^^^^^[0m
  [90m1711 |[0m [90m//# sourceMappingURL=index.mjs.map[0m
  [90m1712 |[0m



Import traces:
  Client Component Browser:
    ./.gemini/antigravity/scratch/teacher-tracking/node_modules/lucide-react/dist/esm/icons/index.mjs [Client Component Browser]
    ./.gemini/antigravity/scratch/teacher-tracking/node_modules/lucide-react/dist/esm/lucide-react.mjs [Client Component Browser]
    ./.gemini/antigravity/scratch/teacher-tracking/src/components/pages/DailyTasksPage.tsx [Client Component Browser]
    ./.gemini/antigravity/scratch/teacher-tracking/src/components/AppShell.tsx [Client Component Browser]
    ./.gemini/antigravity/scratch/teacher-tracking/src/app/page.tsx [Client Component Browser]
    ./.gemini/antigravity/scratch/teacher-tracking/src/app/page.tsx [Server Component]

  Client Component SSR:
    ./.gemini/antigravity/scratch/teacher-tracking/node_modules/lucide-react/dist/esm/icons/index.mjs [Client Component SSR]
    ./.gemini/antigravity/scratch/teacher-tracking/node_modules/lucide-react/dist/esm/lucide-react.mjs [Client Component SSR]
    ./.gemini/antigravity/scratch/teacher-tracking/src/components/pages/DailyTasksPage.tsx [Client Component SSR]
    ./.gemini/antigravity/scratch/teacher-tracking/src/components/AppShell.tsx [Client Component SSR]
    ./.gemini/antigravity/scratch/teacher-tracking/src/app/page.tsx [Client Component SSR]
    ./.gemini/antigravity/scratch/teacher-tracking/src/app/page.tsx [Server Component]

https://nextjs.org/docs/messages/module-not-found


./.gemini/antigravity/scratch/teacher-tracking/node_modules/lucide-react/dist/esm/icons/index.mjs:1147:1
Export default doesn't exist in target module
  [90m1145 |[0m [36mexport[0m { [36mdefault[0m [36mas[0m [33mPhilippinePeso[0m } [36mfrom[0m [32m'./philippine-peso.mjs'[0m;
  [90m1146 |[0m [36mexport[0m { [36mdefault[0m [36mas[0m [33mPhoneForwarded[0m } [36mfrom[0m [32m'./phone-forwarded.mjs'[0m;
[31m[1m>[0m [90m1147 |[0m [36mexport[0m { [36mdefault[0m [36mas[0m [33mPhoneIncoming[0m } [36mfrom[0m [32m'./phone-incoming.mjs'[0m;
  [90m     |[0m [31m[1m^^^^^^^^^^^^^^^^^^^^^^^^^^^^^^^^^^^^^^^^^^^^^^^^^^^^^^^^^^^^^^^^[0m
  [90m1148 |[0m [36mexport[0m { [36mdefault[0m [36mas[0m [33mPhoneMissed[0m } [36mfrom[0m [32m'./phone-missed.mjs'[0m;
  [90m1149 |[0m [36mexport[0m { [36mdefault[0m [36mas[0m [33mPhoneOff[0m } [36mfrom[0m [32m'./phone-off.mjs'[0m;
  [90m1150 |[0m [36mexport[0m { [36mdefault[0m [36mas[0m [33mPhoneOutgoing[0m } [36mfrom[0m [32m'./phone-outgoing.mjs'[0m;

The export default was not found in module [project]/.gemini/antigravity/scratch/teacher-tracking/node_modules/lucide-react/dist/esm/icons/phone-incoming.mjs [app-client] (ecmascript).
The module has no exports at all.
All exports of the module are statically known (It doesn't have dynamic exports). So it's known statically that the requested export doesn't exist.

Import traces:
  Client Component Browser:
    ./.gemini/antigravity/scratch/teacher-tracking/node_modules/lucide-react/dist/esm/icons/index.mjs [Client Component Browser]
    ./.gemini/antigravity/scratch/teacher-tracking/node_modules/lucide-react/dist/esm/lucide-react.mjs [Client Component Browser]
    ./.gemini/antigravity/scratch/teacher-tracking/src/components/pages/DailyTasksPage.tsx [Client Component Browser]
    ./.gemini/antigravity/scratch/teacher-tracking/src/components/AppShell.tsx [Client Component Browser]
    ./.gemini/antigravity/scratch/teacher-tracking/src/app/page.tsx [Client Component Browser]
    ./.gemini/antigravity/scratch/teacher-tracking/src/app/page.tsx [Server Component]

  Client Component SSR:
    ./.gemini/antigravity/scratch/teacher-tracking/node_modules/lucide-react/dist/esm/icons/index.mjs [Client Component SSR]
    ./.gemini/antigravity/scratch/teacher-tracking/node_modules/lucide-react/dist/esm/lucide-react.mjs [Client Component SSR]
    ./.gemini/antigravity/scratch/teacher-tracking/src/components/pages/DailyTasksPage.tsx [Client Component SSR]
    ./.gemini/antigravity/scratch/teacher-tracking/src/components/AppShell.tsx [Client Component SSR]
    ./.gemini/antigravity/scratch/teacher-tracking/src/app/page.tsx [Client Component SSR]
    ./.gemini/antigravity/scratch/teacher-tracking/src/app/page.tsx [Server Component]


./.gemini/antigravity/scratch/teacher-tracking/node_modules/lucide-react/dist/esm/icons/index.mjs:1147:1
Export default doesn't exist in target module
  [90m1145 |[0m [36mexport[0m { [36mdefault[0m [36mas[0m [33mPhilippinePeso[0m } [36mfrom[0m [32m'./philippine-peso.mjs'[0m;
  [90m1146 |[0m [36mexport[0m { [36mdefault[0m [36mas[0m [33mPhoneForwarded[0m } [36mfrom[0m [32m'./phone-forwarded.mjs'[0m;
[31m[1m>[0m [90m1147 |[0m [36mexport[0m { [36mdefault[0m [36mas[0m [33mPhoneIncoming[0m } [36mfrom[0m [32m'./phone-incoming.mjs'[0m;
  [90m     |[0m [31m[1m^^^^^^^^^^^^^^^^^^^^^^^^^^^^^^^^^^^^^^^^^^^^^^^^^^^^^^^^^^^^^^^^[0m
  [90m1148 |[0m [36mexport[0m { [36mdefault[0m [36mas[0m [33mPhoneMissed[0m } [36mfrom[0m [32m'./phone-missed.mjs'[0m;
  [90m1149 |[0m [36mexport[0m { [36mdefault[0m [36mas[0m [33mPhoneOff[0m } [36mfrom[0m [32m'./phone-off.mjs'[0m;
  [90m1150 |[0m [36mexport[0m { [36mdefault[0m [36mas[0m [33mPhoneOutgoing[0m } [36mfrom[0m [32m'./phone-outgoing.mjs'[0m;

The export default was not found in module [project]/.gemini/antigravity/scratch/teacher-tracking/node_modules/lucide-react/dist/esm/icons/phone-incoming.mjs [app-ssr] (ecmascript).
The module has no exports at all.
All exports of the module are statically known (It doesn't have dynamic exports). So it's known statically that the requested export doesn't exist.

Import traces:
  Client Component Browser:
    ./.gemini/antigravity/scratch/teacher-tracking/node_modules/lucide-react/dist/esm/icons/index.mjs [Client Component Browser]
    ./.gemini/antigravity/scratch/teacher-tracking/node_modules/lucide-react/dist/esm/lucide-react.mjs [Client Component Browser]
    ./.gemini/antigravity/scratch/teacher-tracking/src/components/pages/DailyTasksPage.tsx [Client Component Browser]
    ./.gemini/antigravity/scratch/teacher-tracking/src/components/AppShell.tsx [Client Component Browser]
    ./.gemini/antigravity/scratch/teacher-tracking/src/app/page.tsx [Client Component Browser]
    ./.gemini/antigravity/scratch/teacher-tracking/src/app/page.tsx [Server Component]

  Client Component SSR:
    ./.gemini/antigravity/scratch/teacher-tracking/node_modules/lucide-react/dist/esm/icons/index.mjs [Client Component SSR]
    ./.gemini/antigravity/scratch/teacher-tracking/node_modules/lucide-react/dist/esm/lucide-react.mjs [Client Component SSR]
    ./.gemini/antigravity/scratch/teacher-tracking/src/components/pages/DailyTasksPage.tsx [Client Component SSR]
    ./.gemini/antigravity/scratch/teacher-tracking/src/components/AppShell.tsx [Client Component SSR]
    ./.gemini/antigravity/scratch/teacher-tracking/src/app/page.tsx [Client Component SSR]
    ./.gemini/antigravity/scratch/teacher-tracking/src/app/page.tsx [Server Component]


./.gemini/antigravity/scratch/teacher-tracking/node_modules/lucide-react/dist/esm/lucide-react.mjs:1238:1
Export default doesn't exist in target module
  [90m1236 |[0m ...[33ml[0m, [36mdefault[0m [36mas[0m [33mPhoneCall[0m, [36mdefault[0m [36mas[0m [33mPhoneCallIcon[0m } [36mfrom[0m [32m'./icons...[0m
  [90m1237 |[0m ...[33mwarded[0m, [36mdefault[0m [36mas[0m [33mPhoneForwarded[0m, [36mdefault[0m [36mas[0m [33mPhoneForwardedIcon[0m ..[36m.[0m
[31m[1m>[0m [90m1238 |[0m ...[33moming[0m, [36mdefault[0m [36mas[0m [33mPhoneIncoming[0m, [36mdefault[0m [36mas[0m [33mPhoneIncomingIcon[0m } [36mf...[0m
  [90m     |[0m    [31m[1m^^^^^^^^^^^^^^^^^^^^^^^^^^^^^^^^^^^^^^^^^^^^^^^^^^^^^^^^^^^^^^^^^^^^[0m
  [90m1239 |[0m ...[33msed[0m, [36mdefault[0m [36mas[0m [33mPhoneMissed[0m, [36mdefault[0m [36mas[0m [33mPhoneMissedIcon[0m } [36mfrom[0m [32m'....[0m
  [90m1240 |[0m ..., [36mdefault[0m [36mas[0m [33mPhoneOff[0m, [36mdefault[0m [36mas[0m [33mPhoneOffIcon[0m } [36mfrom[0m [32m'./icons/ph...[0m
  [90m1241 |[0m ...[33mgoing[0m, [36mdefault[0m [36mas[0m [33mPhoneOutgoing[0m, [36mdefault[0m [36mas[0m [33mPhoneOutgoingIcon[0m } [36mf...[0m

The export default was not found in module [project]/.gemini/antigravity/scratch/teacher-tracking/node_modules/lucide-react/dist/esm/icons/phone-incoming.mjs [app-client] (ecmascript).
The module has no exports at all.
All exports of the module are statically known (It doesn't have dynamic exports). So it's known statically that the requested export doesn't exist.

Import traces:
  Client Component Browser:
    ./.gemini/antigravity/scratch/teacher-tracking/node_modules/lucide-react/dist/esm/lucide-react.mjs [Client Component Browser]
    ./.gemini/antigravity/scratch/teacher-tracking/src/components/pages/DailyTasksPage.tsx [Client Component Browser]
    ./.gemini/antigravity/scratch/teacher-tracking/src/components/AppShell.tsx [Client Component Browser]
    ./.gemini/antigravity/scratch/teacher-tracking/src/app/page.tsx [Client Component Browser]
    ./.gemini/antigravity/scratch/teacher-tracking/src/app/page.tsx [Server Component]

  Client Component SSR:
    ./.gemini/antigravity/scratch/teacher-tracking/node_modules/lucide-react/dist/esm/lucide-react.mjs [Client Component SSR]
    ./.gemini/antigravity/scratch/teacher-tracking/src/components/pages/DailyTasksPage.tsx [Client Component SSR]
    ./.gemini/antigravity/scratch/teacher-tracking/src/components/AppShell.tsx [Client Component SSR]
    ./.gemini/antigravity/scratch/teacher-tracking/src/app/page.tsx [Client Component SSR]
    ./.gemini/antigravity/scratch/teacher-tracking/src/app/page.tsx [Server Component]


./.gemini/antigravity/scratch/teacher-tracking/node_modules/lucide-react/dist/esm/lucide-react.mjs:1238:1
Export default doesn't exist in target module
  [90m1236 |[0m ...[33ml[0m, [36mdefault[0m [36mas[0m [33mPhoneCall[0m, [36mdefault[0m [36mas[0m [33mPhoneCallIcon[0m } [36mfrom[0m [32m'./icons...[0m
  [90m1237 |[0m ...[33mwarded[0m, [36mdefault[0m [36mas[0m [33mPhoneForwarded[0m, [36mdefault[0m [36mas[0m [33mPhoneForwardedIcon[0m ..[36m.[0m
[31m[1m>[0m [90m1238 |[0m ...[33moming[0m, [36mdefault[0m [36mas[0m [33mPhoneIncoming[0m, [36mdefault[0m [36mas[0m [33mPhoneIncomingIcon[0m } [36mf...[0m
  [90m     |[0m    [31m[1m^^^^^^^^^^^^^^^^^^^^^^^^^^^^^^^^^^^^^^^^^^^^^^^^^^^^^^^^^^^^^^^^^^^^[0m
  [90m1239 |[0m ...[33msed[0m, [36mdefault[0m [36mas[0m [33mPhoneMissed[0m, [36mdefault[0m [36mas[0m [33mPhoneMissedIcon[0m } [36mfrom[0m [32m'....[0m
  [90m1240 |[0m ..., [36mdefault[0m [36mas[0m [33mPhoneOff[0m, [36mdefault[0m [36mas[0m [33mPhoneOffIcon[0m } [36mfrom[0m [32m'./icons/ph...[0m
  [90m1241 |[0m ...[33mgoing[0m, [36mdefault[0m [36mas[0m [33mPhoneOutgoing[0m, [36mdefault[0m [36mas[0m [33mPhoneOutgoingIcon[0m } [36mf...[0m

The export default was not found in module [project]/.gemini/antigravity/scratch/teacher-tracking/node_modules/lucide-react/dist/esm/icons/phone-incoming.mjs [app-ssr] (ecmascript).
The module has no exports at all.
All exports of the module are statically known (It doesn't have dynamic exports). So it's known statically that the requested export doesn't exist.

Import traces:
  Client Component Browser:
    ./.gemini/antigravity/scratch/teacher-tracking/node_modules/lucide-react/dist/esm/lucide-react.mjs [Client Component Browser]
    ./.gemini/antigravity/scratch/teacher-tracking/src/components/pages/DailyTasksPage.tsx [Client Component Browser]
    ./.gemini/antigravity/scratch/teacher-tracking/src/components/AppShell.tsx [Client Component Browser]
    ./.gemini/antigravity/scratch/teacher-tracking/src/app/page.tsx [Client Component Browser]
    ./.gemini/antigravity/scratch/teacher-tracking/src/app/page.tsx [Server Component]

  Client Component SSR:
    ./.gemini/antigravity/scratch/teacher-tracking/node_modules/lucide-react/dist/esm/lucide-react.mjs [Client Component SSR]
    ./.gemini/antigravity/scratch/teacher-tracking/src/components/pages/DailyTasksPage.tsx [Client Component SSR]
    ./.gemini/antigravity/scratch/teacher-tracking/src/components/AppShell.tsx [Client Component SSR]
    ./.gemini/antigravity/scratch/teacher-tracking/src/app/page.tsx [Client Component SSR]
    ./.gemini/antigravity/scratch/teacher-tracking/src/app/page.tsx [Server Component]


    at <unknown> (https://nextjs.org/docs/messages/module-not-found)
    at <unknown> (https://nextjs.org/docs/messages/module-not-found)
    at <unknown> (https://nextjs.org/docs/messages/module-not-found)
    at <unknown> (https://nextjs.org/docs/messages/module-not-found)
    at <unknown> (https://nextjs.org/docs/messages/module-not-found)
    at <unknown> (https://nextjs.org/docs/messages/module-not-found)
    at <unknown> (https://nextjs.org/docs/messages/module-not-found)
    at <unknown> (https://nextjs.org/docs/messages/module-not-found)
    at <unknown> (https://nextjs.org/docs/messages/module-not-found)
    at <unknown> (https://nextjs.org/docs/messages/module-not-found)
    at <unknown> (https://nextjs.org/docs/messages/module-not-found)
    at <unknown> (https://nextjs.org/docs/messages/module-not-found)
    at <unknown> (https://nextjs.org/docs/messages/module-not-found)
    at <unknown> (https://nextjs.org/docs/messages/module-not-found)
    at <unknown> (https://nextjs.org/docs/messages/module-not-found)
    at <unknown> (https://nextjs.org/docs/messages/module-not-found)
    at <unknown> (https://nextjs.org/docs/messages/module-not-found)
    at <unknown> (https://nextjs.org/docs/messages/module-not-found)
    at <unknown> (https://nextjs.org/docs/messages/module-not-found)
    at <unknown> (https://nextjs.org/docs/messages/module-not-found)
    at <unknown> (https://nextjs.org/docs/messages/module-not-found)
    at <unknown> (https://nextjs.org/docs/messages/module-not-found)
    at <unknown> (https://nextjs.org/docs/messages/module-not-found)
    at <unknown> (https://nextjs.org/docs/messages/module-not-found)
    at <unknown> (https://nextjs.org/docs/messages/module-not-found)
    at <unknown> (https://nextjs.org/docs/messages/module-not-found)
    at <unknown> (https://nextjs.org/docs/messages/module-not-found)
    at <unknown> (https://nextjs.org/docs/messages/module-not-found)
    at <unknown> (https://nextjs.org/docs/messages/module-not-found)
    at <unknown> (https://nextjs.org/docs/messages/module-not-found)
    at <unknown> (https://nextjs.org/docs/messages/module-not-found)
    at <unknown> (https://nextjs.org/docs/messages/module-not-found)
    at <unknown> (https://nextjs.org/docs/messages/module-not-found)
    at <unknown> (https://nextjs.org/docs/messages/module-not-found)
    at <unknown> (https://nextjs.org/docs/messages/module-not-found)
    at <unknown> (https://nextjs.org/docs/messages/module-not-found)
    at <unknown> (https://nextjs.org/docs/messages/module-not-found)
    at <unknown> (https://nextjs.org/docs/messages/module-not-found)
    at <unknown> (https://nextjs.org/docs/messages/module-not-found)
    at <unknown> (https://nextjs.org/docs/messages/module-not-found)
    at <unknown> (https://nextjs.org/docs/messages/module-not-found)
    at <unknown> (https://nextjs.org/docs/messages/module-not-found)
    at <unknown> (https://nextjs.org/docs/messages/module-not-found)
    at <unknown> (https://nextjs.org/docs/messages/module-not-found)
    at <unknown> (https://nextjs.org/docs/messages/module-not-found)
    at <unknown> (https://nextjs.org/docs/messages/module-not-found)
    at <unknown> (https://nextjs.org/docs/messages/module-not-found)
    at <unknown> (https://nextjs.org/docs/messages/module-not-found)
    at <unknown> (https://nextjs.org/docs/messages/module-not-found)
    at <unknown> (https://nextjs.org/docs/messages/module-not-found)
    at <unknown> (https://nextjs.org/docs/messages/module-not-found)
    at <unknown> (https://nextjs.org/docs/messages/module-not-found)
    at <unknown> (https://nextjs.org/docs/messages/module-not-found)
    at <unknown> (https://nextjs.org/docs/messages/module-not-found)
    at <unknown> (https://nextjs.org/docs/messages/module-not-found)
    at <unknown> (https://nextjs.org/docs/messages/module-not-found)
    at <unknown> (https://nextjs.org/docs/messages/module-not-found)
    at <unknown> (https://nextjs.org/docs/messages/module-not-found)
    at <unknown> (https://nextjs.org/docs/messages/module-not-found)
    at <unknown> (https://nextjs.org/docs/messages/module-not-found)
    at <unknown> (https://nextjs.org/docs/messages/module-not-found)
    at <unknown> (https://nextjs.org/docs/messages/module-not-found)
    at <unknown> (https://nextjs.org/docs/messages/module-not-found)
    at <unknown> (https://nextjs.org/docs/messages/module-not-found)
    at <unknown> (https://nextjs.org/docs/messages/module-not-found)
    at <unknown> (https://nextjs.org/docs/messages/module-not-found)
    at <unknown> (https://nextjs.org/docs/messages/module-not-found)
    at <unknown> (https://nextjs.org/docs/messages/module-not-found)
    at <unknown> (https://nextjs.org/docs/messages/module-not-found)
    at <unknown> (https://nextjs.org/docs/messages/module-not-found)
    at <unknown> (https://nextjs.org/docs/messages/module-not-found)
    at <unknown> (https://nextjs.org/docs/messages/module-not-found)
    at <unknown> (https://nextjs.org/docs/messages/module-not-found)
    at <unknown> (https://nextjs.org/docs/messages/module-not-found)
    at <unknown> (https://nextjs.org/docs/messages/module-not-found)
    at <unknown> (https://nextjs.org/docs/messages/module-not-found)
    at <unknown> (https://nextjs.org/docs/messages/module-not-found)
    at <unknown> (https://nextjs.org/docs/messages/module-not-found)
    at <unknown> (https://nextjs.org/docs/messages/module-not-found)
    at <unknown> (https://nextjs.org/docs/messages/module-not-found)
    at <unknown> (https://nextjs.org/docs/messages/module-not-found)
    at <unknown> (https://nextjs.org/docs/messages/module-not-found)
    at <unknown> (https://nextjs.org/docs/messages/module-not-found)
    at <unknown> (https://nextjs.org/docs/messages/module-not-found)
    at <unknown> (https://nextjs.org/docs/messages/module-not-found)
    at <unknown> (https://nextjs.org/docs/messages/module-not-found)
    at <unknown> (https://nextjs.org/docs/messages/module-not-found)
    at <unknown> (https://nextjs.org/docs/messages/module-not-found)
    at <unknown> (https://nextjs.org/docs/messages/module-not-found)
    at <unknown> (https://nextjs.org/docs/messages/module-not-found)
    at <unknown> (https://nextjs.org/docs/messages/module-not-found)
    at <unknown> (https://nextjs.org/docs/messages/module-not-found)
    at <unknown> (https://nextjs.org/docs/messages/module-not-found)
    at <unknown> (https://nextjs.org/docs/messages/module-not-found)
    at <unknown> (https://nextjs.org/docs/messages/module-not-found)
    at <unknown> (https://nextjs.org/docs/messages/module-not-found)
    at <unknown> (https://nextjs.org/docs/messages/module-not-found)
    at <unknown> (https://nextjs.org/docs/messages/module-not-found)
    at <unknown> (https://nextjs.org/docs/messages/module-not-found)
    at <unknown> (https://nextjs.org/docs/messages/module-not-found)
    at <unknown> (https://nextjs.org/docs/messages/module-not-found)
    at <unknown> (https://nextjs.org/docs/messages/module-not-found)
    at <unknown> (https://nextjs.org/docs/messages/module-not-found)
    at <unknown> (https://nextjs.org/docs/messages/module-not-found)
    at <unknown> (https://nextjs.org/docs/messages/module-not-found)
    at <unknown> (https://nextjs.org/docs/messages/module-not-found)
    at <unknown> (https://nextjs.org/docs/messages/module-not-found)
    at <unknown> (https://nextjs.org/docs/messages/module-not-found)
    at <unknown> (https://nextjs.org/docs/messages/module-not-found)
    at <unknown> (https://nextjs.org/docs/messages/module-not-found)
    at <unknown> (https://nextjs.org/docs/messages/module-not-found)
    at <unknown> (https://nextjs.org/docs/messages/module-not-found)
    at <unknown> (https://nextjs.org/docs/messages/module-not-found)
    at <unknown> (https://nextjs.org/docs/messages/module-not-found)
    at <unknown> (https://nextjs.org/docs/messages/module-not-found)
    at <unknown> (https://nextjs.org/docs/messages/module-not-found)
    at <unknown> (https://nextjs.org/docs/messages/module-not-found)
    at <unknown> (https://nextjs.org/docs/messages/module-not-found)
    at <unknown> (https://nextjs.org/docs/messages/module-not-found)
    at <unknown> (https://nextjs.org/docs/messages/module-not-found)
    at <unknown> (https://nextjs.org/docs/messages/module-not-found)
    at <unknown> (https://nextjs.org/docs/messages/module-not-found)
    at <unknown> (https://nextjs.org/docs/messages/module-not-found)
    at <unknown> (https://nextjs.org/docs/messages/module-not-found)
    at <unknown> (https://nextjs.org/docs/messages/module-not-found)
    at <unknown> (https://nextjs.org/docs/messages/module-not-found)
    at <unknown> (https://nextjs.org/docs/messages/module-not-found)
    at <unknown> (https://nextjs.org/docs/messages/module-not-found)
    at <unknown> (https://nextjs.org/docs/messages/module-not-found)
    at <unknown> (https://nextjs.org/docs/messages/module-not-found)
    at <unknown> (https://nextjs.org/docs/messages/module-not-found)
    at <unknown> (https://nextjs.org/docs/messages/module-not-found)
    at <unknown> (https://nextjs.org/docs/messages/module-not-found)
    at <unknown> (https://nextjs.org/docs/messages/module-not-found)
    at <unknown> (https://nextjs.org/docs/messages/module-not-found)
    at <unknown> (https://nextjs.org/docs/messages/module-not-found)
    at <unknown> (https://nextjs.org/docs/messages/module-not-found)
    at <unknown> (https://nextjs.org/docs/messages/module-not-found)
    at <unknown> (https://nextjs.org/docs/messages/module-not-found)
    at <unknown> (https://nextjs.org/docs/messages/module-not-found)
    at <unknown> (https://nextjs.org/docs/messages/module-not-found)
    at <unknown> (https://nextjs.org/docs/messages/module-not-found)
    at <unknown> (https://nextjs.org/docs/messages/module-not-found)
    at <unknown> (https://nextjs.org/docs/messages/module-not-found)
    at <unknown> (https://nextjs.org/docs/messages/module-not-found)
    at <unknown> (https://nextjs.org/docs/messages/module-not-found)
    at <unknown> (https://nextjs.org/docs/messages/module-not-found)
    at <unknown> (https://nextjs.org/docs/messages/module-not-found)
    at <unknown> (https://nextjs.org/docs/messages/module-not-found)
    at <unknown> (https://nextjs.org/docs/messages/module-not-found)
    at <unknown> (https://nextjs.org/docs/messages/module-not-found)
    at <unknown> (https://nextjs.org/docs/messages/module-not-found)
    at <unknown> (https://nextjs.org/docs/messages/module-not-found)
    at <unknown> (https://nextjs.org/docs/messages/module-not-found)
    at <unknown> (https://nextjs.org/docs/messages/module-not-found)
    at <unknown> (https://nextjs.org/docs/messages/module-not-found)
    at <unknown> (https://nextjs.org/docs/messages/module-not-found)
    at <unknown> (https://nextjs.org/docs/messages/module-not-found)
    at <unknown> (https://nextjs.org/docs/messages/module-not-found)
    at <unknown> (https://nextjs.org/docs/messages/module-not-found)
    at <unknown> (https://nextjs.org/docs/messages/module-not-found)
    at <unknown> (https://nextjs.org/docs/messages/module-not-found)
    at <unknown> (https://nextjs.org/docs/messages/module-not-found)
    at <unknown> (https://nextjs.org/docs/messages/module-not-found)
    at <unknown> (https://nextjs.org/docs/messages/module-not-found)
    at <unknown> (https://nextjs.org/docs/messages/module-not-found)
    at <unknown> (https://nextjs.org/docs/messages/module-not-found)
    at <unknown> (https://nextjs.org/docs/messages/module-not-found)
    at <unknown> (https://nextjs.org/docs/messages/module-not-found)
    at <unknown> (https://nextjs.org/docs/messages/module-not-found)
    at <unknown> (https://nextjs.org/docs/messages/module-not-found)
    at <unknown> (https://nextjs.org/docs/messages/module-not-found)
    at <unknown> (https://nextjs.org/docs/messages/module-not-found)
    at <unknown> (https://nextjs.org/docs/messages/module-not-found)
    at <unknown> (https://nextjs.org/docs/messages/module-not-found)
    at <unknown> (https://nextjs.org/docs/messages/module-not-found)
    at <unknown> (https://nextjs.org/docs/messages/module-not-found)
    at <unknown> (https://nextjs.org/docs/messages/module-not-found)
    at <unknown> (https://nextjs.org/docs/messages/module-not-found)
    at <unknown> (https://nextjs.org/docs/messages/module-not-found)
    at <unknown> (https://nextjs.org/docs/messages/module-not-found)
    at <unknown> (https://nextjs.org/docs/messages/module-not-found)
    at <unknown> (https://nextjs.org/docs/messages/module-not-found)
    at <unknown> (https://nextjs.org/docs/messages/module-not-found)
    at <unknown> (https://nextjs.org/docs/messages/module-not-found)
    at <unknown> (https://nextjs.org/docs/messages/module-not-found)
    at <unknown> (https://nextjs.org/docs/messages/module-not-found)
    at <unknown> (https://nextjs.org/docs/messages/module-not-found)
    at <unknown> (https://nextjs.org/docs/messages/module-not-found)
    at <unknown> (https://nextjs.org/docs/messages/module-not-found)
    at <unknown> (https://nextjs.org/docs/messages/module-not-found)
    at <unknown> (https://nextjs.org/docs/messages/module-not-found)
    at <unknown> (https://nextjs.org/docs/messages/module-not-found)
    at <unknown> (https://nextjs.org/docs/messages/module-not-found)
    at <unknown> (https://nextjs.org/docs/messages/module-not-found)
    at <unknown> (https://nextjs.org/docs/messages/module-not-found)
    at <unknown> (https://nextjs.org/docs/messages/module-not-found)
    at <unknown> (https://nextjs.org/docs/messages/module-not-found)
    at <unknown> (https://nextjs.org/docs/messages/module-not-found)
    at <unknown> (https://nextjs.org/docs/messages/module-not-found)
    at <unknown> (https://nextjs.org/docs/messages/module-not-found)
    at <unknown> (https://nextjs.org/docs/messages/module-not-found)
    at <unknown> (https://nextjs.org/docs/messages/module-not-found)
    at <unknown> (https://nextjs.org/docs/messages/module-not-found)
    at <unknown> (https://nextjs.org/docs/messages/module-not-found)
    at <unknown> (https://nextjs.org/docs/messages/module-not-found)
    at <unknown> (https://nextjs.org/docs/messages/module-not-found)
    at <unknown> (https://nextjs.org/docs/messages/module-not-found)
    at <unknown> (https://nextjs.org/docs/messages/module-not-found)
    at <unknown> (https://nextjs.org/docs/messages/module-not-found)
    at <unknown> (https://nextjs.org/docs/messages/module-not-found)
    at <unknown> (https://nextjs.org/docs/messages/module-not-found)
    at <unknown> (https://nextjs.org/docs/messages/module-not-found)
    at <unknown> (https://nextjs.org/docs/messages/module-not-found)
    at <unknown> (https://nextjs.org/docs/messages/module-not-found)
    at <unknown> (https://nextjs.org/docs/messages/module-not-found)
    at <unknown> (https://nextjs.org/docs/messages/module-not-found)
    at <unknown> (https://nextjs.org/docs/messages/module-not-found)
    at <unknown> (https://nextjs.org/docs/messages/module-not-found)
    at <unknown> (https://nextjs.org/docs/messages/module-not-found)
    at <unknown> (https://nextjs.org/docs/messages/module-not-found)
    at <unknown> (https://nextjs.org/docs/messages/module-not-found)
    at <unknown> (https://nextjs.org/docs/messages/module-not-found)
    at <unknown> (https://nextjs.org/docs/messages/module-not-found)
    at <unknown> (https://nextjs.org/docs/messages/module-not-found)
    at <unknown> (https://nextjs.org/docs/messages/module-not-found)
    at <unknown> (https://nextjs.org/docs/messages/module-not-found)
    at <unknown> (https://nextjs.org/docs/messages/module-not-found)
    at <unknown> (https://nextjs.org/docs/messages/module-not-found)
    at <unknown> (https://nextjs.org/docs/messages/module-not-found)
    at <unknown> (https://nextjs.org/docs/messages/module-not-found)
    at <unknown> (https://nextjs.org/docs/messages/module-not-found)
    at <unknown> (https://nextjs.org/docs/messages/module-not-found)
    at <unknown> (https://nextjs.org/docs/messages/module-not-found)
    at <unknown> (https://nextjs.org/docs/messages/module-not-found)
    at <unknown> (https://nextjs.org/docs/messages/module-not-found)
    at <unknown> (https://nextjs.org/docs/messages/module-not-found)
    at <unknown> (https://nextjs.org/docs/messages/module-not-found)
    at <unknown> (https://nextjs.org/docs/messages/module-not-found)
    at <unknown> (https://nextjs.org/docs/messages/module-not-found)
    at <unknown> (https://nextjs.org/docs/messages/module-not-found)
    at <unknown> (https://nextjs.org/docs/messages/module-not-found)
    at <unknown> (https://nextjs.org/docs/messages/module-not-found)
    at <unknown> (https://nextjs.org/docs/messages/module-not-found)
    at <unknown> (https://nextjs.org/docs/messages/module-not-found)
    at <unknown> (https://nextjs.org/docs/messages/module-not-found)
    at <unknown> (https://nextjs.org/docs/messages/module-not-found)
    at <unknown> (https://nextjs.org/docs/messages/module-not-found)
    at <unknown> (https://nextjs.org/docs/messages/module-not-found)
    at <unknown> (https://nextjs.org/docs/messages/module-not-found)
    at <unknown> (https://nextjs.org/docs/messages/module-not-found)
    at <unknown> (https://nextjs.org/docs/messages/module-not-found)
    at <unknown> (https://nextjs.org/docs/messages/module-not-found)
    at <unknown> (https://nextjs.org/docs/messages/module-not-found)
    at <unknown> (https://nextjs.org/docs/messages/module-not-found)
    at <unknown> (https://nextjs.org/docs/messages/module-not-found)
    at <unknown> (https://nextjs.org/docs/messages/module-not-found)
    at <unknown> (https://nextjs.org/docs/messages/module-not-found)
    at <unknown> (https://nextjs.org/docs/messages/module-not-found)
    at <unknown> (https://nextjs.org/docs/messages/module-not-found)
    at <unknown> (https://nextjs.org/docs/messages/module-not-found)
    at <unknown> (https://nextjs.org/docs/messages/module-not-found)
    at <unknown> (https://nextjs.org/docs/messages/module-not-found)
    at <unknown> (https://nextjs.org/docs/messages/module-not-found)
    at <unknown> (https://nextjs.org/docs/messages/module-not-found)
    at <unknown> (https://nextjs.org/docs/messages/module-not-found)
    at <unknown> (https://nextjs.org/docs/messages/module-not-found)
    at <unknown> (https://nextjs.org/docs/messages/module-not-found)
    at <unknown> (https://nextjs.org/docs/messages/module-not-found)
    at <unknown> (https://nextjs.org/docs/messages/module-not-found)
    at <unknown> (https://nextjs.org/docs/messages/module-not-found)
    at <unknown> (https://nextjs.org/docs/messages/module-not-found)
    at <unknown> (https://nextjs.org/docs/messages/module-not-found)
    at <unknown> (https://nextjs.org/docs/messages/module-not-found)
    at <unknown> (https://nextjs.org/docs/messages/module-not-found)
    at <unknown> (https://nextjs.org/docs/messages/module-not-found)
    at <unknown> (https://nextjs.org/docs/messages/module-not-found)
    at <unknown> (https://nextjs.org/docs/messages/module-not-found)
    at <unknown> (https://nextjs.org/docs/messages/module-not-found)
    at <unknown> (https://nextjs.org/docs/messages/module-not-found)
    at <unknown> (https://nextjs.org/docs/messages/module-not-found)
    at <unknown> (https://nextjs.org/docs/messages/module-not-found)
    at <unknown> (https://nextjs.org/docs/messages/module-not-found)
    at <unknown> (https://nextjs.org/docs/messages/module-not-found)
    at <unknown> (https://nextjs.org/docs/messages/module-not-found)
    at <unknown> (https://nextjs.org/docs/messages/module-not-found)
    at <unknown> (https://nextjs.org/docs/messages/module-not-found)
    at <unknown> (https://nextjs.org/docs/messages/module-not-found)
    at <unknown> (https://nextjs.org/docs/messages/module-not-found)
    at <unknown> (https://nextjs.org/docs/messages/module-not-found)
    at <unknown> (https://nextjs.org/docs/messages/module-not-found)
    at <unknown> (https://nextjs.org/docs/messages/module-not-found)
    at <unknown> (https://nextjs.org/docs/messages/module-not-found)
    at <unknown> (https://nextjs.org/docs/messages/module-not-found)
    at <unknown> (https://nextjs.org/docs/messages/module-not-found)
    at <unknown> (https://nextjs.org/docs/messages/module-not-found)
    at <unknown> (https://nextjs.org/docs/messages/module-not-found)
    at <unknown> (https://nextjs.org/docs/messages/module-not-found)
    at <unknown> (https://nextjs.org/docs/messages/module-not-found)
    at <unknown> (https://nextjs.org/docs/messages/module-not-found)
    at <unknown> (https://nextjs.org/docs/messages/module-not-found)
    at <unknown> (https://nextjs.org/docs/messages/module-not-found)
    at <unknown> (https://nextjs.org/docs/messages/module-not-found)
    at <unknown> (https://nextjs.org/docs/messages/module-not-found)
    at <unknown> (https://nextjs.org/docs/messages/module-not-found)
    at <unknown> (https://nextjs.org/docs/messages/module-not-found)
    at <unknown> (https://nextjs.org/docs/messages/module-not-found)
    at <unknown> (https://nextjs.org/docs/messages/module-not-found)
    at <unknown> (https://nextjs.org/docs/messages/module-not-found)
    at <unknown> (https://nextjs.org/docs/messages/module-not-found)
    at <unknown> (https://nextjs.org/docs/messages/module-not-found)
    at <unknown> (https://nextjs.org/docs/messages/module-not-found)
    at <unknown> (https://nextjs.org/docs/messages/module-not-found)
    at <unknown> (https://nextjs.org/docs/messages/module-not-found)
    at <unknown> (https://nextjs.org/docs/messages/module-not-found)
    at <unknown> (https://nextjs.org/docs/messages/module-not-found)
    at <unknown> (https://nextjs.org/docs/messages/module-not-found)
    at <unknown> (https://nextjs.org/docs/messages/module-not-found)
    at <unknown> (https://nextjs.org/docs/messages/module-not-found)
    at <unknown> (https://nextjs.org/docs/messages/module-not-found)
    at <unknown> (https://nextjs.org/docs/messages/module-not-found)
    at <unknown> (https://nextjs.org/docs/messages/module-not-found)
    at <unknown> (https://nextjs.org/docs/messages/module-not-found)
    at <unknown> (https://nextjs.org/docs/messages/module-not-found)
    at <unknown> (https://nextjs.org/docs/messages/module-not-found)
    at <unknown> (https://nextjs.org/docs/messages/module-not-found)
    at <unknown> (https://nextjs.org/docs/messages/module-not-found)
    at <unknown> (https://nextjs.org/docs/messages/module-not-found)
    at <unknown> (https://nextjs.org/docs/messages/module-not-found)
    at <unknown> (https://nextjs.org/docs/messages/module-not-found)
    at <unknown> (https://nextjs.org/docs/messages/module-not-found)
    at <unknown> (https://nextjs.org/docs/messages/module-not-found)
    at <unknown> (https://nextjs.org/docs/messages/module-not-found)
    at <unknown> (https://nextjs.org/docs/messages/module-not-found)
    at <unknown> (https://nextjs.org/docs/messages/module-not-found)
    at <unknown> (https://nextjs.org/docs/messages/module-not-found)
    at <unknown> (https://nextjs.org/docs/messages/module-not-found)
    at <unknown> (https://nextjs.org/docs/messages/module-not-found)
    at <unknown> (https://nextjs.org/docs/messages/module-not-found)
    at <unknown> (https://nextjs.org/docs/messages/module-not-found)
    at <unknown> (https://nextjs.org/docs/messages/module-not-found)
    at <unknown> (https://nextjs.org/docs/messages/module-not-found)
    at <unknown> (https://nextjs.org/docs/messages/module-not-found)
    at <unknown> (https://nextjs.org/docs/messages/module-not-found)
    at <unknown> (https://nextjs.org/docs/messages/module-not-found)
    at <unknown> (https://nextjs.org/docs/messages/module-not-found)
    at <unknown> (https://nextjs.org/docs/messages/module-not-found)
    at <unknown> (https://nextjs.org/docs/messages/module-not-found)
    at <unknown> (https://nextjs.org/docs/messages/module-not-found)
    at <unknown> (https://nextjs.org/docs/messages/module-not-found)
    at <unknown> (https://nextjs.org/docs/messages/module-not-found)
    at <unknown> (https://nextjs.org/docs/messages/module-not-found)
    at <unknown> (https://nextjs.org/docs/messages/module-not-found)
    at <unknown> (https://nextjs.org/docs/messages/module-not-found)
    at <unknown> (https://nextjs.org/docs/messages/module-not-found)
    at <unknown> (https://nextjs.org/docs/messages/module-not-found)
    at <unknown> (https://nextjs.org/docs/messages/module-not-found)
    at <unknown> (https://nextjs.org/docs/messages/module-not-found)
    at <unknown> (https://nextjs.org/docs/messages/module-not-found)
    at <unknown> (https://nextjs.org/docs/messages/module-not-found)
    at <unknown> (https://nextjs.org/docs/messages/module-not-found)
    at <unknown> (https://nextjs.org/docs/messages/module-not-found)
    at <unknown> (https://nextjs.org/docs/messages/module-not-found)
    at <unknown> (https://nextjs.org/docs/messages/module-not-found)
    at <unknown> (https://nextjs.org/docs/messages/module-not-found)
    at <unknown> (https://nextjs.org/docs/messages/module-not-found)
    at <unknown> (https://nextjs.org/docs/messages/module-not-found)
    at <unknown> (https://nextjs.org/docs/messages/module-not-found)
    at <unknown> (https://nextjs.org/docs/messages/module-not-found)
    at <unknown> (https://nextjs.org/docs/messages/module-not-found)
    at <unknown> (https://nextjs.org/docs/messages/module-not-found)
    at <unknown> (https://nextjs.org/docs/messages/module-not-found)
    at <unknown> (https://nextjs.org/docs/messages/module-not-found)
    at <unknown> (https://nextjs.org/docs/messages/module-not-found)
    at <unknown> (https://nextjs.org/docs/messages/module-not-found)
    at <unknown> (https://nextjs.org/docs/messages/module-not-found)
    at <unknown> (https://nextjs.org/docs/messages/module-not-found)
    at <unknown> (https://nextjs.org/docs/messages/module-not-found)
    at <unknown> (https://nextjs.org/docs/messages/module-not-found)
    at <unknown> (https://nextjs.org/docs/messages/module-not-found)
    at <unknown> (https://nextjs.org/docs/messages/module-not-found)
    at <unknown> (https://nextjs.org/docs/messages/module-not-found)
    at <unknown> (https://nextjs.org/docs/messages/module-not-found)
    at <unknown> (https://nextjs.org/docs/messages/module-not-found)
    at <unknown> (https://nextjs.org/docs/messages/module-not-found)
    at <unknown> (https://nextjs.org/docs/messages/module-not-found)
    at <unknown> (https://nextjs.org/docs/messages/module-not-found)
    at <unknown> (https://nextjs.org/docs/messages/module-not-found)
    at <unknown> (https://nextjs.org/docs/messages/module-not-found)
    at <unknown> (https://nextjs.org/docs/messages/module-not-found)
    at <unknown> (https://nextjs.org/docs/messages/module-not-found)
    at <unknown> (https://nextjs.org/docs/messages/module-not-found)
    at <unknown> (https://nextjs.org/docs/messages/module-not-found)
    at <unknown> (https://nextjs.org/docs/messages/module-not-found)
    at <unknown> (https://nextjs.org/docs/messages/module-not-found)
    at <unknown> (https://nextjs.org/docs/messages/module-not-found)
    at <unknown> (https://nextjs.org/docs/messages/module-not-found)
    at <unknown> (https://nextjs.org/docs/messages/module-not-found)
    at <unknown> (https://nextjs.org/docs/messages/module-not-found)
    at <unknown> (https://nextjs.org/docs/messages/module-not-found)
    at <unknown> (https://nextjs.org/docs/messages/module-not-found)
    at <unknown> (https://nextjs.org/docs/messages/module-not-found)
    at <unknown> (https://nextjs.org/docs/messages/module-not-found)
    at <unknown> (https://nextjs.org/docs/messages/module-not-found)
    at <unknown> (https://nextjs.org/docs/messages/module-not-found)
    at <unknown> (https://nextjs.org/docs/messages/module-not-found)
    at <unknown> (https://nextjs.org/docs/messages/module-not-found)
    at <unknown> (https://nextjs.org/docs/messages/module-not-found)
    at <unknown> (https://nextjs.org/docs/messages/module-not-found)
    at <unknown> (https://nextjs.org/docs/messages/module-not-found)
    at <unknown> (https://nextjs.org/docs/messages/module-not-found)
    at <unknown> (https://nextjs.org/docs/messages/module-not-found)
    at <unknown> (https://nextjs.org/docs/messages/module-not-found)
    at <unknown> (https://nextjs.org/docs/messages/module-not-found)
    at <unknown> (https://nextjs.org/docs/messages/module-not-found)
    at <unknown> (https://nextjs.org/docs/messages/module-not-found)
    at <unknown> (https://nextjs.org/docs/messages/module-not-found)
    at <unknown> (https://nextjs.org/docs/messages/module-not-found)
    at <unknown> (https://nextjs.org/docs/messages/module-not-found)
    at <unknown> (https://nextjs.org/docs/messages/module-not-found)
    at <unknown> (https://nextjs.org/docs/messages/module-not-found)
    at <unknown> (https://nextjs.org/docs/messages/module-not-found)
    at <unknown> (https://nextjs.org/docs/messages/module-not-found)
    at <unknown> (https://nextjs.org/docs/messages/module-not-found)
    at <unknown> (https://nextjs.org/docs/messages/module-not-found)
    at <unknown> (https://nextjs.org/docs/messages/module-not-found)
    at <unknown> (https://nextjs.org/docs/messages/module-not-found)
    at <unknown> (https://nextjs.org/docs/messages/module-not-found)
    at <unknown> (https://nextjs.org/docs/messages/module-not-found)
    at <unknown> (https://nextjs.org/docs/messages/module-not-found)
    at <unknown> (https://nextjs.org/docs/messages/module-not-found)
    at <unknown> (https://nextjs.org/docs/messages/module-not-found)
    at <unknown> (https://nextjs.org/docs/messages/module-not-found)
    at <unknown> (https://nextjs.org/docs/messages/module-not-found)
    at <unknown> (https://nextjs.org/docs/messages/module-not-found)
    at <unknown> (https://nextjs.org/docs/messages/module-not-found)
    at <unknown> (https://nextjs.org/docs/messages/module-not-found)
    at <unknown> (https://nextjs.org/docs/messages/module-not-found)
    at <unknown> (https://nextjs.org/docs/messages/module-not-found)
    at <unknown> (https://nextjs.org/docs/messages/module-not-found)
    at <unknown> (https://nextjs.org/docs/messages/module-not-found)
    at <unknown> (https://nextjs.org/docs/messages/module-not-found)
    at <unknown> (https://nextjs.org/docs/messages/module-not-found)
    at <unknown> (https://nextjs.org/docs/messages/module-not-found)
    at <unknown> (https://nextjs.org/docs/messages/module-not-found)
    at <unknown> (https://nextjs.org/docs/messages/module-not-found)
    at <unknown> (https://nextjs.org/docs/messages/module-not-found)
    at <unknown> (https://nextjs.org/docs/messages/module-not-found)
    at <unknown> (https://nextjs.org/docs/messages/module-not-found)
    at <unknown> (https://nextjs.org/docs/messages/module-not-found)
    at <unknown> (https://nextjs.org/docs/messages/module-not-found)
    at <unknown> (https://nextjs.org/docs/messages/module-not-found)
    at <unknown> (https://nextjs.org/docs/messages/module-not-found)
    at <unknown> (https://nextjs.org/docs/messages/module-not-found)
    at <unknown> (https://nextjs.org/docs/messages/module-not-found)
    at <unknown> (https://nextjs.org/docs/messages/module-not-found)
    at <unknown> (https://nextjs.org/docs/messages/module-not-found)
    at <unknown> (https://nextjs.org/docs/messages/module-not-found)
    at <unknown> (https://nextjs.org/docs/messages/module-not-found)
    at <unknown> (https://nextjs.org/docs/messages/module-not-found)
    at <unknown> (https://nextjs.org/docs/messages/module-not-found)
    at <unknown> (https://nextjs.org/docs/messages/module-not-found)
    at <unknown> (https://nextjs.org/docs/messages/module-not-found)
    at <unknown> (https://nextjs.org/docs/messages/module-not-found)
    at <unknown> (https://nextjs.org/docs/messages/module-not-found)
    at <unknown> (https://nextjs.org/docs/messages/module-not-found)
    at <unknown> (https://nextjs.org/docs/messages/module-not-found)
    at <unknown> (https://nextjs.org/docs/messages/module-not-found)
    at <unknown> (https://nextjs.org/docs/messages/module-not-found)
    at <unknown> (https://nextjs.org/docs/messages/module-not-found)
    at <unknown> (https://nextjs.org/docs/messages/module-not-found)
    at <unknown> (https://nextjs.org/docs/messages/module-not-found)
    at <unknown> (https://nextjs.org/docs/messages/module-not-found)
    at <unknown> (https://nextjs.org/docs/messages/module-not-found)
    at <unknown> (https://nextjs.org/docs/messages/module-not-found)
    at <unknown> (https://nextjs.org/docs/messages/module-not-found)
    at <unknown> (https://nextjs.org/docs/messages/module-not-found)
    at <unknown> (https://nextjs.org/docs/messages/module-not-found)
    at <unknown> (https://nextjs.org/docs/messages/module-not-found)
    at <unknown> (https://nextjs.org/docs/messages/module-not-found)
    at <unknown> (https://nextjs.org/docs/messages/module-not-found)
    at <unknown> (https://nextjs.org/docs/messages/module-not-found)
    at <unknown> (https://nextjs.org/docs/messages/module-not-found)
    at <unknown> (https://nextjs.org/docs/messages/module-not-found)
    at <unknown> (https://nextjs.org/docs/messages/module-not-found)
    at <unknown> (https://nextjs.org/docs/messages/module-not-found)
    at <unknown> (https://nextjs.org/docs/messages/module-not-found)
    at <unknown> (https://nextjs.org/docs/messages/module-not-found)
    at <unknown> (https://nextjs.org/docs/messages/module-not-found)
    at <unknown> (https://nextjs.org/docs/messages/module-not-found)
    at <unknown> (https://nextjs.org/docs/messages/module-not-found)
    at <unknown> (https://nextjs.org/docs/messages/module-not-found)
    at <unknown> (https://nextjs.org/docs/messages/module-not-found)
    at <unknown> (https://nextjs.org/docs/messages/module-not-found)
    at <unknown> (https://nextjs.org/docs/messages/module-not-found)
    at <unknown> (https://nextjs.org/docs/messages/module-not-found)
    at <unknown> (https://nextjs.org/docs/messages/module-not-found)
    at <unknown> (https://nextjs.org/docs/messages/module-not-found)
    at <unknown> (https://nextjs.org/docs/messages/module-not-found)
    at <unknown> (https://nextjs.org/docs/messages/module-not-found)
    at <unknown> (https://nextjs.org/docs/messages/module-not-found)
    at <unknown> (https://nextjs.org/docs/messages/module-not-found)
    at <unknown> (https://nextjs.org/docs/messages/module-not-found)
    at <unknown> (https://nextjs.org/docs/messages/module-not-found)
    at <unknown> (https://nextjs.org/docs/messages/module-not-found)
    at <unknown> (https://nextjs.org/docs/messages/module-not-found)
    at <unknown> (https://nextjs.org/docs/messages/module-not-found)
    at <unknown> (https://nextjs.org/docs/messages/module-not-found)
    at <unknown> (https://nextjs.org/docs/messages/module-not-found)
    at <unknown> (https://nextjs.org/docs/messages/module-not-found)
    at <unknown> (https://nextjs.org/docs/messages/module-not-found)
    at <unknown> (https://nextjs.org/docs/messages/module-not-found)
    at <unknown> (https://nextjs.org/docs/messages/module-not-found)
    at <unknown> (https://nextjs.org/docs/messages/module-not-found)
    at <unknown> (https://nextjs.org/docs/messages/module-not-found)
    at <unknown> (https://nextjs.org/docs/messages/module-not-found)
    at <unknown> (https://nextjs.org/docs/messages/module-not-found)
    at <unknown> (https://nextjs.org/docs/messages/module-not-found)
    at <unknown> (https://nextjs.org/docs/messages/module-not-found)
    at <unknown> (https://nextjs.org/docs/messages/module-not-found)
    at <unknown> (https://nextjs.org/docs/messages/module-not-found)
    at <unknown> (https://nextjs.org/docs/messages/module-not-found)
    at <unknown> (https://nextjs.org/docs/messages/module-not-found)
    at <unknown> (https://nextjs.org/docs/messages/module-not-found)
    at <unknown> (https://nextjs.org/docs/messages/module-not-found)
    at <unknown> (https://nextjs.org/docs/messages/module-not-found)
    at <unknown> (https://nextjs.org/docs/messages/module-not-found)
    at <unknown> (https://nextjs.org/docs/messages/module-not-found)
    at <unknown> (https://nextjs.org/docs/messages/module-not-found)
    at <unknown> (https://nextjs.org/docs/messages/module-not-found)
    at <unknown> (https://nextjs.org/docs/messages/module-not-found)
    at <unknown> (https://nextjs.org/docs/messages/module-not-found)
    at <unknown> (https://nextjs.org/docs/messages/module-not-found)
    at <unknown> (https://nextjs.org/docs/messages/module-not-found)
    at <unknown> (https://nextjs.org/docs/messages/module-not-found)
    at <unknown> (https://nextjs.org/docs/messages/module-not-found)
    at <unknown> (https://nextjs.org/docs/messages/module-not-found)
    at <unknown> (https://nextjs.org/docs/messages/module-not-found)
    at <unknown> (https://nextjs.org/docs/messages/module-not-found)
    at <unknown> (https://nextjs.org/docs/messages/module-not-found)
    at <unknown> (https://nextjs.org/docs/messages/module-not-found)
    at <unknown> (https://nextjs.org/docs/messages/module-not-found)
    at <unknown> (https://nextjs.org/docs/messages/module-not-found)
    at <unknown> (https://nextjs.org/docs/messages/module-not-found)
    at <unknown> (https://nextjs.org/docs/messages/module-not-found)
    at <unknown> (https://nextjs.org/docs/messages/module-not-found)
    at <unknown> (https://nextjs.org/docs/messages/module-not-found)
    at <unknown> (https://nextjs.org/docs/messages/module-not-found)
    at <unknown> (https://nextjs.org/docs/messages/module-not-found)
    at <unknown> (https://nextjs.org/docs/messages/module-not-found)
    at <unknown> (https://nextjs.org/docs/messages/module-not-found)
    at <unknown> (https://nextjs.org/docs/messages/module-not-found)
    at <unknown> (https://nextjs.org/docs/messages/module-not-found)
    at <unknown> (https://nextjs.org/docs/messages/module-not-found)
    at <unknown> (https://nextjs.org/docs/messages/module-not-found)
    at <unknown> (https://nextjs.org/docs/messages/module-not-found)
    at <unknown> (https://nextjs.org/docs/messages/module-not-found)
    at <unknown> (https://nextjs.org/docs/messages/module-not-found)
    at <unknown> (https://nextjs.org/docs/messages/module-not-found)
    at <unknown> (https://nextjs.org/docs/messages/module-not-found)
    at <unknown> (https://nextjs.org/docs/messages/module-not-found)
    at <unknown> (https://nextjs.org/docs/messages/module-not-found)
    at <unknown> (https://nextjs.org/docs/messages/module-not-found)
    at <unknown> (https://nextjs.org/docs/messages/module-not-found)
    at <unknown> (https://nextjs.org/docs/messages/module-not-found)
    at <unknown> (https://nextjs.org/docs/messages/module-not-found)
    at <unknown> (https://nextjs.org/docs/messages/module-not-found)
    at <unknown> (https://nextjs.org/docs/messages/module-not-found)
    at <unknown> (https://nextjs.org/docs/messages/module-not-found)
    at <unknown> (https://nextjs.org/docs/messages/module-not-found)
    at <unknown> (https://nextjs.org/docs/messages/module-not-found)
    at <unknown> (https://nextjs.org/docs/messages/module-not-found)
    at <unknown> (https://nextjs.org/docs/messages/module-not-found)
    at <unknown> (https://nextjs.org/docs/messages/module-not-found)
    at <unknown> (https://nextjs.org/docs/messages/module-not-found)
    at <unknown> (https://nextjs.org/docs/messages/module-not-found)
    at <unknown> (https://nextjs.org/docs/messages/module-not-found)
    at <unknown> (https://nextjs.org/docs/messages/module-not-found)
    at <unknown> (https://nextjs.org/docs/messages/module-not-found)
    at <unknown> (https://nextjs.org/docs/messages/module-not-found)
    at <unknown> (https://nextjs.org/docs/messages/module-not-found)
    at <unknown> (https://nextjs.org/docs/messages/module-not-found)
    at <unknown> (https://nextjs.org/docs/messages/module-not-found)
    at <unknown> (https://nextjs.org/docs/messages/module-not-found)
    at <unknown> (https://nextjs.org/docs/messages/module-not-found)
    at <unknown> (https://nextjs.org/docs/messages/module-not-found)
    at <unknown> (https://nextjs.org/docs/messages/module-not-found)
    at <unknown> (https://nextjs.org/docs/messages/module-not-found)
    at <unknown> (https://nextjs.org/docs/messages/module-not-found)
    at <unknown> (https://nextjs.org/docs/messages/module-not-found)
    at <unknown> (https://nextjs.org/docs/messages/module-not-found)
    at <unknown> (https://nextjs.org/docs/messages/module-not-found)
    at <unknown> (https://nextjs.org/docs/messages/module-not-found)
    at <unknown> (https://nextjs.org/docs/messages/module-not-found)
    at <unknown> (https://nextjs.org/docs/messages/module-not-found)
    at <unknown> (https://nextjs.org/docs/messages/module-not-found)
    at <unknown> (https://nextjs.org/docs/messages/module-not-found)
    at <unknown> (https://nextjs.org/docs/messages/module-not-found)
    at <unknown> (https://nextjs.org/docs/messages/module-not-found)
    at <unknown> (https://nextjs.org/docs/messages/module-not-found)
    at <unknown> (https://nextjs.org/docs/messages/module-not-found)
    at <unknown> (https://nextjs.org/docs/messages/module-not-found)
    at <unknown> (https://nextjs.org/docs/messages/module-not-found)
    at <unknown> (https://nextjs.org/docs/messages/module-not-found)
    at <unknown> (https://nextjs.org/docs/messages/module-not-found)
    at <unknown> (https://nextjs.org/docs/messages/module-not-found)
    at <unknown> (https://nextjs.org/docs/messages/module-not-found)
    at <unknown> (https://nextjs.org/docs/messages/module-not-found)
    at <unknown> (https://nextjs.org/docs/messages/module-not-found)
    at <unknown> (https://nextjs.org/docs/messages/module-not-found)
    at <unknown> (https://nextjs.org/docs/messages/module-not-found)
    at <unknown> (https://nextjs.org/docs/messages/module-not-found)
    at <unknown> (https://nextjs.org/docs/messages/module-not-found)
    at <unknown> (https://nextjs.org/docs/messages/module-not-found)
    at <unknown> (https://nextjs.org/docs/messages/module-not-found)
    at <unknown> (https://nextjs.org/docs/messages/module-not-found)
    at <unknown> (https://nextjs.org/docs/messages/module-not-found)
    at <unknown> (https://nextjs.org/docs/messages/module-not-found)
    at <unknown> (https://nextjs.org/docs/messages/module-not-found)
    at <unknown> (https://nextjs.org/docs/messages/module-not-found)
    at <unknown> (https://nextjs.org/docs/messages/module-not-found)
    at <unknown> (https://nextjs.org/docs/messages/module-not-found)
    at <unknown> (https://nextjs.org/docs/messages/module-not-found)
    at <unknown> (https://nextjs.org/docs/messages/module-not-found)
    at <unknown> (https://nextjs.org/docs/messages/module-not-found)
    at <unknown> (https://nextjs.org/docs/messages/module-not-found)
    at <unknown> (https://nextjs.org/docs/messages/module-not-found)
    at <unknown> (https://nextjs.org/docs/messages/module-not-found)
    at <unknown> (https://nextjs.org/docs/messages/module-not-found)
    at <unknown> (https://nextjs.org/docs/messages/module-not-found)
    at <unknown> (https://nextjs.org/docs/messages/module-not-found)
    at <unknown> (https://nextjs.org/docs/messages/module-not-found)
    at <unknown> (https://nextjs.org/docs/messages/module-not-found)
    at <unknown> (https://nextjs.org/docs/messages/module-not-found)
    at <unknown> (https://nextjs.org/docs/messages/module-not-found)
    at <unknown> (https://nextjs.org/docs/messages/module-not-found)
    at <unknown> (https://nextjs.org/docs/messages/module-not-found)
    at <unknown> (https://nextjs.org/docs/messages/module-not-found)
    at <unknown> (https://nextjs.org/docs/messages/module-not-found)
    at <unknown> (https://nextjs.org/docs/messages/module-not-found)
    at <unknown> (https://nextjs.org/docs/messages/module-not-found)
    at <unknown> (https://nextjs.org/docs/messages/module-not-found)
    at <unknown> (https://nextjs.org/docs/messages/module-not-found)
    at <unknown> (https://nextjs.org/docs/messages/module-not-found)
    at <unknown> (https://nextjs.org/docs/messages/module-not-found)
    at <unknown> (https://nextjs.org/docs/messages/module-not-found)
    at <unknown> (https://nextjs.org/docs/messages/module-not-found)
    at <unknown> (https://nextjs.org/docs/messages/module-not-found)
    at <unknown> (https://nextjs.org/docs/messages/module-not-found)
    at <unknown> (https://nextjs.org/docs/messages/module-not-found)
    at <unknown> (https://nextjs.org/docs/messages/module-not-found)
    at <unknown> (https://nextjs.org/docs/messages/module-not-found)
    at <unknown> (https://nextjs.org/docs/messages/module-not-found)
    at <unknown> (https://nextjs.org/docs/messages/module-not-found)
    at <unknown> (https://nextjs.org/docs/messages/module-not-found)
    at <unknown> (https://nextjs.org/docs/messages/module-not-found)
    at <unknown> (https://nextjs.org/docs/messages/module-not-found)
    at <unknown> (https://nextjs.org/docs/messages/module-not-found)
    at <unknown> (https://nextjs.org/docs/messages/module-not-found)
    at <unknown> (https://nextjs.org/docs/messages/module-not-found)
    at <unknown> (https://nextjs.org/docs/messages/module-not-found)
    at <unknown> (https://nextjs.org/docs/messages/module-not-found)
    at <unknown> (https://nextjs.org/docs/messages/module-not-found)
    at <unknown> (https://nextjs.org/docs/messages/module-not-found)
    at <unknown> (https://nextjs.org/docs/messages/module-not-found)
    at <unknown> (https://nextjs.org/docs/messages/module-not-found)
    at <unknown> (https://nextjs.org/docs/messages/module-not-found)
    at <unknown> (https://nextjs.org/docs/messages/module-not-found)
    at <unknown> (https://nextjs.org/docs/messages/module-not-found)
    at <unknown> (https://nextjs.org/docs/messages/module-not-found)
    at <unknown> (https://nextjs.org/docs/messages/module-not-found)
    at <unknown> (https://nextjs.org/docs/messages/module-not-found)
    at <unknown> (https://nextjs.org/docs/messages/module-not-found)
    at <unknown> (https://nextjs.org/docs/messages/module-not-found)
    at <unknown> (https://nextjs.org/docs/messages/module-not-found)
    at <unknown> (https://nextjs.org/docs/messages/module-not-found)
    at <unknown> (https://nextjs.org/docs/messages/module-not-found)
    at <unknown> (https://nextjs.org/docs/messages/module-not-found)
    at <unknown> (https://nextjs.org/docs/messages/module-not-found)
    at <unknown> (https://nextjs.org/docs/messages/module-not-found)
    at <unknown> (https://nextjs.org/docs/messages/module-not-found)
    at <unknown> (https://nextjs.org/docs/messages/module-not-found)
    at <unknown> (https://nextjs.org/docs/messages/module-not-found)
    at <unknown> (https://nextjs.org/docs/messages/module-not-found)
    at <unknown> (https://nextjs.org/docs/messages/module-not-found)
    at <unknown> (https://nextjs.org/docs/messages/module-not-found)
    at <unknown> (https://nextjs.org/docs/messages/module-not-found)
    at <unknown> (https://nextjs.org/docs/messages/module-not-found)
    at <unknown> (https://nextjs.org/docs/messages/module-not-found)
    at <unknown> (https://nextjs.org/docs/messages/module-not-found)
    at <unknown> (https://nextjs.org/docs/messages/module-not-found)
    at <unknown> (https://nextjs.org/docs/messages/module-not-found)
    at <unknown> (https://nextjs.org/docs/messages/module-not-found)
    at <unknown> (https://nextjs.org/docs/messages/module-not-found)
    at <unknown> (https://nextjs.org/docs/messages/module-not-found)
    at <unknown> (https://nextjs.org/docs/messages/module-not-found)
    at <unknown> (https://nextjs.org/docs/messages/module-not-found)
    at <unknown> (https://nextjs.org/docs/messages/module-not-found)
    at <unknown> (https://nextjs.org/docs/messages/module-not-found)
    at <unknown> (https://nextjs.org/docs/messages/module-not-found)
    at <unknown> (https://nextjs.org/docs/messages/module-not-found)
    at <unknown> (https://nextjs.org/docs/messages/module-not-found)
    at <unknown> (https://nextjs.org/docs/messages/module-not-found)
    at <unknown> (https://nextjs.org/docs/messages/module-not-found)
    at <unknown> (https://nextjs.org/docs/messages/module-not-found)
    at <unknown> (https://nextjs.org/docs/messages/module-not-found)
    at <unknown> (https://nextjs.org/docs/messages/module-not-found)
    at <unknown> (https://nextjs.org/docs/messages/module-not-found)
    at <unknown> (https://nextjs.org/docs/messages/module-not-found)
    at <unknown> (https://nextjs.org/docs/messages/module-not-found)
    at <unknown> (https://nextjs.org/docs/messages/module-not-found)
    at <unknown> (https://nextjs.org/docs/messages/module-not-found)
    at <unknown> (https://nextjs.org/docs/messages/module-not-found)
    at <unknown> (https://nextjs.org/docs/messages/module-not-found)
    at <unknown> (https://nextjs.org/docs/messages/module-not-found)
    at <unknown> (https://nextjs.org/docs/messages/module-not-found)
    at <unknown> (https://nextjs.org/docs/messages/module-not-found)
    at <unknown> (https://nextjs.org/docs/messages/module-not-found)
    at <unknown> (https://nextjs.org/docs/messages/module-not-found)
    at <unknown> (https://nextjs.org/docs/messages/module-not-found)
    at <unknown> (https://nextjs.org/docs/messages/module-not-found)
    at <unknown> (https://nextjs.org/docs/messages/module-not-found)
    at <unknown> (https://nextjs.org/docs/messages/module-not-found)
    at <unknown> (https://nextjs.org/docs/messages/module-not-found)
    at <unknown> (https://nextjs.org/docs/messages/module-not-found)
    at <unknown> (https://nextjs.org/docs/messages/module-not-found)
    at <unknown> (https://nextjs.org/docs/messages/module-not-found)
    at <unknown> (https://nextjs.org/docs/messages/module-not-found)
    at <unknown> (https://nextjs.org/docs/messages/module-not-found)
    at <unknown> (https://nextjs.org/docs/messages/module-not-found)
    at <unknown> (https://nextjs.org/docs/messages/module-not-found)
    at <unknown> (https://nextjs.org/docs/messages/module-not-found)
    at <unknown> (https://nextjs.org/docs/messages/module-not-found)
    at <unknown> (https://nextjs.org/docs/messages/module-not-found)
    at <unknown> (https://nextjs.org/docs/messages/module-not-found)
    at <unknown> (https://nextjs.org/docs/messages/module-not-found)
    at <unknown> (https://nextjs.org/docs/messages/module-not-found)
    at <unknown> (https://nextjs.org/docs/messages/module-not-found)
    at <unknown> (https://nextjs.org/docs/messages/module-not-found)
    at <unknown> (https://nextjs.org/docs/messages/module-not-found)
    at <unknown> (https://nextjs.org/docs/messages/module-not-found)
    at <unknown> (https://nextjs.org/docs/messages/module-not-found)
    at <unknown> (https://nextjs.org/docs/messages/module-not-found)
    at <unknown> (https://nextjs.org/docs/messages/module-not-found)
    at <unknown> (https://nextjs.org/docs/messages/module-not-found)
    at <unknown> (https://nextjs.org/docs/messages/module-not-found)
    at <unknown> (https://nextjs.org/docs/messages/module-not-found)
    at <unknown> (https://nextjs.org/docs/messages/module-not-found)
    at <unknown> (https://nextjs.org/docs/messages/module-not-found)
    at <unknown> (https://nextjs.org/docs/messages/module-not-found)
    at <unknown> (https://nextjs.org/docs/messages/module-not-found)
    at <unknown> (https://nextjs.org/docs/messages/module-not-found)
    at <unknown> (https://nextjs.org/docs/messages/module-not-found)
    at <unknown> (https://nextjs.org/docs/messages/module-not-found)
    at <unknown> (https://nextjs.org/docs/messages/module-not-found)
    at <unknown> (https://nextjs.org/docs/messages/module-not-found)
    at <unknown> (https://nextjs.org/docs/messages/module-not-found)
    at <unknown> (https://nextjs.org/docs/messages/module-not-found)
    at <unknown> (https://nextjs.org/docs/messages/module-not-found)
    at <unknown> (https://nextjs.org/docs/messages/module-not-found)
    at <unknown> (https://nextjs.org/docs/messages/module-not-found)
    at <unknown> (https://nextjs.org/docs/messages/module-not-found)
    at <unknown> (https://nextjs.org/docs/messages/module-not-found)
    at <unknown> (https://nextjs.org/docs/messages/module-not-found)
    at <unknown> (https://nextjs.org/docs/messages/module-not-found)
    at <unknown> (https://nextjs.org/docs/messages/module-not-found)
    at <unknown> (https://nextjs.org/docs/messages/module-not-found)
    at <unknown> (https://nextjs.org/docs/messages/module-not-found)
    at <unknown> (https://nextjs.org/docs/messages/module-not-found)
    at <unknown> (https://nextjs.org/docs/messages/module-not-found)
    at <unknown> (https://nextjs.org/docs/messages/module-not-found)
    at <unknown> (https://nextjs.org/docs/messages/module-not-found)
    at <unknown> (https://nextjs.org/docs/messages/module-not-found)
    at <unknown> (https://nextjs.org/docs/messages/module-not-found)
    at <unknown> (https://nextjs.org/docs/messages/module-not-found)
    at <unknown> (https://nextjs.org/docs/messages/module-not-found)
    at <unknown> (https://nextjs.org/docs/messages/module-not-found)
    at <unknown> (https://nextjs.org/docs/messages/module-not-found)
    at <unknown> (https://nextjs.org/docs/messages/module-not-found)
    at <unknown> (https://nextjs.org/docs/messages/module-not-found)
    at <unknown> (https://nextjs.org/docs/messages/module-not-found)
    at <unknown> (https://nextjs.org/docs/messages/module-not-found)
    at <unknown> (https://nextjs.org/docs/messages/module-not-found)
    at <unknown> (https://nextjs.org/docs/messages/module-not-found)
    at <unknown> (https://nextjs.org/docs/messages/module-not-found)
    at <unknown> (https://nextjs.org/docs/messages/module-not-found)
    at <unknown> (https://nextjs.org/docs/messages/module-not-found)
    at <unknown> (https://nextjs.org/docs/messages/module-not-found)
    at <unknown> (https://nextjs.org/docs/messages/module-not-found)
    at <unknown> (https://nextjs.org/docs/messages/module-not-found)
    at <unknown> (https://nextjs.org/docs/messages/module-not-found)
    at <unknown> (https://nextjs.org/docs/messages/module-not-found)
    at <unknown> (https://nextjs.org/docs/messages/module-not-found)
    at <unknown> (https://nextjs.org/docs/messages/module-not-found)
    at <unknown> (https://nextjs.org/docs/messages/module-not-found)
    at <unknown> (https://nextjs.org/docs/messages/module-not-found)
    at <unknown> (https://nextjs.org/docs/messages/module-not-found)
    at <unknown> (https://nextjs.org/docs/messages/module-not-found)
    at <unknown> (https://nextjs.org/docs/messages/module-not-found)
    at <unknown> (https://nextjs.org/docs/messages/module-not-found)
    at <unknown> (https://nextjs.org/docs/messages/module-not-found)
    at <unknown> (https://nextjs.org/docs/messages/module-not-found)
    at <unknown> (https://nextjs.org/docs/messages/module-not-found)
    at <unknown> (https://nextjs.org/docs/messages/module-not-found)
    at <unknown> (https://nextjs.org/docs/messages/module-not-found)
    at <unknown> (https://nextjs.org/docs/messages/module-not-found)
    at <unknown> (https://nextjs.org/docs/messages/module-not-found)
    at <unknown> (https://nextjs.org/docs/messages/module-not-found)
    at <unknown> (https://nextjs.org/docs/messages/module-not-found)
    at <unknown> (https://nextjs.org/docs/messages/module-not-found)
    at <unknown> (https://nextjs.org/docs/messages/module-not-found)
    at <unknown> (https://nextjs.org/docs/messages/module-not-found)
    at <unknown> (https://nextjs.org/docs/messages/module-not-found)
    at <unknown> (https://nextjs.org/docs/messages/module-not-found)
    at <unknown> (https://nextjs.org/docs/messages/module-not-found)
    at <unknown> (https://nextjs.org/docs/messages/module-not-found)
    at <unknown> (https://nextjs.org/docs/messages/module-not-found)
    at <unknown> (https://nextjs.org/docs/messages/module-not-found)
    at <unknown> (https://nextjs.org/docs/messages/module-not-found)
    at <unknown> (https://nextjs.org/docs/messages/module-not-found)
    at <unknown> (https://nextjs.org/docs/messages/module-not-found)
    at <unknown> (https://nextjs.org/docs/messages/module-not-found)
    at <unknown> (https://nextjs.org/docs/messages/module-not-found)
    at <unknown> (https://nextjs.org/docs/messages/module-not-found)
    at <unknown> (https://nextjs.org/docs/messages/module-not-found)
    at <unknown> (https://nextjs.org/docs/messages/module-not-found)
    at <unknown> (https://nextjs.org/docs/messages/module-not-found)
    at <unknown> (https://nextjs.org/docs/messages/module-not-found)
    at <unknown> (https://nextjs.org/docs/messages/module-not-found)
    at <unknown> (https://nextjs.org/docs/messages/module-not-found)
    at <unknown> (https://nextjs.org/docs/messages/module-not-found)
    at <unknown> (https://nextjs.org/docs/messages/module-not-found)
    at <unknown> (https://nextjs.org/docs/messages/module-not-found)
    at <unknown> (https://nextjs.org/docs/messages/module-not-found)
    at <unknown> (https://nextjs.org/docs/messages/module-not-found)
    at <unknown> (https://nextjs.org/docs/messages/module-not-found)
    at <unknown> (https://nextjs.org/docs/messages/module-not-found)
    at <unknown> (https://nextjs.org/docs/messages/module-not-found)
    at <unknown> (https://nextjs.org/docs/messages/module-not-found)
    at <unknown> (https://nextjs.org/docs/messages/module-not-found)
    at <unknown> (https://nextjs.org/docs/messages/module-not-found)
    at <unknown> (https://nextjs.org/docs/messages/module-not-found)
    at <unknown> (https://nextjs.org/docs/messages/module-not-found)
    at <unknown> (https://nextjs.org/docs/messages/module-not-found)
    at <unknown> (https://nextjs.org/docs/messages/module-not-found)
    at <unknown> (https://nextjs.org/docs/messages/module-not-found)
    at <unknown> (https://nextjs.org/docs/messages/module-not-found)
    at <unknown> (https://nextjs.org/docs/messages/module-not-found)
    at <unknown> (https://nextjs.org/docs/messages/module-not-found)
    at <unknown> (https://nextjs.org/docs/messages/module-not-found)
    at <unknown> (https://nextjs.org/docs/messages/module-not-found)
    at <unknown> (https://nextjs.org/docs/messages/module-not-found)
    at <unknown> (https://nextjs.org/docs/messages/module-not-found)
    at <unknown> (https://nextjs.org/docs/messages/module-not-found)
    at <unknown> (https://nextjs.org/docs/messages/module-not-found)
    at <unknown> (https://nextjs.org/docs/messages/module-not-found)
    at <unknown> (https://nextjs.org/docs/messages/module-not-found)
    at <unknown> (https://nextjs.org/docs/messages/module-not-found)
    at <unknown> (https://nextjs.org/docs/messages/module-not-found)
    at <unknown> (https://nextjs.org/docs/messages/module-not-found)
    at <unknown> (https://nextjs.org/docs/messages/module-not-found)
    at <unknown> (https://nextjs.org/docs/messages/module-not-found)
    at <unknown> (https://nextjs.org/docs/messages/module-not-found)
    at <unknown> (https://nextjs.org/docs/messages/module-not-found)
    at <unknown> (https://nextjs.org/docs/messages/module-not-found)
    at <unknown> (https://nextjs.org/docs/messages/module-not-found)
    at <unknown> (https://nextjs.org/docs/messages/module-not-found)
    at <unknown> (https://nextjs.org/docs/messages/module-not-found)
    at <unknown> (https://nextjs.org/docs/messages/module-not-found)
    at <unknown> (https://nextjs.org/docs/messages/module-not-found)
    at <unknown> (https://nextjs.org/docs/messages/module-not-found)
    at <unknown> (https://nextjs.org/docs/messages/module-not-found)
    at <unknown> (https://nextjs.org/docs/messages/module-not-found)
    at <unknown> (https://nextjs.org/docs/messages/module-not-found)
    at <unknown> (https://nextjs.org/docs/messages/module-not-found)
    at <unknown> (https://nextjs.org/docs/messages/module-not-found)
    at <unknown> (https://nextjs.org/docs/messages/module-not-found)
    at <unknown> (https://nextjs.org/docs/messages/module-not-found)
    at <unknown> (https://nextjs.org/docs/messages/module-not-found)
    at <unknown> (https://nextjs.org/docs/messages/module-not-found)
    at <unknown> (https://nextjs.org/docs/messages/module-not-found)
    at <unknown> (https://nextjs.org/docs/messages/module-not-found)
    at <unknown> (https://nextjs.org/docs/messages/module-not-found)
    at <unknown> (https://nextjs.org/docs/messages/module-not-found)
    at <unknown> (https://nextjs.org/docs/messages/module-not-found)
    at <unknown> (https://nextjs.org/docs/messages/module-not-found)
    at <unknown> (https://nextjs.org/docs/messages/module-not-found)
    at <unknown> (https://nextjs.org/docs/messages/module-not-found)
    at <unknown> (https://nextjs.org/docs/messages/module-not-found)
    at <unknown> (https://nextjs.org/docs/messages/module-not-found)
    at <unknown> (https://nextjs.org/docs/messages/module-not-found)
    at <unknown> (https://nextjs.org/docs/messages/module-not-found)
    at <unknown> (https://nextjs.org/docs/messages/module-not-found)
    at <unknown> (https://nextjs.org/docs/messages/module-not-found)
    at <unknown> (https://nextjs.org/docs/messages/module-not-found)
    at <unknown> (https://nextjs.org/docs/messages/module-not-found)
    at <unknown> (https://nextjs.org/docs/messages/module-not-found)
    at <unknown> (https://nextjs.org/docs/messages/module-not-found)
    at <unknown> (https://nextjs.org/docs/messages/module-not-found)
    at <unknown> (https://nextjs.org/docs/messages/module-not-found)
    at <unknown> (https://nextjs.org/docs/messages/module-not-found)
    at <unknown> (https://nextjs.org/docs/messages/module-not-found)
    at <unknown> (https://nextjs.org/docs/messages/module-not-found)
    at <unknown> (https://nextjs.org/docs/messages/module-not-found)
    at <unknown> (https://nextjs.org/docs/messages/module-not-found)
    at <unknown> (https://nextjs.org/docs/messages/module-not-found)
    at <unknown> (https://nextjs.org/docs/messages/module-not-found)
    at <unknown> (https://nextjs.org/docs/messages/module-not-found)
    at <unknown> (https://nextjs.org/docs/messages/module-not-found)
    at <unknown> (https://nextjs.org/docs/messages/module-not-found)
    at <unknown> (https://nextjs.org/docs/messages/module-not-found)
    at <unknown> (https://nextjs.org/docs/messages/module-not-found)
    at <unknown> (https://nextjs.org/docs/messages/module-not-found)
    at <unknown> (https://nextjs.org/docs/messages/module-not-found)
    at <unknown> (https://nextjs.org/docs/messages/module-not-found)
    at <unknown> (https://nextjs.org/docs/messages/module-not-found)
    at <unknown> (https://nextjs.org/docs/messages/module-not-found)
    at <unknown> (https://nextjs.org/docs/messages/module-not-found)
    at <unknown> (https://nextjs.org/docs/messages/module-not-found)
    at <unknown> (https://nextjs.org/docs/messages/module-not-found)
    at <unknown> (https://nextjs.org/docs/messages/module-not-found)
    at <unknown> (https://nextjs.org/docs/messages/module-not-found)
    at <unknown> (https://nextjs.org/docs/messages/module-not-found)
    at <unknown> (https://nextjs.org/docs/messages/module-not-found)
    at <unknown> (https://nextjs.org/docs/messages/module-not-found)
    at <unknown> (https://nextjs.org/docs/messages/module-not-found)
    at <unknown> (https://nextjs.org/docs/messages/module-not-found)
    at <unknown> (https://nextjs.org/docs/messages/module-not-found)
    at <unknown> (https://nextjs.org/docs/messages/module-not-found)
    at <unknown> (https://nextjs.org/docs/messages/module-not-found)
    at <unknown> (https://nextjs.org/docs/messages/module-not-found)
    at <unknown> (https://nextjs.org/docs/messages/module-not-found)
    at <unknown> (https://nextjs.org/docs/messages/module-not-found)
    at <unknown> (https://nextjs.org/docs/messages/module-not-found)
    at <unknown> (https://nextjs.org/docs/messages/module-not-found)
    at <unknown> (https://nextjs.org/docs/messages/module-not-found)
    at <unknown> (https://nextjs.org/docs/messages/module-not-found)
    at <unknown> (https://nextjs.org/docs/messages/module-not-found)
    at <unknown> (https://nextjs.org/docs/messages/module-not-found)
    at <unknown> (https://nextjs.org/docs/messages/module-not-found)
    at <unknown> (https://nextjs.org/docs/messages/module-not-found)
    at <unknown> (https://nextjs.org/docs/messages/module-not-found)
    at <unknown> (https://nextjs.org/docs/messages/module-not-found)
    at <unknown> (https://nextjs.org/docs/messages/module-not-found)
    at <unknown> (https://nextjs.org/docs/messages/module-not-found)
    at <unknown> (https://nextjs.org/docs/messages/module-not-found)
    at <unknown> (https://nextjs.org/docs/messages/module-not-found)
    at <unknown> (https://nextjs.org/docs/messages/module-not-found)
    at <unknown> (https://nextjs.org/docs/messages/module-not-found)
    at <unknown> (https://nextjs.org/docs/messages/module-not-found)
    at <unknown> (https://nextjs.org/docs/messages/module-not-found)
    at <unknown> (https://nextjs.org/docs/messages/module-not-found)
    at <unknown> (https://nextjs.org/docs/messages/module-not-found)
    at <unknown> (https://nextjs.org/docs/messages/module-not-found)
    at <unknown> (https://nextjs.org/docs/messages/module-not-found)
    at <unknown> (https://nextjs.org/docs/messages/module-not-found)
    at <unknown> (https://nextjs.org/docs/messages/module-not-found)
    at <unknown> (https://nextjs.org/docs/messages/module-not-found)
    at <unknown> (https://nextjs.org/docs/messages/module-not-found)
    at <unknown> (https://nextjs.org/docs/messages/module-not-found)
    at <unknown> (https://nextjs.org/docs/messages/module-not-found)
    at <unknown> (https://nextjs.org/docs/messages/module-not-found)
    at <unknown> (https://nextjs.org/docs/messages/module-not-found)
    at <unknown> (https://nextjs.org/docs/messages/module-not-found)
    at <unknown> (https://nextjs.org/docs/messages/module-not-found)
    at <unknown> (https://nextjs.org/docs/messages/module-not-found)
    at <unknown> (https://nextjs.org/docs/messages/module-not-found)
    at <unknown> (https://nextjs.org/docs/messages/module-not-found)
    at <unknown> (https://nextjs.org/docs/messages/module-not-found)
    at <unknown> (https://nextjs.org/docs/messages/module-not-found)
    at <unknown> (https://nextjs.org/docs/messages/module-not-found)
    at <unknown> (https://nextjs.org/docs/messages/module-not-found)
    at <unknown> (https://nextjs.org/docs/messages/module-not-found)
    at <unknown> (https://nextjs.org/docs/messages/module-not-found)
    at <unknown> (https://nextjs.org/docs/messages/module-not-found)
    at <unknown> (https://nextjs.org/docs/messages/module-not-found)
    at <unknown> (https://nextjs.org/docs/messages/module-not-found)
    at <unknown> (https://nextjs.org/docs/messages/module-not-found)
    at <unknown> (https://nextjs.org/docs/messages/module-not-found)
    at <unknown> (https://nextjs.org/docs/messages/module-not-found)
    at <unknown> (https://nextjs.org/docs/messages/module-not-found)
    at <unknown> (https://nextjs.org/docs/messages/module-not-found)
    at <unknown> (https://nextjs.org/docs/messages/module-not-found)
    at <unknown> (https://nextjs.org/docs/messages/module-not-found)
    at <unknown> (https://nextjs.org/docs/messages/module-not-found)
    at <unknown> (https://nextjs.org/docs/messages/module-not-found)
    at <unknown> (https://nextjs.org/docs/messages/module-not-found)
    at <unknown> (https://nextjs.org/docs/messages/module-not-found)
    at <unknown> (https://nextjs.org/docs/messages/module-not-found)
    at <unknown> (https://nextjs.org/docs/messages/module-not-found)
    at <unknown> (https://nextjs.org/docs/messages/module-not-found)
    at <unknown> (https://nextjs.org/docs/messages/module-not-found)
    at <unknown> (https://nextjs.org/docs/messages/module-not-found)
    at <unknown> (https://nextjs.org/docs/messages/module-not-found)
    at <unknown> (https://nextjs.org/docs/messages/module-not-found)
    at <unknown> (https://nextjs.org/docs/messages/module-not-found)
    at <unknown> (https://nextjs.org/docs/messages/module-not-found)
    at <unknown> (https://nextjs.org/docs/messages/module-not-found)
    at <unknown> (https://nextjs.org/docs/messages/module-not-found)
    at <unknown> (https://nextjs.org/docs/messages/module-not-found)
    at <unknown> (https://nextjs.org/docs/messages/module-not-found)
    at <unknown> (https://nextjs.org/docs/messages/module-not-found)
    at <unknown> (https://nextjs.org/docs/messages/module-not-found)
    at <unknown> (https://nextjs.org/docs/messages/module-not-found)
    at <unknown> (https://nextjs.org/docs/messages/module-not-found)
    at <unknown> (https://nextjs.org/docs/messages/module-not-found)
    at <unknown> (https://nextjs.org/docs/messages/module-not-found)
    at <unknown> (https://nextjs.org/docs/messages/module-not-found)
    at <unknown> (https://nextjs.org/docs/messages/module-not-found)
    at <unknown> (https://nextjs.org/docs/messages/module-not-found)
    at <unknown> (https://nextjs.org/docs/messages/module-not-found)
    at <unknown> (https://nextjs.org/docs/messages/module-not-found)
    at <unknown> (https://nextjs.org/docs/messages/module-not-found)
    at <unknown> (https://nextjs.org/docs/messages/module-not-found)
    at <unknown> (https://nextjs.org/docs/messages/module-not-found)
    at <unknown> (https://nextjs.org/docs/messages/module-not-found)
    at <unknown> (https://nextjs.org/docs/messages/module-not-found)
    at <unknown> (https://nextjs.org/docs/messages/module-not-found)
    at <unknown> (https://nextjs.org/docs/messages/module-not-found)
    at <unknown> (https://nextjs.org/docs/messages/module-not-found)
    at <unknown> (https://nextjs.org/docs/messages/module-not-found)
    at <unknown> (https://nextjs.org/docs/messages/module-not-found)
    at <unknown> (https://nextjs.org/docs/messages/module-not-found)
    at <unknown> (https://nextjs.org/docs/messages/module-not-found)
    at <unknown> (https://nextjs.org/docs/messages/module-not-found)
    at <unknown> (https://nextjs.org/docs/messages/module-not-found)
    at <unknown> (https://nextjs.org/docs/messages/module-not-found)
    at <unknown> (https://nextjs.org/docs/messages/module-not-found)
    at <unknown> (https://nextjs.org/docs/messages/module-not-found)
    at <unknown> (https://nextjs.org/docs/messages/module-not-found)
    at <unknown> (https://nextjs.org/docs/messages/module-not-found)
    at <unknown> (https://nextjs.org/docs/messages/module-not-found)
    at <unknown> (https://nextjs.org/docs/messages/module-not-found)
    at <unknown> (https://nextjs.org/docs/messages/module-not-found)
    at <unknown> (https://nextjs.org/docs/messages/module-not-found)
    at <unknown> (https://nextjs.org/docs/messages/module-not-found)
    at <unknown> (https://nextjs.org/docs/messages/module-not-found)
    at <unknown> (https://nextjs.org/docs/messages/module-not-found)
    at <unknown> (https://nextjs.org/docs/messages/module-not-found)
    at <unknown> (https://nextjs.org/docs/messages/module-not-found)
    at <unknown> (https://nextjs.org/docs/messages/module-not-found)
    at <unknown> (https://nextjs.org/docs/messages/module-not-found)
    at <unknown> (https://nextjs.org/docs/messages/module-not-found)
    at <unknown> (https://nextjs.org/docs/messages/module-not-found)
    at <unknown> (https://nextjs.org/docs/messages/module-not-found)
    at <unknown> (https://nextjs.org/docs/messages/module-not-found)
    at <unknown> (https://nextjs.org/docs/messages/module-not-found)
    at <unknown> (https://nextjs.org/docs/messages/module-not-found)
    at <unknown> (https://nextjs.org/docs/messages/module-not-found)
    at <unknown> (https://nextjs.org/docs/messages/module-not-found)
    at <unknown> (https://nextjs.org/docs/messages/module-not-found)
    at <unknown> (https://nextjs.org/docs/messages/module-not-found)
    at <unknown> (https://nextjs.org/docs/messages/module-not-found)
    at <unknown> (https://nextjs.org/docs/messages/module-not-found)
    at <unknown> (https://nextjs.org/docs/messages/module-not-found)
    at <unknown> (https://nextjs.org/docs/messages/module-not-found)
    at <unknown> (https://nextjs.org/docs/messages/module-not-found)
    at <unknown> (https://nextjs.org/docs/messages/module-not-found)
    at <unknown> (https://nextjs.org/docs/messages/module-not-found)
    at <unknown> (https://nextjs.org/docs/messages/module-not-found)
    at <unknown> (https://nextjs.org/docs/messages/module-not-found)
    at <unknown> (https://nextjs.org/docs/messages/module-not-found)
    at <unknown> (https://nextjs.org/docs/messages/module-not-found)
    at <unknown> (https://nextjs.org/docs/messages/module-not-found)
    at <unknown> (https://nextjs.org/docs/messages/module-not-found)
    at <unknown> (https://nextjs.org/docs/messages/module-not-found)
    at <unknown> (https://nextjs.org/docs/messages/module-not-found)
    at <unknown> (https://nextjs.org/docs/messages/module-not-found)
    at <unknown> (https://nextjs.org/docs/messages/module-not-found)
    at <unknown> (https://nextjs.org/docs/messages/module-not-found)
    at <unknown> (https://nextjs.org/docs/messages/module-not-found)
    at <unknown> (https://nextjs.org/docs/messages/module-not-found)
    at <unknown> (https://nextjs.org/docs/messages/module-not-found)
    at <unknown> (https://nextjs.org/docs/messages/module-not-found)
    at <unknown> (https://nextjs.org/docs/messages/module-not-found)
    at <unknown> (https://nextjs.org/docs/messages/module-not-found)
    at <unknown> (https://nextjs.org/docs/messages/module-not-found)
    at <unknown> (https://nextjs.org/docs/messages/module-not-found)
    at <unknown> (https://nextjs.org/docs/messages/module-not-found)
    at <unknown> (https://nextjs.org/docs/messages/module-not-found)
    at <unknown> (https://nextjs.org/docs/messages/module-not-found)
    at <unknown> (https://nextjs.org/docs/messages/module-not-found)
    at <unknown> (https://nextjs.org/docs/messages/module-not-found)
    at <unknown> (https://nextjs.org/docs/messages/module-not-found)
    at <unknown> (https://nextjs.org/docs/messages/module-not-found)
    at <unknown> (https://nextjs.org/docs/messages/module-not-found)
    at <unknown> (https://nextjs.org/docs/messages/module-not-found)
    at <unknown> (https://nextjs.org/docs/messages/module-not-found)
    at <unknown> (https://nextjs.org/docs/messages/module-not-found)
    at <unknown> (https://nextjs.org/docs/messages/module-not-found)
    at <unknown> (https://nextjs.org/docs/messages/module-not-found)
    at <unknown> (https://nextjs.org/docs/messages/module-not-found)
    at <unknown> (https://nextjs.org/docs/messages/module-not-found)
    at <unknown> (https://nextjs.org/docs/messages/module-not-found)
    at <unknown> (https://nextjs.org/docs/messages/module-not-found)
    at <unknown> (https://nextjs.org/docs/messages/module-not-found)
    at <unknown> (https://nextjs.org/docs/messages/module-not-found)
    at <unknown> (https://nextjs.org/docs/messages/module-not-found)
    at <unknown> (https://nextjs.org/docs/messages/module-not-found)
    at <unknown> (https://nextjs.org/docs/messages/module-not-found)
    at <unknown> (https://nextjs.org/docs/messages/module-not-found)
    at <unknown> (https://nextjs.org/docs/messages/module-not-found)
    at <unknown> (https://nextjs.org/docs/messages/module-not-found)
    at <unknown> (https://nextjs.org/docs/messages/module-not-found)
    at <unknown> (https://nextjs.org/docs/messages/module-not-found)
    at <unknown> (https://nextjs.org/docs/messages/module-not-found)
    at <unknown> (https://nextjs.org/docs/messages/module-not-found)
    at <unknown> (https://nextjs.org/docs/messages/module-not-found)
    at <unknown> (https://nextjs.org/docs/messages/module-not-found)
    at <unknown> (https://nextjs.org/docs/messages/module-not-found)
    at <unknown> (https://nextjs.org/docs/messages/module-not-found)
    at <unknown> (https://nextjs.org/docs/messages/module-not-found)
    at <unknown> (https://nextjs.org/docs/messages/module-not-found)
    at <unknown> (https://nextjs.org/docs/messages/module-not-found)
    at <unknown> (https://nextjs.org/docs/messages/module-not-found)
    at <unknown> (https://nextjs.org/docs/messages/module-not-found)
    at <unknown> (https://nextjs.org/docs/messages/module-not-found)
    at <unknown> (https://nextjs.org/docs/messages/module-not-found)
    at <unknown> (https://nextjs.org/docs/messages/module-not-found)
    at <unknown> (https://nextjs.org/docs/messages/module-not-found)
    at <unknown> (https://nextjs.org/docs/messages/module-not-found)
    at <unknown> (https://nextjs.org/docs/messages/module-not-found)
    at <unknown> (https://nextjs.org/docs/messages/module-not-found)
    at <unknown> (https://nextjs.org/docs/messages/module-not-found)
    at <unknown> (https://nextjs.org/docs/messages/module-not-found)
    at <unknown> (https://nextjs.org/docs/messages/module-not-found)
    at <unknown> (https://nextjs.org/docs/messages/module-not-found)
    at <unknown> (https://nextjs.org/docs/messages/module-not-found)
    at <unknown> (https://nextjs.org/docs/messages/module-not-found)
    at <unknown> (https://nextjs.org/docs/messages/module-not-found)
    at <unknown> (https://nextjs.org/docs/messages/module-not-found)
    at <unknown> (https://nextjs.org/docs/messages/module-not-found)
    at <unknown> (https://nextjs.org/docs/messages/module-not-found)
    at <unknown> (https://nextjs.org/docs/messages/module-not-found)
    at <unknown> (https://nextjs.org/docs/messages/module-not-found)
    at <unknown> (https://nextjs.org/docs/messages/module-not-found)
    at <unknown> (https://nextjs.org/docs/messages/module-not-found)
    at <unknown> (https://nextjs.org/docs/messages/module-not-found)
    at <unknown> (https://nextjs.org/docs/messages/module-not-found)
    at <unknown> (https://nextjs.org/docs/messages/module-not-found)
    at <unknown> (https://nextjs.org/docs/messages/module-not-found)
    at <unknown> (https://nextjs.org/docs/messages/module-not-found)
